[2023-12-29T13:00:52.231+0100][0.011s] CardTable entry size: 512
[2023-12-29T13:00:52.231+0100][0.011s] Using G1
[2023-12-29T13:00:52.334+0100][0.115s] Version: 19.0.1+10-21 (release)
[2023-12-29T13:00:52.334+0100][0.115s] CPUs: 12 total, 12 available
[2023-12-29T13:00:52.334+0100][0.115s] Memory: 16220M
[2023-12-29T13:00:52.334+0100][0.115s] Large Page Support: Disabled
[2023-12-29T13:00:52.334+0100][0.115s] NUMA Support: Disabled
[2023-12-29T13:00:52.334+0100][0.115s] Compressed Oops: Enabled (32-bit)
[2023-12-29T13:00:52.334+0100][0.115s] Heap Region Size: 1M
[2023-12-29T13:00:52.334+0100][0.115s] Heap Min Capacity: 512M
[2023-12-29T13:00:52.334+0100][0.115s] Heap Initial Capacity: 512M
[2023-12-29T13:00:52.334+0100][0.115s] Heap Max Capacity: 512M
[2023-12-29T13:00:52.334+0100][0.115s] Pre-touch: Enabled
[2023-12-29T13:00:52.334+0100][0.115s] Parallel Workers: 10
[2023-12-29T13:00:52.334+0100][0.115s] Concurrent Workers: 3
[2023-12-29T13:00:52.334+0100][0.115s] Concurrent Refinement Workers: 10
[2023-12-29T13:00:52.334+0100][0.115s] Periodic GC: Disabled
[2023-12-29T13:00:52.335+0100][0.115s] CDS archive(s) mapped at: [0x0000000800000000-0x0000000800c40000-0x0000000800c40000), size 12845056, SharedBaseAddress: 0x0000000800000000, ArchiveRelocationMode: 0.
[2023-12-29T13:00:52.335+0100][0.115s] Compressed class space mapped at: 0x0000000801000000-0x0000000841000000, reserved size: 1073741824
[2023-12-29T13:00:52.335+0100][0.116s] Narrow klass base: 0x0000000800000000, Narrow klass shift: 0, Narrow klass range: 0x100000000
[2023-12-29T13:00:52.893+0100][0.674s] GC(0) Pause Young (Normal) (G1 Evacuation Pause)
[2023-12-29T13:00:52.893+0100][0.674s] GC(0) Using 10 workers of 10 for evacuation
[2023-12-29T13:00:52.896+0100][0.677s] GC(0)   Pre Evacuate Collection Set: 0.1ms
[2023-12-29T13:00:52.896+0100][0.677s] GC(0)   Merge Heap Roots: 0.0ms
[2023-12-29T13:00:52.896+0100][0.677s] GC(0)   Evacuate Collection Set: 1.8ms
[2023-12-29T13:00:52.896+0100][0.677s] GC(0)   Post Evacuate Collection Set: 0.9ms
[2023-12-29T13:00:52.896+0100][0.677s] GC(0)   Other: 0.2ms
[2023-12-29T13:00:52.896+0100][0.677s] GC(0) Eden regions: 29->0(41)
[2023-12-29T13:00:52.896+0100][0.677s] GC(0) Survivor regions: 0->4(4)
[2023-12-29T13:00:52.896+0100][0.677s] GC(0) Old regions: 0->0
[2023-12-29T13:00:52.896+0100][0.677s] GC(0) Archive regions: 0->0
[2023-12-29T13:00:52.896+0100][0.677s] GC(0) Humongous regions: 0->0
[2023-12-29T13:00:52.896+0100][0.677s] GC(0) Metaspace: 7958K(8192K)->7958K(8192K) NonClass: 7055K(7168K)->7055K(7168K) Class: 902K(1024K)->902K(1024K)
[2023-12-29T13:00:52.896+0100][0.677s] GC(0) Pause Young (Normal) (G1 Evacuation Pause) 29M->3M(512M) 3.343ms
[2023-12-29T13:00:52.896+0100][0.677s] GC(0) User=0.00s Sys=0.00s Real=0.00s
[2023-12-29T13:01:02.473+0100][10.254s] GC(1) Pause Young (Normal) (G1 Evacuation Pause)
[2023-12-29T13:01:02.473+0100][10.254s] GC(1) Using 10 workers of 10 for evacuation
[2023-12-29T13:01:02.480+0100][10.261s] GC(1)   Pre Evacuate Collection Set: 0.1ms
[2023-12-29T13:01:02.480+0100][10.261s] GC(1)   Merge Heap Roots: 0.1ms
[2023-12-29T13:01:02.480+0100][10.261s] GC(1)   Evacuate Collection Set: 5.6ms
[2023-12-29T13:01:02.480+0100][10.261s] GC(1)   Post Evacuate Collection Set: 0.6ms
[2023-12-29T13:01:02.480+0100][10.261s] GC(1)   Other: 0.1ms
[2023-12-29T13:01:02.480+0100][10.261s] GC(1) Eden regions: 41->0(200)
[2023-12-29T13:01:02.480+0100][10.261s] GC(1) Survivor regions: 4->6(6)
[2023-12-29T13:01:02.480+0100][10.261s] GC(1) Old regions: 0->9
[2023-12-29T13:01:02.480+0100][10.261s] GC(1) Archive regions: 0->0
[2023-12-29T13:01:02.480+0100][10.261s] GC(1) Humongous regions: 4->4
[2023-12-29T13:01:02.480+0100][10.261s] GC(1) Metaspace: 18690K(19136K)->18690K(19136K) NonClass: 16599K(16832K)->16599K(16832K) Class: 2090K(2304K)->2090K(2304K)
[2023-12-29T13:01:02.480+0100][10.261s] GC(1) Pause Young (Normal) (G1 Evacuation Pause) 48M->18M(512M) 6.546ms
[2023-12-29T13:01:02.480+0100][10.261s] GC(1) User=0.00s Sys=0.00s Real=0.01s
[2023-12-29T13:01:03.155+0100][10.936s] GC(2) Pause Young (Concurrent Start) (Metadata GC Threshold)
[2023-12-29T13:01:03.155+0100][10.936s] GC(2) Using 10 workers of 10 for evacuation
[2023-12-29T13:01:03.159+0100][10.940s] GC(2)   Pre Evacuate Collection Set: 0.1ms
[2023-12-29T13:01:03.159+0100][10.940s] GC(2)   Merge Heap Roots: 0.0ms
[2023-12-29T13:01:03.159+0100][10.940s] GC(2)   Evacuate Collection Set: 2.7ms
[2023-12-29T13:01:03.159+0100][10.940s] GC(2)   Post Evacuate Collection Set: 0.4ms
[2023-12-29T13:01:03.159+0100][10.940s] GC(2)   Other: 0.1ms
[2023-12-29T13:01:03.159+0100][10.940s] GC(2) Eden regions: 97->0(212)
[2023-12-29T13:01:03.159+0100][10.940s] GC(2) Survivor regions: 6->12(26)
[2023-12-29T13:01:03.159+0100][10.940s] GC(2) Old regions: 9->9
[2023-12-29T13:01:03.159+0100][10.940s] GC(2) Archive regions: 0->0
[2023-12-29T13:01:03.159+0100][10.940s] GC(2) Humongous regions: 4->4
[2023-12-29T13:01:03.159+0100][10.940s] GC(2) Metaspace: 21079K(21504K)->21079K(21504K) NonClass: 18744K(18944K)->18744K(18944K) Class: 2334K(2560K)->2334K(2560K)
[2023-12-29T13:01:03.159+0100][10.940s] GC(2) Pause Young (Concurrent Start) (Metadata GC Threshold) 115M->23M(512M) 3.551ms
[2023-12-29T13:01:03.159+0100][10.940s] GC(2) User=0.02s Sys=0.00s Real=0.00s
[2023-12-29T13:01:03.159+0100][10.940s] GC(3) Concurrent Mark Cycle
[2023-12-29T13:01:03.159+0100][10.940s] GC(3) Concurrent Clear Claimed Marks
[2023-12-29T13:01:03.159+0100][10.940s] GC(3) Concurrent Clear Claimed Marks 0.038ms
[2023-12-29T13:01:03.159+0100][10.940s] GC(3) Concurrent Scan Root Regions
[2023-12-29T13:01:03.161+0100][10.942s] GC(3) Concurrent Scan Root Regions 1.661ms
[2023-12-29T13:01:03.161+0100][10.942s] GC(3) Concurrent Mark
[2023-12-29T13:01:03.161+0100][10.942s] GC(3) Concurrent Mark From Roots
[2023-12-29T13:01:03.161+0100][10.942s] GC(3) Using 3 workers of 3 for marking
[2023-12-29T13:01:03.167+0100][10.948s] GC(3) Concurrent Mark From Roots 6.502ms
[2023-12-29T13:01:03.167+0100][10.948s] GC(3) Concurrent Preclean
[2023-12-29T13:01:03.167+0100][10.948s] GC(3) Concurrent Preclean 0.056ms
[2023-12-29T13:01:03.167+0100][10.948s] GC(3) Pause Remark
[2023-12-29T13:01:03.168+0100][10.949s] GC(3) Pause Remark 24M->24M(512M) 1.028ms
[2023-12-29T13:01:03.168+0100][10.949s] GC(3) User=0.00s Sys=0.00s Real=0.00s
[2023-12-29T13:01:03.168+0100][10.949s] GC(3) Concurrent Mark 7.751ms
[2023-12-29T13:01:03.168+0100][10.949s] GC(3) Concurrent Rebuild Remembered Sets
[2023-12-29T13:01:03.171+0100][10.952s] GC(3) Concurrent Rebuild Remembered Sets 2.697ms
[2023-12-29T13:01:03.171+0100][10.952s] GC(3) Pause Cleanup
[2023-12-29T13:01:03.171+0100][10.952s] GC(3) Pause Cleanup 24M->24M(512M) 0.059ms
[2023-12-29T13:01:03.171+0100][10.952s] GC(3) User=0.00s Sys=0.00s Real=0.00s
[2023-12-29T13:01:03.171+0100][10.952s] GC(3) Concurrent Cleanup for Next Mark
[2023-12-29T13:01:03.172+0100][10.953s] GC(3) Concurrent Cleanup for Next Mark 0.738ms
[2023-12-29T13:01:03.172+0100][10.953s] GC(3) Concurrent Mark Cycle 13.204ms
[2023-12-29T13:01:03.382+0100][11.163s] GC(4) Pause Young (Concurrent Start) (CodeCache GC Threshold)
[2023-12-29T13:01:03.382+0100][11.163s] GC(4) Using 10 workers of 10 for evacuation
[2023-12-29T13:01:03.386+0100][11.166s] GC(4)   Pre Evacuate Collection Set: 0.2ms
[2023-12-29T13:01:03.386+0100][11.166s] GC(4)   Merge Heap Roots: 0.1ms
[2023-12-29T13:01:03.386+0100][11.166s] GC(4)   Evacuate Collection Set: 2.9ms
[2023-12-29T13:01:03.386+0100][11.166s] GC(4)   Post Evacuate Collection Set: 0.4ms
[2023-12-29T13:01:03.386+0100][11.166s] GC(4)   Other: 0.1ms
[2023-12-29T13:01:03.386+0100][11.166s] GC(4) Eden regions: 27->0(294)
[2023-12-29T13:01:03.386+0100][11.166s] GC(4) Survivor regions: 12->13(28)
[2023-12-29T13:01:03.386+0100][11.166s] GC(4) Old regions: 9->9
[2023-12-29T13:01:03.386+0100][11.166s] GC(4) Archive regions: 0->0
[2023-12-29T13:01:03.386+0100][11.166s] GC(4) Humongous regions: 5->4
[2023-12-29T13:01:03.386+0100][11.166s] GC(4) Metaspace: 24030K(24448K)->24030K(24448K) NonClass: 21276K(21504K)->21276K(21504K) Class: 2754K(2944K)->2754K(2944K)
[2023-12-29T13:01:03.386+0100][11.167s] GC(4) Pause Young (Concurrent Start) (CodeCache GC Threshold) 50M->25M(512M) 3.986ms
[2023-12-29T13:01:03.386+0100][11.167s] GC(4) User=0.00s Sys=0.00s Real=0.00s
[2023-12-29T13:01:03.386+0100][11.167s] GC(5) Concurrent Mark Cycle
[2023-12-29T13:01:03.386+0100][11.167s] GC(5) Concurrent Clear Claimed Marks
[2023-12-29T13:01:03.386+0100][11.167s] GC(5) Concurrent Clear Claimed Marks 0.051ms
[2023-12-29T13:01:03.386+0100][11.167s] GC(5) Concurrent Scan Root Regions
[2023-12-29T13:01:03.388+0100][11.169s] GC(5) Concurrent Scan Root Regions 1.800ms
[2023-12-29T13:01:03.388+0100][11.169s] GC(5) Concurrent Mark
[2023-12-29T13:01:03.388+0100][11.169s] GC(5) Concurrent Mark From Roots
[2023-12-29T13:01:03.388+0100][11.169s] GC(5) Using 3 workers of 3 for marking
[2023-12-29T13:01:03.393+0100][11.174s] GC(5) Concurrent Mark From Roots 5.216ms
[2023-12-29T13:01:03.393+0100][11.174s] GC(5) Concurrent Preclean
[2023-12-29T13:01:03.393+0100][11.174s] GC(5) Concurrent Preclean 0.034ms
[2023-12-29T13:01:03.393+0100][11.174s] GC(5) Pause Remark
[2023-12-29T13:01:03.394+0100][11.175s] GC(5) Pause Remark 27M->27M(512M) 0.965ms
[2023-12-29T13:01:03.394+0100][11.175s] GC(5) User=0.00s Sys=0.00s Real=0.00s
[2023-12-29T13:01:03.394+0100][11.175s] GC(5) Concurrent Mark 6.489ms
[2023-12-29T13:01:03.394+0100][11.175s] GC(5) Concurrent Rebuild Remembered Sets
[2023-12-29T13:01:03.397+0100][11.177s] GC(5) Concurrent Rebuild Remembered Sets 2.261ms
[2023-12-29T13:01:03.397+0100][11.178s] GC(5) Pause Cleanup
[2023-12-29T13:01:03.397+0100][11.178s] GC(5) Pause Cleanup 27M->27M(512M) 0.099ms
[2023-12-29T13:01:03.397+0100][11.178s] GC(5) User=0.00s Sys=0.00s Real=0.00s
[2023-12-29T13:01:03.397+0100][11.178s] GC(5) Concurrent Cleanup for Next Mark
[2023-12-29T13:01:03.398+0100][11.178s] GC(5) Concurrent Cleanup for Next Mark 0.729ms
[2023-12-29T13:01:03.398+0100][11.178s] GC(5) Concurrent Mark Cycle 11.821ms
[2023-12-29T13:01:40.716+0100][48.497s] GC(6) Pause Young (Concurrent Start) (Metadata GC Threshold)
[2023-12-29T13:01:40.716+0100][48.497s] GC(6) Using 10 workers of 10 for evacuation
[2023-12-29T13:01:40.724+0100][48.504s] GC(6)   Pre Evacuate Collection Set: 0.1ms
[2023-12-29T13:01:40.724+0100][48.504s] GC(6)   Merge Heap Roots: 0.1ms
[2023-12-29T13:01:40.724+0100][48.504s] GC(6)   Evacuate Collection Set: 6.0ms
[2023-12-29T13:01:40.724+0100][48.504s] GC(6)   Post Evacuate Collection Set: 0.9ms
[2023-12-29T13:01:40.724+0100][48.504s] GC(6)   Other: 0.2ms
[2023-12-29T13:01:40.724+0100][48.504s] GC(6) Eden regions: 115->0(288)
[2023-12-29T13:01:40.724+0100][48.504s] GC(6) Survivor regions: 13->19(39)
[2023-12-29T13:01:40.724+0100][48.504s] GC(6) Old regions: 9->9
[2023-12-29T13:01:40.724+0100][48.504s] GC(6) Archive regions: 0->0
[2023-12-29T13:01:40.724+0100][48.504s] GC(6) Humongous regions: 4->4
[2023-12-29T13:01:40.724+0100][48.504s] GC(6) Metaspace: 40273K(40768K)->40273K(40768K) NonClass: 35612K(35840K)->35612K(35840K) Class: 4660K(4928K)->4660K(4928K)
[2023-12-29T13:01:40.724+0100][48.504s] GC(6) Pause Young (Concurrent Start) (Metadata GC Threshold) 140M->30M(512M) 7.531ms
[2023-12-29T13:01:40.724+0100][48.504s] GC(7) Concurrent Mark Cycle
[2023-12-29T13:01:40.724+0100][48.504s] GC(6) User=0.17s Sys=0.00s Real=0.01s
[2023-12-29T13:01:40.724+0100][48.504s] GC(7) Concurrent Clear Claimed Marks
[2023-12-29T13:01:40.724+0100][48.504s] GC(7) Concurrent Clear Claimed Marks 0.124ms
[2023-12-29T13:01:40.724+0100][48.504s] GC(7) Concurrent Scan Root Regions
[2023-12-29T13:01:40.727+0100][48.508s] GC(7) Concurrent Scan Root Regions 3.139ms
[2023-12-29T13:01:40.727+0100][48.508s] GC(7) Concurrent Mark
[2023-12-29T13:01:40.727+0100][48.508s] GC(7) Concurrent Mark From Roots
[2023-12-29T13:01:40.727+0100][48.508s] GC(7) Using 3 workers of 3 for marking
[2023-12-29T13:01:40.732+0100][48.513s] GC(7) Concurrent Mark From Roots 5.148ms
[2023-12-29T13:01:40.732+0100][48.513s] GC(7) Concurrent Preclean
[2023-12-29T13:01:40.732+0100][48.513s] GC(7) Concurrent Preclean 0.046ms
[2023-12-29T13:01:40.732+0100][48.513s] GC(7) Pause Remark
[2023-12-29T13:01:40.734+0100][48.515s] GC(7) Pause Remark 31M->31M(512M) 1.661ms
[2023-12-29T13:01:40.734+0100][48.515s] GC(7) User=0.17s Sys=0.02s Real=0.00s
[2023-12-29T13:01:40.734+0100][48.515s] GC(7) Concurrent Mark 7.164ms
[2023-12-29T13:01:40.734+0100][48.515s] GC(7) Concurrent Rebuild Remembered Sets
[2023-12-29T13:01:40.737+0100][48.518s] GC(7) Concurrent Rebuild Remembered Sets 2.701ms
[2023-12-29T13:01:40.737+0100][48.518s] GC(7) Pause Cleanup
[2023-12-29T13:01:40.737+0100][48.518s] GC(7) Pause Cleanup 33M->33M(512M) 0.109ms
[2023-12-29T13:01:40.737+0100][48.518s] GC(7) User=0.00s Sys=0.00s Real=0.00s
[2023-12-29T13:01:40.737+0100][48.518s] GC(7) Concurrent Cleanup for Next Mark
[2023-12-29T13:01:40.739+0100][48.519s] GC(7) Concurrent Cleanup for Next Mark 1.213ms
[2023-12-29T13:01:40.739+0100][48.519s] GC(7) Concurrent Mark Cycle 14.858ms
[2023-12-29T13:01:41.051+0100][48.832s] GC(8) Pause Young (Concurrent Start) (CodeCache GC Threshold)
[2023-12-29T13:01:41.051+0100][48.832s] GC(8) Using 10 workers of 10 for evacuation
[2023-12-29T13:01:41.058+0100][48.839s] GC(8)   Pre Evacuate Collection Set: 0.1ms
[2023-12-29T13:01:41.058+0100][48.839s] GC(8)   Merge Heap Roots: 0.0ms
[2023-12-29T13:01:41.058+0100][48.839s] GC(8)   Evacuate Collection Set: 6.0ms
[2023-12-29T13:01:41.058+0100][48.839s] GC(8)   Post Evacuate Collection Set: 0.5ms
[2023-12-29T13:01:41.058+0100][48.839s] GC(8)   Other: 0.1ms
[2023-12-29T13:01:41.058+0100][48.839s] GC(8) Eden regions: 54->0(284)
[2023-12-29T13:01:41.058+0100][48.839s] GC(8) Survivor regions: 19->23(39)
[2023-12-29T13:01:41.058+0100][48.839s] GC(8) Old regions: 9->9
[2023-12-29T13:01:41.058+0100][48.839s] GC(8) Archive regions: 0->0
[2023-12-29T13:01:41.058+0100][48.839s] GC(8) Humongous regions: 4->4
[2023-12-29T13:01:41.058+0100][48.839s] GC(8) Metaspace: 45767K(46272K)->45767K(46272K) NonClass: 40386K(40640K)->40386K(40640K) Class: 5380K(5632K)->5380K(5632K)
[2023-12-29T13:01:41.058+0100][48.839s] GC(8) Pause Young (Concurrent Start) (CodeCache GC Threshold) 84M->34M(512M) 6.876ms
[2023-12-29T13:01:41.058+0100][48.839s] GC(9) Concurrent Mark Cycle
[2023-12-29T13:01:41.058+0100][48.839s] GC(8) User=0.00s Sys=0.00s Real=0.01s
[2023-12-29T13:01:41.058+0100][48.839s] GC(9) Concurrent Clear Claimed Marks
[2023-12-29T13:01:41.058+0100][48.839s] GC(9) Concurrent Clear Claimed Marks 0.062ms
[2023-12-29T13:01:41.058+0100][48.839s] GC(9) Concurrent Scan Root Regions
[2023-12-29T13:01:41.062+0100][48.842s] GC(9) Concurrent Scan Root Regions 3.362ms
[2023-12-29T13:01:41.062+0100][48.842s] GC(9) Concurrent Mark
[2023-12-29T13:01:41.062+0100][48.842s] GC(9) Concurrent Mark From Roots
[2023-12-29T13:01:41.062+0100][48.842s] GC(9) Using 3 workers of 3 for marking
[2023-12-29T13:01:41.066+0100][48.847s] GC(9) Concurrent Mark From Roots 4.665ms
[2023-12-29T13:01:41.066+0100][48.847s] GC(9) Concurrent Preclean
[2023-12-29T13:01:41.066+0100][48.847s] GC(9) Concurrent Preclean 0.035ms
[2023-12-29T13:01:41.067+0100][48.847s] GC(9) Pause Remark
[2023-12-29T13:01:41.068+0100][48.848s] GC(9) Pause Remark 36M->36M(512M) 0.995ms
[2023-12-29T13:01:41.068+0100][48.848s] GC(9) User=0.00s Sys=0.00s Real=0.00s
[2023-12-29T13:01:41.068+0100][48.848s] GC(9) Concurrent Mark 5.895ms
[2023-12-29T13:01:41.068+0100][48.848s] GC(9) Concurrent Rebuild Remembered Sets
[2023-12-29T13:01:41.070+0100][48.851s] GC(9) Concurrent Rebuild Remembered Sets 2.523ms
[2023-12-29T13:01:41.070+0100][48.851s] GC(9) Pause Cleanup
[2023-12-29T13:01:41.070+0100][48.851s] GC(9) Pause Cleanup 36M->36M(512M) 0.049ms
[2023-12-29T13:01:41.070+0100][48.851s] GC(9) User=0.00s Sys=0.00s Real=0.00s
[2023-12-29T13:01:41.070+0100][48.851s] GC(9) Concurrent Cleanup for Next Mark
[2023-12-29T13:01:41.071+0100][48.852s] GC(9) Concurrent Cleanup for Next Mark 0.684ms
[2023-12-29T13:01:41.071+0100][48.852s] GC(9) Concurrent Mark Cycle 12.762ms
[2023-12-29T13:01:41.139+0100][48.919s] GC(10) Pause Young (Concurrent Start) (CodeCache GC Threshold)
[2023-12-29T13:01:41.139+0100][48.919s] GC(10) Using 10 workers of 10 for evacuation
[2023-12-29T13:01:41.146+0100][48.926s] GC(10)   Pre Evacuate Collection Set: 0.1ms
[2023-12-29T13:01:41.146+0100][48.926s] GC(10)   Merge Heap Roots: 0.1ms
[2023-12-29T13:01:41.146+0100][48.926s] GC(10)   Evacuate Collection Set: 5.7ms
[2023-12-29T13:01:41.146+0100][48.926s] GC(10)   Post Evacuate Collection Set: 0.6ms
[2023-12-29T13:01:41.146+0100][48.926s] GC(10)   Other: 0.1ms
[2023-12-29T13:01:41.146+0100][48.926s] GC(10) Eden regions: 9->0(290)
[2023-12-29T13:01:41.146+0100][48.926s] GC(10) Survivor regions: 23->17(39)
[2023-12-29T13:01:41.146+0100][48.926s] GC(10) Old regions: 9->15
[2023-12-29T13:01:41.146+0100][48.926s] GC(10) Archive regions: 0->0
[2023-12-29T13:01:41.146+0100][48.926s] GC(10) Humongous regions: 4->4
[2023-12-29T13:01:41.146+0100][48.926s] GC(10) Metaspace: 46941K(47424K)->46941K(47424K) NonClass: 41365K(41600K)->41365K(41600K) Class: 5575K(5824K)->5575K(5824K)
[2023-12-29T13:01:41.146+0100][48.926s] GC(10) Pause Young (Concurrent Start) (CodeCache GC Threshold) 43M->34M(512M) 6.828ms
[2023-12-29T13:01:41.146+0100][48.926s] GC(11) Concurrent Mark Cycle
[2023-12-29T13:01:41.146+0100][48.926s] GC(10) User=0.16s Sys=0.00s Real=0.01s
[2023-12-29T13:01:41.146+0100][48.926s] GC(11) Concurrent Clear Claimed Marks
[2023-12-29T13:01:41.146+0100][48.926s] GC(11) Concurrent Clear Claimed Marks 0.044ms
[2023-12-29T13:01:41.146+0100][48.926s] GC(11) Concurrent Scan Root Regions
[2023-12-29T13:01:41.149+0100][48.929s] GC(11) Concurrent Scan Root Regions 3.188ms
[2023-12-29T13:01:41.149+0100][48.929s] GC(11) Concurrent Mark
[2023-12-29T13:01:41.149+0100][48.929s] GC(11) Concurrent Mark From Roots
[2023-12-29T13:01:41.149+0100][48.929s] GC(11) Using 3 workers of 3 for marking
[2023-12-29T13:01:41.154+0100][48.934s] GC(11) Concurrent Mark From Roots 4.572ms
[2023-12-29T13:01:41.154+0100][48.934s] GC(11) Concurrent Preclean
[2023-12-29T13:01:41.154+0100][48.934s] GC(11) Concurrent Preclean 0.039ms
[2023-12-29T13:01:41.154+0100][48.934s] GC(11) Pause Remark
[2023-12-29T13:01:41.155+0100][48.935s] GC(11) Pause Remark 35M->35M(512M) 1.212ms
[2023-12-29T13:01:41.155+0100][48.935s] GC(11) User=0.00s Sys=0.00s Real=0.00s
[2023-12-29T13:01:41.155+0100][48.935s] GC(11) Concurrent Mark 6.020ms
[2023-12-29T13:01:41.155+0100][48.935s] GC(11) Concurrent Rebuild Remembered Sets
[2023-12-29T13:01:41.159+0100][48.939s] GC(11) Concurrent Rebuild Remembered Sets 3.474ms
[2023-12-29T13:01:41.159+0100][48.939s] GC(11) Pause Cleanup
[2023-12-29T13:01:41.159+0100][48.939s] GC(11) Pause Cleanup 36M->36M(512M) 0.091ms
[2023-12-29T13:01:41.159+0100][48.939s] GC(11) User=0.00s Sys=0.00s Real=0.00s
[2023-12-29T13:01:41.159+0100][48.939s] GC(11) Concurrent Cleanup for Next Mark
[2023-12-29T13:01:41.160+0100][48.940s] GC(11) Concurrent Cleanup for Next Mark 0.671ms
[2023-12-29T13:01:41.160+0100][48.940s] GC(11) Concurrent Mark Cycle 13.720ms
[2023-12-29T13:03:16.342+0100][144.123s] Heap
[2023-12-29T13:03:16.342+0100][144.123s]  garbage-first heap   total 524288K, used 188365K [0x00000000e0000000, 0x0000000100000000)
[2023-12-29T13:03:16.342+0100][144.123s]   region size 1024K, 167 young (171008K), 17 survivors (17408K)
[2023-12-29T13:03:16.342+0100][144.123s]  Metaspace       used 57071K, committed 57728K, reserved 1114112K
[2023-12-29T13:03:16.342+0100][144.123s]   class space    used 6852K, committed 7168K, reserved 1048576K
