[2023-12-26T13:23:51.681+0100][0.010s] CardTable entry size: 512
[2023-12-26T13:23:51.682+0100][0.011s] Using G1
[2023-12-26T13:23:51.813+0100][0.142s] Version: 19.0.1+10-21 (release)
[2023-12-26T13:23:51.813+0100][0.142s] CPUs: 12 total, 12 available
[2023-12-26T13:23:51.813+0100][0.142s] Memory: 16220M
[2023-12-26T13:23:51.813+0100][0.142s] Large Page Support: Disabled
[2023-12-26T13:23:51.813+0100][0.142s] NUMA Support: Disabled
[2023-12-26T13:23:51.813+0100][0.142s] Compressed Oops: Enabled (32-bit)
[2023-12-26T13:23:51.813+0100][0.142s] Heap Region Size: 1M
[2023-12-26T13:23:51.813+0100][0.142s] Heap Min Capacity: 512M
[2023-12-26T13:23:51.813+0100][0.142s] Heap Initial Capacity: 512M
[2023-12-26T13:23:51.813+0100][0.142s] Heap Max Capacity: 512M
[2023-12-26T13:23:51.813+0100][0.143s] Pre-touch: Enabled
[2023-12-26T13:23:51.813+0100][0.143s] Parallel Workers: 10
[2023-12-26T13:23:51.813+0100][0.143s] Concurrent Workers: 3
[2023-12-26T13:23:51.813+0100][0.143s] Concurrent Refinement Workers: 10
[2023-12-26T13:23:51.813+0100][0.143s] Periodic GC: Disabled
[2023-12-26T13:23:51.814+0100][0.144s] CDS archive(s) mapped at: [0x0000000800000000-0x0000000800c40000-0x0000000800c40000), size 12845056, SharedBaseAddress: 0x0000000800000000, ArchiveRelocationMode: 0.
[2023-12-26T13:23:51.814+0100][0.144s] Compressed class space mapped at: 0x0000000801000000-0x0000000841000000, reserved size: 1073741824
[2023-12-26T13:23:51.815+0100][0.144s] Narrow klass base: 0x0000000800000000, Narrow klass shift: 0, Narrow klass range: 0x100000000
[2023-12-26T13:23:52.419+0100][0.748s] GC(0) Pause Young (Normal) (G1 Evacuation Pause)
[2023-12-26T13:23:52.419+0100][0.748s] GC(0) Using 10 workers of 10 for evacuation
[2023-12-26T13:23:52.422+0100][0.751s] GC(0)   Pre Evacuate Collection Set: 0.1ms
[2023-12-26T13:23:52.422+0100][0.751s] GC(0)   Merge Heap Roots: 0.1ms
[2023-12-26T13:23:52.422+0100][0.751s] GC(0)   Evacuate Collection Set: 2.0ms
[2023-12-26T13:23:52.422+0100][0.751s] GC(0)   Post Evacuate Collection Set: 0.5ms
[2023-12-26T13:23:52.422+0100][0.751s] GC(0)   Other: 0.3ms
[2023-12-26T13:23:52.422+0100][0.751s] GC(0) Eden regions: 29->0(43)
[2023-12-26T13:23:52.422+0100][0.751s] GC(0) Survivor regions: 0->4(4)
[2023-12-26T13:23:52.422+0100][0.751s] GC(0) Old regions: 0->0
[2023-12-26T13:23:52.422+0100][0.751s] GC(0) Archive regions: 0->0
[2023-12-26T13:23:52.422+0100][0.751s] GC(0) Humongous regions: 0->0
[2023-12-26T13:23:52.422+0100][0.751s] GC(0) Metaspace: 6530K(6784K)->6530K(6784K) NonClass: 5803K(5952K)->5803K(5952K) Class: 727K(832K)->727K(832K)
[2023-12-26T13:23:52.422+0100][0.751s] GC(0) Pause Young (Normal) (G1 Evacuation Pause) 29M->3M(512M) 3.178ms
[2023-12-26T13:23:52.422+0100][0.751s] GC(0) User=0.00s Sys=0.00s Real=0.00s
[2023-12-26T13:24:02.175+0100][10.504s] GC(1) Pause Young (Normal) (G1 Evacuation Pause)
[2023-12-26T13:24:02.175+0100][10.504s] GC(1) Using 10 workers of 10 for evacuation
[2023-12-26T13:24:02.182+0100][10.512s] GC(1)   Pre Evacuate Collection Set: 0.1ms
[2023-12-26T13:24:02.182+0100][10.512s] GC(1)   Merge Heap Roots: 0.1ms
[2023-12-26T13:24:02.182+0100][10.512s] GC(1)   Evacuate Collection Set: 6.7ms
[2023-12-26T13:24:02.182+0100][10.512s] GC(1)   Post Evacuate Collection Set: 0.8ms
[2023-12-26T13:24:02.182+0100][10.512s] GC(1)   Other: 0.1ms
[2023-12-26T13:24:02.182+0100][10.512s] GC(1) Eden regions: 43->0(215)
[2023-12-26T13:24:02.182+0100][10.512s] GC(1) Survivor regions: 4->6(6)
[2023-12-26T13:24:02.182+0100][10.512s] GC(1) Old regions: 0->8
[2023-12-26T13:24:02.182+0100][10.512s] GC(1) Archive regions: 0->0
[2023-12-26T13:24:02.182+0100][10.512s] GC(1) Humongous regions: 4->4
[2023-12-26T13:24:02.182+0100][10.512s] GC(1) Metaspace: 18153K(18560K)->18153K(18560K) NonClass: 16125K(16320K)->16125K(16320K) Class: 2027K(2240K)->2027K(2240K)
[2023-12-26T13:24:02.182+0100][10.512s] GC(1) Pause Young (Normal) (G1 Evacuation Pause) 50M->17M(512M) 8.027ms
[2023-12-26T13:24:02.182+0100][10.512s] GC(1) User=0.17s Sys=0.00s Real=0.01s
[2023-12-26T13:24:02.848+0100][11.177s] GC(2) Pause Young (Normal) (G1 Evacuation Pause)
[2023-12-26T13:24:02.848+0100][11.177s] GC(2) Using 10 workers of 10 for evacuation
[2023-12-26T13:24:02.852+0100][11.181s] GC(2)   Pre Evacuate Collection Set: 0.1ms
[2023-12-26T13:24:02.852+0100][11.181s] GC(2)   Merge Heap Roots: 0.1ms
[2023-12-26T13:24:02.852+0100][11.181s] GC(2)   Evacuate Collection Set: 3.3ms
[2023-12-26T13:24:02.852+0100][11.181s] GC(2)   Post Evacuate Collection Set: 0.5ms
[2023-12-26T13:24:02.852+0100][11.181s] GC(2)   Other: 0.1ms
[2023-12-26T13:24:02.852+0100][11.181s] GC(2) Eden regions: 215->0(296)
[2023-12-26T13:24:02.852+0100][11.181s] GC(2) Survivor regions: 6->11(28)
[2023-12-26T13:24:02.852+0100][11.181s] GC(2) Old regions: 8->8
[2023-12-26T13:24:02.852+0100][11.181s] GC(2) Archive regions: 0->0
[2023-12-26T13:24:02.852+0100][11.181s] GC(2) Humongous regions: 4->4
[2023-12-26T13:24:02.852+0100][11.181s] GC(2) Metaspace: 19503K(19904K)->19503K(19904K) NonClass: 17327K(17536K)->17327K(17536K) Class: 2175K(2368K)->2175K(2368K)
[2023-12-26T13:24:02.852+0100][11.181s] GC(2) Pause Young (Normal) (G1 Evacuation Pause) 232M->22M(512M) 4.399ms
[2023-12-26T13:24:02.852+0100][11.181s] GC(2) User=0.16s Sys=0.00s Real=0.00s
[2023-12-26T13:24:03.000+0100][11.330s] GC(3) Pause Young (Concurrent Start) (Metadata GC Threshold)
[2023-12-26T13:24:03.000+0100][11.330s] GC(3) Using 10 workers of 10 for evacuation
[2023-12-26T13:24:03.005+0100][11.335s] GC(3)   Pre Evacuate Collection Set: 0.1ms
[2023-12-26T13:24:03.005+0100][11.335s] GC(3)   Merge Heap Roots: 0.1ms
[2023-12-26T13:24:03.006+0100][11.335s] GC(3)   Evacuate Collection Set: 4.4ms
[2023-12-26T13:24:03.006+0100][11.335s] GC(3)   Post Evacuate Collection Set: 0.6ms
[2023-12-26T13:24:03.006+0100][11.335s] GC(3)   Other: 0.1ms
[2023-12-26T13:24:03.006+0100][11.335s] GC(3) Eden regions: 12->0(295)
[2023-12-26T13:24:03.006+0100][11.335s] GC(3) Survivor regions: 11->12(39)
[2023-12-26T13:24:03.006+0100][11.335s] GC(3) Old regions: 8->8
[2023-12-26T13:24:03.006+0100][11.335s] GC(3) Archive regions: 0->0
[2023-12-26T13:24:03.006+0100][11.335s] GC(3) Humongous regions: 4->4
[2023-12-26T13:24:03.006+0100][11.335s] GC(3) Metaspace: 21077K(21504K)->21077K(21504K) NonClass: 18742K(18944K)->18742K(18944K) Class: 2334K(2560K)->2334K(2560K)
[2023-12-26T13:24:03.006+0100][11.335s] GC(3) Pause Young (Concurrent Start) (Metadata GC Threshold) 34M->23M(512M) 5.632ms
[2023-12-26T13:24:03.006+0100][11.335s] GC(3) User=0.02s Sys=0.02s Real=0.01s
[2023-12-26T13:24:03.006+0100][11.335s] GC(4) Concurrent Mark Cycle
[2023-12-26T13:24:03.006+0100][11.335s] GC(4) Concurrent Clear Claimed Marks
[2023-12-26T13:24:03.006+0100][11.335s] GC(4) Concurrent Clear Claimed Marks 0.040ms
[2023-12-26T13:24:03.006+0100][11.335s] GC(4) Concurrent Scan Root Regions
[2023-12-26T13:24:03.008+0100][11.337s] GC(4) Concurrent Scan Root Regions 1.853ms
[2023-12-26T13:24:03.008+0100][11.337s] GC(4) Concurrent Mark
[2023-12-26T13:24:03.008+0100][11.337s] GC(4) Concurrent Mark From Roots
[2023-12-26T13:24:03.008+0100][11.337s] GC(4) Using 3 workers of 3 for marking
[2023-12-26T13:24:03.013+0100][11.343s] GC(4) Concurrent Mark From Roots 5.466ms
[2023-12-26T13:24:03.013+0100][11.343s] GC(4) Concurrent Preclean
[2023-12-26T13:24:03.013+0100][11.343s] GC(4) Concurrent Preclean 0.037ms
[2023-12-26T13:24:03.013+0100][11.343s] GC(4) Pause Remark
[2023-12-26T13:24:03.015+0100][11.344s] GC(4) Pause Remark 24M->24M(512M) 1.311ms
[2023-12-26T13:24:03.015+0100][11.344s] GC(4) User=0.00s Sys=0.00s Real=0.00s
[2023-12-26T13:24:03.015+0100][11.345s] GC(4) Concurrent Mark 7.180ms
[2023-12-26T13:24:03.015+0100][11.345s] GC(4) Concurrent Rebuild Remembered Sets
[2023-12-26T13:24:03.018+0100][11.347s] GC(4) Concurrent Rebuild Remembered Sets 2.641ms
[2023-12-26T13:24:03.018+0100][11.347s] GC(4) Pause Cleanup
[2023-12-26T13:24:03.018+0100][11.348s] GC(4) Pause Cleanup 24M->24M(512M) 0.194ms
[2023-12-26T13:24:03.018+0100][11.348s] GC(4) User=0.00s Sys=0.00s Real=0.00s
[2023-12-26T13:24:03.018+0100][11.348s] GC(4) Concurrent Cleanup for Next Mark
[2023-12-26T13:24:03.019+0100][11.348s] GC(4) Concurrent Cleanup for Next Mark 0.837ms
[2023-12-26T13:24:03.019+0100][11.349s] GC(4) Concurrent Mark Cycle 13.193ms
[2023-12-26T13:24:03.252+0100][11.581s] GC(5) Pause Young (Concurrent Start) (CodeCache GC Threshold)
[2023-12-26T13:24:03.252+0100][11.581s] GC(5) Using 10 workers of 10 for evacuation
[2023-12-26T13:24:03.257+0100][11.586s] GC(5)   Pre Evacuate Collection Set: 0.1ms
[2023-12-26T13:24:03.257+0100][11.586s] GC(5)   Merge Heap Roots: 0.1ms
[2023-12-26T13:24:03.257+0100][11.586s] GC(5)   Evacuate Collection Set: 4.8ms
[2023-12-26T13:24:03.257+0100][11.586s] GC(5)   Post Evacuate Collection Set: 0.5ms
[2023-12-26T13:24:03.257+0100][11.586s] GC(5)   Other: 0.2ms
[2023-12-26T13:24:03.257+0100][11.586s] GC(5) Eden regions: 43->0(293)
[2023-12-26T13:24:03.257+0100][11.586s] GC(5) Survivor regions: 12->14(39)
[2023-12-26T13:24:03.257+0100][11.586s] GC(5) Old regions: 8->8
[2023-12-26T13:24:03.257+0100][11.586s] GC(5) Archive regions: 0->0
[2023-12-26T13:24:03.257+0100][11.586s] GC(5) Humongous regions: 5->4
[2023-12-26T13:24:03.257+0100][11.586s] GC(5) Metaspace: 24020K(24448K)->24020K(24448K) NonClass: 21264K(21504K)->21264K(21504K) Class: 2755K(2944K)->2755K(2944K)
[2023-12-26T13:24:03.257+0100][11.587s] GC(5) Pause Young (Concurrent Start) (CodeCache GC Threshold) 66M->25M(512M) 5.907ms
[2023-12-26T13:24:03.257+0100][11.587s] GC(5) User=0.16s Sys=0.00s Real=0.00s
[2023-12-26T13:24:03.257+0100][11.587s] GC(6) Concurrent Mark Cycle
[2023-12-26T13:24:03.257+0100][11.587s] GC(6) Concurrent Clear Claimed Marks
[2023-12-26T13:24:03.257+0100][11.587s] GC(6) Concurrent Clear Claimed Marks 0.039ms
[2023-12-26T13:24:03.257+0100][11.587s] GC(6) Concurrent Scan Root Regions
[2023-12-26T13:24:03.259+0100][11.588s] GC(6) Concurrent Scan Root Regions 1.799ms
[2023-12-26T13:24:03.259+0100][11.588s] GC(6) Concurrent Mark
[2023-12-26T13:24:03.259+0100][11.588s] GC(6) Concurrent Mark From Roots
[2023-12-26T13:24:03.259+0100][11.589s] GC(6) Using 3 workers of 3 for marking
[2023-12-26T13:24:03.264+0100][11.593s] GC(6) Concurrent Mark From Roots 4.865ms
[2023-12-26T13:24:03.264+0100][11.593s] GC(6) Concurrent Preclean
[2023-12-26T13:24:03.264+0100][11.593s] GC(6) Concurrent Preclean 0.040ms
[2023-12-26T13:24:03.270+0100][11.600s] GC(6) Pause Remark
[2023-12-26T13:24:03.272+0100][11.601s] GC(6) Pause Remark 26M->26M(512M) 1.490ms
[2023-12-26T13:24:03.272+0100][11.601s] GC(6) User=0.16s Sys=0.00s Real=0.00s
[2023-12-26T13:24:03.272+0100][11.601s] GC(6) Concurrent Mark 12.645ms
[2023-12-26T13:24:03.272+0100][11.601s] GC(6) Concurrent Rebuild Remembered Sets
[2023-12-26T13:24:03.274+0100][11.604s] GC(6) Concurrent Rebuild Remembered Sets 2.431ms
[2023-12-26T13:24:03.274+0100][11.604s] GC(6) Pause Cleanup
[2023-12-26T13:24:03.274+0100][11.604s] GC(6) Pause Cleanup 27M->27M(512M) 0.103ms
[2023-12-26T13:24:03.274+0100][11.604s] GC(6) User=0.00s Sys=0.00s Real=0.00s
[2023-12-26T13:24:03.274+0100][11.604s] GC(6) Concurrent Cleanup for Next Mark
[2023-12-26T13:24:03.275+0100][11.605s] GC(6) Concurrent Cleanup for Next Mark 0.647ms
[2023-12-26T13:24:03.275+0100][11.605s] GC(6) Concurrent Mark Cycle 18.041ms
[2023-12-26T13:24:40.976+0100][49.305s] GC(7) Pause Young (Concurrent Start) (Metadata GC Threshold)
[2023-12-26T13:24:40.976+0100][49.305s] GC(7) Using 10 workers of 10 for evacuation
[2023-12-26T13:24:40.984+0100][49.314s] GC(7)   Pre Evacuate Collection Set: 0.1ms
[2023-12-26T13:24:40.984+0100][49.314s] GC(7)   Merge Heap Roots: 0.1ms
[2023-12-26T13:24:40.984+0100][49.314s] GC(7)   Evacuate Collection Set: 7.5ms
[2023-12-26T13:24:40.984+0100][49.314s] GC(7)   Post Evacuate Collection Set: 0.7ms
[2023-12-26T13:24:40.984+0100][49.314s] GC(7)   Other: 0.1ms
[2023-12-26T13:24:40.984+0100][49.314s] GC(7) Eden regions: 140->0(286)
[2023-12-26T13:24:40.984+0100][49.314s] GC(7) Survivor regions: 14->21(39)
[2023-12-26T13:24:40.984+0100][49.314s] GC(7) Old regions: 8->8
[2023-12-26T13:24:40.984+0100][49.314s] GC(7) Archive regions: 0->0
[2023-12-26T13:24:40.984+0100][49.314s] GC(7) Humongous regions: 4->4
[2023-12-26T13:24:40.984+0100][49.314s] GC(7) Metaspace: 40402K(40896K)->40402K(40896K) NonClass: 35729K(35968K)->35729K(35968K) Class: 4673K(4928K)->4673K(4928K)
[2023-12-26T13:24:40.985+0100][49.314s] GC(7) Pause Young (Concurrent Start) (Metadata GC Threshold) 165M->32M(512M) 8.698ms
[2023-12-26T13:24:40.985+0100][49.314s] GC(7) User=0.00s Sys=0.00s Real=0.01s
[2023-12-26T13:24:40.985+0100][49.314s] GC(8) Concurrent Mark Cycle
[2023-12-26T13:24:40.985+0100][49.314s] GC(8) Concurrent Clear Claimed Marks
[2023-12-26T13:24:40.985+0100][49.314s] GC(8) Concurrent Clear Claimed Marks 0.028ms
[2023-12-26T13:24:40.985+0100][49.314s] GC(8) Concurrent Scan Root Regions
[2023-12-26T13:24:40.989+0100][49.319s] GC(8) Concurrent Scan Root Regions 4.747ms
[2023-12-26T13:24:40.989+0100][49.319s] GC(8) Concurrent Mark
[2023-12-26T13:24:40.989+0100][49.319s] GC(8) Concurrent Mark From Roots
[2023-12-26T13:24:40.989+0100][49.319s] GC(8) Using 3 workers of 3 for marking
[2023-12-26T13:24:40.996+0100][49.325s] GC(8) Concurrent Mark From Roots 6.482ms
[2023-12-26T13:24:40.996+0100][49.325s] GC(8) Concurrent Preclean
[2023-12-26T13:24:40.996+0100][49.325s] GC(8) Concurrent Preclean 0.063ms
[2023-12-26T13:24:40.996+0100][49.326s] GC(8) Pause Remark
[2023-12-26T13:24:40.998+0100][49.327s] GC(8) Pause Remark 34M->34M(512M) 1.544ms
[2023-12-26T13:24:40.998+0100][49.327s] GC(8) User=0.00s Sys=0.00s Real=0.00s
[2023-12-26T13:24:40.998+0100][49.327s] GC(8) Concurrent Mark 8.446ms
[2023-12-26T13:24:40.998+0100][49.327s] GC(8) Concurrent Rebuild Remembered Sets
[2023-12-26T13:24:41.002+0100][49.331s] GC(8) Concurrent Rebuild Remembered Sets 3.948ms
[2023-12-26T13:24:41.002+0100][49.332s] GC(8) Pause Cleanup
[2023-12-26T13:24:41.002+0100][49.332s] GC(8) Pause Cleanup 34M->34M(512M) 0.105ms
[2023-12-26T13:24:41.002+0100][49.332s] GC(8) User=0.00s Sys=0.00s Real=0.00s
[2023-12-26T13:24:41.002+0100][49.332s] GC(8) Concurrent Cleanup for Next Mark
[2023-12-26T13:24:41.003+0100][49.333s] GC(8) Concurrent Cleanup for Next Mark 0.989ms
[2023-12-26T13:24:41.003+0100][49.333s] GC(8) Concurrent Mark Cycle 18.704ms
[2023-12-26T13:24:41.173+0100][49.503s] GC(9) Pause Young (Concurrent Start) (CodeCache GC Threshold)
[2023-12-26T13:24:41.173+0100][49.503s] GC(9) Using 10 workers of 10 for evacuation
[2023-12-26T13:24:41.181+0100][49.511s] GC(9)   Pre Evacuate Collection Set: 0.1ms
[2023-12-26T13:24:41.181+0100][49.511s] GC(9)   Merge Heap Roots: 0.1ms
[2023-12-26T13:24:41.181+0100][49.511s] GC(9)   Evacuate Collection Set: 6.7ms
[2023-12-26T13:24:41.181+0100][49.511s] GC(9)   Post Evacuate Collection Set: 0.8ms
[2023-12-26T13:24:41.181+0100][49.511s] GC(9)   Other: 0.1ms
[2023-12-26T13:24:41.181+0100][49.511s] GC(9) Eden regions: 45->0(285)
[2023-12-26T13:24:41.181+0100][49.511s] GC(9) Survivor regions: 21->22(39)
[2023-12-26T13:24:41.181+0100][49.511s] GC(9) Old regions: 8->8
[2023-12-26T13:24:41.181+0100][49.511s] GC(9) Archive regions: 0->0
[2023-12-26T13:24:41.181+0100][49.511s] GC(9) Humongous regions: 4->4
[2023-12-26T13:24:41.181+0100][49.511s] GC(9) Metaspace: 43057K(43584K)->43057K(43584K) NonClass: 38050K(38336K)->38050K(38336K) Class: 5006K(5248K)->5006K(5248K)
[2023-12-26T13:24:41.181+0100][49.511s] GC(9) Pause Young (Concurrent Start) (CodeCache GC Threshold) 77M->33M(512M) 8.063ms
[2023-12-26T13:24:41.181+0100][49.511s] GC(9) User=0.16s Sys=0.00s Real=0.01s
[2023-12-26T13:24:41.181+0100][49.511s] GC(10) Concurrent Mark Cycle
[2023-12-26T13:24:41.181+0100][49.511s] GC(10) Concurrent Clear Claimed Marks
[2023-12-26T13:24:41.181+0100][49.511s] GC(10) Concurrent Clear Claimed Marks 0.049ms
[2023-12-26T13:24:41.181+0100][49.511s] GC(10) Concurrent Scan Root Regions
[2023-12-26T13:24:41.188+0100][49.517s] GC(10) Concurrent Scan Root Regions 5.679ms
[2023-12-26T13:24:41.188+0100][49.517s] GC(10) Concurrent Mark
[2023-12-26T13:24:41.188+0100][49.517s] GC(10) Concurrent Mark From Roots
[2023-12-26T13:24:41.188+0100][49.517s] GC(10) Using 3 workers of 3 for marking
[2023-12-26T13:24:41.193+0100][49.522s] GC(10) Concurrent Mark From Roots 5.021ms
[2023-12-26T13:24:41.193+0100][49.522s] GC(10) Concurrent Preclean
[2023-12-26T13:24:41.193+0100][49.522s] GC(10) Concurrent Preclean 0.051ms
[2023-12-26T13:24:41.193+0100][49.522s] GC(10) Pause Remark
[2023-12-26T13:24:41.194+0100][49.524s] GC(10) Pause Remark 36M->36M(512M) 1.451ms
[2023-12-26T13:24:41.194+0100][49.524s] GC(10) User=0.19s Sys=0.00s Real=0.00s
[2023-12-26T13:24:41.194+0100][49.524s] GC(10) Concurrent Mark 6.835ms
[2023-12-26T13:24:41.195+0100][49.524s] GC(10) Concurrent Rebuild Remembered Sets
[2023-12-26T13:24:41.199+0100][49.528s] GC(10) Concurrent Rebuild Remembered Sets 3.985ms
[2023-12-26T13:24:41.199+0100][49.528s] GC(10) Pause Cleanup
[2023-12-26T13:24:41.199+0100][49.528s] GC(10) Pause Cleanup 37M->37M(512M) 0.125ms
[2023-12-26T13:24:41.199+0100][49.528s] GC(10) User=0.00s Sys=0.00s Real=0.00s
[2023-12-26T13:24:41.199+0100][49.528s] GC(10) Concurrent Cleanup for Next Mark
[2023-12-26T13:24:41.201+0100][49.530s] GC(10) Concurrent Cleanup for Next Mark 1.474ms
[2023-12-26T13:24:41.201+0100][49.530s] GC(10) Concurrent Mark Cycle 18.611ms
[2023-12-26T13:24:41.209+0100][49.539s] GC(11) Pause Young (Concurrent Start) (CodeCache GC Threshold)
[2023-12-26T13:24:41.209+0100][49.539s] GC(11) Using 10 workers of 10 for evacuation
[2023-12-26T13:24:41.217+0100][49.546s] GC(11)   Pre Evacuate Collection Set: 0.1ms
[2023-12-26T13:24:41.217+0100][49.547s] GC(11)   Merge Heap Roots: 0.0ms
[2023-12-26T13:24:41.217+0100][49.547s] GC(11)   Evacuate Collection Set: 6.9ms
[2023-12-26T13:24:41.217+0100][49.547s] GC(11)   Post Evacuate Collection Set: 0.7ms
[2023-12-26T13:24:41.217+0100][49.547s] GC(11)   Other: 0.1ms
[2023-12-26T13:24:41.217+0100][49.547s] GC(11) Eden regions: 7->0(290)
[2023-12-26T13:24:41.217+0100][49.547s] GC(11) Survivor regions: 22->17(39)
[2023-12-26T13:24:41.217+0100][49.547s] GC(11) Old regions: 8->14
[2023-12-26T13:24:41.217+0100][49.547s] GC(11) Archive regions: 0->0
[2023-12-26T13:24:41.217+0100][49.547s] GC(11) Humongous regions: 4->4
[2023-12-26T13:24:41.217+0100][49.547s] GC(11) Metaspace: 43275K(43712K)->43275K(43712K) NonClass: 38239K(38464K)->38239K(38464K) Class: 5035K(5248K)->5035K(5248K)
[2023-12-26T13:24:41.217+0100][49.547s] GC(11) Pause Young (Concurrent Start) (CodeCache GC Threshold) 40M->34M(512M) 8.043ms
[2023-12-26T13:24:41.217+0100][49.547s] GC(11) User=0.00s Sys=0.00s Real=0.01s
[2023-12-26T13:24:41.217+0100][49.547s] GC(12) Concurrent Mark Cycle
[2023-12-26T13:24:41.218+0100][49.547s] GC(12) Concurrent Clear Claimed Marks
[2023-12-26T13:24:41.218+0100][49.547s] GC(12) Concurrent Clear Claimed Marks 0.049ms
[2023-12-26T13:24:41.218+0100][49.547s] GC(12) Concurrent Scan Root Regions
[2023-12-26T13:24:41.222+0100][49.551s] GC(12) Concurrent Scan Root Regions 4.438ms
[2023-12-26T13:24:41.222+0100][49.551s] GC(12) Concurrent Mark
[2023-12-26T13:24:41.222+0100][49.551s] GC(12) Concurrent Mark From Roots
[2023-12-26T13:24:41.222+0100][49.551s] GC(12) Using 3 workers of 3 for marking
[2023-12-26T13:24:41.228+0100][49.557s] GC(12) Concurrent Mark From Roots 5.698ms
[2023-12-26T13:24:41.228+0100][49.557s] GC(12) Concurrent Preclean
[2023-12-26T13:24:41.228+0100][49.557s] GC(12) Concurrent Preclean 0.042ms
[2023-12-26T13:24:41.228+0100][49.557s] GC(12) Pause Remark
[2023-12-26T13:24:41.229+0100][49.558s] GC(12) Pause Remark 37M->37M(512M) 1.273ms
[2023-12-26T13:24:41.229+0100][49.558s] GC(12) User=0.00s Sys=0.00s Real=0.00s
[2023-12-26T13:24:41.229+0100][49.559s] GC(12) Concurrent Mark 7.277ms
[2023-12-26T13:24:41.229+0100][49.559s] GC(12) Concurrent Rebuild Remembered Sets
[2023-12-26T13:24:41.233+0100][49.563s] GC(12) Concurrent Rebuild Remembered Sets 4.077ms
[2023-12-26T13:24:41.234+0100][49.563s] GC(12) Pause Cleanup
[2023-12-26T13:24:41.234+0100][49.563s] GC(12) Pause Cleanup 37M->37M(512M) 0.085ms
[2023-12-26T13:24:41.234+0100][49.563s] GC(12) User=0.00s Sys=0.00s Real=0.00s
[2023-12-26T13:24:41.234+0100][49.563s] GC(12) Concurrent Cleanup for Next Mark
[2023-12-26T13:24:41.235+0100][49.564s] GC(12) Concurrent Cleanup for Next Mark 1.190ms
[2023-12-26T13:24:41.235+0100][49.564s] GC(12) Concurrent Mark Cycle 17.404ms
[2023-12-26T13:24:42.529+0100][50.858s] GC(13) Pause Young (Normal) (G1 Evacuation Pause)
[2023-12-26T13:24:42.529+0100][50.859s] GC(13) Using 10 workers of 10 for evacuation
[2023-12-26T13:24:42.538+0100][50.867s] GC(13)   Pre Evacuate Collection Set: 0.1ms
[2023-12-26T13:24:42.538+0100][50.867s] GC(13)   Merge Heap Roots: 0.1ms
[2023-12-26T13:24:42.538+0100][50.867s] GC(13)   Evacuate Collection Set: 6.9ms
[2023-12-26T13:24:42.538+0100][50.867s] GC(13)   Post Evacuate Collection Set: 0.9ms
[2023-12-26T13:24:42.538+0100][50.867s] GC(13)   Other: 0.1ms
[2023-12-26T13:24:42.538+0100][50.867s] GC(13) Eden regions: 290->0(286)
[2023-12-26T13:24:42.538+0100][50.867s] GC(13) Survivor regions: 17->21(39)
[2023-12-26T13:24:42.538+0100][50.867s] GC(13) Old regions: 14->14
[2023-12-26T13:24:42.538+0100][50.867s] GC(13) Archive regions: 0->0
[2023-12-26T13:24:42.538+0100][50.867s] GC(13) Humongous regions: 4->4
[2023-12-26T13:24:42.538+0100][50.867s] GC(13) Metaspace: 47996K(48512K)->47996K(48512K) NonClass: 42347K(42624K)->42347K(42624K) Class: 5648K(5888K)->5648K(5888K)
[2023-12-26T13:24:42.538+0100][50.867s] GC(13) Pause Young (Normal) (G1 Evacuation Pause) 324M->38M(512M) 8.314ms
[2023-12-26T13:24:42.538+0100][50.867s] GC(13) User=0.00s Sys=0.02s Real=0.01s
[2023-12-26T13:29:30.497+0100][338.827s] GC(14) Pause Young (Concurrent Start) (CodeCache GC Threshold)
[2023-12-26T13:29:30.497+0100][338.827s] GC(14) Using 10 workers of 10 for evacuation
[2023-12-26T13:29:30.510+0100][338.838s] GC(14)   Pre Evacuate Collection Set: 0.1ms
[2023-12-26T13:29:30.510+0100][338.838s] GC(14)   Merge Heap Roots: 0.2ms
[2023-12-26T13:29:30.510+0100][338.838s] GC(14)   Evacuate Collection Set: 9.7ms
[2023-12-26T13:29:30.510+0100][338.838s] GC(14)   Post Evacuate Collection Set: 1.6ms
[2023-12-26T13:29:30.510+0100][338.838s] GC(14)   Other: 0.1ms
[2023-12-26T13:29:30.510+0100][338.839s] GC(14) Eden regions: 281->0(273)
[2023-12-26T13:29:30.510+0100][338.839s] GC(14) Survivor regions: 21->34(39)
[2023-12-26T13:29:30.510+0100][338.839s] GC(14) Old regions: 14->14
[2023-12-26T13:29:30.510+0100][338.839s] GC(14) Archive regions: 0->0
[2023-12-26T13:29:30.510+0100][338.839s] GC(14) Humongous regions: 4->4
[2023-12-26T13:29:30.510+0100][338.839s] GC(14) Metaspace: 55230K(55808K)->55230K(55808K) NonClass: 48697K(49024K)->48697K(49024K) Class: 6532K(6784K)->6532K(6784K)
[2023-12-26T13:29:30.510+0100][338.839s] GC(14) Pause Young (Concurrent Start) (CodeCache GC Threshold) 319M->51M(512M) 11.957ms
[2023-12-26T13:29:30.510+0100][338.839s] GC(14) User=0.16s Sys=0.00s Real=0.01s
[2023-12-26T13:29:30.510+0100][338.839s] GC(15) Concurrent Mark Cycle
[2023-12-26T13:29:30.510+0100][338.839s] GC(15) Concurrent Clear Claimed Marks
[2023-12-26T13:29:30.510+0100][338.839s] GC(15) Concurrent Clear Claimed Marks 0.076ms
[2023-12-26T13:29:30.510+0100][338.839s] GC(15) Concurrent Scan Root Regions
[2023-12-26T13:29:30.516+0100][338.845s] GC(15) Concurrent Scan Root Regions 5.838ms
[2023-12-26T13:29:30.516+0100][338.845s] GC(15) Concurrent Mark
[2023-12-26T13:29:30.516+0100][338.845s] GC(15) Concurrent Mark From Roots
[2023-12-26T13:29:30.516+0100][338.845s] GC(15) Using 3 workers of 3 for marking
[2023-12-26T13:29:30.523+0100][338.852s] GC(15) Concurrent Mark From Roots 7.638ms
[2023-12-26T13:29:30.523+0100][338.852s] GC(15) Concurrent Preclean
[2023-12-26T13:29:30.523+0100][338.852s] GC(15) Concurrent Preclean 0.025ms
[2023-12-26T13:29:30.523+0100][338.853s] GC(15) Pause Remark
[2023-12-26T13:29:30.528+0100][338.856s] GC(15) Pause Remark 52M->52M(512M) 3.892ms
[2023-12-26T13:29:30.528+0100][338.856s] GC(15) User=0.00s Sys=0.00s Real=0.01s
[2023-12-26T13:29:30.528+0100][338.857s] GC(15) Concurrent Mark 11.883ms
[2023-12-26T13:29:30.528+0100][338.857s] GC(15) Concurrent Rebuild Remembered Sets
[2023-12-26T13:29:30.531+0100][338.860s] GC(15) Concurrent Rebuild Remembered Sets 3.575ms
[2023-12-26T13:29:30.574+0100][338.903s] GC(15) Pause Cleanup
[2023-12-26T13:29:30.574+0100][338.903s] GC(15) Pause Cleanup 53M->53M(512M) 0.194ms
[2023-12-26T13:29:30.574+0100][338.903s] GC(15) User=0.00s Sys=0.00s Real=0.00s
[2023-12-26T13:29:30.574+0100][338.903s] GC(15) Concurrent Cleanup for Next Mark
[2023-12-26T13:29:30.575+0100][338.904s] GC(15) Concurrent Cleanup for Next Mark 0.655ms
[2023-12-26T13:29:30.575+0100][338.904s] GC(15) Concurrent Mark Cycle 65.125ms
[2023-12-26T13:37:30.310+0100][818.640s] GC(16) Pause Young (Normal) (G1 Evacuation Pause)
[2023-12-26T13:37:30.310+0100][818.640s] GC(16) Using 10 workers of 10 for evacuation
[2023-12-26T13:37:30.320+0100][818.649s] GC(16)   Pre Evacuate Collection Set: 0.1ms
[2023-12-26T13:37:30.320+0100][818.649s] GC(16)   Merge Heap Roots: 0.2ms
[2023-12-26T13:37:30.320+0100][818.649s] GC(16)   Evacuate Collection Set: 8.4ms
[2023-12-26T13:37:30.320+0100][818.649s] GC(16)   Post Evacuate Collection Set: 1.0ms
[2023-12-26T13:37:30.320+0100][818.649s] GC(16)   Other: 0.1ms
[2023-12-26T13:37:30.320+0100][818.649s] GC(16) Eden regions: 273->0(288)
[2023-12-26T13:37:30.320+0100][818.649s] GC(16) Survivor regions: 34->19(39)
[2023-12-26T13:37:30.320+0100][818.649s] GC(16) Old regions: 14->26
[2023-12-26T13:37:30.320+0100][818.649s] GC(16) Archive regions: 0->0
[2023-12-26T13:37:30.320+0100][818.649s] GC(16) Humongous regions: 4->4
[2023-12-26T13:37:30.320+0100][818.649s] GC(16) Metaspace: 57902K(58560K)->57902K(58560K) NonClass: 51037K(51392K)->51037K(51392K) Class: 6864K(7168K)->6864K(7168K)
[2023-12-26T13:37:30.320+0100][818.650s] GC(16) Pause Young (Normal) (G1 Evacuation Pause) 324M->48M(512M) 9.949ms
[2023-12-26T13:37:30.320+0100][818.650s] GC(16) User=0.16s Sys=0.00s Real=0.01s
[2023-12-26T13:37:31.384+0100][819.714s] GC(17) Pause Young (Normal) (G1 Evacuation Pause)
[2023-12-26T13:37:31.385+0100][819.714s] GC(17) Using 10 workers of 10 for evacuation
[2023-12-26T13:37:31.392+0100][819.721s] GC(17)   Pre Evacuate Collection Set: 0.1ms
[2023-12-26T13:37:31.392+0100][819.721s] GC(17)   Merge Heap Roots: 0.1ms
[2023-12-26T13:37:31.392+0100][819.721s] GC(17)   Evacuate Collection Set: 5.9ms
[2023-12-26T13:37:31.392+0100][819.721s] GC(17)   Post Evacuate Collection Set: 1.2ms
[2023-12-26T13:37:31.392+0100][819.721s] GC(17)   Other: 0.1ms
[2023-12-26T13:37:31.392+0100][819.721s] GC(17) Eden regions: 288->0(288)
[2023-12-26T13:37:31.392+0100][819.721s] GC(17) Survivor regions: 19->19(39)
[2023-12-26T13:37:31.392+0100][819.721s] GC(17) Old regions: 26->26
[2023-12-26T13:37:31.392+0100][819.721s] GC(17) Archive regions: 0->0
[2023-12-26T13:37:31.392+0100][819.721s] GC(17) Humongous regions: 4->4
[2023-12-26T13:37:31.392+0100][819.721s] GC(17) Metaspace: 59060K(59776K)->59060K(59776K) NonClass: 52112K(52480K)->52112K(52480K) Class: 6947K(7296K)->6947K(7296K)
[2023-12-26T13:37:31.392+0100][819.722s] GC(17) Pause Young (Normal) (G1 Evacuation Pause) 336M->48M(512M) 7.596ms
[2023-12-26T13:37:31.392+0100][819.722s] GC(17) User=0.00s Sys=0.00s Real=0.01s
[2023-12-26T13:37:32.208+0100][820.537s] GC(18) Pause Young (Concurrent Start) (CodeCache GC Threshold)
[2023-12-26T13:37:32.208+0100][820.537s] GC(18) Using 10 workers of 10 for evacuation
[2023-12-26T13:37:32.214+0100][820.543s] GC(18)   Pre Evacuate Collection Set: 0.1ms
[2023-12-26T13:37:32.214+0100][820.543s] GC(18)   Merge Heap Roots: 0.1ms
[2023-12-26T13:37:32.214+0100][820.543s] GC(18)   Evacuate Collection Set: 4.9ms
[2023-12-26T13:37:32.214+0100][820.543s] GC(18)   Post Evacuate Collection Set: 0.8ms
[2023-12-26T13:37:32.214+0100][820.543s] GC(18)   Other: 0.1ms
[2023-12-26T13:37:32.214+0100][820.543s] GC(18) Eden regions: 231->0(288)
[2023-12-26T13:37:32.214+0100][820.543s] GC(18) Survivor regions: 19->19(39)
[2023-12-26T13:37:32.214+0100][820.543s] GC(18) Old regions: 26->26
[2023-12-26T13:37:32.214+0100][820.543s] GC(18) Archive regions: 0->0
[2023-12-26T13:37:32.214+0100][820.543s] GC(18) Humongous regions: 4->4
[2023-12-26T13:37:32.214+0100][820.543s] GC(18) Metaspace: 59402K(60096K)->59402K(60096K) NonClass: 52453K(52800K)->52453K(52800K) Class: 6948K(7296K)->6948K(7296K)
[2023-12-26T13:37:32.214+0100][820.543s] GC(18) Pause Young (Concurrent Start) (CodeCache GC Threshold) 279M->48M(512M) 6.268ms
[2023-12-26T13:37:32.214+0100][820.543s] GC(18) User=0.16s Sys=0.00s Real=0.01s
[2023-12-26T13:37:32.214+0100][820.543s] GC(19) Concurrent Mark Cycle
[2023-12-26T13:37:32.214+0100][820.543s] GC(19) Concurrent Clear Claimed Marks
[2023-12-26T13:37:32.214+0100][820.543s] GC(19) Concurrent Clear Claimed Marks 0.037ms
[2023-12-26T13:37:32.214+0100][820.543s] GC(19) Concurrent Scan Root Regions
[2023-12-26T13:37:32.218+0100][820.547s] GC(19) Concurrent Scan Root Regions 3.952ms
[2023-12-26T13:37:32.218+0100][820.547s] GC(19) Concurrent Mark
[2023-12-26T13:37:32.218+0100][820.547s] GC(19) Concurrent Mark From Roots
[2023-12-26T13:37:32.218+0100][820.547s] GC(19) Using 3 workers of 3 for marking
[2023-12-26T13:37:32.229+0100][820.558s] GC(19) Concurrent Mark From Roots 11.065ms
[2023-12-26T13:37:32.229+0100][820.558s] GC(19) Concurrent Preclean
[2023-12-26T13:37:32.230+0100][820.558s] GC(19) Concurrent Preclean 0.273ms
[2023-12-26T13:37:32.230+0100][820.559s] GC(19) Pause Remark
[2023-12-26T13:37:32.238+0100][820.567s] GC(19) Pause Remark 51M->51M(512M) 8.279ms
[2023-12-26T13:37:32.238+0100][820.567s] GC(19) User=0.00s Sys=0.00s Real=0.01s
[2023-12-26T13:37:32.238+0100][820.567s] GC(19) Concurrent Mark 19.942ms
[2023-12-26T13:37:32.238+0100][820.567s] GC(19) Concurrent Rebuild Remembered Sets
[2023-12-26T13:37:32.246+0100][820.575s] GC(19) Concurrent Rebuild Remembered Sets 7.610ms
[2023-12-26T13:37:32.246+0100][820.575s] GC(19) Pause Cleanup
[2023-12-26T13:37:32.246+0100][820.575s] GC(19) Pause Cleanup 53M->53M(512M) 0.141ms
[2023-12-26T13:37:32.246+0100][820.575s] GC(19) User=0.00s Sys=0.00s Real=0.00s
[2023-12-26T13:37:32.246+0100][820.575s] GC(19) Concurrent Cleanup for Next Mark
[2023-12-26T13:37:32.247+0100][820.576s] GC(19) Concurrent Cleanup for Next Mark 0.876ms
[2023-12-26T13:37:32.247+0100][820.576s] GC(19) Concurrent Mark Cycle 33.074ms
[2023-12-26T13:37:32.283+0100][820.613s] GC(20) Pause Young (Concurrent Start) (CodeCache GC Threshold)
[2023-12-26T13:37:32.283+0100][820.613s] GC(20) Using 10 workers of 10 for evacuation
[2023-12-26T13:37:32.289+0100][820.618s] GC(20)   Pre Evacuate Collection Set: 0.1ms
[2023-12-26T13:37:32.289+0100][820.618s] GC(20)   Merge Heap Roots: 0.1ms
[2023-12-26T13:37:32.289+0100][820.618s] GC(20)   Evacuate Collection Set: 4.8ms
[2023-12-26T13:37:32.289+0100][820.618s] GC(20)   Post Evacuate Collection Set: 0.7ms
[2023-12-26T13:37:32.289+0100][820.618s] GC(20)   Other: 0.1ms
[2023-12-26T13:37:32.289+0100][820.618s] GC(20) Eden regions: 22->0(288)
[2023-12-26T13:37:32.289+0100][820.618s] GC(20) Survivor regions: 19->19(39)
[2023-12-26T13:37:32.289+0100][820.618s] GC(20) Old regions: 26->26
[2023-12-26T13:37:32.289+0100][820.618s] GC(20) Archive regions: 0->0
[2023-12-26T13:37:32.289+0100][820.618s] GC(20) Humongous regions: 4->4
[2023-12-26T13:37:32.289+0100][820.618s] GC(20) Metaspace: 59209K(60096K)->59209K(60096K) NonClass: 52313K(52800K)->52313K(52800K) Class: 6895K(7296K)->6895K(7296K)
[2023-12-26T13:37:32.289+0100][820.619s] GC(20) Pause Young (Concurrent Start) (CodeCache GC Threshold) 70M->48M(512M) 5.999ms
[2023-12-26T13:37:32.289+0100][820.619s] GC(20) User=0.16s Sys=0.00s Real=0.01s
[2023-12-26T13:37:32.289+0100][820.619s] GC(21) Concurrent Mark Cycle
[2023-12-26T13:37:32.289+0100][820.619s] GC(21) Concurrent Clear Claimed Marks
[2023-12-26T13:37:32.289+0100][820.619s] GC(21) Concurrent Clear Claimed Marks 0.037ms
[2023-12-26T13:37:32.289+0100][820.619s] GC(21) Concurrent Scan Root Regions
[2023-12-26T13:37:32.294+0100][820.623s] GC(21) Concurrent Scan Root Regions 4.133ms
[2023-12-26T13:37:32.294+0100][820.623s] GC(21) Concurrent Mark
[2023-12-26T13:37:32.294+0100][820.623s] GC(21) Concurrent Mark From Roots
[2023-12-26T13:37:32.294+0100][820.623s] GC(21) Using 3 workers of 3 for marking
[2023-12-26T13:37:32.305+0100][820.634s] GC(21) Concurrent Mark From Roots 11.626ms
[2023-12-26T13:37:32.305+0100][820.634s] GC(21) Concurrent Preclean
[2023-12-26T13:37:32.305+0100][820.635s] GC(21) Concurrent Preclean 0.176ms
[2023-12-26T13:37:32.306+0100][820.635s] GC(21) Pause Remark
[2023-12-26T13:37:32.310+0100][820.639s] GC(21) Pause Remark 52M->52M(512M) 4.323ms
[2023-12-26T13:37:32.310+0100][820.639s] GC(21) User=0.00s Sys=0.00s Real=0.00s
[2023-12-26T13:37:32.310+0100][820.639s] GC(21) Concurrent Mark 16.517ms
[2023-12-26T13:37:32.310+0100][820.639s] GC(21) Concurrent Rebuild Remembered Sets
[2023-12-26T13:37:32.314+0100][820.644s] GC(21) Concurrent Rebuild Remembered Sets 4.786ms
[2023-12-26T13:37:32.315+0100][820.644s] GC(21) Pause Cleanup
[2023-12-26T13:37:32.316+0100][820.644s] GC(21) Pause Cleanup 53M->53M(512M) 0.159ms
[2023-12-26T13:37:32.316+0100][820.644s] GC(21) User=0.00s Sys=0.00s Real=0.00s
[2023-12-26T13:37:32.316+0100][820.645s] GC(21) Concurrent Cleanup for Next Mark
[2023-12-26T13:37:32.316+0100][820.645s] GC(21) Concurrent Cleanup for Next Mark 0.631ms
[2023-12-26T13:37:32.316+0100][820.645s] GC(21) Concurrent Mark Cycle 26.634ms
[2023-12-26T13:37:33.227+0100][821.555s] GC(22) Pause Young (Prepare Mixed) (G1 Evacuation Pause)
[2023-12-26T13:37:33.227+0100][821.556s] GC(22) Using 10 workers of 10 for evacuation
[2023-12-26T13:37:33.232+0100][821.561s] GC(22)   Pre Evacuate Collection Set: 0.1ms
[2023-12-26T13:37:33.232+0100][821.561s] GC(22)   Merge Heap Roots: 0.1ms
[2023-12-26T13:37:33.232+0100][821.561s] GC(22)   Evacuate Collection Set: 4.7ms
[2023-12-26T13:37:33.232+0100][821.561s] GC(22)   Post Evacuate Collection Set: 0.8ms
[2023-12-26T13:37:33.232+0100][821.561s] GC(22)   Other: 0.1ms
[2023-12-26T13:37:33.232+0100][821.561s] GC(22) Eden regions: 288->0(5)
[2023-12-26T13:37:33.232+0100][821.561s] GC(22) Survivor regions: 19->20(39)
[2023-12-26T13:37:33.232+0100][821.561s] GC(22) Old regions: 26->26
[2023-12-26T13:37:33.232+0100][821.561s] GC(22) Archive regions: 0->0
[2023-12-26T13:37:33.232+0100][821.561s] GC(22) Humongous regions: 4->4
[2023-12-26T13:37:33.232+0100][821.561s] GC(22) Metaspace: 59407K(60160K)->59407K(60160K) NonClass: 52511K(52864K)->52511K(52864K) Class: 6895K(7296K)->6895K(7296K)
[2023-12-26T13:37:33.233+0100][821.561s] GC(22) Pause Young (Prepare Mixed) (G1 Evacuation Pause) 336M->49M(512M) 5.967ms
[2023-12-26T13:37:33.233+0100][821.561s] GC(22) User=0.00s Sys=0.00s Real=0.01s
[2023-12-26T13:37:33.265+0100][821.595s] GC(23) Pause Young (Mixed) (G1 Evacuation Pause)
[2023-12-26T13:37:33.265+0100][821.595s] GC(23) Using 10 workers of 10 for evacuation
[2023-12-26T13:37:33.272+0100][821.601s] GC(23)   Pre Evacuate Collection Set: 0.1ms
[2023-12-26T13:37:33.272+0100][821.601s] GC(23)   Merge Heap Roots: 0.1ms
[2023-12-26T13:37:33.272+0100][821.601s] GC(23)   Evacuate Collection Set: 5.7ms
[2023-12-26T13:37:33.272+0100][821.601s] GC(23)   Post Evacuate Collection Set: 0.6ms
[2023-12-26T13:37:33.272+0100][821.601s] GC(23)   Other: 0.1ms
[2023-12-26T13:37:33.272+0100][821.601s] GC(23) Eden regions: 5->0(306)
[2023-12-26T13:37:33.272+0100][821.602s] GC(23) Survivor regions: 20->1(4)
[2023-12-26T13:37:33.272+0100][821.602s] GC(23) Old regions: 26->44
[2023-12-26T13:37:33.272+0100][821.602s] GC(23) Archive regions: 0->0
[2023-12-26T13:37:33.272+0100][821.602s] GC(23) Humongous regions: 4->4
[2023-12-26T13:37:33.272+0100][821.602s] GC(23) Metaspace: 59408K(60160K)->59408K(60160K) NonClass: 52512K(52864K)->52512K(52864K) Class: 6895K(7296K)->6895K(7296K)
[2023-12-26T13:37:33.272+0100][821.602s] GC(23) Pause Young (Mixed) (G1 Evacuation Pause) 54M->48M(512M) 6.703ms
[2023-12-26T13:37:33.272+0100][821.602s] GC(23) User=0.16s Sys=0.00s Real=0.01s
[2023-12-26T13:37:34.291+0100][822.620s] GC(24) Pause Young (Normal) (G1 Evacuation Pause)
[2023-12-26T13:37:34.291+0100][822.620s] GC(24) Using 10 workers of 10 for evacuation
[2023-12-26T13:37:34.292+0100][822.621s] GC(24)   Pre Evacuate Collection Set: 0.1ms
[2023-12-26T13:37:34.292+0100][822.621s] GC(24)   Merge Heap Roots: 0.1ms
[2023-12-26T13:37:34.292+0100][822.621s] GC(24)   Evacuate Collection Set: 0.5ms
[2023-12-26T13:37:34.292+0100][822.621s] GC(24)   Post Evacuate Collection Set: 0.3ms
[2023-12-26T13:37:34.292+0100][822.621s] GC(24)   Other: 0.1ms
[2023-12-26T13:37:34.292+0100][822.621s] GC(24) Eden regions: 306->0(304)
[2023-12-26T13:37:34.292+0100][822.621s] GC(24) Survivor regions: 1->3(39)
[2023-12-26T13:37:34.292+0100][822.621s] GC(24) Old regions: 44->44
[2023-12-26T13:37:34.292+0100][822.621s] GC(24) Archive regions: 0->0
[2023-12-26T13:37:34.292+0100][822.621s] GC(24) Humongous regions: 4->4
[2023-12-26T13:37:34.292+0100][822.621s] GC(24) Metaspace: 59637K(60352K)->59637K(60352K) NonClass: 52740K(53056K)->52740K(53056K) Class: 6896K(7296K)->6896K(7296K)
[2023-12-26T13:37:34.292+0100][822.621s] GC(24) Pause Young (Normal) (G1 Evacuation Pause) 354M->50M(512M) 1.180ms
[2023-12-26T13:37:34.292+0100][822.621s] GC(24) User=0.00s Sys=0.00s Real=0.00s
[2023-12-26T13:37:35.338+0100][823.667s] GC(25) Pause Young (Normal) (G1 Evacuation Pause)
[2023-12-26T13:37:35.338+0100][823.667s] GC(25) Using 10 workers of 10 for evacuation
[2023-12-26T13:37:35.339+0100][823.669s] GC(25)   Pre Evacuate Collection Set: 0.1ms
[2023-12-26T13:37:35.339+0100][823.669s] GC(25)   Merge Heap Roots: 0.1ms
[2023-12-26T13:37:35.339+0100][823.669s] GC(25)   Evacuate Collection Set: 0.6ms
[2023-12-26T13:37:35.339+0100][823.669s] GC(25)   Post Evacuate Collection Set: 0.5ms
[2023-12-26T13:37:35.339+0100][823.669s] GC(25)   Other: 0.1ms
[2023-12-26T13:37:35.339+0100][823.669s] GC(25) Eden regions: 304->0(303)
[2023-12-26T13:37:35.339+0100][823.669s] GC(25) Survivor regions: 3->4(39)
[2023-12-26T13:37:35.339+0100][823.669s] GC(25) Old regions: 44->44
[2023-12-26T13:37:35.339+0100][823.669s] GC(25) Archive regions: 0->0
[2023-12-26T13:37:35.339+0100][823.669s] GC(25) Humongous regions: 4->4
[2023-12-26T13:37:35.339+0100][823.669s] GC(25) Metaspace: 59922K(60608K)->59922K(60608K) NonClass: 53025K(53312K)->53025K(53312K) Class: 6896K(7296K)->6896K(7296K)
[2023-12-26T13:37:35.339+0100][823.669s] GC(25) Pause Young (Normal) (G1 Evacuation Pause) 354M->51M(512M) 1.497ms
[2023-12-26T13:37:35.339+0100][823.669s] GC(25) User=0.00s Sys=0.00s Real=0.00s
[2023-12-26T13:37:36.311+0100][824.640s] GC(26) Pause Young (Normal) (G1 Evacuation Pause)
[2023-12-26T13:37:36.311+0100][824.640s] GC(26) Using 10 workers of 10 for evacuation
[2023-12-26T13:37:36.312+0100][824.641s] GC(26)   Pre Evacuate Collection Set: 0.1ms
[2023-12-26T13:37:36.312+0100][824.641s] GC(26)   Merge Heap Roots: 0.1ms
[2023-12-26T13:37:36.312+0100][824.641s] GC(26)   Evacuate Collection Set: 0.7ms
[2023-12-26T13:37:36.312+0100][824.641s] GC(26)   Post Evacuate Collection Set: 0.4ms
[2023-12-26T13:37:36.312+0100][824.641s] GC(26)   Other: 0.1ms
[2023-12-26T13:37:36.312+0100][824.641s] GC(26) Eden regions: 303->0(302)
[2023-12-26T13:37:36.312+0100][824.641s] GC(26) Survivor regions: 4->5(39)
[2023-12-26T13:37:36.312+0100][824.641s] GC(26) Old regions: 44->44
[2023-12-26T13:37:36.312+0100][824.641s] GC(26) Archive regions: 0->0
[2023-12-26T13:37:36.312+0100][824.641s] GC(26) Humongous regions: 4->4
[2023-12-26T13:37:36.312+0100][824.641s] GC(26) Metaspace: 60156K(60800K)->60156K(60800K) NonClass: 53257K(53504K)->53257K(53504K) Class: 6899K(7296K)->6899K(7296K)
[2023-12-26T13:37:36.312+0100][824.641s] GC(26) Pause Young (Normal) (G1 Evacuation Pause) 354M->52M(512M) 1.456ms
[2023-12-26T13:37:36.312+0100][824.641s] GC(26) User=0.00s Sys=0.00s Real=0.00s
[2023-12-26T13:37:37.212+0100][825.541s] GC(27) Pause Young (Normal) (G1 Evacuation Pause)
[2023-12-26T13:37:37.212+0100][825.541s] GC(27) Using 10 workers of 10 for evacuation
[2023-12-26T13:37:37.213+0100][825.543s] GC(27)   Pre Evacuate Collection Set: 0.1ms
[2023-12-26T13:37:37.213+0100][825.543s] GC(27)   Merge Heap Roots: 0.1ms
[2023-12-26T13:37:37.213+0100][825.543s] GC(27)   Evacuate Collection Set: 0.9ms
[2023-12-26T13:37:37.213+0100][825.543s] GC(27)   Post Evacuate Collection Set: 0.3ms
[2023-12-26T13:37:37.213+0100][825.543s] GC(27)   Other: 0.1ms
[2023-12-26T13:37:37.213+0100][825.543s] GC(27) Eden regions: 302->0(301)
[2023-12-26T13:37:37.213+0100][825.543s] GC(27) Survivor regions: 5->6(39)
[2023-12-26T13:37:37.213+0100][825.543s] GC(27) Old regions: 44->44
[2023-12-26T13:37:37.213+0100][825.543s] GC(27) Archive regions: 0->0
[2023-12-26T13:37:37.213+0100][825.543s] GC(27) Humongous regions: 4->4
[2023-12-26T13:37:37.213+0100][825.543s] GC(27) Metaspace: 60254K(60928K)->60254K(60928K) NonClass: 53355K(53632K)->53355K(53632K) Class: 6899K(7296K)->6899K(7296K)
[2023-12-26T13:37:37.213+0100][825.543s] GC(27) Pause Young (Normal) (G1 Evacuation Pause) 354M->53M(512M) 1.625ms
[2023-12-26T13:37:37.213+0100][825.543s] GC(27) User=0.00s Sys=0.00s Real=0.00s
[2023-12-26T13:37:38.269+0100][826.598s] GC(28) Pause Young (Normal) (G1 Evacuation Pause)
[2023-12-26T13:37:38.269+0100][826.598s] GC(28) Using 10 workers of 10 for evacuation
[2023-12-26T13:37:38.271+0100][826.600s] GC(28)   Pre Evacuate Collection Set: 0.1ms
[2023-12-26T13:37:38.271+0100][826.600s] GC(28)   Merge Heap Roots: 0.1ms
[2023-12-26T13:37:38.271+0100][826.600s] GC(28)   Evacuate Collection Set: 1.0ms
[2023-12-26T13:37:38.271+0100][826.600s] GC(28)   Post Evacuate Collection Set: 0.3ms
[2023-12-26T13:37:38.271+0100][826.600s] GC(28)   Other: 0.1ms
[2023-12-26T13:37:38.271+0100][826.600s] GC(28) Eden regions: 301->0(300)
[2023-12-26T13:37:38.271+0100][826.600s] GC(28) Survivor regions: 6->7(39)
[2023-12-26T13:37:38.271+0100][826.600s] GC(28) Old regions: 44->44
[2023-12-26T13:37:38.271+0100][826.600s] GC(28) Archive regions: 0->0
[2023-12-26T13:37:38.271+0100][826.600s] GC(28) Humongous regions: 4->4
[2023-12-26T13:37:38.271+0100][826.600s] GC(28) Metaspace: 60427K(61056K)->60427K(61056K) NonClass: 53528K(53760K)->53528K(53760K) Class: 6899K(7296K)->6899K(7296K)
[2023-12-26T13:37:38.271+0100][826.600s] GC(28) Pause Young (Normal) (G1 Evacuation Pause) 354M->54M(512M) 1.803ms
[2023-12-26T13:37:38.271+0100][826.600s] GC(28) User=0.00s Sys=0.00s Real=0.00s
[2023-12-26T13:37:38.474+0100][826.804s] GC(29) Pause Young (Concurrent Start) (CodeCache GC Threshold)
[2023-12-26T13:37:38.475+0100][826.804s] GC(29) Using 10 workers of 10 for evacuation
[2023-12-26T13:37:38.476+0100][826.806s] GC(29)   Pre Evacuate Collection Set: 0.2ms
[2023-12-26T13:37:38.476+0100][826.806s] GC(29)   Merge Heap Roots: 0.1ms
[2023-12-26T13:37:38.476+0100][826.806s] GC(29)   Evacuate Collection Set: 1.1ms
[2023-12-26T13:37:38.476+0100][826.806s] GC(29)   Post Evacuate Collection Set: 0.3ms
[2023-12-26T13:37:38.476+0100][826.806s] GC(29)   Other: 0.0ms
[2023-12-26T13:37:38.476+0100][826.806s] GC(29) Eden regions: 56->0(300)
[2023-12-26T13:37:38.476+0100][826.806s] GC(29) Survivor regions: 7->7(39)
[2023-12-26T13:37:38.476+0100][826.806s] GC(29) Old regions: 44->44
[2023-12-26T13:37:38.476+0100][826.806s] GC(29) Archive regions: 0->0
[2023-12-26T13:37:38.476+0100][826.806s] GC(29) Humongous regions: 4->4
[2023-12-26T13:37:38.476+0100][826.806s] GC(29) Metaspace: 60435K(61120K)->60435K(61120K) NonClass: 53536K(53824K)->53536K(53824K) Class: 6899K(7296K)->6899K(7296K)
[2023-12-26T13:37:38.476+0100][826.806s] GC(29) Pause Young (Concurrent Start) (CodeCache GC Threshold) 110M->54M(512M) 1.957ms
[2023-12-26T13:37:38.476+0100][826.806s] GC(29) User=0.03s Sys=0.02s Real=0.00s
[2023-12-26T13:37:38.477+0100][826.806s] GC(30) Concurrent Mark Cycle
[2023-12-26T13:37:38.477+0100][826.806s] GC(30) Concurrent Clear Claimed Marks
[2023-12-26T13:37:38.477+0100][826.806s] GC(30) Concurrent Clear Claimed Marks 0.053ms
[2023-12-26T13:37:38.477+0100][826.806s] GC(30) Concurrent Scan Root Regions
[2023-12-26T13:37:38.477+0100][826.807s] GC(30) Concurrent Scan Root Regions 0.844ms
[2023-12-26T13:37:38.477+0100][826.807s] GC(30) Concurrent Mark
[2023-12-26T13:37:38.478+0100][826.807s] GC(30) Concurrent Mark From Roots
[2023-12-26T13:37:38.478+0100][826.807s] GC(30) Using 3 workers of 3 for marking
[2023-12-26T13:37:38.496+0100][826.826s] GC(30) Concurrent Mark From Roots 18.801ms
[2023-12-26T13:37:38.496+0100][826.826s] GC(30) Concurrent Preclean
[2023-12-26T13:37:38.497+0100][826.826s] GC(30) Concurrent Preclean 0.209ms
[2023-12-26T13:37:38.497+0100][826.826s] GC(30) Pause Remark
[2023-12-26T13:37:38.504+0100][826.833s] GC(30) Pause Remark 59M->59M(512M) 7.041ms
[2023-12-26T13:37:38.504+0100][826.833s] GC(30) User=0.00s Sys=0.00s Real=0.01s
[2023-12-26T13:37:38.504+0100][826.833s] GC(30) Concurrent Mark 26.387ms
[2023-12-26T13:37:38.504+0100][826.833s] GC(30) Concurrent Rebuild Remembered Sets
[2023-12-26T13:37:38.514+0100][826.843s] GC(30) Concurrent Rebuild Remembered Sets 9.812ms
[2023-12-26T13:37:38.514+0100][826.843s] GC(30) Pause Cleanup
[2023-12-26T13:37:38.514+0100][826.843s] GC(30) Pause Cleanup 62M->62M(512M) 0.122ms
[2023-12-26T13:37:38.514+0100][826.843s] GC(30) User=0.00s Sys=0.00s Real=0.00s
[2023-12-26T13:37:38.514+0100][826.843s] GC(30) Concurrent Cleanup for Next Mark
[2023-12-26T13:37:38.515+0100][826.844s] GC(30) Concurrent Cleanup for Next Mark 0.664ms
[2023-12-26T13:37:38.515+0100][826.844s] GC(30) Concurrent Mark Cycle 38.299ms
[2023-12-26T13:37:39.512+0100][827.841s] GC(31) Pause Young (Prepare Mixed) (G1 Evacuation Pause)
[2023-12-26T13:37:39.512+0100][827.841s] GC(31) Using 10 workers of 10 for evacuation
[2023-12-26T13:37:39.514+0100][827.843s] GC(31)   Pre Evacuate Collection Set: 0.1ms
[2023-12-26T13:37:39.515+0100][827.843s] GC(31)   Merge Heap Roots: 0.1ms
[2023-12-26T13:37:39.515+0100][827.843s] GC(31)   Evacuate Collection Set: 1.3ms
[2023-12-26T13:37:39.515+0100][827.843s] GC(31)   Post Evacuate Collection Set: 0.5ms
[2023-12-26T13:37:39.515+0100][827.843s] GC(31)   Other: 0.1ms
[2023-12-26T13:37:39.515+0100][827.843s] GC(31) Eden regions: 300->0(17)
[2023-12-26T13:37:39.515+0100][827.843s] GC(31) Survivor regions: 7->8(39)
[2023-12-26T13:37:39.515+0100][827.843s] GC(31) Old regions: 44->44
[2023-12-26T13:37:39.515+0100][827.843s] GC(31) Archive regions: 0->0
[2023-12-26T13:37:39.515+0100][827.843s] GC(31) Humongous regions: 4->4
[2023-12-26T13:37:39.515+0100][827.843s] GC(31) Metaspace: 60515K(61184K)->60515K(61184K) NonClass: 53632K(53888K)->53632K(53888K) Class: 6882K(7296K)->6882K(7296K)
[2023-12-26T13:37:39.515+0100][827.843s] GC(31) Pause Young (Prepare Mixed) (G1 Evacuation Pause) 354M->55M(512M) 2.434ms
[2023-12-26T13:37:39.515+0100][827.843s] GC(31) User=0.00s Sys=0.00s Real=0.00s
[2023-12-26T13:37:39.576+0100][827.905s] GC(32) Pause Young (Mixed) (G1 Evacuation Pause)
[2023-12-26T13:37:39.576+0100][827.905s] GC(32) Using 10 workers of 10 for evacuation
[2023-12-26T13:37:39.578+0100][827.907s] GC(32)   Pre Evacuate Collection Set: 0.1ms
[2023-12-26T13:37:39.578+0100][827.907s] GC(32)   Merge Heap Roots: 0.1ms
[2023-12-26T13:37:39.578+0100][827.907s] GC(32)   Evacuate Collection Set: 1.5ms
[2023-12-26T13:37:39.578+0100][827.908s] GC(32)   Post Evacuate Collection Set: 0.5ms
[2023-12-26T13:37:39.578+0100][827.908s] GC(32)   Other: 0.1ms
[2023-12-26T13:37:39.578+0100][827.908s] GC(32) Eden regions: 17->0(304)
[2023-12-26T13:37:39.578+0100][827.908s] GC(32) Survivor regions: 8->3(4)
[2023-12-26T13:37:39.578+0100][827.908s] GC(32) Old regions: 44->50
[2023-12-26T13:37:39.578+0100][827.908s] GC(32) Archive regions: 0->0
[2023-12-26T13:37:39.578+0100][827.908s] GC(32) Humongous regions: 4->4
[2023-12-26T13:37:39.578+0100][827.908s] GC(32) Metaspace: 60515K(61184K)->60515K(61184K) NonClass: 53633K(53888K)->53633K(53888K) Class: 6882K(7296K)->6882K(7296K)
[2023-12-26T13:37:39.578+0100][827.908s] GC(32) Pause Young (Mixed) (G1 Evacuation Pause) 72M->55M(512M) 2.493ms
[2023-12-26T13:37:39.578+0100][827.908s] GC(32) User=0.00s Sys=0.00s Real=0.00s
[2023-12-26T13:37:40.511+0100][828.840s] GC(33) Pause Young (Normal) (G1 Evacuation Pause)
[2023-12-26T13:37:40.511+0100][828.840s] GC(33) Using 10 workers of 10 for evacuation
[2023-12-26T13:37:40.512+0100][828.841s] GC(33)   Pre Evacuate Collection Set: 0.1ms
[2023-12-26T13:37:40.512+0100][828.841s] GC(33)   Merge Heap Roots: 0.1ms
[2023-12-26T13:37:40.512+0100][828.841s] GC(33)   Evacuate Collection Set: 0.5ms
[2023-12-26T13:37:40.512+0100][828.841s] GC(33)   Post Evacuate Collection Set: 0.3ms
[2023-12-26T13:37:40.512+0100][828.841s] GC(33)   Other: 0.1ms
[2023-12-26T13:37:40.512+0100][828.842s] GC(33) Eden regions: 304->0(303)
[2023-12-26T13:37:40.512+0100][828.842s] GC(33) Survivor regions: 3->4(39)
[2023-12-26T13:37:40.512+0100][828.842s] GC(33) Old regions: 50->50
[2023-12-26T13:37:40.512+0100][828.842s] GC(33) Archive regions: 0->0
[2023-12-26T13:37:40.512+0100][828.842s] GC(33) Humongous regions: 4->4
[2023-12-26T13:37:40.512+0100][828.842s] GC(33) Metaspace: 60562K(61184K)->60562K(61184K) NonClass: 53680K(53888K)->53680K(53888K) Class: 6882K(7296K)->6882K(7296K)
[2023-12-26T13:37:40.512+0100][828.842s] GC(33) Pause Young (Normal) (G1 Evacuation Pause) 359M->56M(512M) 1.210ms
[2023-12-26T13:37:40.512+0100][828.842s] GC(33) User=0.00s Sys=0.00s Real=0.00s
[2023-12-26T13:37:41.462+0100][829.792s] GC(34) Pause Young (Normal) (G1 Evacuation Pause)
[2023-12-26T13:37:41.462+0100][829.792s] GC(34) Using 10 workers of 10 for evacuation
[2023-12-26T13:37:41.463+0100][829.793s] GC(34)   Pre Evacuate Collection Set: 0.1ms
[2023-12-26T13:37:41.463+0100][829.793s] GC(34)   Merge Heap Roots: 0.1ms
[2023-12-26T13:37:41.463+0100][829.793s] GC(34)   Evacuate Collection Set: 0.7ms
[2023-12-26T13:37:41.463+0100][829.793s] GC(34)   Post Evacuate Collection Set: 0.4ms
[2023-12-26T13:37:41.463+0100][829.793s] GC(34)   Other: 0.1ms
[2023-12-26T13:37:41.463+0100][829.793s] GC(34) Eden regions: 303->0(302)
[2023-12-26T13:37:41.463+0100][829.793s] GC(34) Survivor regions: 4->5(39)
[2023-12-26T13:37:41.463+0100][829.793s] GC(34) Old regions: 50->50
[2023-12-26T13:37:41.463+0100][829.793s] GC(34) Archive regions: 0->0
[2023-12-26T13:37:41.463+0100][829.793s] GC(34) Humongous regions: 4->4
[2023-12-26T13:37:41.463+0100][829.793s] GC(34) Metaspace: 60606K(61248K)->60606K(61248K) NonClass: 53723K(53952K)->53723K(53952K) Class: 6882K(7296K)->6882K(7296K)
[2023-12-26T13:37:41.463+0100][829.793s] GC(34) Pause Young (Normal) (G1 Evacuation Pause) 359M->57M(512M) 1.571ms
[2023-12-26T13:37:41.463+0100][829.793s] GC(34) User=0.00s Sys=0.00s Real=0.00s
[2023-12-26T13:37:42.484+0100][830.812s] GC(35) Pause Young (Normal) (G1 Evacuation Pause)
[2023-12-26T13:37:42.484+0100][830.812s] GC(35) Using 10 workers of 10 for evacuation
[2023-12-26T13:37:42.485+0100][830.814s] GC(35)   Pre Evacuate Collection Set: 0.1ms
[2023-12-26T13:37:42.485+0100][830.814s] GC(35)   Merge Heap Roots: 0.1ms
[2023-12-26T13:37:42.485+0100][830.814s] GC(35)   Evacuate Collection Set: 0.7ms
[2023-12-26T13:37:42.485+0100][830.814s] GC(35)   Post Evacuate Collection Set: 0.3ms
[2023-12-26T13:37:42.485+0100][830.814s] GC(35)   Other: 0.1ms
[2023-12-26T13:37:42.485+0100][830.814s] GC(35) Eden regions: 302->0(302)
[2023-12-26T13:37:42.485+0100][830.814s] GC(35) Survivor regions: 5->5(39)
[2023-12-26T13:37:42.485+0100][830.814s] GC(35) Old regions: 50->50
[2023-12-26T13:37:42.485+0100][830.814s] GC(35) Archive regions: 0->0
[2023-12-26T13:37:42.485+0100][830.814s] GC(35) Humongous regions: 4->4
[2023-12-26T13:37:42.485+0100][830.814s] GC(35) Metaspace: 60698K(61376K)->60698K(61376K) NonClass: 53815K(54080K)->53815K(54080K) Class: 6882K(7296K)->6882K(7296K)
[2023-12-26T13:37:42.485+0100][830.814s] GC(35) Pause Young (Normal) (G1 Evacuation Pause) 359M->58M(512M) 1.488ms
[2023-12-26T13:37:42.485+0100][830.814s] GC(35) User=0.00s Sys=0.00s Real=0.00s
[2023-12-26T13:37:43.478+0100][831.807s] GC(36) Pause Young (Normal) (G1 Evacuation Pause)
[2023-12-26T13:37:43.478+0100][831.807s] GC(36) Using 10 workers of 10 for evacuation
[2023-12-26T13:37:43.479+0100][831.808s] GC(36)   Pre Evacuate Collection Set: 0.1ms
[2023-12-26T13:37:43.479+0100][831.808s] GC(36)   Merge Heap Roots: 0.1ms
[2023-12-26T13:37:43.479+0100][831.808s] GC(36)   Evacuate Collection Set: 0.9ms
[2023-12-26T13:37:43.479+0100][831.808s] GC(36)   Post Evacuate Collection Set: 0.4ms
[2023-12-26T13:37:43.479+0100][831.808s] GC(36)   Other: 0.1ms
[2023-12-26T13:37:43.479+0100][831.808s] GC(36) Eden regions: 302->0(300)
[2023-12-26T13:37:43.479+0100][831.808s] GC(36) Survivor regions: 5->7(39)
[2023-12-26T13:37:43.479+0100][831.808s] GC(36) Old regions: 50->50
[2023-12-26T13:37:43.479+0100][831.808s] GC(36) Archive regions: 0->0
[2023-12-26T13:37:43.479+0100][831.808s] GC(36) Humongous regions: 4->4
[2023-12-26T13:37:43.479+0100][831.808s] GC(36) Metaspace: 60733K(61376K)->60733K(61376K) NonClass: 53851K(54080K)->53851K(54080K) Class: 6882K(7296K)->6882K(7296K)
[2023-12-26T13:37:43.480+0100][831.808s] GC(36) Pause Young (Normal) (G1 Evacuation Pause) 360M->59M(512M) 1.715ms
[2023-12-26T13:37:43.480+0100][831.808s] GC(36) User=0.00s Sys=0.00s Real=0.00s
[2023-12-26T13:37:44.523+0100][832.852s] GC(37) Pause Young (Normal) (G1 Evacuation Pause)
[2023-12-26T13:37:44.523+0100][832.852s] GC(37) Using 10 workers of 10 for evacuation
[2023-12-26T13:37:44.525+0100][832.854s] GC(37)   Pre Evacuate Collection Set: 0.1ms
[2023-12-26T13:37:44.525+0100][832.854s] GC(37)   Merge Heap Roots: 0.1ms
[2023-12-26T13:37:44.525+0100][832.854s] GC(37)   Evacuate Collection Set: 1.0ms
[2023-12-26T13:37:44.525+0100][832.854s] GC(37)   Post Evacuate Collection Set: 0.4ms
[2023-12-26T13:37:44.525+0100][832.854s] GC(37)   Other: 0.1ms
[2023-12-26T13:37:44.525+0100][832.854s] GC(37) Eden regions: 300->0(300)
[2023-12-26T13:37:44.525+0100][832.854s] GC(37) Survivor regions: 7->7(39)
[2023-12-26T13:37:44.525+0100][832.854s] GC(37) Old regions: 50->50
[2023-12-26T13:37:44.525+0100][832.854s] GC(37) Archive regions: 0->0
[2023-12-26T13:37:44.525+0100][832.854s] GC(37) Humongous regions: 4->4
[2023-12-26T13:37:44.525+0100][832.854s] GC(37) Metaspace: 60813K(61440K)->60813K(61440K) NonClass: 53931K(54144K)->53931K(54144K) Class: 6882K(7296K)->6882K(7296K)
[2023-12-26T13:37:44.525+0100][832.854s] GC(37) Pause Young (Normal) (G1 Evacuation Pause) 359M->59M(512M) 2.004ms
[2023-12-26T13:37:44.525+0100][832.854s] GC(37) User=0.00s Sys=0.00s Real=0.00s
[2023-12-26T13:37:45.471+0100][833.800s] GC(38) Pause Young (Normal) (G1 Evacuation Pause)
[2023-12-26T13:37:45.471+0100][833.800s] GC(38) Using 10 workers of 10 for evacuation
[2023-12-26T13:37:45.473+0100][833.802s] GC(38)   Pre Evacuate Collection Set: 0.1ms
[2023-12-26T13:37:45.473+0100][833.802s] GC(38)   Merge Heap Roots: 0.1ms
[2023-12-26T13:37:45.473+0100][833.802s] GC(38)   Evacuate Collection Set: 1.1ms
[2023-12-26T13:37:45.473+0100][833.802s] GC(38)   Post Evacuate Collection Set: 0.4ms
[2023-12-26T13:37:45.473+0100][833.802s] GC(38)   Other: 0.1ms
[2023-12-26T13:37:45.473+0100][833.802s] GC(38) Eden regions: 300->0(299)
[2023-12-26T13:37:45.473+0100][833.802s] GC(38) Survivor regions: 7->8(39)
[2023-12-26T13:37:45.473+0100][833.802s] GC(38) Old regions: 50->50
[2023-12-26T13:37:45.473+0100][833.802s] GC(38) Archive regions: 0->0
[2023-12-26T13:37:45.473+0100][833.802s] GC(38) Humongous regions: 4->4
[2023-12-26T13:37:45.473+0100][833.802s] GC(38) Metaspace: 60990K(61632K)->60990K(61632K) NonClass: 54108K(54336K)->54108K(54336K) Class: 6882K(7296K)->6882K(7296K)
[2023-12-26T13:37:45.473+0100][833.802s] GC(38) Pause Young (Normal) (G1 Evacuation Pause) 359M->60M(512M) 2.004ms
[2023-12-26T13:37:45.473+0100][833.802s] GC(38) User=0.00s Sys=0.00s Real=0.00s
[2023-12-26T13:37:46.284+0100][834.613s] GC(39) Pause Young (Concurrent Start) (CodeCache GC Threshold)
[2023-12-26T13:37:46.284+0100][834.613s] GC(39) Using 10 workers of 10 for evacuation
[2023-12-26T13:37:46.287+0100][834.616s] GC(39)   Pre Evacuate Collection Set: 0.2ms
[2023-12-26T13:37:46.287+0100][834.616s] GC(39)   Merge Heap Roots: 0.1ms
[2023-12-26T13:37:46.287+0100][834.616s] GC(39)   Evacuate Collection Set: 1.4ms
[2023-12-26T13:37:46.287+0100][834.616s] GC(39)   Post Evacuate Collection Set: 0.5ms
[2023-12-26T13:37:46.287+0100][834.616s] GC(39)   Other: 0.1ms
[2023-12-26T13:37:46.287+0100][834.616s] GC(39) Eden regions: 261->0(297)
[2023-12-26T13:37:46.287+0100][834.616s] GC(39) Survivor regions: 8->10(39)
[2023-12-26T13:37:46.287+0100][834.616s] GC(39) Old regions: 50->50
[2023-12-26T13:37:46.287+0100][834.616s] GC(39) Archive regions: 0->0
[2023-12-26T13:37:46.287+0100][834.616s] GC(39) Humongous regions: 4->4
[2023-12-26T13:37:46.287+0100][834.616s] GC(39) Metaspace: 61029K(61696K)->61029K(61696K) NonClass: 54147K(54400K)->54147K(54400K) Class: 6882K(7296K)->6882K(7296K)
[2023-12-26T13:37:46.287+0100][834.616s] GC(39) Pause Young (Concurrent Start) (CodeCache GC Threshold) 321M->62M(512M) 2.564ms
[2023-12-26T13:37:46.287+0100][834.616s] GC(39) User=0.00s Sys=0.00s Real=0.00s
[2023-12-26T13:37:46.287+0100][834.616s] GC(40) Concurrent Mark Cycle
[2023-12-26T13:37:46.287+0100][834.616s] GC(40) Concurrent Clear Claimed Marks
[2023-12-26T13:37:46.287+0100][834.616s] GC(40) Concurrent Clear Claimed Marks 0.028ms
[2023-12-26T13:37:46.287+0100][834.616s] GC(40) Concurrent Scan Root Regions
[2023-12-26T13:37:46.288+0100][834.617s] GC(40) Concurrent Scan Root Regions 0.666ms
[2023-12-26T13:37:46.288+0100][834.617s] GC(40) Concurrent Mark
[2023-12-26T13:37:46.288+0100][834.617s] GC(40) Concurrent Mark From Roots
[2023-12-26T13:37:46.288+0100][834.617s] GC(40) Using 3 workers of 3 for marking
[2023-12-26T13:37:46.309+0100][834.638s] GC(40) Concurrent Mark From Roots 21.238ms
[2023-12-26T13:37:46.309+0100][834.638s] GC(40) Concurrent Preclean
[2023-12-26T13:37:46.309+0100][834.638s] GC(40) Concurrent Preclean 0.229ms
[2023-12-26T13:37:46.309+0100][834.638s] GC(40) Pause Remark
[2023-12-26T13:37:46.316+0100][834.645s] GC(40) Pause Remark 69M->69M(512M) 6.196ms
[2023-12-26T13:37:46.316+0100][834.645s] GC(40) User=0.00s Sys=0.00s Real=0.01s
[2023-12-26T13:37:46.316+0100][834.645s] GC(40) Concurrent Mark 27.952ms
[2023-12-26T13:37:46.316+0100][834.645s] GC(40) Concurrent Rebuild Remembered Sets
[2023-12-26T13:37:46.328+0100][834.657s] GC(40) Concurrent Rebuild Remembered Sets 12.708ms
[2023-12-26T13:37:46.329+0100][834.658s] GC(40) Pause Cleanup
[2023-12-26T13:37:46.329+0100][834.658s] GC(40) Pause Cleanup 72M->72M(512M) 0.156ms
[2023-12-26T13:37:46.329+0100][834.658s] GC(40) User=0.00s Sys=0.00s Real=0.00s
[2023-12-26T13:37:46.329+0100][834.658s] GC(40) Concurrent Cleanup for Next Mark
[2023-12-26T13:37:46.330+0100][834.658s] GC(40) Concurrent Cleanup for Next Mark 0.665ms
[2023-12-26T13:37:46.330+0100][834.658s] GC(40) Concurrent Mark Cycle 42.555ms
[2023-12-26T13:37:47.255+0100][835.584s] GC(41) Pause Young (Prepare Mixed) (G1 Evacuation Pause)
[2023-12-26T13:37:47.255+0100][835.584s] GC(41) Using 10 workers of 10 for evacuation
[2023-12-26T13:37:47.257+0100][835.586s] GC(41)   Pre Evacuate Collection Set: 0.1ms
[2023-12-26T13:37:47.257+0100][835.586s] GC(41)   Merge Heap Roots: 0.1ms
[2023-12-26T13:37:47.257+0100][835.586s] GC(41)   Evacuate Collection Set: 1.5ms
[2023-12-26T13:37:47.257+0100][835.586s] GC(41)   Post Evacuate Collection Set: 0.6ms
[2023-12-26T13:37:47.257+0100][835.586s] GC(41)   Other: 0.1ms
[2023-12-26T13:37:47.257+0100][835.586s] GC(41) Eden regions: 297->0(14)
[2023-12-26T13:37:47.257+0100][835.586s] GC(41) Survivor regions: 10->11(39)
[2023-12-26T13:37:47.257+0100][835.586s] GC(41) Old regions: 50->50
[2023-12-26T13:37:47.257+0100][835.586s] GC(41) Archive regions: 0->0
[2023-12-26T13:37:47.257+0100][835.586s] GC(41) Humongous regions: 4->4
[2023-12-26T13:37:47.257+0100][835.586s] GC(41) Metaspace: 61071K(61696K)->61071K(61696K) NonClass: 54182K(54400K)->54182K(54400K) Class: 6888K(7296K)->6888K(7296K)
[2023-12-26T13:37:47.257+0100][835.586s] GC(41) Pause Young (Prepare Mixed) (G1 Evacuation Pause) 359M->63M(512M) 2.488ms
[2023-12-26T13:37:47.257+0100][835.586s] GC(41) User=0.16s Sys=0.00s Real=0.00s
[2023-12-26T13:37:47.292+0100][835.621s] GC(42) Pause Young (Mixed) (G1 Evacuation Pause)
[2023-12-26T13:37:47.292+0100][835.621s] GC(42) Using 10 workers of 10 for evacuation
[2023-12-26T13:37:47.294+0100][835.623s] GC(42)   Pre Evacuate Collection Set: 0.1ms
[2023-12-26T13:37:47.294+0100][835.623s] GC(42)   Merge Heap Roots: 0.1ms
[2023-12-26T13:37:47.294+0100][835.623s] GC(42)   Evacuate Collection Set: 1.5ms
[2023-12-26T13:37:47.294+0100][835.623s] GC(42)   Post Evacuate Collection Set: 0.4ms
[2023-12-26T13:37:47.294+0100][835.623s] GC(42)   Other: 0.1ms
[2023-12-26T13:37:47.294+0100][835.623s] GC(42) Eden regions: 14->0(306)
[2023-12-26T13:37:47.294+0100][835.623s] GC(42) Survivor regions: 11->1(4)
[2023-12-26T13:37:47.294+0100][835.623s] GC(42) Old regions: 50->59
[2023-12-26T13:37:47.294+0100][835.623s] GC(42) Archive regions: 0->0
[2023-12-26T13:37:47.294+0100][835.623s] GC(42) Humongous regions: 4->4
[2023-12-26T13:37:47.294+0100][835.623s] GC(42) Metaspace: 61074K(61696K)->61074K(61696K) NonClass: 54185K(54400K)->54185K(54400K) Class: 6888K(7296K)->6888K(7296K)
[2023-12-26T13:37:47.294+0100][835.624s] GC(42) Pause Young (Mixed) (G1 Evacuation Pause) 77M->62M(512M) 2.378ms
[2023-12-26T13:37:47.294+0100][835.624s] GC(42) User=0.00s Sys=0.00s Real=0.00s
[2023-12-26T13:37:48.236+0100][836.566s] GC(43) Pause Young (Normal) (G1 Evacuation Pause)
[2023-12-26T13:37:48.236+0100][836.566s] GC(43) Using 10 workers of 10 for evacuation
[2023-12-26T13:37:48.238+0100][836.567s] GC(43)   Pre Evacuate Collection Set: 0.1ms
[2023-12-26T13:37:48.238+0100][836.567s] GC(43)   Merge Heap Roots: 0.1ms
[2023-12-26T13:37:48.238+0100][836.567s] GC(43)   Evacuate Collection Set: 0.5ms
[2023-12-26T13:37:48.238+0100][836.567s] GC(43)   Post Evacuate Collection Set: 0.4ms
[2023-12-26T13:37:48.238+0100][836.567s] GC(43)   Other: 0.1ms
[2023-12-26T13:37:48.238+0100][836.567s] GC(43) Eden regions: 306->0(304)
[2023-12-26T13:37:48.238+0100][836.567s] GC(43) Survivor regions: 1->3(39)
[2023-12-26T13:37:48.238+0100][836.567s] GC(43) Old regions: 59->59
[2023-12-26T13:37:48.238+0100][836.567s] GC(43) Archive regions: 0->0
[2023-12-26T13:37:48.238+0100][836.567s] GC(43) Humongous regions: 4->4
[2023-12-26T13:37:48.238+0100][836.567s] GC(43) Metaspace: 61079K(61696K)->61079K(61696K) NonClass: 54190K(54400K)->54190K(54400K) Class: 6888K(7296K)->6888K(7296K)
[2023-12-26T13:37:48.238+0100][836.567s] GC(43) Pause Young (Normal) (G1 Evacuation Pause) 368M->64M(512M) 1.343ms
[2023-12-26T13:37:48.238+0100][836.567s] GC(43) User=0.00s Sys=0.00s Real=0.00s
[2023-12-26T13:37:49.182+0100][837.511s] GC(44) Pause Young (Normal) (G1 Evacuation Pause)
[2023-12-26T13:37:49.182+0100][837.511s] GC(44) Using 10 workers of 10 for evacuation
[2023-12-26T13:37:49.183+0100][837.513s] GC(44)   Pre Evacuate Collection Set: 0.1ms
[2023-12-26T13:37:49.183+0100][837.513s] GC(44)   Merge Heap Roots: 0.1ms
[2023-12-26T13:37:49.183+0100][837.513s] GC(44)   Evacuate Collection Set: 0.8ms
[2023-12-26T13:37:49.183+0100][837.513s] GC(44)   Post Evacuate Collection Set: 0.4ms
[2023-12-26T13:37:49.183+0100][837.513s] GC(44)   Other: 0.1ms
[2023-12-26T13:37:49.183+0100][837.513s] GC(44) Eden regions: 304->0(303)
[2023-12-26T13:37:49.183+0100][837.513s] GC(44) Survivor regions: 3->4(39)
[2023-12-26T13:37:49.183+0100][837.513s] GC(44) Old regions: 59->59
[2023-12-26T13:37:49.183+0100][837.513s] GC(44) Archive regions: 0->0
[2023-12-26T13:37:49.183+0100][837.513s] GC(44) Humongous regions: 4->4
[2023-12-26T13:37:49.183+0100][837.513s] GC(44) Metaspace: 61086K(61696K)->61086K(61696K) NonClass: 54197K(54400K)->54197K(54400K) Class: 6888K(7296K)->6888K(7296K)
[2023-12-26T13:37:49.183+0100][837.513s] GC(44) Pause Young (Normal) (G1 Evacuation Pause) 368M->65M(512M) 1.598ms
[2023-12-26T13:37:49.183+0100][837.513s] GC(44) User=0.00s Sys=0.00s Real=0.00s
[2023-12-26T13:37:50.102+0100][838.432s] GC(45) Pause Young (Normal) (G1 Evacuation Pause)
[2023-12-26T13:37:50.102+0100][838.432s] GC(45) Using 10 workers of 10 for evacuation
[2023-12-26T13:37:50.104+0100][838.433s] GC(45)   Pre Evacuate Collection Set: 0.1ms
[2023-12-26T13:37:50.104+0100][838.433s] GC(45)   Merge Heap Roots: 0.1ms
[2023-12-26T13:37:50.104+0100][838.433s] GC(45)   Evacuate Collection Set: 0.8ms
[2023-12-26T13:37:50.104+0100][838.433s] GC(45)   Post Evacuate Collection Set: 0.4ms
[2023-12-26T13:37:50.104+0100][838.433s] GC(45)   Other: 0.1ms
[2023-12-26T13:37:50.104+0100][838.433s] GC(45) Eden regions: 303->0(303)
[2023-12-26T13:37:50.104+0100][838.433s] GC(45) Survivor regions: 4->4(39)
[2023-12-26T13:37:50.104+0100][838.433s] GC(45) Old regions: 59->59
[2023-12-26T13:37:50.104+0100][838.433s] GC(45) Archive regions: 0->0
[2023-12-26T13:37:50.104+0100][838.433s] GC(45) Humongous regions: 4->4
[2023-12-26T13:37:50.104+0100][838.433s] GC(45) Metaspace: 61117K(61760K)->61117K(61760K) NonClass: 54228K(54464K)->54228K(54464K) Class: 6888K(7296K)->6888K(7296K)
[2023-12-26T13:37:50.104+0100][838.433s] GC(45) Pause Young (Normal) (G1 Evacuation Pause) 368M->66M(512M) 1.637ms
[2023-12-26T13:37:50.104+0100][838.433s] GC(45) User=0.00s Sys=0.00s Real=0.00s
[2023-12-26T13:37:51.038+0100][839.368s] GC(46) Pause Young (Normal) (G1 Evacuation Pause)
[2023-12-26T13:37:51.038+0100][839.368s] GC(46) Using 10 workers of 10 for evacuation
[2023-12-26T13:37:51.039+0100][839.369s] GC(46)   Pre Evacuate Collection Set: 0.1ms
[2023-12-26T13:37:51.039+0100][839.369s] GC(46)   Merge Heap Roots: 0.1ms
[2023-12-26T13:37:51.039+0100][839.369s] GC(46)   Evacuate Collection Set: 0.8ms
[2023-12-26T13:37:51.039+0100][839.369s] GC(46)   Post Evacuate Collection Set: 0.4ms
[2023-12-26T13:37:51.039+0100][839.369s] GC(46)   Other: 0.1ms
[2023-12-26T13:37:51.039+0100][839.369s] GC(46) Eden regions: 303->0(301)
[2023-12-26T13:37:51.039+0100][839.369s] GC(46) Survivor regions: 4->6(39)
[2023-12-26T13:37:51.039+0100][839.369s] GC(46) Old regions: 59->59
[2023-12-26T13:37:51.039+0100][839.369s] GC(46) Archive regions: 0->0
[2023-12-26T13:37:51.039+0100][839.369s] GC(46) Humongous regions: 4->4
[2023-12-26T13:37:51.039+0100][839.369s] GC(46) Metaspace: 61164K(61760K)->61164K(61760K) NonClass: 54275K(54464K)->54275K(54464K) Class: 6888K(7296K)->6888K(7296K)
[2023-12-26T13:37:51.040+0100][839.369s] GC(46) Pause Young (Normal) (G1 Evacuation Pause) 369M->67M(512M) 1.630ms
[2023-12-26T13:37:51.040+0100][839.369s] GC(46) User=0.00s Sys=0.00s Real=0.00s
[2023-12-26T13:37:51.912+0100][840.241s] GC(47) Pause Young (Normal) (G1 Evacuation Pause)
[2023-12-26T13:37:51.912+0100][840.241s] GC(47) Using 10 workers of 10 for evacuation
[2023-12-26T13:37:51.914+0100][840.243s] GC(47)   Pre Evacuate Collection Set: 0.1ms
[2023-12-26T13:37:51.914+0100][840.243s] GC(47)   Merge Heap Roots: 0.2ms
[2023-12-26T13:37:51.914+0100][840.243s] GC(47)   Evacuate Collection Set: 1.0ms
[2023-12-26T13:37:51.914+0100][840.243s] GC(47)   Post Evacuate Collection Set: 0.7ms
[2023-12-26T13:37:51.914+0100][840.243s] GC(47)   Other: 0.1ms
[2023-12-26T13:37:51.914+0100][840.243s] GC(47) Eden regions: 301->0(300)
[2023-12-26T13:37:51.914+0100][840.243s] GC(47) Survivor regions: 6->7(39)
[2023-12-26T13:37:51.914+0100][840.243s] GC(47) Old regions: 59->59
[2023-12-26T13:37:51.914+0100][840.243s] GC(47) Archive regions: 0->0
[2023-12-26T13:37:51.914+0100][840.243s] GC(47) Humongous regions: 4->4
[2023-12-26T13:37:51.914+0100][840.243s] GC(47) Metaspace: 61170K(61824K)->61170K(61824K) NonClass: 54281K(54528K)->54281K(54528K) Class: 6888K(7296K)->6888K(7296K)
[2023-12-26T13:37:51.914+0100][840.243s] GC(47) Pause Young (Normal) (G1 Evacuation Pause) 368M->68M(512M) 2.244ms
[2023-12-26T13:37:51.914+0100][840.243s] GC(47) User=0.00s Sys=0.00s Real=0.00s
[2023-12-26T13:37:51.992+0100][840.321s] GC(48) Pause Young (Concurrent Start) (CodeCache GC Threshold)
[2023-12-26T13:37:51.992+0100][840.321s] GC(48) Using 10 workers of 10 for evacuation
[2023-12-26T13:37:51.994+0100][840.323s] GC(48)   Pre Evacuate Collection Set: 0.1ms
[2023-12-26T13:37:51.994+0100][840.323s] GC(48)   Merge Heap Roots: 0.1ms
[2023-12-26T13:37:51.994+0100][840.323s] GC(48)   Evacuate Collection Set: 1.1ms
[2023-12-26T13:37:51.994+0100][840.323s] GC(48)   Post Evacuate Collection Set: 0.3ms
[2023-12-26T13:37:51.994+0100][840.323s] GC(48)   Other: 0.1ms
[2023-12-26T13:37:51.994+0100][840.323s] GC(48) Eden regions: 30->0(300)
[2023-12-26T13:37:51.994+0100][840.323s] GC(48) Survivor regions: 7->7(39)
[2023-12-26T13:37:51.994+0100][840.323s] GC(48) Old regions: 59->59
[2023-12-26T13:37:51.994+0100][840.323s] GC(48) Archive regions: 0->0
[2023-12-26T13:37:51.994+0100][840.323s] GC(48) Humongous regions: 4->4
[2023-12-26T13:37:51.994+0100][840.323s] GC(48) Metaspace: 61181K(61888K)->61181K(61888K) NonClass: 54292K(54592K)->54292K(54592K) Class: 6888K(7296K)->6888K(7296K)
[2023-12-26T13:37:51.994+0100][840.323s] GC(48) Pause Young (Concurrent Start) (CodeCache GC Threshold) 98M->68M(512M) 2.043ms
[2023-12-26T13:37:51.994+0100][840.323s] GC(49) Concurrent Mark Cycle
[2023-12-26T13:37:51.994+0100][840.323s] GC(48) User=0.00s Sys=0.00s Real=0.00s
[2023-12-26T13:37:51.994+0100][840.323s] GC(49) Concurrent Clear Claimed Marks
[2023-12-26T13:37:51.994+0100][840.323s] GC(49) Concurrent Clear Claimed Marks 0.050ms
[2023-12-26T13:37:51.994+0100][840.323s] GC(49) Concurrent Scan Root Regions
[2023-12-26T13:37:51.994+0100][840.324s] GC(49) Concurrent Scan Root Regions 0.664ms
[2023-12-26T13:37:51.994+0100][840.324s] GC(49) Concurrent Mark
[2023-12-26T13:37:51.994+0100][840.324s] GC(49) Concurrent Mark From Roots
[2023-12-26T13:37:51.994+0100][840.324s] GC(49) Using 3 workers of 3 for marking
[2023-12-26T13:37:52.018+0100][840.347s] GC(49) Concurrent Mark From Roots 23.435ms
[2023-12-26T13:37:52.018+0100][840.347s] GC(49) Concurrent Preclean
[2023-12-26T13:37:52.018+0100][840.347s] GC(49) Concurrent Preclean 0.211ms
[2023-12-26T13:37:52.018+0100][840.348s] GC(49) Pause Remark
[2023-12-26T13:37:52.023+0100][840.352s] GC(49) Pause Remark 74M->74M(512M) 4.829ms
[2023-12-26T13:37:52.023+0100][840.353s] GC(49) User=0.02s Sys=0.00s Real=0.01s
[2023-12-26T13:37:52.023+0100][840.353s] GC(49) Concurrent Mark 28.834ms
[2023-12-26T13:37:52.023+0100][840.353s] GC(49) Concurrent Rebuild Remembered Sets
[2023-12-26T13:37:52.034+0100][840.364s] GC(49) Concurrent Rebuild Remembered Sets 11.027ms
[2023-12-26T13:37:52.034+0100][840.364s] GC(49) Pause Cleanup
[2023-12-26T13:37:52.034+0100][840.364s] GC(49) Pause Cleanup 75M->75M(512M) 0.232ms
[2023-12-26T13:37:52.034+0100][840.364s] GC(49) User=0.00s Sys=0.00s Real=0.00s
[2023-12-26T13:37:52.034+0100][840.364s] GC(49) Concurrent Cleanup for Next Mark
[2023-12-26T13:37:52.035+0100][840.365s] GC(49) Concurrent Cleanup for Next Mark 0.715ms
[2023-12-26T13:37:52.035+0100][840.365s] GC(49) Concurrent Mark Cycle 41.882ms
[2023-12-26T13:37:52.913+0100][841.242s] GC(50) Pause Young (Prepare Mixed) (G1 Evacuation Pause)
[2023-12-26T13:37:52.913+0100][841.242s] GC(50) Using 10 workers of 10 for evacuation
[2023-12-26T13:37:52.915+0100][841.244s] GC(50)   Pre Evacuate Collection Set: 0.1ms
[2023-12-26T13:37:52.915+0100][841.244s] GC(50)   Merge Heap Roots: 0.1ms
[2023-12-26T13:37:52.915+0100][841.244s] GC(50)   Evacuate Collection Set: 1.2ms
[2023-12-26T13:37:52.915+0100][841.244s] GC(50)   Post Evacuate Collection Set: 0.4ms
[2023-12-26T13:37:52.915+0100][841.244s] GC(50)   Other: 0.1ms
[2023-12-26T13:37:52.915+0100][841.244s] GC(50) Eden regions: 300->0(17)
[2023-12-26T13:37:52.915+0100][841.244s] GC(50) Survivor regions: 7->8(39)
[2023-12-26T13:37:52.915+0100][841.244s] GC(50) Old regions: 59->59
[2023-12-26T13:37:52.915+0100][841.244s] GC(50) Archive regions: 0->0
[2023-12-26T13:37:52.915+0100][841.244s] GC(50) Humongous regions: 4->4
[2023-12-26T13:37:52.915+0100][841.244s] GC(50) Metaspace: 61270K(61952K)->61270K(61952K) NonClass: 54381K(54656K)->54381K(54656K) Class: 6888K(7296K)->6888K(7296K)
[2023-12-26T13:37:52.915+0100][841.244s] GC(50) Pause Young (Prepare Mixed) (G1 Evacuation Pause) 368M->69M(512M) 2.155ms
[2023-12-26T13:37:52.915+0100][841.244s] GC(50) User=0.00s Sys=0.00s Real=0.00s
[2023-12-26T13:37:52.960+0100][841.290s] GC(51) Pause Young (Mixed) (G1 Evacuation Pause)
[2023-12-26T13:37:52.960+0100][841.290s] GC(51) Using 10 workers of 10 for evacuation
[2023-12-26T13:37:52.962+0100][841.292s] GC(51)   Pre Evacuate Collection Set: 0.1ms
[2023-12-26T13:37:52.962+0100][841.292s] GC(51)   Merge Heap Roots: 0.1ms
[2023-12-26T13:37:52.962+0100][841.292s] GC(51)   Evacuate Collection Set: 1.3ms
[2023-12-26T13:37:52.962+0100][841.292s] GC(51)   Post Evacuate Collection Set: 0.4ms
[2023-12-26T13:37:52.962+0100][841.292s] GC(51)   Other: 0.0ms
[2023-12-26T13:37:52.962+0100][841.292s] GC(51) Eden regions: 17->0(304)
[2023-12-26T13:37:52.962+0100][841.292s] GC(51) Survivor regions: 8->3(4)
[2023-12-26T13:37:52.962+0100][841.292s] GC(51) Old regions: 59->64
[2023-12-26T13:37:52.962+0100][841.292s] GC(51) Archive regions: 0->0
[2023-12-26T13:37:52.962+0100][841.292s] GC(51) Humongous regions: 4->4
[2023-12-26T13:37:52.962+0100][841.292s] GC(51) Metaspace: 61270K(61952K)->61270K(61952K) NonClass: 54381K(54656K)->54381K(54656K) Class: 6888K(7296K)->6888K(7296K)
[2023-12-26T13:37:52.962+0100][841.292s] GC(51) Pause Young (Mixed) (G1 Evacuation Pause) 86M->69M(512M) 2.246ms
[2023-12-26T13:37:52.962+0100][841.292s] GC(51) User=0.00s Sys=0.00s Real=0.00s
[2023-12-26T13:37:53.848+0100][842.178s] GC(52) Pause Young (Normal) (G1 Evacuation Pause)
[2023-12-26T13:37:53.848+0100][842.178s] GC(52) Using 10 workers of 10 for evacuation
[2023-12-26T13:37:53.849+0100][842.179s] GC(52)   Pre Evacuate Collection Set: 0.1ms
[2023-12-26T13:37:53.849+0100][842.179s] GC(52)   Merge Heap Roots: 0.1ms
[2023-12-26T13:37:53.849+0100][842.179s] GC(52)   Evacuate Collection Set: 0.6ms
[2023-12-26T13:37:53.849+0100][842.179s] GC(52)   Post Evacuate Collection Set: 0.4ms
[2023-12-26T13:37:53.849+0100][842.179s] GC(52)   Other: 0.1ms
[2023-12-26T13:37:53.849+0100][842.179s] GC(52) Eden regions: 304->0(303)
[2023-12-26T13:37:53.849+0100][842.179s] GC(52) Survivor regions: 3->4(39)
[2023-12-26T13:37:53.849+0100][842.179s] GC(52) Old regions: 64->64
[2023-12-26T13:37:53.849+0100][842.179s] GC(52) Archive regions: 0->0
[2023-12-26T13:37:53.849+0100][842.179s] GC(52) Humongous regions: 4->4
[2023-12-26T13:37:53.849+0100][842.179s] GC(52) Metaspace: 61287K(61952K)->61287K(61952K) NonClass: 54397K(54656K)->54397K(54656K) Class: 6889K(7296K)->6889K(7296K)
[2023-12-26T13:37:53.849+0100][842.179s] GC(52) Pause Young (Normal) (G1 Evacuation Pause) 373M->70M(512M) 1.383ms
[2023-12-26T13:37:53.849+0100][842.179s] GC(52) User=0.00s Sys=0.00s Real=0.00s
[2023-12-26T13:37:54.791+0100][843.121s] GC(53) Pause Young (Normal) (G1 Evacuation Pause)
[2023-12-26T13:37:54.791+0100][843.121s] GC(53) Using 10 workers of 10 for evacuation
[2023-12-26T13:37:54.793+0100][843.122s] GC(53)   Pre Evacuate Collection Set: 0.1ms
[2023-12-26T13:37:54.793+0100][843.122s] GC(53)   Merge Heap Roots: 0.1ms
[2023-12-26T13:37:54.793+0100][843.122s] GC(53)   Evacuate Collection Set: 0.7ms
[2023-12-26T13:37:54.793+0100][843.122s] GC(53)   Post Evacuate Collection Set: 0.5ms
[2023-12-26T13:37:54.793+0100][843.122s] GC(53)   Other: 0.1ms
[2023-12-26T13:37:54.793+0100][843.122s] GC(53) Eden regions: 303->0(302)
[2023-12-26T13:37:54.793+0100][843.122s] GC(53) Survivor regions: 4->5(39)
[2023-12-26T13:37:54.793+0100][843.122s] GC(53) Old regions: 64->64
[2023-12-26T13:37:54.793+0100][843.122s] GC(53) Archive regions: 0->0
[2023-12-26T13:37:54.793+0100][843.122s] GC(53) Humongous regions: 4->4
[2023-12-26T13:37:54.793+0100][843.122s] GC(53) Metaspace: 61287K(61952K)->61287K(61952K) NonClass: 54397K(54656K)->54397K(54656K) Class: 6889K(7296K)->6889K(7296K)
[2023-12-26T13:37:54.793+0100][843.122s] GC(53) Pause Young (Normal) (G1 Evacuation Pause) 373M->71M(512M) 1.619ms
[2023-12-26T13:37:54.793+0100][843.122s] GC(53) User=0.00s Sys=0.00s Real=0.00s
[2023-12-26T13:37:55.667+0100][843.997s] GC(54) Pause Young (Normal) (G1 Evacuation Pause)
[2023-12-26T13:37:55.667+0100][843.997s] GC(54) Using 10 workers of 10 for evacuation
[2023-12-26T13:37:55.669+0100][843.999s] GC(54)   Pre Evacuate Collection Set: 0.1ms
[2023-12-26T13:37:55.669+0100][843.999s] GC(54)   Merge Heap Roots: 0.1ms
[2023-12-26T13:37:55.669+0100][843.999s] GC(54)   Evacuate Collection Set: 0.8ms
[2023-12-26T13:37:55.669+0100][843.999s] GC(54)   Post Evacuate Collection Set: 0.5ms
[2023-12-26T13:37:55.669+0100][843.999s] GC(54)   Other: 0.1ms
[2023-12-26T13:37:55.669+0100][843.999s] GC(54) Eden regions: 302->0(301)
[2023-12-26T13:37:55.669+0100][843.999s] GC(54) Survivor regions: 5->6(39)
[2023-12-26T13:37:55.669+0100][843.999s] GC(54) Old regions: 64->64
[2023-12-26T13:37:55.669+0100][843.999s] GC(54) Archive regions: 0->0
[2023-12-26T13:37:55.669+0100][843.999s] GC(54) Humongous regions: 4->4
[2023-12-26T13:37:55.669+0100][843.999s] GC(54) Metaspace: 61289K(61952K)->61289K(61952K) NonClass: 54399K(54656K)->54399K(54656K) Class: 6889K(7296K)->6889K(7296K)
[2023-12-26T13:37:55.669+0100][843.999s] GC(54) Pause Young (Normal) (G1 Evacuation Pause) 373M->72M(512M) 1.785ms
[2023-12-26T13:37:55.669+0100][843.999s] GC(54) User=0.00s Sys=0.00s Real=0.00s
[2023-12-26T13:37:56.614+0100][844.943s] GC(55) Pause Young (Normal) (G1 Evacuation Pause)
[2023-12-26T13:37:56.614+0100][844.943s] GC(55) Using 10 workers of 10 for evacuation
[2023-12-26T13:37:56.615+0100][844.945s] GC(55)   Pre Evacuate Collection Set: 0.1ms
[2023-12-26T13:37:56.615+0100][844.945s] GC(55)   Merge Heap Roots: 0.1ms
[2023-12-26T13:37:56.615+0100][844.945s] GC(55)   Evacuate Collection Set: 1.0ms
[2023-12-26T13:37:56.615+0100][844.945s] GC(55)   Post Evacuate Collection Set: 0.5ms
[2023-12-26T13:37:56.616+0100][844.945s] GC(55)   Other: 0.1ms
[2023-12-26T13:37:56.616+0100][844.945s] GC(55) Eden regions: 301->0(300)
[2023-12-26T13:37:56.616+0100][844.945s] GC(55) Survivor regions: 6->7(39)
[2023-12-26T13:37:56.616+0100][844.945s] GC(55) Old regions: 64->64
[2023-12-26T13:37:56.616+0100][844.945s] GC(55) Archive regions: 0->0
[2023-12-26T13:37:56.616+0100][844.945s] GC(55) Humongous regions: 4->4
[2023-12-26T13:37:56.616+0100][844.945s] GC(55) Metaspace: 61308K(61952K)->61308K(61952K) NonClass: 54418K(54656K)->54418K(54656K) Class: 6889K(7296K)->6889K(7296K)
[2023-12-26T13:37:56.616+0100][844.945s] GC(55) Pause Young (Normal) (G1 Evacuation Pause) 373M->73M(512M) 2.050ms
[2023-12-26T13:37:56.616+0100][844.945s] GC(55) User=0.16s Sys=0.00s Real=0.00s
[2023-12-26T13:37:57.520+0100][845.850s] GC(56) Pause Young (Normal) (G1 Evacuation Pause)
[2023-12-26T13:37:57.520+0100][845.850s] GC(56) Using 10 workers of 10 for evacuation
[2023-12-26T13:37:57.522+0100][845.852s] GC(56)   Pre Evacuate Collection Set: 0.1ms
[2023-12-26T13:37:57.522+0100][845.852s] GC(56)   Merge Heap Roots: 0.1ms
[2023-12-26T13:37:57.522+0100][845.852s] GC(56)   Evacuate Collection Set: 1.0ms
[2023-12-26T13:37:57.522+0100][845.852s] GC(56)   Post Evacuate Collection Set: 0.5ms
[2023-12-26T13:37:57.522+0100][845.852s] GC(56)   Other: 0.1ms
[2023-12-26T13:37:57.522+0100][845.852s] GC(56) Eden regions: 300->0(299)
[2023-12-26T13:37:57.522+0100][845.852s] GC(56) Survivor regions: 7->8(39)
[2023-12-26T13:37:57.522+0100][845.852s] GC(56) Old regions: 64->64
[2023-12-26T13:37:57.522+0100][845.852s] GC(56) Archive regions: 0->0
[2023-12-26T13:37:57.522+0100][845.852s] GC(56) Humongous regions: 4->4
[2023-12-26T13:37:57.522+0100][845.852s] GC(56) Metaspace: 61349K(62016K)->61349K(62016K) NonClass: 54459K(54720K)->54459K(54720K) Class: 6889K(7296K)->6889K(7296K)
[2023-12-26T13:37:57.522+0100][845.852s] GC(56) Pause Young (Normal) (G1 Evacuation Pause) 373M->74M(512M) 2.004ms
[2023-12-26T13:37:57.522+0100][845.852s] GC(56) User=0.00s Sys=0.00s Real=0.00s
[2023-12-26T13:37:58.418+0100][846.747s] GC(57) Pause Young (Normal) (G1 Evacuation Pause)
[2023-12-26T13:37:58.418+0100][846.747s] GC(57) Using 10 workers of 10 for evacuation
[2023-12-26T13:37:58.420+0100][846.749s] GC(57)   Pre Evacuate Collection Set: 0.1ms
[2023-12-26T13:37:58.420+0100][846.749s] GC(57)   Merge Heap Roots: 0.1ms
[2023-12-26T13:37:58.420+0100][846.749s] GC(57)   Evacuate Collection Set: 1.1ms
[2023-12-26T13:37:58.420+0100][846.749s] GC(57)   Post Evacuate Collection Set: 0.5ms
[2023-12-26T13:37:58.420+0100][846.749s] GC(57)   Other: 0.1ms
[2023-12-26T13:37:58.420+0100][846.749s] GC(57) Eden regions: 299->0(298)
[2023-12-26T13:37:58.420+0100][846.749s] GC(57) Survivor regions: 8->9(39)
[2023-12-26T13:37:58.420+0100][846.749s] GC(57) Old regions: 64->64
[2023-12-26T13:37:58.420+0100][846.749s] GC(57) Archive regions: 0->0
[2023-12-26T13:37:58.420+0100][846.750s] GC(57) Humongous regions: 4->4
[2023-12-26T13:37:58.420+0100][846.750s] GC(57) Metaspace: 61349K(62016K)->61349K(62016K) NonClass: 54459K(54720K)->54459K(54720K) Class: 6889K(7296K)->6889K(7296K)
[2023-12-26T13:37:58.420+0100][846.750s] GC(57) Pause Young (Normal) (G1 Evacuation Pause) 373M->75M(512M) 2.120ms
[2023-12-26T13:37:58.420+0100][846.750s] GC(57) User=0.00s Sys=0.00s Real=0.00s
[2023-12-26T13:37:59.285+0100][847.614s] GC(58) Pause Young (Normal) (G1 Evacuation Pause)
[2023-12-26T13:37:59.285+0100][847.614s] GC(58) Using 10 workers of 10 for evacuation
[2023-12-26T13:37:59.287+0100][847.616s] GC(58)   Pre Evacuate Collection Set: 0.1ms
[2023-12-26T13:37:59.287+0100][847.616s] GC(58)   Merge Heap Roots: 0.1ms
[2023-12-26T13:37:59.287+0100][847.616s] GC(58)   Evacuate Collection Set: 1.2ms
[2023-12-26T13:37:59.287+0100][847.616s] GC(58)   Post Evacuate Collection Set: 0.5ms
[2023-12-26T13:37:59.287+0100][847.616s] GC(58)   Other: 0.1ms
[2023-12-26T13:37:59.287+0100][847.616s] GC(58) Eden regions: 298->0(297)
[2023-12-26T13:37:59.287+0100][847.616s] GC(58) Survivor regions: 9->10(39)
[2023-12-26T13:37:59.287+0100][847.616s] GC(58) Old regions: 64->64
[2023-12-26T13:37:59.287+0100][847.616s] GC(58) Archive regions: 0->0
[2023-12-26T13:37:59.287+0100][847.616s] GC(58) Humongous regions: 4->4
[2023-12-26T13:37:59.287+0100][847.616s] GC(58) Metaspace: 61520K(62144K)->61520K(62144K) NonClass: 54630K(54848K)->54630K(54848K) Class: 6889K(7296K)->6889K(7296K)
[2023-12-26T13:37:59.287+0100][847.616s] GC(58) Pause Young (Normal) (G1 Evacuation Pause) 373M->76M(512M) 2.178ms
[2023-12-26T13:37:59.287+0100][847.616s] GC(58) User=0.00s Sys=0.00s Real=0.00s
[2023-12-26T13:38:00.180+0100][848.509s] GC(59) Pause Young (Normal) (G1 Evacuation Pause)
[2023-12-26T13:38:00.180+0100][848.509s] GC(59) Using 10 workers of 10 for evacuation
[2023-12-26T13:38:00.183+0100][848.512s] GC(59)   Pre Evacuate Collection Set: 0.1ms
[2023-12-26T13:38:00.183+0100][848.512s] GC(59)   Merge Heap Roots: 0.1ms
[2023-12-26T13:38:00.183+0100][848.512s] GC(59)   Evacuate Collection Set: 1.5ms
[2023-12-26T13:38:00.183+0100][848.512s] GC(59)   Post Evacuate Collection Set: 0.4ms
[2023-12-26T13:38:00.183+0100][848.512s] GC(59)   Other: 0.1ms
[2023-12-26T13:38:00.183+0100][848.512s] GC(59) Eden regions: 297->0(296)
[2023-12-26T13:38:00.183+0100][848.512s] GC(59) Survivor regions: 10->11(39)
[2023-12-26T13:38:00.183+0100][848.512s] GC(59) Old regions: 64->64
[2023-12-26T13:38:00.183+0100][848.512s] GC(59) Archive regions: 0->0
[2023-12-26T13:38:00.183+0100][848.512s] GC(59) Humongous regions: 4->4
[2023-12-26T13:38:00.183+0100][848.512s] GC(59) Metaspace: 61521K(62144K)->61521K(62144K) NonClass: 54631K(54848K)->54631K(54848K) Class: 6889K(7296K)->6889K(7296K)
[2023-12-26T13:38:00.183+0100][848.512s] GC(59) Pause Young (Normal) (G1 Evacuation Pause) 373M->77M(512M) 2.359ms
[2023-12-26T13:38:00.183+0100][848.512s] GC(59) User=0.00s Sys=0.00s Real=0.00s
[2023-12-26T13:38:00.959+0100][849.288s] GC(60) Pause Young (Concurrent Start) (CodeCache GC Threshold)
[2023-12-26T13:38:00.959+0100][849.288s] GC(60) Using 10 workers of 10 for evacuation
[2023-12-26T13:38:00.962+0100][849.291s] GC(60)   Pre Evacuate Collection Set: 0.1ms
[2023-12-26T13:38:00.962+0100][849.291s] GC(60)   Merge Heap Roots: 0.1ms
[2023-12-26T13:38:00.962+0100][849.291s] GC(60)   Evacuate Collection Set: 1.9ms
[2023-12-26T13:38:00.962+0100][849.291s] GC(60)   Post Evacuate Collection Set: 0.5ms
[2023-12-26T13:38:00.962+0100][849.291s] GC(60)   Other: 0.1ms
[2023-12-26T13:38:00.962+0100][849.291s] GC(60) Eden regions: 265->0(295)
[2023-12-26T13:38:00.962+0100][849.291s] GC(60) Survivor regions: 11->12(39)
[2023-12-26T13:38:00.962+0100][849.291s] GC(60) Old regions: 64->64
[2023-12-26T13:38:00.962+0100][849.291s] GC(60) Archive regions: 0->0
[2023-12-26T13:38:00.962+0100][849.291s] GC(60) Humongous regions: 4->4
[2023-12-26T13:38:00.963+0100][849.291s] GC(60) Metaspace: 61527K(62144K)->61527K(62144K) NonClass: 54637K(54848K)->54637K(54848K) Class: 6889K(7296K)->6889K(7296K)
[2023-12-26T13:38:00.963+0100][849.291s] GC(60) Pause Young (Concurrent Start) (CodeCache GC Threshold) 341M->78M(512M) 3.088ms
[2023-12-26T13:38:00.963+0100][849.291s] GC(60) User=0.03s Sys=0.00s Real=0.00s
[2023-12-26T13:38:00.963+0100][849.291s] GC(61) Concurrent Mark Cycle
[2023-12-26T13:38:00.963+0100][849.291s] GC(61) Concurrent Clear Claimed Marks
[2023-12-26T13:38:00.963+0100][849.291s] GC(61) Concurrent Clear Claimed Marks 0.035ms
[2023-12-26T13:38:00.963+0100][849.291s] GC(61) Concurrent Scan Root Regions
[2023-12-26T13:38:00.964+0100][849.292s] GC(61) Concurrent Scan Root Regions 0.906ms
[2023-12-26T13:38:00.964+0100][849.292s] GC(61) Concurrent Mark
[2023-12-26T13:38:00.964+0100][849.292s] GC(61) Concurrent Mark From Roots
[2023-12-26T13:38:00.964+0100][849.292s] GC(61) Using 3 workers of 3 for marking
[2023-12-26T13:38:00.987+0100][849.317s] GC(61) Concurrent Mark From Roots 24.535ms
[2023-12-26T13:38:00.987+0100][849.317s] GC(61) Concurrent Preclean
[2023-12-26T13:38:00.987+0100][849.317s] GC(61) Concurrent Preclean 0.221ms
[2023-12-26T13:38:00.988+0100][849.317s] GC(61) Pause Remark
[2023-12-26T13:38:00.993+0100][849.323s] GC(61) Pause Remark 84M->84M(512M) 5.747ms
[2023-12-26T13:38:00.993+0100][849.323s] GC(61) User=0.03s Sys=0.00s Real=0.01s
[2023-12-26T13:38:00.994+0100][849.323s] GC(61) Concurrent Mark 30.908ms
[2023-12-26T13:38:00.994+0100][849.323s] GC(61) Concurrent Rebuild Remembered Sets
[2023-12-26T13:38:01.006+0100][849.336s] GC(61) Concurrent Rebuild Remembered Sets 12.279ms
[2023-12-26T13:38:01.006+0100][849.336s] GC(61) Pause Cleanup
[2023-12-26T13:38:01.006+0100][849.336s] GC(61) Pause Cleanup 87M->87M(512M) 0.121ms
[2023-12-26T13:38:01.006+0100][849.336s] GC(61) User=0.00s Sys=0.00s Real=0.00s
[2023-12-26T13:38:01.006+0100][849.336s] GC(61) Concurrent Cleanup for Next Mark
[2023-12-26T13:38:01.007+0100][849.337s] GC(61) Concurrent Cleanup for Next Mark 0.905ms
[2023-12-26T13:38:01.007+0100][849.337s] GC(61) Concurrent Mark Cycle 45.650ms
[2023-12-26T13:38:01.958+0100][850.287s] GC(62) Pause Young (Prepare Mixed) (G1 Evacuation Pause)
[2023-12-26T13:38:01.958+0100][850.287s] GC(62) Using 10 workers of 10 for evacuation
[2023-12-26T13:38:01.960+0100][850.289s] GC(62)   Pre Evacuate Collection Set: 0.1ms
[2023-12-26T13:38:01.960+0100][850.289s] GC(62)   Merge Heap Roots: 0.1ms
[2023-12-26T13:38:01.960+0100][850.289s] GC(62)   Evacuate Collection Set: 1.7ms
[2023-12-26T13:38:01.960+0100][850.290s] GC(62)   Post Evacuate Collection Set: 0.4ms
[2023-12-26T13:38:01.960+0100][850.290s] GC(62)   Other: 0.1ms
[2023-12-26T13:38:01.960+0100][850.290s] GC(62) Eden regions: 295->0(12)
[2023-12-26T13:38:01.960+0100][850.290s] GC(62) Survivor regions: 12->13(39)
[2023-12-26T13:38:01.960+0100][850.290s] GC(62) Old regions: 64->64
[2023-12-26T13:38:01.960+0100][850.290s] GC(62) Archive regions: 0->0
[2023-12-26T13:38:01.960+0100][850.290s] GC(62) Humongous regions: 4->4
[2023-12-26T13:38:01.960+0100][850.290s] GC(62) Metaspace: 61529K(62144K)->61529K(62144K) NonClass: 54639K(54848K)->54639K(54848K) Class: 6890K(7296K)->6890K(7296K)
[2023-12-26T13:38:01.960+0100][850.290s] GC(62) Pause Young (Prepare Mixed) (G1 Evacuation Pause) 373M->79M(512M) 2.688ms
[2023-12-26T13:38:01.960+0100][850.290s] GC(62) User=0.16s Sys=0.00s Real=0.00s
[2023-12-26T13:38:01.984+0100][850.313s] GC(63) Pause Young (Mixed) (G1 Evacuation Pause)
[2023-12-26T13:38:01.984+0100][850.313s] GC(63) Using 10 workers of 10 for evacuation
[2023-12-26T13:38:01.987+0100][850.316s] GC(63)   Pre Evacuate Collection Set: 0.1ms
[2023-12-26T13:38:01.987+0100][850.316s] GC(63)   Merge Heap Roots: 0.1ms
[2023-12-26T13:38:01.987+0100][850.316s] GC(63)   Evacuate Collection Set: 1.7ms
[2023-12-26T13:38:01.987+0100][850.316s] GC(63)   Post Evacuate Collection Set: 0.5ms
[2023-12-26T13:38:01.987+0100][850.316s] GC(63)   Other: 0.1ms
[2023-12-26T13:38:01.987+0100][850.316s] GC(63) Eden regions: 12->0(304)
[2023-12-26T13:38:01.987+0100][850.316s] GC(63) Survivor regions: 13->3(4)
[2023-12-26T13:38:01.987+0100][850.316s] GC(63) Old regions: 64->73
[2023-12-26T13:38:01.987+0100][850.316s] GC(63) Archive regions: 0->0
[2023-12-26T13:38:01.987+0100][850.316s] GC(63) Humongous regions: 4->4
[2023-12-26T13:38:01.987+0100][850.316s] GC(63) Metaspace: 61529K(62144K)->61529K(62144K) NonClass: 54639K(54848K)->54639K(54848K) Class: 6890K(7296K)->6890K(7296K)
[2023-12-26T13:38:01.987+0100][850.316s] GC(63) Pause Young (Mixed) (G1 Evacuation Pause) 91M->79M(512M) 2.649ms
[2023-12-26T13:38:01.987+0100][850.316s] GC(63) User=0.00s Sys=0.00s Real=0.00s
[2023-12-26T13:38:02.975+0100][851.304s] GC(64) Pause Young (Normal) (G1 Evacuation Pause)
[2023-12-26T13:38:02.975+0100][851.304s] GC(64) Using 10 workers of 10 for evacuation
[2023-12-26T13:38:02.977+0100][851.306s] GC(64)   Pre Evacuate Collection Set: 0.1ms
[2023-12-26T13:38:02.977+0100][851.306s] GC(64)   Merge Heap Roots: 0.1ms
[2023-12-26T13:38:02.977+0100][851.306s] GC(64)   Evacuate Collection Set: 0.6ms
[2023-12-26T13:38:02.977+0100][851.306s] GC(64)   Post Evacuate Collection Set: 0.4ms
[2023-12-26T13:38:02.977+0100][851.306s] GC(64)   Other: 0.1ms
[2023-12-26T13:38:02.977+0100][851.306s] GC(64) Eden regions: 304->0(303)
[2023-12-26T13:38:02.977+0100][851.306s] GC(64) Survivor regions: 3->4(39)
[2023-12-26T13:38:02.977+0100][851.306s] GC(64) Old regions: 73->73
[2023-12-26T13:38:02.977+0100][851.306s] GC(64) Archive regions: 0->0
[2023-12-26T13:38:02.977+0100][851.306s] GC(64) Humongous regions: 4->4
[2023-12-26T13:38:02.977+0100][851.306s] GC(64) Metaspace: 61530K(62144K)->61530K(62144K) NonClass: 54640K(54848K)->54640K(54848K) Class: 6890K(7296K)->6890K(7296K)
[2023-12-26T13:38:02.977+0100][851.306s] GC(64) Pause Young (Normal) (G1 Evacuation Pause) 383M->80M(512M) 1.549ms
[2023-12-26T13:38:02.977+0100][851.306s] GC(64) User=0.00s Sys=0.00s Real=0.00s
[2023-12-26T13:38:03.855+0100][852.184s] GC(65) Pause Young (Normal) (G1 Evacuation Pause)
[2023-12-26T13:38:03.855+0100][852.184s] GC(65) Using 10 workers of 10 for evacuation
[2023-12-26T13:38:03.857+0100][852.186s] GC(65)   Pre Evacuate Collection Set: 0.1ms
[2023-12-26T13:38:03.857+0100][852.186s] GC(65)   Merge Heap Roots: 0.1ms
[2023-12-26T13:38:03.857+0100][852.186s] GC(65)   Evacuate Collection Set: 0.6ms
[2023-12-26T13:38:03.857+0100][852.186s] GC(65)   Post Evacuate Collection Set: 0.4ms
[2023-12-26T13:38:03.857+0100][852.186s] GC(65)   Other: 0.1ms
[2023-12-26T13:38:03.857+0100][852.186s] GC(65) Eden regions: 303->0(302)
[2023-12-26T13:38:03.857+0100][852.186s] GC(65) Survivor regions: 4->5(39)
[2023-12-26T13:38:03.857+0100][852.186s] GC(65) Old regions: 73->73
[2023-12-26T13:38:03.857+0100][852.186s] GC(65) Archive regions: 0->0
[2023-12-26T13:38:03.857+0100][852.186s] GC(65) Humongous regions: 4->4
[2023-12-26T13:38:03.857+0100][852.186s] GC(65) Metaspace: 61530K(62144K)->61530K(62144K) NonClass: 54640K(54848K)->54640K(54848K) Class: 6890K(7296K)->6890K(7296K)
[2023-12-26T13:38:03.857+0100][852.186s] GC(65) Pause Young (Normal) (G1 Evacuation Pause) 383M->81M(512M) 1.537ms
[2023-12-26T13:38:03.857+0100][852.186s] GC(65) User=0.00s Sys=0.00s Real=0.00s
[2023-12-26T13:38:04.766+0100][853.096s] GC(66) Pause Young (Normal) (G1 Evacuation Pause)
[2023-12-26T13:38:04.766+0100][853.096s] GC(66) Using 10 workers of 10 for evacuation
[2023-12-26T13:38:04.768+0100][853.097s] GC(66)   Pre Evacuate Collection Set: 0.1ms
[2023-12-26T13:38:04.768+0100][853.097s] GC(66)   Merge Heap Roots: 0.1ms
[2023-12-26T13:38:04.768+0100][853.097s] GC(66)   Evacuate Collection Set: 0.7ms
[2023-12-26T13:38:04.768+0100][853.097s] GC(66)   Post Evacuate Collection Set: 0.6ms
[2023-12-26T13:38:04.768+0100][853.097s] GC(66)   Other: 0.1ms
[2023-12-26T13:38:04.768+0100][853.097s] GC(66) Eden regions: 302->0(301)
[2023-12-26T13:38:04.768+0100][853.097s] GC(66) Survivor regions: 5->6(39)
[2023-12-26T13:38:04.768+0100][853.097s] GC(66) Old regions: 73->73
[2023-12-26T13:38:04.768+0100][853.097s] GC(66) Archive regions: 0->0
[2023-12-26T13:38:04.768+0100][853.097s] GC(66) Humongous regions: 4->4
[2023-12-26T13:38:04.768+0100][853.097s] GC(66) Metaspace: 61533K(62144K)->61533K(62144K) NonClass: 54643K(54848K)->54643K(54848K) Class: 6890K(7296K)->6890K(7296K)
[2023-12-26T13:38:04.768+0100][853.097s] GC(66) Pause Young (Normal) (G1 Evacuation Pause) 383M->82M(512M) 1.751ms
[2023-12-26T13:38:04.768+0100][853.097s] GC(66) User=0.00s Sys=0.00s Real=0.00s
[2023-12-26T13:38:05.715+0100][854.044s] GC(67) Pause Young (Normal) (G1 Evacuation Pause)
[2023-12-26T13:38:05.715+0100][854.044s] GC(67) Using 10 workers of 10 for evacuation
[2023-12-26T13:38:05.717+0100][854.046s] GC(67)   Pre Evacuate Collection Set: 0.1ms
[2023-12-26T13:38:05.717+0100][854.046s] GC(67)   Merge Heap Roots: 0.1ms
[2023-12-26T13:38:05.717+0100][854.046s] GC(67)   Evacuate Collection Set: 1.2ms
[2023-12-26T13:38:05.717+0100][854.046s] GC(67)   Post Evacuate Collection Set: 0.5ms
[2023-12-26T13:38:05.717+0100][854.046s] GC(67)   Other: 0.1ms
[2023-12-26T13:38:05.717+0100][854.046s] GC(67) Eden regions: 301->0(300)
[2023-12-26T13:38:05.717+0100][854.046s] GC(67) Survivor regions: 6->7(39)
[2023-12-26T13:38:05.717+0100][854.046s] GC(67) Old regions: 73->73
[2023-12-26T13:38:05.717+0100][854.046s] GC(67) Archive regions: 0->0
[2023-12-26T13:38:05.717+0100][854.046s] GC(67) Humongous regions: 4->4
[2023-12-26T13:38:05.717+0100][854.046s] GC(67) Metaspace: 61545K(62208K)->61545K(62208K) NonClass: 54654K(54912K)->54654K(54912K) Class: 6890K(7296K)->6890K(7296K)
[2023-12-26T13:38:05.717+0100][854.046s] GC(67) Pause Young (Normal) (G1 Evacuation Pause) 383M->83M(512M) 2.103ms
[2023-12-26T13:38:05.717+0100][854.046s] GC(67) User=0.00s Sys=0.00s Real=0.00s
[2023-12-26T13:38:06.663+0100][854.992s] GC(68) Pause Young (Normal) (G1 Evacuation Pause)
[2023-12-26T13:38:06.663+0100][854.992s] GC(68) Using 10 workers of 10 for evacuation
[2023-12-26T13:38:06.665+0100][854.994s] GC(68)   Pre Evacuate Collection Set: 0.1ms
[2023-12-26T13:38:06.665+0100][854.994s] GC(68)   Merge Heap Roots: 0.1ms
[2023-12-26T13:38:06.665+0100][854.994s] GC(68)   Evacuate Collection Set: 1.1ms
[2023-12-26T13:38:06.665+0100][854.994s] GC(68)   Post Evacuate Collection Set: 0.5ms
[2023-12-26T13:38:06.665+0100][854.994s] GC(68)   Other: 0.1ms
[2023-12-26T13:38:06.665+0100][854.994s] GC(68) Eden regions: 300->0(299)
[2023-12-26T13:38:06.665+0100][854.994s] GC(68) Survivor regions: 7->8(39)
[2023-12-26T13:38:06.665+0100][854.994s] GC(68) Old regions: 73->73
[2023-12-26T13:38:06.665+0100][854.994s] GC(68) Archive regions: 0->0
[2023-12-26T13:38:06.665+0100][854.994s] GC(68) Humongous regions: 4->4
[2023-12-26T13:38:06.665+0100][854.994s] GC(68) Metaspace: 61545K(62208K)->61545K(62208K) NonClass: 54654K(54912K)->54654K(54912K) Class: 6890K(7296K)->6890K(7296K)
[2023-12-26T13:38:06.665+0100][854.994s] GC(68) Pause Young (Normal) (G1 Evacuation Pause) 383M->84M(512M) 2.083ms
[2023-12-26T13:38:06.665+0100][854.994s] GC(68) User=0.00s Sys=0.00s Real=0.00s
[2023-12-26T13:38:07.577+0100][855.906s] GC(69) Pause Young (Normal) (G1 Evacuation Pause)
[2023-12-26T13:38:07.577+0100][855.906s] GC(69) Using 10 workers of 10 for evacuation
[2023-12-26T13:38:07.579+0100][855.908s] GC(69)   Pre Evacuate Collection Set: 0.1ms
[2023-12-26T13:38:07.579+0100][855.908s] GC(69)   Merge Heap Roots: 0.1ms
[2023-12-26T13:38:07.579+0100][855.908s] GC(69)   Evacuate Collection Set: 1.1ms
[2023-12-26T13:38:07.579+0100][855.908s] GC(69)   Post Evacuate Collection Set: 0.4ms
[2023-12-26T13:38:07.579+0100][855.908s] GC(69)   Other: 0.1ms
[2023-12-26T13:38:07.579+0100][855.908s] GC(69) Eden regions: 299->0(298)
[2023-12-26T13:38:07.579+0100][855.908s] GC(69) Survivor regions: 8->9(39)
[2023-12-26T13:38:07.579+0100][855.908s] GC(69) Old regions: 73->73
[2023-12-26T13:38:07.579+0100][855.908s] GC(69) Archive regions: 0->0
[2023-12-26T13:38:07.579+0100][855.908s] GC(69) Humongous regions: 4->4
[2023-12-26T13:38:07.579+0100][855.908s] GC(69) Metaspace: 61547K(62208K)->61547K(62208K) NonClass: 54657K(54912K)->54657K(54912K) Class: 6890K(7296K)->6890K(7296K)
[2023-12-26T13:38:07.579+0100][855.908s] GC(69) Pause Young (Normal) (G1 Evacuation Pause) 383M->85M(512M) 1.980ms
[2023-12-26T13:38:07.579+0100][855.908s] GC(69) User=0.00s Sys=0.00s Real=0.00s
[2023-12-26T13:38:08.462+0100][856.792s] GC(70) Pause Young (Normal) (G1 Evacuation Pause)
[2023-12-26T13:38:08.462+0100][856.792s] GC(70) Using 10 workers of 10 for evacuation
[2023-12-26T13:38:08.464+0100][856.794s] GC(70)   Pre Evacuate Collection Set: 0.1ms
[2023-12-26T13:38:08.464+0100][856.794s] GC(70)   Merge Heap Roots: 0.1ms
[2023-12-26T13:38:08.464+0100][856.794s] GC(70)   Evacuate Collection Set: 1.4ms
[2023-12-26T13:38:08.464+0100][856.794s] GC(70)   Post Evacuate Collection Set: 0.6ms
[2023-12-26T13:38:08.464+0100][856.794s] GC(70)   Other: 0.1ms
[2023-12-26T13:38:08.465+0100][856.794s] GC(70) Eden regions: 298->0(297)
[2023-12-26T13:38:08.465+0100][856.794s] GC(70) Survivor regions: 9->10(39)
[2023-12-26T13:38:08.465+0100][856.794s] GC(70) Old regions: 73->73
[2023-12-26T13:38:08.465+0100][856.794s] GC(70) Archive regions: 0->0
[2023-12-26T13:38:08.465+0100][856.794s] GC(70) Humongous regions: 4->4
[2023-12-26T13:38:08.465+0100][856.794s] GC(70) Metaspace: 61549K(62208K)->61549K(62208K) NonClass: 54659K(54912K)->54659K(54912K) Class: 6890K(7296K)->6890K(7296K)
[2023-12-26T13:38:08.465+0100][856.794s] GC(70) Pause Young (Normal) (G1 Evacuation Pause) 383M->86M(512M) 2.495ms
[2023-12-26T13:38:08.465+0100][856.794s] GC(70) User=0.00s Sys=0.00s Real=0.00s
[2023-12-26T13:38:09.359+0100][857.688s] GC(71) Pause Young (Normal) (G1 Evacuation Pause)
[2023-12-26T13:38:09.359+0100][857.688s] GC(71) Using 10 workers of 10 for evacuation
[2023-12-26T13:38:09.361+0100][857.690s] GC(71)   Pre Evacuate Collection Set: 0.0ms
[2023-12-26T13:38:09.361+0100][857.690s] GC(71)   Merge Heap Roots: 0.1ms
[2023-12-26T13:38:09.361+0100][857.690s] GC(71)   Evacuate Collection Set: 1.4ms
[2023-12-26T13:38:09.361+0100][857.690s] GC(71)   Post Evacuate Collection Set: 0.3ms
[2023-12-26T13:38:09.361+0100][857.690s] GC(71)   Other: 0.1ms
[2023-12-26T13:38:09.361+0100][857.690s] GC(71) Eden regions: 297->0(296)
[2023-12-26T13:38:09.361+0100][857.690s] GC(71) Survivor regions: 10->11(39)
[2023-12-26T13:38:09.361+0100][857.690s] GC(71) Old regions: 73->73
[2023-12-26T13:38:09.361+0100][857.690s] GC(71) Archive regions: 0->0
[2023-12-26T13:38:09.361+0100][857.690s] GC(71) Humongous regions: 4->4
[2023-12-26T13:38:09.361+0100][857.690s] GC(71) Metaspace: 61551K(62208K)->61551K(62208K) NonClass: 54660K(54912K)->54660K(54912K) Class: 6890K(7296K)->6890K(7296K)
[2023-12-26T13:38:09.361+0100][857.690s] GC(71) Pause Young (Normal) (G1 Evacuation Pause) 383M->87M(512M) 2.240ms
[2023-12-26T13:38:09.361+0100][857.690s] GC(71) User=0.00s Sys=0.00s Real=0.00s
[2023-12-26T13:38:10.228+0100][858.557s] GC(72) Pause Young (Normal) (G1 Evacuation Pause)
[2023-12-26T13:38:10.228+0100][858.557s] GC(72) Using 10 workers of 10 for evacuation
[2023-12-26T13:38:10.230+0100][858.559s] GC(72)   Pre Evacuate Collection Set: 0.1ms
[2023-12-26T13:38:10.230+0100][858.559s] GC(72)   Merge Heap Roots: 0.1ms
[2023-12-26T13:38:10.230+0100][858.559s] GC(72)   Evacuate Collection Set: 1.5ms
[2023-12-26T13:38:10.230+0100][858.559s] GC(72)   Post Evacuate Collection Set: 0.3ms
[2023-12-26T13:38:10.230+0100][858.559s] GC(72)   Other: 0.1ms
[2023-12-26T13:38:10.230+0100][858.559s] GC(72) Eden regions: 296->0(295)
[2023-12-26T13:38:10.230+0100][858.559s] GC(72) Survivor regions: 11->12(39)
[2023-12-26T13:38:10.231+0100][858.559s] GC(72) Old regions: 73->73
[2023-12-26T13:38:10.231+0100][858.559s] GC(72) Archive regions: 0->0
[2023-12-26T13:38:10.231+0100][858.559s] GC(72) Humongous regions: 4->4
[2023-12-26T13:38:10.231+0100][858.559s] GC(72) Metaspace: 61554K(62208K)->61554K(62208K) NonClass: 54664K(54912K)->54664K(54912K) Class: 6890K(7296K)->6890K(7296K)
[2023-12-26T13:38:10.231+0100][858.559s] GC(72) Pause Young (Normal) (G1 Evacuation Pause) 383M->88M(512M) 2.327ms
[2023-12-26T13:38:10.231+0100][858.560s] GC(72) User=0.00s Sys=0.00s Real=0.00s
[2023-12-26T13:38:11.104+0100][859.433s] GC(73) Pause Young (Normal) (G1 Evacuation Pause)
[2023-12-26T13:38:11.104+0100][859.433s] GC(73) Using 10 workers of 10 for evacuation
[2023-12-26T13:38:11.106+0100][859.436s] GC(73)   Pre Evacuate Collection Set: 0.1ms
[2023-12-26T13:38:11.106+0100][859.436s] GC(73)   Merge Heap Roots: 0.2ms
[2023-12-26T13:38:11.106+0100][859.436s] GC(73)   Evacuate Collection Set: 1.7ms
[2023-12-26T13:38:11.106+0100][859.436s] GC(73)   Post Evacuate Collection Set: 0.4ms
[2023-12-26T13:38:11.106+0100][859.436s] GC(73)   Other: 0.1ms
[2023-12-26T13:38:11.106+0100][859.436s] GC(73) Eden regions: 295->0(294)
[2023-12-26T13:38:11.106+0100][859.436s] GC(73) Survivor regions: 12->13(39)
[2023-12-26T13:38:11.106+0100][859.436s] GC(73) Old regions: 73->73
[2023-12-26T13:38:11.106+0100][859.436s] GC(73) Archive regions: 0->0
[2023-12-26T13:38:11.106+0100][859.436s] GC(73) Humongous regions: 4->4
[2023-12-26T13:38:11.106+0100][859.436s] GC(73) Metaspace: 61555K(62208K)->61555K(62208K) NonClass: 54664K(54912K)->54664K(54912K) Class: 6890K(7296K)->6890K(7296K)
[2023-12-26T13:38:11.106+0100][859.436s] GC(73) Pause Young (Normal) (G1 Evacuation Pause) 383M->89M(512M) 2.657ms
[2023-12-26T13:38:11.106+0100][859.436s] GC(73) User=0.00s Sys=0.00s Real=0.00s
[2023-12-26T13:38:11.376+0100][859.705s] GC(74) Pause Young (Concurrent Start) (CodeCache GC Threshold)
[2023-12-26T13:38:11.376+0100][859.705s] GC(74) Using 10 workers of 10 for evacuation
[2023-12-26T13:38:11.379+0100][859.708s] GC(74)   Pre Evacuate Collection Set: 0.2ms
[2023-12-26T13:38:11.379+0100][859.708s] GC(74)   Merge Heap Roots: 0.1ms
[2023-12-26T13:38:11.379+0100][859.708s] GC(74)   Evacuate Collection Set: 2.1ms
[2023-12-26T13:38:11.379+0100][859.708s] GC(74)   Post Evacuate Collection Set: 0.6ms
[2023-12-26T13:38:11.379+0100][859.708s] GC(74)   Other: 0.1ms
[2023-12-26T13:38:11.379+0100][859.708s] GC(74) Eden regions: 91->0(293)
[2023-12-26T13:38:11.379+0100][859.708s] GC(74) Survivor regions: 13->14(39)
[2023-12-26T13:38:11.379+0100][859.708s] GC(74) Old regions: 73->73
[2023-12-26T13:38:11.379+0100][859.708s] GC(74) Archive regions: 0->0
[2023-12-26T13:38:11.379+0100][859.708s] GC(74) Humongous regions: 4->4
[2023-12-26T13:38:11.379+0100][859.708s] GC(74) Metaspace: 61561K(62208K)->61561K(62208K) NonClass: 54671K(54912K)->54671K(54912K) Class: 6890K(7296K)->6890K(7296K)
[2023-12-26T13:38:11.379+0100][859.708s] GC(74) Pause Young (Concurrent Start) (CodeCache GC Threshold) 180M->90M(512M) 3.444ms
[2023-12-26T13:38:11.379+0100][859.708s] GC(74) User=0.00s Sys=0.00s Real=0.00s
[2023-12-26T13:38:11.379+0100][859.708s] GC(75) Concurrent Mark Cycle
[2023-12-26T13:38:11.379+0100][859.708s] GC(75) Concurrent Clear Claimed Marks
[2023-12-26T13:38:11.379+0100][859.708s] GC(75) Concurrent Clear Claimed Marks 0.046ms
[2023-12-26T13:38:11.379+0100][859.708s] GC(75) Concurrent Scan Root Regions
[2023-12-26T13:38:11.381+0100][859.710s] GC(75) Concurrent Scan Root Regions 1.354ms
[2023-12-26T13:38:11.381+0100][859.710s] GC(75) Concurrent Mark
[2023-12-26T13:38:11.381+0100][859.710s] GC(75) Concurrent Mark From Roots
[2023-12-26T13:38:11.381+0100][859.710s] GC(75) Using 3 workers of 3 for marking
[2023-12-26T13:38:11.410+0100][859.739s] GC(75) Concurrent Mark From Roots 29.170ms
[2023-12-26T13:38:11.410+0100][859.739s] GC(75) Concurrent Preclean
[2023-12-26T13:38:11.410+0100][859.739s] GC(75) Concurrent Preclean 0.194ms
[2023-12-26T13:38:11.410+0100][859.739s] GC(75) Pause Remark
[2023-12-26T13:38:11.416+0100][859.745s] GC(75) Pause Remark 96M->96M(512M) 5.334ms
[2023-12-26T13:38:11.416+0100][859.745s] GC(75) User=0.00s Sys=0.00s Real=0.01s
[2023-12-26T13:38:11.416+0100][859.745s] GC(75) Concurrent Mark 35.091ms
[2023-12-26T13:38:11.416+0100][859.745s] GC(75) Concurrent Rebuild Remembered Sets
[2023-12-26T13:38:11.427+0100][859.756s] GC(75) Concurrent Rebuild Remembered Sets 11.258ms
[2023-12-26T13:38:11.428+0100][859.756s] GC(75) Pause Cleanup
[2023-12-26T13:38:11.428+0100][859.757s] GC(75) Pause Cleanup 98M->98M(512M) 0.150ms
[2023-12-26T13:38:11.428+0100][859.757s] GC(75) User=0.00s Sys=0.00s Real=0.00s
[2023-12-26T13:38:11.428+0100][859.757s] GC(75) Concurrent Cleanup for Next Mark
[2023-12-26T13:38:11.429+0100][859.757s] GC(75) Concurrent Cleanup for Next Mark 0.748ms
[2023-12-26T13:38:11.429+0100][859.757s] GC(75) Concurrent Mark Cycle 49.120ms
[2023-12-26T13:38:12.317+0100][860.646s] GC(76) Pause Young (Prepare Mixed) (G1 Evacuation Pause)
[2023-12-26T13:38:12.317+0100][860.646s] GC(76) Using 10 workers of 10 for evacuation
[2023-12-26T13:38:12.320+0100][860.649s] GC(76)   Pre Evacuate Collection Set: 0.1ms
[2023-12-26T13:38:12.320+0100][860.649s] GC(76)   Merge Heap Roots: 0.1ms
[2023-12-26T13:38:12.320+0100][860.649s] GC(76)   Evacuate Collection Set: 1.9ms
[2023-12-26T13:38:12.320+0100][860.649s] GC(76)   Post Evacuate Collection Set: 0.6ms
[2023-12-26T13:38:12.320+0100][860.649s] GC(76)   Other: 0.1ms
[2023-12-26T13:38:12.320+0100][860.649s] GC(76) Eden regions: 293->0(11)
[2023-12-26T13:38:12.320+0100][860.649s] GC(76) Survivor regions: 14->14(39)
[2023-12-26T13:38:12.320+0100][860.649s] GC(76) Old regions: 73->73
[2023-12-26T13:38:12.320+0100][860.649s] GC(76) Archive regions: 0->0
[2023-12-26T13:38:12.320+0100][860.649s] GC(76) Humongous regions: 4->4
[2023-12-26T13:38:12.320+0100][860.649s] GC(76) Metaspace: 61580K(62208K)->61580K(62208K) NonClass: 54690K(54912K)->54690K(54912K) Class: 6890K(7296K)->6890K(7296K)
[2023-12-26T13:38:12.320+0100][860.649s] GC(76) Pause Young (Prepare Mixed) (G1 Evacuation Pause) 383M->90M(512M) 3.012ms
[2023-12-26T13:38:12.320+0100][860.649s] GC(76) User=0.16s Sys=0.00s Real=0.00s
[2023-12-26T13:38:12.350+0100][860.679s] GC(77) Pause Young (Mixed) (G1 Evacuation Pause)
[2023-12-26T13:38:12.350+0100][860.679s] GC(77) Using 10 workers of 10 for evacuation
[2023-12-26T13:38:12.353+0100][860.682s] GC(77)   Pre Evacuate Collection Set: 0.1ms
[2023-12-26T13:38:12.354+0100][860.682s] GC(77)   Merge Heap Roots: 0.1ms
[2023-12-26T13:38:12.354+0100][860.682s] GC(77)   Evacuate Collection Set: 2.9ms
[2023-12-26T13:38:12.354+0100][860.682s] GC(77)   Post Evacuate Collection Set: 0.4ms
[2023-12-26T13:38:12.354+0100][860.682s] GC(77)   Other: 0.1ms
[2023-12-26T13:38:12.354+0100][860.682s] GC(77) Eden regions: 11->0(306)
[2023-12-26T13:38:12.354+0100][860.682s] GC(77) Survivor regions: 14->1(4)
[2023-12-26T13:38:12.354+0100][860.682s] GC(77) Old regions: 73->87
[2023-12-26T13:38:12.354+0100][860.682s] GC(77) Archive regions: 0->0
[2023-12-26T13:38:12.354+0100][860.682s] GC(77) Humongous regions: 4->4
[2023-12-26T13:38:12.354+0100][860.682s] GC(77) Metaspace: 61583K(62208K)->61583K(62208K) NonClass: 54692K(54912K)->54692K(54912K) Class: 6890K(7296K)->6890K(7296K)
[2023-12-26T13:38:12.354+0100][860.682s] GC(77) Pause Young (Mixed) (G1 Evacuation Pause) 101M->90M(512M) 3.675ms
[2023-12-26T13:38:12.354+0100][860.682s] GC(77) User=0.00s Sys=0.00s Real=0.00s
[2023-12-26T13:38:13.301+0100][861.630s] GC(78) Pause Young (Normal) (G1 Evacuation Pause)
[2023-12-26T13:38:13.301+0100][861.631s] GC(78) Using 10 workers of 10 for evacuation
[2023-12-26T13:38:13.302+0100][861.632s] GC(78)   Pre Evacuate Collection Set: 0.1ms
[2023-12-26T13:38:13.302+0100][861.632s] GC(78)   Merge Heap Roots: 0.1ms
[2023-12-26T13:38:13.302+0100][861.632s] GC(78)   Evacuate Collection Set: 0.6ms
[2023-12-26T13:38:13.302+0100][861.632s] GC(78)   Post Evacuate Collection Set: 0.3ms
[2023-12-26T13:38:13.302+0100][861.632s] GC(78)   Other: 0.1ms
[2023-12-26T13:38:13.302+0100][861.632s] GC(78) Eden regions: 306->0(304)
[2023-12-26T13:38:13.302+0100][861.632s] GC(78) Survivor regions: 1->3(39)
[2023-12-26T13:38:13.302+0100][861.632s] GC(78) Old regions: 87->87
[2023-12-26T13:38:13.302+0100][861.632s] GC(78) Archive regions: 0->0
[2023-12-26T13:38:13.302+0100][861.632s] GC(78) Humongous regions: 4->4
[2023-12-26T13:38:13.302+0100][861.632s] GC(78) Metaspace: 61583K(62208K)->61583K(62208K) NonClass: 54693K(54912K)->54693K(54912K) Class: 6890K(7296K)->6890K(7296K)
[2023-12-26T13:38:13.302+0100][861.632s] GC(78) Pause Young (Normal) (G1 Evacuation Pause) 396M->92M(512M) 1.329ms
[2023-12-26T13:38:13.302+0100][861.632s] GC(78) User=0.00s Sys=0.00s Real=0.00s
[2023-12-26T13:38:14.226+0100][862.556s] GC(79) Pause Young (Normal) (G1 Evacuation Pause)
[2023-12-26T13:38:14.226+0100][862.556s] GC(79) Using 10 workers of 10 for evacuation
[2023-12-26T13:38:14.227+0100][862.557s] GC(79)   Pre Evacuate Collection Set: 0.1ms
[2023-12-26T13:38:14.227+0100][862.557s] GC(79)   Merge Heap Roots: 0.1ms
[2023-12-26T13:38:14.227+0100][862.557s] GC(79)   Evacuate Collection Set: 0.6ms
[2023-12-26T13:38:14.227+0100][862.557s] GC(79)   Post Evacuate Collection Set: 0.4ms
[2023-12-26T13:38:14.227+0100][862.557s] GC(79)   Other: 0.1ms
[2023-12-26T13:38:14.227+0100][862.557s] GC(79) Eden regions: 304->0(304)
[2023-12-26T13:38:14.227+0100][862.557s] GC(79) Survivor regions: 3->3(39)
[2023-12-26T13:38:14.227+0100][862.557s] GC(79) Old regions: 87->87
[2023-12-26T13:38:14.227+0100][862.557s] GC(79) Archive regions: 0->0
[2023-12-26T13:38:14.227+0100][862.557s] GC(79) Humongous regions: 4->4
[2023-12-26T13:38:14.227+0100][862.557s] GC(79) Metaspace: 61584K(62208K)->61584K(62208K) NonClass: 54693K(54912K)->54693K(54912K) Class: 6890K(7296K)->6890K(7296K)
[2023-12-26T13:38:14.227+0100][862.557s] GC(79) Pause Young (Normal) (G1 Evacuation Pause) 396M->93M(512M) 1.344ms
[2023-12-26T13:38:14.227+0100][862.557s] GC(79) User=0.00s Sys=0.00s Real=0.00s
[2023-12-26T13:38:15.116+0100][863.445s] GC(80) Pause Young (Normal) (G1 Evacuation Pause)
[2023-12-26T13:38:15.116+0100][863.445s] GC(80) Using 10 workers of 10 for evacuation
[2023-12-26T13:38:15.117+0100][863.447s] GC(80)   Pre Evacuate Collection Set: 0.1ms
[2023-12-26T13:38:15.117+0100][863.447s] GC(80)   Merge Heap Roots: 0.2ms
[2023-12-26T13:38:15.117+0100][863.447s] GC(80)   Evacuate Collection Set: 0.7ms
[2023-12-26T13:38:15.117+0100][863.447s] GC(80)   Post Evacuate Collection Set: 0.6ms
[2023-12-26T13:38:15.117+0100][863.447s] GC(80)   Other: 0.1ms
[2023-12-26T13:38:15.117+0100][863.447s] GC(80) Eden regions: 304->0(302)
[2023-12-26T13:38:15.117+0100][863.447s] GC(80) Survivor regions: 3->5(39)
[2023-12-26T13:38:15.117+0100][863.447s] GC(80) Old regions: 87->87
[2023-12-26T13:38:15.117+0100][863.447s] GC(80) Archive regions: 0->0
[2023-12-26T13:38:15.117+0100][863.447s] GC(80) Humongous regions: 4->4
[2023-12-26T13:38:15.117+0100][863.447s] GC(80) Metaspace: 61584K(62208K)->61584K(62208K) NonClass: 54694K(54912K)->54694K(54912K) Class: 6890K(7296K)->6890K(7296K)
[2023-12-26T13:38:15.117+0100][863.447s] GC(80) Pause Young (Normal) (G1 Evacuation Pause) 397M->94M(512M) 1.800ms
[2023-12-26T13:38:15.117+0100][863.447s] GC(80) User=0.00s Sys=0.00s Real=0.00s
[2023-12-26T13:38:16.011+0100][864.341s] GC(81) Pause Young (Normal) (G1 Evacuation Pause)
[2023-12-26T13:38:16.011+0100][864.341s] GC(81) Using 10 workers of 10 for evacuation
[2023-12-26T13:38:16.013+0100][864.342s] GC(81)   Pre Evacuate Collection Set: 0.2ms
[2023-12-26T13:38:16.013+0100][864.342s] GC(81)   Merge Heap Roots: 0.2ms
[2023-12-26T13:38:16.013+0100][864.342s] GC(81)   Evacuate Collection Set: 0.8ms
[2023-12-26T13:38:16.013+0100][864.342s] GC(81)   Post Evacuate Collection Set: 0.5ms
[2023-12-26T13:38:16.013+0100][864.342s] GC(81)   Other: 0.1ms
[2023-12-26T13:38:16.013+0100][864.342s] GC(81) Eden regions: 302->0(301)
[2023-12-26T13:38:16.013+0100][864.342s] GC(81) Survivor regions: 5->6(39)
[2023-12-26T13:38:16.013+0100][864.342s] GC(81) Old regions: 87->87
[2023-12-26T13:38:16.013+0100][864.342s] GC(81) Archive regions: 0->0
[2023-12-26T13:38:16.013+0100][864.342s] GC(81) Humongous regions: 4->4
[2023-12-26T13:38:16.013+0100][864.342s] GC(81) Metaspace: 61587K(62208K)->61587K(62208K) NonClass: 54697K(54912K)->54697K(54912K) Class: 6890K(7296K)->6890K(7296K)
[2023-12-26T13:38:16.013+0100][864.342s] GC(81) Pause Young (Normal) (G1 Evacuation Pause) 396M->95M(512M) 1.799ms
[2023-12-26T13:38:16.013+0100][864.342s] GC(81) User=0.00s Sys=0.00s Real=0.00s
[2023-12-26T13:38:16.924+0100][865.253s] GC(82) Pause Young (Normal) (G1 Evacuation Pause)
[2023-12-26T13:38:16.924+0100][865.253s] GC(82) Using 10 workers of 10 for evacuation
[2023-12-26T13:38:16.926+0100][865.255s] GC(82)   Pre Evacuate Collection Set: 0.1ms
[2023-12-26T13:38:16.926+0100][865.255s] GC(82)   Merge Heap Roots: 0.1ms
[2023-12-26T13:38:16.926+0100][865.255s] GC(82)   Evacuate Collection Set: 0.9ms
[2023-12-26T13:38:16.926+0100][865.255s] GC(82)   Post Evacuate Collection Set: 0.5ms
[2023-12-26T13:38:16.926+0100][865.255s] GC(82)   Other: 0.1ms
[2023-12-26T13:38:16.926+0100][865.255s] GC(82) Eden regions: 301->0(300)
[2023-12-26T13:38:16.926+0100][865.255s] GC(82) Survivor regions: 6->7(39)
[2023-12-26T13:38:16.926+0100][865.255s] GC(82) Old regions: 87->87
[2023-12-26T13:38:16.926+0100][865.255s] GC(82) Archive regions: 0->0
[2023-12-26T13:38:16.926+0100][865.255s] GC(82) Humongous regions: 4->4
[2023-12-26T13:38:16.926+0100][865.255s] GC(82) Metaspace: 61592K(62208K)->61592K(62208K) NonClass: 54701K(54912K)->54701K(54912K) Class: 6890K(7296K)->6890K(7296K)
[2023-12-26T13:38:16.926+0100][865.255s] GC(82) Pause Young (Normal) (G1 Evacuation Pause) 396M->96M(512M) 1.821ms
[2023-12-26T13:38:16.926+0100][865.255s] GC(82) User=0.00s Sys=0.00s Real=0.00s
[2023-12-26T13:38:17.395+0100][865.724s] GC(83) Pause Young (Concurrent Start) (CodeCache GC Threshold)
[2023-12-26T13:38:17.395+0100][865.724s] GC(83) Using 10 workers of 10 for evacuation
[2023-12-26T13:38:17.397+0100][865.726s] GC(83)   Pre Evacuate Collection Set: 0.1ms
[2023-12-26T13:38:17.397+0100][865.726s] GC(83)   Merge Heap Roots: 0.1ms
[2023-12-26T13:38:17.397+0100][865.726s] GC(83)   Evacuate Collection Set: 1.1ms
[2023-12-26T13:38:17.397+0100][865.726s] GC(83)   Post Evacuate Collection Set: 0.6ms
[2023-12-26T13:38:17.397+0100][865.726s] GC(83)   Other: 0.1ms
[2023-12-26T13:38:17.397+0100][865.726s] GC(83) Eden regions: 156->0(300)
[2023-12-26T13:38:17.397+0100][865.726s] GC(83) Survivor regions: 7->7(39)
[2023-12-26T13:38:17.397+0100][865.726s] GC(83) Old regions: 87->87
[2023-12-26T13:38:17.397+0100][865.726s] GC(83) Archive regions: 0->0
[2023-12-26T13:38:17.397+0100][865.726s] GC(83) Humongous regions: 4->4
[2023-12-26T13:38:17.397+0100][865.726s] GC(83) Metaspace: 61592K(62208K)->61592K(62208K) NonClass: 54701K(54912K)->54701K(54912K) Class: 6890K(7296K)->6890K(7296K)
[2023-12-26T13:38:17.397+0100][865.726s] GC(83) Pause Young (Concurrent Start) (CodeCache GC Threshold) 252M->96M(512M) 2.252ms
[2023-12-26T13:38:17.397+0100][865.727s] GC(83) User=0.03s Sys=0.00s Real=0.00s
[2023-12-26T13:38:17.397+0100][865.727s] GC(84) Concurrent Mark Cycle
[2023-12-26T13:38:17.397+0100][865.727s] GC(84) Concurrent Clear Claimed Marks
[2023-12-26T13:38:17.397+0100][865.727s] GC(84) Concurrent Clear Claimed Marks 0.040ms
[2023-12-26T13:38:17.397+0100][865.727s] GC(84) Concurrent Scan Root Regions
[2023-12-26T13:38:17.398+0100][865.728s] GC(84) Concurrent Scan Root Regions 0.891ms
[2023-12-26T13:38:17.398+0100][865.728s] GC(84) Concurrent Mark
[2023-12-26T13:38:17.398+0100][865.728s] GC(84) Concurrent Mark From Roots
[2023-12-26T13:38:17.398+0100][865.728s] GC(84) Using 3 workers of 3 for marking
[2023-12-26T13:38:17.427+0100][865.757s] GC(84) Concurrent Mark From Roots 28.986ms
[2023-12-26T13:38:17.428+0100][865.757s] GC(84) Concurrent Preclean
[2023-12-26T13:38:17.428+0100][865.757s] GC(84) Concurrent Preclean 0.255ms
[2023-12-26T13:38:17.428+0100][865.757s] GC(84) Pause Remark
[2023-12-26T13:38:17.433+0100][865.762s] GC(84) Pause Remark 102M->102M(512M) 4.778ms
[2023-12-26T13:38:17.433+0100][865.762s] GC(84) User=0.00s Sys=0.00s Real=0.01s
[2023-12-26T13:38:17.433+0100][865.762s] GC(84) Concurrent Mark 34.374ms
[2023-12-26T13:38:17.433+0100][865.762s] GC(84) Concurrent Rebuild Remembered Sets
[2023-12-26T13:38:17.448+0100][865.777s] GC(84) Concurrent Rebuild Remembered Sets 14.965ms
[2023-12-26T13:38:17.448+0100][865.777s] GC(84) Pause Cleanup
[2023-12-26T13:38:17.448+0100][865.777s] GC(84) Pause Cleanup 105M->105M(512M) 0.162ms
[2023-12-26T13:38:17.448+0100][865.777s] GC(84) User=0.00s Sys=0.00s Real=0.00s
[2023-12-26T13:38:17.448+0100][865.777s] GC(84) Concurrent Cleanup for Next Mark
[2023-12-26T13:38:17.449+0100][865.778s] GC(84) Concurrent Cleanup for Next Mark 0.661ms
[2023-12-26T13:38:17.449+0100][865.778s] GC(84) Concurrent Mark Cycle 51.534ms
[2023-12-26T13:38:18.353+0100][866.682s] GC(85) Pause Young (Prepare Mixed) (G1 Evacuation Pause)
[2023-12-26T13:38:18.353+0100][866.682s] GC(85) Using 10 workers of 10 for evacuation
[2023-12-26T13:38:18.355+0100][866.684s] GC(85)   Pre Evacuate Collection Set: 0.1ms
[2023-12-26T13:38:18.355+0100][866.684s] GC(85)   Merge Heap Roots: 0.1ms
[2023-12-26T13:38:18.355+0100][866.684s] GC(85)   Evacuate Collection Set: 1.2ms
[2023-12-26T13:38:18.355+0100][866.684s] GC(85)   Post Evacuate Collection Set: 0.5ms
[2023-12-26T13:38:18.355+0100][866.684s] GC(85)   Other: 0.1ms
[2023-12-26T13:38:18.355+0100][866.684s] GC(85) Eden regions: 300->0(17)
[2023-12-26T13:38:18.355+0100][866.684s] GC(85) Survivor regions: 7->8(39)
[2023-12-26T13:38:18.355+0100][866.684s] GC(85) Old regions: 87->87
[2023-12-26T13:38:18.355+0100][866.684s] GC(85) Archive regions: 0->0
[2023-12-26T13:38:18.355+0100][866.684s] GC(85) Humongous regions: 4->4
[2023-12-26T13:38:18.355+0100][866.684s] GC(85) Metaspace: 61620K(62272K)->61620K(62272K) NonClass: 54729K(54976K)->54729K(54976K) Class: 6891K(7296K)->6891K(7296K)
[2023-12-26T13:38:18.355+0100][866.684s] GC(85) Pause Young (Prepare Mixed) (G1 Evacuation Pause) 396M->97M(512M) 2.238ms
[2023-12-26T13:38:18.355+0100][866.684s] GC(85) User=0.00s Sys=0.00s Real=0.00s
[2023-12-26T13:38:18.420+0100][866.750s] GC(86) Pause Young (Mixed) (G1 Evacuation Pause)
[2023-12-26T13:38:18.420+0100][866.750s] GC(86) Using 10 workers of 10 for evacuation
[2023-12-26T13:38:18.422+0100][866.751s] GC(86)   Pre Evacuate Collection Set: 0.1ms
[2023-12-26T13:38:18.422+0100][866.751s] GC(86)   Merge Heap Roots: 0.1ms
[2023-12-26T13:38:18.422+0100][866.751s] GC(86)   Evacuate Collection Set: 1.2ms
[2023-12-26T13:38:18.422+0100][866.752s] GC(86)   Post Evacuate Collection Set: 0.4ms
[2023-12-26T13:38:18.422+0100][866.752s] GC(86)   Other: 0.1ms
[2023-12-26T13:38:18.422+0100][866.752s] GC(86) Eden regions: 17->0(304)
[2023-12-26T13:38:18.422+0100][866.752s] GC(86) Survivor regions: 8->3(4)
[2023-12-26T13:38:18.422+0100][866.752s] GC(86) Old regions: 87->92
[2023-12-26T13:38:18.422+0100][866.752s] GC(86) Archive regions: 0->0
[2023-12-26T13:38:18.422+0100][866.752s] GC(86) Humongous regions: 4->4
[2023-12-26T13:38:18.422+0100][866.752s] GC(86) Metaspace: 61620K(62272K)->61620K(62272K) NonClass: 54729K(54976K)->54729K(54976K) Class: 6891K(7296K)->6891K(7296K)
[2023-12-26T13:38:18.422+0100][866.752s] GC(86) Pause Young (Mixed) (G1 Evacuation Pause) 114M->97M(512M) 2.059ms
[2023-12-26T13:38:18.422+0100][866.752s] GC(86) User=0.00s Sys=0.00s Real=0.00s
[2023-12-26T13:38:19.267+0100][867.596s] GC(87) Pause Young (Normal) (G1 Evacuation Pause)
[2023-12-26T13:38:19.267+0100][867.596s] GC(87) Using 10 workers of 10 for evacuation
[2023-12-26T13:38:19.269+0100][867.597s] GC(87)   Pre Evacuate Collection Set: 0.1ms
[2023-12-26T13:38:19.269+0100][867.597s] GC(87)   Merge Heap Roots: 0.1ms
[2023-12-26T13:38:19.269+0100][867.597s] GC(87)   Evacuate Collection Set: 0.6ms
[2023-12-26T13:38:19.269+0100][867.597s] GC(87)   Post Evacuate Collection Set: 0.5ms
[2023-12-26T13:38:19.269+0100][867.597s] GC(87)   Other: 0.1ms
[2023-12-26T13:38:19.269+0100][867.597s] GC(87) Eden regions: 304->0(303)
[2023-12-26T13:38:19.269+0100][867.597s] GC(87) Survivor regions: 3->4(39)
[2023-12-26T13:38:19.269+0100][867.597s] GC(87) Old regions: 92->92
[2023-12-26T13:38:19.269+0100][867.597s] GC(87) Archive regions: 0->0
[2023-12-26T13:38:19.269+0100][867.597s] GC(87) Humongous regions: 4->4
[2023-12-26T13:38:19.269+0100][867.597s] GC(87) Metaspace: 61621K(62272K)->61621K(62272K) NonClass: 54730K(54976K)->54730K(54976K) Class: 6891K(7296K)->6891K(7296K)
[2023-12-26T13:38:19.269+0100][867.597s] GC(87) Pause Young (Normal) (G1 Evacuation Pause) 401M->99M(512M) 1.507ms
[2023-12-26T13:38:19.269+0100][867.598s] GC(87) User=0.00s Sys=0.00s Real=0.00s
[2023-12-26T13:38:20.110+0100][868.439s] GC(88) Pause Young (Normal) (G1 Evacuation Pause)
[2023-12-26T13:38:20.110+0100][868.439s] GC(88) Using 10 workers of 10 for evacuation
[2023-12-26T13:38:20.111+0100][868.441s] GC(88)   Pre Evacuate Collection Set: 0.1ms
[2023-12-26T13:38:20.111+0100][868.441s] GC(88)   Merge Heap Roots: 0.1ms
[2023-12-26T13:38:20.111+0100][868.441s] GC(88)   Evacuate Collection Set: 0.7ms
[2023-12-26T13:38:20.111+0100][868.441s] GC(88)   Post Evacuate Collection Set: 0.5ms
[2023-12-26T13:38:20.111+0100][868.441s] GC(88)   Other: 0.1ms
[2023-12-26T13:38:20.111+0100][868.441s] GC(88) Eden regions: 303->0(302)
[2023-12-26T13:38:20.111+0100][868.441s] GC(88) Survivor regions: 4->5(39)
[2023-12-26T13:38:20.111+0100][868.441s] GC(88) Old regions: 92->92
[2023-12-26T13:38:20.111+0100][868.441s] GC(88) Archive regions: 0->0
[2023-12-26T13:38:20.111+0100][868.441s] GC(88) Humongous regions: 4->4
[2023-12-26T13:38:20.111+0100][868.441s] GC(88) Metaspace: 61626K(62272K)->61626K(62272K) NonClass: 54734K(54976K)->54734K(54976K) Class: 6891K(7296K)->6891K(7296K)
[2023-12-26T13:38:20.111+0100][868.441s] GC(88) Pause Young (Normal) (G1 Evacuation Pause) 402M->99M(512M) 1.577ms
[2023-12-26T13:38:20.111+0100][868.441s] GC(88) User=0.00s Sys=0.00s Real=0.00s
[2023-12-26T13:38:20.978+0100][869.308s] GC(89) Pause Young (Normal) (G1 Evacuation Pause)
[2023-12-26T13:38:20.978+0100][869.308s] GC(89) Using 10 workers of 10 for evacuation
[2023-12-26T13:38:20.980+0100][869.309s] GC(89)   Pre Evacuate Collection Set: 0.1ms
[2023-12-26T13:38:20.980+0100][869.309s] GC(89)   Merge Heap Roots: 0.1ms
[2023-12-26T13:38:20.980+0100][869.309s] GC(89)   Evacuate Collection Set: 0.8ms
[2023-12-26T13:38:20.980+0100][869.309s] GC(89)   Post Evacuate Collection Set: 0.5ms
[2023-12-26T13:38:20.980+0100][869.309s] GC(89)   Other: 0.1ms
[2023-12-26T13:38:20.980+0100][869.309s] GC(89) Eden regions: 302->0(301)
[2023-12-26T13:38:20.980+0100][869.309s] GC(89) Survivor regions: 5->6(39)
[2023-12-26T13:38:20.980+0100][869.309s] GC(89) Old regions: 92->92
[2023-12-26T13:38:20.980+0100][869.309s] GC(89) Archive regions: 0->0
[2023-12-26T13:38:20.980+0100][869.309s] GC(89) Humongous regions: 4->4
[2023-12-26T13:38:20.980+0100][869.309s] GC(89) Metaspace: 61627K(62272K)->61627K(62272K) NonClass: 54736K(54976K)->54736K(54976K) Class: 6891K(7296K)->6891K(7296K)
[2023-12-26T13:38:20.980+0100][869.309s] GC(89) Pause Young (Normal) (G1 Evacuation Pause) 401M->100M(512M) 1.658ms
[2023-12-26T13:38:20.980+0100][869.309s] GC(89) User=0.00s Sys=0.00s Real=0.00s
[2023-12-26T13:38:21.834+0100][870.163s] GC(90) Pause Young (Normal) (G1 Evacuation Pause)
[2023-12-26T13:38:21.834+0100][870.163s] GC(90) Using 10 workers of 10 for evacuation
[2023-12-26T13:38:21.835+0100][870.165s] GC(90)   Pre Evacuate Collection Set: 0.1ms
[2023-12-26T13:38:21.836+0100][870.165s] GC(90)   Merge Heap Roots: 0.1ms
[2023-12-26T13:38:21.836+0100][870.165s] GC(90)   Evacuate Collection Set: 0.9ms
[2023-12-26T13:38:21.836+0100][870.165s] GC(90)   Post Evacuate Collection Set: 0.4ms
[2023-12-26T13:38:21.836+0100][870.165s] GC(90)   Other: 0.1ms
[2023-12-26T13:38:21.836+0100][870.165s] GC(90) Eden regions: 301->0(300)
[2023-12-26T13:38:21.836+0100][870.165s] GC(90) Survivor regions: 6->7(39)
[2023-12-26T13:38:21.836+0100][870.165s] GC(90) Old regions: 92->92
[2023-12-26T13:38:21.836+0100][870.165s] GC(90) Archive regions: 0->0
[2023-12-26T13:38:21.836+0100][870.165s] GC(90) Humongous regions: 4->4
[2023-12-26T13:38:21.836+0100][870.165s] GC(90) Metaspace: 61633K(62272K)->61633K(62272K) NonClass: 54742K(54976K)->54742K(54976K) Class: 6891K(7296K)->6891K(7296K)
[2023-12-26T13:38:21.836+0100][870.165s] GC(90) Pause Young (Normal) (G1 Evacuation Pause) 401M->101M(512M) 1.873ms
[2023-12-26T13:38:21.836+0100][870.165s] GC(90) User=0.00s Sys=0.00s Real=0.00s
[2023-12-26T13:38:22.646+0100][870.975s] GC(91) Pause Young (Normal) (G1 Evacuation Pause)
[2023-12-26T13:38:22.646+0100][870.975s] GC(91) Using 10 workers of 10 for evacuation
[2023-12-26T13:38:22.647+0100][870.977s] GC(91)   Pre Evacuate Collection Set: 0.1ms
[2023-12-26T13:38:22.647+0100][870.977s] GC(91)   Merge Heap Roots: 0.1ms
[2023-12-26T13:38:22.647+0100][870.977s] GC(91)   Evacuate Collection Set: 1.1ms
[2023-12-26T13:38:22.648+0100][870.977s] GC(91)   Post Evacuate Collection Set: 0.3ms
[2023-12-26T13:38:22.648+0100][870.977s] GC(91)   Other: 0.1ms
[2023-12-26T13:38:22.648+0100][870.977s] GC(91) Eden regions: 300->0(299)
[2023-12-26T13:38:22.648+0100][870.977s] GC(91) Survivor regions: 7->8(39)
[2023-12-26T13:38:22.648+0100][870.977s] GC(91) Old regions: 92->92
[2023-12-26T13:38:22.648+0100][870.977s] GC(91) Archive regions: 0->0
[2023-12-26T13:38:22.648+0100][870.977s] GC(91) Humongous regions: 4->4
[2023-12-26T13:38:22.648+0100][870.977s] GC(91) Metaspace: 61633K(62272K)->61633K(62272K) NonClass: 54742K(54976K)->54742K(54976K) Class: 6891K(7296K)->6891K(7296K)
[2023-12-26T13:38:22.648+0100][870.977s] GC(91) Pause Young (Normal) (G1 Evacuation Pause) 401M->102M(512M) 1.789ms
[2023-12-26T13:38:22.648+0100][870.977s] GC(91) User=0.16s Sys=0.00s Real=0.00s
[2023-12-26T13:38:23.500+0100][871.830s] GC(92) Pause Young (Normal) (G1 Evacuation Pause)
[2023-12-26T13:38:23.501+0100][871.830s] GC(92) Using 10 workers of 10 for evacuation
[2023-12-26T13:38:23.503+0100][871.832s] GC(92)   Pre Evacuate Collection Set: 0.1ms
[2023-12-26T13:38:23.503+0100][871.832s] GC(92)   Merge Heap Roots: 0.2ms
[2023-12-26T13:38:23.503+0100][871.832s] GC(92)   Evacuate Collection Set: 1.2ms
[2023-12-26T13:38:23.503+0100][871.832s] GC(92)   Post Evacuate Collection Set: 0.7ms
[2023-12-26T13:38:23.503+0100][871.832s] GC(92)   Other: 0.1ms
[2023-12-26T13:38:23.503+0100][871.832s] GC(92) Eden regions: 299->0(298)
[2023-12-26T13:38:23.503+0100][871.832s] GC(92) Survivor regions: 8->9(39)
[2023-12-26T13:38:23.503+0100][871.832s] GC(92) Old regions: 92->92
[2023-12-26T13:38:23.503+0100][871.832s] GC(92) Archive regions: 0->0
[2023-12-26T13:38:23.503+0100][871.832s] GC(92) Humongous regions: 4->4
[2023-12-26T13:38:23.503+0100][871.832s] GC(92) Metaspace: 61641K(62272K)->61641K(62272K) NonClass: 54749K(54976K)->54749K(54976K) Class: 6891K(7296K)->6891K(7296K)
[2023-12-26T13:38:23.503+0100][871.832s] GC(92) Pause Young (Normal) (G1 Evacuation Pause) 401M->103M(512M) 2.445ms
[2023-12-26T13:38:23.503+0100][871.832s] GC(92) User=0.00s Sys=0.00s Real=0.00s
[2023-12-26T13:38:24.359+0100][872.688s] GC(93) Pause Young (Normal) (G1 Evacuation Pause)
[2023-12-26T13:38:24.359+0100][872.688s] GC(93) Using 10 workers of 10 for evacuation
[2023-12-26T13:38:24.361+0100][872.690s] GC(93)   Pre Evacuate Collection Set: 0.1ms
[2023-12-26T13:38:24.361+0100][872.690s] GC(93)   Merge Heap Roots: 0.1ms
[2023-12-26T13:38:24.361+0100][872.690s] GC(93)   Evacuate Collection Set: 1.3ms
[2023-12-26T13:38:24.361+0100][872.690s] GC(93)   Post Evacuate Collection Set: 0.4ms
[2023-12-26T13:38:24.361+0100][872.690s] GC(93)   Other: 0.1ms
[2023-12-26T13:38:24.361+0100][872.690s] GC(93) Eden regions: 298->0(297)
[2023-12-26T13:38:24.361+0100][872.690s] GC(93) Survivor regions: 9->10(39)
[2023-12-26T13:38:24.361+0100][872.690s] GC(93) Old regions: 92->92
[2023-12-26T13:38:24.361+0100][872.690s] GC(93) Archive regions: 0->0
[2023-12-26T13:38:24.361+0100][872.690s] GC(93) Humongous regions: 4->4
[2023-12-26T13:38:24.361+0100][872.690s] GC(93) Metaspace: 61644K(62272K)->61644K(62272K) NonClass: 54753K(54976K)->54753K(54976K) Class: 6891K(7296K)->6891K(7296K)
[2023-12-26T13:38:24.361+0100][872.690s] GC(93) Pause Young (Normal) (G1 Evacuation Pause) 401M->104M(512M) 2.206ms
[2023-12-26T13:38:24.361+0100][872.690s] GC(93) User=0.00s Sys=0.00s Real=0.00s
[2023-12-26T13:38:25.258+0100][873.587s] GC(94) Pause Young (Normal) (G1 Evacuation Pause)
[2023-12-26T13:38:25.258+0100][873.587s] GC(94) Using 10 workers of 10 for evacuation
[2023-12-26T13:38:25.261+0100][873.590s] GC(94)   Pre Evacuate Collection Set: 0.1ms
[2023-12-26T13:38:25.261+0100][873.590s] GC(94)   Merge Heap Roots: 0.0ms
[2023-12-26T13:38:25.261+0100][873.590s] GC(94)   Evacuate Collection Set: 1.8ms
[2023-12-26T13:38:25.261+0100][873.590s] GC(94)   Post Evacuate Collection Set: 0.5ms
[2023-12-26T13:38:25.261+0100][873.590s] GC(94)   Other: 0.1ms
[2023-12-26T13:38:25.261+0100][873.590s] GC(94) Eden regions: 297->0(296)
[2023-12-26T13:38:25.261+0100][873.590s] GC(94) Survivor regions: 10->11(39)
[2023-12-26T13:38:25.261+0100][873.590s] GC(94) Old regions: 92->92
[2023-12-26T13:38:25.261+0100][873.590s] GC(94) Archive regions: 0->0
[2023-12-26T13:38:25.261+0100][873.590s] GC(94) Humongous regions: 4->4
[2023-12-26T13:38:25.261+0100][873.590s] GC(94) Metaspace: 61644K(62272K)->61644K(62272K) NonClass: 54753K(54976K)->54753K(54976K) Class: 6891K(7296K)->6891K(7296K)
[2023-12-26T13:38:25.261+0100][873.590s] GC(94) Pause Young (Normal) (G1 Evacuation Pause) 401M->106M(512M) 2.804ms
[2023-12-26T13:38:25.261+0100][873.590s] GC(94) User=0.00s Sys=0.00s Real=0.00s
[2023-12-26T13:38:26.070+0100][874.400s] GC(95) Pause Young (Normal) (G1 Evacuation Pause)
[2023-12-26T13:38:26.070+0100][874.400s] GC(95) Using 10 workers of 10 for evacuation
[2023-12-26T13:38:26.073+0100][874.402s] GC(95)   Pre Evacuate Collection Set: 0.1ms
[2023-12-26T13:38:26.073+0100][874.402s] GC(95)   Merge Heap Roots: 0.1ms
[2023-12-26T13:38:26.073+0100][874.402s] GC(95)   Evacuate Collection Set: 1.7ms
[2023-12-26T13:38:26.073+0100][874.402s] GC(95)   Post Evacuate Collection Set: 0.4ms
[2023-12-26T13:38:26.073+0100][874.402s] GC(95)   Other: 0.1ms
[2023-12-26T13:38:26.073+0100][874.402s] GC(95) Eden regions: 296->0(295)
[2023-12-26T13:38:26.073+0100][874.402s] GC(95) Survivor regions: 11->12(39)
[2023-12-26T13:38:26.073+0100][874.402s] GC(95) Old regions: 92->92
[2023-12-26T13:38:26.073+0100][874.402s] GC(95) Archive regions: 0->0
[2023-12-26T13:38:26.073+0100][874.402s] GC(95) Humongous regions: 4->4
[2023-12-26T13:38:26.073+0100][874.402s] GC(95) Metaspace: 61648K(62272K)->61648K(62272K) NonClass: 54757K(54976K)->54757K(54976K) Class: 6891K(7296K)->6891K(7296K)
[2023-12-26T13:38:26.073+0100][874.402s] GC(95) Pause Young (Normal) (G1 Evacuation Pause) 402M->106M(512M) 2.624ms
[2023-12-26T13:38:26.073+0100][874.402s] GC(95) User=0.00s Sys=0.00s Real=0.00s
[2023-12-26T13:38:26.845+0100][875.174s] GC(96) Pause Young (Concurrent Start) (CodeCache GC Threshold)
[2023-12-26T13:38:26.845+0100][875.174s] GC(96) Using 10 workers of 10 for evacuation
[2023-12-26T13:38:26.848+0100][875.176s] GC(96)   Pre Evacuate Collection Set: 0.2ms
[2023-12-26T13:38:26.848+0100][875.176s] GC(96)   Merge Heap Roots: 0.1ms
[2023-12-26T13:38:26.848+0100][875.176s] GC(96)   Evacuate Collection Set: 1.9ms
[2023-12-26T13:38:26.848+0100][875.176s] GC(96)   Post Evacuate Collection Set: 0.6ms
[2023-12-26T13:38:26.848+0100][875.176s] GC(96)   Other: 0.1ms
[2023-12-26T13:38:26.848+0100][875.176s] GC(96) Eden regions: 269->0(294)
[2023-12-26T13:38:26.848+0100][875.177s] GC(96) Survivor regions: 12->13(39)
[2023-12-26T13:38:26.848+0100][875.177s] GC(96) Old regions: 92->92
[2023-12-26T13:38:26.848+0100][875.177s] GC(96) Archive regions: 0->0
[2023-12-26T13:38:26.848+0100][875.177s] GC(96) Humongous regions: 4->4
[2023-12-26T13:38:26.848+0100][875.177s] GC(96) Metaspace: 61668K(62272K)->61668K(62272K) NonClass: 54776K(54976K)->54776K(54976K) Class: 6891K(7296K)->6891K(7296K)
[2023-12-26T13:38:26.848+0100][875.177s] GC(96) Pause Young (Concurrent Start) (CodeCache GC Threshold) 375M->108M(512M) 3.056ms
[2023-12-26T13:38:26.848+0100][875.177s] GC(96) User=0.00s Sys=0.00s Real=0.00s
[2023-12-26T13:38:26.848+0100][875.177s] GC(97) Concurrent Mark Cycle
[2023-12-26T13:38:26.848+0100][875.177s] GC(97) Concurrent Clear Claimed Marks
[2023-12-26T13:38:26.848+0100][875.177s] GC(97) Concurrent Clear Claimed Marks 0.029ms
[2023-12-26T13:38:26.848+0100][875.177s] GC(97) Concurrent Scan Root Regions
[2023-12-26T13:38:26.849+0100][875.178s] GC(97) Concurrent Scan Root Regions 1.030ms
[2023-12-26T13:38:26.849+0100][875.178s] GC(97) Concurrent Mark
[2023-12-26T13:38:26.849+0100][875.178s] GC(97) Concurrent Mark From Roots
[2023-12-26T13:38:26.849+0100][875.178s] GC(97) Using 3 workers of 3 for marking
[2023-12-26T13:38:26.871+0100][875.200s] GC(97) Concurrent Mark From Roots 22.218ms
[2023-12-26T13:38:26.871+0100][875.200s] GC(97) Concurrent Preclean
[2023-12-26T13:38:26.871+0100][875.200s] GC(97) Concurrent Preclean 0.199ms
[2023-12-26T13:38:26.871+0100][875.200s] GC(97) Pause Remark
[2023-12-26T13:38:26.878+0100][875.207s] GC(97) Pause Remark 111M->111M(512M) 6.938ms
[2023-12-26T13:38:26.878+0100][875.207s] GC(97) User=0.00s Sys=0.00s Real=0.01s
[2023-12-26T13:38:26.878+0100][875.207s] GC(97) Concurrent Mark 29.713ms
[2023-12-26T13:38:26.878+0100][875.207s] GC(97) Concurrent Rebuild Remembered Sets
[2023-12-26T13:38:26.892+0100][875.221s] GC(97) Concurrent Rebuild Remembered Sets 13.761ms
[2023-12-26T13:38:26.892+0100][875.221s] GC(97) Pause Cleanup
[2023-12-26T13:38:26.892+0100][875.222s] GC(97) Pause Cleanup 114M->114M(512M) 0.105ms
[2023-12-26T13:38:26.892+0100][875.222s] GC(97) User=0.00s Sys=0.00s Real=0.00s
[2023-12-26T13:38:26.892+0100][875.222s] GC(97) Concurrent Cleanup for Next Mark
[2023-12-26T13:38:26.893+0100][875.222s] GC(97) Concurrent Cleanup for Next Mark 0.781ms
[2023-12-26T13:38:26.893+0100][875.222s] GC(97) Concurrent Mark Cycle 45.821ms
[2023-12-26T13:38:27.719+0100][876.048s] GC(98) Pause Young (Prepare Mixed) (G1 Evacuation Pause)
[2023-12-26T13:38:27.719+0100][876.048s] GC(98) Using 10 workers of 10 for evacuation
[2023-12-26T13:38:27.722+0100][876.051s] GC(98)   Pre Evacuate Collection Set: 0.1ms
[2023-12-26T13:38:27.722+0100][876.051s] GC(98)   Merge Heap Roots: 0.1ms
[2023-12-26T13:38:27.722+0100][876.051s] GC(98)   Evacuate Collection Set: 1.8ms
[2023-12-26T13:38:27.722+0100][876.051s] GC(98)   Post Evacuate Collection Set: 0.6ms
[2023-12-26T13:38:27.722+0100][876.051s] GC(98)   Other: 0.1ms
[2023-12-26T13:38:27.722+0100][876.051s] GC(98) Eden regions: 294->0(11)
[2023-12-26T13:38:27.722+0100][876.051s] GC(98) Survivor regions: 13->14(39)
[2023-12-26T13:38:27.722+0100][876.051s] GC(98) Old regions: 92->92
[2023-12-26T13:38:27.722+0100][876.051s] GC(98) Archive regions: 0->0
[2023-12-26T13:38:27.722+0100][876.051s] GC(98) Humongous regions: 4->4
[2023-12-26T13:38:27.722+0100][876.051s] GC(98) Metaspace: 61668K(62272K)->61668K(62272K) NonClass: 54777K(54976K)->54777K(54976K) Class: 6891K(7296K)->6891K(7296K)
[2023-12-26T13:38:27.722+0100][876.051s] GC(98) Pause Young (Prepare Mixed) (G1 Evacuation Pause) 402M->108M(512M) 2.815ms
[2023-12-26T13:38:27.722+0100][876.051s] GC(98) User=0.00s Sys=0.00s Real=0.00s
[2023-12-26T13:38:27.736+0100][876.065s] GC(99) Pause Young (Mixed) (G1 Evacuation Pause)
[2023-12-26T13:38:27.736+0100][876.066s] GC(99) Using 10 workers of 10 for evacuation
[2023-12-26T13:38:27.739+0100][876.068s] GC(99)   Pre Evacuate Collection Set: 0.1ms
[2023-12-26T13:38:27.739+0100][876.068s] GC(99)   Merge Heap Roots: 0.1ms
[2023-12-26T13:38:27.739+0100][876.068s] GC(99)   Evacuate Collection Set: 2.0ms
[2023-12-26T13:38:27.739+0100][876.068s] GC(99)   Post Evacuate Collection Set: 0.5ms
[2023-12-26T13:38:27.739+0100][876.068s] GC(99)   Other: 0.1ms
[2023-12-26T13:38:27.739+0100][876.068s] GC(99) Eden regions: 11->0(306)
[2023-12-26T13:38:27.739+0100][876.068s] GC(99) Survivor regions: 14->1(4)
[2023-12-26T13:38:27.739+0100][876.068s] GC(99) Old regions: 92->105
[2023-12-26T13:38:27.739+0100][876.068s] GC(99) Archive regions: 0->0
[2023-12-26T13:38:27.739+0100][876.068s] GC(99) Humongous regions: 4->4
[2023-12-26T13:38:27.739+0100][876.068s] GC(99) Metaspace: 61668K(62272K)->61668K(62272K) NonClass: 54777K(54976K)->54777K(54976K) Class: 6891K(7296K)->6891K(7296K)
[2023-12-26T13:38:27.739+0100][876.069s] GC(99) Pause Young (Mixed) (G1 Evacuation Pause) 119M->108M(512M) 3.067ms
[2023-12-26T13:38:27.739+0100][876.069s] GC(99) User=0.00s Sys=0.00s Real=0.00s
[2023-12-26T13:38:28.625+0100][876.954s] GC(100) Pause Young (Normal) (G1 Evacuation Pause)
[2023-12-26T13:38:28.625+0100][876.954s] GC(100) Using 10 workers of 10 for evacuation
[2023-12-26T13:38:28.627+0100][876.956s] GC(100)   Pre Evacuate Collection Set: 0.1ms
[2023-12-26T13:38:28.627+0100][876.956s] GC(100)   Merge Heap Roots: 0.1ms
[2023-12-26T13:38:28.627+0100][876.956s] GC(100)   Evacuate Collection Set: 0.5ms
[2023-12-26T13:38:28.627+0100][876.956s] GC(100)   Post Evacuate Collection Set: 0.4ms
[2023-12-26T13:38:28.627+0100][876.956s] GC(100)   Other: 0.1ms
[2023-12-26T13:38:28.627+0100][876.956s] GC(100) Eden regions: 306->0(304)
[2023-12-26T13:38:28.627+0100][876.956s] GC(100) Survivor regions: 1->3(39)
[2023-12-26T13:38:28.627+0100][876.956s] GC(100) Old regions: 105->105
[2023-12-26T13:38:28.627+0100][876.956s] GC(100) Archive regions: 0->0
[2023-12-26T13:38:28.627+0100][876.956s] GC(100) Humongous regions: 4->4
[2023-12-26T13:38:28.627+0100][876.956s] GC(100) Metaspace: 61669K(62272K)->61669K(62272K) NonClass: 54778K(54976K)->54778K(54976K) Class: 6891K(7296K)->6891K(7296K)
[2023-12-26T13:38:28.627+0100][876.956s] GC(100) Pause Young (Normal) (G1 Evacuation Pause) 414M->110M(512M) 1.345ms
[2023-12-26T13:38:28.627+0100][876.956s] GC(100) User=0.00s Sys=0.00s Real=0.00s
[2023-12-26T13:38:29.487+0100][877.816s] GC(101) Pause Young (Normal) (G1 Evacuation Pause)
[2023-12-26T13:38:29.487+0100][877.816s] GC(101) Using 10 workers of 10 for evacuation
[2023-12-26T13:38:29.488+0100][877.817s] GC(101)   Pre Evacuate Collection Set: 0.1ms
[2023-12-26T13:38:29.488+0100][877.817s] GC(101)   Merge Heap Roots: 0.1ms
[2023-12-26T13:38:29.488+0100][877.817s] GC(101)   Evacuate Collection Set: 0.6ms
[2023-12-26T13:38:29.488+0100][877.817s] GC(101)   Post Evacuate Collection Set: 0.3ms
[2023-12-26T13:38:29.488+0100][877.817s] GC(101)   Other: 0.1ms
[2023-12-26T13:38:29.488+0100][877.817s] GC(101) Eden regions: 304->0(303)
[2023-12-26T13:38:29.488+0100][877.817s] GC(101) Survivor regions: 3->4(39)
[2023-12-26T13:38:29.488+0100][877.817s] GC(101) Old regions: 105->105
[2023-12-26T13:38:29.488+0100][877.817s] GC(101) Archive regions: 0->0
[2023-12-26T13:38:29.488+0100][877.817s] GC(101) Humongous regions: 4->4
[2023-12-26T13:38:29.488+0100][877.817s] GC(101) Metaspace: 61680K(62272K)->61680K(62272K) NonClass: 54789K(54976K)->54789K(54976K) Class: 6891K(7296K)->6891K(7296K)
[2023-12-26T13:38:29.488+0100][877.817s] GC(101) Pause Young (Normal) (G1 Evacuation Pause) 414M->111M(512M) 1.398ms
[2023-12-26T13:38:29.488+0100][877.817s] GC(101) User=0.00s Sys=0.00s Real=0.00s
[2023-12-26T13:38:30.314+0100][878.644s] GC(102) Pause Young (Normal) (G1 Evacuation Pause)
[2023-12-26T13:38:30.314+0100][878.644s] GC(102) Using 10 workers of 10 for evacuation
[2023-12-26T13:38:30.316+0100][878.645s] GC(102)   Pre Evacuate Collection Set: 0.1ms
[2023-12-26T13:38:30.316+0100][878.645s] GC(102)   Merge Heap Roots: 0.1ms
[2023-12-26T13:38:30.316+0100][878.645s] GC(102)   Evacuate Collection Set: 0.7ms
[2023-12-26T13:38:30.316+0100][878.645s] GC(102)   Post Evacuate Collection Set: 0.5ms
[2023-12-26T13:38:30.316+0100][878.645s] GC(102)   Other: 0.1ms
[2023-12-26T13:38:30.316+0100][878.646s] GC(102) Eden regions: 303->0(302)
[2023-12-26T13:38:30.316+0100][878.646s] GC(102) Survivor regions: 4->5(39)
[2023-12-26T13:38:30.316+0100][878.646s] GC(102) Old regions: 105->105
[2023-12-26T13:38:30.316+0100][878.646s] GC(102) Archive regions: 0->0
[2023-12-26T13:38:30.316+0100][878.646s] GC(102) Humongous regions: 4->4
[2023-12-26T13:38:30.316+0100][878.646s] GC(102) Metaspace: 61685K(62272K)->61685K(62272K) NonClass: 54794K(54976K)->54794K(54976K) Class: 6891K(7296K)->6891K(7296K)
[2023-12-26T13:38:30.316+0100][878.646s] GC(102) Pause Young (Normal) (G1 Evacuation Pause) 414M->113M(512M) 1.722ms
[2023-12-26T13:38:30.316+0100][878.646s] GC(102) User=0.00s Sys=0.00s Real=0.00s
[2023-12-26T13:38:31.173+0100][879.502s] GC(103) Pause Young (Normal) (G1 Evacuation Pause)
[2023-12-26T13:38:31.173+0100][879.502s] GC(103) Using 10 workers of 10 for evacuation
[2023-12-26T13:38:31.175+0100][879.503s] GC(103)   Pre Evacuate Collection Set: 0.1ms
[2023-12-26T13:38:31.175+0100][879.503s] GC(103)   Merge Heap Roots: 0.1ms
[2023-12-26T13:38:31.175+0100][879.503s] GC(103)   Evacuate Collection Set: 0.9ms
[2023-12-26T13:38:31.175+0100][879.503s] GC(103)   Post Evacuate Collection Set: 0.5ms
[2023-12-26T13:38:31.175+0100][879.503s] GC(103)   Other: 0.1ms
[2023-12-26T13:38:31.175+0100][879.503s] GC(103) Eden regions: 302->0(301)
[2023-12-26T13:38:31.175+0100][879.503s] GC(103) Survivor regions: 5->6(39)
[2023-12-26T13:38:31.175+0100][879.503s] GC(103) Old regions: 105->105
[2023-12-26T13:38:31.175+0100][879.503s] GC(103) Archive regions: 0->0
[2023-12-26T13:38:31.175+0100][879.503s] GC(103) Humongous regions: 4->4
[2023-12-26T13:38:31.175+0100][879.503s] GC(103) Metaspace: 61686K(62272K)->61686K(62272K) NonClass: 54795K(54976K)->54795K(54976K) Class: 6891K(7296K)->6891K(7296K)
[2023-12-26T13:38:31.175+0100][879.503s] GC(103) Pause Young (Normal) (G1 Evacuation Pause) 415M->114M(512M) 1.774ms
[2023-12-26T13:38:31.175+0100][879.503s] GC(103) User=0.00s Sys=0.00s Real=0.00s
[2023-12-26T13:38:32.041+0100][880.370s] GC(104) Pause Young (Normal) (G1 Evacuation Pause)
[2023-12-26T13:38:32.041+0100][880.370s] GC(104) Using 10 workers of 10 for evacuation
[2023-12-26T13:38:32.043+0100][880.372s] GC(104)   Pre Evacuate Collection Set: 0.1ms
[2023-12-26T13:38:32.043+0100][880.372s] GC(104)   Merge Heap Roots: 0.1ms
[2023-12-26T13:38:32.043+0100][880.372s] GC(104)   Evacuate Collection Set: 1.1ms
[2023-12-26T13:38:32.043+0100][880.372s] GC(104)   Post Evacuate Collection Set: 0.5ms
[2023-12-26T13:38:32.043+0100][880.372s] GC(104)   Other: 0.1ms
[2023-12-26T13:38:32.043+0100][880.372s] GC(104) Eden regions: 301->0(299)
[2023-12-26T13:38:32.043+0100][880.372s] GC(104) Survivor regions: 6->8(39)
[2023-12-26T13:38:32.043+0100][880.372s] GC(104) Old regions: 105->105
[2023-12-26T13:38:32.043+0100][880.372s] GC(104) Archive regions: 0->0
[2023-12-26T13:38:32.043+0100][880.372s] GC(104) Humongous regions: 4->4
[2023-12-26T13:38:32.043+0100][880.372s] GC(104) Metaspace: 61690K(62272K)->61690K(62272K) NonClass: 54798K(54976K)->54798K(54976K) Class: 6892K(7296K)->6892K(7296K)
[2023-12-26T13:38:32.043+0100][880.372s] GC(104) Pause Young (Normal) (G1 Evacuation Pause) 415M->115M(512M) 2.086ms
[2023-12-26T13:38:32.043+0100][880.372s] GC(104) User=0.00s Sys=0.00s Real=0.00s
[2023-12-26T13:38:32.905+0100][881.234s] GC(105) Pause Young (Normal) (G1 Evacuation Pause)
[2023-12-26T13:38:32.905+0100][881.234s] GC(105) Using 10 workers of 10 for evacuation
[2023-12-26T13:38:32.907+0100][881.235s] GC(105)   Pre Evacuate Collection Set: 0.1ms
[2023-12-26T13:38:32.907+0100][881.235s] GC(105)   Merge Heap Roots: 0.1ms
[2023-12-26T13:38:32.907+0100][881.235s] GC(105)   Evacuate Collection Set: 1.2ms
[2023-12-26T13:38:32.907+0100][881.236s] GC(105)   Post Evacuate Collection Set: 0.4ms
[2023-12-26T13:38:32.907+0100][881.236s] GC(105)   Other: 0.1ms
[2023-12-26T13:38:32.907+0100][881.236s] GC(105) Eden regions: 299->0(299)
[2023-12-26T13:38:32.907+0100][881.236s] GC(105) Survivor regions: 8->8(39)
[2023-12-26T13:38:32.907+0100][881.236s] GC(105) Old regions: 105->105
[2023-12-26T13:38:32.907+0100][881.236s] GC(105) Archive regions: 0->0
[2023-12-26T13:38:32.907+0100][881.236s] GC(105) Humongous regions: 4->4
[2023-12-26T13:38:32.907+0100][881.236s] GC(105) Metaspace: 61690K(62272K)->61690K(62272K) NonClass: 54798K(54976K)->54798K(54976K) Class: 6892K(7296K)->6892K(7296K)
[2023-12-26T13:38:32.907+0100][881.236s] GC(105) Pause Young (Normal) (G1 Evacuation Pause) 414M->116M(512M) 2.099ms
[2023-12-26T13:38:32.907+0100][881.236s] GC(105) User=0.00s Sys=0.00s Real=0.00s
[2023-12-26T13:38:33.733+0100][882.063s] GC(106) Pause Young (Normal) (G1 Evacuation Pause)
[2023-12-26T13:38:33.733+0100][882.063s] GC(106) Using 10 workers of 10 for evacuation
[2023-12-26T13:38:33.736+0100][882.065s] GC(106)   Pre Evacuate Collection Set: 0.1ms
[2023-12-26T13:38:33.736+0100][882.065s] GC(106)   Merge Heap Roots: 0.1ms
[2023-12-26T13:38:33.736+0100][882.065s] GC(106)   Evacuate Collection Set: 1.3ms
[2023-12-26T13:38:33.736+0100][882.065s] GC(106)   Post Evacuate Collection Set: 0.5ms
[2023-12-26T13:38:33.736+0100][882.065s] GC(106)   Other: 0.1ms
[2023-12-26T13:38:33.736+0100][882.065s] GC(106) Eden regions: 299->0(298)
[2023-12-26T13:38:33.736+0100][882.065s] GC(106) Survivor regions: 8->9(39)
[2023-12-26T13:38:33.736+0100][882.065s] GC(106) Old regions: 105->105
[2023-12-26T13:38:33.736+0100][882.065s] GC(106) Archive regions: 0->0
[2023-12-26T13:38:33.736+0100][882.065s] GC(106) Humongous regions: 4->4
[2023-12-26T13:38:33.736+0100][882.065s] GC(106) Metaspace: 61694K(62336K)->61694K(62336K) NonClass: 54802K(55040K)->54802K(55040K) Class: 6892K(7296K)->6892K(7296K)
[2023-12-26T13:38:33.736+0100][882.065s] GC(106) Pause Young (Normal) (G1 Evacuation Pause) 415M->117M(512M) 2.296ms
[2023-12-26T13:38:33.736+0100][882.065s] GC(106) User=0.00s Sys=0.00s Real=0.00s
[2023-12-26T13:38:34.584+0100][882.914s] GC(107) Pause Young (Normal) (G1 Evacuation Pause)
[2023-12-26T13:38:34.584+0100][882.914s] GC(107) Using 10 workers of 10 for evacuation
[2023-12-26T13:38:34.587+0100][882.916s] GC(107)   Pre Evacuate Collection Set: 0.1ms
[2023-12-26T13:38:34.587+0100][882.916s] GC(107)   Merge Heap Roots: 0.2ms
[2023-12-26T13:38:34.587+0100][882.916s] GC(107)   Evacuate Collection Set: 1.7ms
[2023-12-26T13:38:34.587+0100][882.916s] GC(107)   Post Evacuate Collection Set: 0.5ms
[2023-12-26T13:38:34.587+0100][882.916s] GC(107)   Other: 0.1ms
[2023-12-26T13:38:34.587+0100][882.916s] GC(107) Eden regions: 298->0(297)
[2023-12-26T13:38:34.587+0100][882.916s] GC(107) Survivor regions: 9->10(39)
[2023-12-26T13:38:34.587+0100][882.917s] GC(107) Old regions: 105->105
[2023-12-26T13:38:34.587+0100][882.917s] GC(107) Archive regions: 0->0
[2023-12-26T13:38:34.587+0100][882.917s] GC(107) Humongous regions: 4->4
[2023-12-26T13:38:34.587+0100][882.917s] GC(107) Metaspace: 61694K(62336K)->61694K(62336K) NonClass: 54802K(55040K)->54802K(55040K) Class: 6892K(7296K)->6892K(7296K)
[2023-12-26T13:38:34.587+0100][882.917s] GC(107) Pause Young (Normal) (G1 Evacuation Pause) 415M->118M(512M) 2.655ms
[2023-12-26T13:38:34.587+0100][882.917s] GC(107) User=0.00s Sys=0.00s Real=0.00s
[2023-12-26T13:38:35.439+0100][883.768s] GC(108) Pause Young (Normal) (G1 Evacuation Pause)
[2023-12-26T13:38:35.439+0100][883.768s] GC(108) Using 10 workers of 10 for evacuation
[2023-12-26T13:38:35.441+0100][883.770s] GC(108)   Pre Evacuate Collection Set: 0.1ms
[2023-12-26T13:38:35.441+0100][883.770s] GC(108)   Merge Heap Roots: 0.1ms
[2023-12-26T13:38:35.441+0100][883.770s] GC(108)   Evacuate Collection Set: 1.7ms
[2023-12-26T13:38:35.441+0100][883.770s] GC(108)   Post Evacuate Collection Set: 0.4ms
[2023-12-26T13:38:35.441+0100][883.770s] GC(108)   Other: 0.1ms
[2023-12-26T13:38:35.441+0100][883.770s] GC(108) Eden regions: 297->0(296)
[2023-12-26T13:38:35.441+0100][883.770s] GC(108) Survivor regions: 10->11(39)
[2023-12-26T13:38:35.441+0100][883.770s] GC(108) Old regions: 105->105
[2023-12-26T13:38:35.441+0100][883.770s] GC(108) Archive regions: 0->0
[2023-12-26T13:38:35.441+0100][883.770s] GC(108) Humongous regions: 4->4
[2023-12-26T13:38:35.441+0100][883.770s] GC(108) Metaspace: 61694K(62336K)->61694K(62336K) NonClass: 54802K(55040K)->54802K(55040K) Class: 6892K(7296K)->6892K(7296K)
[2023-12-26T13:38:35.441+0100][883.770s] GC(108) Pause Young (Normal) (G1 Evacuation Pause) 415M->119M(512M) 2.636ms
[2023-12-26T13:38:35.441+0100][883.770s] GC(108) User=0.00s Sys=0.00s Real=0.00s
[2023-12-26T13:38:36.339+0100][884.668s] GC(109) Pause Young (Normal) (G1 Evacuation Pause)
[2023-12-26T13:38:36.339+0100][884.668s] GC(109) Using 10 workers of 10 for evacuation
[2023-12-26T13:38:36.341+0100][884.671s] GC(109)   Pre Evacuate Collection Set: 0.1ms
[2023-12-26T13:38:36.341+0100][884.671s] GC(109)   Merge Heap Roots: 0.1ms
[2023-12-26T13:38:36.341+0100][884.671s] GC(109)   Evacuate Collection Set: 1.7ms
[2023-12-26T13:38:36.341+0100][884.671s] GC(109)   Post Evacuate Collection Set: 0.4ms
[2023-12-26T13:38:36.341+0100][884.671s] GC(109)   Other: 0.1ms
[2023-12-26T13:38:36.341+0100][884.671s] GC(109) Eden regions: 296->0(294)
[2023-12-26T13:38:36.341+0100][884.671s] GC(109) Survivor regions: 11->13(39)
[2023-12-26T13:38:36.341+0100][884.671s] GC(109) Old regions: 105->105
[2023-12-26T13:38:36.341+0100][884.671s] GC(109) Archive regions: 0->0
[2023-12-26T13:38:36.341+0100][884.671s] GC(109) Humongous regions: 4->4
[2023-12-26T13:38:36.342+0100][884.671s] GC(109) Metaspace: 61695K(62336K)->61695K(62336K) NonClass: 54802K(55040K)->54802K(55040K) Class: 6892K(7296K)->6892K(7296K)
[2023-12-26T13:38:36.342+0100][884.671s] GC(109) Pause Young (Normal) (G1 Evacuation Pause) 415M->120M(512M) 2.656ms
[2023-12-26T13:38:36.342+0100][884.671s] GC(109) User=0.00s Sys=0.00s Real=0.00s
[2023-12-26T13:38:37.151+0100][885.481s] GC(110) Pause Young (Normal) (G1 Evacuation Pause)
[2023-12-26T13:38:37.151+0100][885.481s] GC(110) Using 10 workers of 10 for evacuation
[2023-12-26T13:38:37.154+0100][885.483s] GC(110)   Pre Evacuate Collection Set: 0.1ms
[2023-12-26T13:38:37.154+0100][885.483s] GC(110)   Merge Heap Roots: 0.1ms
[2023-12-26T13:38:37.154+0100][885.483s] GC(110)   Evacuate Collection Set: 1.9ms
[2023-12-26T13:38:37.154+0100][885.483s] GC(110)   Post Evacuate Collection Set: 0.5ms
[2023-12-26T13:38:37.154+0100][885.483s] GC(110)   Other: 0.1ms
[2023-12-26T13:38:37.154+0100][885.483s] GC(110) Eden regions: 294->0(294)
[2023-12-26T13:38:37.154+0100][885.484s] GC(110) Survivor regions: 13->13(39)
[2023-12-26T13:38:37.154+0100][885.484s] GC(110) Old regions: 105->105
[2023-12-26T13:38:37.154+0100][885.484s] GC(110) Archive regions: 0->0
[2023-12-26T13:38:37.154+0100][885.484s] GC(110) Humongous regions: 4->4
[2023-12-26T13:38:37.154+0100][885.484s] GC(110) Metaspace: 61695K(62336K)->61695K(62336K) NonClass: 54802K(55040K)->54802K(55040K) Class: 6892K(7296K)->6892K(7296K)
[2023-12-26T13:38:37.154+0100][885.484s] GC(110) Pause Young (Normal) (G1 Evacuation Pause) 414M->121M(512M) 2.746ms
[2023-12-26T13:38:37.154+0100][885.484s] GC(110) User=0.00s Sys=0.00s Real=0.00s
[2023-12-26T13:38:38.010+0100][886.339s] GC(111) Pause Young (Normal) (G1 Evacuation Pause)
[2023-12-26T13:38:38.010+0100][886.339s] GC(111) Using 10 workers of 10 for evacuation
[2023-12-26T13:38:38.012+0100][886.342s] GC(111)   Pre Evacuate Collection Set: 0.1ms
[2023-12-26T13:38:38.012+0100][886.342s] GC(111)   Merge Heap Roots: 0.1ms
[2023-12-26T13:38:38.012+0100][886.342s] GC(111)   Evacuate Collection Set: 1.9ms
[2023-12-26T13:38:38.012+0100][886.342s] GC(111)   Post Evacuate Collection Set: 0.6ms
[2023-12-26T13:38:38.012+0100][886.342s] GC(111)   Other: 0.1ms
[2023-12-26T13:38:38.012+0100][886.342s] GC(111) Eden regions: 294->0(293)
[2023-12-26T13:38:38.012+0100][886.342s] GC(111) Survivor regions: 13->14(39)
[2023-12-26T13:38:38.012+0100][886.342s] GC(111) Old regions: 105->105
[2023-12-26T13:38:38.012+0100][886.342s] GC(111) Archive regions: 0->0
[2023-12-26T13:38:38.012+0100][886.342s] GC(111) Humongous regions: 4->4
[2023-12-26T13:38:38.012+0100][886.342s] GC(111) Metaspace: 61698K(62336K)->61698K(62336K) NonClass: 54806K(55040K)->54806K(55040K) Class: 6892K(7296K)->6892K(7296K)
[2023-12-26T13:38:38.012+0100][886.342s] GC(111) Pause Young (Normal) (G1 Evacuation Pause) 415M->122M(512M) 3.028ms
[2023-12-26T13:38:38.012+0100][886.342s] GC(111) User=0.00s Sys=0.00s Real=0.00s
[2023-12-26T13:38:38.849+0100][887.178s] GC(112) Pause Young (Normal) (G1 Evacuation Pause)
[2023-12-26T13:38:38.849+0100][887.178s] GC(112) Using 10 workers of 10 for evacuation
[2023-12-26T13:38:38.852+0100][887.181s] GC(112)   Pre Evacuate Collection Set: 0.1ms
[2023-12-26T13:38:38.852+0100][887.181s] GC(112)   Merge Heap Roots: 0.1ms
[2023-12-26T13:38:38.852+0100][887.181s] GC(112)   Evacuate Collection Set: 2.2ms
[2023-12-26T13:38:38.852+0100][887.181s] GC(112)   Post Evacuate Collection Set: 0.6ms
[2023-12-26T13:38:38.852+0100][887.181s] GC(112)   Other: 0.1ms
[2023-12-26T13:38:38.852+0100][887.181s] GC(112) Eden regions: 293->0(291)
[2023-12-26T13:38:38.852+0100][887.181s] GC(112) Survivor regions: 14->16(39)
[2023-12-26T13:38:38.852+0100][887.181s] GC(112) Old regions: 105->105
[2023-12-26T13:38:38.852+0100][887.181s] GC(112) Archive regions: 0->0
[2023-12-26T13:38:38.852+0100][887.181s] GC(112) Humongous regions: 4->4
[2023-12-26T13:38:38.852+0100][887.181s] GC(112) Metaspace: 61699K(62336K)->61699K(62336K) NonClass: 54806K(55040K)->54806K(55040K) Class: 6892K(7296K)->6892K(7296K)
[2023-12-26T13:38:38.852+0100][887.181s] GC(112) Pause Young (Normal) (G1 Evacuation Pause) 415M->123M(512M) 3.273ms
[2023-12-26T13:38:38.852+0100][887.181s] GC(112) User=0.16s Sys=0.00s Real=0.00s
[2023-12-26T13:38:39.765+0100][888.094s] GC(113) Pause Young (Concurrent Start) (CodeCache GC Threshold)
[2023-12-26T13:38:39.765+0100][888.094s] GC(113) Using 10 workers of 10 for evacuation
[2023-12-26T13:38:39.768+0100][888.098s] GC(113)   Pre Evacuate Collection Set: 0.1ms
[2023-12-26T13:38:39.768+0100][888.098s] GC(113)   Merge Heap Roots: 0.1ms
[2023-12-26T13:38:39.768+0100][888.098s] GC(113)   Evacuate Collection Set: 2.6ms
[2023-12-26T13:38:39.768+0100][888.098s] GC(113)   Post Evacuate Collection Set: 0.4ms
[2023-12-26T13:38:39.768+0100][888.098s] GC(113)   Other: 0.1ms
[2023-12-26T13:38:39.768+0100][888.098s] GC(113) Eden regions: 291->0(290)
[2023-12-26T13:38:39.768+0100][888.098s] GC(113) Survivor regions: 16->17(39)
[2023-12-26T13:38:39.768+0100][888.098s] GC(113) Old regions: 105->105
[2023-12-26T13:38:39.768+0100][888.098s] GC(113) Archive regions: 0->0
[2023-12-26T13:38:39.768+0100][888.098s] GC(113) Humongous regions: 4->4
[2023-12-26T13:38:39.768+0100][888.098s] GC(113) Metaspace: 61699K(62336K)->61699K(62336K) NonClass: 54806K(55040K)->54806K(55040K) Class: 6892K(7296K)->6892K(7296K)
[2023-12-26T13:38:39.768+0100][888.098s] GC(113) Pause Young (Concurrent Start) (CodeCache GC Threshold) 414M->124M(512M) 3.492ms
[2023-12-26T13:38:39.768+0100][888.098s] GC(114) Concurrent Mark Cycle
[2023-12-26T13:38:39.768+0100][888.098s] GC(113) User=0.00s Sys=0.00s Real=0.00s
[2023-12-26T13:38:39.768+0100][888.098s] GC(114) Concurrent Clear Claimed Marks
[2023-12-26T13:38:39.768+0100][888.098s] GC(114) Concurrent Clear Claimed Marks 0.062ms
[2023-12-26T13:38:39.768+0100][888.098s] GC(114) Concurrent Scan Root Regions
[2023-12-26T13:38:39.770+0100][888.099s] GC(114) Concurrent Scan Root Regions 1.267ms
[2023-12-26T13:38:39.770+0100][888.099s] GC(114) Concurrent Mark
[2023-12-26T13:38:39.770+0100][888.099s] GC(114) Concurrent Mark From Roots
[2023-12-26T13:38:39.770+0100][888.099s] GC(114) Using 3 workers of 3 for marking
[2023-12-26T13:38:39.792+0100][888.120s] GC(114) Concurrent Mark From Roots 21.184ms
[2023-12-26T13:38:39.792+0100][888.120s] GC(114) Concurrent Preclean
[2023-12-26T13:38:39.792+0100][888.121s] GC(114) Concurrent Preclean 0.198ms
[2023-12-26T13:38:39.792+0100][888.121s] GC(114) Pause Remark
[2023-12-26T13:38:39.797+0100][888.126s] GC(114) Pause Remark 129M->129M(512M) 4.995ms
[2023-12-26T13:38:39.797+0100][888.126s] GC(114) User=0.00s Sys=0.00s Real=0.00s
[2023-12-26T13:38:39.797+0100][888.126s] GC(114) Concurrent Mark 26.743ms
[2023-12-26T13:38:39.797+0100][888.126s] GC(114) Concurrent Rebuild Remembered Sets
[2023-12-26T13:38:39.809+0100][888.138s] GC(114) Concurrent Rebuild Remembered Sets 11.774ms
[2023-12-26T13:38:39.809+0100][888.138s] GC(114) Pause Cleanup
[2023-12-26T13:38:39.809+0100][888.138s] GC(114) Pause Cleanup 132M->132M(512M) 0.115ms
[2023-12-26T13:38:39.809+0100][888.138s] GC(114) User=0.00s Sys=0.00s Real=0.00s
[2023-12-26T13:38:39.809+0100][888.138s] GC(114) Concurrent Cleanup for Next Mark
[2023-12-26T13:38:39.810+0100][888.139s] GC(114) Concurrent Cleanup for Next Mark 0.597ms
[2023-12-26T13:38:39.810+0100][888.139s] GC(114) Concurrent Mark Cycle 40.956ms
[2023-12-26T13:38:40.604+0100][888.933s] GC(115) Pause Young (Prepare Mixed) (G1 Evacuation Pause)
[2023-12-26T13:38:40.604+0100][888.933s] GC(115) Using 10 workers of 10 for evacuation
[2023-12-26T13:38:40.607+0100][888.936s] GC(115)   Pre Evacuate Collection Set: 0.1ms
[2023-12-26T13:38:40.607+0100][888.936s] GC(115)   Merge Heap Roots: 0.1ms
[2023-12-26T13:38:40.607+0100][888.936s] GC(115)   Evacuate Collection Set: 2.1ms
[2023-12-26T13:38:40.607+0100][888.936s] GC(115)   Post Evacuate Collection Set: 0.6ms
[2023-12-26T13:38:40.607+0100][888.936s] GC(115)   Other: 0.1ms
[2023-12-26T13:38:40.607+0100][888.936s] GC(115) Eden regions: 290->0(8)
[2023-12-26T13:38:40.607+0100][888.936s] GC(115) Survivor regions: 17->17(39)
[2023-12-26T13:38:40.607+0100][888.936s] GC(115) Old regions: 105->105
[2023-12-26T13:38:40.607+0100][888.936s] GC(115) Archive regions: 0->0
[2023-12-26T13:38:40.607+0100][888.936s] GC(115) Humongous regions: 4->4
[2023-12-26T13:38:40.607+0100][888.936s] GC(115) Metaspace: 61699K(62336K)->61699K(62336K) NonClass: 54806K(55040K)->54806K(55040K) Class: 6892K(7296K)->6892K(7296K)
[2023-12-26T13:38:40.607+0100][888.936s] GC(115) Pause Young (Prepare Mixed) (G1 Evacuation Pause) 414M->124M(512M) 3.273ms
[2023-12-26T13:38:40.607+0100][888.936s] GC(115) User=0.00s Sys=0.00s Real=0.00s
[2023-12-26T13:38:40.628+0100][888.957s] GC(116) Pause Young (Mixed) (G1 Evacuation Pause)
[2023-12-26T13:38:40.628+0100][888.957s] GC(116) Using 10 workers of 10 for evacuation
[2023-12-26T13:38:40.632+0100][888.961s] GC(116)   Pre Evacuate Collection Set: 0.1ms
[2023-12-26T13:38:40.632+0100][888.961s] GC(116)   Merge Heap Roots: 0.2ms
[2023-12-26T13:38:40.632+0100][888.961s] GC(116)   Evacuate Collection Set: 2.5ms
[2023-12-26T13:38:40.632+0100][888.961s] GC(116)   Post Evacuate Collection Set: 0.6ms
[2023-12-26T13:38:40.632+0100][888.961s] GC(116)   Other: 0.1ms
[2023-12-26T13:38:40.632+0100][888.961s] GC(116) Eden regions: 8->0(304)
[2023-12-26T13:38:40.632+0100][888.961s] GC(116) Survivor regions: 17->3(4)
[2023-12-26T13:38:40.632+0100][888.961s] GC(116) Old regions: 105->119
[2023-12-26T13:38:40.632+0100][888.961s] GC(116) Archive regions: 0->0
[2023-12-26T13:38:40.632+0100][888.961s] GC(116) Humongous regions: 4->4
[2023-12-26T13:38:40.632+0100][888.961s] GC(116) Metaspace: 61699K(62336K)->61699K(62336K) NonClass: 54806K(55040K)->54806K(55040K) Class: 6892K(7296K)->6892K(7296K)
[2023-12-26T13:38:40.632+0100][888.961s] GC(116) Pause Young (Mixed) (G1 Evacuation Pause) 132M->124M(512M) 3.763ms
[2023-12-26T13:38:40.632+0100][888.961s] GC(116) User=0.16s Sys=0.00s Real=0.00s
[2023-12-26T13:38:41.459+0100][889.787s] GC(117) Pause Young (Normal) (G1 Evacuation Pause)
[2023-12-26T13:38:41.459+0100][889.787s] GC(117) Using 10 workers of 10 for evacuation
[2023-12-26T13:38:41.460+0100][889.789s] GC(117)   Pre Evacuate Collection Set: 0.1ms
[2023-12-26T13:38:41.460+0100][889.789s] GC(117)   Merge Heap Roots: 0.1ms
[2023-12-26T13:38:41.460+0100][889.789s] GC(117)   Evacuate Collection Set: 0.6ms
[2023-12-26T13:38:41.460+0100][889.789s] GC(117)   Post Evacuate Collection Set: 0.4ms
[2023-12-26T13:38:41.460+0100][889.789s] GC(117)   Other: 0.1ms
[2023-12-26T13:38:41.460+0100][889.789s] GC(117) Eden regions: 304->0(303)
[2023-12-26T13:38:41.460+0100][889.789s] GC(117) Survivor regions: 3->4(39)
[2023-12-26T13:38:41.460+0100][889.789s] GC(117) Old regions: 119->119
[2023-12-26T13:38:41.460+0100][889.789s] GC(117) Archive regions: 0->0
[2023-12-26T13:38:41.460+0100][889.789s] GC(117) Humongous regions: 4->4
[2023-12-26T13:38:41.460+0100][889.789s] GC(117) Metaspace: 61706K(62336K)->61706K(62336K) NonClass: 54813K(55040K)->54813K(55040K) Class: 6893K(7296K)->6893K(7296K)
[2023-12-26T13:38:41.460+0100][889.789s] GC(117) Pause Young (Normal) (G1 Evacuation Pause) 428M->125M(512M) 1.403ms
[2023-12-26T13:38:41.460+0100][889.789s] GC(117) User=0.16s Sys=0.00s Real=0.00s
[2023-12-26T13:38:42.299+0100][890.629s] GC(118) Pause Young (Normal) (G1 Evacuation Pause)
[2023-12-26T13:38:42.300+0100][890.629s] GC(118) Using 10 workers of 10 for evacuation
[2023-12-26T13:38:42.301+0100][890.630s] GC(118)   Pre Evacuate Collection Set: 0.1ms
[2023-12-26T13:38:42.301+0100][890.630s] GC(118)   Merge Heap Roots: 0.1ms
[2023-12-26T13:38:42.301+0100][890.630s] GC(118)   Evacuate Collection Set: 0.7ms
[2023-12-26T13:38:42.301+0100][890.630s] GC(118)   Post Evacuate Collection Set: 0.4ms
[2023-12-26T13:38:42.301+0100][890.630s] GC(118)   Other: 0.1ms
[2023-12-26T13:38:42.301+0100][890.630s] GC(118) Eden regions: 303->0(302)
[2023-12-26T13:38:42.301+0100][890.630s] GC(118) Survivor regions: 4->5(39)
[2023-12-26T13:38:42.301+0100][890.630s] GC(118) Old regions: 119->119
[2023-12-26T13:38:42.301+0100][890.630s] GC(118) Archive regions: 0->0
[2023-12-26T13:38:42.301+0100][890.630s] GC(118) Humongous regions: 4->4
[2023-12-26T13:38:42.301+0100][890.630s] GC(118) Metaspace: 61707K(62336K)->61707K(62336K) NonClass: 54813K(55040K)->54813K(55040K) Class: 6893K(7296K)->6893K(7296K)
[2023-12-26T13:38:42.301+0100][890.630s] GC(118) Pause Young (Normal) (G1 Evacuation Pause) 428M->126M(512M) 1.532ms
[2023-12-26T13:38:42.301+0100][890.630s] GC(118) User=0.00s Sys=0.00s Real=0.00s
[2023-12-26T13:38:43.196+0100][891.525s] GC(119) Pause Young (Normal) (G1 Evacuation Pause)
[2023-12-26T13:38:43.196+0100][891.526s] GC(119) Using 10 workers of 10 for evacuation
[2023-12-26T13:38:43.198+0100][891.527s] GC(119)   Pre Evacuate Collection Set: 0.1ms
[2023-12-26T13:38:43.198+0100][891.527s] GC(119)   Merge Heap Roots: 0.2ms
[2023-12-26T13:38:43.198+0100][891.527s] GC(119)   Evacuate Collection Set: 0.8ms
[2023-12-26T13:38:43.198+0100][891.527s] GC(119)   Post Evacuate Collection Set: 0.4ms
[2023-12-26T13:38:43.198+0100][891.527s] GC(119)   Other: 0.1ms
[2023-12-26T13:38:43.198+0100][891.527s] GC(119) Eden regions: 302->0(301)
[2023-12-26T13:38:43.198+0100][891.527s] GC(119) Survivor regions: 5->6(39)
[2023-12-26T13:38:43.198+0100][891.527s] GC(119) Old regions: 119->119
[2023-12-26T13:38:43.198+0100][891.527s] GC(119) Archive regions: 0->0
[2023-12-26T13:38:43.198+0100][891.527s] GC(119) Humongous regions: 4->4
[2023-12-26T13:38:43.198+0100][891.527s] GC(119) Metaspace: 61708K(62336K)->61708K(62336K) NonClass: 54814K(55040K)->54814K(55040K) Class: 6893K(7296K)->6893K(7296K)
[2023-12-26T13:38:43.198+0100][891.527s] GC(119) Pause Young (Normal) (G1 Evacuation Pause) 428M->127M(512M) 1.683ms
[2023-12-26T13:38:43.198+0100][891.527s] GC(119) User=0.00s Sys=0.00s Real=0.00s
[2023-12-26T13:38:44.056+0100][892.385s] GC(120) Pause Young (Normal) (G1 Evacuation Pause)
[2023-12-26T13:38:44.056+0100][892.385s] GC(120) Using 10 workers of 10 for evacuation
[2023-12-26T13:38:44.058+0100][892.387s] GC(120)   Pre Evacuate Collection Set: 0.1ms
[2023-12-26T13:38:44.058+0100][892.387s] GC(120)   Merge Heap Roots: 0.1ms
[2023-12-26T13:38:44.058+0100][892.387s] GC(120)   Evacuate Collection Set: 0.9ms
[2023-12-26T13:38:44.058+0100][892.387s] GC(120)   Post Evacuate Collection Set: 0.4ms
[2023-12-26T13:38:44.058+0100][892.387s] GC(120)   Other: 0.1ms
[2023-12-26T13:38:44.058+0100][892.387s] GC(120) Eden regions: 301->0(300)
[2023-12-26T13:38:44.058+0100][892.387s] GC(120) Survivor regions: 6->7(39)
[2023-12-26T13:38:44.058+0100][892.387s] GC(120) Old regions: 119->119
[2023-12-26T13:38:44.058+0100][892.387s] GC(120) Archive regions: 0->0
[2023-12-26T13:38:44.058+0100][892.387s] GC(120) Humongous regions: 4->4
[2023-12-26T13:38:44.058+0100][892.387s] GC(120) Metaspace: 61708K(62336K)->61708K(62336K) NonClass: 54814K(55040K)->54814K(55040K) Class: 6893K(7296K)->6893K(7296K)
[2023-12-26T13:38:44.058+0100][892.387s] GC(120) Pause Young (Normal) (G1 Evacuation Pause) 428M->128M(512M) 1.987ms
[2023-12-26T13:38:44.058+0100][892.387s] GC(120) User=0.00s Sys=0.00s Real=0.00s
[2023-12-26T13:38:44.883+0100][893.212s] GC(121) Pause Young (Normal) (G1 Evacuation Pause)
[2023-12-26T13:38:44.883+0100][893.212s] GC(121) Using 10 workers of 10 for evacuation
[2023-12-26T13:38:44.885+0100][893.214s] GC(121)   Pre Evacuate Collection Set: 0.1ms
[2023-12-26T13:38:44.885+0100][893.214s] GC(121)   Merge Heap Roots: 0.1ms
[2023-12-26T13:38:44.885+0100][893.214s] GC(121)   Evacuate Collection Set: 1.0ms
[2023-12-26T13:38:44.885+0100][893.214s] GC(121)   Post Evacuate Collection Set: 0.5ms
[2023-12-26T13:38:44.885+0100][893.214s] GC(121)   Other: 0.1ms
[2023-12-26T13:38:44.885+0100][893.214s] GC(121) Eden regions: 300->0(299)
[2023-12-26T13:38:44.885+0100][893.214s] GC(121) Survivor regions: 7->8(39)
[2023-12-26T13:38:44.885+0100][893.214s] GC(121) Old regions: 119->119
[2023-12-26T13:38:44.885+0100][893.214s] GC(121) Archive regions: 0->0
[2023-12-26T13:38:44.885+0100][893.214s] GC(121) Humongous regions: 4->4
[2023-12-26T13:38:44.885+0100][893.214s] GC(121) Metaspace: 61709K(62336K)->61709K(62336K) NonClass: 54816K(55040K)->54816K(55040K) Class: 6893K(7296K)->6893K(7296K)
[2023-12-26T13:38:44.885+0100][893.214s] GC(121) Pause Young (Normal) (G1 Evacuation Pause) 428M->129M(512M) 1.989ms
[2023-12-26T13:38:44.885+0100][893.214s] GC(121) User=0.00s Sys=0.00s Real=0.00s
[2023-12-26T13:41:44.852+0100][1073.182s] GC(122) Pause Young (Concurrent Start) (CodeCache GC Threshold)
[2023-12-26T13:41:44.852+0100][1073.182s] GC(122) Using 10 workers of 10 for evacuation
[2023-12-26T13:41:44.856+0100][1073.186s] GC(122)   Pre Evacuate Collection Set: 0.1ms
[2023-12-26T13:41:44.856+0100][1073.186s] GC(122)   Merge Heap Roots: 0.1ms
[2023-12-26T13:41:44.856+0100][1073.186s] GC(122)   Evacuate Collection Set: 3.2ms
[2023-12-26T13:41:44.856+0100][1073.186s] GC(122)   Post Evacuate Collection Set: 0.6ms
[2023-12-26T13:41:44.856+0100][1073.186s] GC(122)   Other: 0.1ms
[2023-12-26T13:41:44.856+0100][1073.186s] GC(122) Eden regions: 69->0(299)
[2023-12-26T13:41:44.856+0100][1073.186s] GC(122) Survivor regions: 8->8(39)
[2023-12-26T13:41:44.856+0100][1073.186s] GC(122) Old regions: 119->119
[2023-12-26T13:41:44.856+0100][1073.186s] GC(122) Archive regions: 0->0
[2023-12-26T13:41:44.856+0100][1073.186s] GC(122) Humongous regions: 4->4
[2023-12-26T13:41:44.856+0100][1073.186s] GC(122) Metaspace: 62705K(63168K)->62705K(63168K) NonClass: 55675K(55872K)->55675K(55872K) Class: 7030K(7296K)->7030K(7296K)
[2023-12-26T13:41:44.856+0100][1073.186s] GC(122) Pause Young (Concurrent Start) (CodeCache GC Threshold) 198M->129M(512M) 4.334ms
[2023-12-26T13:41:44.856+0100][1073.186s] GC(122) User=0.00s Sys=0.00s Real=0.00s
[2023-12-26T13:41:44.856+0100][1073.186s] GC(123) Concurrent Mark Cycle
[2023-12-26T13:41:44.856+0100][1073.186s] GC(123) Concurrent Clear Claimed Marks
[2023-12-26T13:41:44.856+0100][1073.186s] GC(123) Concurrent Clear Claimed Marks 0.035ms
[2023-12-26T13:41:44.856+0100][1073.186s] GC(123) Concurrent Scan Root Regions
[2023-12-26T13:41:44.858+0100][1073.187s] GC(123) Concurrent Scan Root Regions 1.256ms
[2023-12-26T13:41:44.858+0100][1073.187s] GC(123) Concurrent Mark
[2023-12-26T13:41:44.858+0100][1073.187s] GC(123) Concurrent Mark From Roots
[2023-12-26T13:41:44.858+0100][1073.187s] GC(123) Using 3 workers of 3 for marking
[2023-12-26T13:41:44.882+0100][1073.211s] GC(123) Concurrent Mark From Roots 23.782ms
[2023-12-26T13:41:44.882+0100][1073.211s] GC(123) Concurrent Preclean
[2023-12-26T13:41:44.882+0100][1073.212s] GC(123) Concurrent Preclean 0.269ms
[2023-12-26T13:41:44.882+0100][1073.212s] GC(123) Pause Remark
[2023-12-26T13:41:44.887+0100][1073.216s] GC(123) Pause Remark 130M->130M(512M) 4.452ms
[2023-12-26T13:41:44.887+0100][1073.216s] GC(123) User=0.00s Sys=0.00s Real=0.01s
[2023-12-26T13:41:44.887+0100][1073.216s] GC(123) Concurrent Mark 28.982ms
[2023-12-26T13:41:44.888+0100][1073.217s] GC(123) Concurrent Rebuild Remembered Sets
[2023-12-26T13:41:44.900+0100][1073.228s] GC(123) Concurrent Rebuild Remembered Sets 11.903ms
[2023-12-26T13:41:44.900+0100][1073.229s] GC(123) Pause Cleanup
[2023-12-26T13:41:44.900+0100][1073.229s] GC(123) Pause Cleanup 130M->130M(512M) 0.195ms
[2023-12-26T13:41:44.900+0100][1073.229s] GC(123) User=0.00s Sys=0.00s Real=0.00s
[2023-12-26T13:41:44.900+0100][1073.229s] GC(123) Concurrent Cleanup for Next Mark
[2023-12-26T13:41:44.901+0100][1073.230s] GC(123) Concurrent Cleanup for Next Mark 1.186ms
[2023-12-26T13:41:44.901+0100][1073.230s] GC(123) Concurrent Mark Cycle 44.067ms
[2023-12-26T14:07:54.037+0100][2642.366s] GC(124) Pause Young (Concurrent Start) (CodeCache GC Threshold)
[2023-12-26T14:07:54.037+0100][2642.366s] GC(124) Using 10 workers of 10 for evacuation
[2023-12-26T14:07:54.039+0100][2642.368s] GC(124)   Pre Evacuate Collection Set: 0.2ms
[2023-12-26T14:07:54.039+0100][2642.368s] GC(124)   Merge Heap Roots: 0.1ms
[2023-12-26T14:07:54.039+0100][2642.368s] GC(124)   Evacuate Collection Set: 1.4ms
[2023-12-26T14:07:54.039+0100][2642.368s] GC(124)   Post Evacuate Collection Set: 0.5ms
[2023-12-26T14:07:54.039+0100][2642.368s] GC(124)   Other: 0.1ms
[2023-12-26T14:07:54.039+0100][2642.368s] GC(124) Eden regions: 26->0(304)
[2023-12-26T14:07:54.039+0100][2642.368s] GC(124) Survivor regions: 8->3(39)
[2023-12-26T14:07:54.039+0100][2642.368s] GC(124) Old regions: 119->119
[2023-12-26T14:07:54.039+0100][2642.368s] GC(124) Archive regions: 0->0
[2023-12-26T14:07:54.039+0100][2642.368s] GC(124) Humongous regions: 4->4
[2023-12-26T14:07:54.039+0100][2642.368s] GC(124) Metaspace: 63208K(63680K)->63208K(63680K) NonClass: 56151K(56384K)->56151K(56384K) Class: 7056K(7296K)->7056K(7296K)
[2023-12-26T14:07:54.039+0100][2642.368s] GC(124) Pause Young (Concurrent Start) (CodeCache GC Threshold) 154M->124M(512M) 2.667ms
[2023-12-26T14:07:54.039+0100][2642.368s] GC(124) User=0.17s Sys=0.00s Real=0.00s
[2023-12-26T14:07:54.039+0100][2642.368s] GC(125) Concurrent Mark Cycle
[2023-12-26T14:07:54.039+0100][2642.368s] GC(125) Concurrent Clear Claimed Marks
[2023-12-26T14:07:54.040+0100][2642.368s] GC(125) Concurrent Clear Claimed Marks 0.041ms
[2023-12-26T14:07:54.040+0100][2642.368s] GC(125) Concurrent Scan Root Regions
[2023-12-26T14:07:54.041+0100][2642.370s] GC(125) Concurrent Scan Root Regions 1.614ms
[2023-12-26T14:07:54.041+0100][2642.370s] GC(125) Concurrent Mark
[2023-12-26T14:07:54.041+0100][2642.370s] GC(125) Concurrent Mark From Roots
[2023-12-26T14:07:54.041+0100][2642.370s] GC(125) Using 3 workers of 3 for marking
[2023-12-26T14:07:54.074+0100][2642.403s] GC(125) Concurrent Mark From Roots 32.915ms
[2023-12-26T14:07:54.074+0100][2642.403s] GC(125) Concurrent Preclean
[2023-12-26T14:07:54.075+0100][2642.403s] GC(125) Concurrent Preclean 0.277ms
[2023-12-26T14:07:54.075+0100][2642.403s] GC(125) Pause Remark
[2023-12-26T14:07:54.086+0100][2642.415s] GC(125) Pause Remark 127M->127M(512M) 11.153ms
[2023-12-26T14:07:54.086+0100][2642.415s] GC(125) User=0.16s Sys=0.00s Real=0.01s
[2023-12-26T14:07:54.086+0100][2642.415s] GC(125) Concurrent Mark 44.711ms
[2023-12-26T14:07:54.086+0100][2642.415s] GC(125) Concurrent Rebuild Remembered Sets
[2023-12-26T14:07:54.100+0100][2642.430s] GC(125) Concurrent Rebuild Remembered Sets 15.050ms
[2023-12-26T14:07:54.100+0100][2642.430s] GC(125) Pause Cleanup
[2023-12-26T14:07:54.100+0100][2642.430s] GC(125) Pause Cleanup 127M->127M(512M) 0.180ms
[2023-12-26T14:07:54.100+0100][2642.430s] GC(125) User=0.00s Sys=0.00s Real=0.00s
[2023-12-26T14:07:54.100+0100][2642.430s] GC(125) Concurrent Cleanup for Next Mark
[2023-12-26T14:07:54.102+0100][2642.432s] GC(125) Concurrent Cleanup for Next Mark 1.611ms
[2023-12-26T14:07:54.102+0100][2642.432s] GC(125) Concurrent Mark Cycle 63.564ms
[2023-12-26T14:11:23.145+0100][2851.475s] GC(126) Pause Young (Concurrent Start) (CodeCache GC Threshold)
[2023-12-26T14:11:23.145+0100][2851.475s] GC(126) Using 10 workers of 10 for evacuation
[2023-12-26T14:11:23.148+0100][2851.478s] GC(126)   Pre Evacuate Collection Set: 0.1ms
[2023-12-26T14:11:23.148+0100][2851.478s] GC(126)   Merge Heap Roots: 0.1ms
[2023-12-26T14:11:23.148+0100][2851.478s] GC(126)   Evacuate Collection Set: 2.0ms
[2023-12-26T14:11:23.148+0100][2851.478s] GC(126)   Post Evacuate Collection Set: 0.5ms
[2023-12-26T14:11:23.148+0100][2851.478s] GC(126)   Other: 0.1ms
[2023-12-26T14:11:23.148+0100][2851.478s] GC(126) Eden regions: 52->0(302)
[2023-12-26T14:11:23.148+0100][2851.478s] GC(126) Survivor regions: 3->5(39)
[2023-12-26T14:11:23.148+0100][2851.478s] GC(126) Old regions: 119->119
[2023-12-26T14:11:23.148+0100][2851.478s] GC(126) Archive regions: 0->0
[2023-12-26T14:11:23.148+0100][2851.478s] GC(126) Humongous regions: 4->4
[2023-12-26T14:11:23.148+0100][2851.478s] GC(126) Metaspace: 63414K(63936K)->63414K(63936K) NonClass: 56366K(56640K)->56366K(56640K) Class: 7048K(7296K)->7048K(7296K)
[2023-12-26T14:11:23.148+0100][2851.478s] GC(126) Pause Young (Concurrent Start) (CodeCache GC Threshold) 176M->126M(512M) 3.151ms
[2023-12-26T14:11:23.148+0100][2851.478s] GC(126) User=0.14s Sys=0.00s Real=0.00s
[2023-12-26T14:11:23.148+0100][2851.478s] GC(127) Concurrent Mark Cycle
[2023-12-26T14:11:23.148+0100][2851.478s] GC(127) Concurrent Clear Claimed Marks
[2023-12-26T14:11:23.148+0100][2851.478s] GC(127) Concurrent Clear Claimed Marks 0.033ms
[2023-12-26T14:11:23.148+0100][2851.478s] GC(127) Concurrent Scan Root Regions
[2023-12-26T14:11:23.150+0100][2851.479s] GC(127) Concurrent Scan Root Regions 1.543ms
[2023-12-26T14:11:23.150+0100][2851.479s] GC(127) Concurrent Mark
[2023-12-26T14:11:23.150+0100][2851.479s] GC(127) Concurrent Mark From Roots
[2023-12-26T14:11:23.150+0100][2851.479s] GC(127) Using 3 workers of 3 for marking
[2023-12-26T14:11:23.171+0100][2851.501s] GC(127) Concurrent Mark From Roots 21.162ms
[2023-12-26T14:11:23.171+0100][2851.501s] GC(127) Concurrent Preclean
[2023-12-26T14:11:23.171+0100][2851.501s] GC(127) Concurrent Preclean 0.255ms
[2023-12-26T14:11:23.172+0100][2851.501s] GC(127) Pause Remark
[2023-12-26T14:11:23.181+0100][2851.510s] GC(127) Pause Remark 128M->128M(512M) 9.269ms
[2023-12-26T14:11:23.181+0100][2851.510s] GC(127) User=0.09s Sys=0.02s Real=0.01s
[2023-12-26T14:11:23.181+0100][2851.510s] GC(127) Concurrent Mark 30.947ms
[2023-12-26T14:11:23.181+0100][2851.510s] GC(127) Concurrent Rebuild Remembered Sets
[2023-12-26T14:11:23.196+0100][2851.526s] GC(127) Concurrent Rebuild Remembered Sets 15.416ms
[2023-12-26T14:11:23.197+0100][2851.526s] GC(127) Pause Cleanup
[2023-12-26T14:11:23.197+0100][2851.526s] GC(127) Pause Cleanup 129M->129M(512M) 0.180ms
[2023-12-26T14:11:23.197+0100][2851.526s] GC(127) User=0.00s Sys=0.00s Real=0.00s
[2023-12-26T14:11:23.197+0100][2851.526s] GC(127) Concurrent Cleanup for Next Mark
[2023-12-26T14:11:23.198+0100][2851.528s] GC(127) Concurrent Cleanup for Next Mark 1.369ms
[2023-12-26T14:11:23.198+0100][2851.528s] GC(127) Concurrent Mark Cycle 49.949ms
[2023-12-26T17:56:23.405+0100][16351.745s] GC(128) Pause Young (Concurrent Start) (CodeCache GC Threshold)
[2023-12-26T17:56:23.405+0100][16351.745s] GC(128) Using 10 workers of 10 for evacuation
[2023-12-26T17:56:23.409+0100][16351.749s] GC(128)   Pre Evacuate Collection Set: 0.3ms
[2023-12-26T17:56:23.409+0100][16351.749s] GC(128)   Merge Heap Roots: 0.1ms
[2023-12-26T17:56:23.409+0100][16351.749s] GC(128)   Evacuate Collection Set: 2.9ms
[2023-12-26T17:56:23.409+0100][16351.749s] GC(128)   Post Evacuate Collection Set: 0.6ms
[2023-12-26T17:56:23.409+0100][16351.749s] GC(128)   Other: 0.1ms
[2023-12-26T17:56:23.409+0100][16351.749s] GC(128) Eden regions: 97->0(300)
[2023-12-26T17:56:23.409+0100][16351.749s] GC(128) Survivor regions: 5->7(39)
[2023-12-26T17:56:23.409+0100][16351.749s] GC(128) Old regions: 119->119
[2023-12-26T17:56:23.409+0100][16351.749s] GC(128) Archive regions: 0->0
[2023-12-26T17:56:23.409+0100][16351.749s] GC(128) Humongous regions: 4->4
[2023-12-26T17:56:23.409+0100][16351.749s] GC(128) Metaspace: 63787K(64256K)->63787K(64256K) NonClass: 56720K(56960K)->56720K(56960K) Class: 7066K(7296K)->7066K(7296K)
[2023-12-26T17:56:23.409+0100][16351.749s] GC(128) Pause Young (Concurrent Start) (CodeCache GC Threshold) 222M->128M(512M) 4.340ms
[2023-12-26T17:56:23.409+0100][16351.749s] GC(128) User=0.00s Sys=0.00s Real=0.00s
[2023-12-26T17:56:23.409+0100][16351.749s] GC(129) Concurrent Mark Cycle
[2023-12-26T17:56:23.409+0100][16351.749s] GC(129) Concurrent Clear Claimed Marks
[2023-12-26T17:56:23.409+0100][16351.750s] GC(129) Concurrent Clear Claimed Marks 0.050ms
[2023-12-26T17:56:23.409+0100][16351.750s] GC(129) Concurrent Scan Root Regions
[2023-12-26T17:56:23.412+0100][16351.752s] GC(129) Concurrent Scan Root Regions 2.341ms
[2023-12-26T17:56:23.412+0100][16351.752s] GC(129) Concurrent Mark
[2023-12-26T17:56:23.412+0100][16351.752s] GC(129) Concurrent Mark From Roots
[2023-12-26T17:56:23.412+0100][16351.752s] GC(129) Using 3 workers of 3 for marking
[2023-12-26T17:56:23.437+0100][16351.777s] GC(129) Concurrent Mark From Roots 24.649ms
[2023-12-26T17:56:23.437+0100][16351.777s] GC(129) Concurrent Preclean
[2023-12-26T17:56:23.437+0100][16351.777s] GC(129) Concurrent Preclean 0.273ms
[2023-12-26T17:56:23.437+0100][16351.777s] GC(129) Pause Remark
[2023-12-26T17:56:23.444+0100][16351.784s] GC(129) Pause Remark 133M->133M(512M) 6.922ms
[2023-12-26T17:56:23.444+0100][16351.784s] GC(129) User=0.00s Sys=0.00s Real=0.01s
[2023-12-26T17:56:23.444+0100][16351.784s] GC(129) Concurrent Mark 32.177ms
[2023-12-26T17:56:23.444+0100][16351.784s] GC(129) Concurrent Rebuild Remembered Sets
[2023-12-26T17:56:23.459+0100][16351.799s] GC(129) Concurrent Rebuild Remembered Sets 15.304ms
[2023-12-26T17:56:23.460+0100][16351.800s] GC(129) Pause Cleanup
[2023-12-26T17:56:23.460+0100][16351.800s] GC(129) Pause Cleanup 135M->135M(512M) 0.194ms
[2023-12-26T17:56:23.460+0100][16351.800s] GC(129) User=0.00s Sys=0.00s Real=0.00s
[2023-12-26T17:56:23.460+0100][16351.800s] GC(129) Concurrent Cleanup for Next Mark
[2023-12-26T17:56:23.461+0100][16351.801s] GC(129) Concurrent Cleanup for Next Mark 1.399ms
[2023-12-26T17:56:23.461+0100][16351.801s] GC(129) Concurrent Mark Cycle 51.862ms
[2023-12-26T18:14:29.684+0100][17438.024s] GC(130) Pause Young (Concurrent Start) (CodeCache GC Threshold)
[2023-12-26T18:14:29.684+0100][17438.024s] GC(130) Using 10 workers of 10 for evacuation
[2023-12-26T18:14:29.689+0100][17438.028s] GC(130)   Pre Evacuate Collection Set: 0.2ms
[2023-12-26T18:14:29.689+0100][17438.028s] GC(130)   Merge Heap Roots: 0.1ms
[2023-12-26T18:14:29.689+0100][17438.028s] GC(130)   Evacuate Collection Set: 3.2ms
[2023-12-26T18:14:29.689+0100][17438.028s] GC(130)   Post Evacuate Collection Set: 0.6ms
[2023-12-26T18:14:29.689+0100][17438.028s] GC(130)   Other: 0.1ms
[2023-12-26T18:14:29.689+0100][17438.028s] GC(130) Eden regions: 73->0(300)
[2023-12-26T18:14:29.689+0100][17438.028s] GC(130) Survivor regions: 7->7(39)
[2023-12-26T18:14:29.689+0100][17438.028s] GC(130) Old regions: 119->119
[2023-12-26T18:14:29.689+0100][17438.028s] GC(130) Archive regions: 0->0
[2023-12-26T18:14:29.689+0100][17438.028s] GC(130) Humongous regions: 4->4
[2023-12-26T18:14:29.689+0100][17438.028s] GC(130) Metaspace: 63910K(64384K)->63910K(64384K) NonClass: 56833K(57088K)->56833K(57088K) Class: 7077K(7296K)->7077K(7296K)
[2023-12-26T18:14:29.689+0100][17438.028s] GC(130) Pause Young (Concurrent Start) (CodeCache GC Threshold) 201M->129M(512M) 4.519ms
[2023-12-26T18:14:29.689+0100][17438.028s] GC(130) User=0.00s Sys=0.00s Real=0.00s
[2023-12-26T18:14:29.689+0100][17438.028s] GC(131) Concurrent Mark Cycle
[2023-12-26T18:14:29.689+0100][17438.028s] GC(131) Concurrent Clear Claimed Marks
[2023-12-26T18:14:29.689+0100][17438.029s] GC(131) Concurrent Clear Claimed Marks 0.053ms
[2023-12-26T18:14:29.689+0100][17438.029s] GC(131) Concurrent Scan Root Regions
[2023-12-26T18:14:29.691+0100][17438.031s] GC(131) Concurrent Scan Root Regions 2.499ms
[2023-12-26T18:14:29.691+0100][17438.031s] GC(131) Concurrent Mark
[2023-12-26T18:14:29.691+0100][17438.031s] GC(131) Concurrent Mark From Roots
[2023-12-26T18:14:29.691+0100][17438.031s] GC(131) Using 3 workers of 3 for marking
[2023-12-26T18:14:29.724+0100][17438.064s] GC(131) Concurrent Mark From Roots 32.529ms
[2023-12-26T18:14:29.724+0100][17438.064s] GC(131) Concurrent Preclean
[2023-12-26T18:14:29.724+0100][17438.064s] GC(131) Concurrent Preclean 0.259ms
[2023-12-26T18:14:29.724+0100][17438.064s] GC(131) Pause Remark
[2023-12-26T18:14:29.728+0100][17438.068s] GC(131) Pause Remark 131M->131M(512M) 4.093ms
[2023-12-26T18:14:29.728+0100][17438.068s] GC(131) User=0.00s Sys=0.00s Real=0.00s
[2023-12-26T18:14:29.728+0100][17438.068s] GC(131) Concurrent Mark 37.271ms
[2023-12-26T18:14:29.728+0100][17438.068s] GC(131) Concurrent Rebuild Remembered Sets
[2023-12-26T18:14:29.743+0100][17438.083s] GC(131) Concurrent Rebuild Remembered Sets 14.236ms
[2023-12-26T18:14:29.743+0100][17438.083s] GC(131) Pause Cleanup
[2023-12-26T18:14:29.743+0100][17438.083s] GC(131) Pause Cleanup 131M->131M(512M) 0.317ms
[2023-12-26T18:14:29.743+0100][17438.083s] GC(131) User=0.00s Sys=0.00s Real=0.00s
[2023-12-26T18:14:29.744+0100][17438.084s] GC(131) Concurrent Cleanup for Next Mark
[2023-12-26T18:14:29.746+0100][17438.086s] GC(131) Concurrent Cleanup for Next Mark 2.619ms
[2023-12-26T18:14:29.746+0100][17438.086s] GC(131) Concurrent Mark Cycle 57.752ms
[2023-12-26T18:53:57.606+0100][19805.946s] GC(132) Pause Young (Concurrent Start) (CodeCache GC Threshold)
[2023-12-26T18:53:57.606+0100][19805.946s] GC(132) Using 10 workers of 10 for evacuation
[2023-12-26T18:53:57.610+0100][19805.950s] GC(132)   Pre Evacuate Collection Set: 0.2ms
[2023-12-26T18:53:57.610+0100][19805.950s] GC(132)   Merge Heap Roots: 0.1ms
[2023-12-26T18:53:57.610+0100][19805.950s] GC(132)   Evacuate Collection Set: 3.0ms
[2023-12-26T18:53:57.610+0100][19805.950s] GC(132)   Post Evacuate Collection Set: 0.6ms
[2023-12-26T18:53:57.610+0100][19805.950s] GC(132)   Other: 0.1ms
[2023-12-26T18:53:57.610+0100][19805.950s] GC(132) Eden regions: 107->0(299)
[2023-12-26T18:53:57.610+0100][19805.950s] GC(132) Survivor regions: 7->8(39)
[2023-12-26T18:53:57.610+0100][19805.950s] GC(132) Old regions: 119->119
[2023-12-26T18:53:57.610+0100][19805.950s] GC(132) Archive regions: 0->0
[2023-12-26T18:53:57.610+0100][19805.950s] GC(132) Humongous regions: 4->4
[2023-12-26T18:53:57.610+0100][19805.950s] GC(132) Metaspace: 64048K(64640K)->64048K(64640K) NonClass: 56965K(57280K)->56965K(57280K) Class: 7082K(7360K)->7082K(7360K)
[2023-12-26T18:53:57.610+0100][19805.950s] GC(132) Pause Young (Concurrent Start) (CodeCache GC Threshold) 235M->129M(512M) 4.233ms
[2023-12-26T18:53:57.610+0100][19805.950s] GC(132) User=0.00s Sys=0.00s Real=0.00s
[2023-12-26T18:53:57.610+0100][19805.950s] GC(133) Concurrent Mark Cycle
[2023-12-26T18:53:57.610+0100][19805.951s] GC(133) Concurrent Clear Claimed Marks
[2023-12-26T18:53:57.610+0100][19805.951s] GC(133) Concurrent Clear Claimed Marks 0.043ms
[2023-12-26T18:53:57.610+0100][19805.951s] GC(133) Concurrent Scan Root Regions
[2023-12-26T18:53:57.612+0100][19805.953s] GC(133) Concurrent Scan Root Regions 1.926ms
[2023-12-26T18:53:57.612+0100][19805.953s] GC(133) Concurrent Mark
[2023-12-26T18:53:57.612+0100][19805.953s] GC(133) Concurrent Mark From Roots
[2023-12-26T18:53:57.612+0100][19805.953s] GC(133) Using 3 workers of 3 for marking
[2023-12-26T18:53:57.644+0100][19805.984s] GC(133) Concurrent Mark From Roots 30.954ms
[2023-12-26T18:53:57.644+0100][19805.984s] GC(133) Concurrent Preclean
[2023-12-26T18:53:57.644+0100][19805.984s] GC(133) Concurrent Preclean 0.268ms
[2023-12-26T18:53:57.644+0100][19805.984s] GC(133) Pause Remark
[2023-12-26T18:53:57.650+0100][19805.989s] GC(133) Pause Remark 133M->133M(512M) 5.335ms
[2023-12-26T18:53:57.650+0100][19805.989s] GC(133) User=0.00s Sys=0.00s Real=0.01s
[2023-12-26T18:53:57.650+0100][19805.989s] GC(133) Concurrent Mark 36.867ms
[2023-12-26T18:53:57.650+0100][19805.989s] GC(133) Concurrent Rebuild Remembered Sets
[2023-12-26T18:53:57.663+0100][19806.003s] GC(133) Concurrent Rebuild Remembered Sets 13.151ms
[2023-12-26T18:53:57.663+0100][19806.003s] GC(133) Pause Cleanup
[2023-12-26T18:53:57.663+0100][19806.003s] GC(133) Pause Cleanup 134M->134M(512M) 0.183ms
[2023-12-26T18:53:57.663+0100][19806.003s] GC(133) User=0.00s Sys=0.00s Real=0.00s
[2023-12-26T18:53:57.663+0100][19806.003s] GC(133) Concurrent Cleanup for Next Mark
[2023-12-26T18:53:57.665+0100][19806.004s] GC(133) Concurrent Cleanup for Next Mark 1.276ms
[2023-12-26T18:53:57.665+0100][19806.004s] GC(133) Concurrent Mark Cycle 53.776ms
[2023-12-26T19:21:23.331+0100][21451.671s] GC(134) Pause Young (Concurrent Start) (CodeCache GC Threshold)
[2023-12-26T19:21:23.332+0100][21451.671s] GC(134) Using 10 workers of 10 for evacuation
[2023-12-26T19:21:23.337+0100][21451.676s] GC(134)   Pre Evacuate Collection Set: 0.2ms
[2023-12-26T19:21:23.337+0100][21451.676s] GC(134)   Merge Heap Roots: 0.4ms
[2023-12-26T19:21:23.337+0100][21451.676s] GC(134)   Evacuate Collection Set: 3.3ms
[2023-12-26T19:21:23.337+0100][21451.676s] GC(134)   Post Evacuate Collection Set: 0.7ms
[2023-12-26T19:21:23.337+0100][21451.676s] GC(134)   Other: 0.1ms
[2023-12-26T19:21:23.337+0100][21451.676s] GC(134) Eden regions: 209->0(299)
[2023-12-26T19:21:23.337+0100][21451.676s] GC(134) Survivor regions: 8->8(39)
[2023-12-26T19:21:23.337+0100][21451.676s] GC(134) Old regions: 119->119
[2023-12-26T19:21:23.337+0100][21451.676s] GC(134) Archive regions: 0->0
[2023-12-26T19:21:23.337+0100][21451.676s] GC(134) Humongous regions: 4->4
[2023-12-26T19:21:23.337+0100][21451.676s] GC(134) Metaspace: 64337K(64832K)->64337K(64832K) NonClass: 57226K(57472K)->57226K(57472K) Class: 7111K(7360K)->7111K(7360K)
[2023-12-26T19:21:23.337+0100][21451.676s] GC(134) Pause Young (Concurrent Start) (CodeCache GC Threshold) 338M->129M(512M) 5.117ms
[2023-12-26T19:21:23.337+0100][21451.676s] GC(134) User=0.16s Sys=0.02s Real=0.01s
[2023-12-26T19:21:23.337+0100][21451.676s] GC(135) Concurrent Mark Cycle
[2023-12-26T19:21:23.337+0100][21451.676s] GC(135) Concurrent Clear Claimed Marks
[2023-12-26T19:21:23.337+0100][21451.676s] GC(135) Concurrent Clear Claimed Marks 0.063ms
[2023-12-26T19:21:23.337+0100][21451.676s] GC(135) Concurrent Scan Root Regions
[2023-12-26T19:21:23.340+0100][21451.680s] GC(135) Concurrent Scan Root Regions 3.349ms
[2023-12-26T19:21:23.340+0100][21451.680s] GC(135) Concurrent Mark
[2023-12-26T19:21:23.340+0100][21451.680s] GC(135) Concurrent Mark From Roots
[2023-12-26T19:21:23.340+0100][21451.680s] GC(135) Using 3 workers of 3 for marking
[2023-12-26T19:21:23.371+0100][21451.711s] GC(135) Concurrent Mark From Roots 30.757ms
[2023-12-26T19:21:23.371+0100][21451.711s] GC(135) Concurrent Preclean
[2023-12-26T19:21:23.372+0100][21451.711s] GC(135) Concurrent Preclean 0.379ms
[2023-12-26T19:21:23.372+0100][21451.711s] GC(135) Pause Remark
[2023-12-26T19:21:23.377+0100][21451.717s] GC(135) Pause Remark 138M->138M(512M) 5.400ms
[2023-12-26T19:21:23.377+0100][21451.717s] GC(135) User=0.00s Sys=0.00s Real=0.01s
[2023-12-26T19:21:23.378+0100][21451.717s] GC(135) Concurrent Mark 36.865ms
[2023-12-26T19:21:23.378+0100][21451.717s] GC(135) Concurrent Rebuild Remembered Sets
[2023-12-26T19:21:23.395+0100][21451.734s] GC(135) Concurrent Rebuild Remembered Sets 17.185ms
[2023-12-26T19:21:23.395+0100][21451.734s] GC(135) Pause Cleanup
[2023-12-26T19:21:23.395+0100][21451.734s] GC(135) Pause Cleanup 144M->144M(512M) 0.186ms
[2023-12-26T19:21:23.395+0100][21451.734s] GC(135) User=0.00s Sys=0.00s Real=0.00s
[2023-12-26T19:21:23.395+0100][21451.734s] GC(135) Concurrent Cleanup for Next Mark
[2023-12-26T19:21:23.397+0100][21451.736s] GC(135) Concurrent Cleanup for Next Mark 1.811ms
[2023-12-26T19:21:23.397+0100][21451.736s] GC(135) Concurrent Mark Cycle 59.877ms
[2023-12-26T19:58:09.848+0100][23658.188s] Heap
[2023-12-26T19:58:09.848+0100][23658.188s]  garbage-first heap   total 524288K, used 176522K [0x00000000e0000000, 0x0000000100000000)
[2023-12-26T19:58:09.848+0100][23658.188s]   region size 1024K, 51 young (52224K), 8 survivors (8192K)
[2023-12-26T19:58:09.848+0100][23658.188s]  Metaspace       used 64519K, committed 65088K, reserved 1114112K
[2023-12-26T19:58:09.848+0100][23658.188s]   class space    used 7140K, committed 7424K, reserved 1048576K
