[2024-01-11T12:29:41.390+0100][0.012s] CardTable entry size: 512
[2024-01-11T12:29:41.390+0100][0.013s] Using G1
[2024-01-11T12:29:41.526+0100][0.148s] Version: 19.0.1+10-21 (release)
[2024-01-11T12:29:41.526+0100][0.148s] CPUs: 12 total, 12 available
[2024-01-11T12:29:41.526+0100][0.148s] Memory: 16220M
[2024-01-11T12:29:41.526+0100][0.148s] Large Page Support: Disabled
[2024-01-11T12:29:41.526+0100][0.148s] NUMA Support: Disabled
[2024-01-11T12:29:41.527+0100][0.149s] Compressed Oops: Enabled (32-bit)
[2024-01-11T12:29:41.527+0100][0.149s] Heap Region Size: 1M
[2024-01-11T12:29:41.527+0100][0.149s] Heap Min Capacity: 512M
[2024-01-11T12:29:41.527+0100][0.149s] Heap Initial Capacity: 512M
[2024-01-11T12:29:41.527+0100][0.149s] Heap Max Capacity: 512M
[2024-01-11T12:29:41.527+0100][0.149s] Pre-touch: Enabled
[2024-01-11T12:29:41.527+0100][0.149s] Parallel Workers: 10
[2024-01-11T12:29:41.527+0100][0.149s] Concurrent Workers: 3
[2024-01-11T12:29:41.527+0100][0.149s] Concurrent Refinement Workers: 10
[2024-01-11T12:29:41.527+0100][0.149s] Periodic GC: Disabled
[2024-01-11T12:29:41.528+0100][0.150s] CDS archive(s) mapped at: [0x0000000800000000-0x0000000800c40000-0x0000000800c40000), size 12845056, SharedBaseAddress: 0x0000000800000000, ArchiveRelocationMode: 0.
[2024-01-11T12:29:41.528+0100][0.150s] Compressed class space mapped at: 0x0000000801000000-0x0000000841000000, reserved size: 1073741824
[2024-01-11T12:29:41.528+0100][0.150s] Narrow klass base: 0x0000000800000000, Narrow klass shift: 0, Narrow klass range: 0x100000000
[2024-01-11T12:29:42.272+0100][0.894s] GC(0) Pause Young (Normal) (G1 Evacuation Pause)
[2024-01-11T12:29:42.272+0100][0.895s] GC(0) Using 10 workers of 10 for evacuation
[2024-01-11T12:29:42.275+0100][0.898s] GC(0)   Pre Evacuate Collection Set: 0.1ms
[2024-01-11T12:29:42.275+0100][0.898s] GC(0)   Merge Heap Roots: 0.1ms
[2024-01-11T12:29:42.275+0100][0.898s] GC(0)   Evacuate Collection Set: 2.5ms
[2024-01-11T12:29:42.275+0100][0.898s] GC(0)   Post Evacuate Collection Set: 0.4ms
[2024-01-11T12:29:42.275+0100][0.898s] GC(0)   Other: 0.4ms
[2024-01-11T12:29:42.275+0100][0.898s] GC(0) Eden regions: 29->0(41)
[2024-01-11T12:29:42.275+0100][0.898s] GC(0) Survivor regions: 0->4(4)
[2024-01-11T12:29:42.275+0100][0.898s] GC(0) Old regions: 0->0
[2024-01-11T12:29:42.275+0100][0.898s] GC(0) Archive regions: 0->0
[2024-01-11T12:29:42.275+0100][0.898s] GC(0) Humongous regions: 0->0
[2024-01-11T12:29:42.275+0100][0.898s] GC(0) Metaspace: 7951K(8192K)->7951K(8192K) NonClass: 7048K(7168K)->7048K(7168K) Class: 902K(1024K)->902K(1024K)
[2024-01-11T12:29:42.275+0100][0.898s] GC(0) Pause Young (Normal) (G1 Evacuation Pause) 29M->3M(512M) 3.705ms
[2024-01-11T12:29:42.275+0100][0.898s] GC(0) User=0.00s Sys=0.00s Real=0.00s
[2024-01-11T12:29:52.048+0100][10.670s] GC(1) Pause Young (Normal) (G1 Evacuation Pause)
[2024-01-11T12:29:52.048+0100][10.670s] GC(1) Using 10 workers of 10 for evacuation
[2024-01-11T12:29:52.054+0100][10.677s] GC(1)   Pre Evacuate Collection Set: 0.1ms
[2024-01-11T12:29:52.054+0100][10.677s] GC(1)   Merge Heap Roots: 0.1ms
[2024-01-11T12:29:52.054+0100][10.677s] GC(1)   Evacuate Collection Set: 6.2ms
[2024-01-11T12:29:52.054+0100][10.677s] GC(1)   Post Evacuate Collection Set: 0.7ms
[2024-01-11T12:29:52.054+0100][10.677s] GC(1)   Other: 0.1ms
[2024-01-11T12:29:52.054+0100][10.677s] GC(1) Eden regions: 41->0(200)
[2024-01-11T12:29:52.054+0100][10.677s] GC(1) Survivor regions: 4->6(6)
[2024-01-11T12:29:52.054+0100][10.677s] GC(1) Old regions: 0->8
[2024-01-11T12:29:52.054+0100][10.677s] GC(1) Archive regions: 0->0
[2024-01-11T12:29:52.054+0100][10.677s] GC(1) Humongous regions: 4->4
[2024-01-11T12:29:52.054+0100][10.677s] GC(1) Metaspace: 18210K(18624K)->18210K(18624K) NonClass: 16175K(16384K)->16175K(16384K) Class: 2034K(2240K)->2034K(2240K)
[2024-01-11T12:29:52.054+0100][10.677s] GC(1) Pause Young (Normal) (G1 Evacuation Pause) 48M->17M(512M) 7.406ms
[2024-01-11T12:29:52.054+0100][10.677s] GC(1) User=0.00s Sys=0.00s Real=0.01s
[2024-01-11T12:29:52.837+0100][11.459s] GC(2) Pause Young (Concurrent Start) (Metadata GC Threshold)
[2024-01-11T12:29:52.838+0100][11.460s] GC(2) Using 10 workers of 10 for evacuation
[2024-01-11T12:29:52.841+0100][11.463s] GC(2)   Pre Evacuate Collection Set: 0.1ms
[2024-01-11T12:29:52.842+0100][11.463s] GC(2)   Merge Heap Roots: 0.1ms
[2024-01-11T12:29:52.842+0100][11.463s] GC(2)   Evacuate Collection Set: 3.0ms
[2024-01-11T12:29:52.842+0100][11.463s] GC(2)   Post Evacuate Collection Set: 0.6ms
[2024-01-11T12:29:52.842+0100][11.464s] GC(2)   Other: 0.1ms
[2024-01-11T12:29:52.842+0100][11.464s] GC(2) Eden regions: 134->0(295)
[2024-01-11T12:29:52.842+0100][11.464s] GC(2) Survivor regions: 6->12(26)
[2024-01-11T12:29:52.842+0100][11.464s] GC(2) Old regions: 8->8
[2024-01-11T12:29:52.842+0100][11.464s] GC(2) Archive regions: 0->0
[2024-01-11T12:29:52.842+0100][11.464s] GC(2) Humongous regions: 4->4
[2024-01-11T12:29:52.842+0100][11.464s] GC(2) Metaspace: 21085K(21504K)->21085K(21504K) NonClass: 18751K(18944K)->18751K(18944K) Class: 2334K(2560K)->2334K(2560K)
[2024-01-11T12:29:52.842+0100][11.464s] GC(2) Pause Young (Concurrent Start) (Metadata GC Threshold) 151M->23M(512M) 4.220ms
[2024-01-11T12:29:52.842+0100][11.464s] GC(2) User=0.00s Sys=0.00s Real=0.01s
[2024-01-11T12:29:52.842+0100][11.464s] GC(3) Concurrent Mark Cycle
[2024-01-11T12:29:52.842+0100][11.464s] GC(3) Concurrent Clear Claimed Marks
[2024-01-11T12:29:52.842+0100][11.464s] GC(3) Concurrent Clear Claimed Marks 0.032ms
[2024-01-11T12:29:52.842+0100][11.464s] GC(3) Concurrent Scan Root Regions
[2024-01-11T12:29:52.844+0100][11.466s] GC(3) Concurrent Scan Root Regions 2.185ms
[2024-01-11T12:29:52.844+0100][11.466s] GC(3) Concurrent Mark
[2024-01-11T12:29:52.844+0100][11.466s] GC(3) Concurrent Mark From Roots
[2024-01-11T12:29:52.844+0100][11.466s] GC(3) Using 3 workers of 3 for marking
[2024-01-11T12:29:52.851+0100][11.473s] GC(3) Concurrent Mark From Roots 6.689ms
[2024-01-11T12:29:52.851+0100][11.473s] GC(3) Concurrent Preclean
[2024-01-11T12:29:52.851+0100][11.473s] GC(3) Concurrent Preclean 0.084ms
[2024-01-11T12:29:52.851+0100][11.473s] GC(3) Pause Remark
[2024-01-11T12:29:52.853+0100][11.474s] GC(3) Pause Remark 24M->24M(512M) 1.448ms
[2024-01-11T12:29:52.853+0100][11.475s] GC(3) User=0.00s Sys=0.00s Real=0.00s
[2024-01-11T12:29:52.853+0100][11.475s] GC(3) Concurrent Mark 8.606ms
[2024-01-11T12:29:52.853+0100][11.475s] GC(3) Concurrent Rebuild Remembered Sets
[2024-01-11T12:29:52.853+0100][11.475s] GC(3) Concurrent Rebuild Remembered Sets 0.049ms
[2024-01-11T12:29:52.853+0100][11.475s] GC(3) Pause Cleanup
[2024-01-11T12:29:52.853+0100][11.475s] GC(3) Pause Cleanup 24M->24M(512M) 0.017ms
[2024-01-11T12:29:52.853+0100][11.475s] GC(3) User=0.00s Sys=0.00s Real=0.00s
[2024-01-11T12:29:52.853+0100][11.475s] GC(3) Concurrent Cleanup for Next Mark
[2024-01-11T12:29:52.854+0100][11.476s] GC(3) Concurrent Cleanup for Next Mark 0.744ms
[2024-01-11T12:29:52.854+0100][11.476s] GC(3) Concurrent Mark Cycle 12.039ms
[2024-01-11T12:29:53.120+0100][11.742s] GC(4) Pause Young (Concurrent Start) (CodeCache GC Threshold)
[2024-01-11T12:29:53.120+0100][11.742s] GC(4) Using 10 workers of 10 for evacuation
[2024-01-11T12:29:53.125+0100][11.747s] GC(4)   Pre Evacuate Collection Set: 0.1ms
[2024-01-11T12:29:53.125+0100][11.747s] GC(4)   Merge Heap Roots: 0.1ms
[2024-01-11T12:29:53.125+0100][11.747s] GC(4)   Evacuate Collection Set: 4.2ms
[2024-01-11T12:29:53.125+0100][11.747s] GC(4)   Post Evacuate Collection Set: 0.5ms
[2024-01-11T12:29:53.125+0100][11.747s] GC(4)   Other: 0.1ms
[2024-01-11T12:29:53.125+0100][11.747s] GC(4) Eden regions: 32->0(293)
[2024-01-11T12:29:53.125+0100][11.747s] GC(4) Survivor regions: 12->14(39)
[2024-01-11T12:29:53.125+0100][11.747s] GC(4) Old regions: 8->8
[2024-01-11T12:29:53.125+0100][11.747s] GC(4) Archive regions: 0->0
[2024-01-11T12:29:53.125+0100][11.747s] GC(4) Humongous regions: 5->4
[2024-01-11T12:29:53.125+0100][11.747s] GC(4) Metaspace: 24210K(24576K)->24210K(24576K) NonClass: 21437K(21632K)->21437K(21632K) Class: 2773K(2944K)->2773K(2944K)
[2024-01-11T12:29:53.125+0100][11.747s] GC(4) Pause Young (Concurrent Start) (CodeCache GC Threshold) 56M->25M(512M) 5.335ms
[2024-01-11T12:29:53.125+0100][11.748s] GC(4) User=0.02s Sys=0.00s Real=0.01s
[2024-01-11T12:29:53.125+0100][11.748s] GC(5) Concurrent Mark Cycle
[2024-01-11T12:29:53.125+0100][11.748s] GC(5) Concurrent Clear Claimed Marks
[2024-01-11T12:29:53.125+0100][11.748s] GC(5) Concurrent Clear Claimed Marks 0.034ms
[2024-01-11T12:29:53.125+0100][11.748s] GC(5) Concurrent Scan Root Regions
[2024-01-11T12:29:53.128+0100][11.750s] GC(5) Concurrent Scan Root Regions 2.573ms
[2024-01-11T12:29:53.128+0100][11.750s] GC(5) Concurrent Mark
[2024-01-11T12:29:53.128+0100][11.750s] GC(5) Concurrent Mark From Roots
[2024-01-11T12:29:53.128+0100][11.750s] GC(5) Using 3 workers of 3 for marking
[2024-01-11T12:29:53.135+0100][11.757s] GC(5) Concurrent Mark From Roots 7.211ms
[2024-01-11T12:29:53.135+0100][11.758s] GC(5) Concurrent Preclean
[2024-01-11T12:29:53.135+0100][11.758s] GC(5) Concurrent Preclean 0.081ms
[2024-01-11T12:29:53.135+0100][11.758s] GC(5) Pause Remark
[2024-01-11T12:29:53.137+0100][11.759s] GC(5) Pause Remark 26M->26M(512M) 1.504ms
[2024-01-11T12:29:53.137+0100][11.759s] GC(5) User=0.00s Sys=0.00s Real=0.00s
[2024-01-11T12:29:53.137+0100][11.759s] GC(5) Concurrent Mark 9.138ms
[2024-01-11T12:29:53.137+0100][11.759s] GC(5) Concurrent Rebuild Remembered Sets
[2024-01-11T12:29:53.137+0100][11.759s] GC(5) Concurrent Rebuild Remembered Sets 0.013ms
[2024-01-11T12:29:53.137+0100][11.760s] GC(5) Pause Cleanup
[2024-01-11T12:29:53.137+0100][11.760s] GC(5) Pause Cleanup 26M->26M(512M) 0.028ms
[2024-01-11T12:29:53.137+0100][11.760s] GC(5) User=0.00s Sys=0.00s Real=0.00s
[2024-01-11T12:29:53.137+0100][11.760s] GC(5) Concurrent Cleanup for Next Mark
[2024-01-11T12:29:53.138+0100][11.761s] GC(5) Concurrent Cleanup for Next Mark 0.949ms
[2024-01-11T12:29:53.138+0100][11.761s] GC(5) Concurrent Mark Cycle 13.156ms
[2024-01-11T12:30:30.886+0100][49.508s] GC(6) Pause Young (Concurrent Start) (Metadata GC Threshold)
[2024-01-11T12:30:30.886+0100][49.508s] GC(6) Using 10 workers of 10 for evacuation
[2024-01-11T12:30:30.896+0100][49.518s] GC(6)   Pre Evacuate Collection Set: 0.2ms
[2024-01-11T12:30:30.896+0100][49.518s] GC(6)   Merge Heap Roots: 0.1ms
[2024-01-11T12:30:30.896+0100][49.518s] GC(6)   Evacuate Collection Set: 8.3ms
[2024-01-11T12:30:30.896+0100][49.518s] GC(6)   Post Evacuate Collection Set: 1.0ms
[2024-01-11T12:30:30.896+0100][49.518s] GC(6)   Other: 0.2ms
[2024-01-11T12:30:30.896+0100][49.518s] GC(6) Eden regions: 123->0(287)
[2024-01-11T12:30:30.896+0100][49.518s] GC(6) Survivor regions: 14->20(39)
[2024-01-11T12:30:30.896+0100][49.518s] GC(6) Old regions: 8->8
[2024-01-11T12:30:30.896+0100][49.518s] GC(6) Archive regions: 0->0
[2024-01-11T12:30:30.896+0100][49.518s] GC(6) Humongous regions: 4->4
[2024-01-11T12:30:30.896+0100][49.518s] GC(6) Metaspace: 40754K(41216K)->40754K(41216K) NonClass: 36021K(36224K)->36021K(36224K) Class: 4733K(4992K)->4733K(4992K)
[2024-01-11T12:30:30.896+0100][49.518s] GC(6) Pause Young (Concurrent Start) (Metadata GC Threshold) 148M->31M(512M) 9.951ms
[2024-01-11T12:30:30.896+0100][49.518s] GC(6) User=0.19s Sys=0.00s Real=0.01s
[2024-01-11T12:30:30.896+0100][49.518s] GC(7) Concurrent Mark Cycle
[2024-01-11T12:30:30.896+0100][49.518s] GC(7) Concurrent Clear Claimed Marks
[2024-01-11T12:30:30.896+0100][49.518s] GC(7) Concurrent Clear Claimed Marks 0.032ms
[2024-01-11T12:30:30.896+0100][49.518s] GC(7) Concurrent Scan Root Regions
[2024-01-11T12:30:30.900+0100][49.522s] GC(7) Concurrent Scan Root Regions 3.596ms
[2024-01-11T12:30:30.900+0100][49.522s] GC(7) Concurrent Mark
[2024-01-11T12:30:30.900+0100][49.522s] GC(7) Concurrent Mark From Roots
[2024-01-11T12:30:30.900+0100][49.522s] GC(7) Using 3 workers of 3 for marking
[2024-01-11T12:30:30.905+0100][49.527s] GC(7) Concurrent Mark From Roots 5.080ms
[2024-01-11T12:30:30.905+0100][49.527s] GC(7) Concurrent Preclean
[2024-01-11T12:30:30.905+0100][49.527s] GC(7) Concurrent Preclean 0.052ms
[2024-01-11T12:30:30.905+0100][49.527s] GC(7) Pause Remark
[2024-01-11T12:30:30.907+0100][49.529s] GC(7) Pause Remark 32M->32M(512M) 1.640ms
[2024-01-11T12:30:30.907+0100][49.529s] GC(7) User=0.08s Sys=0.00s Real=0.00s
[2024-01-11T12:30:30.907+0100][49.529s] GC(7) Concurrent Mark 7.115ms
[2024-01-11T12:30:30.907+0100][49.529s] GC(7) Concurrent Rebuild Remembered Sets
[2024-01-11T12:30:30.907+0100][49.529s] GC(7) Concurrent Rebuild Remembered Sets 0.016ms
[2024-01-11T12:30:30.907+0100][49.529s] GC(7) Pause Cleanup
[2024-01-11T12:30:30.907+0100][49.529s] GC(7) Pause Cleanup 32M->32M(512M) 0.025ms
[2024-01-11T12:30:30.907+0100][49.529s] GC(7) User=0.00s Sys=0.00s Real=0.00s
[2024-01-11T12:30:30.907+0100][49.529s] GC(7) Concurrent Cleanup for Next Mark
[2024-01-11T12:30:30.908+0100][49.530s] GC(7) Concurrent Cleanup for Next Mark 0.973ms
[2024-01-11T12:30:30.908+0100][49.530s] GC(7) Concurrent Mark Cycle 12.151ms
[2024-01-11T12:30:31.112+0100][49.734s] GC(8) Pause Young (Concurrent Start) (CodeCache GC Threshold)
[2024-01-11T12:30:31.112+0100][49.734s] GC(8) Using 10 workers of 10 for evacuation
[2024-01-11T12:30:31.120+0100][49.741s] GC(8)   Pre Evacuate Collection Set: 0.1ms
[2024-01-11T12:30:31.120+0100][49.741s] GC(8)   Merge Heap Roots: 0.0ms
[2024-01-11T12:30:31.120+0100][49.742s] GC(8)   Evacuate Collection Set: 6.6ms
[2024-01-11T12:30:31.120+0100][49.742s] GC(8)   Post Evacuate Collection Set: 0.7ms
[2024-01-11T12:30:31.120+0100][49.742s] GC(8)   Other: 0.1ms
[2024-01-11T12:30:31.120+0100][49.742s] GC(8) Eden regions: 44->0(285)
[2024-01-11T12:30:31.120+0100][49.742s] GC(8) Survivor regions: 20->22(39)
[2024-01-11T12:30:31.120+0100][49.742s] GC(8) Old regions: 8->8
[2024-01-11T12:30:31.120+0100][49.742s] GC(8) Archive regions: 0->0
[2024-01-11T12:30:31.120+0100][49.742s] GC(8) Humongous regions: 6->6
[2024-01-11T12:30:31.120+0100][49.742s] GC(8) Metaspace: 43390K(43840K)->43390K(43840K) NonClass: 38316K(38528K)->38316K(38528K) Class: 5073K(5312K)->5073K(5312K)
[2024-01-11T12:30:31.120+0100][49.742s] GC(8) Pause Young (Concurrent Start) (CodeCache GC Threshold) 76M->35M(512M) 7.815ms
[2024-01-11T12:30:31.120+0100][49.742s] GC(9) Concurrent Mark Cycle
[2024-01-11T12:30:31.120+0100][49.742s] GC(8) User=0.00s Sys=0.00s Real=0.01s
[2024-01-11T12:30:31.120+0100][49.742s] GC(9) Concurrent Clear Claimed Marks
[2024-01-11T12:30:31.120+0100][49.742s] GC(9) Concurrent Clear Claimed Marks 0.102ms
[2024-01-11T12:30:31.120+0100][49.742s] GC(9) Concurrent Scan Root Regions
[2024-01-11T12:30:31.125+0100][49.747s] GC(9) Concurrent Scan Root Regions 4.713ms
[2024-01-11T12:30:31.125+0100][49.747s] GC(9) Concurrent Mark
[2024-01-11T12:30:31.125+0100][49.747s] GC(9) Concurrent Mark From Roots
[2024-01-11T12:30:31.125+0100][49.747s] GC(9) Using 3 workers of 3 for marking
[2024-01-11T12:30:31.131+0100][49.753s] GC(9) Concurrent Mark From Roots 5.917ms
[2024-01-11T12:30:31.131+0100][49.753s] GC(9) Concurrent Preclean
[2024-01-11T12:30:31.131+0100][49.753s] GC(9) Concurrent Preclean 0.057ms
[2024-01-11T12:30:31.131+0100][49.753s] GC(9) Pause Remark
[2024-01-11T12:30:31.133+0100][49.754s] GC(9) Pause Remark 37M->35M(512M) 1.658ms
[2024-01-11T12:30:31.133+0100][49.754s] GC(9) User=0.00s Sys=0.00s Real=0.00s
[2024-01-11T12:30:31.133+0100][49.755s] GC(9) Concurrent Mark 7.914ms
[2024-01-11T12:30:31.133+0100][49.755s] GC(9) Concurrent Rebuild Remembered Sets
[2024-01-11T12:30:31.133+0100][49.755s] GC(9) Concurrent Rebuild Remembered Sets 0.024ms
[2024-01-11T12:30:31.133+0100][49.755s] GC(9) Pause Cleanup
[2024-01-11T12:30:31.133+0100][49.755s] GC(9) Pause Cleanup 35M->35M(512M) 0.033ms
[2024-01-11T12:30:31.133+0100][49.755s] GC(9) User=0.00s Sys=0.00s Real=0.00s
[2024-01-11T12:30:31.133+0100][49.755s] GC(9) Concurrent Cleanup for Next Mark
[2024-01-11T12:30:31.134+0100][49.756s] GC(9) Concurrent Cleanup for Next Mark 1.158ms
[2024-01-11T12:30:31.134+0100][49.756s] GC(9) Concurrent Mark Cycle 14.255ms
[2024-01-11T12:30:31.138+0100][49.760s] GC(10) Pause Young (Concurrent Start) (CodeCache GC Threshold)
[2024-01-11T12:30:31.138+0100][49.760s] GC(10) Using 10 workers of 10 for evacuation
[2024-01-11T12:30:31.146+0100][49.769s] GC(10)   Pre Evacuate Collection Set: 0.2ms
[2024-01-11T12:30:31.146+0100][49.769s] GC(10)   Merge Heap Roots: 0.1ms
[2024-01-11T12:30:31.146+0100][49.769s] GC(10)   Evacuate Collection Set: 7.8ms
[2024-01-11T12:30:31.146+0100][49.769s] GC(10)   Post Evacuate Collection Set: 0.9ms
[2024-01-11T12:30:31.146+0100][49.769s] GC(10)   Other: 0.1ms
[2024-01-11T12:30:31.146+0100][49.769s] GC(10) Eden regions: 3->0(291)
[2024-01-11T12:30:31.146+0100][49.769s] GC(10) Survivor regions: 22->16(39)
[2024-01-11T12:30:31.146+0100][49.769s] GC(10) Old regions: 8->14
[2024-01-11T12:30:31.146+0100][49.769s] GC(10) Archive regions: 0->0
[2024-01-11T12:30:31.146+0100][49.769s] GC(10) Humongous regions: 4->4
[2024-01-11T12:30:31.146+0100][49.769s] GC(10) Metaspace: 43508K(44032K)->43508K(44032K) NonClass: 38420K(38720K)->38420K(38720K) Class: 5088K(5312K)->5088K(5312K)
[2024-01-11T12:30:31.146+0100][49.769s] GC(10) Pause Young (Concurrent Start) (CodeCache GC Threshold) 36M->33M(512M) 9.287ms
[2024-01-11T12:30:31.146+0100][49.769s] GC(10) User=0.19s Sys=0.00s Real=0.01s
[2024-01-11T12:30:31.146+0100][49.769s] GC(11) Concurrent Mark Cycle
[2024-01-11T12:30:31.146+0100][49.769s] GC(11) Concurrent Clear Claimed Marks
[2024-01-11T12:30:31.146+0100][49.769s] GC(11) Concurrent Clear Claimed Marks 0.048ms
[2024-01-11T12:30:31.146+0100][49.769s] GC(11) Concurrent Scan Root Regions
[2024-01-11T12:30:31.151+0100][49.774s] GC(11) Concurrent Scan Root Regions 4.982ms
[2024-01-11T12:30:31.151+0100][49.774s] GC(11) Concurrent Mark
[2024-01-11T12:30:31.151+0100][49.774s] GC(11) Concurrent Mark From Roots
[2024-01-11T12:30:31.151+0100][49.774s] GC(11) Using 3 workers of 3 for marking
[2024-01-11T12:30:31.159+0100][49.782s] GC(11) Concurrent Mark From Roots 8.005ms
[2024-01-11T12:30:31.159+0100][49.782s] GC(11) Concurrent Preclean
[2024-01-11T12:30:31.159+0100][49.782s] GC(11) Concurrent Preclean 0.089ms
[2024-01-11T12:30:31.160+0100][49.782s] GC(11) Pause Remark
[2024-01-11T12:30:31.162+0100][49.784s] GC(11) Pause Remark 35M->35M(512M) 1.810ms
[2024-01-11T12:30:31.162+0100][49.784s] GC(11) User=0.00s Sys=0.00s Real=0.00s
[2024-01-11T12:30:31.162+0100][49.784s] GC(11) Concurrent Mark 10.405ms
[2024-01-11T12:30:31.162+0100][49.784s] GC(11) Concurrent Rebuild Remembered Sets
[2024-01-11T12:30:31.168+0100][49.790s] GC(11) Concurrent Rebuild Remembered Sets 6.025ms
[2024-01-11T12:30:31.168+0100][49.791s] GC(11) Pause Cleanup
[2024-01-11T12:30:31.168+0100][49.791s] GC(11) Pause Cleanup 36M->36M(512M) 0.147ms
[2024-01-11T12:30:31.168+0100][49.791s] GC(11) User=0.00s Sys=0.00s Real=0.00s
[2024-01-11T12:30:31.168+0100][49.791s] GC(11) Concurrent Cleanup for Next Mark
[2024-01-11T12:30:31.169+0100][49.792s] GC(11) Concurrent Cleanup for Next Mark 1.238ms
[2024-01-11T12:30:31.169+0100][49.792s] GC(11) Concurrent Mark Cycle 23.332ms
[2024-01-11T13:06:39.674+0100][2218.296s] GC(12) Pause Young (Concurrent Start) (CodeCache GC Threshold)
[2024-01-11T13:06:39.674+0100][2218.296s] GC(12) Using 10 workers of 10 for evacuation
[2024-01-11T13:06:39.688+0100][2218.311s] GC(12)   Pre Evacuate Collection Set: 0.2ms
[2024-01-11T13:06:39.688+0100][2218.311s] GC(12)   Merge Heap Roots: 0.2ms
[2024-01-11T13:06:39.688+0100][2218.311s] GC(12)   Evacuate Collection Set: 12.4ms
[2024-01-11T13:06:39.688+0100][2218.311s] GC(12)   Post Evacuate Collection Set: 1.8ms
[2024-01-11T13:06:39.689+0100][2218.311s] GC(12)   Other: 0.2ms
[2024-01-11T13:06:39.689+0100][2218.311s] GC(12) Eden regions: 215->0(278)
[2024-01-11T13:06:39.689+0100][2218.311s] GC(12) Survivor regions: 16->29(39)
[2024-01-11T13:06:39.689+0100][2218.311s] GC(12) Old regions: 14->14
[2024-01-11T13:06:39.689+0100][2218.311s] GC(12) Archive regions: 0->0
[2024-01-11T13:06:39.689+0100][2218.311s] GC(12) Humongous regions: 4->4
[2024-01-11T13:06:39.689+0100][2218.311s] GC(12) Metaspace: 57917K(58560K)->57917K(58560K) NonClass: 50987K(51328K)->50987K(51328K) Class: 6930K(7232K)->6930K(7232K)
[2024-01-11T13:06:39.689+0100][2218.311s] GC(12) Pause Young (Concurrent Start) (CodeCache GC Threshold) 247M->46M(512M) 15.027ms
[2024-01-11T13:06:39.689+0100][2218.311s] GC(12) User=0.05s Sys=0.00s Real=0.01s
[2024-01-11T13:06:39.689+0100][2218.311s] GC(13) Concurrent Mark Cycle
[2024-01-11T13:06:39.689+0100][2218.311s] GC(13) Concurrent Clear Claimed Marks
[2024-01-11T13:06:39.689+0100][2218.311s] GC(13) Concurrent Clear Claimed Marks 0.056ms
[2024-01-11T13:06:39.689+0100][2218.311s] GC(13) Concurrent Scan Root Regions
[2024-01-11T13:06:39.695+0100][2218.318s] GC(13) Concurrent Scan Root Regions 6.622ms
[2024-01-11T13:06:39.696+0100][2218.318s] GC(13) Concurrent Mark
[2024-01-11T13:06:39.696+0100][2218.318s] GC(13) Concurrent Mark From Roots
[2024-01-11T13:06:39.696+0100][2218.318s] GC(13) Using 3 workers of 3 for marking
[2024-01-11T13:06:39.706+0100][2218.329s] GC(13) Concurrent Mark From Roots 10.669ms
[2024-01-11T13:06:39.706+0100][2218.329s] GC(13) Concurrent Preclean
[2024-01-11T13:06:39.707+0100][2218.329s] GC(13) Concurrent Preclean 0.219ms
[2024-01-11T13:06:39.707+0100][2218.329s] GC(13) Pause Remark
[2024-01-11T13:06:39.715+0100][2218.337s] GC(13) Pause Remark 48M->48M(512M) 7.983ms
[2024-01-11T13:06:39.715+0100][2218.337s] GC(13) User=0.00s Sys=0.00s Real=0.01s
[2024-01-11T13:06:39.715+0100][2218.337s] GC(13) Concurrent Mark 19.244ms
[2024-01-11T13:06:39.715+0100][2218.337s] GC(13) Concurrent Rebuild Remembered Sets
[2024-01-11T13:06:39.718+0100][2218.341s] GC(13) Concurrent Rebuild Remembered Sets 3.274ms
[2024-01-11T13:06:39.719+0100][2218.341s] GC(13) Pause Cleanup
[2024-01-11T13:06:39.719+0100][2218.341s] GC(13) Pause Cleanup 49M->49M(512M) 0.201ms
[2024-01-11T13:06:39.719+0100][2218.341s] GC(13) User=0.00s Sys=0.00s Real=0.00s
[2024-01-11T13:06:39.719+0100][2218.342s] GC(13) Concurrent Cleanup for Next Mark
[2024-01-11T13:06:39.721+0100][2218.343s] GC(13) Concurrent Cleanup for Next Mark 1.494ms
[2024-01-11T13:06:39.721+0100][2218.343s] GC(13) Concurrent Mark Cycle 31.869ms
[2024-01-11T13:06:41.407+0100][2220.029s] GC(14) Pause Young (Prepare Mixed) (G1 Evacuation Pause)
[2024-01-11T13:06:41.407+0100][2220.029s] GC(14) Using 10 workers of 10 for evacuation
[2024-01-11T13:06:41.417+0100][2220.039s] GC(14)   Pre Evacuate Collection Set: 0.1ms
[2024-01-11T13:06:41.417+0100][2220.039s] GC(14)   Merge Heap Roots: 0.1ms
[2024-01-11T13:06:41.417+0100][2220.039s] GC(14)   Evacuate Collection Set: 9.1ms
[2024-01-11T13:06:41.417+0100][2220.039s] GC(14)   Post Evacuate Collection Set: 1.2ms
[2024-01-11T13:06:41.417+0100][2220.039s] GC(14)   Other: 0.1ms
[2024-01-11T13:06:41.418+0100][2220.040s] GC(14) Eden regions: 278->0(7)
[2024-01-11T13:06:41.418+0100][2220.040s] GC(14) Survivor regions: 29->18(39)
[2024-01-11T13:06:41.418+0100][2220.040s] GC(14) Old regions: 14->27
[2024-01-11T13:06:41.418+0100][2220.040s] GC(14) Archive regions: 0->0
[2024-01-11T13:06:41.418+0100][2220.040s] GC(14) Humongous regions: 4->4
[2024-01-11T13:06:41.418+0100][2220.040s] GC(14) Metaspace: 59000K(59648K)->59000K(59648K) NonClass: 52048K(52352K)->52048K(52352K) Class: 6952K(7296K)->6952K(7296K)
[2024-01-11T13:06:41.418+0100][2220.040s] GC(14) Pause Young (Prepare Mixed) (G1 Evacuation Pause) 324M->47M(512M) 10.824ms
[2024-01-11T13:06:41.418+0100][2220.040s] GC(14) User=0.00s Sys=0.00s Real=0.01s
[2024-01-11T13:06:41.445+0100][2220.067s] GC(15) Pause Young (Mixed) (G1 Evacuation Pause)
[2024-01-11T13:06:41.445+0100][2220.067s] GC(15) Using 10 workers of 10 for evacuation
[2024-01-11T13:06:41.452+0100][2220.073s] GC(15)   Pre Evacuate Collection Set: 0.1ms
[2024-01-11T13:06:41.452+0100][2220.074s] GC(15)   Merge Heap Roots: 0.1ms
[2024-01-11T13:06:41.452+0100][2220.074s] GC(15)   Evacuate Collection Set: 5.7ms
[2024-01-11T13:06:41.452+0100][2220.074s] GC(15)   Post Evacuate Collection Set: 0.7ms
[2024-01-11T13:06:41.452+0100][2220.074s] GC(15)   Other: 0.1ms
[2024-01-11T13:06:41.452+0100][2220.074s] GC(15) Eden regions: 7->0(304)
[2024-01-11T13:06:41.452+0100][2220.074s] GC(15) Survivor regions: 18->3(4)
[2024-01-11T13:06:41.452+0100][2220.074s] GC(15) Old regions: 27->43
[2024-01-11T13:06:41.452+0100][2220.074s] GC(15) Archive regions: 0->0
[2024-01-11T13:06:41.452+0100][2220.074s] GC(15) Humongous regions: 4->4
[2024-01-11T13:06:41.452+0100][2220.074s] GC(15) Metaspace: 59021K(59648K)->59021K(59648K) NonClass: 52069K(52352K)->52069K(52352K) Class: 6952K(7296K)->6952K(7296K)
[2024-01-11T13:06:41.452+0100][2220.074s] GC(15) Pause Young (Mixed) (G1 Evacuation Pause) 54M->48M(512M) 6.819ms
[2024-01-11T13:06:41.452+0100][2220.074s] GC(15) User=0.00s Sys=0.00s Real=0.01s
[2024-01-11T13:06:43.071+0100][2221.694s] GC(16) Pause Young (Normal) (G1 Evacuation Pause)
[2024-01-11T13:06:43.071+0100][2221.694s] GC(16) Using 10 workers of 10 for evacuation
[2024-01-11T13:06:43.073+0100][2221.695s] GC(16)   Pre Evacuate Collection Set: 0.1ms
[2024-01-11T13:06:43.073+0100][2221.695s] GC(16)   Merge Heap Roots: 0.1ms
[2024-01-11T13:06:43.073+0100][2221.695s] GC(16)   Evacuate Collection Set: 0.6ms
[2024-01-11T13:06:43.073+0100][2221.695s] GC(16)   Post Evacuate Collection Set: 0.4ms
[2024-01-11T13:06:43.073+0100][2221.695s] GC(16)   Other: 0.1ms
[2024-01-11T13:06:43.073+0100][2221.695s] GC(16) Eden regions: 304->0(304)
[2024-01-11T13:06:43.073+0100][2221.695s] GC(16) Survivor regions: 3->3(39)
[2024-01-11T13:06:43.073+0100][2221.695s] GC(16) Old regions: 43->43
[2024-01-11T13:06:43.073+0100][2221.695s] GC(16) Archive regions: 0->0
[2024-01-11T13:06:43.073+0100][2221.695s] GC(16) Humongous regions: 4->4
[2024-01-11T13:06:43.073+0100][2221.695s] GC(16) Metaspace: 59510K(60160K)->59510K(60160K) NonClass: 52557K(52864K)->52557K(52864K) Class: 6953K(7296K)->6953K(7296K)
[2024-01-11T13:06:43.073+0100][2221.695s] GC(16) Pause Young (Normal) (G1 Evacuation Pause) 352M->49M(512M) 1.449ms
[2024-01-11T13:06:43.073+0100][2221.695s] GC(16) User=0.00s Sys=0.00s Real=0.00s
[2024-01-11T13:06:44.090+0100][2222.712s] GC(17) Pause Young (Concurrent Start) (CodeCache GC Threshold)
[2024-01-11T13:06:44.090+0100][2222.712s] GC(17) Using 10 workers of 10 for evacuation
[2024-01-11T13:06:44.092+0100][2222.714s] GC(17)   Pre Evacuate Collection Set: 0.1ms
[2024-01-11T13:06:44.092+0100][2222.714s] GC(17)   Merge Heap Roots: 0.0ms
[2024-01-11T13:06:44.092+0100][2222.714s] GC(17)   Evacuate Collection Set: 0.8ms
[2024-01-11T13:06:44.092+0100][2222.714s] GC(17)   Post Evacuate Collection Set: 0.3ms
[2024-01-11T13:06:44.092+0100][2222.714s] GC(17)   Other: 0.1ms
[2024-01-11T13:06:44.092+0100][2222.714s] GC(17) Eden regions: 187->0(302)
[2024-01-11T13:06:44.092+0100][2222.714s] GC(17) Survivor regions: 3->5(39)
[2024-01-11T13:06:44.092+0100][2222.714s] GC(17) Old regions: 43->43
[2024-01-11T13:06:44.092+0100][2222.714s] GC(17) Archive regions: 0->0
[2024-01-11T13:06:44.092+0100][2222.714s] GC(17) Humongous regions: 4->4
[2024-01-11T13:06:44.092+0100][2222.714s] GC(17) Metaspace: 59679K(60288K)->59679K(60288K) NonClass: 52726K(52992K)->52726K(52992K) Class: 6953K(7296K)->6953K(7296K)
[2024-01-11T13:06:44.092+0100][2222.714s] GC(17) Pause Young (Concurrent Start) (CodeCache GC Threshold) 235M->50M(512M) 1.708ms
[2024-01-11T13:06:44.092+0100][2222.714s] GC(18) Concurrent Mark Cycle
[2024-01-11T13:06:44.092+0100][2222.714s] GC(17) User=0.00s Sys=0.00s Real=0.00s
[2024-01-11T13:06:44.092+0100][2222.714s] GC(18) Concurrent Clear Claimed Marks
[2024-01-11T13:06:44.092+0100][2222.714s] GC(18) Concurrent Clear Claimed Marks 0.065ms
[2024-01-11T13:06:44.092+0100][2222.714s] GC(18) Concurrent Scan Root Regions
[2024-01-11T13:06:44.093+0100][2222.715s] GC(18) Concurrent Scan Root Regions 0.796ms
[2024-01-11T13:06:44.093+0100][2222.715s] GC(18) Concurrent Mark
[2024-01-11T13:06:44.093+0100][2222.715s] GC(18) Concurrent Mark From Roots
[2024-01-11T13:06:44.093+0100][2222.715s] GC(18) Using 3 workers of 3 for marking
[2024-01-11T13:06:44.122+0100][2222.744s] GC(18) Concurrent Mark From Roots 29.278ms
[2024-01-11T13:06:44.122+0100][2222.744s] GC(18) Concurrent Preclean
[2024-01-11T13:06:44.123+0100][2222.745s] GC(18) Concurrent Preclean 0.494ms
[2024-01-11T13:06:44.123+0100][2222.745s] GC(18) Pause Remark
[2024-01-11T13:06:44.130+0100][2222.752s] GC(18) Pause Remark 53M->53M(512M) 6.775ms
[2024-01-11T13:06:44.130+0100][2222.752s] GC(18) User=0.16s Sys=0.00s Real=0.01s
[2024-01-11T13:06:44.130+0100][2222.752s] GC(18) Concurrent Mark 37.016ms
[2024-01-11T13:06:44.130+0100][2222.752s] GC(18) Concurrent Rebuild Remembered Sets
[2024-01-11T13:06:44.143+0100][2222.766s] GC(18) Concurrent Rebuild Remembered Sets 13.435ms
[2024-01-11T13:06:44.144+0100][2222.766s] GC(18) Pause Cleanup
[2024-01-11T13:06:44.144+0100][2222.766s] GC(18) Pause Cleanup 54M->54M(512M) 0.108ms
[2024-01-11T13:06:44.144+0100][2222.766s] GC(18) User=0.00s Sys=0.00s Real=0.00s
[2024-01-11T13:06:44.144+0100][2222.766s] GC(18) Concurrent Cleanup for Next Mark
[2024-01-11T13:06:44.145+0100][2222.767s] GC(18) Concurrent Cleanup for Next Mark 1.545ms
[2024-01-11T13:06:44.145+0100][2222.767s] GC(18) Concurrent Mark Cycle 53.395ms
[2024-01-11T13:06:44.173+0100][2222.795s] GC(19) Pause Young (Concurrent Start) (CodeCache GC Threshold)
[2024-01-11T13:06:44.173+0100][2222.795s] GC(19) Using 10 workers of 10 for evacuation
[2024-01-11T13:06:44.175+0100][2222.797s] GC(19)   Pre Evacuate Collection Set: 0.1ms
[2024-01-11T13:06:44.175+0100][2222.797s] GC(19)   Merge Heap Roots: 0.1ms
[2024-01-11T13:06:44.175+0100][2222.797s] GC(19)   Evacuate Collection Set: 0.8ms
[2024-01-11T13:06:44.175+0100][2222.797s] GC(19)   Post Evacuate Collection Set: 0.3ms
[2024-01-11T13:06:44.175+0100][2222.797s] GC(19)   Other: 0.1ms
[2024-01-11T13:06:44.175+0100][2222.797s] GC(19) Eden regions: 9->0(303)
[2024-01-11T13:06:44.175+0100][2222.797s] GC(19) Survivor regions: 5->4(39)
[2024-01-11T13:06:44.175+0100][2222.797s] GC(19) Old regions: 43->43
[2024-01-11T13:06:44.175+0100][2222.797s] GC(19) Archive regions: 0->0
[2024-01-11T13:06:44.175+0100][2222.797s] GC(19) Humongous regions: 4->4
[2024-01-11T13:06:44.175+0100][2222.797s] GC(19) Metaspace: 59579K(60288K)->59579K(60288K) NonClass: 52656K(52992K)->52656K(52992K) Class: 6922K(7296K)->6922K(7296K)
[2024-01-11T13:06:44.175+0100][2222.797s] GC(19) Pause Young (Concurrent Start) (CodeCache GC Threshold) 59M->49M(512M) 1.691ms
[2024-01-11T13:06:44.175+0100][2222.797s] GC(19) User=0.00s Sys=0.00s Real=0.00s
[2024-01-11T13:06:44.175+0100][2222.797s] GC(20) Concurrent Mark Cycle
[2024-01-11T13:06:44.175+0100][2222.797s] GC(20) Concurrent Clear Claimed Marks
[2024-01-11T13:06:44.175+0100][2222.797s] GC(20) Concurrent Clear Claimed Marks 0.029ms
[2024-01-11T13:06:44.175+0100][2222.797s] GC(20) Concurrent Scan Root Regions
[2024-01-11T13:06:44.175+0100][2222.798s] GC(20) Concurrent Scan Root Regions 0.690ms
[2024-01-11T13:06:44.176+0100][2222.798s] GC(20) Concurrent Mark
[2024-01-11T13:06:44.176+0100][2222.798s] GC(20) Concurrent Mark From Roots
[2024-01-11T13:06:44.176+0100][2222.798s] GC(20) Using 3 workers of 3 for marking
[2024-01-11T13:06:44.201+0100][2222.823s] GC(20) Concurrent Mark From Roots 25.517ms
[2024-01-11T13:06:44.201+0100][2222.823s] GC(20) Concurrent Preclean
[2024-01-11T13:06:44.202+0100][2222.824s] GC(20) Concurrent Preclean 0.334ms
[2024-01-11T13:06:44.202+0100][2222.824s] GC(20) Pause Remark
[2024-01-11T13:06:44.204+0100][2222.826s] GC(20) Pause Remark 52M->52M(512M) 1.951ms
[2024-01-11T13:06:44.204+0100][2222.826s] GC(20) User=0.05s Sys=0.00s Real=0.00s
[2024-01-11T13:06:44.204+0100][2222.826s] GC(20) Concurrent Mark 28.150ms
[2024-01-11T13:06:44.204+0100][2222.826s] GC(20) Concurrent Rebuild Remembered Sets
[2024-01-11T13:06:44.215+0100][2222.837s] GC(20) Concurrent Rebuild Remembered Sets 11.138ms
[2024-01-11T13:06:44.215+0100][2222.837s] GC(20) Pause Cleanup
[2024-01-11T13:06:44.215+0100][2222.837s] GC(20) Pause Cleanup 53M->53M(512M) 0.141ms
[2024-01-11T13:06:44.215+0100][2222.837s] GC(20) User=0.00s Sys=0.00s Real=0.00s
[2024-01-11T13:06:44.215+0100][2222.837s] GC(20) Concurrent Cleanup for Next Mark
[2024-01-11T13:06:44.216+0100][2222.838s] GC(20) Concurrent Cleanup for Next Mark 1.021ms
[2024-01-11T13:06:44.216+0100][2222.838s] GC(20) Concurrent Mark Cycle 41.587ms
[2024-01-11T13:06:45.921+0100][2224.544s] GC(21) Pause Young (Prepare Mixed) (G1 Evacuation Pause)
[2024-01-11T13:06:45.921+0100][2224.544s] GC(21) Using 10 workers of 10 for evacuation
[2024-01-11T13:06:45.923+0100][2224.546s] GC(21)   Pre Evacuate Collection Set: 0.1ms
[2024-01-11T13:06:45.923+0100][2224.546s] GC(21)   Merge Heap Roots: 0.1ms
[2024-01-11T13:06:45.923+0100][2224.546s] GC(21)   Evacuate Collection Set: 1.6ms
[2024-01-11T13:06:45.923+0100][2224.546s] GC(21)   Post Evacuate Collection Set: 0.6ms
[2024-01-11T13:06:45.923+0100][2224.546s] GC(21)   Other: 0.1ms
[2024-01-11T13:06:45.923+0100][2224.546s] GC(21) Eden regions: 303->0(19)
[2024-01-11T13:06:45.923+0100][2224.546s] GC(21) Survivor regions: 4->6(39)
[2024-01-11T13:06:45.923+0100][2224.546s] GC(21) Old regions: 43->43
[2024-01-11T13:06:45.923+0100][2224.546s] GC(21) Archive regions: 0->0
[2024-01-11T13:06:45.924+0100][2224.546s] GC(21) Humongous regions: 4->4
[2024-01-11T13:06:45.924+0100][2224.546s] GC(21) Metaspace: 59849K(60544K)->59849K(60544K) NonClass: 52927K(53248K)->52927K(53248K) Class: 6922K(7296K)->6922K(7296K)
[2024-01-11T13:06:45.924+0100][2224.546s] GC(21) Pause Young (Prepare Mixed) (G1 Evacuation Pause) 352M->51M(512M) 2.722ms
[2024-01-11T13:06:45.924+0100][2224.546s] GC(21) User=0.17s Sys=0.00s Real=0.00s
[2024-01-11T13:06:46.040+0100][2224.663s] GC(22) Pause Young (Mixed) (G1 Evacuation Pause)
[2024-01-11T13:06:46.041+0100][2224.663s] GC(22) Using 10 workers of 10 for evacuation
[2024-01-11T13:06:46.043+0100][2224.665s] GC(22)   Pre Evacuate Collection Set: 0.1ms
[2024-01-11T13:06:46.043+0100][2224.665s] GC(22)   Merge Heap Roots: 0.0ms
[2024-01-11T13:06:46.043+0100][2224.665s] GC(22)   Evacuate Collection Set: 1.8ms
[2024-01-11T13:06:46.043+0100][2224.665s] GC(22)   Post Evacuate Collection Set: 0.4ms
[2024-01-11T13:06:46.043+0100][2224.665s] GC(22)   Other: 0.1ms
[2024-01-11T13:06:46.043+0100][2224.665s] GC(22) Eden regions: 19->0(306)
[2024-01-11T13:06:46.043+0100][2224.666s] GC(22) Survivor regions: 6->1(4)
[2024-01-11T13:06:46.043+0100][2224.666s] GC(22) Old regions: 43->47
[2024-01-11T13:06:46.043+0100][2224.666s] GC(22) Archive regions: 0->0
[2024-01-11T13:06:46.043+0100][2224.666s] GC(22) Humongous regions: 4->4
[2024-01-11T13:06:46.043+0100][2224.666s] GC(22) Metaspace: 59893K(60544K)->59893K(60544K) NonClass: 52971K(53248K)->52971K(53248K) Class: 6922K(7296K)->6922K(7296K)
[2024-01-11T13:06:46.043+0100][2224.666s] GC(22) Pause Young (Mixed) (G1 Evacuation Pause) 70M->51M(512M) 2.681ms
[2024-01-11T13:06:46.043+0100][2224.666s] GC(22) User=0.00s Sys=0.00s Real=0.00s
[2024-01-11T13:06:47.572+0100][2226.194s] GC(23) Pause Young (Normal) (G1 Evacuation Pause)
[2024-01-11T13:06:47.572+0100][2226.194s] GC(23) Using 10 workers of 10 for evacuation
[2024-01-11T13:06:47.573+0100][2226.196s] GC(23)   Pre Evacuate Collection Set: 0.1ms
[2024-01-11T13:06:47.573+0100][2226.196s] GC(23)   Merge Heap Roots: 0.1ms
[2024-01-11T13:06:47.573+0100][2226.196s] GC(23)   Evacuate Collection Set: 0.7ms
[2024-01-11T13:06:47.573+0100][2226.196s] GC(23)   Post Evacuate Collection Set: 0.6ms
[2024-01-11T13:06:47.573+0100][2226.196s] GC(23)   Other: 0.1ms
[2024-01-11T13:06:47.573+0100][2226.196s] GC(23) Eden regions: 306->0(303)
[2024-01-11T13:06:47.573+0100][2226.196s] GC(23) Survivor regions: 1->4(39)
[2024-01-11T13:06:47.573+0100][2226.196s] GC(23) Old regions: 47->47
[2024-01-11T13:06:47.573+0100][2226.196s] GC(23) Archive regions: 0->0
[2024-01-11T13:06:47.573+0100][2226.196s] GC(23) Humongous regions: 4->4
[2024-01-11T13:06:47.573+0100][2226.196s] GC(23) Metaspace: 60193K(60800K)->60193K(60800K) NonClass: 53269K(53504K)->53269K(53504K) Class: 6924K(7296K)->6924K(7296K)
[2024-01-11T13:06:47.573+0100][2226.196s] GC(23) Pause Young (Normal) (G1 Evacuation Pause) 357M->54M(512M) 1.747ms
[2024-01-11T13:06:47.573+0100][2226.196s] GC(23) User=0.00s Sys=0.00s Real=0.00s
[2024-01-11T13:06:49.043+0100][2227.666s] GC(24) Pause Young (Normal) (G1 Evacuation Pause)
[2024-01-11T13:06:49.044+0100][2227.666s] GC(24) Using 10 workers of 10 for evacuation
[2024-01-11T13:06:49.045+0100][2227.668s] GC(24)   Pre Evacuate Collection Set: 0.1ms
[2024-01-11T13:06:49.045+0100][2227.668s] GC(24)   Merge Heap Roots: 0.1ms
[2024-01-11T13:06:49.045+0100][2227.668s] GC(24)   Evacuate Collection Set: 0.7ms
[2024-01-11T13:06:49.045+0100][2227.668s] GC(24)   Post Evacuate Collection Set: 0.4ms
[2024-01-11T13:06:49.045+0100][2227.668s] GC(24)   Other: 0.1ms
[2024-01-11T13:06:49.045+0100][2227.668s] GC(24) Eden regions: 303->0(302)
[2024-01-11T13:06:49.045+0100][2227.668s] GC(24) Survivor regions: 4->5(39)
[2024-01-11T13:06:49.045+0100][2227.668s] GC(24) Old regions: 47->47
[2024-01-11T13:06:49.045+0100][2227.668s] GC(24) Archive regions: 0->0
[2024-01-11T13:06:49.045+0100][2227.668s] GC(24) Humongous regions: 4->4
[2024-01-11T13:06:49.045+0100][2227.668s] GC(24) Metaspace: 60249K(60864K)->60249K(60864K) NonClass: 53325K(53568K)->53325K(53568K) Class: 6924K(7296K)->6924K(7296K)
[2024-01-11T13:06:49.045+0100][2227.668s] GC(24) Pause Young (Normal) (G1 Evacuation Pause) 357M->55M(512M) 1.513ms
[2024-01-11T13:06:49.045+0100][2227.668s] GC(24) User=0.00s Sys=0.00s Real=0.00s
[2024-01-11T13:06:50.544+0100][2229.166s] GC(25) Pause Young (Normal) (G1 Evacuation Pause)
[2024-01-11T13:06:50.544+0100][2229.166s] GC(25) Using 10 workers of 10 for evacuation
[2024-01-11T13:06:50.545+0100][2229.167s] GC(25)   Pre Evacuate Collection Set: 0.1ms
[2024-01-11T13:06:50.545+0100][2229.167s] GC(25)   Merge Heap Roots: 0.1ms
[2024-01-11T13:06:50.545+0100][2229.167s] GC(25)   Evacuate Collection Set: 0.9ms
[2024-01-11T13:06:50.545+0100][2229.167s] GC(25)   Post Evacuate Collection Set: 0.5ms
[2024-01-11T13:06:50.545+0100][2229.167s] GC(25)   Other: 0.1ms
[2024-01-11T13:06:50.545+0100][2229.167s] GC(25) Eden regions: 302->0(300)
[2024-01-11T13:06:50.545+0100][2229.167s] GC(25) Survivor regions: 5->7(39)
[2024-01-11T13:06:50.545+0100][2229.167s] GC(25) Old regions: 47->47
[2024-01-11T13:06:50.545+0100][2229.167s] GC(25) Archive regions: 0->0
[2024-01-11T13:06:50.545+0100][2229.167s] GC(25) Humongous regions: 4->4
[2024-01-11T13:06:50.545+0100][2229.168s] GC(25) Metaspace: 60528K(61120K)->60528K(61120K) NonClass: 53602K(53824K)->53602K(53824K) Class: 6925K(7296K)->6925K(7296K)
[2024-01-11T13:06:50.545+0100][2229.168s] GC(25) Pause Young (Normal) (G1 Evacuation Pause) 357M->56M(512M) 1.919ms
[2024-01-11T13:06:50.545+0100][2229.168s] GC(25) User=0.00s Sys=0.00s Real=0.00s
[2024-01-11T13:06:52.023+0100][2230.645s] GC(26) Pause Young (Normal) (G1 Evacuation Pause)
[2024-01-11T13:06:52.023+0100][2230.645s] GC(26) Using 10 workers of 10 for evacuation
[2024-01-11T13:06:52.024+0100][2230.646s] GC(26)   Pre Evacuate Collection Set: 0.1ms
[2024-01-11T13:06:52.024+0100][2230.646s] GC(26)   Merge Heap Roots: 0.2ms
[2024-01-11T13:06:52.024+0100][2230.646s] GC(26)   Evacuate Collection Set: 1.1ms
[2024-01-11T13:06:52.024+0100][2230.646s] GC(26)   Post Evacuate Collection Set: 0.4ms
[2024-01-11T13:06:52.024+0100][2230.647s] GC(26)   Other: 0.1ms
[2024-01-11T13:06:52.024+0100][2230.647s] GC(26) Eden regions: 300->0(299)
[2024-01-11T13:06:52.024+0100][2230.647s] GC(26) Survivor regions: 7->8(39)
[2024-01-11T13:06:52.024+0100][2230.647s] GC(26) Old regions: 47->47
[2024-01-11T13:06:52.024+0100][2230.647s] GC(26) Archive regions: 0->0
[2024-01-11T13:06:52.024+0100][2230.647s] GC(26) Humongous regions: 4->4
[2024-01-11T13:06:52.024+0100][2230.647s] GC(26) Metaspace: 60615K(61248K)->60615K(61248K) NonClass: 53689K(53952K)->53689K(53952K) Class: 6925K(7296K)->6925K(7296K)
[2024-01-11T13:06:52.024+0100][2230.647s] GC(26) Pause Young (Normal) (G1 Evacuation Pause) 356M->58M(512M) 1.943ms
[2024-01-11T13:06:52.024+0100][2230.647s] GC(26) User=0.00s Sys=0.00s Real=0.00s
[2024-01-11T13:06:52.109+0100][2230.732s] GC(27) Pause Young (Concurrent Start) (CodeCache GC Threshold)
[2024-01-11T13:06:52.109+0100][2230.732s] GC(27) Using 10 workers of 10 for evacuation
[2024-01-11T13:06:52.111+0100][2230.734s] GC(27)   Pre Evacuate Collection Set: 0.2ms
[2024-01-11T13:06:52.111+0100][2230.734s] GC(27)   Merge Heap Roots: 0.1ms
[2024-01-11T13:06:52.111+0100][2230.734s] GC(27)   Evacuate Collection Set: 1.2ms
[2024-01-11T13:06:52.111+0100][2230.734s] GC(27)   Post Evacuate Collection Set: 0.5ms
[2024-01-11T13:06:52.111+0100][2230.734s] GC(27)   Other: 0.0ms
[2024-01-11T13:06:52.111+0100][2230.734s] GC(27) Eden regions: 17->0(298)
[2024-01-11T13:06:52.111+0100][2230.734s] GC(27) Survivor regions: 8->9(39)
[2024-01-11T13:06:52.111+0100][2230.734s] GC(27) Old regions: 47->47
[2024-01-11T13:06:52.111+0100][2230.734s] GC(27) Archive regions: 0->0
[2024-01-11T13:06:52.111+0100][2230.734s] GC(27) Humongous regions: 4->4
[2024-01-11T13:06:52.111+0100][2230.734s] GC(27) Metaspace: 60625K(61248K)->60625K(61248K) NonClass: 53700K(53952K)->53700K(53952K) Class: 6925K(7296K)->6925K(7296K)
[2024-01-11T13:06:52.111+0100][2230.734s] GC(27) Pause Young (Concurrent Start) (CodeCache GC Threshold) 75M->59M(512M) 2.210ms
[2024-01-11T13:06:52.111+0100][2230.734s] GC(27) User=0.00s Sys=0.00s Real=0.00s
[2024-01-11T13:06:52.111+0100][2230.734s] GC(28) Concurrent Mark Cycle
[2024-01-11T13:06:52.111+0100][2230.734s] GC(28) Concurrent Clear Claimed Marks
[2024-01-11T13:06:52.111+0100][2230.734s] GC(28) Concurrent Clear Claimed Marks 0.034ms
[2024-01-11T13:06:52.111+0100][2230.734s] GC(28) Concurrent Scan Root Regions
[2024-01-11T13:06:52.112+0100][2230.735s] GC(28) Concurrent Scan Root Regions 0.745ms
[2024-01-11T13:06:52.112+0100][2230.735s] GC(28) Concurrent Mark
[2024-01-11T13:06:52.112+0100][2230.735s] GC(28) Concurrent Mark From Roots
[2024-01-11T13:06:52.112+0100][2230.735s] GC(28) Using 3 workers of 3 for marking
[2024-01-11T13:06:52.131+0100][2230.753s] GC(28) Concurrent Mark From Roots 18.526ms
[2024-01-11T13:06:52.131+0100][2230.753s] GC(28) Concurrent Preclean
[2024-01-11T13:06:52.131+0100][2230.753s] GC(28) Concurrent Preclean 0.142ms
[2024-01-11T13:06:52.131+0100][2230.754s] GC(28) Pause Remark
[2024-01-11T13:06:52.136+0100][2230.758s] GC(28) Pause Remark 62M->62M(512M) 4.027ms
[2024-01-11T13:06:52.136+0100][2230.758s] GC(28) User=0.00s Sys=0.00s Real=0.00s
[2024-01-11T13:06:52.136+0100][2230.758s] GC(28) Concurrent Mark 23.019ms
[2024-01-11T13:06:52.136+0100][2230.758s] GC(28) Concurrent Rebuild Remembered Sets
[2024-01-11T13:06:52.143+0100][2230.765s] GC(28) Concurrent Rebuild Remembered Sets 7.528ms
[2024-01-11T13:06:52.144+0100][2230.765s] GC(28) Pause Cleanup
[2024-01-11T13:06:52.144+0100][2230.766s] GC(28) Pause Cleanup 63M->63M(512M) 0.152ms
[2024-01-11T13:06:52.144+0100][2230.766s] GC(28) User=0.00s Sys=0.00s Real=0.00s
[2024-01-11T13:06:52.144+0100][2230.766s] GC(28) Concurrent Cleanup for Next Mark
[2024-01-11T13:06:52.144+0100][2230.766s] GC(28) Concurrent Cleanup for Next Mark 0.591ms
[2024-01-11T13:06:52.144+0100][2230.766s] GC(28) Concurrent Mark Cycle 32.465ms
[2024-01-11T13:06:53.630+0100][2232.252s] GC(29) Pause Young (Prepare Mixed) (G1 Evacuation Pause)
[2024-01-11T13:06:53.630+0100][2232.252s] GC(29) Using 10 workers of 10 for evacuation
[2024-01-11T13:06:53.632+0100][2232.255s] GC(29)   Pre Evacuate Collection Set: 0.1ms
[2024-01-11T13:06:53.632+0100][2232.255s] GC(29)   Merge Heap Roots: 0.1ms
[2024-01-11T13:06:53.632+0100][2232.255s] GC(29)   Evacuate Collection Set: 1.9ms
[2024-01-11T13:06:53.632+0100][2232.255s] GC(29)   Post Evacuate Collection Set: 0.6ms
[2024-01-11T13:06:53.632+0100][2232.255s] GC(29)   Other: 0.1ms
[2024-01-11T13:06:53.632+0100][2232.255s] GC(29) Eden regions: 298->0(14)
[2024-01-11T13:06:53.632+0100][2232.255s] GC(29) Survivor regions: 9->11(39)
[2024-01-11T13:06:53.632+0100][2232.255s] GC(29) Old regions: 47->47
[2024-01-11T13:06:53.632+0100][2232.255s] GC(29) Archive regions: 0->0
[2024-01-11T13:06:53.632+0100][2232.255s] GC(29) Humongous regions: 4->4
[2024-01-11T13:06:53.632+0100][2232.255s] GC(29) Metaspace: 61060K(61632K)->61060K(61632K) NonClass: 54134K(54336K)->54134K(54336K) Class: 6926K(7296K)->6926K(7296K)
[2024-01-11T13:06:53.632+0100][2232.255s] GC(29) Pause Young (Prepare Mixed) (G1 Evacuation Pause) 357M->61M(512M) 2.909ms
[2024-01-11T13:06:53.632+0100][2232.255s] GC(29) User=0.00s Sys=0.00s Real=0.00s
[2024-01-11T13:06:53.689+0100][2232.312s] GC(30) Pause Young (Mixed) (G1 Evacuation Pause)
[2024-01-11T13:06:53.689+0100][2232.312s] GC(30) Using 10 workers of 10 for evacuation
[2024-01-11T13:06:53.693+0100][2232.315s] GC(30)   Pre Evacuate Collection Set: 0.1ms
[2024-01-11T13:06:53.693+0100][2232.315s] GC(30)   Merge Heap Roots: 0.1ms
[2024-01-11T13:06:53.693+0100][2232.315s] GC(30)   Evacuate Collection Set: 2.6ms
[2024-01-11T13:06:53.693+0100][2232.315s] GC(30)   Post Evacuate Collection Set: 0.4ms
[2024-01-11T13:06:53.693+0100][2232.315s] GC(30)   Other: 0.1ms
[2024-01-11T13:06:53.693+0100][2232.315s] GC(30) Eden regions: 14->0(306)
[2024-01-11T13:06:53.693+0100][2232.315s] GC(30) Survivor regions: 11->1(4)
[2024-01-11T13:06:53.693+0100][2232.315s] GC(30) Old regions: 47->56
[2024-01-11T13:06:53.693+0100][2232.315s] GC(30) Archive regions: 0->0
[2024-01-11T13:06:53.693+0100][2232.315s] GC(30) Humongous regions: 4->4
[2024-01-11T13:06:53.693+0100][2232.315s] GC(30) Metaspace: 61060K(61632K)->61060K(61632K) NonClass: 54134K(54336K)->54134K(54336K) Class: 6926K(7296K)->6926K(7296K)
[2024-01-11T13:06:53.693+0100][2232.315s] GC(30) Pause Young (Mixed) (G1 Evacuation Pause) 75M->60M(512M) 3.544ms
[2024-01-11T13:06:53.693+0100][2232.315s] GC(30) User=0.00s Sys=0.00s Real=0.00s
[2024-01-11T13:06:55.155+0100][2233.778s] GC(31) Pause Young (Normal) (G1 Evacuation Pause)
[2024-01-11T13:06:55.155+0100][2233.778s] GC(31) Using 10 workers of 10 for evacuation
[2024-01-11T13:06:55.157+0100][2233.779s] GC(31)   Pre Evacuate Collection Set: 0.1ms
[2024-01-11T13:06:55.157+0100][2233.779s] GC(31)   Merge Heap Roots: 0.1ms
[2024-01-11T13:06:55.157+0100][2233.779s] GC(31)   Evacuate Collection Set: 0.7ms
[2024-01-11T13:06:55.157+0100][2233.779s] GC(31)   Post Evacuate Collection Set: 0.5ms
[2024-01-11T13:06:55.157+0100][2233.779s] GC(31)   Other: 0.1ms
[2024-01-11T13:06:55.157+0100][2233.779s] GC(31) Eden regions: 306->0(304)
[2024-01-11T13:06:55.157+0100][2233.779s] GC(31) Survivor regions: 1->3(39)
[2024-01-11T13:06:55.157+0100][2233.779s] GC(31) Old regions: 56->56
[2024-01-11T13:06:55.157+0100][2233.779s] GC(31) Archive regions: 0->0
[2024-01-11T13:06:55.157+0100][2233.779s] GC(31) Humongous regions: 4->4
[2024-01-11T13:06:55.157+0100][2233.779s] GC(31) Metaspace: 61087K(61696K)->61087K(61696K) NonClass: 54161K(54400K)->54161K(54400K) Class: 6926K(7296K)->6926K(7296K)
[2024-01-11T13:06:55.157+0100][2233.779s] GC(31) Pause Young (Normal) (G1 Evacuation Pause) 366M->62M(512M) 1.673ms
[2024-01-11T13:06:55.157+0100][2233.779s] GC(31) User=0.17s Sys=0.00s Real=0.00s
[2024-01-11T13:06:56.673+0100][2235.294s] GC(32) Pause Young (Normal) (G1 Evacuation Pause)
[2024-01-11T13:06:56.673+0100][2235.294s] GC(32) Using 10 workers of 10 for evacuation
[2024-01-11T13:06:56.674+0100][2235.296s] GC(32)   Pre Evacuate Collection Set: 0.1ms
[2024-01-11T13:06:56.674+0100][2235.296s] GC(32)   Merge Heap Roots: 0.1ms
[2024-01-11T13:06:56.674+0100][2235.296s] GC(32)   Evacuate Collection Set: 0.7ms
[2024-01-11T13:06:56.674+0100][2235.296s] GC(32)   Post Evacuate Collection Set: 0.5ms
[2024-01-11T13:06:56.674+0100][2235.296s] GC(32)   Other: 0.1ms
[2024-01-11T13:06:56.674+0100][2235.296s] GC(32) Eden regions: 304->0(302)
[2024-01-11T13:06:56.674+0100][2235.296s] GC(32) Survivor regions: 3->5(39)
[2024-01-11T13:06:56.674+0100][2235.296s] GC(32) Old regions: 56->56
[2024-01-11T13:06:56.674+0100][2235.296s] GC(32) Archive regions: 0->0
[2024-01-11T13:06:56.674+0100][2235.296s] GC(32) Humongous regions: 4->4
[2024-01-11T13:06:56.674+0100][2235.296s] GC(32) Metaspace: 61130K(61696K)->61130K(61696K) NonClass: 54204K(54400K)->54204K(54400K) Class: 6926K(7296K)->6926K(7296K)
[2024-01-11T13:06:56.674+0100][2235.296s] GC(32) Pause Young (Normal) (G1 Evacuation Pause) 366M->64M(512M) 1.673ms
[2024-01-11T13:06:56.674+0100][2235.296s] GC(32) User=0.00s Sys=0.00s Real=0.00s
[2024-01-11T13:06:58.059+0100][2236.682s] GC(33) Pause Young (Concurrent Start) (G1 Evacuation Pause)
[2024-01-11T13:06:58.059+0100][2236.682s] GC(33) Using 10 workers of 10 for evacuation
[2024-01-11T13:06:58.062+0100][2236.684s] GC(33)   Pre Evacuate Collection Set: 0.1ms
[2024-01-11T13:06:58.062+0100][2236.684s] GC(33)   Merge Heap Roots: 0.1ms
[2024-01-11T13:06:58.062+0100][2236.684s] GC(33)   Evacuate Collection Set: 1.1ms
[2024-01-11T13:06:58.062+0100][2236.684s] GC(33)   Post Evacuate Collection Set: 0.5ms
[2024-01-11T13:06:58.062+0100][2236.684s] GC(33)   Other: 0.1ms
[2024-01-11T13:06:58.062+0100][2236.684s] GC(33) Eden regions: 302->0(300)
[2024-01-11T13:06:58.062+0100][2236.684s] GC(33) Survivor regions: 5->7(39)
[2024-01-11T13:06:58.062+0100][2236.684s] GC(33) Old regions: 56->56
[2024-01-11T13:06:58.062+0100][2236.684s] GC(33) Archive regions: 0->0
[2024-01-11T13:06:58.062+0100][2236.684s] GC(33) Humongous regions: 4->4
[2024-01-11T13:06:58.062+0100][2236.684s] GC(33) Metaspace: 61182K(61824K)->61182K(61824K) NonClass: 54256K(54528K)->54256K(54528K) Class: 6926K(7296K)->6926K(7296K)
[2024-01-11T13:06:58.062+0100][2236.684s] GC(33) Pause Young (Concurrent Start) (G1 Evacuation Pause) 366M->66M(512M) 2.193ms
[2024-01-11T13:06:58.062+0100][2236.684s] GC(33) User=0.00s Sys=0.00s Real=0.00s
[2024-01-11T13:06:58.062+0100][2236.684s] GC(34) Concurrent Mark Cycle
[2024-01-11T13:06:58.062+0100][2236.684s] GC(34) Concurrent Clear Claimed Marks
[2024-01-11T13:06:58.062+0100][2236.684s] GC(34) Concurrent Clear Claimed Marks 0.032ms
[2024-01-11T13:06:58.062+0100][2236.684s] GC(34) Concurrent Scan Root Regions
[2024-01-11T13:06:58.063+0100][2236.685s] GC(34) Concurrent Scan Root Regions 0.648ms
[2024-01-11T13:06:58.063+0100][2236.685s] GC(34) Concurrent Mark
[2024-01-11T13:06:58.063+0100][2236.685s] GC(34) Concurrent Mark From Roots
[2024-01-11T13:06:58.063+0100][2236.685s] GC(34) Using 3 workers of 3 for marking
[2024-01-11T13:06:58.082+0100][2236.703s] GC(34) Concurrent Mark From Roots 18.928ms
[2024-01-11T13:06:58.082+0100][2236.704s] GC(34) Concurrent Preclean
[2024-01-11T13:06:58.082+0100][2236.704s] GC(34) Concurrent Preclean 0.135ms
[2024-01-11T13:06:58.082+0100][2236.704s] GC(34) Pause Remark
[2024-01-11T13:06:58.087+0100][2236.709s] GC(34) Pause Remark 69M->69M(512M) 5.462ms
[2024-01-11T13:06:58.087+0100][2236.709s] GC(34) User=0.00s Sys=0.00s Real=0.00s
[2024-01-11T13:06:58.087+0100][2236.709s] GC(34) Concurrent Mark 24.902ms
[2024-01-11T13:06:58.087+0100][2236.709s] GC(34) Concurrent Rebuild Remembered Sets
[2024-01-11T13:06:58.097+0100][2236.719s] GC(34) Concurrent Rebuild Remembered Sets 9.113ms
[2024-01-11T13:06:58.097+0100][2236.719s] GC(34) Pause Cleanup
[2024-01-11T13:06:58.097+0100][2236.719s] GC(34) Pause Cleanup 70M->70M(512M) 0.162ms
[2024-01-11T13:06:58.097+0100][2236.719s] GC(34) User=0.00s Sys=0.00s Real=0.00s
[2024-01-11T13:06:58.097+0100][2236.719s] GC(34) Concurrent Cleanup for Next Mark
[2024-01-11T13:06:58.098+0100][2236.720s] GC(34) Concurrent Cleanup for Next Mark 0.860ms
[2024-01-11T13:06:58.098+0100][2236.720s] GC(34) Concurrent Mark Cycle 36.049ms
[2024-01-11T13:06:59.076+0100][2237.698s] GC(35) Pause Young (Concurrent Start) (CodeCache GC Threshold)
[2024-01-11T13:06:59.076+0100][2237.698s] GC(35) Using 10 workers of 10 for evacuation
[2024-01-11T13:06:59.078+0100][2237.700s] GC(35)   Pre Evacuate Collection Set: 0.1ms
[2024-01-11T13:06:59.078+0100][2237.700s] GC(35)   Merge Heap Roots: 0.1ms
[2024-01-11T13:06:59.078+0100][2237.700s] GC(35)   Evacuate Collection Set: 1.3ms
[2024-01-11T13:06:59.078+0100][2237.700s] GC(35)   Post Evacuate Collection Set: 0.3ms
[2024-01-11T13:06:59.078+0100][2237.700s] GC(35)   Other: 0.1ms
[2024-01-11T13:06:59.078+0100][2237.700s] GC(35) Eden regions: 218->0(299)
[2024-01-11T13:06:59.078+0100][2237.700s] GC(35) Survivor regions: 7->8(39)
[2024-01-11T13:06:59.078+0100][2237.700s] GC(35) Old regions: 56->56
[2024-01-11T13:06:59.078+0100][2237.700s] GC(35) Archive regions: 0->0
[2024-01-11T13:06:59.078+0100][2237.700s] GC(35) Humongous regions: 4->4
[2024-01-11T13:06:59.078+0100][2237.700s] GC(35) Metaspace: 61240K(61824K)->61240K(61824K) NonClass: 54314K(54528K)->54314K(54528K) Class: 6926K(7296K)->6926K(7296K)
[2024-01-11T13:06:59.078+0100][2237.700s] GC(35) Pause Young (Concurrent Start) (CodeCache GC Threshold) 284M->67M(512M) 2.322ms
[2024-01-11T13:06:59.078+0100][2237.701s] GC(36) Concurrent Mark Cycle
[2024-01-11T13:06:59.078+0100][2237.701s] GC(35) User=0.05s Sys=0.05s Real=0.00s
[2024-01-11T13:06:59.078+0100][2237.701s] GC(36) Concurrent Clear Claimed Marks
[2024-01-11T13:06:59.078+0100][2237.701s] GC(36) Concurrent Clear Claimed Marks 0.059ms
[2024-01-11T13:06:59.078+0100][2237.701s] GC(36) Concurrent Scan Root Regions
[2024-01-11T13:06:59.079+0100][2237.701s] GC(36) Concurrent Scan Root Regions 0.850ms
[2024-01-11T13:06:59.079+0100][2237.701s] GC(36) Concurrent Mark
[2024-01-11T13:06:59.079+0100][2237.701s] GC(36) Concurrent Mark From Roots
[2024-01-11T13:06:59.079+0100][2237.702s] GC(36) Using 3 workers of 3 for marking
[2024-01-11T13:06:59.107+0100][2237.729s] GC(36) Concurrent Mark From Roots 27.572ms
[2024-01-11T13:06:59.107+0100][2237.729s] GC(36) Concurrent Preclean
[2024-01-11T13:06:59.107+0100][2237.729s] GC(36) Concurrent Preclean 0.166ms
[2024-01-11T13:06:59.107+0100][2237.729s] GC(36) Pause Remark
[2024-01-11T13:06:59.110+0100][2237.732s] GC(36) Pause Remark 72M->72M(512M) 2.720ms
[2024-01-11T13:06:59.110+0100][2237.732s] GC(36) User=0.16s Sys=0.00s Real=0.00s
[2024-01-11T13:06:59.110+0100][2237.732s] GC(36) Concurrent Mark 30.749ms
[2024-01-11T13:06:59.110+0100][2237.732s] GC(36) Concurrent Rebuild Remembered Sets
[2024-01-11T13:06:59.121+0100][2237.744s] GC(36) Concurrent Rebuild Remembered Sets 11.323ms
[2024-01-11T13:06:59.121+0100][2237.744s] GC(36) Pause Cleanup
[2024-01-11T13:06:59.122+0100][2237.744s] GC(36) Pause Cleanup 73M->73M(512M) 0.145ms
[2024-01-11T13:06:59.122+0100][2237.744s] GC(36) User=0.00s Sys=0.00s Real=0.00s
[2024-01-11T13:06:59.122+0100][2237.744s] GC(36) Concurrent Cleanup for Next Mark
[2024-01-11T13:06:59.122+0100][2237.745s] GC(36) Concurrent Cleanup for Next Mark 0.617ms
[2024-01-11T13:06:59.122+0100][2237.745s] GC(36) Concurrent Mark Cycle 44.025ms
[2024-01-11T13:06:59.142+0100][2237.764s] GC(37) Pause Young (Concurrent Start) (CodeCache GC Threshold)
[2024-01-11T13:06:59.142+0100][2237.764s] GC(37) Using 10 workers of 10 for evacuation
[2024-01-11T13:06:59.144+0100][2237.766s] GC(37)   Pre Evacuate Collection Set: 0.1ms
[2024-01-11T13:06:59.144+0100][2237.766s] GC(37)   Merge Heap Roots: 0.1ms
[2024-01-11T13:06:59.144+0100][2237.766s] GC(37)   Evacuate Collection Set: 1.1ms
[2024-01-11T13:06:59.144+0100][2237.766s] GC(37)   Post Evacuate Collection Set: 0.3ms
[2024-01-11T13:06:59.144+0100][2237.766s] GC(37)   Other: 0.1ms
[2024-01-11T13:06:59.144+0100][2237.766s] GC(37) Eden regions: 10->0(299)
[2024-01-11T13:06:59.144+0100][2237.766s] GC(37) Survivor regions: 8->8(39)
[2024-01-11T13:06:59.144+0100][2237.766s] GC(37) Old regions: 56->56
[2024-01-11T13:06:59.144+0100][2237.766s] GC(37) Archive regions: 0->0
[2024-01-11T13:06:59.144+0100][2237.766s] GC(37) Humongous regions: 4->4
[2024-01-11T13:06:59.144+0100][2237.766s] GC(37) Metaspace: 61241K(61824K)->61241K(61824K) NonClass: 54314K(54528K)->54314K(54528K) Class: 6926K(7296K)->6926K(7296K)
[2024-01-11T13:06:59.144+0100][2237.766s] GC(37) Pause Young (Concurrent Start) (CodeCache GC Threshold) 77M->67M(512M) 1.852ms
[2024-01-11T13:06:59.144+0100][2237.766s] GC(38) Concurrent Mark Cycle
[2024-01-11T13:06:59.144+0100][2237.766s] GC(37) User=0.00s Sys=0.00s Real=0.00s
[2024-01-11T13:06:59.144+0100][2237.766s] GC(38) Concurrent Clear Claimed Marks
[2024-01-11T13:06:59.144+0100][2237.766s] GC(38) Concurrent Clear Claimed Marks 0.064ms
[2024-01-11T13:06:59.144+0100][2237.766s] GC(38) Concurrent Scan Root Regions
[2024-01-11T13:06:59.145+0100][2237.767s] GC(38) Concurrent Scan Root Regions 0.820ms
[2024-01-11T13:06:59.145+0100][2237.767s] GC(38) Concurrent Mark
[2024-01-11T13:06:59.145+0100][2237.767s] GC(38) Concurrent Mark From Roots
[2024-01-11T13:06:59.145+0100][2237.767s] GC(38) Using 3 workers of 3 for marking
[2024-01-11T13:06:59.166+0100][2237.788s] GC(38) Concurrent Mark From Roots 20.785ms
[2024-01-11T13:06:59.166+0100][2237.788s] GC(38) Concurrent Preclean
[2024-01-11T13:06:59.166+0100][2237.788s] GC(38) Concurrent Preclean 0.135ms
[2024-01-11T13:06:59.166+0100][2237.788s] GC(38) Pause Remark
[2024-01-11T13:06:59.171+0100][2237.793s] GC(38) Pause Remark 70M->70M(512M) 4.935ms
[2024-01-11T13:06:59.171+0100][2237.793s] GC(38) User=0.00s Sys=0.00s Real=0.01s
[2024-01-11T13:06:59.171+0100][2237.793s] GC(38) Concurrent Mark 26.188ms
[2024-01-11T13:06:59.171+0100][2237.793s] GC(38) Concurrent Rebuild Remembered Sets
[2024-01-11T13:06:59.178+0100][2237.801s] GC(38) Concurrent Rebuild Remembered Sets 7.684ms
[2024-01-11T13:06:59.178+0100][2237.801s] GC(38) Pause Cleanup
[2024-01-11T13:06:59.179+0100][2237.801s] GC(38) Pause Cleanup 71M->71M(512M) 0.151ms
[2024-01-11T13:06:59.179+0100][2237.801s] GC(38) User=0.00s Sys=0.00s Real=0.00s
[2024-01-11T13:06:59.179+0100][2237.801s] GC(38) Concurrent Cleanup for Next Mark
[2024-01-11T13:06:59.179+0100][2237.802s] GC(38) Concurrent Cleanup for Next Mark 0.666ms
[2024-01-11T13:06:59.179+0100][2237.802s] GC(38) Concurrent Mark Cycle 35.901ms
[2024-01-11T13:06:59.438+0100][2238.060s] GC(39) Pause Young (Concurrent Start) (CodeCache GC Threshold)
[2024-01-11T13:06:59.438+0100][2238.060s] GC(39) Using 10 workers of 10 for evacuation
[2024-01-11T13:06:59.440+0100][2238.062s] GC(39)   Pre Evacuate Collection Set: 0.1ms
[2024-01-11T13:06:59.440+0100][2238.062s] GC(39)   Merge Heap Roots: 0.1ms
[2024-01-11T13:06:59.440+0100][2238.062s] GC(39)   Evacuate Collection Set: 1.2ms
[2024-01-11T13:06:59.440+0100][2238.062s] GC(39)   Post Evacuate Collection Set: 0.3ms
[2024-01-11T13:06:59.440+0100][2238.062s] GC(39)   Other: 0.1ms
[2024-01-11T13:06:59.440+0100][2238.062s] GC(39) Eden regions: 65->0(299)
[2024-01-11T13:06:59.440+0100][2238.062s] GC(39) Survivor regions: 8->8(39)
[2024-01-11T13:06:59.440+0100][2238.062s] GC(39) Old regions: 56->56
[2024-01-11T13:06:59.440+0100][2238.062s] GC(39) Archive regions: 0->0
[2024-01-11T13:06:59.440+0100][2238.062s] GC(39) Humongous regions: 4->4
[2024-01-11T13:06:59.440+0100][2238.062s] GC(39) Metaspace: 61268K(61888K)->61268K(61888K) NonClass: 54342K(54592K)->54342K(54592K) Class: 6926K(7296K)->6926K(7296K)
[2024-01-11T13:06:59.440+0100][2238.062s] GC(39) Pause Young (Concurrent Start) (CodeCache GC Threshold) 131M->67M(512M) 1.987ms
[2024-01-11T13:06:59.440+0100][2238.062s] GC(40) Concurrent Mark Cycle
[2024-01-11T13:06:59.440+0100][2238.062s] GC(39) User=0.00s Sys=0.00s Real=0.00s
[2024-01-11T13:06:59.440+0100][2238.062s] GC(40) Concurrent Clear Claimed Marks
[2024-01-11T13:06:59.440+0100][2238.062s] GC(40) Concurrent Clear Claimed Marks 0.041ms
[2024-01-11T13:06:59.440+0100][2238.062s] GC(40) Concurrent Scan Root Regions
[2024-01-11T13:06:59.441+0100][2238.063s] GC(40) Concurrent Scan Root Regions 0.767ms
[2024-01-11T13:06:59.441+0100][2238.063s] GC(40) Concurrent Mark
[2024-01-11T13:06:59.441+0100][2238.063s] GC(40) Concurrent Mark From Roots
[2024-01-11T13:06:59.441+0100][2238.063s] GC(40) Using 3 workers of 3 for marking
[2024-01-11T13:06:59.459+0100][2238.082s] GC(40) Concurrent Mark From Roots 18.510ms
[2024-01-11T13:06:59.459+0100][2238.082s] GC(40) Concurrent Preclean
[2024-01-11T13:06:59.459+0100][2238.082s] GC(40) Concurrent Preclean 0.118ms
[2024-01-11T13:06:59.460+0100][2238.082s] GC(40) Pause Remark
[2024-01-11T13:06:59.465+0100][2238.088s] GC(40) Pause Remark 71M->71M(512M) 5.523ms
[2024-01-11T13:06:59.465+0100][2238.088s] GC(40) User=0.00s Sys=0.00s Real=0.00s
[2024-01-11T13:06:59.465+0100][2238.088s] GC(40) Concurrent Mark 24.452ms
[2024-01-11T13:06:59.465+0100][2238.088s] GC(40) Concurrent Rebuild Remembered Sets
[2024-01-11T13:06:59.473+0100][2238.095s] GC(40) Concurrent Rebuild Remembered Sets 7.641ms
[2024-01-11T13:06:59.473+0100][2238.095s] GC(40) Pause Cleanup
[2024-01-11T13:06:59.473+0100][2238.096s] GC(40) Pause Cleanup 72M->72M(512M) 0.132ms
[2024-01-11T13:06:59.473+0100][2238.096s] GC(40) User=0.00s Sys=0.00s Real=0.00s
[2024-01-11T13:06:59.473+0100][2238.096s] GC(40) Concurrent Cleanup for Next Mark
[2024-01-11T13:06:59.474+0100][2238.096s] GC(40) Concurrent Cleanup for Next Mark 0.593ms
[2024-01-11T13:06:59.474+0100][2238.096s] GC(40) Concurrent Mark Cycle 33.963ms
[2024-01-11T13:07:00.862+0100][2239.484s] GC(41) Pause Young (Prepare Mixed) (G1 Evacuation Pause)
[2024-01-11T13:07:00.862+0100][2239.484s] GC(41) Using 10 workers of 10 for evacuation
[2024-01-11T13:07:00.865+0100][2239.487s] GC(41)   Pre Evacuate Collection Set: 0.1ms
[2024-01-11T13:07:00.865+0100][2239.487s] GC(41)   Merge Heap Roots: 0.1ms
[2024-01-11T13:07:00.865+0100][2239.487s] GC(41)   Evacuate Collection Set: 1.8ms
[2024-01-11T13:07:00.865+0100][2239.487s] GC(41)   Post Evacuate Collection Set: 0.5ms
[2024-01-11T13:07:00.865+0100][2239.487s] GC(41)   Other: 0.1ms
[2024-01-11T13:07:00.865+0100][2239.487s] GC(41) Eden regions: 299->0(15)
[2024-01-11T13:07:00.865+0100][2239.487s] GC(41) Survivor regions: 8->10(39)
[2024-01-11T13:07:00.865+0100][2239.487s] GC(41) Old regions: 56->56
[2024-01-11T13:07:00.865+0100][2239.487s] GC(41) Archive regions: 0->0
[2024-01-11T13:07:00.865+0100][2239.487s] GC(41) Humongous regions: 4->4
[2024-01-11T13:07:00.865+0100][2239.487s] GC(41) Metaspace: 61353K(61952K)->61353K(61952K) NonClass: 54427K(54656K)->54427K(54656K) Class: 6926K(7296K)->6926K(7296K)
[2024-01-11T13:07:00.865+0100][2239.487s] GC(41) Pause Young (Prepare Mixed) (G1 Evacuation Pause) 366M->69M(512M) 2.967ms
[2024-01-11T13:07:00.865+0100][2239.487s] GC(41) User=0.00s Sys=0.00s Real=0.00s
[2024-01-11T13:07:00.968+0100][2239.590s] GC(42) Pause Young (Mixed) (G1 Evacuation Pause)
[2024-01-11T13:07:00.968+0100][2239.590s] GC(42) Using 10 workers of 10 for evacuation
[2024-01-11T13:07:00.971+0100][2239.593s] GC(42)   Pre Evacuate Collection Set: 0.1ms
[2024-01-11T13:07:00.971+0100][2239.593s] GC(42)   Merge Heap Roots: 0.1ms
[2024-01-11T13:07:00.971+0100][2239.593s] GC(42)   Evacuate Collection Set: 2.7ms
[2024-01-11T13:07:00.971+0100][2239.593s] GC(42)   Post Evacuate Collection Set: 0.4ms
[2024-01-11T13:07:00.971+0100][2239.593s] GC(42)   Other: 0.1ms
[2024-01-11T13:07:00.971+0100][2239.593s] GC(42) Eden regions: 15->0(306)
[2024-01-11T13:07:00.971+0100][2239.593s] GC(42) Survivor regions: 10->1(4)
[2024-01-11T13:07:00.971+0100][2239.593s] GC(42) Old regions: 56->65
[2024-01-11T13:07:00.971+0100][2239.593s] GC(42) Archive regions: 0->0
[2024-01-11T13:07:00.971+0100][2239.593s] GC(42) Humongous regions: 4->4
[2024-01-11T13:07:00.971+0100][2239.593s] GC(42) Metaspace: 61353K(61952K)->61353K(61952K) NonClass: 54427K(54656K)->54427K(54656K) Class: 6926K(7296K)->6926K(7296K)
[2024-01-11T13:07:00.971+0100][2239.593s] GC(42) Pause Young (Mixed) (G1 Evacuation Pause) 84M->69M(512M) 3.529ms
[2024-01-11T13:07:00.971+0100][2239.593s] GC(42) User=0.14s Sys=0.03s Real=0.00s
[2024-01-11T13:07:02.408+0100][2241.030s] GC(43) Pause Young (Normal) (G1 Evacuation Pause)
[2024-01-11T13:07:02.408+0100][2241.030s] GC(43) Using 10 workers of 10 for evacuation
[2024-01-11T13:07:02.409+0100][2241.032s] GC(43)   Pre Evacuate Collection Set: 0.1ms
[2024-01-11T13:07:02.409+0100][2241.032s] GC(43)   Merge Heap Roots: 0.1ms
[2024-01-11T13:07:02.409+0100][2241.032s] GC(43)   Evacuate Collection Set: 0.5ms
[2024-01-11T13:07:02.409+0100][2241.032s] GC(43)   Post Evacuate Collection Set: 0.6ms
[2024-01-11T13:07:02.409+0100][2241.032s] GC(43)   Other: 0.1ms
[2024-01-11T13:07:02.409+0100][2241.032s] GC(43) Eden regions: 306->0(303)
[2024-01-11T13:07:02.409+0100][2241.032s] GC(43) Survivor regions: 1->4(39)
[2024-01-11T13:07:02.409+0100][2241.032s] GC(43) Old regions: 65->65
[2024-01-11T13:07:02.409+0100][2241.032s] GC(43) Archive regions: 0->0
[2024-01-11T13:07:02.409+0100][2241.032s] GC(43) Humongous regions: 4->4
[2024-01-11T13:07:02.409+0100][2241.032s] GC(43) Metaspace: 61364K(61952K)->61364K(61952K) NonClass: 54438K(54656K)->54438K(54656K) Class: 6926K(7296K)->6926K(7296K)
[2024-01-11T13:07:02.409+0100][2241.032s] GC(43) Pause Young (Normal) (G1 Evacuation Pause) 375M->71M(512M) 1.620ms
[2024-01-11T13:07:02.409+0100][2241.032s] GC(43) User=0.00s Sys=0.00s Real=0.00s
[2024-01-11T13:07:03.802+0100][2242.424s] GC(44) Pause Young (Normal) (G1 Evacuation Pause)
[2024-01-11T13:07:03.802+0100][2242.424s] GC(44) Using 10 workers of 10 for evacuation
[2024-01-11T13:07:03.803+0100][2242.425s] GC(44)   Pre Evacuate Collection Set: 0.1ms
[2024-01-11T13:07:03.803+0100][2242.425s] GC(44)   Merge Heap Roots: 0.1ms
[2024-01-11T13:07:03.803+0100][2242.425s] GC(44)   Evacuate Collection Set: 0.7ms
[2024-01-11T13:07:03.803+0100][2242.425s] GC(44)   Post Evacuate Collection Set: 0.4ms
[2024-01-11T13:07:03.803+0100][2242.426s] GC(44)   Other: 0.1ms
[2024-01-11T13:07:03.803+0100][2242.426s] GC(44) Eden regions: 303->0(302)
[2024-01-11T13:07:03.803+0100][2242.426s] GC(44) Survivor regions: 4->5(39)
[2024-01-11T13:07:03.803+0100][2242.426s] GC(44) Old regions: 65->65
[2024-01-11T13:07:03.803+0100][2242.426s] GC(44) Archive regions: 0->0
[2024-01-11T13:07:03.803+0100][2242.426s] GC(44) Humongous regions: 4->4
[2024-01-11T13:07:03.803+0100][2242.426s] GC(44) Metaspace: 61409K(62016K)->61409K(62016K) NonClass: 54482K(54720K)->54482K(54720K) Class: 6926K(7296K)->6926K(7296K)
[2024-01-11T13:07:03.803+0100][2242.426s] GC(44) Pause Young (Normal) (G1 Evacuation Pause) 374M->73M(512M) 1.533ms
[2024-01-11T13:07:03.803+0100][2242.426s] GC(44) User=0.00s Sys=0.00s Real=0.00s
[2024-01-11T13:07:05.143+0100][2243.764s] GC(45) Pause Young (Normal) (G1 Evacuation Pause)
[2024-01-11T13:07:05.143+0100][2243.764s] GC(45) Using 10 workers of 10 for evacuation
[2024-01-11T13:07:05.144+0100][2243.766s] GC(45)   Pre Evacuate Collection Set: 0.1ms
[2024-01-11T13:07:05.144+0100][2243.766s] GC(45)   Merge Heap Roots: 0.2ms
[2024-01-11T13:07:05.144+0100][2243.766s] GC(45)   Evacuate Collection Set: 0.9ms
[2024-01-11T13:07:05.144+0100][2243.766s] GC(45)   Post Evacuate Collection Set: 0.5ms
[2024-01-11T13:07:05.144+0100][2243.766s] GC(45)   Other: 0.1ms
[2024-01-11T13:07:05.144+0100][2243.766s] GC(45) Eden regions: 302->0(300)
[2024-01-11T13:07:05.144+0100][2243.766s] GC(45) Survivor regions: 5->7(39)
[2024-01-11T13:07:05.144+0100][2243.766s] GC(45) Old regions: 65->65
[2024-01-11T13:07:05.144+0100][2243.766s] GC(45) Archive regions: 0->0
[2024-01-11T13:07:05.144+0100][2243.766s] GC(45) Humongous regions: 4->4
[2024-01-11T13:07:05.144+0100][2243.766s] GC(45) Metaspace: 61413K(62016K)->61413K(62016K) NonClass: 54486K(54720K)->54486K(54720K) Class: 6926K(7296K)->6926K(7296K)
[2024-01-11T13:07:05.144+0100][2243.766s] GC(45) Pause Young (Normal) (G1 Evacuation Pause) 375M->74M(512M) 1.905ms
[2024-01-11T13:07:05.145+0100][2243.766s] GC(45) User=0.00s Sys=0.00s Real=0.00s
[2024-01-11T13:07:06.567+0100][2245.189s] GC(46) Pause Young (Normal) (G1 Evacuation Pause)
[2024-01-11T13:07:06.567+0100][2245.189s] GC(46) Using 10 workers of 10 for evacuation
[2024-01-11T13:07:06.569+0100][2245.191s] GC(46)   Pre Evacuate Collection Set: 0.1ms
[2024-01-11T13:07:06.569+0100][2245.191s] GC(46)   Merge Heap Roots: 0.1ms
[2024-01-11T13:07:06.569+0100][2245.191s] GC(46)   Evacuate Collection Set: 1.2ms
[2024-01-11T13:07:06.569+0100][2245.191s] GC(46)   Post Evacuate Collection Set: 0.4ms
[2024-01-11T13:07:06.569+0100][2245.191s] GC(46)   Other: 0.1ms
[2024-01-11T13:07:06.569+0100][2245.191s] GC(46) Eden regions: 300->0(298)
[2024-01-11T13:07:06.569+0100][2245.191s] GC(46) Survivor regions: 7->9(39)
[2024-01-11T13:07:06.569+0100][2245.191s] GC(46) Old regions: 65->65
[2024-01-11T13:07:06.569+0100][2245.191s] GC(46) Archive regions: 0->0
[2024-01-11T13:07:06.569+0100][2245.191s] GC(46) Humongous regions: 4->4
[2024-01-11T13:07:06.569+0100][2245.191s] GC(46) Metaspace: 61627K(62272K)->61627K(62272K) NonClass: 54701K(54976K)->54701K(54976K) Class: 6926K(7296K)->6926K(7296K)
[2024-01-11T13:07:06.569+0100][2245.191s] GC(46) Pause Young (Normal) (G1 Evacuation Pause) 374M->76M(512M) 2.074ms
[2024-01-11T13:07:06.569+0100][2245.191s] GC(46) User=0.00s Sys=0.00s Real=0.00s
[2024-01-11T13:07:08.010+0100][2246.632s] GC(47) Pause Young (Normal) (G1 Evacuation Pause)
[2024-01-11T13:07:08.010+0100][2246.632s] GC(47) Using 10 workers of 10 for evacuation
[2024-01-11T13:07:08.012+0100][2246.634s] GC(47)   Pre Evacuate Collection Set: 0.1ms
[2024-01-11T13:07:08.012+0100][2246.634s] GC(47)   Merge Heap Roots: 0.1ms
[2024-01-11T13:07:08.012+0100][2246.634s] GC(47)   Evacuate Collection Set: 1.2ms
[2024-01-11T13:07:08.012+0100][2246.634s] GC(47)   Post Evacuate Collection Set: 0.4ms
[2024-01-11T13:07:08.012+0100][2246.634s] GC(47)   Other: 0.1ms
[2024-01-11T13:07:08.012+0100][2246.634s] GC(47) Eden regions: 298->0(297)
[2024-01-11T13:07:08.012+0100][2246.634s] GC(47) Survivor regions: 9->10(39)
[2024-01-11T13:07:08.012+0100][2246.634s] GC(47) Old regions: 65->65
[2024-01-11T13:07:08.012+0100][2246.634s] GC(47) Archive regions: 0->0
[2024-01-11T13:07:08.012+0100][2246.634s] GC(47) Humongous regions: 4->4
[2024-01-11T13:07:08.012+0100][2246.634s] GC(47) Metaspace: 61639K(62272K)->61639K(62272K) NonClass: 54712K(54976K)->54712K(54976K) Class: 6926K(7296K)->6926K(7296K)
[2024-01-11T13:07:08.012+0100][2246.634s] GC(47) Pause Young (Normal) (G1 Evacuation Pause) 374M->77M(512M) 2.030ms
[2024-01-11T13:07:08.012+0100][2246.634s] GC(47) User=0.00s Sys=0.00s Real=0.00s
[2024-01-11T13:07:09.341+0100][2247.963s] GC(48) Pause Young (Normal) (G1 Evacuation Pause)
[2024-01-11T13:07:09.341+0100][2247.963s] GC(48) Using 10 workers of 10 for evacuation
[2024-01-11T13:07:09.343+0100][2247.965s] GC(48)   Pre Evacuate Collection Set: 0.1ms
[2024-01-11T13:07:09.343+0100][2247.965s] GC(48)   Merge Heap Roots: 0.1ms
[2024-01-11T13:07:09.343+0100][2247.965s] GC(48)   Evacuate Collection Set: 1.6ms
[2024-01-11T13:07:09.343+0100][2247.965s] GC(48)   Post Evacuate Collection Set: 0.5ms
[2024-01-11T13:07:09.343+0100][2247.965s] GC(48)   Other: 0.1ms
[2024-01-11T13:07:09.343+0100][2247.965s] GC(48) Eden regions: 297->0(295)
[2024-01-11T13:07:09.343+0100][2247.965s] GC(48) Survivor regions: 10->12(39)
[2024-01-11T13:07:09.343+0100][2247.965s] GC(48) Old regions: 65->65
[2024-01-11T13:07:09.343+0100][2247.965s] GC(48) Archive regions: 0->0
[2024-01-11T13:07:09.343+0100][2247.965s] GC(48) Humongous regions: 4->4
[2024-01-11T13:07:09.343+0100][2247.965s] GC(48) Metaspace: 61649K(62272K)->61649K(62272K) NonClass: 54722K(54976K)->54722K(54976K) Class: 6927K(7296K)->6927K(7296K)
[2024-01-11T13:07:09.343+0100][2247.965s] GC(48) Pause Young (Normal) (G1 Evacuation Pause) 374M->79M(512M) 2.559ms
[2024-01-11T13:07:09.343+0100][2247.965s] GC(48) User=0.00s Sys=0.00s Real=0.00s
[2024-01-11T13:07:10.683+0100][2249.305s] GC(49) Pause Young (Normal) (G1 Evacuation Pause)
[2024-01-11T13:07:10.683+0100][2249.305s] GC(49) Using 10 workers of 10 for evacuation
[2024-01-11T13:07:10.685+0100][2249.308s] GC(49)   Pre Evacuate Collection Set: 0.1ms
[2024-01-11T13:07:10.685+0100][2249.308s] GC(49)   Merge Heap Roots: 0.1ms
[2024-01-11T13:07:10.685+0100][2249.308s] GC(49)   Evacuate Collection Set: 1.7ms
[2024-01-11T13:07:10.685+0100][2249.308s] GC(49)   Post Evacuate Collection Set: 0.5ms
[2024-01-11T13:07:10.685+0100][2249.308s] GC(49)   Other: 0.1ms
[2024-01-11T13:07:10.685+0100][2249.308s] GC(49) Eden regions: 295->0(294)
[2024-01-11T13:07:10.685+0100][2249.308s] GC(49) Survivor regions: 12->13(39)
[2024-01-11T13:07:10.685+0100][2249.308s] GC(49) Old regions: 65->65
[2024-01-11T13:07:10.685+0100][2249.308s] GC(49) Archive regions: 0->0
[2024-01-11T13:07:10.685+0100][2249.308s] GC(49) Humongous regions: 4->4
[2024-01-11T13:07:10.685+0100][2249.308s] GC(49) Metaspace: 61649K(62272K)->61649K(62272K) NonClass: 54722K(54976K)->54722K(54976K) Class: 6927K(7296K)->6927K(7296K)
[2024-01-11T13:07:10.685+0100][2249.308s] GC(49) Pause Young (Normal) (G1 Evacuation Pause) 374M->81M(512M) 2.721ms
[2024-01-11T13:07:10.685+0100][2249.308s] GC(49) User=0.00s Sys=0.00s Real=0.00s
[2024-01-11T13:07:11.991+0100][2250.613s] GC(50) Pause Young (Normal) (G1 Evacuation Pause)
[2024-01-11T13:07:11.991+0100][2250.613s] GC(50) Using 10 workers of 10 for evacuation
[2024-01-11T13:07:11.994+0100][2250.616s] GC(50)   Pre Evacuate Collection Set: 0.1ms
[2024-01-11T13:07:11.994+0100][2250.616s] GC(50)   Merge Heap Roots: 0.2ms
[2024-01-11T13:07:11.994+0100][2250.616s] GC(50)   Evacuate Collection Set: 1.9ms
[2024-01-11T13:07:11.994+0100][2250.616s] GC(50)   Post Evacuate Collection Set: 0.5ms
[2024-01-11T13:07:11.994+0100][2250.616s] GC(50)   Other: 0.1ms
[2024-01-11T13:07:11.994+0100][2250.616s] GC(50) Eden regions: 294->0(292)
[2024-01-11T13:07:11.994+0100][2250.616s] GC(50) Survivor regions: 13->15(39)
[2024-01-11T13:07:11.994+0100][2250.616s] GC(50) Old regions: 65->65
[2024-01-11T13:07:11.994+0100][2250.616s] GC(50) Archive regions: 0->0
[2024-01-11T13:07:11.994+0100][2250.616s] GC(50) Humongous regions: 4->4
[2024-01-11T13:07:11.994+0100][2250.616s] GC(50) Metaspace: 61669K(62272K)->61669K(62272K) NonClass: 54742K(54976K)->54742K(54976K) Class: 6927K(7296K)->6927K(7296K)
[2024-01-11T13:07:11.994+0100][2250.616s] GC(50) Pause Young (Normal) (G1 Evacuation Pause) 375M->83M(512M) 2.897ms
[2024-01-11T13:07:11.994+0100][2250.616s] GC(50) User=0.00s Sys=0.00s Real=0.00s
[2024-01-11T13:07:13.291+0100][2251.914s] GC(51) Pause Young (Normal) (G1 Evacuation Pause)
[2024-01-11T13:07:13.291+0100][2251.914s] GC(51) Using 10 workers of 10 for evacuation
[2024-01-11T13:07:13.295+0100][2251.917s] GC(51)   Pre Evacuate Collection Set: 0.1ms
[2024-01-11T13:07:13.295+0100][2251.917s] GC(51)   Merge Heap Roots: 0.1ms
[2024-01-11T13:07:13.295+0100][2251.917s] GC(51)   Evacuate Collection Set: 2.4ms
[2024-01-11T13:07:13.295+0100][2251.917s] GC(51)   Post Evacuate Collection Set: 0.5ms
[2024-01-11T13:07:13.295+0100][2251.917s] GC(51)   Other: 0.1ms
[2024-01-11T13:07:13.295+0100][2251.917s] GC(51) Eden regions: 292->0(290)
[2024-01-11T13:07:13.295+0100][2251.917s] GC(51) Survivor regions: 15->17(39)
[2024-01-11T13:07:13.295+0100][2251.917s] GC(51) Old regions: 65->65
[2024-01-11T13:07:13.295+0100][2251.917s] GC(51) Archive regions: 0->0
[2024-01-11T13:07:13.295+0100][2251.917s] GC(51) Humongous regions: 4->4
[2024-01-11T13:07:13.295+0100][2251.917s] GC(51) Metaspace: 61675K(62272K)->61675K(62272K) NonClass: 54748K(54976K)->54748K(54976K) Class: 6927K(7296K)->6927K(7296K)
[2024-01-11T13:07:13.295+0100][2251.918s] GC(51) Pause Young (Normal) (G1 Evacuation Pause) 375M->85M(512M) 3.397ms
[2024-01-11T13:07:13.295+0100][2251.918s] GC(51) User=0.00s Sys=0.00s Real=0.00s
[2024-01-11T13:07:14.684+0100][2253.306s] GC(52) Pause Young (Normal) (G1 Evacuation Pause)
[2024-01-11T13:07:14.684+0100][2253.306s] GC(52) Using 10 workers of 10 for evacuation
[2024-01-11T13:07:14.690+0100][2253.312s] GC(52)   Pre Evacuate Collection Set: 0.2ms
[2024-01-11T13:07:14.690+0100][2253.312s] GC(52)   Merge Heap Roots: 0.2ms
[2024-01-11T13:07:14.690+0100][2253.312s] GC(52)   Evacuate Collection Set: 4.5ms
[2024-01-11T13:07:14.690+0100][2253.312s] GC(52)   Post Evacuate Collection Set: 1.1ms
[2024-01-11T13:07:14.690+0100][2253.312s] GC(52)   Other: 0.2ms
[2024-01-11T13:07:14.690+0100][2253.312s] GC(52) Eden regions: 290->0(288)
[2024-01-11T13:07:14.690+0100][2253.312s] GC(52) Survivor regions: 17->19(39)
[2024-01-11T13:07:14.690+0100][2253.312s] GC(52) Old regions: 65->65
[2024-01-11T13:07:14.690+0100][2253.312s] GC(52) Archive regions: 0->0
[2024-01-11T13:07:14.690+0100][2253.312s] GC(52) Humongous regions: 4->4
[2024-01-11T13:07:14.690+0100][2253.312s] GC(52) Metaspace: 61681K(62272K)->61681K(62272K) NonClass: 54753K(54976K)->54753K(54976K) Class: 6927K(7296K)->6927K(7296K)
[2024-01-11T13:07:14.690+0100][2253.313s] GC(52) Pause Young (Normal) (G1 Evacuation Pause) 375M->86M(512M) 6.834ms
[2024-01-11T13:07:14.690+0100][2253.313s] GC(52) User=0.16s Sys=0.00s Real=0.01s
[2024-01-11T13:07:16.080+0100][2254.703s] GC(53) Pause Young (Normal) (G1 Evacuation Pause)
[2024-01-11T13:07:16.080+0100][2254.703s] GC(53) Using 10 workers of 10 for evacuation
[2024-01-11T13:07:16.083+0100][2254.706s] GC(53)   Pre Evacuate Collection Set: 0.1ms
[2024-01-11T13:07:16.084+0100][2254.706s] GC(53)   Merge Heap Roots: 0.1ms
[2024-01-11T13:07:16.084+0100][2254.706s] GC(53)   Evacuate Collection Set: 2.9ms
[2024-01-11T13:07:16.084+0100][2254.706s] GC(53)   Post Evacuate Collection Set: 0.5ms
[2024-01-11T13:07:16.084+0100][2254.706s] GC(53)   Other: 0.1ms
[2024-01-11T13:07:16.084+0100][2254.706s] GC(53) Eden regions: 288->0(287)
[2024-01-11T13:07:16.084+0100][2254.706s] GC(53) Survivor regions: 19->20(39)
[2024-01-11T13:07:16.084+0100][2254.706s] GC(53) Old regions: 65->65
[2024-01-11T13:07:16.084+0100][2254.706s] GC(53) Archive regions: 0->0
[2024-01-11T13:07:16.084+0100][2254.706s] GC(53) Humongous regions: 4->4
[2024-01-11T13:07:16.084+0100][2254.706s] GC(53) Metaspace: 61681K(62272K)->61681K(62272K) NonClass: 54754K(54976K)->54754K(54976K) Class: 6927K(7296K)->6927K(7296K)
[2024-01-11T13:07:16.084+0100][2254.706s] GC(53) Pause Young (Normal) (G1 Evacuation Pause) 374M->87M(512M) 3.853ms
[2024-01-11T13:07:16.084+0100][2254.706s] GC(53) User=0.00s Sys=0.00s Real=0.00s
[2024-01-11T13:07:17.294+0100][2255.916s] GC(54) Pause Young (Concurrent Start) (CodeCache GC Threshold)
[2024-01-11T13:07:17.294+0100][2255.916s] GC(54) Using 10 workers of 10 for evacuation
[2024-01-11T13:07:17.298+0100][2255.920s] GC(54)   Pre Evacuate Collection Set: 0.1ms
[2024-01-11T13:07:17.298+0100][2255.920s] GC(54)   Merge Heap Roots: 0.1ms
[2024-01-11T13:07:17.298+0100][2255.920s] GC(54)   Evacuate Collection Set: 3.0ms
[2024-01-11T13:07:17.298+0100][2255.920s] GC(54)   Post Evacuate Collection Set: 0.4ms
[2024-01-11T13:07:17.298+0100][2255.920s] GC(54)   Other: 0.1ms
[2024-01-11T13:07:17.298+0100][2255.920s] GC(54) Eden regions: 265->0(286)
[2024-01-11T13:07:17.298+0100][2255.920s] GC(54) Survivor regions: 20->21(39)
[2024-01-11T13:07:17.298+0100][2255.920s] GC(54) Old regions: 65->65
[2024-01-11T13:07:17.298+0100][2255.920s] GC(54) Archive regions: 0->0
[2024-01-11T13:07:17.298+0100][2255.920s] GC(54) Humongous regions: 4->4
[2024-01-11T13:07:17.298+0100][2255.920s] GC(54) Metaspace: 61688K(62336K)->61688K(62336K) NonClass: 54761K(55040K)->54761K(55040K) Class: 6927K(7296K)->6927K(7296K)
[2024-01-11T13:07:17.298+0100][2255.920s] GC(54) Pause Young (Concurrent Start) (CodeCache GC Threshold) 352M->88M(512M) 3.943ms
[2024-01-11T13:07:17.298+0100][2255.920s] GC(54) User=0.16s Sys=0.00s Real=0.00s
[2024-01-11T13:07:17.298+0100][2255.920s] GC(55) Concurrent Mark Cycle
[2024-01-11T13:07:17.298+0100][2255.920s] GC(55) Concurrent Clear Claimed Marks
[2024-01-11T13:07:17.298+0100][2255.920s] GC(55) Concurrent Clear Claimed Marks 0.053ms
[2024-01-11T13:07:17.298+0100][2255.920s] GC(55) Concurrent Scan Root Regions
[2024-01-11T13:07:17.299+0100][2255.921s] GC(55) Concurrent Scan Root Regions 0.930ms
[2024-01-11T13:07:17.299+0100][2255.921s] GC(55) Concurrent Mark
[2024-01-11T13:07:17.299+0100][2255.921s] GC(55) Concurrent Mark From Roots
[2024-01-11T13:07:17.299+0100][2255.921s] GC(55) Using 3 workers of 3 for marking
[2024-01-11T13:07:17.325+0100][2255.947s] GC(55) Concurrent Mark From Roots 25.314ms
[2024-01-11T13:07:17.325+0100][2255.947s] GC(55) Concurrent Preclean
[2024-01-11T13:07:17.325+0100][2255.947s] GC(55) Concurrent Preclean 0.139ms
[2024-01-11T13:07:17.325+0100][2255.947s] GC(55) Pause Remark
[2024-01-11T13:07:17.332+0100][2255.953s] GC(55) Pause Remark 93M->93M(512M) 6.421ms
[2024-01-11T13:07:17.332+0100][2255.953s] GC(55) User=0.16s Sys=0.00s Real=0.01s
[2024-01-11T13:07:17.332+0100][2255.954s] GC(55) Concurrent Mark 32.186ms
[2024-01-11T13:07:17.332+0100][2255.954s] GC(55) Concurrent Rebuild Remembered Sets
[2024-01-11T13:07:17.341+0100][2255.963s] GC(55) Concurrent Rebuild Remembered Sets 9.637ms
[2024-01-11T13:07:17.341+0100][2255.963s] GC(55) Pause Cleanup
[2024-01-11T13:07:17.342+0100][2255.963s] GC(55) Pause Cleanup 95M->95M(512M) 0.122ms
[2024-01-11T13:07:17.342+0100][2255.964s] GC(55) User=0.00s Sys=0.00s Real=0.00s
[2024-01-11T13:07:17.342+0100][2255.964s] GC(55) Concurrent Cleanup for Next Mark
[2024-01-11T13:07:17.342+0100][2255.964s] GC(55) Concurrent Cleanup for Next Mark 0.676ms
[2024-01-11T13:07:17.342+0100][2255.964s] GC(55) Concurrent Mark Cycle 43.976ms
[2024-01-11T13:07:18.685+0100][2257.307s] GC(56) Pause Young (Prepare Mixed) (G1 Evacuation Pause)
[2024-01-11T13:07:18.685+0100][2257.307s] GC(56) Using 10 workers of 10 for evacuation
[2024-01-11T13:07:18.689+0100][2257.311s] GC(56)   Pre Evacuate Collection Set: 0.1ms
[2024-01-11T13:07:18.689+0100][2257.312s] GC(56)   Merge Heap Roots: 0.1ms
[2024-01-11T13:07:18.689+0100][2257.312s] GC(56)   Evacuate Collection Set: 3.4ms
[2024-01-11T13:07:18.689+0100][2257.312s] GC(56)   Post Evacuate Collection Set: 0.6ms
[2024-01-11T13:07:18.689+0100][2257.312s] GC(56)   Other: 0.1ms
[2024-01-11T13:07:18.689+0100][2257.312s] GC(56) Eden regions: 286->0(4)
[2024-01-11T13:07:18.690+0100][2257.312s] GC(56) Survivor regions: 21->21(39)
[2024-01-11T13:07:18.690+0100][2257.312s] GC(56) Old regions: 65->67
[2024-01-11T13:07:18.690+0100][2257.312s] GC(56) Archive regions: 0->0
[2024-01-11T13:07:18.690+0100][2257.312s] GC(56) Humongous regions: 4->4
[2024-01-11T13:07:18.690+0100][2257.312s] GC(56) Metaspace: 61717K(62336K)->61717K(62336K) NonClass: 54789K(55040K)->54789K(55040K) Class: 6928K(7296K)->6928K(7296K)
[2024-01-11T13:07:18.690+0100][2257.312s] GC(56) Pause Young (Prepare Mixed) (G1 Evacuation Pause) 374M->90M(512M) 4.461ms
[2024-01-11T13:07:18.690+0100][2257.312s] GC(56) User=0.16s Sys=0.00s Real=0.01s
[2024-01-11T13:07:18.711+0100][2257.333s] GC(57) Pause Young (Mixed) (G1 Evacuation Pause)
[2024-01-11T13:07:18.711+0100][2257.333s] GC(57) Using 10 workers of 10 for evacuation
[2024-01-11T13:07:18.717+0100][2257.339s] GC(57)   Pre Evacuate Collection Set: 0.1ms
[2024-01-11T13:07:18.717+0100][2257.339s] GC(57)   Merge Heap Roots: 0.0ms
[2024-01-11T13:07:18.717+0100][2257.339s] GC(57)   Evacuate Collection Set: 5.2ms
[2024-01-11T13:07:18.717+0100][2257.339s] GC(57)   Post Evacuate Collection Set: 0.5ms
[2024-01-11T13:07:18.717+0100][2257.339s] GC(57)   Other: 0.1ms
[2024-01-11T13:07:18.717+0100][2257.339s] GC(57) Eden regions: 4->0(305)
[2024-01-11T13:07:18.717+0100][2257.339s] GC(57) Survivor regions: 21->2(4)
[2024-01-11T13:07:18.717+0100][2257.339s] GC(57) Old regions: 67->86
[2024-01-11T13:07:18.717+0100][2257.339s] GC(57) Archive regions: 0->0
[2024-01-11T13:07:18.717+0100][2257.339s] GC(57) Humongous regions: 4->4
[2024-01-11T13:07:18.717+0100][2257.339s] GC(57) Metaspace: 61717K(62336K)->61717K(62336K) NonClass: 54789K(55040K)->54789K(55040K) Class: 6928K(7296K)->6928K(7296K)
[2024-01-11T13:07:18.717+0100][2257.339s] GC(57) Pause Young (Mixed) (G1 Evacuation Pause) 94M->91M(512M) 6.122ms
[2024-01-11T13:07:18.717+0100][2257.339s] GC(57) User=0.00s Sys=0.00s Real=0.01s
[2024-01-11T13:07:20.000+0100][2258.622s] GC(58) Pause Young (Normal) (G1 Evacuation Pause)
[2024-01-11T13:07:20.000+0100][2258.622s] GC(58) Using 10 workers of 10 for evacuation
[2024-01-11T13:07:20.001+0100][2258.623s] GC(58)   Pre Evacuate Collection Set: 0.1ms
[2024-01-11T13:07:20.001+0100][2258.623s] GC(58)   Merge Heap Roots: 0.1ms
[2024-01-11T13:07:20.001+0100][2258.623s] GC(58)   Evacuate Collection Set: 0.6ms
[2024-01-11T13:07:20.001+0100][2258.623s] GC(58)   Post Evacuate Collection Set: 0.5ms
[2024-01-11T13:07:20.001+0100][2258.624s] GC(58)   Other: 0.1ms
[2024-01-11T13:07:20.001+0100][2258.624s] GC(58) Eden regions: 305->0(303)
[2024-01-11T13:07:20.001+0100][2258.624s] GC(58) Survivor regions: 2->4(39)
[2024-01-11T13:07:20.001+0100][2258.624s] GC(58) Old regions: 86->86
[2024-01-11T13:07:20.001+0100][2258.624s] GC(58) Archive regions: 0->0
[2024-01-11T13:07:20.001+0100][2258.624s] GC(58) Humongous regions: 4->4
[2024-01-11T13:07:20.001+0100][2258.624s] GC(58) Metaspace: 61722K(62336K)->61722K(62336K) NonClass: 54794K(55040K)->54794K(55040K) Class: 6928K(7296K)->6928K(7296K)
[2024-01-11T13:07:20.001+0100][2258.624s] GC(58) Pause Young (Normal) (G1 Evacuation Pause) 396M->92M(512M) 1.577ms
[2024-01-11T13:07:20.001+0100][2258.624s] GC(58) User=0.00s Sys=0.00s Real=0.00s
[2024-01-11T13:07:21.375+0100][2259.996s] GC(59) Pause Young (Normal) (G1 Evacuation Pause)
[2024-01-11T13:07:21.375+0100][2259.996s] GC(59) Using 10 workers of 10 for evacuation
[2024-01-11T13:07:21.376+0100][2259.998s] GC(59)   Pre Evacuate Collection Set: 0.1ms
[2024-01-11T13:07:21.376+0100][2259.998s] GC(59)   Merge Heap Roots: 0.1ms
[2024-01-11T13:07:21.376+0100][2259.998s] GC(59)   Evacuate Collection Set: 0.7ms
[2024-01-11T13:07:21.376+0100][2259.998s] GC(59)   Post Evacuate Collection Set: 0.6ms
[2024-01-11T13:07:21.376+0100][2259.998s] GC(59)   Other: 0.1ms
[2024-01-11T13:07:21.376+0100][2259.998s] GC(59) Eden regions: 303->0(302)
[2024-01-11T13:07:21.376+0100][2259.998s] GC(59) Survivor regions: 4->5(39)
[2024-01-11T13:07:21.376+0100][2259.998s] GC(59) Old regions: 86->86
[2024-01-11T13:07:21.376+0100][2259.998s] GC(59) Archive regions: 0->0
[2024-01-11T13:07:21.376+0100][2259.998s] GC(59) Humongous regions: 4->4
[2024-01-11T13:07:21.376+0100][2259.998s] GC(59) Metaspace: 61727K(62336K)->61727K(62336K) NonClass: 54799K(55040K)->54799K(55040K) Class: 6928K(7296K)->6928K(7296K)
[2024-01-11T13:07:21.376+0100][2259.998s] GC(59) Pause Young (Normal) (G1 Evacuation Pause) 395M->94M(512M) 1.786ms
[2024-01-11T13:07:21.376+0100][2259.998s] GC(59) User=0.16s Sys=0.00s Real=0.00s
[2024-01-11T13:07:22.669+0100][2261.292s] GC(60) Pause Young (Normal) (G1 Evacuation Pause)
[2024-01-11T13:07:22.669+0100][2261.292s] GC(60) Using 10 workers of 10 for evacuation
[2024-01-11T13:07:22.671+0100][2261.293s] GC(60)   Pre Evacuate Collection Set: 0.1ms
[2024-01-11T13:07:22.671+0100][2261.293s] GC(60)   Merge Heap Roots: 0.1ms
[2024-01-11T13:07:22.671+0100][2261.294s] GC(60)   Evacuate Collection Set: 1.0ms
[2024-01-11T13:07:22.671+0100][2261.294s] GC(60)   Post Evacuate Collection Set: 0.4ms
[2024-01-11T13:07:22.671+0100][2261.294s] GC(60)   Other: 0.1ms
[2024-01-11T13:07:22.671+0100][2261.294s] GC(60) Eden regions: 302->0(300)
[2024-01-11T13:07:22.671+0100][2261.294s] GC(60) Survivor regions: 5->7(39)
[2024-01-11T13:07:22.671+0100][2261.294s] GC(60) Old regions: 86->86
[2024-01-11T13:07:22.671+0100][2261.294s] GC(60) Archive regions: 0->0
[2024-01-11T13:07:22.671+0100][2261.294s] GC(60) Humongous regions: 4->4
[2024-01-11T13:07:22.671+0100][2261.294s] GC(60) Metaspace: 61728K(62336K)->61728K(62336K) NonClass: 54800K(55040K)->54800K(55040K) Class: 6928K(7296K)->6928K(7296K)
[2024-01-11T13:07:22.671+0100][2261.294s] GC(60) Pause Young (Normal) (G1 Evacuation Pause) 396M->95M(512M) 1.901ms
[2024-01-11T13:07:22.671+0100][2261.294s] GC(60) User=0.00s Sys=0.00s Real=0.00s
[2024-01-11T13:07:24.062+0100][2262.685s] GC(61) Pause Young (Normal) (G1 Evacuation Pause)
[2024-01-11T13:07:24.062+0100][2262.685s] GC(61) Using 10 workers of 10 for evacuation
[2024-01-11T13:07:24.064+0100][2262.687s] GC(61)   Pre Evacuate Collection Set: 0.1ms
[2024-01-11T13:07:24.064+0100][2262.687s] GC(61)   Merge Heap Roots: 0.1ms
[2024-01-11T13:07:24.064+0100][2262.687s] GC(61)   Evacuate Collection Set: 1.3ms
[2024-01-11T13:07:24.064+0100][2262.687s] GC(61)   Post Evacuate Collection Set: 0.5ms
[2024-01-11T13:07:24.065+0100][2262.687s] GC(61)   Other: 0.1ms
[2024-01-11T13:07:24.065+0100][2262.687s] GC(61) Eden regions: 300->0(298)
[2024-01-11T13:07:24.065+0100][2262.687s] GC(61) Survivor regions: 7->9(39)
[2024-01-11T13:07:24.065+0100][2262.687s] GC(61) Old regions: 86->86
[2024-01-11T13:07:24.065+0100][2262.687s] GC(61) Archive regions: 0->0
[2024-01-11T13:07:24.065+0100][2262.687s] GC(61) Humongous regions: 4->4
[2024-01-11T13:07:24.065+0100][2262.687s] GC(61) Metaspace: 61736K(62336K)->61736K(62336K) NonClass: 54807K(55040K)->54807K(55040K) Class: 6928K(7296K)->6928K(7296K)
[2024-01-11T13:07:24.065+0100][2262.687s] GC(61) Pause Young (Normal) (G1 Evacuation Pause) 395M->98M(512M) 2.332ms
[2024-01-11T13:07:24.065+0100][2262.687s] GC(61) User=0.06s Sys=0.00s Real=0.00s
[2024-01-11T13:07:25.327+0100][2263.949s] GC(62) Pause Young (Normal) (G1 Evacuation Pause)
[2024-01-11T13:07:25.327+0100][2263.949s] GC(62) Using 10 workers of 10 for evacuation
[2024-01-11T13:07:25.329+0100][2263.951s] GC(62)   Pre Evacuate Collection Set: 0.7ms
[2024-01-11T13:07:25.329+0100][2263.951s] GC(62)   Merge Heap Roots: 0.0ms
[2024-01-11T13:07:25.329+0100][2263.951s] GC(62)   Evacuate Collection Set: 1.2ms
[2024-01-11T13:07:25.329+0100][2263.952s] GC(62)   Post Evacuate Collection Set: 0.4ms
[2024-01-11T13:07:25.329+0100][2263.952s] GC(62)   Other: 0.1ms
[2024-01-11T13:07:25.329+0100][2263.952s] GC(62) Eden regions: 298->0(297)
[2024-01-11T13:07:25.329+0100][2263.952s] GC(62) Survivor regions: 9->10(39)
[2024-01-11T13:07:25.329+0100][2263.952s] GC(62) Old regions: 86->86
[2024-01-11T13:07:25.329+0100][2263.952s] GC(62) Archive regions: 0->0
[2024-01-11T13:07:25.329+0100][2263.952s] GC(62) Humongous regions: 4->4
[2024-01-11T13:07:25.329+0100][2263.952s] GC(62) Metaspace: 61740K(62336K)->61740K(62336K) NonClass: 54812K(55040K)->54812K(55040K) Class: 6928K(7296K)->6928K(7296K)
[2024-01-11T13:07:25.329+0100][2263.952s] GC(62) Pause Young (Normal) (G1 Evacuation Pause) 396M->99M(512M) 2.752ms
[2024-01-11T13:07:25.329+0100][2263.952s] GC(62) User=0.16s Sys=0.00s Real=0.00s
[2024-01-11T13:07:26.679+0100][2265.301s] GC(63) Pause Young (Normal) (G1 Evacuation Pause)
[2024-01-11T13:07:26.679+0100][2265.301s] GC(63) Using 10 workers of 10 for evacuation
[2024-01-11T13:07:26.682+0100][2265.304s] GC(63)   Pre Evacuate Collection Set: 0.1ms
[2024-01-11T13:07:26.682+0100][2265.304s] GC(63)   Merge Heap Roots: 0.1ms
[2024-01-11T13:07:26.682+0100][2265.304s] GC(63)   Evacuate Collection Set: 1.7ms
[2024-01-11T13:07:26.682+0100][2265.304s] GC(63)   Post Evacuate Collection Set: 0.6ms
[2024-01-11T13:07:26.682+0100][2265.304s] GC(63)   Other: 0.1ms
[2024-01-11T13:07:26.682+0100][2265.304s] GC(63) Eden regions: 297->0(294)
[2024-01-11T13:07:26.682+0100][2265.304s] GC(63) Survivor regions: 10->13(39)
[2024-01-11T13:07:26.682+0100][2265.304s] GC(63) Old regions: 86->86
[2024-01-11T13:07:26.682+0100][2265.304s] GC(63) Archive regions: 0->0
[2024-01-11T13:07:26.682+0100][2265.304s] GC(63) Humongous regions: 4->4
[2024-01-11T13:07:26.682+0100][2265.304s] GC(63) Metaspace: 61744K(62336K)->61744K(62336K) NonClass: 54815K(55040K)->54815K(55040K) Class: 6928K(7296K)->6928K(7296K)
[2024-01-11T13:07:26.682+0100][2265.304s] GC(63) Pause Young (Normal) (G1 Evacuation Pause) 396M->101M(512M) 2.737ms
[2024-01-11T13:07:26.682+0100][2265.304s] GC(63) User=0.00s Sys=0.00s Real=0.00s
[2024-01-11T13:07:27.947+0100][2266.569s] GC(64) Pause Young (Normal) (G1 Evacuation Pause)
[2024-01-11T13:07:27.947+0100][2266.569s] GC(64) Using 10 workers of 10 for evacuation
[2024-01-11T13:07:27.950+0100][2266.572s] GC(64)   Pre Evacuate Collection Set: 0.1ms
[2024-01-11T13:07:27.950+0100][2266.572s] GC(64)   Merge Heap Roots: 0.1ms
[2024-01-11T13:07:27.950+0100][2266.572s] GC(64)   Evacuate Collection Set: 1.7ms
[2024-01-11T13:07:27.950+0100][2266.572s] GC(64)   Post Evacuate Collection Set: 0.6ms
[2024-01-11T13:07:27.950+0100][2266.572s] GC(64)   Other: 0.1ms
[2024-01-11T13:07:27.950+0100][2266.572s] GC(64) Eden regions: 294->0(294)
[2024-01-11T13:07:27.950+0100][2266.572s] GC(64) Survivor regions: 13->13(39)
[2024-01-11T13:07:27.950+0100][2266.572s] GC(64) Old regions: 86->86
[2024-01-11T13:07:27.950+0100][2266.572s] GC(64) Archive regions: 0->0
[2024-01-11T13:07:27.950+0100][2266.572s] GC(64) Humongous regions: 4->4
[2024-01-11T13:07:27.950+0100][2266.572s] GC(64) Metaspace: 61747K(62336K)->61747K(62336K) NonClass: 54818K(55040K)->54818K(55040K) Class: 6928K(7296K)->6928K(7296K)
[2024-01-11T13:07:27.950+0100][2266.572s] GC(64) Pause Young (Normal) (G1 Evacuation Pause) 395M->102M(512M) 2.769ms
[2024-01-11T13:07:27.950+0100][2266.572s] GC(64) User=0.00s Sys=0.00s Real=0.00s
[2024-01-11T13:07:29.243+0100][2267.865s] GC(65) Pause Young (Normal) (G1 Evacuation Pause)
[2024-01-11T13:07:29.243+0100][2267.865s] GC(65) Using 10 workers of 10 for evacuation
[2024-01-11T13:07:29.246+0100][2267.868s] GC(65)   Pre Evacuate Collection Set: 0.1ms
[2024-01-11T13:07:29.246+0100][2267.868s] GC(65)   Merge Heap Roots: 0.1ms
[2024-01-11T13:07:29.246+0100][2267.868s] GC(65)   Evacuate Collection Set: 2.0ms
[2024-01-11T13:07:29.246+0100][2267.868s] GC(65)   Post Evacuate Collection Set: 0.4ms
[2024-01-11T13:07:29.246+0100][2267.868s] GC(65)   Other: 0.1ms
[2024-01-11T13:07:29.246+0100][2267.868s] GC(65) Eden regions: 294->0(292)
[2024-01-11T13:07:29.246+0100][2267.868s] GC(65) Survivor regions: 13->15(39)
[2024-01-11T13:07:29.246+0100][2267.868s] GC(65) Old regions: 86->86
[2024-01-11T13:07:29.246+0100][2267.868s] GC(65) Archive regions: 0->0
[2024-01-11T13:07:29.246+0100][2267.868s] GC(65) Humongous regions: 4->4
[2024-01-11T13:07:29.246+0100][2267.868s] GC(65) Metaspace: 61753K(62336K)->61753K(62336K) NonClass: 54824K(55040K)->54824K(55040K) Class: 6928K(7296K)->6928K(7296K)
[2024-01-11T13:07:29.246+0100][2267.868s] GC(65) Pause Young (Normal) (G1 Evacuation Pause) 396M->104M(512M) 2.778ms
[2024-01-11T13:07:29.246+0100][2267.868s] GC(65) User=0.00s Sys=0.00s Real=0.00s
[2024-01-11T13:07:30.543+0100][2269.165s] GC(66) Pause Young (Normal) (G1 Evacuation Pause)
[2024-01-11T13:07:30.543+0100][2269.165s] GC(66) Using 10 workers of 10 for evacuation
[2024-01-11T13:07:30.546+0100][2269.168s] GC(66)   Pre Evacuate Collection Set: 0.1ms
[2024-01-11T13:07:30.546+0100][2269.168s] GC(66)   Merge Heap Roots: 0.1ms
[2024-01-11T13:07:30.546+0100][2269.168s] GC(66)   Evacuate Collection Set: 2.1ms
[2024-01-11T13:07:30.546+0100][2269.168s] GC(66)   Post Evacuate Collection Set: 0.4ms
[2024-01-11T13:07:30.546+0100][2269.168s] GC(66)   Other: 0.1ms
[2024-01-11T13:07:30.546+0100][2269.168s] GC(66) Eden regions: 292->0(290)
[2024-01-11T13:07:30.546+0100][2269.168s] GC(66) Survivor regions: 15->17(39)
[2024-01-11T13:07:30.546+0100][2269.168s] GC(66) Old regions: 86->86
[2024-01-11T13:07:30.546+0100][2269.168s] GC(66) Archive regions: 0->0
[2024-01-11T13:07:30.546+0100][2269.168s] GC(66) Humongous regions: 4->4
[2024-01-11T13:07:30.546+0100][2269.168s] GC(66) Metaspace: 61757K(62336K)->61757K(62336K) NonClass: 54828K(55040K)->54828K(55040K) Class: 6928K(7296K)->6928K(7296K)
[2024-01-11T13:07:30.546+0100][2269.168s] GC(66) Pause Young (Normal) (G1 Evacuation Pause) 396M->106M(512M) 2.935ms
[2024-01-11T13:07:30.546+0100][2269.168s] GC(66) User=0.00s Sys=0.00s Real=0.00s
[2024-01-11T13:07:31.886+0100][2270.508s] GC(67) Pause Young (Normal) (G1 Evacuation Pause)
[2024-01-11T13:07:31.886+0100][2270.508s] GC(67) Using 10 workers of 10 for evacuation
[2024-01-11T13:07:31.889+0100][2270.511s] GC(67)   Pre Evacuate Collection Set: 0.1ms
[2024-01-11T13:07:31.889+0100][2270.511s] GC(67)   Merge Heap Roots: 0.1ms
[2024-01-11T13:07:31.889+0100][2270.511s] GC(67)   Evacuate Collection Set: 2.7ms
[2024-01-11T13:07:31.889+0100][2270.512s] GC(67)   Post Evacuate Collection Set: 0.7ms
[2024-01-11T13:07:31.889+0100][2270.512s] GC(67)   Other: 0.1ms
[2024-01-11T13:07:31.890+0100][2270.512s] GC(67) Eden regions: 290->0(288)
[2024-01-11T13:07:31.890+0100][2270.512s] GC(67) Survivor regions: 17->19(39)
[2024-01-11T13:07:31.890+0100][2270.512s] GC(67) Old regions: 86->86
[2024-01-11T13:07:31.890+0100][2270.512s] GC(67) Archive regions: 0->0
[2024-01-11T13:07:31.890+0100][2270.512s] GC(67) Humongous regions: 4->4
[2024-01-11T13:07:31.890+0100][2270.512s] GC(67) Metaspace: 61758K(62336K)->61758K(62336K) NonClass: 54829K(55040K)->54829K(55040K) Class: 6928K(7296K)->6928K(7296K)
[2024-01-11T13:07:31.890+0100][2270.512s] GC(67) Pause Young (Normal) (G1 Evacuation Pause) 396M->108M(512M) 3.985ms
[2024-01-11T13:07:31.890+0100][2270.512s] GC(67) User=0.00s Sys=0.00s Real=0.00s
[2024-01-11T13:07:33.181+0100][2271.803s] GC(68) Pause Young (Normal) (G1 Evacuation Pause)
[2024-01-11T13:07:33.181+0100][2271.803s] GC(68) Using 10 workers of 10 for evacuation
[2024-01-11T13:07:33.184+0100][2271.806s] GC(68)   Pre Evacuate Collection Set: 0.1ms
[2024-01-11T13:07:33.184+0100][2271.806s] GC(68)   Merge Heap Roots: 0.1ms
[2024-01-11T13:07:33.184+0100][2271.806s] GC(68)   Evacuate Collection Set: 2.5ms
[2024-01-11T13:07:33.184+0100][2271.806s] GC(68)   Post Evacuate Collection Set: 0.5ms
[2024-01-11T13:07:33.184+0100][2271.806s] GC(68)   Other: 0.1ms
[2024-01-11T13:07:33.184+0100][2271.806s] GC(68) Eden regions: 288->0(287)
[2024-01-11T13:07:33.184+0100][2271.806s] GC(68) Survivor regions: 19->20(39)
[2024-01-11T13:07:33.184+0100][2271.806s] GC(68) Old regions: 86->86
[2024-01-11T13:07:33.184+0100][2271.806s] GC(68) Archive regions: 0->0
[2024-01-11T13:07:33.184+0100][2271.806s] GC(68) Humongous regions: 4->4
[2024-01-11T13:07:33.184+0100][2271.806s] GC(68) Metaspace: 61774K(62400K)->61774K(62400K) NonClass: 54846K(55104K)->54846K(55104K) Class: 6928K(7296K)->6928K(7296K)
[2024-01-11T13:07:33.184+0100][2271.806s] GC(68) Pause Young (Normal) (G1 Evacuation Pause) 396M->108M(512M) 3.410ms
[2024-01-11T13:07:33.184+0100][2271.806s] GC(68) User=0.00s Sys=0.00s Real=0.00s
[2024-01-11T13:07:34.467+0100][2273.089s] GC(69) Pause Young (Normal) (G1 Evacuation Pause)
[2024-01-11T13:07:34.467+0100][2273.089s] GC(69) Using 10 workers of 10 for evacuation
[2024-01-11T13:07:34.471+0100][2273.093s] GC(69)   Pre Evacuate Collection Set: 0.1ms
[2024-01-11T13:07:34.471+0100][2273.093s] GC(69)   Merge Heap Roots: 0.1ms
[2024-01-11T13:07:34.471+0100][2273.093s] GC(69)   Evacuate Collection Set: 3.2ms
[2024-01-11T13:07:34.471+0100][2273.093s] GC(69)   Post Evacuate Collection Set: 0.5ms
[2024-01-11T13:07:34.471+0100][2273.093s] GC(69)   Other: 0.1ms
[2024-01-11T13:07:34.471+0100][2273.093s] GC(69) Eden regions: 287->0(285)
[2024-01-11T13:07:34.471+0100][2273.093s] GC(69) Survivor regions: 20->22(39)
[2024-01-11T13:07:34.471+0100][2273.093s] GC(69) Old regions: 86->86
[2024-01-11T13:07:34.471+0100][2273.093s] GC(69) Archive regions: 0->0
[2024-01-11T13:07:34.471+0100][2273.093s] GC(69) Humongous regions: 4->4
[2024-01-11T13:07:34.471+0100][2273.093s] GC(69) Metaspace: 61774K(62400K)->61774K(62400K) NonClass: 54846K(55104K)->54846K(55104K) Class: 6928K(7296K)->6928K(7296K)
[2024-01-11T13:07:34.471+0100][2273.093s] GC(69) Pause Young (Normal) (G1 Evacuation Pause) 395M->111M(512M) 4.165ms
[2024-01-11T13:07:34.471+0100][2273.093s] GC(69) User=0.17s Sys=0.00s Real=0.00s
[2024-01-11T13:07:35.696+0100][2274.317s] GC(70) Pause Young (Normal) (G1 Evacuation Pause)
[2024-01-11T13:07:35.696+0100][2274.318s] GC(70) Using 10 workers of 10 for evacuation
[2024-01-11T13:07:35.699+0100][2274.321s] GC(70)   Pre Evacuate Collection Set: 0.1ms
[2024-01-11T13:07:35.699+0100][2274.321s] GC(70)   Merge Heap Roots: 0.1ms
[2024-01-11T13:07:35.699+0100][2274.321s] GC(70)   Evacuate Collection Set: 3.0ms
[2024-01-11T13:07:35.699+0100][2274.321s] GC(70)   Post Evacuate Collection Set: 0.5ms
[2024-01-11T13:07:35.699+0100][2274.321s] GC(70)   Other: 0.1ms
[2024-01-11T13:07:35.699+0100][2274.321s] GC(70) Eden regions: 285->0(285)
[2024-01-11T13:07:35.699+0100][2274.321s] GC(70) Survivor regions: 22->22(39)
[2024-01-11T13:07:35.699+0100][2274.321s] GC(70) Old regions: 86->88
[2024-01-11T13:07:35.699+0100][2274.321s] GC(70) Archive regions: 0->0
[2024-01-11T13:07:35.699+0100][2274.321s] GC(70) Humongous regions: 4->4
[2024-01-11T13:07:35.699+0100][2274.321s] GC(70) Metaspace: 61774K(62400K)->61774K(62400K) NonClass: 54846K(55104K)->54846K(55104K) Class: 6928K(7296K)->6928K(7296K)
[2024-01-11T13:07:35.699+0100][2274.321s] GC(70) Pause Young (Normal) (G1 Evacuation Pause) 396M->112M(512M) 3.891ms
[2024-01-11T13:07:35.699+0100][2274.321s] GC(70) User=0.00s Sys=0.00s Real=0.00s
[2024-01-11T13:07:36.998+0100][2275.620s] GC(71) Pause Young (Normal) (G1 Evacuation Pause)
[2024-01-11T13:07:36.998+0100][2275.620s] GC(71) Using 10 workers of 10 for evacuation
[2024-01-11T13:07:37.002+0100][2275.625s] GC(71)   Pre Evacuate Collection Set: 0.1ms
[2024-01-11T13:07:37.002+0100][2275.625s] GC(71)   Merge Heap Roots: 0.1ms
[2024-01-11T13:07:37.002+0100][2275.625s] GC(71)   Evacuate Collection Set: 3.2ms
[2024-01-11T13:07:37.002+0100][2275.625s] GC(71)   Post Evacuate Collection Set: 0.6ms
[2024-01-11T13:07:37.002+0100][2275.625s] GC(71)   Other: 0.1ms
[2024-01-11T13:07:37.002+0100][2275.625s] GC(71) Eden regions: 285->0(285)
[2024-01-11T13:07:37.002+0100][2275.625s] GC(71) Survivor regions: 22->22(39)
[2024-01-11T13:07:37.002+0100][2275.625s] GC(71) Old regions: 88->90
[2024-01-11T13:07:37.002+0100][2275.625s] GC(71) Archive regions: 0->0
[2024-01-11T13:07:37.002+0100][2275.625s] GC(71) Humongous regions: 4->4
[2024-01-11T13:07:37.002+0100][2275.625s] GC(71) Metaspace: 61774K(62400K)->61774K(62400K) NonClass: 54846K(55104K)->54846K(55104K) Class: 6928K(7296K)->6928K(7296K)
[2024-01-11T13:07:37.002+0100][2275.625s] GC(71) Pause Young (Normal) (G1 Evacuation Pause) 397M->114M(512M) 4.240ms
[2024-01-11T13:07:37.002+0100][2275.625s] GC(71) User=0.11s Sys=0.05s Real=0.00s
[2024-01-11T13:07:38.241+0100][2276.863s] GC(72) Pause Young (Normal) (G1 Evacuation Pause)
[2024-01-11T13:07:38.241+0100][2276.863s] GC(72) Using 10 workers of 10 for evacuation
[2024-01-11T13:07:38.244+0100][2276.866s] GC(72)   Pre Evacuate Collection Set: 0.1ms
[2024-01-11T13:07:38.244+0100][2276.866s] GC(72)   Merge Heap Roots: 0.1ms
[2024-01-11T13:07:38.244+0100][2276.866s] GC(72)   Evacuate Collection Set: 3.0ms
[2024-01-11T13:07:38.244+0100][2276.866s] GC(72)   Post Evacuate Collection Set: 0.5ms
[2024-01-11T13:07:38.244+0100][2276.866s] GC(72)   Other: 0.1ms
[2024-01-11T13:07:38.244+0100][2276.866s] GC(72) Eden regions: 285->0(285)
[2024-01-11T13:07:38.244+0100][2276.866s] GC(72) Survivor regions: 22->22(39)
[2024-01-11T13:07:38.244+0100][2276.866s] GC(72) Old regions: 90->91
[2024-01-11T13:07:38.244+0100][2276.866s] GC(72) Archive regions: 0->0
[2024-01-11T13:07:38.244+0100][2276.866s] GC(72) Humongous regions: 4->4
[2024-01-11T13:07:38.244+0100][2276.866s] GC(72) Metaspace: 61779K(62400K)->61779K(62400K) NonClass: 54850K(55104K)->54850K(55104K) Class: 6928K(7296K)->6928K(7296K)
[2024-01-11T13:07:38.244+0100][2276.866s] GC(72) Pause Young (Normal) (G1 Evacuation Pause) 399M->115M(512M) 3.873ms
[2024-01-11T13:07:38.244+0100][2276.866s] GC(72) User=0.00s Sys=0.00s Real=0.00s
[2024-01-11T13:07:39.439+0100][2278.061s] GC(73) Pause Young (Normal) (G1 Evacuation Pause)
[2024-01-11T13:07:39.439+0100][2278.061s] GC(73) Using 10 workers of 10 for evacuation
[2024-01-11T13:07:39.443+0100][2278.064s] GC(73)   Pre Evacuate Collection Set: 0.1ms
[2024-01-11T13:07:39.443+0100][2278.064s] GC(73)   Merge Heap Roots: 0.1ms
[2024-01-11T13:07:39.443+0100][2278.064s] GC(73)   Evacuate Collection Set: 3.0ms
[2024-01-11T13:07:39.443+0100][2278.064s] GC(73)   Post Evacuate Collection Set: 0.5ms
[2024-01-11T13:07:39.443+0100][2278.065s] GC(73)   Other: 0.1ms
[2024-01-11T13:07:39.443+0100][2278.065s] GC(73) Eden regions: 285->0(286)
[2024-01-11T13:07:39.443+0100][2278.065s] GC(73) Survivor regions: 22->21(39)
[2024-01-11T13:07:39.443+0100][2278.065s] GC(73) Old regions: 91->93
[2024-01-11T13:07:39.443+0100][2278.065s] GC(73) Archive regions: 0->0
[2024-01-11T13:07:39.443+0100][2278.065s] GC(73) Humongous regions: 4->4
[2024-01-11T13:07:39.443+0100][2278.065s] GC(73) Metaspace: 61786K(62400K)->61786K(62400K) NonClass: 54857K(55104K)->54857K(55104K) Class: 6928K(7296K)->6928K(7296K)
[2024-01-11T13:07:39.443+0100][2278.065s] GC(73) Pause Young (Normal) (G1 Evacuation Pause) 400M->117M(512M) 3.938ms
[2024-01-11T13:07:39.443+0100][2278.065s] GC(73) User=0.00s Sys=0.00s Real=0.00s
[2024-01-11T13:07:39.888+0100][2278.510s] GC(74) Pause Young (Concurrent Start) (CodeCache GC Threshold)
[2024-01-11T13:07:39.888+0100][2278.510s] GC(74) Using 10 workers of 10 for evacuation
[2024-01-11T13:07:39.892+0100][2278.514s] GC(74)   Pre Evacuate Collection Set: 0.1ms
[2024-01-11T13:07:39.892+0100][2278.514s] GC(74)   Merge Heap Roots: 0.1ms
[2024-01-11T13:07:39.892+0100][2278.514s] GC(74)   Evacuate Collection Set: 3.0ms
[2024-01-11T13:07:39.892+0100][2278.514s] GC(74)   Post Evacuate Collection Set: 0.4ms
[2024-01-11T13:07:39.892+0100][2278.514s] GC(74)   Other: 0.1ms
[2024-01-11T13:07:39.892+0100][2278.514s] GC(74) Eden regions: 98->0(287)
[2024-01-11T13:07:39.892+0100][2278.514s] GC(74) Survivor regions: 21->20(39)
[2024-01-11T13:07:39.892+0100][2278.514s] GC(74) Old regions: 93->95
[2024-01-11T13:07:39.892+0100][2278.514s] GC(74) Archive regions: 0->0
[2024-01-11T13:07:39.892+0100][2278.514s] GC(74) Humongous regions: 4->4
[2024-01-11T13:07:39.892+0100][2278.514s] GC(74) Metaspace: 61786K(62400K)->61786K(62400K) NonClass: 54857K(55104K)->54857K(55104K) Class: 6928K(7296K)->6928K(7296K)
[2024-01-11T13:07:39.892+0100][2278.514s] GC(74) Pause Young (Concurrent Start) (CodeCache GC Threshold) 214M->118M(512M) 3.933ms
[2024-01-11T13:07:39.892+0100][2278.514s] GC(75) Concurrent Mark Cycle
[2024-01-11T13:07:39.892+0100][2278.514s] GC(74) User=0.16s Sys=0.00s Real=0.00s
[2024-01-11T13:07:39.892+0100][2278.514s] GC(75) Concurrent Clear Claimed Marks
[2024-01-11T13:07:39.892+0100][2278.514s] GC(75) Concurrent Clear Claimed Marks 0.143ms
[2024-01-11T13:07:39.892+0100][2278.514s] GC(75) Concurrent Scan Root Regions
[2024-01-11T13:07:39.893+0100][2278.515s] GC(75) Concurrent Scan Root Regions 1.011ms
[2024-01-11T13:07:39.893+0100][2278.515s] GC(75) Concurrent Mark
[2024-01-11T13:07:39.893+0100][2278.515s] GC(75) Concurrent Mark From Roots
[2024-01-11T13:07:39.893+0100][2278.515s] GC(75) Using 3 workers of 3 for marking
[2024-01-11T13:07:39.913+0100][2278.535s] GC(75) Concurrent Mark From Roots 19.349ms
[2024-01-11T13:07:39.913+0100][2278.535s] GC(75) Concurrent Preclean
[2024-01-11T13:07:39.913+0100][2278.535s] GC(75) Concurrent Preclean 0.138ms
[2024-01-11T13:07:39.913+0100][2278.535s] GC(75) Pause Remark
[2024-01-11T13:07:39.918+0100][2278.540s] GC(75) Pause Remark 120M->120M(512M) 4.893ms
[2024-01-11T13:07:39.918+0100][2278.540s] GC(75) User=0.00s Sys=0.00s Real=0.00s
[2024-01-11T13:07:39.918+0100][2278.540s] GC(75) Concurrent Mark 24.658ms
[2024-01-11T13:07:39.918+0100][2278.540s] GC(75) Concurrent Rebuild Remembered Sets
[2024-01-11T13:07:39.927+0100][2278.550s] GC(75) Concurrent Rebuild Remembered Sets 9.859ms
[2024-01-11T13:07:39.928+0100][2278.550s] GC(75) Pause Cleanup
[2024-01-11T13:07:39.928+0100][2278.550s] GC(75) Pause Cleanup 122M->122M(512M) 0.154ms
[2024-01-11T13:07:39.928+0100][2278.550s] GC(75) User=0.00s Sys=0.00s Real=0.00s
[2024-01-11T13:07:39.928+0100][2278.550s] GC(75) Concurrent Cleanup for Next Mark
[2024-01-11T13:07:39.929+0100][2278.551s] GC(75) Concurrent Cleanup for Next Mark 0.879ms
[2024-01-11T13:07:39.929+0100][2278.551s] GC(75) Concurrent Mark Cycle 37.097ms
[2024-01-11T13:07:40.055+0100][2278.677s] GC(76) Pause Young (Concurrent Start) (CodeCache GC Threshold)
[2024-01-11T13:07:40.055+0100][2278.677s] GC(76) Using 10 workers of 10 for evacuation
[2024-01-11T13:07:40.058+0100][2278.680s] GC(76)   Pre Evacuate Collection Set: 0.1ms
[2024-01-11T13:07:40.058+0100][2278.680s] GC(76)   Merge Heap Roots: 0.0ms
[2024-01-11T13:07:40.058+0100][2278.680s] GC(76)   Evacuate Collection Set: 2.8ms
[2024-01-11T13:07:40.058+0100][2278.680s] GC(76)   Post Evacuate Collection Set: 0.3ms
[2024-01-11T13:07:40.058+0100][2278.680s] GC(76)   Other: 0.1ms
[2024-01-11T13:07:40.058+0100][2278.680s] GC(76) Eden regions: 40->0(287)
[2024-01-11T13:07:40.058+0100][2278.680s] GC(76) Survivor regions: 20->20(39)
[2024-01-11T13:07:40.058+0100][2278.680s] GC(76) Old regions: 95->95
[2024-01-11T13:07:40.058+0100][2278.680s] GC(76) Archive regions: 0->0
[2024-01-11T13:07:40.058+0100][2278.680s] GC(76) Humongous regions: 4->4
[2024-01-11T13:07:40.058+0100][2278.680s] GC(76) Metaspace: 61786K(62400K)->61786K(62400K) NonClass: 54857K(55104K)->54857K(55104K) Class: 6928K(7296K)->6928K(7296K)
[2024-01-11T13:07:40.058+0100][2278.680s] GC(76) Pause Young (Concurrent Start) (CodeCache GC Threshold) 157M->117M(512M) 3.553ms
[2024-01-11T13:07:40.058+0100][2278.680s] GC(77) Concurrent Mark Cycle
[2024-01-11T13:07:40.058+0100][2278.680s] GC(76) User=0.00s Sys=0.00s Real=0.00s
[2024-01-11T13:07:40.058+0100][2278.680s] GC(77) Concurrent Clear Claimed Marks
[2024-01-11T13:07:40.058+0100][2278.681s] GC(77) Concurrent Clear Claimed Marks 0.145ms
[2024-01-11T13:07:40.058+0100][2278.681s] GC(77) Concurrent Scan Root Regions
[2024-01-11T13:07:40.059+0100][2278.682s] GC(77) Concurrent Scan Root Regions 1.019ms
[2024-01-11T13:07:40.059+0100][2278.682s] GC(77) Concurrent Mark
[2024-01-11T13:07:40.059+0100][2278.682s] GC(77) Concurrent Mark From Roots
[2024-01-11T13:07:40.059+0100][2278.682s] GC(77) Using 3 workers of 3 for marking
[2024-01-11T13:07:40.082+0100][2278.704s] GC(77) Concurrent Mark From Roots 22.840ms
[2024-01-11T13:07:40.082+0100][2278.704s] GC(77) Concurrent Preclean
[2024-01-11T13:07:40.083+0100][2278.705s] GC(77) Concurrent Preclean 0.224ms
[2024-01-11T13:07:40.083+0100][2278.705s] GC(77) Pause Remark
[2024-01-11T13:07:40.087+0100][2278.709s] GC(77) Pause Remark 121M->121M(512M) 4.559ms
[2024-01-11T13:07:40.087+0100][2278.709s] GC(77) User=0.00s Sys=0.00s Real=0.00s
[2024-01-11T13:07:40.087+0100][2278.709s] GC(77) Concurrent Mark 27.915ms
[2024-01-11T13:07:40.087+0100][2278.710s] GC(77) Concurrent Rebuild Remembered Sets
[2024-01-11T13:07:40.099+0100][2278.721s] GC(77) Concurrent Rebuild Remembered Sets 11.336ms
[2024-01-11T13:07:40.099+0100][2278.721s] GC(77) Pause Cleanup
[2024-01-11T13:07:40.099+0100][2278.721s] GC(77) Pause Cleanup 123M->123M(512M) 0.157ms
[2024-01-11T13:07:40.099+0100][2278.721s] GC(77) User=0.00s Sys=0.00s Real=0.00s
[2024-01-11T13:07:40.099+0100][2278.721s] GC(77) Concurrent Cleanup for Next Mark
[2024-01-11T13:07:40.100+0100][2278.722s] GC(77) Concurrent Cleanup for Next Mark 0.660ms
[2024-01-11T13:07:40.100+0100][2278.722s] GC(77) Concurrent Mark Cycle 41.618ms
[2024-01-11T13:07:40.226+0100][2278.849s] GC(78) Pause Young (Concurrent Start) (CodeCache GC Threshold)
[2024-01-11T13:07:40.226+0100][2278.849s] GC(78) Using 10 workers of 10 for evacuation
[2024-01-11T13:07:40.230+0100][2278.852s] GC(78)   Pre Evacuate Collection Set: 0.1ms
[2024-01-11T13:07:40.230+0100][2278.852s] GC(78)   Merge Heap Roots: 0.1ms
[2024-01-11T13:07:40.230+0100][2278.852s] GC(78)   Evacuate Collection Set: 2.9ms
[2024-01-11T13:07:40.230+0100][2278.852s] GC(78)   Post Evacuate Collection Set: 0.3ms
[2024-01-11T13:07:40.230+0100][2278.852s] GC(78)   Other: 0.1ms
[2024-01-11T13:07:40.230+0100][2278.852s] GC(78) Eden regions: 29->0(286)
[2024-01-11T13:07:40.230+0100][2278.852s] GC(78) Survivor regions: 20->21(39)
[2024-01-11T13:07:40.230+0100][2278.852s] GC(78) Old regions: 95->95
[2024-01-11T13:07:40.230+0100][2278.852s] GC(78) Archive regions: 0->0
[2024-01-11T13:07:40.230+0100][2278.852s] GC(78) Humongous regions: 4->4
[2024-01-11T13:07:40.230+0100][2278.852s] GC(78) Metaspace: 61786K(62400K)->61786K(62400K) NonClass: 54857K(55104K)->54857K(55104K) Class: 6928K(7296K)->6928K(7296K)
[2024-01-11T13:07:40.230+0100][2278.852s] GC(78) Pause Young (Concurrent Start) (CodeCache GC Threshold) 146M->118M(512M) 3.666ms
[2024-01-11T13:07:40.230+0100][2278.852s] GC(79) Concurrent Mark Cycle
[2024-01-11T13:07:40.230+0100][2278.852s] GC(78) User=0.00s Sys=0.00s Real=0.00s
[2024-01-11T13:07:40.230+0100][2278.852s] GC(79) Concurrent Clear Claimed Marks
[2024-01-11T13:07:40.230+0100][2278.852s] GC(79) Concurrent Clear Claimed Marks 0.052ms
[2024-01-11T13:07:40.230+0100][2278.852s] GC(79) Concurrent Scan Root Regions
[2024-01-11T13:07:40.231+0100][2278.854s] GC(79) Concurrent Scan Root Regions 1.281ms
[2024-01-11T13:07:40.231+0100][2278.854s] GC(79) Concurrent Mark
[2024-01-11T13:07:40.231+0100][2278.854s] GC(79) Concurrent Mark From Roots
[2024-01-11T13:07:40.231+0100][2278.854s] GC(79) Using 3 workers of 3 for marking
[2024-01-11T13:07:40.256+0100][2278.878s] GC(79) Concurrent Mark From Roots 24.320ms
[2024-01-11T13:07:40.256+0100][2278.878s] GC(79) Concurrent Preclean
[2024-01-11T13:07:40.256+0100][2278.878s] GC(79) Concurrent Preclean 0.136ms
[2024-01-11T13:07:40.256+0100][2278.878s] GC(79) Pause Remark
[2024-01-11T13:07:40.259+0100][2278.881s] GC(79) Pause Remark 122M->122M(512M) 2.913ms
[2024-01-11T13:07:40.259+0100][2278.881s] GC(79) User=0.00s Sys=0.00s Real=0.00s
[2024-01-11T13:07:40.259+0100][2278.881s] GC(79) Concurrent Mark 27.684ms
[2024-01-11T13:07:40.259+0100][2278.881s] GC(79) Concurrent Rebuild Remembered Sets
[2024-01-11T13:07:40.272+0100][2278.895s] GC(79) Concurrent Rebuild Remembered Sets 13.189ms
[2024-01-11T13:07:40.272+0100][2278.895s] GC(79) Pause Cleanup
[2024-01-11T13:07:40.272+0100][2278.895s] GC(79) Pause Cleanup 123M->123M(512M) 0.112ms
[2024-01-11T13:07:40.272+0100][2278.895s] GC(79) User=0.00s Sys=0.00s Real=0.00s
[2024-01-11T13:07:40.272+0100][2278.895s] GC(79) Concurrent Cleanup for Next Mark
[2024-01-11T13:07:40.273+0100][2278.896s] GC(79) Concurrent Cleanup for Next Mark 0.757ms
[2024-01-11T13:07:40.273+0100][2278.896s] GC(79) Concurrent Mark Cycle 43.438ms
[2024-01-11T13:07:41.537+0100][2280.159s] GC(80) Pause Young (Prepare Mixed) (G1 Evacuation Pause)
[2024-01-11T13:07:41.537+0100][2280.159s] GC(80) Using 10 workers of 10 for evacuation
[2024-01-11T13:07:41.541+0100][2280.163s] GC(80)   Pre Evacuate Collection Set: 0.1ms
[2024-01-11T13:07:41.541+0100][2280.163s] GC(80)   Merge Heap Roots: 0.1ms
[2024-01-11T13:07:41.541+0100][2280.163s] GC(80)   Evacuate Collection Set: 3.2ms
[2024-01-11T13:07:41.541+0100][2280.163s] GC(80)   Post Evacuate Collection Set: 0.5ms
[2024-01-11T13:07:41.541+0100][2280.163s] GC(80)   Other: 0.1ms
[2024-01-11T13:07:41.541+0100][2280.163s] GC(80) Eden regions: 286->0(2)
[2024-01-11T13:07:41.541+0100][2280.163s] GC(80) Survivor regions: 21->23(39)
[2024-01-11T13:07:41.541+0100][2280.163s] GC(80) Old regions: 95->95
[2024-01-11T13:07:41.541+0100][2280.163s] GC(80) Archive regions: 0->0
[2024-01-11T13:07:41.541+0100][2280.163s] GC(80) Humongous regions: 4->4
[2024-01-11T13:07:41.541+0100][2280.163s] GC(80) Metaspace: 61789K(62400K)->61789K(62400K) NonClass: 54860K(55104K)->54860K(55104K) Class: 6928K(7296K)->6928K(7296K)
[2024-01-11T13:07:41.541+0100][2280.163s] GC(80) Pause Young (Prepare Mixed) (G1 Evacuation Pause) 404M->120M(512M) 4.255ms
[2024-01-11T13:07:41.541+0100][2280.163s] GC(80) User=0.00s Sys=0.00s Real=0.00s
[2024-01-11T13:07:41.544+0100][2280.165s] GC(81) Pause Young (Mixed) (G1 Evacuation Pause)
[2024-01-11T13:07:41.544+0100][2280.165s] GC(81) Using 10 workers of 10 for evacuation
[2024-01-11T13:07:41.549+0100][2280.171s] GC(81)   Pre Evacuate Collection Set: 0.1ms
[2024-01-11T13:07:41.549+0100][2280.171s] GC(81)   Merge Heap Roots: 0.1ms
[2024-01-11T13:07:41.549+0100][2280.171s] GC(81)   Evacuate Collection Set: 4.8ms
[2024-01-11T13:07:41.549+0100][2280.171s] GC(81)   Post Evacuate Collection Set: 0.5ms
[2024-01-11T13:07:41.549+0100][2280.171s] GC(81)   Other: 0.0ms
[2024-01-11T13:07:41.549+0100][2280.171s] GC(81) Eden regions: 2->0(305)
[2024-01-11T13:07:41.549+0100][2280.171s] GC(81) Survivor regions: 23->2(4)
[2024-01-11T13:07:41.549+0100][2280.171s] GC(81) Old regions: 95->115
[2024-01-11T13:07:41.549+0100][2280.171s] GC(81) Archive regions: 0->0
[2024-01-11T13:07:41.549+0100][2280.171s] GC(81) Humongous regions: 4->4
[2024-01-11T13:07:41.549+0100][2280.171s] GC(81) Metaspace: 61789K(62400K)->61789K(62400K) NonClass: 54860K(55104K)->54860K(55104K) Class: 6928K(7296K)->6928K(7296K)
[2024-01-11T13:07:41.549+0100][2280.171s] GC(81) Pause Young (Mixed) (G1 Evacuation Pause) 122M->120M(512M) 5.710ms
[2024-01-11T13:07:41.549+0100][2280.171s] GC(81) User=0.05s Sys=0.11s Real=0.01s
[2024-01-11T13:07:42.842+0100][2281.464s] GC(82) Pause Young (Normal) (G1 Evacuation Pause)
[2024-01-11T13:07:42.842+0100][2281.464s] GC(82) Using 10 workers of 10 for evacuation
[2024-01-11T13:07:42.843+0100][2281.465s] GC(82)   Pre Evacuate Collection Set: 0.1ms
[2024-01-11T13:07:42.843+0100][2281.465s] GC(82)   Merge Heap Roots: 0.1ms
[2024-01-11T13:07:42.843+0100][2281.465s] GC(82)   Evacuate Collection Set: 0.5ms
[2024-01-11T13:07:42.843+0100][2281.465s] GC(82)   Post Evacuate Collection Set: 0.3ms
[2024-01-11T13:07:42.843+0100][2281.465s] GC(82)   Other: 0.1ms
[2024-01-11T13:07:42.843+0100][2281.465s] GC(82) Eden regions: 305->0(303)
[2024-01-11T13:07:42.843+0100][2281.465s] GC(82) Survivor regions: 2->4(39)
[2024-01-11T13:07:42.843+0100][2281.465s] GC(82) Old regions: 115->115
[2024-01-11T13:07:42.843+0100][2281.465s] GC(82) Archive regions: 0->0
[2024-01-11T13:07:42.843+0100][2281.465s] GC(82) Humongous regions: 4->4
[2024-01-11T13:07:42.843+0100][2281.465s] GC(82) Metaspace: 61789K(62400K)->61789K(62400K) NonClass: 54860K(55104K)->54860K(55104K) Class: 6928K(7296K)->6928K(7296K)
[2024-01-11T13:07:42.843+0100][2281.465s] GC(82) Pause Young (Normal) (G1 Evacuation Pause) 425M->122M(512M) 1.222ms
[2024-01-11T13:07:42.843+0100][2281.465s] GC(82) User=0.00s Sys=0.00s Real=0.00s
[2024-01-11T13:07:44.171+0100][2282.793s] GC(83) Pause Young (Normal) (G1 Evacuation Pause)
[2024-01-11T13:07:44.171+0100][2282.793s] GC(83) Using 10 workers of 10 for evacuation
[2024-01-11T13:07:44.172+0100][2282.794s] GC(83)   Pre Evacuate Collection Set: 0.1ms
[2024-01-11T13:07:44.172+0100][2282.794s] GC(83)   Merge Heap Roots: 0.1ms
[2024-01-11T13:07:44.172+0100][2282.794s] GC(83)   Evacuate Collection Set: 0.8ms
[2024-01-11T13:07:44.172+0100][2282.794s] GC(83)   Post Evacuate Collection Set: 0.4ms
[2024-01-11T13:07:44.172+0100][2282.794s] GC(83)   Other: 0.1ms
[2024-01-11T13:07:44.172+0100][2282.794s] GC(83) Eden regions: 303->0(301)
[2024-01-11T13:07:44.172+0100][2282.794s] GC(83) Survivor regions: 4->6(39)
[2024-01-11T13:07:44.172+0100][2282.794s] GC(83) Old regions: 115->115
[2024-01-11T13:07:44.172+0100][2282.794s] GC(83) Archive regions: 0->0
[2024-01-11T13:07:44.172+0100][2282.794s] GC(83) Humongous regions: 4->4
[2024-01-11T13:07:44.172+0100][2282.794s] GC(83) Metaspace: 61790K(62400K)->61790K(62400K) NonClass: 54861K(55104K)->54861K(55104K) Class: 6929K(7296K)->6929K(7296K)
[2024-01-11T13:07:44.172+0100][2282.794s] GC(83) Pause Young (Normal) (G1 Evacuation Pause) 425M->124M(512M) 1.554ms
[2024-01-11T13:07:44.172+0100][2282.794s] GC(83) User=0.16s Sys=0.00s Real=0.00s
[2024-01-11T13:07:45.517+0100][2284.139s] GC(84) Pause Young (Concurrent Start) (G1 Evacuation Pause)
[2024-01-11T13:07:45.517+0100][2284.139s] GC(84) Using 10 workers of 10 for evacuation
[2024-01-11T13:07:45.519+0100][2284.141s] GC(84)   Pre Evacuate Collection Set: 0.1ms
[2024-01-11T13:07:45.519+0100][2284.141s] GC(84)   Merge Heap Roots: 0.1ms
[2024-01-11T13:07:45.519+0100][2284.141s] GC(84)   Evacuate Collection Set: 1.1ms
[2024-01-11T13:07:45.519+0100][2284.141s] GC(84)   Post Evacuate Collection Set: 0.4ms
[2024-01-11T13:07:45.519+0100][2284.141s] GC(84)   Other: 0.1ms
[2024-01-11T13:07:45.519+0100][2284.141s] GC(84) Eden regions: 301->0(300)
[2024-01-11T13:07:45.519+0100][2284.141s] GC(84) Survivor regions: 6->7(39)
[2024-01-11T13:07:45.519+0100][2284.141s] GC(84) Old regions: 115->115
[2024-01-11T13:07:45.519+0100][2284.141s] GC(84) Archive regions: 0->0
[2024-01-11T13:07:45.519+0100][2284.141s] GC(84) Humongous regions: 4->4
[2024-01-11T13:07:45.519+0100][2284.141s] GC(84) Metaspace: 61794K(62400K)->61794K(62400K) NonClass: 54864K(55104K)->54864K(55104K) Class: 6929K(7296K)->6929K(7296K)
[2024-01-11T13:07:45.519+0100][2284.141s] GC(84) Pause Young (Concurrent Start) (G1 Evacuation Pause) 425M->125M(512M) 1.939ms
[2024-01-11T13:07:45.519+0100][2284.141s] GC(85) Concurrent Mark Cycle
[2024-01-11T13:07:45.519+0100][2284.141s] GC(84) User=0.00s Sys=0.00s Real=0.00s
[2024-01-11T13:07:45.519+0100][2284.141s] GC(85) Concurrent Clear Claimed Marks
[2024-01-11T13:07:45.519+0100][2284.141s] GC(85) Concurrent Clear Claimed Marks 0.055ms
[2024-01-11T13:07:45.519+0100][2284.141s] GC(85) Concurrent Scan Root Regions
[2024-01-11T13:07:45.520+0100][2284.142s] GC(85) Concurrent Scan Root Regions 0.756ms
[2024-01-11T13:07:45.520+0100][2284.142s] GC(85) Concurrent Mark
[2024-01-11T13:07:45.520+0100][2284.142s] GC(85) Concurrent Mark From Roots
[2024-01-11T13:07:45.520+0100][2284.142s] GC(85) Using 3 workers of 3 for marking
[2024-01-11T13:07:45.543+0100][2284.165s] GC(85) Concurrent Mark From Roots 23.401ms
[2024-01-11T13:07:45.543+0100][2284.165s] GC(85) Concurrent Preclean
[2024-01-11T13:07:45.543+0100][2284.165s] GC(85) Concurrent Preclean 0.187ms
[2024-01-11T13:07:45.544+0100][2284.166s] GC(85) Pause Remark
[2024-01-11T13:07:45.549+0100][2284.170s] GC(85) Pause Remark 132M->132M(512M) 4.833ms
[2024-01-11T13:07:45.549+0100][2284.170s] GC(85) User=0.16s Sys=0.00s Real=0.01s
[2024-01-11T13:07:45.549+0100][2284.171s] GC(85) Concurrent Mark 28.748ms
[2024-01-11T13:07:45.549+0100][2284.171s] GC(85) Concurrent Rebuild Remembered Sets
[2024-01-11T13:07:45.563+0100][2284.185s] GC(85) Concurrent Rebuild Remembered Sets 14.481ms
[2024-01-11T13:07:45.563+0100][2284.185s] GC(85) Pause Cleanup
[2024-01-11T13:07:45.563+0100][2284.185s] GC(85) Pause Cleanup 134M->134M(512M) 0.106ms
[2024-01-11T13:07:45.563+0100][2284.185s] GC(85) User=0.00s Sys=0.00s Real=0.00s
[2024-01-11T13:07:45.563+0100][2284.185s] GC(85) Concurrent Cleanup for Next Mark
[2024-01-11T13:07:45.564+0100][2284.186s] GC(85) Concurrent Cleanup for Next Mark 0.667ms
[2024-01-11T13:07:45.564+0100][2284.186s] GC(85) Concurrent Mark Cycle 45.144ms
[2024-01-11T13:07:46.902+0100][2285.524s] GC(86) Pause Young (Prepare Mixed) (G1 Evacuation Pause)
[2024-01-11T13:07:46.902+0100][2285.524s] GC(86) Using 10 workers of 10 for evacuation
[2024-01-11T13:07:46.904+0100][2285.526s] GC(86)   Pre Evacuate Collection Set: 0.1ms
[2024-01-11T13:07:46.904+0100][2285.526s] GC(86)   Merge Heap Roots: 0.1ms
[2024-01-11T13:07:46.904+0100][2285.526s] GC(86)   Evacuate Collection Set: 1.2ms
[2024-01-11T13:07:46.904+0100][2285.526s] GC(86)   Post Evacuate Collection Set: 0.4ms
[2024-01-11T13:07:46.904+0100][2285.526s] GC(86)   Other: 0.1ms
[2024-01-11T13:07:46.904+0100][2285.526s] GC(86) Eden regions: 300->0(16)
[2024-01-11T13:07:46.904+0100][2285.526s] GC(86) Survivor regions: 7->9(39)
[2024-01-11T13:07:46.904+0100][2285.526s] GC(86) Old regions: 115->115
[2024-01-11T13:07:46.904+0100][2285.526s] GC(86) Archive regions: 0->0
[2024-01-11T13:07:46.904+0100][2285.526s] GC(86) Humongous regions: 4->4
[2024-01-11T13:07:46.904+0100][2285.526s] GC(86) Metaspace: 61799K(62400K)->61799K(62400K) NonClass: 54868K(55104K)->54868K(55104K) Class: 6930K(7296K)->6930K(7296K)
[2024-01-11T13:07:46.904+0100][2285.526s] GC(86) Pause Young (Prepare Mixed) (G1 Evacuation Pause) 425M->127M(512M) 2.098ms
[2024-01-11T13:07:46.904+0100][2285.527s] GC(86) User=0.00s Sys=0.00s Real=0.00s
[2024-01-11T13:07:46.958+0100][2285.580s] GC(87) Pause Young (Mixed) (G1 Evacuation Pause)
[2024-01-11T13:07:46.958+0100][2285.580s] GC(87) Using 10 workers of 10 for evacuation
[2024-01-11T13:07:46.961+0100][2285.583s] GC(87)   Pre Evacuate Collection Set: 0.1ms
[2024-01-11T13:07:46.961+0100][2285.583s] GC(87)   Merge Heap Roots: 0.1ms
[2024-01-11T13:07:46.961+0100][2285.583s] GC(87)   Evacuate Collection Set: 2.2ms
[2024-01-11T13:07:46.961+0100][2285.583s] GC(87)   Post Evacuate Collection Set: 0.6ms
[2024-01-11T13:07:46.961+0100][2285.583s] GC(87)   Other: 0.1ms
[2024-01-11T13:07:46.961+0100][2285.583s] GC(87) Eden regions: 16->0(305)
[2024-01-11T13:07:46.961+0100][2285.583s] GC(87) Survivor regions: 9->2(4)
[2024-01-11T13:07:46.961+0100][2285.583s] GC(87) Old regions: 115->123
[2024-01-11T13:07:46.961+0100][2285.583s] GC(87) Archive regions: 0->0
[2024-01-11T13:07:46.961+0100][2285.583s] GC(87) Humongous regions: 4->4
[2024-01-11T13:07:46.961+0100][2285.583s] GC(87) Metaspace: 61799K(62400K)->61799K(62400K) NonClass: 54868K(55104K)->54868K(55104K) Class: 6930K(7296K)->6930K(7296K)
[2024-01-11T13:07:46.961+0100][2285.583s] GC(87) Pause Young (Mixed) (G1 Evacuation Pause) 143M->127M(512M) 3.332ms
[2024-01-11T13:07:46.961+0100][2285.583s] GC(87) User=0.00s Sys=0.00s Real=0.00s
[2024-01-11T13:07:48.236+0100][2286.858s] GC(88) Pause Young (Normal) (G1 Evacuation Pause)
[2024-01-11T13:07:48.236+0100][2286.858s] GC(88) Using 10 workers of 10 for evacuation
[2024-01-11T13:07:48.237+0100][2286.859s] GC(88)   Pre Evacuate Collection Set: 0.1ms
[2024-01-11T13:07:48.237+0100][2286.859s] GC(88)   Merge Heap Roots: 0.1ms
[2024-01-11T13:07:48.237+0100][2286.859s] GC(88)   Evacuate Collection Set: 0.5ms
[2024-01-11T13:07:48.237+0100][2286.859s] GC(88)   Post Evacuate Collection Set: 0.3ms
[2024-01-11T13:07:48.237+0100][2286.859s] GC(88)   Other: 0.1ms
[2024-01-11T13:07:48.237+0100][2286.859s] GC(88) Eden regions: 305->0(303)
[2024-01-11T13:07:48.237+0100][2286.859s] GC(88) Survivor regions: 2->4(39)
[2024-01-11T13:07:48.237+0100][2286.859s] GC(88) Old regions: 123->123
[2024-01-11T13:07:48.237+0100][2286.859s] GC(88) Archive regions: 0->0
[2024-01-11T13:07:48.237+0100][2286.859s] GC(88) Humongous regions: 4->4
[2024-01-11T13:07:48.237+0100][2286.859s] GC(88) Metaspace: 61802K(62400K)->61802K(62400K) NonClass: 54872K(55104K)->54872K(55104K) Class: 6930K(7296K)->6930K(7296K)
[2024-01-11T13:07:48.237+0100][2286.859s] GC(88) Pause Young (Normal) (G1 Evacuation Pause) 432M->130M(512M) 1.242ms
[2024-01-11T13:07:48.237+0100][2286.859s] GC(88) User=0.00s Sys=0.00s Real=0.00s
[2024-01-11T13:13:18.285+0100][2616.907s] GC(89) Pause Young (Normal) (G1 Evacuation Pause)
[2024-01-11T13:13:18.285+0100][2616.907s] GC(89) Using 10 workers of 10 for evacuation
[2024-01-11T13:13:18.287+0100][2616.909s] GC(89)   Pre Evacuate Collection Set: 0.1ms
[2024-01-11T13:13:18.287+0100][2616.909s] GC(89)   Merge Heap Roots: 0.1ms
[2024-01-11T13:13:18.287+0100][2616.909s] GC(89)   Evacuate Collection Set: 1.3ms
[2024-01-11T13:13:18.287+0100][2616.909s] GC(89)   Post Evacuate Collection Set: 0.3ms
[2024-01-11T13:13:18.287+0100][2616.909s] GC(89)   Other: 0.1ms
[2024-01-11T13:13:18.287+0100][2616.909s] GC(89) Eden regions: 303->0(302)
[2024-01-11T13:13:18.287+0100][2616.909s] GC(89) Survivor regions: 4->5(39)
[2024-01-11T13:13:18.287+0100][2616.909s] GC(89) Old regions: 123->123
[2024-01-11T13:13:18.287+0100][2616.909s] GC(89) Archive regions: 0->0
[2024-01-11T13:13:18.287+0100][2616.909s] GC(89) Humongous regions: 4->4
[2024-01-11T13:13:18.287+0100][2616.909s] GC(89) Metaspace: 61858K(62400K)->61858K(62400K) NonClass: 54923K(55104K)->54923K(55104K) Class: 6935K(7296K)->6935K(7296K)
[2024-01-11T13:13:18.287+0100][2616.909s] GC(89) Pause Young (Normal) (G1 Evacuation Pause) 433M->131M(512M) 2.051ms
[2024-01-11T13:13:18.287+0100][2616.909s] GC(89) User=0.00s Sys=0.00s Real=0.00s
[2024-01-11T13:13:19.714+0100][2618.336s] GC(90) Pause Young (Concurrent Start) (G1 Evacuation Pause)
[2024-01-11T13:13:19.714+0100][2618.336s] GC(90) Using 10 workers of 10 for evacuation
[2024-01-11T13:13:19.716+0100][2618.338s] GC(90)   Pre Evacuate Collection Set: 0.2ms
[2024-01-11T13:13:19.716+0100][2618.338s] GC(90)   Merge Heap Roots: 0.1ms
[2024-01-11T13:13:19.716+0100][2618.338s] GC(90)   Evacuate Collection Set: 1.0ms
[2024-01-11T13:13:19.716+0100][2618.338s] GC(90)   Post Evacuate Collection Set: 0.4ms
[2024-01-11T13:13:19.716+0100][2618.338s] GC(90)   Other: 0.0ms
[2024-01-11T13:13:19.716+0100][2618.338s] GC(90) Eden regions: 302->0(300)
[2024-01-11T13:13:19.716+0100][2618.338s] GC(90) Survivor regions: 5->7(39)
[2024-01-11T13:13:19.716+0100][2618.338s] GC(90) Old regions: 123->123
[2024-01-11T13:13:19.716+0100][2618.338s] GC(90) Archive regions: 0->0
[2024-01-11T13:13:19.716+0100][2618.338s] GC(90) Humongous regions: 4->4
[2024-01-11T13:13:19.716+0100][2618.338s] GC(90) Metaspace: 61859K(62400K)->61859K(62400K) NonClass: 54923K(55104K)->54923K(55104K) Class: 6935K(7296K)->6935K(7296K)
[2024-01-11T13:13:19.716+0100][2618.338s] GC(90) Pause Young (Concurrent Start) (G1 Evacuation Pause) 433M->133M(512M) 1.958ms
[2024-01-11T13:13:19.716+0100][2618.338s] GC(90) User=0.00s Sys=0.00s Real=0.00s
[2024-01-11T13:13:19.716+0100][2618.338s] GC(91) Concurrent Mark Cycle
[2024-01-11T13:13:19.716+0100][2618.338s] GC(91) Concurrent Clear Claimed Marks
[2024-01-11T13:13:19.716+0100][2618.338s] GC(91) Concurrent Clear Claimed Marks 0.027ms
[2024-01-11T13:13:19.716+0100][2618.338s] GC(91) Concurrent Scan Root Regions
[2024-01-11T13:13:19.717+0100][2618.339s] GC(91) Concurrent Scan Root Regions 0.750ms
[2024-01-11T13:13:19.717+0100][2618.339s] GC(91) Concurrent Mark
[2024-01-11T13:13:19.717+0100][2618.339s] GC(91) Concurrent Mark From Roots
[2024-01-11T13:13:19.717+0100][2618.339s] GC(91) Using 3 workers of 3 for marking
[2024-01-11T13:13:19.739+0100][2618.361s] GC(91) Concurrent Mark From Roots 22.134ms
[2024-01-11T13:13:19.739+0100][2618.361s] GC(91) Concurrent Preclean
[2024-01-11T13:13:19.739+0100][2618.361s] GC(91) Concurrent Preclean 0.180ms
[2024-01-11T13:13:19.739+0100][2618.361s] GC(91) Pause Remark
[2024-01-11T13:13:19.747+0100][2618.369s] GC(91) Pause Remark 139M->139M(512M) 7.926ms
[2024-01-11T13:13:19.747+0100][2618.369s] GC(91) User=0.00s Sys=0.00s Real=0.01s
[2024-01-11T13:13:19.747+0100][2618.369s] GC(91) Concurrent Mark 30.602ms
[2024-01-11T13:13:19.747+0100][2618.370s] GC(91) Concurrent Rebuild Remembered Sets
[2024-01-11T13:13:19.759+0100][2618.382s] GC(91) Concurrent Rebuild Remembered Sets 12.601ms
[2024-01-11T13:13:19.759+0100][2618.382s] GC(91) Pause Cleanup
[2024-01-11T13:13:19.760+0100][2618.382s] GC(91) Pause Cleanup 142M->142M(512M) 0.138ms
[2024-01-11T13:13:19.760+0100][2618.382s] GC(91) User=0.00s Sys=0.00s Real=0.00s
[2024-01-11T13:13:19.760+0100][2618.382s] GC(91) Concurrent Cleanup for Next Mark
[2024-01-11T13:13:19.760+0100][2618.383s] GC(91) Concurrent Cleanup for Next Mark 0.779ms
[2024-01-11T13:13:19.760+0100][2618.383s] GC(91) Concurrent Mark Cycle 45.150ms
[2024-01-11T13:13:21.034+0100][2619.657s] GC(92) Pause Young (Prepare Mixed) (G1 Evacuation Pause)
[2024-01-11T13:13:21.034+0100][2619.657s] GC(92) Using 10 workers of 10 for evacuation
[2024-01-11T13:13:21.036+0100][2619.658s] GC(92)   Pre Evacuate Collection Set: 0.1ms
[2024-01-11T13:13:21.036+0100][2619.659s] GC(92)   Merge Heap Roots: 0.1ms
[2024-01-11T13:13:21.036+0100][2619.659s] GC(92)   Evacuate Collection Set: 0.9ms
[2024-01-11T13:13:21.036+0100][2619.659s] GC(92)   Post Evacuate Collection Set: 0.4ms
[2024-01-11T13:13:21.036+0100][2619.659s] GC(92)   Other: 0.1ms
[2024-01-11T13:13:21.036+0100][2619.659s] GC(92) Eden regions: 300->0(18)
[2024-01-11T13:13:21.036+0100][2619.659s] GC(92) Survivor regions: 7->7(39)
[2024-01-11T13:13:21.036+0100][2619.659s] GC(92) Old regions: 123->123
[2024-01-11T13:13:21.036+0100][2619.659s] GC(92) Archive regions: 0->0
[2024-01-11T13:13:21.036+0100][2619.659s] GC(92) Humongous regions: 4->4
[2024-01-11T13:13:21.036+0100][2619.659s] GC(92) Metaspace: 61850K(62400K)->61850K(62400K) NonClass: 54918K(55104K)->54918K(55104K) Class: 6932K(7296K)->6932K(7296K)
[2024-01-11T13:13:21.036+0100][2619.659s] GC(92) Pause Young (Prepare Mixed) (G1 Evacuation Pause) 433M->132M(512M) 1.726ms
[2024-01-11T13:13:21.036+0100][2619.659s] GC(92) User=0.00s Sys=0.00s Real=0.00s
[2024-01-11T13:13:21.127+0100][2619.749s] GC(93) Pause Young (Mixed) (G1 Evacuation Pause)
[2024-01-11T13:13:21.127+0100][2619.749s] GC(93) Using 10 workers of 10 for evacuation
[2024-01-11T13:13:21.128+0100][2619.751s] GC(93)   Pre Evacuate Collection Set: 0.2ms
[2024-01-11T13:13:21.128+0100][2619.751s] GC(93)   Merge Heap Roots: 0.2ms
[2024-01-11T13:13:21.128+0100][2619.751s] GC(93)   Evacuate Collection Set: 1.2ms
[2024-01-11T13:13:21.128+0100][2619.751s] GC(93)   Post Evacuate Collection Set: 0.5ms
[2024-01-11T13:13:21.128+0100][2619.751s] GC(93)   Other: 0.1ms
[2024-01-11T13:13:21.128+0100][2619.751s] GC(93) Eden regions: 18->0(24)
[2024-01-11T13:13:21.128+0100][2619.751s] GC(93) Survivor regions: 7->1(4)
[2024-01-11T13:13:21.128+0100][2619.751s] GC(93) Old regions: 123->77
[2024-01-11T13:13:21.128+0100][2619.751s] GC(93) Archive regions: 0->0
[2024-01-11T13:13:21.128+0100][2619.751s] GC(93) Humongous regions: 4->4
[2024-01-11T13:13:21.128+0100][2619.751s] GC(93) Metaspace: 61850K(62400K)->61850K(62400K) NonClass: 54918K(55104K)->54918K(55104K) Class: 6932K(7296K)->6932K(7296K)
[2024-01-11T13:13:21.129+0100][2619.751s] GC(93) Pause Young (Mixed) (G1 Evacuation Pause) 150M->80M(512M) 2.260ms
[2024-01-11T13:13:21.129+0100][2619.751s] GC(93) User=0.00s Sys=0.00s Real=0.00s
[2024-01-11T13:13:21.243+0100][2619.865s] GC(94) Pause Young (Mixed) (G1 Evacuation Pause)
[2024-01-11T13:13:21.243+0100][2619.865s] GC(94) Using 10 workers of 10 for evacuation
[2024-01-11T13:13:21.244+0100][2619.866s] GC(94)   Pre Evacuate Collection Set: 0.1ms
[2024-01-11T13:13:21.244+0100][2619.866s] GC(94)   Merge Heap Roots: 0.1ms
[2024-01-11T13:13:21.244+0100][2619.866s] GC(94)   Evacuate Collection Set: 0.4ms
[2024-01-11T13:13:21.244+0100][2619.866s] GC(94)   Post Evacuate Collection Set: 0.3ms
[2024-01-11T13:13:21.244+0100][2619.866s] GC(94)   Other: 0.1ms
[2024-01-11T13:13:21.244+0100][2619.866s] GC(94) Eden regions: 24->0(305)
[2024-01-11T13:13:21.244+0100][2619.866s] GC(94) Survivor regions: 1->2(4)
[2024-01-11T13:13:21.244+0100][2619.866s] GC(94) Old regions: 77->70
[2024-01-11T13:13:21.244+0100][2619.866s] GC(94) Archive regions: 0->0
[2024-01-11T13:13:21.244+0100][2619.866s] GC(94) Humongous regions: 4->4
[2024-01-11T13:13:21.244+0100][2619.866s] GC(94) Metaspace: 61850K(62400K)->61850K(62400K) NonClass: 54918K(55104K)->54918K(55104K) Class: 6932K(7296K)->6932K(7296K)
[2024-01-11T13:13:21.244+0100][2619.866s] GC(94) Pause Young (Mixed) (G1 Evacuation Pause) 104M->74M(512M) 1.170ms
[2024-01-11T13:13:21.244+0100][2619.866s] GC(94) User=0.00s Sys=0.00s Real=0.00s
[2024-01-11T13:13:22.654+0100][2621.276s] GC(95) Pause Young (Normal) (G1 Evacuation Pause)
[2024-01-11T13:13:22.655+0100][2621.276s] GC(95) Using 10 workers of 10 for evacuation
[2024-01-11T13:13:22.656+0100][2621.278s] GC(95)   Pre Evacuate Collection Set: 0.1ms
[2024-01-11T13:13:22.656+0100][2621.278s] GC(95)   Merge Heap Roots: 0.1ms
[2024-01-11T13:13:22.656+0100][2621.278s] GC(95)   Evacuate Collection Set: 0.6ms
[2024-01-11T13:13:22.656+0100][2621.278s] GC(95)   Post Evacuate Collection Set: 0.4ms
[2024-01-11T13:13:22.656+0100][2621.278s] GC(95)   Other: 0.1ms
[2024-01-11T13:13:22.656+0100][2621.278s] GC(95) Eden regions: 305->0(303)
[2024-01-11T13:13:22.656+0100][2621.278s] GC(95) Survivor regions: 2->4(39)
[2024-01-11T13:13:22.656+0100][2621.278s] GC(95) Old regions: 70->70
[2024-01-11T13:13:22.656+0100][2621.278s] GC(95) Archive regions: 0->0
[2024-01-11T13:13:22.656+0100][2621.278s] GC(95) Humongous regions: 4->4
[2024-01-11T13:13:22.656+0100][2621.278s] GC(95) Metaspace: 61850K(62400K)->61850K(62400K) NonClass: 54918K(55104K)->54918K(55104K) Class: 6932K(7296K)->6932K(7296K)
[2024-01-11T13:13:22.656+0100][2621.278s] GC(95) Pause Young (Normal) (G1 Evacuation Pause) 379M->76M(512M) 1.396ms
[2024-01-11T13:13:22.656+0100][2621.278s] GC(95) User=0.00s Sys=0.00s Real=0.00s
[2024-01-11T13:13:23.549+0100][2622.171s] GC(96) Pause Young (Concurrent Start) (CodeCache GC Threshold)
[2024-01-11T13:13:23.549+0100][2622.171s] GC(96) Using 10 workers of 10 for evacuation
[2024-01-11T13:13:23.550+0100][2622.172s] GC(96)   Pre Evacuate Collection Set: 0.1ms
[2024-01-11T13:13:23.550+0100][2622.172s] GC(96)   Merge Heap Roots: 0.1ms
[2024-01-11T13:13:23.550+0100][2622.172s] GC(96)   Evacuate Collection Set: 0.8ms
[2024-01-11T13:13:23.550+0100][2622.172s] GC(96)   Post Evacuate Collection Set: 0.4ms
[2024-01-11T13:13:23.550+0100][2622.172s] GC(96)   Other: 0.0ms
[2024-01-11T13:13:23.550+0100][2622.172s] GC(96) Eden regions: 203->0(302)
[2024-01-11T13:13:23.550+0100][2622.172s] GC(96) Survivor regions: 4->5(39)
[2024-01-11T13:13:23.550+0100][2622.172s] GC(96) Old regions: 70->70
[2024-01-11T13:13:23.550+0100][2622.172s] GC(96) Archive regions: 0->0
[2024-01-11T13:13:23.550+0100][2622.172s] GC(96) Humongous regions: 4->4
[2024-01-11T13:13:23.550+0100][2622.172s] GC(96) Metaspace: 61853K(62464K)->61853K(62464K) NonClass: 54921K(55168K)->54921K(55168K) Class: 6932K(7296K)->6932K(7296K)
[2024-01-11T13:13:23.550+0100][2622.172s] GC(96) Pause Young (Concurrent Start) (CodeCache GC Threshold) 279M->77M(512M) 1.635ms
[2024-01-11T13:13:23.550+0100][2622.172s] GC(97) Concurrent Mark Cycle
[2024-01-11T13:13:23.550+0100][2622.172s] GC(96) User=0.00s Sys=0.00s Real=0.00s
[2024-01-11T13:13:23.550+0100][2622.172s] GC(97) Concurrent Clear Claimed Marks
[2024-01-11T13:13:23.550+0100][2622.172s] GC(97) Concurrent Clear Claimed Marks 0.046ms
[2024-01-11T13:13:23.550+0100][2622.172s] GC(97) Concurrent Scan Root Regions
[2024-01-11T13:13:23.551+0100][2622.173s] GC(97) Concurrent Scan Root Regions 0.738ms
[2024-01-11T13:13:23.551+0100][2622.173s] GC(97) Concurrent Mark
[2024-01-11T13:13:23.551+0100][2622.173s] GC(97) Concurrent Mark From Roots
[2024-01-11T13:13:23.551+0100][2622.173s] GC(97) Using 3 workers of 3 for marking
[2024-01-11T13:13:23.575+0100][2622.197s] GC(97) Concurrent Mark From Roots 24.176ms
[2024-01-11T13:13:23.575+0100][2622.197s] GC(97) Concurrent Preclean
[2024-01-11T13:13:23.575+0100][2622.198s] GC(97) Concurrent Preclean 0.202ms
[2024-01-11T13:13:23.575+0100][2622.198s] GC(97) Pause Remark
[2024-01-11T13:13:23.578+0100][2622.201s] GC(97) Pause Remark 85M->85M(512M) 3.169ms
[2024-01-11T13:13:23.578+0100][2622.201s] GC(97) User=0.16s Sys=0.00s Real=0.00s
[2024-01-11T13:13:23.579+0100][2622.201s] GC(97) Concurrent Mark 27.965ms
[2024-01-11T13:13:23.579+0100][2622.201s] GC(97) Concurrent Rebuild Remembered Sets
[2024-01-11T13:13:23.590+0100][2622.213s] GC(97) Concurrent Rebuild Remembered Sets 11.625ms
[2024-01-11T13:13:23.591+0100][2622.213s] GC(97) Pause Cleanup
[2024-01-11T13:13:23.591+0100][2622.213s] GC(97) Pause Cleanup 88M->88M(512M) 0.189ms
[2024-01-11T13:13:23.591+0100][2622.213s] GC(97) User=0.00s Sys=0.00s Real=0.00s
[2024-01-11T13:13:23.591+0100][2622.213s] GC(97) Concurrent Cleanup for Next Mark
[2024-01-11T13:13:23.592+0100][2622.214s] GC(97) Concurrent Cleanup for Next Mark 1.016ms
[2024-01-11T13:13:23.592+0100][2622.215s] GC(97) Concurrent Mark Cycle 42.148ms
[2024-01-11T13:13:24.937+0100][2623.559s] GC(98) Pause Young (Prepare Mixed) (G1 Evacuation Pause)
[2024-01-11T13:13:24.937+0100][2623.559s] GC(98) Using 10 workers of 10 for evacuation
[2024-01-11T13:13:24.939+0100][2623.561s] GC(98)   Pre Evacuate Collection Set: 0.1ms
[2024-01-11T13:13:24.939+0100][2623.561s] GC(98)   Merge Heap Roots: 0.1ms
[2024-01-11T13:13:24.939+0100][2623.561s] GC(98)   Evacuate Collection Set: 1.1ms
[2024-01-11T13:13:24.939+0100][2623.561s] GC(98)   Post Evacuate Collection Set: 0.5ms
[2024-01-11T13:13:24.939+0100][2623.561s] GC(98)   Other: 0.1ms
[2024-01-11T13:13:24.939+0100][2623.561s] GC(98) Eden regions: 302->0(18)
[2024-01-11T13:13:24.939+0100][2623.561s] GC(98) Survivor regions: 5->7(39)
[2024-01-11T13:13:24.939+0100][2623.561s] GC(98) Old regions: 70->70
[2024-01-11T13:13:24.939+0100][2623.561s] GC(98) Archive regions: 0->0
[2024-01-11T13:13:24.939+0100][2623.561s] GC(98) Humongous regions: 4->4
[2024-01-11T13:13:24.939+0100][2623.561s] GC(98) Metaspace: 61854K(62464K)->61854K(62464K) NonClass: 54922K(55168K)->54922K(55168K) Class: 6932K(7296K)->6932K(7296K)
[2024-01-11T13:13:24.939+0100][2623.561s] GC(98) Pause Young (Prepare Mixed) (G1 Evacuation Pause) 379M->79M(512M) 2.028ms
[2024-01-11T13:13:24.939+0100][2623.561s] GC(98) User=0.16s Sys=0.00s Real=0.00s
[2024-01-11T13:13:25.022+0100][2623.644s] GC(99) Pause Young (Mixed) (G1 Evacuation Pause)
[2024-01-11T13:13:25.022+0100][2623.644s] GC(99) Using 10 workers of 10 for evacuation
[2024-01-11T13:13:25.023+0100][2623.646s] GC(99)   Pre Evacuate Collection Set: 0.1ms
[2024-01-11T13:13:25.023+0100][2623.646s] GC(99)   Merge Heap Roots: 0.1ms
[2024-01-11T13:13:25.023+0100][2623.646s] GC(99)   Evacuate Collection Set: 0.9ms
[2024-01-11T13:13:25.023+0100][2623.646s] GC(99)   Post Evacuate Collection Set: 0.4ms
[2024-01-11T13:13:25.023+0100][2623.646s] GC(99)   Other: 0.1ms
[2024-01-11T13:13:25.023+0100][2623.646s] GC(99) Eden regions: 18->0(306)
[2024-01-11T13:13:25.023+0100][2623.646s] GC(99) Survivor regions: 7->1(4)
[2024-01-11T13:13:25.023+0100][2623.646s] GC(99) Old regions: 70->70
[2024-01-11T13:13:25.023+0100][2623.646s] GC(99) Archive regions: 0->0
[2024-01-11T13:13:25.023+0100][2623.646s] GC(99) Humongous regions: 4->4
[2024-01-11T13:13:25.023+0100][2623.646s] GC(99) Metaspace: 61854K(62464K)->61854K(62464K) NonClass: 54922K(55168K)->54922K(55168K) Class: 6932K(7296K)->6932K(7296K)
[2024-01-11T13:13:25.023+0100][2623.646s] GC(99) Pause Young (Mixed) (G1 Evacuation Pause) 97M->74M(512M) 1.807ms
[2024-01-11T13:13:25.023+0100][2623.646s] GC(99) User=0.00s Sys=0.00s Real=0.00s
[2024-01-11T13:13:26.385+0100][2625.006s] GC(100) Pause Young (Normal) (G1 Evacuation Pause)
[2024-01-11T13:13:26.385+0100][2625.006s] GC(100) Using 10 workers of 10 for evacuation
[2024-01-11T13:13:26.386+0100][2625.008s] GC(100)   Pre Evacuate Collection Set: 0.1ms
[2024-01-11T13:13:26.386+0100][2625.008s] GC(100)   Merge Heap Roots: 0.1ms
[2024-01-11T13:13:26.386+0100][2625.008s] GC(100)   Evacuate Collection Set: 0.7ms
[2024-01-11T13:13:26.386+0100][2625.008s] GC(100)   Post Evacuate Collection Set: 0.5ms
[2024-01-11T13:13:26.386+0100][2625.008s] GC(100)   Other: 0.1ms
[2024-01-11T13:13:26.386+0100][2625.008s] GC(100) Eden regions: 306->0(303)
[2024-01-11T13:13:26.386+0100][2625.008s] GC(100) Survivor regions: 1->4(39)
[2024-01-11T13:13:26.386+0100][2625.008s] GC(100) Old regions: 70->70
[2024-01-11T13:13:26.386+0100][2625.008s] GC(100) Archive regions: 0->0
[2024-01-11T13:13:26.386+0100][2625.008s] GC(100) Humongous regions: 4->4
[2024-01-11T13:13:26.386+0100][2625.008s] GC(100) Metaspace: 61854K(62464K)->61854K(62464K) NonClass: 54922K(55168K)->54922K(55168K) Class: 6932K(7296K)->6932K(7296K)
[2024-01-11T13:13:26.386+0100][2625.008s] GC(100) Pause Young (Normal) (G1 Evacuation Pause) 380M->77M(512M) 1.560ms
[2024-01-11T13:13:26.386+0100][2625.008s] GC(100) User=0.00s Sys=0.00s Real=0.00s
[2024-01-11T13:13:27.734+0100][2626.357s] GC(101) Pause Young (Normal) (G1 Evacuation Pause)
[2024-01-11T13:13:27.734+0100][2626.357s] GC(101) Using 10 workers of 10 for evacuation
[2024-01-11T13:13:27.736+0100][2626.359s] GC(101)   Pre Evacuate Collection Set: 0.1ms
[2024-01-11T13:13:27.736+0100][2626.359s] GC(101)   Merge Heap Roots: 0.1ms
[2024-01-11T13:13:27.736+0100][2626.359s] GC(101)   Evacuate Collection Set: 0.9ms
[2024-01-11T13:13:27.736+0100][2626.359s] GC(101)   Post Evacuate Collection Set: 0.5ms
[2024-01-11T13:13:27.736+0100][2626.359s] GC(101)   Other: 0.1ms
[2024-01-11T13:13:27.736+0100][2626.359s] GC(101) Eden regions: 303->0(302)
[2024-01-11T13:13:27.736+0100][2626.359s] GC(101) Survivor regions: 4->5(39)
[2024-01-11T13:13:27.736+0100][2626.359s] GC(101) Old regions: 70->70
[2024-01-11T13:13:27.736+0100][2626.359s] GC(101) Archive regions: 0->0
[2024-01-11T13:13:27.736+0100][2626.359s] GC(101) Humongous regions: 4->4
[2024-01-11T13:13:27.736+0100][2626.359s] GC(101) Metaspace: 61857K(62464K)->61857K(62464K) NonClass: 54925K(55168K)->54925K(55168K) Class: 6932K(7296K)->6932K(7296K)
[2024-01-11T13:13:27.736+0100][2626.359s] GC(101) Pause Young (Normal) (G1 Evacuation Pause) 380M->78M(512M) 1.924ms
[2024-01-11T13:13:27.736+0100][2626.359s] GC(101) User=0.00s Sys=0.00s Real=0.00s
[2024-01-11T13:13:29.201+0100][2627.823s] GC(102) Pause Young (Normal) (G1 Evacuation Pause)
[2024-01-11T13:13:29.201+0100][2627.823s] GC(102) Using 10 workers of 10 for evacuation
[2024-01-11T13:13:29.203+0100][2627.825s] GC(102)   Pre Evacuate Collection Set: 0.1ms
[2024-01-11T13:13:29.203+0100][2627.825s] GC(102)   Merge Heap Roots: 0.1ms
[2024-01-11T13:13:29.203+0100][2627.825s] GC(102)   Evacuate Collection Set: 0.9ms
[2024-01-11T13:13:29.203+0100][2627.825s] GC(102)   Post Evacuate Collection Set: 0.4ms
[2024-01-11T13:13:29.203+0100][2627.825s] GC(102)   Other: 0.1ms
[2024-01-11T13:13:29.203+0100][2627.825s] GC(102) Eden regions: 302->0(300)
[2024-01-11T13:13:29.203+0100][2627.825s] GC(102) Survivor regions: 5->7(39)
[2024-01-11T13:13:29.203+0100][2627.825s] GC(102) Old regions: 70->70
[2024-01-11T13:13:29.203+0100][2627.825s] GC(102) Archive regions: 0->0
[2024-01-11T13:13:29.203+0100][2627.825s] GC(102) Humongous regions: 4->4
[2024-01-11T13:13:29.203+0100][2627.825s] GC(102) Metaspace: 61865K(62464K)->61865K(62464K) NonClass: 54933K(55168K)->54933K(55168K) Class: 6932K(7296K)->6932K(7296K)
[2024-01-11T13:13:29.203+0100][2627.825s] GC(102) Pause Young (Normal) (G1 Evacuation Pause) 380M->80M(512M) 1.738ms
[2024-01-11T13:13:29.203+0100][2627.825s] GC(102) User=0.00s Sys=0.00s Real=0.00s
[2024-01-11T13:13:30.448+0100][2629.071s] GC(103) Pause Young (Normal) (G1 Evacuation Pause)
[2024-01-11T13:13:30.448+0100][2629.071s] GC(103) Using 10 workers of 10 for evacuation
[2024-01-11T13:13:30.450+0100][2629.072s] GC(103)   Pre Evacuate Collection Set: 0.1ms
[2024-01-11T13:13:30.450+0100][2629.072s] GC(103)   Merge Heap Roots: 0.0ms
[2024-01-11T13:13:30.450+0100][2629.072s] GC(103)   Evacuate Collection Set: 1.1ms
[2024-01-11T13:13:30.450+0100][2629.072s] GC(103)   Post Evacuate Collection Set: 0.4ms
[2024-01-11T13:13:30.450+0100][2629.072s] GC(103)   Other: 0.1ms
[2024-01-11T13:13:30.450+0100][2629.072s] GC(103) Eden regions: 300->0(298)
[2024-01-11T13:13:30.450+0100][2629.073s] GC(103) Survivor regions: 7->9(39)
[2024-01-11T13:13:30.450+0100][2629.073s] GC(103) Old regions: 70->70
[2024-01-11T13:13:30.450+0100][2629.073s] GC(103) Archive regions: 0->0
[2024-01-11T13:13:30.450+0100][2629.073s] GC(103) Humongous regions: 4->4
[2024-01-11T13:13:30.450+0100][2629.073s] GC(103) Metaspace: 61867K(62464K)->61867K(62464K) NonClass: 54935K(55168K)->54935K(55168K) Class: 6932K(7296K)->6932K(7296K)
[2024-01-11T13:13:30.450+0100][2629.073s] GC(103) Pause Young (Normal) (G1 Evacuation Pause) 380M->81M(512M) 1.926ms
[2024-01-11T13:13:30.450+0100][2629.073s] GC(103) User=0.00s Sys=0.00s Real=0.00s
[2024-01-11T13:13:31.782+0100][2630.404s] GC(104) Pause Young (Normal) (G1 Evacuation Pause)
[2024-01-11T13:13:31.782+0100][2630.404s] GC(104) Using 10 workers of 10 for evacuation
[2024-01-11T13:13:31.784+0100][2630.406s] GC(104)   Pre Evacuate Collection Set: 0.1ms
[2024-01-11T13:13:31.784+0100][2630.407s] GC(104)   Merge Heap Roots: 0.1ms
[2024-01-11T13:13:31.785+0100][2630.407s] GC(104)   Evacuate Collection Set: 1.3ms
[2024-01-11T13:13:31.785+0100][2630.407s] GC(104)   Post Evacuate Collection Set: 0.5ms
[2024-01-11T13:13:31.785+0100][2630.407s] GC(104)   Other: 0.1ms
[2024-01-11T13:13:31.785+0100][2630.407s] GC(104) Eden regions: 298->0(297)
[2024-01-11T13:13:31.785+0100][2630.407s] GC(104) Survivor regions: 9->10(39)
[2024-01-11T13:13:31.785+0100][2630.407s] GC(104) Old regions: 70->70
[2024-01-11T13:13:31.785+0100][2630.407s] GC(104) Archive regions: 0->0
[2024-01-11T13:13:31.785+0100][2630.407s] GC(104) Humongous regions: 4->4
[2024-01-11T13:13:31.785+0100][2630.407s] GC(104) Metaspace: 61867K(62464K)->61867K(62464K) NonClass: 54935K(55168K)->54935K(55168K) Class: 6932K(7296K)->6932K(7296K)
[2024-01-11T13:13:31.785+0100][2630.407s] GC(104) Pause Young (Normal) (G1 Evacuation Pause) 379M->83M(512M) 2.403ms
[2024-01-11T13:13:31.785+0100][2630.407s] GC(104) User=0.00s Sys=0.00s Real=0.00s
[2024-01-11T13:13:33.138+0100][2631.760s] GC(105) Pause Young (Normal) (G1 Evacuation Pause)
[2024-01-11T13:13:33.138+0100][2631.760s] GC(105) Using 10 workers of 10 for evacuation
[2024-01-11T13:13:33.140+0100][2631.762s] GC(105)   Pre Evacuate Collection Set: 0.1ms
[2024-01-11T13:13:33.140+0100][2631.762s] GC(105)   Merge Heap Roots: 0.2ms
[2024-01-11T13:13:33.140+0100][2631.762s] GC(105)   Evacuate Collection Set: 1.6ms
[2024-01-11T13:13:33.140+0100][2631.762s] GC(105)   Post Evacuate Collection Set: 0.6ms
[2024-01-11T13:13:33.140+0100][2631.762s] GC(105)   Other: 0.1ms
[2024-01-11T13:13:33.140+0100][2631.762s] GC(105) Eden regions: 297->0(295)
[2024-01-11T13:13:33.140+0100][2631.762s] GC(105) Survivor regions: 10->12(39)
[2024-01-11T13:13:33.140+0100][2631.762s] GC(105) Old regions: 70->70
[2024-01-11T13:13:33.140+0100][2631.762s] GC(105) Archive regions: 0->0
[2024-01-11T13:13:33.140+0100][2631.762s] GC(105) Humongous regions: 4->4
[2024-01-11T13:13:33.140+0100][2631.762s] GC(105) Metaspace: 61867K(62464K)->61867K(62464K) NonClass: 54935K(55168K)->54935K(55168K) Class: 6932K(7296K)->6932K(7296K)
[2024-01-11T13:13:33.140+0100][2631.762s] GC(105) Pause Young (Normal) (G1 Evacuation Pause) 380M->85M(512M) 2.749ms
[2024-01-11T13:13:33.140+0100][2631.762s] GC(105) User=0.00s Sys=0.00s Real=0.00s
[2024-01-11T13:13:34.393+0100][2633.015s] GC(106) Pause Young (Normal) (G1 Evacuation Pause)
[2024-01-11T13:13:34.393+0100][2633.015s] GC(106) Using 10 workers of 10 for evacuation
[2024-01-11T13:13:34.396+0100][2633.018s] GC(106)   Pre Evacuate Collection Set: 0.1ms
[2024-01-11T13:13:34.396+0100][2633.018s] GC(106)   Merge Heap Roots: 0.1ms
[2024-01-11T13:13:34.396+0100][2633.018s] GC(106)   Evacuate Collection Set: 1.7ms
[2024-01-11T13:13:34.396+0100][2633.018s] GC(106)   Post Evacuate Collection Set: 0.4ms
[2024-01-11T13:13:34.396+0100][2633.018s] GC(106)   Other: 0.1ms
[2024-01-11T13:13:34.396+0100][2633.018s] GC(106) Eden regions: 295->0(293)
[2024-01-11T13:13:34.396+0100][2633.018s] GC(106) Survivor regions: 12->14(39)
[2024-01-11T13:13:34.396+0100][2633.018s] GC(106) Old regions: 70->70
[2024-01-11T13:13:34.396+0100][2633.018s] GC(106) Archive regions: 0->0
[2024-01-11T13:13:34.396+0100][2633.018s] GC(106) Humongous regions: 4->4
[2024-01-11T13:13:34.396+0100][2633.018s] GC(106) Metaspace: 61867K(62464K)->61867K(62464K) NonClass: 54935K(55168K)->54935K(55168K) Class: 6932K(7296K)->6932K(7296K)
[2024-01-11T13:13:34.396+0100][2633.018s] GC(106) Pause Young (Normal) (G1 Evacuation Pause) 380M->87M(512M) 2.504ms
[2024-01-11T13:13:34.396+0100][2633.018s] GC(106) User=0.00s Sys=0.00s Real=0.00s
[2024-01-11T13:13:35.757+0100][2634.379s] GC(107) Pause Young (Normal) (G1 Evacuation Pause)
[2024-01-11T13:13:35.757+0100][2634.379s] GC(107) Using 10 workers of 10 for evacuation
[2024-01-11T13:13:35.759+0100][2634.382s] GC(107)   Pre Evacuate Collection Set: 0.1ms
[2024-01-11T13:13:35.759+0100][2634.382s] GC(107)   Merge Heap Roots: 0.1ms
[2024-01-11T13:13:35.759+0100][2634.382s] GC(107)   Evacuate Collection Set: 1.9ms
[2024-01-11T13:13:35.759+0100][2634.382s] GC(107)   Post Evacuate Collection Set: 0.5ms
[2024-01-11T13:13:35.759+0100][2634.382s] GC(107)   Other: 0.1ms
[2024-01-11T13:13:35.759+0100][2634.382s] GC(107) Eden regions: 293->0(292)
[2024-01-11T13:13:35.759+0100][2634.382s] GC(107) Survivor regions: 14->15(39)
[2024-01-11T13:13:35.759+0100][2634.382s] GC(107) Old regions: 70->70
[2024-01-11T13:13:35.759+0100][2634.382s] GC(107) Archive regions: 0->0
[2024-01-11T13:13:35.759+0100][2634.382s] GC(107) Humongous regions: 4->4
[2024-01-11T13:13:35.759+0100][2634.382s] GC(107) Metaspace: 61882K(62528K)->61882K(62528K) NonClass: 54950K(55232K)->54950K(55232K) Class: 6932K(7296K)->6932K(7296K)
[2024-01-11T13:13:35.759+0100][2634.382s] GC(107) Pause Young (Normal) (G1 Evacuation Pause) 380M->88M(512M) 2.787ms
[2024-01-11T13:13:35.759+0100][2634.382s] GC(107) User=0.00s Sys=0.00s Real=0.00s
[2024-01-11T13:13:37.041+0100][2635.663s] GC(108) Pause Young (Normal) (G1 Evacuation Pause)
[2024-01-11T13:13:37.041+0100][2635.663s] GC(108) Using 10 workers of 10 for evacuation
[2024-01-11T13:13:37.043+0100][2635.666s] GC(108)   Pre Evacuate Collection Set: 0.1ms
[2024-01-11T13:13:37.043+0100][2635.666s] GC(108)   Merge Heap Roots: 0.1ms
[2024-01-11T13:13:37.043+0100][2635.666s] GC(108)   Evacuate Collection Set: 2.0ms
[2024-01-11T13:13:37.043+0100][2635.666s] GC(108)   Post Evacuate Collection Set: 0.4ms
[2024-01-11T13:13:37.043+0100][2635.666s] GC(108)   Other: 0.1ms
[2024-01-11T13:13:37.043+0100][2635.666s] GC(108) Eden regions: 292->0(290)
[2024-01-11T13:13:37.043+0100][2635.666s] GC(108) Survivor regions: 15->17(39)
[2024-01-11T13:13:37.043+0100][2635.666s] GC(108) Old regions: 70->70
[2024-01-11T13:13:37.043+0100][2635.666s] GC(108) Archive regions: 0->0
[2024-01-11T13:13:37.043+0100][2635.666s] GC(108) Humongous regions: 4->4
[2024-01-11T13:13:37.043+0100][2635.666s] GC(108) Metaspace: 61882K(62528K)->61882K(62528K) NonClass: 54950K(55232K)->54950K(55232K) Class: 6932K(7296K)->6932K(7296K)
[2024-01-11T13:13:37.043+0100][2635.666s] GC(108) Pause Young (Normal) (G1 Evacuation Pause) 380M->89M(512M) 2.887ms
[2024-01-11T13:13:37.043+0100][2635.666s] GC(108) User=0.00s Sys=0.00s Real=0.00s
[2024-01-11T13:13:38.285+0100][2636.907s] GC(109) Pause Young (Normal) (G1 Evacuation Pause)
[2024-01-11T13:13:38.285+0100][2636.907s] GC(109) Using 10 workers of 10 for evacuation
[2024-01-11T13:13:38.288+0100][2636.910s] GC(109)   Pre Evacuate Collection Set: 0.1ms
[2024-01-11T13:13:38.288+0100][2636.910s] GC(109)   Merge Heap Roots: 0.1ms
[2024-01-11T13:13:38.288+0100][2636.910s] GC(109)   Evacuate Collection Set: 2.4ms
[2024-01-11T13:13:38.288+0100][2636.910s] GC(109)   Post Evacuate Collection Set: 0.4ms
[2024-01-11T13:13:38.288+0100][2636.910s] GC(109)   Other: 0.1ms
[2024-01-11T13:13:38.288+0100][2636.910s] GC(109) Eden regions: 290->0(289)
[2024-01-11T13:13:38.288+0100][2636.910s] GC(109) Survivor regions: 17->18(39)
[2024-01-11T13:13:38.288+0100][2636.910s] GC(109) Old regions: 70->70
[2024-01-11T13:13:38.288+0100][2636.910s] GC(109) Archive regions: 0->0
[2024-01-11T13:13:38.288+0100][2636.910s] GC(109) Humongous regions: 4->4
[2024-01-11T13:13:38.288+0100][2636.910s] GC(109) Metaspace: 61885K(62528K)->61885K(62528K) NonClass: 54953K(55232K)->54953K(55232K) Class: 6932K(7296K)->6932K(7296K)
[2024-01-11T13:13:38.288+0100][2636.910s] GC(109) Pause Young (Normal) (G1 Evacuation Pause) 379M->91M(512M) 3.198ms
[2024-01-11T13:13:38.288+0100][2636.910s] GC(109) User=0.00s Sys=0.00s Real=0.00s
[2024-01-11T13:13:39.545+0100][2638.168s] GC(110) Pause Young (Normal) (G1 Evacuation Pause)
[2024-01-11T13:13:39.545+0100][2638.168s] GC(110) Using 10 workers of 10 for evacuation
[2024-01-11T13:13:39.549+0100][2638.171s] GC(110)   Pre Evacuate Collection Set: 0.1ms
[2024-01-11T13:13:39.549+0100][2638.171s] GC(110)   Merge Heap Roots: 0.1ms
[2024-01-11T13:13:39.549+0100][2638.171s] GC(110)   Evacuate Collection Set: 2.7ms
[2024-01-11T13:13:39.549+0100][2638.171s] GC(110)   Post Evacuate Collection Set: 0.5ms
[2024-01-11T13:13:39.549+0100][2638.171s] GC(110)   Other: 0.1ms
[2024-01-11T13:13:39.549+0100][2638.171s] GC(110) Eden regions: 289->0(287)
[2024-01-11T13:13:39.549+0100][2638.171s] GC(110) Survivor regions: 18->20(39)
[2024-01-11T13:13:39.549+0100][2638.171s] GC(110) Old regions: 70->70
[2024-01-11T13:13:39.549+0100][2638.171s] GC(110) Archive regions: 0->0
[2024-01-11T13:13:39.549+0100][2638.171s] GC(110) Humongous regions: 4->4
[2024-01-11T13:13:39.549+0100][2638.171s] GC(110) Metaspace: 61885K(62528K)->61885K(62528K) NonClass: 54953K(55232K)->54953K(55232K) Class: 6932K(7296K)->6932K(7296K)
[2024-01-11T13:13:39.549+0100][2638.171s] GC(110) Pause Young (Normal) (G1 Evacuation Pause) 380M->93M(512M) 3.683ms
[2024-01-11T13:13:39.549+0100][2638.171s] GC(110) User=0.16s Sys=0.00s Real=0.00s
[2024-01-11T13:13:40.822+0100][2639.444s] GC(111) Pause Young (Normal) (G1 Evacuation Pause)
[2024-01-11T13:13:40.822+0100][2639.444s] GC(111) Using 10 workers of 10 for evacuation
[2024-01-11T13:13:40.826+0100][2639.448s] GC(111)   Pre Evacuate Collection Set: 0.1ms
[2024-01-11T13:13:40.826+0100][2639.448s] GC(111)   Merge Heap Roots: 0.2ms
[2024-01-11T13:13:40.826+0100][2639.448s] GC(111)   Evacuate Collection Set: 2.9ms
[2024-01-11T13:13:40.826+0100][2639.448s] GC(111)   Post Evacuate Collection Set: 0.6ms
[2024-01-11T13:13:40.826+0100][2639.448s] GC(111)   Other: 0.1ms
[2024-01-11T13:13:40.826+0100][2639.448s] GC(111) Eden regions: 287->0(285)
[2024-01-11T13:13:40.826+0100][2639.448s] GC(111) Survivor regions: 20->22(39)
[2024-01-11T13:13:40.826+0100][2639.448s] GC(111) Old regions: 70->70
[2024-01-11T13:13:40.826+0100][2639.448s] GC(111) Archive regions: 0->0
[2024-01-11T13:13:40.826+0100][2639.448s] GC(111) Humongous regions: 4->4
[2024-01-11T13:13:40.826+0100][2639.448s] GC(111) Metaspace: 61885K(62528K)->61885K(62528K) NonClass: 54953K(55232K)->54953K(55232K) Class: 6932K(7296K)->6932K(7296K)
[2024-01-11T13:13:40.826+0100][2639.448s] GC(111) Pause Young (Normal) (G1 Evacuation Pause) 380M->94M(512M) 4.124ms
[2024-01-11T13:13:40.826+0100][2639.448s] GC(111) User=0.00s Sys=0.00s Real=0.00s
[2024-01-11T13:13:42.024+0100][2640.645s] GC(112) Pause Young (Normal) (G1 Evacuation Pause)
[2024-01-11T13:13:42.024+0100][2640.646s] GC(112) Using 10 workers of 10 for evacuation
[2024-01-11T13:13:42.027+0100][2640.649s] GC(112)   Pre Evacuate Collection Set: 0.1ms
[2024-01-11T13:13:42.027+0100][2640.649s] GC(112)   Merge Heap Roots: 0.1ms
[2024-01-11T13:13:42.027+0100][2640.649s] GC(112)   Evacuate Collection Set: 3.0ms
[2024-01-11T13:13:42.027+0100][2640.649s] GC(112)   Post Evacuate Collection Set: 0.6ms
[2024-01-11T13:13:42.027+0100][2640.649s] GC(112)   Other: 0.1ms
[2024-01-11T13:13:42.027+0100][2640.649s] GC(112) Eden regions: 285->0(286)
[2024-01-11T13:13:42.027+0100][2640.649s] GC(112) Survivor regions: 22->21(39)
[2024-01-11T13:13:42.027+0100][2640.649s] GC(112) Old regions: 70->72
[2024-01-11T13:13:42.027+0100][2640.649s] GC(112) Archive regions: 0->0
[2024-01-11T13:13:42.027+0100][2640.650s] GC(112) Humongous regions: 4->4
[2024-01-11T13:13:42.027+0100][2640.650s] GC(112) Metaspace: 61886K(62528K)->61886K(62528K) NonClass: 54954K(55232K)->54954K(55232K) Class: 6932K(7296K)->6932K(7296K)
[2024-01-11T13:13:42.027+0100][2640.650s] GC(112) Pause Young (Normal) (G1 Evacuation Pause) 379M->96M(512M) 4.086ms
[2024-01-11T13:13:42.027+0100][2640.650s] GC(112) User=0.00s Sys=0.00s Real=0.00s
[2024-01-11T13:13:43.270+0100][2641.893s] GC(113) Pause Young (Normal) (G1 Evacuation Pause)
[2024-01-11T13:13:43.270+0100][2641.893s] GC(113) Using 10 workers of 10 for evacuation
[2024-01-11T13:13:43.274+0100][2641.897s] GC(113)   Pre Evacuate Collection Set: 0.1ms
[2024-01-11T13:13:43.274+0100][2641.897s] GC(113)   Merge Heap Roots: 0.1ms
[2024-01-11T13:13:43.274+0100][2641.897s] GC(113)   Evacuate Collection Set: 3.1ms
[2024-01-11T13:13:43.274+0100][2641.897s] GC(113)   Post Evacuate Collection Set: 0.5ms
[2024-01-11T13:13:43.274+0100][2641.897s] GC(113)   Other: 0.1ms
[2024-01-11T13:13:43.274+0100][2641.897s] GC(113) Eden regions: 286->0(285)
[2024-01-11T13:13:43.274+0100][2641.897s] GC(113) Survivor regions: 21->22(39)
[2024-01-11T13:13:43.274+0100][2641.897s] GC(113) Old regions: 72->74
[2024-01-11T13:13:43.274+0100][2641.897s] GC(113) Archive regions: 0->0
[2024-01-11T13:13:43.274+0100][2641.897s] GC(113) Humongous regions: 4->4
[2024-01-11T13:13:43.274+0100][2641.897s] GC(113) Metaspace: 61886K(62528K)->61886K(62528K) NonClass: 54954K(55232K)->54954K(55232K) Class: 6932K(7296K)->6932K(7296K)
[2024-01-11T13:13:43.274+0100][2641.897s] GC(113) Pause Young (Normal) (G1 Evacuation Pause) 382M->98M(512M) 4.110ms
[2024-01-11T13:13:43.274+0100][2641.897s] GC(113) User=0.00s Sys=0.00s Real=0.00s
[2024-01-11T13:13:44.511+0100][2643.133s] GC(114) Pause Young (Normal) (G1 Evacuation Pause)
[2024-01-11T13:13:44.511+0100][2643.133s] GC(114) Using 10 workers of 10 for evacuation
[2024-01-11T13:13:44.515+0100][2643.137s] GC(114)   Pre Evacuate Collection Set: 0.1ms
[2024-01-11T13:13:44.515+0100][2643.137s] GC(114)   Merge Heap Roots: 0.1ms
[2024-01-11T13:13:44.515+0100][2643.137s] GC(114)   Evacuate Collection Set: 3.5ms
[2024-01-11T13:13:44.515+0100][2643.137s] GC(114)   Post Evacuate Collection Set: 0.7ms
[2024-01-11T13:13:44.515+0100][2643.137s] GC(114)   Other: 0.1ms
[2024-01-11T13:13:44.515+0100][2643.137s] GC(114) Eden regions: 285->0(286)
[2024-01-11T13:13:44.515+0100][2643.137s] GC(114) Survivor regions: 22->21(39)
[2024-01-11T13:13:44.515+0100][2643.137s] GC(114) Old regions: 74->75
[2024-01-11T13:13:44.515+0100][2643.137s] GC(114) Archive regions: 0->0
[2024-01-11T13:13:44.515+0100][2643.137s] GC(114) Humongous regions: 4->4
[2024-01-11T13:13:44.515+0100][2643.137s] GC(114) Metaspace: 61887K(62528K)->61887K(62528K) NonClass: 54955K(55232K)->54955K(55232K) Class: 6932K(7296K)->6932K(7296K)
[2024-01-11T13:13:44.515+0100][2643.137s] GC(114) Pause Young (Normal) (G1 Evacuation Pause) 383M->99M(512M) 4.686ms
[2024-01-11T13:13:44.515+0100][2643.137s] GC(114) User=0.00s Sys=0.00s Real=0.00s
[2024-01-11T13:13:45.793+0100][2644.415s] GC(115) Pause Young (Normal) (G1 Evacuation Pause)
[2024-01-11T13:13:45.793+0100][2644.415s] GC(115) Using 10 workers of 10 for evacuation
[2024-01-11T13:13:45.797+0100][2644.419s] GC(115)   Pre Evacuate Collection Set: 0.1ms
[2024-01-11T13:13:45.797+0100][2644.419s] GC(115)   Merge Heap Roots: 0.1ms
[2024-01-11T13:13:45.797+0100][2644.419s] GC(115)   Evacuate Collection Set: 3.2ms
[2024-01-11T13:13:45.797+0100][2644.419s] GC(115)   Post Evacuate Collection Set: 0.4ms
[2024-01-11T13:13:45.797+0100][2644.419s] GC(115)   Other: 0.1ms
[2024-01-11T13:13:45.797+0100][2644.419s] GC(115) Eden regions: 286->0(285)
[2024-01-11T13:13:45.797+0100][2644.419s] GC(115) Survivor regions: 21->22(39)
[2024-01-11T13:13:45.797+0100][2644.419s] GC(115) Old regions: 75->77
[2024-01-11T13:13:45.797+0100][2644.419s] GC(115) Archive regions: 0->0
[2024-01-11T13:13:45.797+0100][2644.419s] GC(115) Humongous regions: 4->4
[2024-01-11T13:13:45.797+0100][2644.419s] GC(115) Metaspace: 61887K(62528K)->61887K(62528K) NonClass: 54955K(55232K)->54955K(55232K) Class: 6932K(7296K)->6932K(7296K)
[2024-01-11T13:13:45.797+0100][2644.419s] GC(115) Pause Young (Normal) (G1 Evacuation Pause) 385M->101M(512M) 4.044ms
[2024-01-11T13:13:45.797+0100][2644.419s] GC(115) User=0.16s Sys=0.00s Real=0.00s
[2024-01-11T13:13:47.031+0100][2645.653s] GC(116) Pause Young (Normal) (G1 Evacuation Pause)
[2024-01-11T13:13:47.031+0100][2645.653s] GC(116) Using 10 workers of 10 for evacuation
[2024-01-11T13:13:47.034+0100][2645.657s] GC(116)   Pre Evacuate Collection Set: 0.1ms
[2024-01-11T13:13:47.034+0100][2645.657s] GC(116)   Merge Heap Roots: 0.1ms
[2024-01-11T13:13:47.034+0100][2645.657s] GC(116)   Evacuate Collection Set: 2.9ms
[2024-01-11T13:13:47.034+0100][2645.657s] GC(116)   Post Evacuate Collection Set: 0.5ms
[2024-01-11T13:13:47.034+0100][2645.657s] GC(116)   Other: 0.1ms
[2024-01-11T13:13:47.034+0100][2645.657s] GC(116) Eden regions: 285->0(286)
[2024-01-11T13:13:47.034+0100][2645.657s] GC(116) Survivor regions: 22->21(39)
[2024-01-11T13:13:47.034+0100][2645.657s] GC(116) Old regions: 77->79
[2024-01-11T13:13:47.034+0100][2645.657s] GC(116) Archive regions: 0->0
[2024-01-11T13:13:47.034+0100][2645.657s] GC(116) Humongous regions: 4->4
[2024-01-11T13:13:47.035+0100][2645.657s] GC(116) Metaspace: 61890K(62528K)->61890K(62528K) NonClass: 54958K(55232K)->54958K(55232K) Class: 6932K(7296K)->6932K(7296K)
[2024-01-11T13:13:47.035+0100][2645.657s] GC(116) Pause Young (Normal) (G1 Evacuation Pause) 386M->102M(512M) 3.957ms
[2024-01-11T13:13:47.035+0100][2645.657s] GC(116) User=0.00s Sys=0.00s Real=0.00s
[2024-01-11T13:13:48.266+0100][2646.889s] GC(117) Pause Young (Normal) (G1 Evacuation Pause)
[2024-01-11T13:13:48.266+0100][2646.889s] GC(117) Using 10 workers of 10 for evacuation
[2024-01-11T13:13:48.270+0100][2646.893s] GC(117)   Pre Evacuate Collection Set: 0.1ms
[2024-01-11T13:13:48.270+0100][2646.893s] GC(117)   Merge Heap Roots: 0.1ms
[2024-01-11T13:13:48.270+0100][2646.893s] GC(117)   Evacuate Collection Set: 3.0ms
[2024-01-11T13:13:48.270+0100][2646.893s] GC(117)   Post Evacuate Collection Set: 0.5ms
[2024-01-11T13:13:48.270+0100][2646.893s] GC(117)   Other: 0.1ms
[2024-01-11T13:13:48.270+0100][2646.893s] GC(117) Eden regions: 286->0(286)
[2024-01-11T13:13:48.270+0100][2646.893s] GC(117) Survivor regions: 21->21(39)
[2024-01-11T13:13:48.270+0100][2646.893s] GC(117) Old regions: 79->80
[2024-01-11T13:13:48.270+0100][2646.893s] GC(117) Archive regions: 0->0
[2024-01-11T13:13:48.270+0100][2646.893s] GC(117) Humongous regions: 4->4
[2024-01-11T13:13:48.270+0100][2646.893s] GC(117) Metaspace: 61894K(62528K)->61894K(62528K) NonClass: 54962K(55232K)->54962K(55232K) Class: 6932K(7296K)->6932K(7296K)
[2024-01-11T13:13:48.270+0100][2646.893s] GC(117) Pause Young (Normal) (G1 Evacuation Pause) 388M->104M(512M) 3.991ms
[2024-01-11T13:13:48.270+0100][2646.893s] GC(117) User=0.00s Sys=0.00s Real=0.00s
[2024-01-11T13:13:49.537+0100][2648.158s] GC(118) Pause Young (Normal) (G1 Evacuation Pause)
[2024-01-11T13:13:49.537+0100][2648.158s] GC(118) Using 10 workers of 10 for evacuation
[2024-01-11T13:13:49.540+0100][2648.162s] GC(118)   Pre Evacuate Collection Set: 0.1ms
[2024-01-11T13:13:49.540+0100][2648.162s] GC(118)   Merge Heap Roots: 0.1ms
[2024-01-11T13:13:49.540+0100][2648.162s] GC(118)   Evacuate Collection Set: 2.8ms
[2024-01-11T13:13:49.540+0100][2648.162s] GC(118)   Post Evacuate Collection Set: 0.6ms
[2024-01-11T13:13:49.540+0100][2648.162s] GC(118)   Other: 0.1ms
[2024-01-11T13:13:49.540+0100][2648.162s] GC(118) Eden regions: 286->0(286)
[2024-01-11T13:13:49.540+0100][2648.162s] GC(118) Survivor regions: 21->21(39)
[2024-01-11T13:13:49.540+0100][2648.162s] GC(118) Old regions: 80->82
[2024-01-11T13:13:49.540+0100][2648.162s] GC(118) Archive regions: 0->0
[2024-01-11T13:13:49.540+0100][2648.162s] GC(118) Humongous regions: 4->4
[2024-01-11T13:13:49.540+0100][2648.162s] GC(118) Metaspace: 61895K(62528K)->61895K(62528K) NonClass: 54963K(55232K)->54963K(55232K) Class: 6932K(7296K)->6932K(7296K)
[2024-01-11T13:13:49.540+0100][2648.162s] GC(118) Pause Young (Normal) (G1 Evacuation Pause) 390M->105M(512M) 3.877ms
[2024-01-11T13:13:49.540+0100][2648.162s] GC(118) User=0.00s Sys=0.00s Real=0.00s
[2024-01-11T13:13:50.772+0100][2649.394s] GC(119) Pause Young (Normal) (G1 Evacuation Pause)
[2024-01-11T13:13:50.772+0100][2649.394s] GC(119) Using 10 workers of 10 for evacuation
[2024-01-11T13:13:50.776+0100][2649.398s] GC(119)   Pre Evacuate Collection Set: 0.1ms
[2024-01-11T13:13:50.776+0100][2649.398s] GC(119)   Merge Heap Roots: 0.0ms
[2024-01-11T13:13:50.776+0100][2649.398s] GC(119)   Evacuate Collection Set: 3.0ms
[2024-01-11T13:13:50.776+0100][2649.398s] GC(119)   Post Evacuate Collection Set: 0.3ms
[2024-01-11T13:13:50.776+0100][2649.398s] GC(119)   Other: 0.1ms
[2024-01-11T13:13:50.776+0100][2649.398s] GC(119) Eden regions: 286->0(286)
[2024-01-11T13:13:50.776+0100][2649.398s] GC(119) Survivor regions: 21->21(39)
[2024-01-11T13:13:50.776+0100][2649.398s] GC(119) Old regions: 82->84
[2024-01-11T13:13:50.776+0100][2649.398s] GC(119) Archive regions: 0->0
[2024-01-11T13:13:50.776+0100][2649.398s] GC(119) Humongous regions: 4->4
[2024-01-11T13:13:50.776+0100][2649.398s] GC(119) Metaspace: 61897K(62528K)->61897K(62528K) NonClass: 54965K(55232K)->54965K(55232K) Class: 6932K(7296K)->6932K(7296K)
[2024-01-11T13:13:50.776+0100][2649.398s] GC(119) Pause Young (Normal) (G1 Evacuation Pause) 391M->108M(512M) 3.690ms
[2024-01-11T13:13:50.776+0100][2649.398s] GC(119) User=0.00s Sys=0.00s Real=0.00s
[2024-01-11T13:13:51.969+0100][2650.591s] GC(120) Pause Young (Normal) (G1 Evacuation Pause)
[2024-01-11T13:13:51.969+0100][2650.591s] GC(120) Using 10 workers of 10 for evacuation
[2024-01-11T13:13:51.972+0100][2650.595s] GC(120)   Pre Evacuate Collection Set: 0.1ms
[2024-01-11T13:13:51.972+0100][2650.595s] GC(120)   Merge Heap Roots: 0.1ms
[2024-01-11T13:13:51.972+0100][2650.595s] GC(120)   Evacuate Collection Set: 2.9ms
[2024-01-11T13:13:51.972+0100][2650.595s] GC(120)   Post Evacuate Collection Set: 0.6ms
[2024-01-11T13:13:51.972+0100][2650.595s] GC(120)   Other: 0.1ms
[2024-01-11T13:13:51.972+0100][2650.595s] GC(120) Eden regions: 286->0(286)
[2024-01-11T13:13:51.972+0100][2650.595s] GC(120) Survivor regions: 21->21(39)
[2024-01-11T13:13:51.972+0100][2650.595s] GC(120) Old regions: 84->85
[2024-01-11T13:13:51.973+0100][2650.595s] GC(120) Archive regions: 0->0
[2024-01-11T13:13:51.973+0100][2650.595s] GC(120) Humongous regions: 4->4
[2024-01-11T13:13:51.973+0100][2650.595s] GC(120) Metaspace: 61931K(62528K)->61931K(62528K) NonClass: 54999K(55232K)->54999K(55232K) Class: 6932K(7296K)->6932K(7296K)
[2024-01-11T13:13:51.973+0100][2650.595s] GC(120) Pause Young (Normal) (G1 Evacuation Pause) 394M->109M(512M) 3.980ms
[2024-01-11T13:13:51.973+0100][2650.595s] GC(120) User=0.00s Sys=0.00s Real=0.00s
[2024-01-11T13:13:53.238+0100][2651.861s] GC(121) Pause Young (Normal) (G1 Evacuation Pause)
[2024-01-11T13:13:53.238+0100][2651.861s] GC(121) Using 10 workers of 10 for evacuation
[2024-01-11T13:13:53.242+0100][2651.865s] GC(121)   Pre Evacuate Collection Set: 0.1ms
[2024-01-11T13:13:53.242+0100][2651.865s] GC(121)   Merge Heap Roots: 0.1ms
[2024-01-11T13:13:53.242+0100][2651.865s] GC(121)   Evacuate Collection Set: 3.4ms
[2024-01-11T13:13:53.242+0100][2651.865s] GC(121)   Post Evacuate Collection Set: 0.6ms
[2024-01-11T13:13:53.242+0100][2651.865s] GC(121)   Other: 0.1ms
[2024-01-11T13:13:53.242+0100][2651.865s] GC(121) Eden regions: 286->0(284)
[2024-01-11T13:13:53.242+0100][2651.865s] GC(121) Survivor regions: 21->23(39)
[2024-01-11T13:13:53.242+0100][2651.865s] GC(121) Old regions: 85->85
[2024-01-11T13:13:53.242+0100][2651.865s] GC(121) Archive regions: 0->0
[2024-01-11T13:13:53.242+0100][2651.865s] GC(121) Humongous regions: 4->4
[2024-01-11T13:13:53.242+0100][2651.865s] GC(121) Metaspace: 61931K(62528K)->61931K(62528K) NonClass: 54999K(55232K)->54999K(55232K) Class: 6932K(7296K)->6932K(7296K)
[2024-01-11T13:13:53.242+0100][2651.865s] GC(121) Pause Young (Normal) (G1 Evacuation Pause) 395M->111M(512M) 4.406ms
[2024-01-11T13:13:53.242+0100][2651.865s] GC(121) User=0.00s Sys=0.00s Real=0.00s
[2024-01-11T13:13:54.392+0100][2653.014s] GC(122) Pause Young (Normal) (G1 Evacuation Pause)
[2024-01-11T13:13:54.392+0100][2653.014s] GC(122) Using 10 workers of 10 for evacuation
[2024-01-11T13:13:54.397+0100][2653.018s] GC(122)   Pre Evacuate Collection Set: 0.1ms
[2024-01-11T13:13:54.397+0100][2653.018s] GC(122)   Merge Heap Roots: 0.1ms
[2024-01-11T13:13:54.397+0100][2653.018s] GC(122)   Evacuate Collection Set: 3.5ms
[2024-01-11T13:13:54.397+0100][2653.018s] GC(122)   Post Evacuate Collection Set: 0.4ms
[2024-01-11T13:13:54.397+0100][2653.018s] GC(122)   Other: 0.1ms
[2024-01-11T13:13:54.397+0100][2653.018s] GC(122) Eden regions: 284->0(285)
[2024-01-11T13:13:54.397+0100][2653.018s] GC(122) Survivor regions: 23->22(39)
[2024-01-11T13:13:54.397+0100][2653.018s] GC(122) Old regions: 85->88
[2024-01-11T13:13:54.397+0100][2653.018s] GC(122) Archive regions: 0->0
[2024-01-11T13:13:54.397+0100][2653.018s] GC(122) Humongous regions: 4->4
[2024-01-11T13:13:54.397+0100][2653.018s] GC(122) Metaspace: 61931K(62528K)->61931K(62528K) NonClass: 54999K(55232K)->54999K(55232K) Class: 6932K(7296K)->6932K(7296K)
[2024-01-11T13:13:54.397+0100][2653.019s] GC(122) Pause Young (Normal) (G1 Evacuation Pause) 395M->112M(512M) 4.347ms
[2024-01-11T13:13:54.397+0100][2653.019s] GC(122) User=0.00s Sys=0.00s Real=0.01s
[2024-01-11T13:13:55.582+0100][2654.204s] GC(123) Pause Young (Normal) (G1 Evacuation Pause)
[2024-01-11T13:13:55.582+0100][2654.204s] GC(123) Using 10 workers of 10 for evacuation
[2024-01-11T13:13:55.585+0100][2654.207s] GC(123)   Pre Evacuate Collection Set: 0.1ms
[2024-01-11T13:13:55.585+0100][2654.207s] GC(123)   Merge Heap Roots: 0.1ms
[2024-01-11T13:13:55.585+0100][2654.207s] GC(123)   Evacuate Collection Set: 3.0ms
[2024-01-11T13:13:55.585+0100][2654.207s] GC(123)   Post Evacuate Collection Set: 0.4ms
[2024-01-11T13:13:55.585+0100][2654.207s] GC(123)   Other: 0.1ms
[2024-01-11T13:13:55.585+0100][2654.207s] GC(123) Eden regions: 285->0(284)
[2024-01-11T13:13:55.585+0100][2654.207s] GC(123) Survivor regions: 22->23(39)
[2024-01-11T13:13:55.586+0100][2654.207s] GC(123) Old regions: 88->88
[2024-01-11T13:13:55.586+0100][2654.207s] GC(123) Archive regions: 0->0
[2024-01-11T13:13:55.586+0100][2654.207s] GC(123) Humongous regions: 4->4
[2024-01-11T13:13:55.586+0100][2654.207s] GC(123) Metaspace: 61932K(62528K)->61932K(62528K) NonClass: 55000K(55232K)->55000K(55232K) Class: 6932K(7296K)->6932K(7296K)
[2024-01-11T13:13:55.586+0100][2654.207s] GC(123) Pause Young (Normal) (G1 Evacuation Pause) 397M->114M(512M) 3.782ms
[2024-01-11T13:13:55.586+0100][2654.207s] GC(123) User=0.00s Sys=0.00s Real=0.00s
[2024-01-11T13:13:56.799+0100][2655.421s] GC(124) Pause Young (Normal) (G1 Evacuation Pause)
[2024-01-11T13:13:56.799+0100][2655.421s] GC(124) Using 10 workers of 10 for evacuation
[2024-01-11T13:13:56.803+0100][2655.425s] GC(124)   Pre Evacuate Collection Set: 0.1ms
[2024-01-11T13:13:56.803+0100][2655.425s] GC(124)   Merge Heap Roots: 0.1ms
[2024-01-11T13:13:56.803+0100][2655.425s] GC(124)   Evacuate Collection Set: 3.4ms
[2024-01-11T13:13:56.803+0100][2655.425s] GC(124)   Post Evacuate Collection Set: 0.5ms
[2024-01-11T13:13:56.803+0100][2655.425s] GC(124)   Other: 0.1ms
[2024-01-11T13:13:56.803+0100][2655.425s] GC(124) Eden regions: 284->0(285)
[2024-01-11T13:13:56.803+0100][2655.425s] GC(124) Survivor regions: 23->22(39)
[2024-01-11T13:13:56.803+0100][2655.425s] GC(124) Old regions: 88->90
[2024-01-11T13:13:56.803+0100][2655.425s] GC(124) Archive regions: 0->0
[2024-01-11T13:13:56.803+0100][2655.425s] GC(124) Humongous regions: 4->4
[2024-01-11T13:13:56.803+0100][2655.425s] GC(124) Metaspace: 61935K(62528K)->61935K(62528K) NonClass: 55003K(55232K)->55003K(55232K) Class: 6932K(7296K)->6932K(7296K)
[2024-01-11T13:13:56.803+0100][2655.425s] GC(124) Pause Young (Normal) (G1 Evacuation Pause) 398M->115M(512M) 4.317ms
[2024-01-11T13:13:56.803+0100][2655.425s] GC(124) User=0.00s Sys=0.00s Real=0.00s
[2024-01-11T13:13:58.064+0100][2656.686s] GC(125) Pause Young (Normal) (G1 Evacuation Pause)
[2024-01-11T13:13:58.064+0100][2656.686s] GC(125) Using 10 workers of 10 for evacuation
[2024-01-11T13:13:58.068+0100][2656.690s] GC(125)   Pre Evacuate Collection Set: 0.1ms
[2024-01-11T13:13:58.068+0100][2656.690s] GC(125)   Merge Heap Roots: 0.1ms
[2024-01-11T13:13:58.068+0100][2656.690s] GC(125)   Evacuate Collection Set: 3.2ms
[2024-01-11T13:13:58.068+0100][2656.690s] GC(125)   Post Evacuate Collection Set: 0.5ms
[2024-01-11T13:13:58.068+0100][2656.690s] GC(125)   Other: 0.1ms
[2024-01-11T13:13:58.068+0100][2656.690s] GC(125) Eden regions: 285->0(284)
[2024-01-11T13:13:58.068+0100][2656.690s] GC(125) Survivor regions: 22->23(39)
[2024-01-11T13:13:58.068+0100][2656.690s] GC(125) Old regions: 90->91
[2024-01-11T13:13:58.068+0100][2656.690s] GC(125) Archive regions: 0->0
[2024-01-11T13:13:58.068+0100][2656.690s] GC(125) Humongous regions: 4->4
[2024-01-11T13:13:58.068+0100][2656.690s] GC(125) Metaspace: 61935K(62528K)->61935K(62528K) NonClass: 55003K(55232K)->55003K(55232K) Class: 6932K(7296K)->6932K(7296K)
[2024-01-11T13:13:58.068+0100][2656.690s] GC(125) Pause Young (Normal) (G1 Evacuation Pause) 400M->117M(512M) 4.125ms
[2024-01-11T13:13:58.068+0100][2656.690s] GC(125) User=0.00s Sys=0.00s Real=0.00s
[2024-01-11T13:13:59.235+0100][2657.857s] GC(126) Pause Young (Normal) (G1 Evacuation Pause)
[2024-01-11T13:13:59.235+0100][2657.857s] GC(126) Using 10 workers of 10 for evacuation
[2024-01-11T13:13:59.239+0100][2657.861s] GC(126)   Pre Evacuate Collection Set: 0.1ms
[2024-01-11T13:13:59.239+0100][2657.861s] GC(126)   Merge Heap Roots: 0.1ms
[2024-01-11T13:13:59.239+0100][2657.861s] GC(126)   Evacuate Collection Set: 3.1ms
[2024-01-11T13:13:59.239+0100][2657.861s] GC(126)   Post Evacuate Collection Set: 0.4ms
[2024-01-11T13:13:59.239+0100][2657.861s] GC(126)   Other: 0.1ms
[2024-01-11T13:13:59.239+0100][2657.861s] GC(126) Eden regions: 284->0(286)
[2024-01-11T13:13:59.239+0100][2657.861s] GC(126) Survivor regions: 23->21(39)
[2024-01-11T13:13:59.239+0100][2657.861s] GC(126) Old regions: 91->95
[2024-01-11T13:13:59.239+0100][2657.861s] GC(126) Archive regions: 0->0
[2024-01-11T13:13:59.239+0100][2657.861s] GC(126) Humongous regions: 4->4
[2024-01-11T13:13:59.239+0100][2657.861s] GC(126) Metaspace: 61935K(62528K)->61935K(62528K) NonClass: 55003K(55232K)->55003K(55232K) Class: 6932K(7296K)->6932K(7296K)
[2024-01-11T13:13:59.239+0100][2657.861s] GC(126) Pause Young (Normal) (G1 Evacuation Pause) 401M->118M(512M) 4.007ms
[2024-01-11T13:13:59.239+0100][2657.861s] GC(126) User=0.00s Sys=0.00s Real=0.00s
[2024-01-11T13:14:00.430+0100][2659.052s] GC(127) Pause Young (Normal) (G1 Evacuation Pause)
[2024-01-11T13:14:00.430+0100][2659.052s] GC(127) Using 10 workers of 10 for evacuation
[2024-01-11T13:14:00.433+0100][2659.056s] GC(127)   Pre Evacuate Collection Set: 0.1ms
[2024-01-11T13:14:00.433+0100][2659.056s] GC(127)   Merge Heap Roots: 0.1ms
[2024-01-11T13:14:00.433+0100][2659.056s] GC(127)   Evacuate Collection Set: 3.0ms
[2024-01-11T13:14:00.433+0100][2659.056s] GC(127)   Post Evacuate Collection Set: 0.5ms
[2024-01-11T13:14:00.433+0100][2659.056s] GC(127)   Other: 0.1ms
[2024-01-11T13:14:00.433+0100][2659.056s] GC(127) Eden regions: 286->0(284)
[2024-01-11T13:14:00.433+0100][2659.056s] GC(127) Survivor regions: 21->23(39)
[2024-01-11T13:14:00.433+0100][2659.056s] GC(127) Old regions: 95->95
[2024-01-11T13:14:00.433+0100][2659.056s] GC(127) Archive regions: 0->0
[2024-01-11T13:14:00.433+0100][2659.056s] GC(127) Humongous regions: 4->4
[2024-01-11T13:14:00.433+0100][2659.056s] GC(127) Metaspace: 61935K(62528K)->61935K(62528K) NonClass: 55003K(55232K)->55003K(55232K) Class: 6932K(7296K)->6932K(7296K)
[2024-01-11T13:14:00.433+0100][2659.056s] GC(127) Pause Young (Normal) (G1 Evacuation Pause) 404M->120M(512M) 4.031ms
[2024-01-11T13:14:00.433+0100][2659.056s] GC(127) User=0.00s Sys=0.00s Real=0.00s
[2024-01-11T13:14:01.670+0100][2660.293s] GC(128) Pause Young (Normal) (G1 Evacuation Pause)
[2024-01-11T13:14:01.671+0100][2660.293s] GC(128) Using 10 workers of 10 for evacuation
[2024-01-11T13:14:01.678+0100][2660.300s] GC(128)   Pre Evacuate Collection Set: 0.1ms
[2024-01-11T13:14:01.678+0100][2660.301s] GC(128)   Merge Heap Roots: 0.0ms
[2024-01-11T13:14:01.678+0100][2660.301s] GC(128)   Evacuate Collection Set: 6.6ms
[2024-01-11T13:14:01.678+0100][2660.301s] GC(128)   Post Evacuate Collection Set: 0.8ms
[2024-01-11T13:14:01.678+0100][2660.301s] GC(128)   Other: 0.1ms
[2024-01-11T13:14:01.678+0100][2660.301s] GC(128) Eden regions: 284->0(285)
[2024-01-11T13:14:01.678+0100][2660.301s] GC(128) Survivor regions: 23->22(39)
[2024-01-11T13:14:01.678+0100][2660.301s] GC(128) Old regions: 95->98
[2024-01-11T13:14:01.678+0100][2660.301s] GC(128) Archive regions: 0->0
[2024-01-11T13:14:01.678+0100][2660.301s] GC(128) Humongous regions: 4->4
[2024-01-11T13:14:01.678+0100][2660.301s] GC(128) Metaspace: 61935K(62528K)->61935K(62528K) NonClass: 55003K(55232K)->55003K(55232K) Class: 6932K(7296K)->6932K(7296K)
[2024-01-11T13:14:01.679+0100][2660.301s] GC(128) Pause Young (Normal) (G1 Evacuation Pause) 404M->122M(512M) 7.995ms
[2024-01-11T13:14:01.679+0100][2660.301s] GC(128) User=0.16s Sys=0.00s Real=0.01s
[2024-01-11T13:14:02.912+0100][2661.534s] GC(129) Pause Young (Normal) (G1 Evacuation Pause)
[2024-01-11T13:14:02.912+0100][2661.534s] GC(129) Using 10 workers of 10 for evacuation
[2024-01-11T13:14:02.916+0100][2661.538s] GC(129)   Pre Evacuate Collection Set: 0.1ms
[2024-01-11T13:14:02.916+0100][2661.538s] GC(129)   Merge Heap Roots: 0.1ms
[2024-01-11T13:14:02.916+0100][2661.538s] GC(129)   Evacuate Collection Set: 3.2ms
[2024-01-11T13:14:02.916+0100][2661.538s] GC(129)   Post Evacuate Collection Set: 0.4ms
[2024-01-11T13:14:02.916+0100][2661.538s] GC(129)   Other: 0.1ms
[2024-01-11T13:14:02.916+0100][2661.538s] GC(129) Eden regions: 285->0(286)
[2024-01-11T13:14:02.916+0100][2661.538s] GC(129) Survivor regions: 22->21(39)
[2024-01-11T13:14:02.916+0100][2661.538s] GC(129) Old regions: 98->99
[2024-01-11T13:14:02.916+0100][2661.538s] GC(129) Archive regions: 0->0
[2024-01-11T13:14:02.916+0100][2661.538s] GC(129) Humongous regions: 4->4
[2024-01-11T13:14:02.916+0100][2661.538s] GC(129) Metaspace: 61935K(62528K)->61935K(62528K) NonClass: 55003K(55232K)->55003K(55232K) Class: 6932K(7296K)->6932K(7296K)
[2024-01-11T13:14:02.916+0100][2661.538s] GC(129) Pause Young (Normal) (G1 Evacuation Pause) 407M->123M(512M) 3.989ms
[2024-01-11T13:14:02.916+0100][2661.538s] GC(129) User=0.00s Sys=0.00s Real=0.00s
[2024-01-11T13:14:04.098+0100][2662.720s] GC(130) Pause Young (Normal) (G1 Evacuation Pause)
[2024-01-11T13:14:04.098+0100][2662.720s] GC(130) Using 10 workers of 10 for evacuation
[2024-01-11T13:14:04.102+0100][2662.724s] GC(130)   Pre Evacuate Collection Set: 0.1ms
[2024-01-11T13:14:04.102+0100][2662.724s] GC(130)   Merge Heap Roots: 0.2ms
[2024-01-11T13:14:04.102+0100][2662.724s] GC(130)   Evacuate Collection Set: 3.0ms
[2024-01-11T13:14:04.102+0100][2662.724s] GC(130)   Post Evacuate Collection Set: 0.6ms
[2024-01-11T13:14:04.102+0100][2662.724s] GC(130)   Other: 0.1ms
[2024-01-11T13:14:04.102+0100][2662.724s] GC(130) Eden regions: 286->0(286)
[2024-01-11T13:14:04.102+0100][2662.724s] GC(130) Survivor regions: 21->21(39)
[2024-01-11T13:14:04.102+0100][2662.724s] GC(130) Old regions: 99->101
[2024-01-11T13:14:04.102+0100][2662.724s] GC(130) Archive regions: 0->0
[2024-01-11T13:14:04.102+0100][2662.724s] GC(130) Humongous regions: 4->4
[2024-01-11T13:14:04.102+0100][2662.724s] GC(130) Metaspace: 61936K(62528K)->61936K(62528K) NonClass: 55003K(55232K)->55003K(55232K) Class: 6932K(7296K)->6932K(7296K)
[2024-01-11T13:14:04.102+0100][2662.724s] GC(130) Pause Young (Normal) (G1 Evacuation Pause) 409M->125M(512M) 4.210ms
[2024-01-11T13:14:04.102+0100][2662.724s] GC(130) User=0.00s Sys=0.00s Real=0.00s
[2024-01-11T13:14:04.868+0100][2663.490s] GC(131) Pause Young (Concurrent Start) (CodeCache GC Threshold)
[2024-01-11T13:14:04.868+0100][2663.490s] GC(131) Using 10 workers of 10 for evacuation
[2024-01-11T13:14:04.871+0100][2663.493s] GC(131)   Pre Evacuate Collection Set: 0.1ms
[2024-01-11T13:14:04.871+0100][2663.493s] GC(131)   Merge Heap Roots: 0.1ms
[2024-01-11T13:14:04.871+0100][2663.493s] GC(131)   Evacuate Collection Set: 2.8ms
[2024-01-11T13:14:04.871+0100][2663.493s] GC(131)   Post Evacuate Collection Set: 0.3ms
[2024-01-11T13:14:04.871+0100][2663.493s] GC(131)   Other: 0.1ms
[2024-01-11T13:14:04.871+0100][2663.493s] GC(131) Eden regions: 182->0(287)
[2024-01-11T13:14:04.871+0100][2663.493s] GC(131) Survivor regions: 21->20(39)
[2024-01-11T13:14:04.871+0100][2663.493s] GC(131) Old regions: 101->102
[2024-01-11T13:14:04.871+0100][2663.493s] GC(131) Archive regions: 0->0
[2024-01-11T13:14:04.871+0100][2663.493s] GC(131) Humongous regions: 4->4
[2024-01-11T13:14:04.871+0100][2663.493s] GC(131) Metaspace: 61936K(62528K)->61936K(62528K) NonClass: 55003K(55232K)->55003K(55232K) Class: 6932K(7296K)->6932K(7296K)
[2024-01-11T13:14:04.871+0100][2663.494s] GC(131) Pause Young (Concurrent Start) (CodeCache GC Threshold) 306M->125M(512M) 3.629ms
[2024-01-11T13:14:04.871+0100][2663.494s] GC(132) Concurrent Mark Cycle
[2024-01-11T13:14:04.871+0100][2663.494s] GC(131) User=0.00s Sys=0.00s Real=0.00s
[2024-01-11T13:14:04.871+0100][2663.494s] GC(132) Concurrent Clear Claimed Marks
[2024-01-11T13:14:04.871+0100][2663.494s] GC(132) Concurrent Clear Claimed Marks 0.058ms
[2024-01-11T13:14:04.871+0100][2663.494s] GC(132) Concurrent Scan Root Regions
[2024-01-11T13:14:04.872+0100][2663.495s] GC(132) Concurrent Scan Root Regions 1.223ms
[2024-01-11T13:14:04.872+0100][2663.495s] GC(132) Concurrent Mark
[2024-01-11T13:14:04.872+0100][2663.495s] GC(132) Concurrent Mark From Roots
[2024-01-11T13:14:04.872+0100][2663.495s] GC(132) Using 3 workers of 3 for marking
[2024-01-11T13:14:04.893+0100][2663.516s] GC(132) Concurrent Mark From Roots 21.143ms
[2024-01-11T13:14:04.893+0100][2663.516s] GC(132) Concurrent Preclean
[2024-01-11T13:14:04.894+0100][2663.516s] GC(132) Concurrent Preclean 0.172ms
[2024-01-11T13:14:04.894+0100][2663.516s] GC(132) Pause Remark
[2024-01-11T13:14:04.898+0100][2663.521s] GC(132) Pause Remark 130M->130M(512M) 4.402ms
[2024-01-11T13:14:04.898+0100][2663.521s] GC(132) User=0.00s Sys=0.00s Real=0.00s
[2024-01-11T13:14:04.898+0100][2663.521s] GC(132) Concurrent Mark 26.026ms
[2024-01-11T13:14:04.898+0100][2663.521s] GC(132) Concurrent Rebuild Remembered Sets
[2024-01-11T13:14:04.909+0100][2663.532s] GC(132) Concurrent Rebuild Remembered Sets 10.662ms
[2024-01-11T13:14:04.909+0100][2663.532s] GC(132) Pause Cleanup
[2024-01-11T13:14:04.910+0100][2663.532s] GC(132) Pause Cleanup 131M->131M(512M) 0.173ms
[2024-01-11T13:14:04.910+0100][2663.532s] GC(132) User=0.00s Sys=0.00s Real=0.00s
[2024-01-11T13:14:04.910+0100][2663.532s] GC(132) Concurrent Cleanup for Next Mark
[2024-01-11T13:14:04.910+0100][2663.533s] GC(132) Concurrent Cleanup for Next Mark 0.655ms
[2024-01-11T13:14:04.910+0100][2663.533s] GC(132) Concurrent Mark Cycle 39.211ms
[2024-01-11T13:14:05.805+0100][2664.427s] GC(133) Pause Young (Concurrent Start) (CodeCache GC Threshold)
[2024-01-11T13:14:05.806+0100][2664.427s] GC(133) Using 10 workers of 10 for evacuation
[2024-01-11T13:14:05.809+0100][2664.431s] GC(133)   Pre Evacuate Collection Set: 0.1ms
[2024-01-11T13:14:05.809+0100][2664.431s] GC(133)   Merge Heap Roots: 0.1ms
[2024-01-11T13:14:05.809+0100][2664.431s] GC(133)   Evacuate Collection Set: 2.9ms
[2024-01-11T13:14:05.809+0100][2664.431s] GC(133)   Post Evacuate Collection Set: 0.4ms
[2024-01-11T13:14:05.809+0100][2664.431s] GC(133)   Other: 0.1ms
[2024-01-11T13:14:05.809+0100][2664.431s] GC(133) Eden regions: 211->0(285)
[2024-01-11T13:14:05.809+0100][2664.431s] GC(133) Survivor regions: 20->22(39)
[2024-01-11T13:14:05.809+0100][2664.431s] GC(133) Old regions: 102->102
[2024-01-11T13:14:05.809+0100][2664.431s] GC(133) Archive regions: 0->0
[2024-01-11T13:14:05.809+0100][2664.431s] GC(133) Humongous regions: 4->4
[2024-01-11T13:14:05.809+0100][2664.431s] GC(133) Metaspace: 61936K(62528K)->61936K(62528K) NonClass: 55003K(55232K)->55003K(55232K) Class: 6932K(7296K)->6932K(7296K)
[2024-01-11T13:14:05.809+0100][2664.431s] GC(133) Pause Young (Concurrent Start) (CodeCache GC Threshold) 336M->127M(512M) 3.802ms
[2024-01-11T13:14:05.809+0100][2664.431s] GC(134) Concurrent Mark Cycle
[2024-01-11T13:14:05.809+0100][2664.431s] GC(133) User=0.00s Sys=0.00s Real=0.00s
[2024-01-11T13:14:05.809+0100][2664.431s] GC(134) Concurrent Clear Claimed Marks
[2024-01-11T13:14:05.809+0100][2664.431s] GC(134) Concurrent Clear Claimed Marks 0.083ms
[2024-01-11T13:14:05.809+0100][2664.431s] GC(134) Concurrent Scan Root Regions
[2024-01-11T13:14:05.810+0100][2664.432s] GC(134) Concurrent Scan Root Regions 0.941ms
[2024-01-11T13:14:05.810+0100][2664.432s] GC(134) Concurrent Mark
[2024-01-11T13:14:05.810+0100][2664.432s] GC(134) Concurrent Mark From Roots
[2024-01-11T13:14:05.810+0100][2664.432s] GC(134) Using 3 workers of 3 for marking
[2024-01-11T13:14:05.839+0100][2664.462s] GC(134) Concurrent Mark From Roots 29.876ms
[2024-01-11T13:14:05.839+0100][2664.462s] GC(134) Concurrent Preclean
[2024-01-11T13:14:05.840+0100][2664.462s] GC(134) Concurrent Preclean 0.167ms
[2024-01-11T13:14:05.840+0100][2664.463s] GC(134) Pause Remark
[2024-01-11T13:14:05.845+0100][2664.467s] GC(134) Pause Remark 133M->133M(512M) 4.927ms
[2024-01-11T13:14:05.845+0100][2664.468s] GC(134) User=0.00s Sys=0.00s Real=0.01s
[2024-01-11T13:14:05.845+0100][2664.468s] GC(134) Concurrent Mark 35.319ms
[2024-01-11T13:14:05.845+0100][2664.468s] GC(134) Concurrent Rebuild Remembered Sets
[2024-01-11T13:14:05.859+0100][2664.482s] GC(134) Concurrent Rebuild Remembered Sets 14.468ms
[2024-01-11T13:14:05.859+0100][2664.482s] GC(134) Pause Cleanup
[2024-01-11T13:14:05.860+0100][2664.482s] GC(134) Pause Cleanup 134M->134M(512M) 0.143ms
[2024-01-11T13:14:05.860+0100][2664.482s] GC(134) User=0.00s Sys=0.00s Real=0.00s
[2024-01-11T13:14:05.860+0100][2664.482s] GC(134) Concurrent Cleanup for Next Mark
[2024-01-11T13:14:05.861+0100][2664.483s] GC(134) Concurrent Cleanup for Next Mark 0.857ms
[2024-01-11T13:14:05.861+0100][2664.483s] GC(134) Concurrent Mark Cycle 52.165ms
[2024-01-11T13:14:07.027+0100][2665.650s] GC(135) Pause Young (Prepare Mixed) (G1 Evacuation Pause)
[2024-01-11T13:14:07.027+0100][2665.650s] GC(135) Using 10 workers of 10 for evacuation
[2024-01-11T13:14:07.032+0100][2665.654s] GC(135)   Pre Evacuate Collection Set: 0.1ms
[2024-01-11T13:14:07.032+0100][2665.654s] GC(135)   Merge Heap Roots: 0.1ms
[2024-01-11T13:14:07.032+0100][2665.654s] GC(135)   Evacuate Collection Set: 3.1ms
[2024-01-11T13:14:07.032+0100][2665.654s] GC(135)   Post Evacuate Collection Set: 0.5ms
[2024-01-11T13:14:07.032+0100][2665.654s] GC(135)   Other: 0.1ms
[2024-01-11T13:14:07.032+0100][2665.654s] GC(135) Eden regions: 285->0(3)
[2024-01-11T13:14:07.032+0100][2665.654s] GC(135) Survivor regions: 22->22(39)
[2024-01-11T13:14:07.032+0100][2665.654s] GC(135) Old regions: 102->104
[2024-01-11T13:14:07.032+0100][2665.654s] GC(135) Archive regions: 0->0
[2024-01-11T13:14:07.032+0100][2665.654s] GC(135) Humongous regions: 4->4
[2024-01-11T13:14:07.032+0100][2665.654s] GC(135) Metaspace: 61936K(62528K)->61936K(62528K) NonClass: 55004K(55232K)->55004K(55232K) Class: 6932K(7296K)->6932K(7296K)
[2024-01-11T13:14:07.032+0100][2665.654s] GC(135) Pause Young (Prepare Mixed) (G1 Evacuation Pause) 412M->129M(512M) 4.071ms
[2024-01-11T13:14:07.032+0100][2665.654s] GC(135) User=0.00s Sys=0.00s Real=0.01s
[2024-01-11T13:14:07.040+0100][2665.662s] GC(136) Pause Young (Mixed) (G1 Evacuation Pause)
[2024-01-11T13:14:07.040+0100][2665.662s] GC(136) Using 10 workers of 10 for evacuation
[2024-01-11T13:14:07.044+0100][2665.666s] GC(136)   Pre Evacuate Collection Set: 0.1ms
[2024-01-11T13:14:07.044+0100][2665.666s] GC(136)   Merge Heap Roots: 0.1ms
[2024-01-11T13:14:07.044+0100][2665.666s] GC(136)   Evacuate Collection Set: 2.9ms
[2024-01-11T13:14:07.044+0100][2665.666s] GC(136)   Post Evacuate Collection Set: 0.4ms
[2024-01-11T13:14:07.044+0100][2665.666s] GC(136)   Other: 0.1ms
[2024-01-11T13:14:07.044+0100][2665.666s] GC(136) Eden regions: 3->0(306)
[2024-01-11T13:14:07.044+0100][2665.666s] GC(136) Survivor regions: 22->1(4)
[2024-01-11T13:14:07.044+0100][2665.666s] GC(136) Old regions: 104->120
[2024-01-11T13:14:07.044+0100][2665.666s] GC(136) Archive regions: 0->0
[2024-01-11T13:14:07.044+0100][2665.666s] GC(136) Humongous regions: 4->4
[2024-01-11T13:14:07.044+0100][2665.666s] GC(136) Metaspace: 61936K(62528K)->61936K(62528K) NonClass: 55004K(55232K)->55004K(55232K) Class: 6932K(7296K)->6932K(7296K)
[2024-01-11T13:14:07.044+0100][2665.666s] GC(136) Pause Young (Mixed) (G1 Evacuation Pause) 132M->124M(512M) 3.699ms
[2024-01-11T13:14:07.044+0100][2665.666s] GC(136) User=0.00s Sys=0.00s Real=0.00s
[2024-01-11T13:14:08.378+0100][2667.000s] GC(137) Pause Young (Normal) (G1 Evacuation Pause)
[2024-01-11T13:14:08.378+0100][2667.000s] GC(137) Using 10 workers of 10 for evacuation
[2024-01-11T13:14:08.379+0100][2667.002s] GC(137)   Pre Evacuate Collection Set: 0.1ms
[2024-01-11T13:14:08.380+0100][2667.002s] GC(137)   Merge Heap Roots: 0.1ms
[2024-01-11T13:14:08.380+0100][2667.002s] GC(137)   Evacuate Collection Set: 0.7ms
[2024-01-11T13:14:08.380+0100][2667.002s] GC(137)   Post Evacuate Collection Set: 0.5ms
[2024-01-11T13:14:08.380+0100][2667.002s] GC(137)   Other: 0.1ms
[2024-01-11T13:14:08.380+0100][2667.002s] GC(137) Eden regions: 306->0(303)
[2024-01-11T13:14:08.380+0100][2667.002s] GC(137) Survivor regions: 1->4(39)
[2024-01-11T13:14:08.380+0100][2667.002s] GC(137) Old regions: 120->120
[2024-01-11T13:14:08.380+0100][2667.002s] GC(137) Archive regions: 0->0
[2024-01-11T13:14:08.380+0100][2667.002s] GC(137) Humongous regions: 4->4
[2024-01-11T13:14:08.380+0100][2667.002s] GC(137) Metaspace: 61936K(62528K)->61936K(62528K) NonClass: 55004K(55232K)->55004K(55232K) Class: 6932K(7296K)->6932K(7296K)
[2024-01-11T13:14:08.380+0100][2667.002s] GC(137) Pause Young (Normal) (G1 Evacuation Pause) 430M->126M(512M) 1.657ms
[2024-01-11T13:14:08.380+0100][2667.002s] GC(137) User=0.00s Sys=0.00s Real=0.00s
[2024-01-11T13:14:08.452+0100][2667.074s] GC(138) Pause Young (Concurrent Start) (CodeCache GC Threshold)
[2024-01-11T13:14:08.452+0100][2667.074s] GC(138) Using 10 workers of 10 for evacuation
[2024-01-11T13:14:08.453+0100][2667.075s] GC(138)   Pre Evacuate Collection Set: 0.1ms
[2024-01-11T13:14:08.453+0100][2667.075s] GC(138)   Merge Heap Roots: 0.1ms
[2024-01-11T13:14:08.453+0100][2667.075s] GC(138)   Evacuate Collection Set: 0.8ms
[2024-01-11T13:14:08.453+0100][2667.075s] GC(138)   Post Evacuate Collection Set: 0.3ms
[2024-01-11T13:14:08.453+0100][2667.075s] GC(138)   Other: 0.1ms
[2024-01-11T13:14:08.453+0100][2667.075s] GC(138) Eden regions: 25->0(304)
[2024-01-11T13:14:08.453+0100][2667.075s] GC(138) Survivor regions: 4->3(39)
[2024-01-11T13:14:08.453+0100][2667.075s] GC(138) Old regions: 120->120
[2024-01-11T13:14:08.453+0100][2667.075s] GC(138) Archive regions: 0->0
[2024-01-11T13:14:08.453+0100][2667.075s] GC(138) Humongous regions: 4->4
[2024-01-11T13:14:08.453+0100][2667.075s] GC(138) Metaspace: 61936K(62528K)->61936K(62528K) NonClass: 55004K(55232K)->55004K(55232K) Class: 6932K(7296K)->6932K(7296K)
[2024-01-11T13:14:08.453+0100][2667.075s] GC(138) Pause Young (Concurrent Start) (CodeCache GC Threshold) 150M->126M(512M) 1.464ms
[2024-01-11T13:14:08.453+0100][2667.075s] GC(139) Concurrent Mark Cycle
[2024-01-11T13:14:08.453+0100][2667.075s] GC(138) User=0.11s Sys=0.00s Real=0.00s
[2024-01-11T13:14:08.453+0100][2667.075s] GC(139) Concurrent Clear Claimed Marks
[2024-01-11T13:14:08.453+0100][2667.075s] GC(139) Concurrent Clear Claimed Marks 0.045ms
[2024-01-11T13:14:08.453+0100][2667.075s] GC(139) Concurrent Scan Root Regions
[2024-01-11T13:14:08.453+0100][2667.076s] GC(139) Concurrent Scan Root Regions 0.586ms
[2024-01-11T13:14:08.453+0100][2667.076s] GC(139) Concurrent Mark
[2024-01-11T13:14:08.453+0100][2667.076s] GC(139) Concurrent Mark From Roots
[2024-01-11T13:14:08.453+0100][2667.076s] GC(139) Using 3 workers of 3 for marking
[2024-01-11T13:14:08.479+0100][2667.101s] GC(139) Concurrent Mark From Roots 25.157ms
[2024-01-11T13:14:08.479+0100][2667.101s] GC(139) Concurrent Preclean
[2024-01-11T13:14:08.479+0100][2667.101s] GC(139) Concurrent Preclean 0.151ms
[2024-01-11T13:14:08.479+0100][2667.101s] GC(139) Pause Remark
[2024-01-11T13:14:08.483+0100][2667.105s] GC(139) Pause Remark 131M->131M(512M) 3.866ms
[2024-01-11T13:14:08.483+0100][2667.105s] GC(139) User=0.00s Sys=0.00s Real=0.00s
[2024-01-11T13:14:08.483+0100][2667.105s] GC(139) Concurrent Mark 29.436ms
[2024-01-11T13:14:08.483+0100][2667.105s] GC(139) Concurrent Rebuild Remembered Sets
[2024-01-11T13:14:08.495+0100][2667.117s] GC(139) Concurrent Rebuild Remembered Sets 11.709ms
[2024-01-11T13:14:08.495+0100][2667.117s] GC(139) Pause Cleanup
[2024-01-11T13:14:08.495+0100][2667.117s] GC(139) Pause Cleanup 133M->133M(512M) 0.125ms
[2024-01-11T13:14:08.495+0100][2667.117s] GC(139) User=0.00s Sys=0.00s Real=0.00s
[2024-01-11T13:14:08.495+0100][2667.117s] GC(139) Concurrent Cleanup for Next Mark
[2024-01-11T13:14:08.496+0100][2667.118s] GC(139) Concurrent Cleanup for Next Mark 0.898ms
[2024-01-11T13:14:08.496+0100][2667.118s] GC(139) Concurrent Mark Cycle 43.081ms
[2024-01-11T13:14:09.721+0100][2668.343s] GC(140) Pause Young (Prepare Mixed) (G1 Evacuation Pause)
[2024-01-11T13:14:09.721+0100][2668.343s] GC(140) Using 10 workers of 10 for evacuation
[2024-01-11T13:14:09.722+0100][2668.344s] GC(140)   Pre Evacuate Collection Set: 0.1ms
[2024-01-11T13:14:09.722+0100][2668.344s] GC(140)   Merge Heap Roots: 0.1ms
[2024-01-11T13:14:09.722+0100][2668.344s] GC(140)   Evacuate Collection Set: 0.8ms
[2024-01-11T13:14:09.722+0100][2668.344s] GC(140)   Post Evacuate Collection Set: 0.3ms
[2024-01-11T13:14:09.722+0100][2668.344s] GC(140)   Other: 0.1ms
[2024-01-11T13:14:09.722+0100][2668.344s] GC(140) Eden regions: 304->0(20)
[2024-01-11T13:14:09.722+0100][2668.344s] GC(140) Survivor regions: 3->5(39)
[2024-01-11T13:14:09.722+0100][2668.344s] GC(140) Old regions: 120->120
[2024-01-11T13:14:09.722+0100][2668.344s] GC(140) Archive regions: 0->0
[2024-01-11T13:14:09.722+0100][2668.344s] GC(140) Humongous regions: 4->4
[2024-01-11T13:14:09.722+0100][2668.344s] GC(140) Metaspace: 61936K(62528K)->61936K(62528K) NonClass: 55004K(55232K)->55004K(55232K) Class: 6932K(7296K)->6932K(7296K)
[2024-01-11T13:14:09.722+0100][2668.344s] GC(140) Pause Young (Prepare Mixed) (G1 Evacuation Pause) 430M->128M(512M) 1.544ms
[2024-01-11T13:14:09.722+0100][2668.344s] GC(140) User=0.00s Sys=0.00s Real=0.00s
[2024-01-11T13:14:09.813+0100][2668.435s] GC(141) Pause Young (Mixed) (G1 Evacuation Pause)
[2024-01-11T13:14:09.813+0100][2668.435s] GC(141) Using 10 workers of 10 for evacuation
[2024-01-11T13:14:09.814+0100][2668.437s] GC(141)   Pre Evacuate Collection Set: 0.1ms
[2024-01-11T13:14:09.814+0100][2668.437s] GC(141)   Merge Heap Roots: 0.1ms
[2024-01-11T13:14:09.814+0100][2668.437s] GC(141)   Evacuate Collection Set: 0.9ms
[2024-01-11T13:14:09.814+0100][2668.437s] GC(141)   Post Evacuate Collection Set: 0.4ms
[2024-01-11T13:14:09.814+0100][2668.437s] GC(141)   Other: 0.1ms
[2024-01-11T13:14:09.814+0100][2668.437s] GC(141) Eden regions: 20->0(306)
[2024-01-11T13:14:09.814+0100][2668.437s] GC(141) Survivor regions: 5->1(4)
[2024-01-11T13:14:09.814+0100][2668.437s] GC(141) Old regions: 120->120
[2024-01-11T13:14:09.814+0100][2668.437s] GC(141) Archive regions: 0->0
[2024-01-11T13:14:09.814+0100][2668.437s] GC(141) Humongous regions: 4->4
[2024-01-11T13:14:09.814+0100][2668.437s] GC(141) Metaspace: 61936K(62528K)->61936K(62528K) NonClass: 55004K(55232K)->55004K(55232K) Class: 6932K(7296K)->6932K(7296K)
[2024-01-11T13:14:09.814+0100][2668.437s] GC(141) Pause Young (Mixed) (G1 Evacuation Pause) 148M->123M(512M) 1.709ms
[2024-01-11T13:14:09.814+0100][2668.437s] GC(141) User=0.00s Sys=0.00s Real=0.00s
[2024-01-11T13:14:11.104+0100][2669.727s] GC(142) Pause Young (Normal) (G1 Evacuation Pause)
[2024-01-11T13:14:11.104+0100][2669.727s] GC(142) Using 10 workers of 10 for evacuation
[2024-01-11T13:14:11.106+0100][2669.728s] GC(142)   Pre Evacuate Collection Set: 0.1ms
[2024-01-11T13:14:11.106+0100][2669.728s] GC(142)   Merge Heap Roots: 0.1ms
[2024-01-11T13:14:11.106+0100][2669.728s] GC(142)   Evacuate Collection Set: 0.5ms
[2024-01-11T13:14:11.106+0100][2669.728s] GC(142)   Post Evacuate Collection Set: 0.5ms
[2024-01-11T13:14:11.106+0100][2669.728s] GC(142)   Other: 0.1ms
[2024-01-11T13:14:11.106+0100][2669.728s] GC(142) Eden regions: 306->0(303)
[2024-01-11T13:14:11.106+0100][2669.728s] GC(142) Survivor regions: 1->4(39)
[2024-01-11T13:14:11.106+0100][2669.728s] GC(142) Old regions: 120->120
[2024-01-11T13:14:11.106+0100][2669.728s] GC(142) Archive regions: 0->0
[2024-01-11T13:14:11.106+0100][2669.728s] GC(142) Humongous regions: 4->4
[2024-01-11T13:14:11.106+0100][2669.728s] GC(142) Metaspace: 61936K(62528K)->61936K(62528K) NonClass: 55004K(55232K)->55004K(55232K) Class: 6932K(7296K)->6932K(7296K)
[2024-01-11T13:14:11.106+0100][2669.728s] GC(142) Pause Young (Normal) (G1 Evacuation Pause) 429M->126M(512M) 1.454ms
[2024-01-11T13:14:11.106+0100][2669.728s] GC(142) User=0.00s Sys=0.00s Real=0.00s
[2024-01-11T13:14:12.424+0100][2671.047s] GC(143) Pause Young (Normal) (G1 Evacuation Pause)
[2024-01-11T13:14:12.424+0100][2671.047s] GC(143) Using 10 workers of 10 for evacuation
[2024-01-11T13:14:12.426+0100][2671.048s] GC(143)   Pre Evacuate Collection Set: 0.1ms
[2024-01-11T13:14:12.426+0100][2671.048s] GC(143)   Merge Heap Roots: 0.1ms
[2024-01-11T13:14:12.426+0100][2671.048s] GC(143)   Evacuate Collection Set: 0.9ms
[2024-01-11T13:14:12.426+0100][2671.048s] GC(143)   Post Evacuate Collection Set: 0.3ms
[2024-01-11T13:14:12.426+0100][2671.048s] GC(143)   Other: 0.1ms
[2024-01-11T13:14:12.426+0100][2671.048s] GC(143) Eden regions: 303->0(302)
[2024-01-11T13:14:12.426+0100][2671.048s] GC(143) Survivor regions: 4->5(39)
[2024-01-11T13:14:12.426+0100][2671.048s] GC(143) Old regions: 120->120
[2024-01-11T13:14:12.426+0100][2671.048s] GC(143) Archive regions: 0->0
[2024-01-11T13:14:12.426+0100][2671.048s] GC(143) Humongous regions: 4->4
[2024-01-11T13:14:12.426+0100][2671.048s] GC(143) Metaspace: 61937K(62528K)->61937K(62528K) NonClass: 55005K(55232K)->55005K(55232K) Class: 6932K(7296K)->6932K(7296K)
[2024-01-11T13:14:12.426+0100][2671.048s] GC(143) Pause Young (Normal) (G1 Evacuation Pause) 429M->128M(512M) 1.593ms
[2024-01-11T13:14:12.426+0100][2671.048s] GC(143) User=0.00s Sys=0.00s Real=0.00s
[2024-01-11T13:14:13.687+0100][2672.309s] GC(144) Pause Young (Concurrent Start) (G1 Evacuation Pause)
[2024-01-11T13:14:13.687+0100][2672.309s] GC(144) Using 10 workers of 10 for evacuation
[2024-01-11T13:14:13.688+0100][2672.310s] GC(144)   Pre Evacuate Collection Set: 0.1ms
[2024-01-11T13:14:13.688+0100][2672.310s] GC(144)   Merge Heap Roots: 0.1ms
[2024-01-11T13:14:13.688+0100][2672.310s] GC(144)   Evacuate Collection Set: 1.0ms
[2024-01-11T13:14:13.688+0100][2672.310s] GC(144)   Post Evacuate Collection Set: 0.3ms
[2024-01-11T13:14:13.688+0100][2672.311s] GC(144)   Other: 0.1ms
[2024-01-11T13:14:13.688+0100][2672.311s] GC(144) Eden regions: 302->0(300)
[2024-01-11T13:14:13.688+0100][2672.311s] GC(144) Survivor regions: 5->7(39)
[2024-01-11T13:14:13.688+0100][2672.311s] GC(144) Old regions: 120->120
[2024-01-11T13:14:13.688+0100][2672.311s] GC(144) Archive regions: 0->0
[2024-01-11T13:14:13.688+0100][2672.311s] GC(144) Humongous regions: 4->4
[2024-01-11T13:14:13.688+0100][2672.311s] GC(144) Metaspace: 61937K(62528K)->61937K(62528K) NonClass: 55005K(55232K)->55005K(55232K) Class: 6932K(7296K)->6932K(7296K)
[2024-01-11T13:14:13.689+0100][2672.311s] GC(144) Pause Young (Concurrent Start) (G1 Evacuation Pause) 430M->129M(512M) 1.810ms
[2024-01-11T13:14:13.689+0100][2672.311s] GC(145) Concurrent Mark Cycle
[2024-01-11T13:14:13.689+0100][2672.311s] GC(144) User=0.16s Sys=0.00s Real=0.00s
[2024-01-11T13:14:13.689+0100][2672.311s] GC(145) Concurrent Clear Claimed Marks
[2024-01-11T13:14:13.689+0100][2672.311s] GC(145) Concurrent Clear Claimed Marks 0.060ms
[2024-01-11T13:14:13.689+0100][2672.311s] GC(145) Concurrent Scan Root Regions
[2024-01-11T13:14:13.689+0100][2672.311s] GC(145) Concurrent Scan Root Regions 0.653ms
[2024-01-11T13:14:13.689+0100][2672.311s] GC(145) Concurrent Mark
[2024-01-11T13:14:13.689+0100][2672.311s] GC(145) Concurrent Mark From Roots
[2024-01-11T13:14:13.689+0100][2672.311s] GC(145) Using 3 workers of 3 for marking
[2024-01-11T13:14:13.713+0100][2672.335s] GC(145) Concurrent Mark From Roots 23.933ms
[2024-01-11T13:14:13.713+0100][2672.335s] GC(145) Concurrent Preclean
[2024-01-11T13:14:13.714+0100][2672.336s] GC(145) Concurrent Preclean 0.152ms
[2024-01-11T13:14:13.714+0100][2672.336s] GC(145) Pause Remark
[2024-01-11T13:14:13.721+0100][2672.343s] GC(145) Pause Remark 137M->137M(512M) 7.061ms
[2024-01-11T13:14:13.721+0100][2672.343s] GC(145) User=0.16s Sys=0.00s Real=0.01s
[2024-01-11T13:14:13.721+0100][2672.343s] GC(145) Concurrent Mark 31.406ms
[2024-01-11T13:14:13.721+0100][2672.343s] GC(145) Concurrent Rebuild Remembered Sets
[2024-01-11T13:14:13.736+0100][2672.358s] GC(145) Concurrent Rebuild Remembered Sets 15.328ms
[2024-01-11T13:14:13.736+0100][2672.358s] GC(145) Pause Cleanup
[2024-01-11T13:14:13.736+0100][2672.358s] GC(145) Pause Cleanup 140M->140M(512M) 0.127ms
[2024-01-11T13:14:13.736+0100][2672.358s] GC(145) User=0.00s Sys=0.00s Real=0.00s
[2024-01-11T13:14:13.737+0100][2672.359s] GC(145) Concurrent Cleanup for Next Mark
[2024-01-11T13:14:13.737+0100][2672.359s] GC(145) Concurrent Cleanup for Next Mark 0.809ms
[2024-01-11T13:14:13.737+0100][2672.359s] GC(145) Concurrent Mark Cycle 48.719ms
[2024-01-11T13:14:15.064+0100][2673.686s] GC(146) Pause Young (Prepare Mixed) (G1 Evacuation Pause)
[2024-01-11T13:14:15.064+0100][2673.686s] GC(146) Using 10 workers of 10 for evacuation
[2024-01-11T13:14:15.066+0100][2673.688s] GC(146)   Pre Evacuate Collection Set: 0.2ms
[2024-01-11T13:14:15.066+0100][2673.688s] GC(146)   Merge Heap Roots: 0.1ms
[2024-01-11T13:14:15.066+0100][2673.688s] GC(146)   Evacuate Collection Set: 1.3ms
[2024-01-11T13:14:15.066+0100][2673.688s] GC(146)   Post Evacuate Collection Set: 0.5ms
[2024-01-11T13:14:15.066+0100][2673.688s] GC(146)   Other: 0.1ms
[2024-01-11T13:14:15.066+0100][2673.688s] GC(146) Eden regions: 300->0(16)
[2024-01-11T13:14:15.066+0100][2673.688s] GC(146) Survivor regions: 7->9(39)
[2024-01-11T13:14:15.066+0100][2673.688s] GC(146) Old regions: 119->119
[2024-01-11T13:14:15.066+0100][2673.688s] GC(146) Archive regions: 0->0
[2024-01-11T13:14:15.066+0100][2673.688s] GC(146) Humongous regions: 4->4
[2024-01-11T13:14:15.066+0100][2673.688s] GC(146) Metaspace: 61920K(62528K)->61920K(62528K) NonClass: 54992K(55232K)->54992K(55232K) Class: 6927K(7296K)->6927K(7296K)
[2024-01-11T13:14:15.066+0100][2673.688s] GC(146) Pause Young (Prepare Mixed) (G1 Evacuation Pause) 429M->131M(512M) 2.517ms
[2024-01-11T13:14:15.066+0100][2673.688s] GC(146) User=0.00s Sys=0.00s Real=0.00s
[2024-01-11T13:14:15.154+0100][2673.776s] GC(147) Pause Young (Mixed) (G1 Evacuation Pause)
[2024-01-11T13:14:15.154+0100][2673.776s] GC(147) Using 10 workers of 10 for evacuation
[2024-01-11T13:14:15.156+0100][2673.778s] GC(147)   Pre Evacuate Collection Set: 0.1ms
[2024-01-11T13:14:15.156+0100][2673.778s] GC(147)   Merge Heap Roots: 0.1ms
[2024-01-11T13:14:15.156+0100][2673.778s] GC(147)   Evacuate Collection Set: 1.3ms
[2024-01-11T13:14:15.156+0100][2673.778s] GC(147)   Post Evacuate Collection Set: 0.4ms
[2024-01-11T13:14:15.156+0100][2673.778s] GC(147)   Other: 0.1ms
[2024-01-11T13:14:15.156+0100][2673.778s] GC(147) Eden regions: 16->0(306)
[2024-01-11T13:14:15.156+0100][2673.778s] GC(147) Survivor regions: 9->1(4)
[2024-01-11T13:14:15.156+0100][2673.778s] GC(147) Old regions: 119->123
[2024-01-11T13:14:15.156+0100][2673.778s] GC(147) Archive regions: 0->0
[2024-01-11T13:14:15.156+0100][2673.778s] GC(147) Humongous regions: 4->4
[2024-01-11T13:14:15.156+0100][2673.778s] GC(147) Metaspace: 61920K(62528K)->61920K(62528K) NonClass: 54992K(55232K)->54992K(55232K) Class: 6927K(7296K)->6927K(7296K)
[2024-01-11T13:14:15.156+0100][2673.778s] GC(147) Pause Young (Mixed) (G1 Evacuation Pause) 147M->127M(512M) 2.167ms
[2024-01-11T13:14:15.156+0100][2673.778s] GC(147) User=0.00s Sys=0.00s Real=0.00s
[2024-01-11T13:14:16.450+0100][2675.072s] GC(148) Pause Young (Normal) (G1 Evacuation Pause)
[2024-01-11T13:14:16.450+0100][2675.072s] GC(148) Using 10 workers of 10 for evacuation
[2024-01-11T13:14:16.451+0100][2675.073s] GC(148)   Pre Evacuate Collection Set: 0.1ms
[2024-01-11T13:14:16.451+0100][2675.073s] GC(148)   Merge Heap Roots: 0.1ms
[2024-01-11T13:14:16.451+0100][2675.073s] GC(148)   Evacuate Collection Set: 0.5ms
[2024-01-11T13:14:16.452+0100][2675.073s] GC(148)   Post Evacuate Collection Set: 0.4ms
[2024-01-11T13:14:16.452+0100][2675.074s] GC(148)   Other: 0.1ms
[2024-01-11T13:14:16.452+0100][2675.074s] GC(148) Eden regions: 306->0(303)
[2024-01-11T13:14:16.452+0100][2675.074s] GC(148) Survivor regions: 1->4(39)
[2024-01-11T13:14:16.452+0100][2675.074s] GC(148) Old regions: 123->123
[2024-01-11T13:14:16.452+0100][2675.074s] GC(148) Archive regions: 0->0
[2024-01-11T13:14:16.452+0100][2675.074s] GC(148) Humongous regions: 4->4
[2024-01-11T13:14:16.452+0100][2675.074s] GC(148) Metaspace: 61929K(62528K)->61929K(62528K) NonClass: 55002K(55232K)->55002K(55232K) Class: 6927K(7296K)->6927K(7296K)
[2024-01-11T13:14:16.452+0100][2675.074s] GC(148) Pause Young (Normal) (G1 Evacuation Pause) 433M->129M(512M) 1.386ms
[2024-01-11T13:14:16.452+0100][2675.074s] GC(148) User=0.00s Sys=0.00s Real=0.00s
[2024-01-11T13:14:17.712+0100][2676.334s] GC(149) Pause Young (Normal) (G1 Evacuation Pause)
[2024-01-11T13:14:17.712+0100][2676.334s] GC(149) Using 10 workers of 10 for evacuation
[2024-01-11T13:14:17.714+0100][2676.336s] GC(149)   Pre Evacuate Collection Set: 0.1ms
[2024-01-11T13:14:17.714+0100][2676.336s] GC(149)   Merge Heap Roots: 0.1ms
[2024-01-11T13:14:17.714+0100][2676.336s] GC(149)   Evacuate Collection Set: 0.7ms
[2024-01-11T13:14:17.714+0100][2676.336s] GC(149)   Post Evacuate Collection Set: 0.4ms
[2024-01-11T13:14:17.714+0100][2676.336s] GC(149)   Other: 0.1ms
[2024-01-11T13:14:17.714+0100][2676.336s] GC(149) Eden regions: 303->0(301)
[2024-01-11T13:14:17.714+0100][2676.336s] GC(149) Survivor regions: 4->6(39)
[2024-01-11T13:14:17.714+0100][2676.336s] GC(149) Old regions: 123->123
[2024-01-11T13:14:17.714+0100][2676.336s] GC(149) Archive regions: 0->0
[2024-01-11T13:14:17.714+0100][2676.336s] GC(149) Humongous regions: 4->4
[2024-01-11T13:14:17.714+0100][2676.336s] GC(149) Metaspace: 61931K(62528K)->61931K(62528K) NonClass: 55003K(55232K)->55003K(55232K) Class: 6927K(7296K)->6927K(7296K)
[2024-01-11T13:14:17.714+0100][2676.336s] GC(149) Pause Young (Normal) (G1 Evacuation Pause) 432M->132M(512M) 1.650ms
[2024-01-11T13:14:17.714+0100][2676.336s] GC(149) User=0.00s Sys=0.00s Real=0.00s
[2024-01-11T13:14:19.052+0100][2677.674s] GC(150) Pause Young (Concurrent Start) (G1 Evacuation Pause)
[2024-01-11T13:14:19.052+0100][2677.674s] GC(150) Using 10 workers of 10 for evacuation
[2024-01-11T13:14:19.054+0100][2677.676s] GC(150)   Pre Evacuate Collection Set: 0.1ms
[2024-01-11T13:14:19.054+0100][2677.676s] GC(150)   Merge Heap Roots: 0.1ms
[2024-01-11T13:14:19.054+0100][2677.676s] GC(150)   Evacuate Collection Set: 1.1ms
[2024-01-11T13:14:19.054+0100][2677.676s] GC(150)   Post Evacuate Collection Set: 0.4ms
[2024-01-11T13:14:19.054+0100][2677.676s] GC(150)   Other: 0.1ms
[2024-01-11T13:14:19.054+0100][2677.676s] GC(150) Eden regions: 301->0(299)
[2024-01-11T13:14:19.054+0100][2677.676s] GC(150) Survivor regions: 6->8(39)
[2024-01-11T13:14:19.054+0100][2677.676s] GC(150) Old regions: 123->123
[2024-01-11T13:14:19.054+0100][2677.676s] GC(150) Archive regions: 0->0
[2024-01-11T13:14:19.054+0100][2677.676s] GC(150) Humongous regions: 4->4
[2024-01-11T13:14:19.054+0100][2677.676s] GC(150) Metaspace: 61931K(62528K)->61931K(62528K) NonClass: 55003K(55232K)->55003K(55232K) Class: 6927K(7296K)->6927K(7296K)
[2024-01-11T13:14:19.054+0100][2677.676s] GC(150) Pause Young (Concurrent Start) (G1 Evacuation Pause) 433M->133M(512M) 2.037ms
[2024-01-11T13:14:19.054+0100][2677.676s] GC(150) User=0.00s Sys=0.00s Real=0.00s
[2024-01-11T13:14:19.054+0100][2677.676s] GC(151) Concurrent Mark Cycle
[2024-01-11T13:14:19.054+0100][2677.676s] GC(151) Concurrent Clear Claimed Marks
[2024-01-11T13:14:19.054+0100][2677.676s] GC(151) Concurrent Clear Claimed Marks 0.036ms
[2024-01-11T13:14:19.054+0100][2677.676s] GC(151) Concurrent Scan Root Regions
[2024-01-11T13:14:19.055+0100][2677.677s] GC(151) Concurrent Scan Root Regions 0.964ms
[2024-01-11T13:14:19.055+0100][2677.677s] GC(151) Concurrent Mark
[2024-01-11T13:14:19.055+0100][2677.677s] GC(151) Concurrent Mark From Roots
[2024-01-11T13:14:19.055+0100][2677.677s] GC(151) Using 3 workers of 3 for marking
[2024-01-11T13:14:19.089+0100][2677.711s] GC(151) Concurrent Mark From Roots 33.955ms
[2024-01-11T13:14:19.089+0100][2677.711s] GC(151) Concurrent Preclean
[2024-01-11T13:14:19.089+0100][2677.712s] GC(151) Concurrent Preclean 0.241ms
[2024-01-11T13:14:19.089+0100][2677.712s] GC(151) Pause Remark
[2024-01-11T13:14:19.094+0100][2677.716s] GC(151) Pause Remark 143M->143M(512M) 4.550ms
[2024-01-11T13:14:19.094+0100][2677.716s] GC(151) User=0.16s Sys=0.00s Real=0.01s
[2024-01-11T13:14:19.094+0100][2677.716s] GC(151) Concurrent Mark 38.943ms
[2024-01-11T13:14:19.094+0100][2677.716s] GC(151) Concurrent Rebuild Remembered Sets
[2024-01-11T13:14:19.114+0100][2677.737s] GC(151) Concurrent Rebuild Remembered Sets 20.126ms
[2024-01-11T13:14:19.114+0100][2677.737s] GC(151) Pause Cleanup
[2024-01-11T13:14:19.114+0100][2677.737s] GC(151) Pause Cleanup 146M->146M(512M) 0.132ms
[2024-01-11T13:14:19.114+0100][2677.737s] GC(151) User=0.00s Sys=0.00s Real=0.00s
[2024-01-11T13:14:19.114+0100][2677.737s] GC(151) Concurrent Cleanup for Next Mark
[2024-01-11T13:14:19.115+0100][2677.738s] GC(151) Concurrent Cleanup for Next Mark 0.825ms
[2024-01-11T13:14:19.115+0100][2677.738s] GC(151) Concurrent Mark Cycle 61.307ms
[2024-01-11T13:14:20.481+0100][2679.104s] GC(152) Pause Young (Prepare Mixed) (G1 Evacuation Pause)
[2024-01-11T13:14:20.481+0100][2679.104s] GC(152) Using 10 workers of 10 for evacuation
[2024-01-11T13:14:20.483+0100][2679.106s] GC(152)   Pre Evacuate Collection Set: 0.1ms
[2024-01-11T13:14:20.483+0100][2679.106s] GC(152)   Merge Heap Roots: 0.1ms
[2024-01-11T13:14:20.483+0100][2679.106s] GC(152)   Evacuate Collection Set: 1.2ms
[2024-01-11T13:14:20.483+0100][2679.106s] GC(152)   Post Evacuate Collection Set: 0.4ms
[2024-01-11T13:14:20.483+0100][2679.106s] GC(152)   Other: 0.1ms
[2024-01-11T13:14:20.483+0100][2679.106s] GC(152) Eden regions: 299->0(16)
[2024-01-11T13:14:20.483+0100][2679.106s] GC(152) Survivor regions: 8->9(39)
[2024-01-11T13:14:20.483+0100][2679.106s] GC(152) Old regions: 123->123
[2024-01-11T13:14:20.483+0100][2679.106s] GC(152) Archive regions: 0->0
[2024-01-11T13:14:20.483+0100][2679.106s] GC(152) Humongous regions: 4->4
[2024-01-11T13:14:20.483+0100][2679.106s] GC(152) Metaspace: 61931K(62528K)->61931K(62528K) NonClass: 55003K(55232K)->55003K(55232K) Class: 6927K(7296K)->6927K(7296K)
[2024-01-11T13:14:20.483+0100][2679.106s] GC(152) Pause Young (Prepare Mixed) (G1 Evacuation Pause) 432M->135M(512M) 2.015ms
[2024-01-11T13:14:20.483+0100][2679.106s] GC(152) User=0.00s Sys=0.00s Real=0.00s
[2024-01-11T13:14:20.560+0100][2679.182s] GC(153) Pause Young (Mixed) (G1 Evacuation Pause)
[2024-01-11T13:14:20.560+0100][2679.182s] GC(153) Using 10 workers of 10 for evacuation
[2024-01-11T13:14:20.563+0100][2679.184s] GC(153)   Pre Evacuate Collection Set: 0.1ms
[2024-01-11T13:14:20.563+0100][2679.184s] GC(153)   Merge Heap Roots: 0.1ms
[2024-01-11T13:14:20.563+0100][2679.184s] GC(153)   Evacuate Collection Set: 1.5ms
[2024-01-11T13:14:20.563+0100][2679.184s] GC(153)   Post Evacuate Collection Set: 0.5ms
[2024-01-11T13:14:20.563+0100][2679.184s] GC(153)   Other: 0.1ms
[2024-01-11T13:14:20.563+0100][2679.184s] GC(153) Eden regions: 16->0(306)
[2024-01-11T13:14:20.563+0100][2679.184s] GC(153) Survivor regions: 9->1(4)
[2024-01-11T13:14:20.563+0100][2679.184s] GC(153) Old regions: 123->128
[2024-01-11T13:14:20.563+0100][2679.184s] GC(153) Archive regions: 0->0
[2024-01-11T13:14:20.563+0100][2679.184s] GC(153) Humongous regions: 4->4
[2024-01-11T13:14:20.563+0100][2679.185s] GC(153) Metaspace: 61931K(62528K)->61931K(62528K) NonClass: 55003K(55232K)->55003K(55232K) Class: 6927K(7296K)->6927K(7296K)
[2024-01-11T13:14:20.563+0100][2679.185s] GC(153) Pause Young (Mixed) (G1 Evacuation Pause) 151M->131M(512M) 2.477ms
[2024-01-11T13:14:20.563+0100][2679.185s] GC(153) User=0.02s Sys=0.00s Real=0.00s
[2024-01-11T13:14:21.850+0100][2680.473s] GC(154) Pause Young (Normal) (G1 Evacuation Pause)
[2024-01-11T13:14:21.851+0100][2680.473s] GC(154) Using 10 workers of 10 for evacuation
[2024-01-11T13:14:21.852+0100][2680.474s] GC(154)   Pre Evacuate Collection Set: 0.1ms
[2024-01-11T13:14:21.852+0100][2680.474s] GC(154)   Merge Heap Roots: 0.1ms
[2024-01-11T13:14:21.852+0100][2680.474s] GC(154)   Evacuate Collection Set: 0.5ms
[2024-01-11T13:14:21.852+0100][2680.474s] GC(154)   Post Evacuate Collection Set: 0.3ms
[2024-01-11T13:14:21.852+0100][2680.474s] GC(154)   Other: 0.1ms
[2024-01-11T13:14:21.852+0100][2680.474s] GC(154) Eden regions: 306->0(304)
[2024-01-11T13:14:21.852+0100][2680.474s] GC(154) Survivor regions: 1->3(39)
[2024-01-11T13:14:21.852+0100][2680.474s] GC(154) Old regions: 128->128
[2024-01-11T13:14:21.852+0100][2680.474s] GC(154) Archive regions: 0->0
[2024-01-11T13:14:21.852+0100][2680.474s] GC(154) Humongous regions: 4->4
[2024-01-11T13:14:21.852+0100][2680.474s] GC(154) Metaspace: 62008K(62592K)->62008K(62592K) NonClass: 55079K(55296K)->55079K(55296K) Class: 6928K(7296K)->6928K(7296K)
[2024-01-11T13:14:21.852+0100][2680.474s] GC(154) Pause Young (Normal) (G1 Evacuation Pause) 437M->133M(512M) 1.181ms
[2024-01-11T13:14:21.852+0100][2680.474s] GC(154) User=0.00s Sys=0.00s Real=0.00s
[2024-01-11T13:19:04.066+0100][2962.688s] GC(155) Pause Young (Concurrent Start) (CodeCache GC Threshold)
[2024-01-11T13:19:04.066+0100][2962.688s] GC(155) Using 10 workers of 10 for evacuation
[2024-01-11T13:19:04.069+0100][2962.691s] GC(155)   Pre Evacuate Collection Set: 0.2ms
[2024-01-11T13:19:04.069+0100][2962.691s] GC(155)   Merge Heap Roots: 0.1ms
[2024-01-11T13:19:04.069+0100][2962.691s] GC(155)   Evacuate Collection Set: 1.5ms
[2024-01-11T13:19:04.069+0100][2962.691s] GC(155)   Post Evacuate Collection Set: 0.5ms
[2024-01-11T13:19:04.069+0100][2962.691s] GC(155)   Other: 0.1ms
[2024-01-11T13:19:04.069+0100][2962.691s] GC(155) Eden regions: 169->0(302)
[2024-01-11T13:19:04.069+0100][2962.691s] GC(155) Survivor regions: 3->5(39)
[2024-01-11T13:19:04.069+0100][2962.691s] GC(155) Old regions: 128->128
[2024-01-11T13:19:04.069+0100][2962.691s] GC(155) Archive regions: 0->0
[2024-01-11T13:19:04.069+0100][2962.691s] GC(155) Humongous regions: 4->4
[2024-01-11T13:19:04.069+0100][2962.691s] GC(155) Metaspace: 62483K(63040K)->62483K(63040K) NonClass: 55505K(55744K)->55505K(55744K) Class: 6977K(7296K)->6977K(7296K)
[2024-01-11T13:19:04.069+0100][2962.691s] GC(155) Pause Young (Concurrent Start) (CodeCache GC Threshold) 302M->135M(512M) 2.614ms
[2024-01-11T13:19:04.069+0100][2962.691s] GC(155) User=0.00s Sys=0.00s Real=0.00s
[2024-01-11T13:19:04.069+0100][2962.691s] GC(156) Concurrent Mark Cycle
[2024-01-11T13:19:04.069+0100][2962.691s] GC(156) Concurrent Clear Claimed Marks
[2024-01-11T13:19:04.069+0100][2962.691s] GC(156) Concurrent Clear Claimed Marks 0.044ms
[2024-01-11T13:19:04.069+0100][2962.691s] GC(156) Concurrent Scan Root Regions
[2024-01-11T13:19:04.070+0100][2962.692s] GC(156) Concurrent Scan Root Regions 0.977ms
[2024-01-11T13:19:04.070+0100][2962.692s] GC(156) Concurrent Mark
[2024-01-11T13:19:04.070+0100][2962.692s] GC(156) Concurrent Mark From Roots
[2024-01-11T13:19:04.070+0100][2962.692s] GC(156) Using 3 workers of 3 for marking
[2024-01-11T13:19:04.097+0100][2962.719s] GC(156) Concurrent Mark From Roots 26.586ms
[2024-01-11T13:19:04.097+0100][2962.719s] GC(156) Concurrent Preclean
[2024-01-11T13:19:04.097+0100][2962.719s] GC(156) Concurrent Preclean 0.337ms
[2024-01-11T13:19:04.097+0100][2962.719s] GC(156) Pause Remark
[2024-01-11T13:19:04.101+0100][2962.723s] GC(156) Pause Remark 136M->136M(512M) 3.289ms
[2024-01-11T13:19:04.101+0100][2962.723s] GC(156) User=0.00s Sys=0.00s Real=0.00s
[2024-01-11T13:19:04.101+0100][2962.723s] GC(156) Concurrent Mark 30.573ms
[2024-01-11T13:19:04.101+0100][2962.723s] GC(156) Concurrent Rebuild Remembered Sets
[2024-01-11T13:19:04.115+0100][2962.737s] GC(156) Concurrent Rebuild Remembered Sets 13.909ms
[2024-01-11T13:19:04.115+0100][2962.737s] GC(156) Pause Cleanup
[2024-01-11T13:19:04.115+0100][2962.737s] GC(156) Pause Cleanup 136M->136M(512M) 0.133ms
[2024-01-11T13:19:04.115+0100][2962.737s] GC(156) User=0.00s Sys=0.00s Real=0.00s
[2024-01-11T13:19:04.115+0100][2962.737s] GC(156) Concurrent Cleanup for Next Mark
[2024-01-11T13:19:04.116+0100][2962.738s] GC(156) Concurrent Cleanup for Next Mark 0.806ms
[2024-01-11T13:19:04.116+0100][2962.738s] GC(156) Concurrent Mark Cycle 46.737ms
[2024-01-11T13:48:22.912+0100][4721.535s] GC(157) Pause Young (Prepare Mixed) (G1 Evacuation Pause)
[2024-01-11T13:48:22.912+0100][4721.535s] GC(157) Using 10 workers of 10 for evacuation
[2024-01-11T13:48:22.914+0100][4721.537s] GC(157)   Pre Evacuate Collection Set: 0.1ms
[2024-01-11T13:48:22.914+0100][4721.537s] GC(157)   Merge Heap Roots: 0.1ms
[2024-01-11T13:48:22.915+0100][4721.537s] GC(157)   Evacuate Collection Set: 1.5ms
[2024-01-11T13:48:22.915+0100][4721.537s] GC(157)   Post Evacuate Collection Set: 0.6ms
[2024-01-11T13:48:22.915+0100][4721.537s] GC(157)   Other: 0.1ms
[2024-01-11T13:48:22.915+0100][4721.537s] GC(157) Eden regions: 302->0(21)
[2024-01-11T13:48:22.915+0100][4721.537s] GC(157) Survivor regions: 5->4(39)
[2024-01-11T13:48:22.915+0100][4721.537s] GC(157) Old regions: 128->128
[2024-01-11T13:48:22.915+0100][4721.537s] GC(157) Archive regions: 0->0
[2024-01-11T13:48:22.915+0100][4721.537s] GC(157) Humongous regions: 4->4
[2024-01-11T13:48:22.915+0100][4721.537s] GC(157) Metaspace: 62826K(63360K)->62826K(63360K) NonClass: 55846K(56064K)->55846K(56064K) Class: 6980K(7296K)->6980K(7296K)
[2024-01-11T13:48:22.915+0100][4721.537s] GC(157) Pause Young (Prepare Mixed) (G1 Evacuation Pause) 437M->134M(512M) 2.580ms
[2024-01-11T13:48:22.915+0100][4721.537s] GC(157) User=0.00s Sys=0.00s Real=0.00s
[2024-01-11T13:48:23.025+0100][4721.648s] GC(158) Pause Young (Mixed) (G1 Evacuation Pause)
[2024-01-11T13:48:23.025+0100][4721.648s] GC(158) Using 10 workers of 10 for evacuation
[2024-01-11T13:48:23.027+0100][4721.650s] GC(158)   Pre Evacuate Collection Set: 0.1ms
[2024-01-11T13:48:23.027+0100][4721.650s] GC(158)   Merge Heap Roots: 0.1ms
[2024-01-11T13:48:23.027+0100][4721.650s] GC(158)   Evacuate Collection Set: 1.4ms
[2024-01-11T13:48:23.027+0100][4721.650s] GC(158)   Post Evacuate Collection Set: 0.3ms
[2024-01-11T13:48:23.027+0100][4721.650s] GC(158)   Other: 0.1ms
[2024-01-11T13:48:23.028+0100][4721.650s] GC(158) Eden regions: 21->0(24)
[2024-01-11T13:48:23.028+0100][4721.650s] GC(158) Survivor regions: 4->1(4)
[2024-01-11T13:48:23.028+0100][4721.650s] GC(158) Old regions: 128->80
[2024-01-11T13:48:23.028+0100][4721.650s] GC(158) Archive regions: 0->0
[2024-01-11T13:48:23.028+0100][4721.650s] GC(158) Humongous regions: 4->4
[2024-01-11T13:48:23.028+0100][4721.650s] GC(158) Metaspace: 62826K(63360K)->62826K(63360K) NonClass: 55846K(56064K)->55846K(56064K) Class: 6980K(7296K)->6980K(7296K)
[2024-01-11T13:48:23.028+0100][4721.650s] GC(158) Pause Young (Mixed) (G1 Evacuation Pause) 155M->83M(512M) 2.134ms
[2024-01-11T13:48:23.028+0100][4721.650s] GC(158) User=0.00s Sys=0.00s Real=0.00s
[2024-01-11T13:48:23.146+0100][4721.768s] GC(159) Pause Young (Mixed) (G1 Evacuation Pause)
[2024-01-11T13:48:23.146+0100][4721.768s] GC(159) Using 10 workers of 10 for evacuation
[2024-01-11T13:48:23.147+0100][4721.769s] GC(159)   Pre Evacuate Collection Set: 0.1ms
[2024-01-11T13:48:23.147+0100][4721.769s] GC(159)   Merge Heap Roots: 0.1ms
[2024-01-11T13:48:23.147+0100][4721.769s] GC(159)   Evacuate Collection Set: 0.5ms
[2024-01-11T13:48:23.147+0100][4721.769s] GC(159)   Post Evacuate Collection Set: 0.4ms
[2024-01-11T13:48:23.147+0100][4721.769s] GC(159)   Other: 0.1ms
[2024-01-11T13:48:23.147+0100][4721.769s] GC(159) Eden regions: 24->0(305)
[2024-01-11T13:48:23.147+0100][4721.769s] GC(159) Survivor regions: 1->2(4)
[2024-01-11T13:48:23.147+0100][4721.769s] GC(159) Old regions: 80->68
[2024-01-11T13:48:23.147+0100][4721.769s] GC(159) Archive regions: 0->0
[2024-01-11T13:48:23.147+0100][4721.769s] GC(159) Humongous regions: 4->4
[2024-01-11T13:48:23.148+0100][4721.769s] GC(159) Metaspace: 62826K(63360K)->62826K(63360K) NonClass: 55846K(56064K)->55846K(56064K) Class: 6980K(7296K)->6980K(7296K)
[2024-01-11T13:48:23.148+0100][4721.770s] GC(159) Pause Young (Mixed) (G1 Evacuation Pause) 107M->72M(512M) 1.468ms
[2024-01-11T13:48:23.148+0100][4721.770s] GC(159) User=0.00s Sys=0.00s Real=0.00s
[2024-01-11T13:48:24.495+0100][4723.117s] GC(160) Pause Young (Concurrent Start) (G1 Evacuation Pause)
[2024-01-11T13:48:24.495+0100][4723.117s] GC(160) Using 10 workers of 10 for evacuation
[2024-01-11T13:48:24.497+0100][4723.119s] GC(160)   Pre Evacuate Collection Set: 0.1ms
[2024-01-11T13:48:24.497+0100][4723.119s] GC(160)   Merge Heap Roots: 0.1ms
[2024-01-11T13:48:24.497+0100][4723.119s] GC(160)   Evacuate Collection Set: 0.8ms
[2024-01-11T13:48:24.497+0100][4723.119s] GC(160)   Post Evacuate Collection Set: 0.3ms
[2024-01-11T13:48:24.497+0100][4723.119s] GC(160)   Other: 0.1ms
[2024-01-11T13:48:24.497+0100][4723.119s] GC(160) Eden regions: 305->0(304)
[2024-01-11T13:48:24.497+0100][4723.119s] GC(160) Survivor regions: 2->3(39)
[2024-01-11T13:48:24.497+0100][4723.119s] GC(160) Old regions: 68->68
[2024-01-11T13:48:24.497+0100][4723.119s] GC(160) Archive regions: 0->0
[2024-01-11T13:48:24.497+0100][4723.119s] GC(160) Humongous regions: 4->4
[2024-01-11T13:48:24.497+0100][4723.119s] GC(160) Metaspace: 62826K(63360K)->62826K(63360K) NonClass: 55846K(56064K)->55846K(56064K) Class: 6980K(7296K)->6980K(7296K)
[2024-01-11T13:48:24.497+0100][4723.119s] GC(160) Pause Young (Concurrent Start) (G1 Evacuation Pause) 377M->74M(512M) 1.586ms
[2024-01-11T13:48:24.497+0100][4723.119s] GC(160) User=0.00s Sys=0.00s Real=0.00s
[2024-01-11T13:48:24.497+0100][4723.119s] GC(161) Concurrent Mark Cycle
[2024-01-11T13:48:24.497+0100][4723.119s] GC(161) Concurrent Clear Claimed Marks
[2024-01-11T13:48:24.497+0100][4723.119s] GC(161) Concurrent Clear Claimed Marks 0.025ms
[2024-01-11T13:48:24.497+0100][4723.119s] GC(161) Concurrent Scan Root Regions
[2024-01-11T13:48:24.498+0100][4723.120s] GC(161) Concurrent Scan Root Regions 0.559ms
[2024-01-11T13:48:24.498+0100][4723.120s] GC(161) Concurrent Mark
[2024-01-11T13:48:24.498+0100][4723.120s] GC(161) Concurrent Mark From Roots
[2024-01-11T13:48:24.498+0100][4723.120s] GC(161) Using 3 workers of 3 for marking
[2024-01-11T13:48:24.517+0100][4723.139s] GC(161) Concurrent Mark From Roots 19.063ms
[2024-01-11T13:48:24.517+0100][4723.139s] GC(161) Concurrent Preclean
[2024-01-11T13:48:24.517+0100][4723.139s] GC(161) Concurrent Preclean 0.168ms
[2024-01-11T13:48:24.517+0100][4723.139s] GC(161) Pause Remark
[2024-01-11T13:48:24.527+0100][4723.149s] GC(161) Pause Remark 79M->79M(512M) 10.133ms
[2024-01-11T13:48:24.527+0100][4723.149s] GC(161) User=0.00s Sys=0.00s Real=0.01s
[2024-01-11T13:48:24.527+0100][4723.149s] GC(161) Concurrent Mark 29.670ms
[2024-01-11T13:48:24.527+0100][4723.149s] GC(161) Concurrent Rebuild Remembered Sets
[2024-01-11T13:48:24.538+0100][4723.160s] GC(161) Concurrent Rebuild Remembered Sets 10.991ms
[2024-01-11T13:48:24.539+0100][4723.160s] GC(161) Pause Cleanup
[2024-01-11T13:48:24.539+0100][4723.161s] GC(161) Pause Cleanup 80M->80M(512M) 0.131ms
[2024-01-11T13:48:24.539+0100][4723.161s] GC(161) User=0.00s Sys=0.00s Real=0.00s
[2024-01-11T13:48:24.539+0100][4723.161s] GC(161) Concurrent Cleanup for Next Mark
[2024-01-11T13:48:24.540+0100][4723.161s] GC(161) Concurrent Cleanup for Next Mark 0.711ms
[2024-01-11T13:48:24.540+0100][4723.161s] GC(161) Concurrent Mark Cycle 42.480ms
[2024-01-11T13:48:25.858+0100][4724.480s] GC(162) Pause Young (Prepare Mixed) (G1 Evacuation Pause)
[2024-01-11T13:48:25.858+0100][4724.480s] GC(162) Using 10 workers of 10 for evacuation
[2024-01-11T13:48:25.859+0100][4724.481s] GC(162)   Pre Evacuate Collection Set: 0.1ms
[2024-01-11T13:48:25.859+0100][4724.481s] GC(162)   Merge Heap Roots: 0.1ms
[2024-01-11T13:48:25.859+0100][4724.481s] GC(162)   Evacuate Collection Set: 0.8ms
[2024-01-11T13:48:25.859+0100][4724.481s] GC(162)   Post Evacuate Collection Set: 0.6ms
[2024-01-11T13:48:25.859+0100][4724.481s] GC(162)   Other: 0.1ms
[2024-01-11T13:48:25.859+0100][4724.481s] GC(162) Eden regions: 304->0(20)
[2024-01-11T13:48:25.860+0100][4724.481s] GC(162) Survivor regions: 3->5(39)
[2024-01-11T13:48:25.860+0100][4724.481s] GC(162) Old regions: 68->68
[2024-01-11T13:48:25.860+0100][4724.481s] GC(162) Archive regions: 0->0
[2024-01-11T13:48:25.860+0100][4724.481s] GC(162) Humongous regions: 4->4
[2024-01-11T13:48:25.860+0100][4724.481s] GC(162) Metaspace: 62806K(63360K)->62806K(63360K) NonClass: 55831K(56064K)->55831K(56064K) Class: 6974K(7296K)->6974K(7296K)
[2024-01-11T13:48:25.860+0100][4724.481s] GC(162) Pause Young (Prepare Mixed) (G1 Evacuation Pause) 378M->76M(512M) 1.912ms
[2024-01-11T13:48:25.860+0100][4724.481s] GC(162) User=0.02s Sys=0.00s Real=0.00s
[2024-01-11T13:48:25.975+0100][4724.597s] GC(163) Pause Young (Mixed) (G1 Evacuation Pause)
[2024-01-11T13:48:25.975+0100][4724.597s] GC(163) Using 10 workers of 10 for evacuation
[2024-01-11T13:48:25.976+0100][4724.598s] GC(163)   Pre Evacuate Collection Set: 0.0ms
[2024-01-11T13:48:25.976+0100][4724.598s] GC(163)   Merge Heap Roots: 0.0ms
[2024-01-11T13:48:25.976+0100][4724.598s] GC(163)   Evacuate Collection Set: 0.7ms
[2024-01-11T13:48:25.976+0100][4724.598s] GC(163)   Post Evacuate Collection Set: 0.2ms
[2024-01-11T13:48:25.976+0100][4724.598s] GC(163)   Other: 0.1ms
[2024-01-11T13:48:25.976+0100][4724.598s] GC(163) Eden regions: 20->0(306)
[2024-01-11T13:48:25.976+0100][4724.598s] GC(163) Survivor regions: 5->1(4)
[2024-01-11T13:48:25.976+0100][4724.598s] GC(163) Old regions: 68->67
[2024-01-11T13:48:25.976+0100][4724.598s] GC(163) Archive regions: 0->0
[2024-01-11T13:48:25.976+0100][4724.598s] GC(163) Humongous regions: 4->4
[2024-01-11T13:48:25.976+0100][4724.598s] GC(163) Metaspace: 62806K(63360K)->62806K(63360K) NonClass: 55831K(56064K)->55831K(56064K) Class: 6974K(7296K)->6974K(7296K)
[2024-01-11T13:48:25.976+0100][4724.598s] GC(163) Pause Young (Mixed) (G1 Evacuation Pause) 96M->71M(512M) 1.362ms
[2024-01-11T13:48:25.976+0100][4724.598s] GC(163) User=0.00s Sys=0.00s Real=0.00s
[2024-01-11T13:48:26.208+0100][4724.830s] GC(164) Pause Young (Concurrent Start) (CodeCache GC Threshold)
[2024-01-11T13:48:26.208+0100][4724.830s] GC(164) Using 10 workers of 10 for evacuation
[2024-01-11T13:48:26.210+0100][4724.832s] GC(164)   Pre Evacuate Collection Set: 0.1ms
[2024-01-11T13:48:26.210+0100][4724.832s] GC(164)   Merge Heap Roots: 0.1ms
[2024-01-11T13:48:26.210+0100][4724.832s] GC(164)   Evacuate Collection Set: 0.6ms
[2024-01-11T13:48:26.210+0100][4724.832s] GC(164)   Post Evacuate Collection Set: 0.4ms
[2024-01-11T13:48:26.210+0100][4724.832s] GC(164)   Other: 0.1ms
[2024-01-11T13:48:26.210+0100][4724.832s] GC(164) Eden regions: 56->0(306)
[2024-01-11T13:48:26.210+0100][4724.832s] GC(164) Survivor regions: 1->1(39)
[2024-01-11T13:48:26.210+0100][4724.832s] GC(164) Old regions: 67->67
[2024-01-11T13:48:26.210+0100][4724.832s] GC(164) Archive regions: 0->0
[2024-01-11T13:48:26.210+0100][4724.832s] GC(164) Humongous regions: 4->4
[2024-01-11T13:48:26.210+0100][4724.832s] GC(164) Metaspace: 62806K(63360K)->62806K(63360K) NonClass: 55831K(56064K)->55831K(56064K) Class: 6974K(7296K)->6974K(7296K)
[2024-01-11T13:48:26.210+0100][4724.832s] GC(164) Pause Young (Concurrent Start) (CodeCache GC Threshold) 127M->71M(512M) 1.478ms
[2024-01-11T13:48:26.210+0100][4724.832s] GC(164) User=0.00s Sys=0.00s Real=0.00s
[2024-01-11T13:48:26.210+0100][4724.832s] GC(165) Concurrent Mark Cycle
[2024-01-11T13:48:26.210+0100][4724.832s] GC(165) Concurrent Clear Claimed Marks
[2024-01-11T13:48:26.210+0100][4724.832s] GC(165) Concurrent Clear Claimed Marks 0.013ms
[2024-01-11T13:48:26.210+0100][4724.832s] GC(165) Concurrent Scan Root Regions
[2024-01-11T13:48:26.211+0100][4724.833s] GC(165) Concurrent Scan Root Regions 0.762ms
[2024-01-11T13:48:26.211+0100][4724.833s] GC(165) Concurrent Mark
[2024-01-11T13:48:26.211+0100][4724.833s] GC(165) Concurrent Mark From Roots
[2024-01-11T13:48:26.211+0100][4724.833s] GC(165) Using 3 workers of 3 for marking
[2024-01-11T13:48:26.237+0100][4724.859s] GC(165) Concurrent Mark From Roots 26.711ms
[2024-01-11T13:48:26.237+0100][4724.859s] GC(165) Concurrent Preclean
[2024-01-11T13:48:26.238+0100][4724.859s] GC(165) Concurrent Preclean 0.154ms
[2024-01-11T13:48:26.238+0100][4724.860s] GC(165) Pause Remark
[2024-01-11T13:48:26.242+0100][4724.864s] GC(165) Pause Remark 77M->77M(512M) 4.452ms
[2024-01-11T13:48:26.242+0100][4724.864s] GC(165) User=0.00s Sys=0.00s Real=0.00s
[2024-01-11T13:48:26.242+0100][4724.864s] GC(165) Concurrent Mark 31.569ms
[2024-01-11T13:48:26.242+0100][4724.864s] GC(165) Concurrent Rebuild Remembered Sets
[2024-01-11T13:48:26.252+0100][4724.875s] GC(165) Concurrent Rebuild Remembered Sets 10.390ms
[2024-01-11T13:48:26.252+0100][4724.875s] GC(165) Pause Cleanup
[2024-01-11T13:48:26.252+0100][4724.875s] GC(165) Pause Cleanup 78M->78M(512M) 0.122ms
[2024-01-11T13:48:26.252+0100][4724.875s] GC(165) User=0.00s Sys=0.00s Real=0.00s
[2024-01-11T13:48:26.252+0100][4724.875s] GC(165) Concurrent Cleanup for Next Mark
[2024-01-11T13:48:26.253+0100][4724.876s] GC(165) Concurrent Cleanup for Next Mark 0.786ms
[2024-01-11T13:48:26.253+0100][4724.876s] GC(165) Concurrent Mark Cycle 43.948ms
[2024-01-11T13:48:26.369+0100][4724.991s] GC(166) Pause Young (Concurrent Start) (CodeCache GC Threshold)
[2024-01-11T13:48:26.369+0100][4724.991s] GC(166) Using 10 workers of 10 for evacuation
[2024-01-11T13:48:26.370+0100][4724.992s] GC(166)   Pre Evacuate Collection Set: 0.2ms
[2024-01-11T13:48:26.370+0100][4724.992s] GC(166)   Merge Heap Roots: 0.1ms
[2024-01-11T13:48:26.370+0100][4724.992s] GC(166)   Evacuate Collection Set: 0.7ms
[2024-01-11T13:48:26.370+0100][4724.992s] GC(166)   Post Evacuate Collection Set: 0.4ms
[2024-01-11T13:48:26.370+0100][4724.992s] GC(166)   Other: 0.0ms
[2024-01-11T13:48:26.370+0100][4724.992s] GC(166) Eden regions: 31->0(305)
[2024-01-11T13:48:26.370+0100][4724.992s] GC(166) Survivor regions: 1->2(39)
[2024-01-11T13:48:26.370+0100][4724.992s] GC(166) Old regions: 67->67
[2024-01-11T13:48:26.370+0100][4724.992s] GC(166) Archive regions: 0->0
[2024-01-11T13:48:26.370+0100][4724.992s] GC(166) Humongous regions: 4->4
[2024-01-11T13:48:26.370+0100][4724.992s] GC(166) Metaspace: 62806K(63360K)->62806K(63360K) NonClass: 55831K(56064K)->55831K(56064K) Class: 6974K(7296K)->6974K(7296K)
[2024-01-11T13:48:26.370+0100][4724.992s] GC(166) Pause Young (Concurrent Start) (CodeCache GC Threshold) 102M->72M(512M) 1.558ms
[2024-01-11T13:48:26.370+0100][4724.993s] GC(167) Concurrent Mark Cycle
[2024-01-11T13:48:26.370+0100][4724.993s] GC(166) User=0.00s Sys=0.00s Real=0.00s
[2024-01-11T13:48:26.370+0100][4724.993s] GC(167) Concurrent Clear Claimed Marks
[2024-01-11T13:48:26.370+0100][4724.993s] GC(167) Concurrent Clear Claimed Marks 0.050ms
[2024-01-11T13:48:26.370+0100][4724.993s] GC(167) Concurrent Scan Root Regions
[2024-01-11T13:48:26.371+0100][4724.993s] GC(167) Concurrent Scan Root Regions 0.546ms
[2024-01-11T13:48:26.371+0100][4724.993s] GC(167) Concurrent Mark
[2024-01-11T13:48:26.371+0100][4724.993s] GC(167) Concurrent Mark From Roots
[2024-01-11T13:48:26.371+0100][4724.993s] GC(167) Using 3 workers of 3 for marking
[2024-01-11T13:48:26.391+0100][4725.013s] GC(167) Concurrent Mark From Roots 19.675ms
[2024-01-11T13:48:26.391+0100][4725.013s] GC(167) Concurrent Preclean
[2024-01-11T13:48:26.391+0100][4725.013s] GC(167) Concurrent Preclean 0.162ms
[2024-01-11T13:48:26.391+0100][4725.013s] GC(167) Pause Remark
[2024-01-11T13:48:26.396+0100][4725.018s] GC(167) Pause Remark 75M->75M(512M) 4.732ms
[2024-01-11T13:48:26.396+0100][4725.018s] GC(167) User=0.00s Sys=0.00s Real=0.00s
[2024-01-11T13:48:26.396+0100][4725.018s] GC(167) Concurrent Mark 24.926ms
[2024-01-11T13:48:26.396+0100][4725.018s] GC(167) Concurrent Rebuild Remembered Sets
[2024-01-11T13:48:26.409+0100][4725.031s] GC(167) Concurrent Rebuild Remembered Sets 12.737ms
[2024-01-11T13:48:26.409+0100][4725.031s] GC(167) Pause Cleanup
[2024-01-11T13:48:26.409+0100][4725.031s] GC(167) Pause Cleanup 76M->76M(512M) 0.141ms
[2024-01-11T13:48:26.409+0100][4725.031s] GC(167) User=0.00s Sys=0.00s Real=0.00s
[2024-01-11T13:48:26.409+0100][4725.031s] GC(167) Concurrent Cleanup for Next Mark
[2024-01-11T13:48:26.410+0100][4725.032s] GC(167) Concurrent Cleanup for Next Mark 0.648ms
[2024-01-11T13:48:26.410+0100][4725.032s] GC(167) Concurrent Mark Cycle 39.456ms
[2024-01-11T13:48:27.754+0100][4726.376s] GC(168) Pause Young (Prepare Mixed) (G1 Evacuation Pause)
[2024-01-11T13:48:27.754+0100][4726.376s] GC(168) Using 10 workers of 10 for evacuation
[2024-01-11T13:48:27.756+0100][4726.377s] GC(168)   Pre Evacuate Collection Set: 0.1ms
[2024-01-11T13:48:27.756+0100][4726.377s] GC(168)   Merge Heap Roots: 0.1ms
[2024-01-11T13:48:27.756+0100][4726.378s] GC(168)   Evacuate Collection Set: 0.7ms
[2024-01-11T13:48:27.756+0100][4726.378s] GC(168)   Post Evacuate Collection Set: 0.5ms
[2024-01-11T13:48:27.756+0100][4726.378s] GC(168)   Other: 0.1ms
[2024-01-11T13:48:27.756+0100][4726.378s] GC(168) Eden regions: 305->0(21)
[2024-01-11T13:48:27.756+0100][4726.378s] GC(168) Survivor regions: 2->4(39)
[2024-01-11T13:48:27.756+0100][4726.378s] GC(168) Old regions: 67->67
[2024-01-11T13:48:27.756+0100][4726.378s] GC(168) Archive regions: 0->0
[2024-01-11T13:48:27.756+0100][4726.378s] GC(168) Humongous regions: 4->4
[2024-01-11T13:48:27.756+0100][4726.378s] GC(168) Metaspace: 62806K(63360K)->62806K(63360K) NonClass: 55831K(56064K)->55831K(56064K) Class: 6974K(7296K)->6974K(7296K)
[2024-01-11T13:48:27.756+0100][4726.378s] GC(168) Pause Young (Prepare Mixed) (G1 Evacuation Pause) 377M->73M(512M) 1.754ms
[2024-01-11T13:48:27.756+0100][4726.378s] GC(168) User=0.00s Sys=0.00s Real=0.00s
[2024-01-11T13:48:27.815+0100][4726.437s] GC(169) Pause Young (Mixed) (G1 Evacuation Pause)
[2024-01-11T13:48:27.815+0100][4726.437s] GC(169) Using 10 workers of 10 for evacuation
[2024-01-11T13:48:27.816+0100][4726.438s] GC(169)   Pre Evacuate Collection Set: 0.1ms
[2024-01-11T13:48:27.816+0100][4726.438s] GC(169)   Merge Heap Roots: 0.1ms
[2024-01-11T13:48:27.816+0100][4726.438s] GC(169)   Evacuate Collection Set: 0.7ms
[2024-01-11T13:48:27.816+0100][4726.438s] GC(169)   Post Evacuate Collection Set: 0.3ms
[2024-01-11T13:48:27.816+0100][4726.438s] GC(169)   Other: 0.1ms
[2024-01-11T13:48:27.816+0100][4726.438s] GC(169) Eden regions: 21->0(306)
[2024-01-11T13:48:27.816+0100][4726.438s] GC(169) Survivor regions: 4->1(4)
[2024-01-11T13:48:27.816+0100][4726.438s] GC(169) Old regions: 67->65
[2024-01-11T13:48:27.816+0100][4726.438s] GC(169) Archive regions: 0->0
[2024-01-11T13:48:27.816+0100][4726.438s] GC(169) Humongous regions: 4->4
[2024-01-11T13:48:27.816+0100][4726.438s] GC(169) Metaspace: 62806K(63360K)->62806K(63360K) NonClass: 55831K(56064K)->55831K(56064K) Class: 6974K(7296K)->6974K(7296K)
[2024-01-11T13:48:27.816+0100][4726.438s] GC(169) Pause Young (Mixed) (G1 Evacuation Pause) 94M->69M(512M) 1.431ms
[2024-01-11T13:48:27.816+0100][4726.438s] GC(169) User=0.00s Sys=0.00s Real=0.00s
[2024-01-11T13:48:27.867+0100][4726.489s] GC(170) Pause Young (Concurrent Start) (CodeCache GC Threshold)
[2024-01-11T13:48:27.867+0100][4726.489s] GC(170) Using 10 workers of 10 for evacuation
[2024-01-11T13:48:27.868+0100][4726.490s] GC(170)   Pre Evacuate Collection Set: 0.1ms
[2024-01-11T13:48:27.868+0100][4726.490s] GC(170)   Merge Heap Roots: 0.1ms
[2024-01-11T13:48:27.868+0100][4726.490s] GC(170)   Evacuate Collection Set: 0.6ms
[2024-01-11T13:48:27.868+0100][4726.490s] GC(170)   Post Evacuate Collection Set: 0.4ms
[2024-01-11T13:48:27.868+0100][4726.490s] GC(170)   Other: 0.0ms
[2024-01-11T13:48:27.868+0100][4726.490s] GC(170) Eden regions: 15->0(306)
[2024-01-11T13:48:27.868+0100][4726.490s] GC(170) Survivor regions: 1->1(39)
[2024-01-11T13:48:27.868+0100][4726.490s] GC(170) Old regions: 65->65
[2024-01-11T13:48:27.868+0100][4726.490s] GC(170) Archive regions: 0->0
[2024-01-11T13:48:27.868+0100][4726.490s] GC(170) Humongous regions: 4->4
[2024-01-11T13:48:27.868+0100][4726.490s] GC(170) Metaspace: 62806K(63360K)->62806K(63360K) NonClass: 55831K(56064K)->55831K(56064K) Class: 6974K(7296K)->6974K(7296K)
[2024-01-11T13:48:27.868+0100][4726.491s] GC(170) Pause Young (Concurrent Start) (CodeCache GC Threshold) 83M->69M(512M) 1.383ms
[2024-01-11T13:48:27.868+0100][4726.491s] GC(171) Concurrent Mark Cycle
[2024-01-11T13:48:27.868+0100][4726.491s] GC(170) User=0.00s Sys=0.00s Real=0.00s
[2024-01-11T13:48:27.868+0100][4726.491s] GC(171) Concurrent Clear Claimed Marks
[2024-01-11T13:48:27.868+0100][4726.491s] GC(171) Concurrent Clear Claimed Marks 0.040ms
[2024-01-11T13:48:27.868+0100][4726.491s] GC(171) Concurrent Scan Root Regions
[2024-01-11T13:48:27.869+0100][4726.491s] GC(171) Concurrent Scan Root Regions 0.860ms
[2024-01-11T13:48:27.869+0100][4726.491s] GC(171) Concurrent Mark
[2024-01-11T13:48:27.869+0100][4726.491s] GC(171) Concurrent Mark From Roots
[2024-01-11T13:48:27.869+0100][4726.492s] GC(171) Using 3 workers of 3 for marking
[2024-01-11T13:48:27.888+0100][4726.511s] GC(171) Concurrent Mark From Roots 19.289ms
[2024-01-11T13:48:27.888+0100][4726.511s] GC(171) Concurrent Preclean
[2024-01-11T13:48:27.888+0100][4726.511s] GC(171) Concurrent Preclean 0.123ms
[2024-01-11T13:48:27.888+0100][4726.511s] GC(171) Pause Remark
[2024-01-11T13:48:27.893+0100][4726.515s] GC(171) Pause Remark 71M->71M(512M) 4.061ms
[2024-01-11T13:48:27.893+0100][4726.515s] GC(171) User=0.02s Sys=0.00s Real=0.00s
[2024-01-11T13:48:27.894+0100][4726.515s] GC(171) Concurrent Mark 23.840ms
[2024-01-11T13:48:27.894+0100][4726.515s] GC(171) Concurrent Rebuild Remembered Sets
[2024-01-11T13:48:27.903+0100][4726.525s] GC(171) Concurrent Rebuild Remembered Sets 9.934ms
[2024-01-11T13:48:27.903+0100][4726.525s] GC(171) Pause Cleanup
[2024-01-11T13:48:27.903+0100][4726.526s] GC(171) Pause Cleanup 74M->74M(512M) 0.172ms
[2024-01-11T13:48:27.903+0100][4726.526s] GC(171) User=0.00s Sys=0.00s Real=0.00s
[2024-01-11T13:48:27.903+0100][4726.526s] GC(171) Concurrent Cleanup for Next Mark
[2024-01-11T13:48:27.904+0100][4726.527s] GC(171) Concurrent Cleanup for Next Mark 0.880ms
[2024-01-11T13:48:27.904+0100][4726.527s] GC(171) Concurrent Mark Cycle 36.176ms
[2024-01-11T13:48:29.179+0100][4727.800s] GC(172) Pause Young (Prepare Mixed) (G1 Evacuation Pause)
[2024-01-11T13:48:29.179+0100][4727.801s] GC(172) Using 10 workers of 10 for evacuation
[2024-01-11T13:48:29.180+0100][4727.802s] GC(172)   Pre Evacuate Collection Set: 0.1ms
[2024-01-11T13:48:29.180+0100][4727.802s] GC(172)   Merge Heap Roots: 0.1ms
[2024-01-11T13:48:29.180+0100][4727.802s] GC(172)   Evacuate Collection Set: 0.6ms
[2024-01-11T13:48:29.180+0100][4727.802s] GC(172)   Post Evacuate Collection Set: 0.4ms
[2024-01-11T13:48:29.180+0100][4727.802s] GC(172)   Other: 0.1ms
[2024-01-11T13:48:29.180+0100][4727.802s] GC(172) Eden regions: 306->0(22)
[2024-01-11T13:48:29.180+0100][4727.802s] GC(172) Survivor regions: 1->3(39)
[2024-01-11T13:48:29.180+0100][4727.802s] GC(172) Old regions: 65->65
[2024-01-11T13:48:29.180+0100][4727.802s] GC(172) Archive regions: 0->0
[2024-01-11T13:48:29.180+0100][4727.802s] GC(172) Humongous regions: 4->4
[2024-01-11T13:48:29.180+0100][4727.802s] GC(172) Metaspace: 62808K(63360K)->62808K(63360K) NonClass: 55833K(56064K)->55833K(56064K) Class: 6974K(7296K)->6974K(7296K)
[2024-01-11T13:48:29.180+0100][4727.802s] GC(172) Pause Young (Prepare Mixed) (G1 Evacuation Pause) 375M->71M(512M) 1.513ms
[2024-01-11T13:48:29.180+0100][4727.802s] GC(172) User=0.00s Sys=0.00s Real=0.00s
[2024-01-11T13:48:29.281+0100][4727.903s] GC(173) Pause Young (Mixed) (G1 Evacuation Pause)
[2024-01-11T13:48:29.281+0100][4727.903s] GC(173) Using 10 workers of 10 for evacuation
[2024-01-11T13:48:29.282+0100][4727.904s] GC(173)   Pre Evacuate Collection Set: 0.1ms
[2024-01-11T13:48:29.282+0100][4727.904s] GC(173)   Merge Heap Roots: 0.1ms
[2024-01-11T13:48:29.282+0100][4727.904s] GC(173)   Evacuate Collection Set: 0.6ms
[2024-01-11T13:48:29.282+0100][4727.904s] GC(173)   Post Evacuate Collection Set: 0.4ms
[2024-01-11T13:48:29.282+0100][4727.904s] GC(173)   Other: 0.1ms
[2024-01-11T13:48:29.282+0100][4727.904s] GC(173) Eden regions: 22->0(306)
[2024-01-11T13:48:29.282+0100][4727.905s] GC(173) Survivor regions: 3->1(4)
[2024-01-11T13:48:29.282+0100][4727.905s] GC(173) Old regions: 65->64
[2024-01-11T13:48:29.282+0100][4727.905s] GC(173) Archive regions: 0->0
[2024-01-11T13:48:29.282+0100][4727.905s] GC(173) Humongous regions: 4->4
[2024-01-11T13:48:29.282+0100][4727.905s] GC(173) Metaspace: 62808K(63360K)->62808K(63360K) NonClass: 55833K(56064K)->55833K(56064K) Class: 6974K(7296K)->6974K(7296K)
[2024-01-11T13:48:29.282+0100][4727.905s] GC(173) Pause Young (Mixed) (G1 Evacuation Pause) 93M->68M(512M) 1.432ms
[2024-01-11T13:48:29.282+0100][4727.905s] GC(173) User=0.00s Sys=0.00s Real=0.00s
[2024-01-11T13:48:30.666+0100][4729.288s] GC(174) Pause Young (Concurrent Start) (G1 Evacuation Pause)
[2024-01-11T13:48:30.666+0100][4729.288s] GC(174) Using 10 workers of 10 for evacuation
[2024-01-11T13:48:30.668+0100][4729.290s] GC(174)   Pre Evacuate Collection Set: 0.1ms
[2024-01-11T13:48:30.668+0100][4729.290s] GC(174)   Merge Heap Roots: 0.1ms
[2024-01-11T13:48:30.668+0100][4729.290s] GC(174)   Evacuate Collection Set: 1.0ms
[2024-01-11T13:48:30.668+0100][4729.290s] GC(174)   Post Evacuate Collection Set: 0.5ms
[2024-01-11T13:48:30.668+0100][4729.290s] GC(174)   Other: 0.1ms
[2024-01-11T13:48:30.668+0100][4729.290s] GC(174) Eden regions: 306->0(303)
[2024-01-11T13:48:30.668+0100][4729.290s] GC(174) Survivor regions: 1->4(39)
[2024-01-11T13:48:30.668+0100][4729.290s] GC(174) Old regions: 64->64
[2024-01-11T13:48:30.668+0100][4729.290s] GC(174) Archive regions: 0->0
[2024-01-11T13:48:30.668+0100][4729.290s] GC(174) Humongous regions: 4->4
[2024-01-11T13:48:30.668+0100][4729.290s] GC(174) Metaspace: 62808K(63360K)->62808K(63360K) NonClass: 55833K(56064K)->55833K(56064K) Class: 6974K(7296K)->6974K(7296K)
[2024-01-11T13:48:30.668+0100][4729.290s] GC(174) Pause Young (Concurrent Start) (G1 Evacuation Pause) 374M->71M(512M) 2.038ms
[2024-01-11T13:48:30.668+0100][4729.290s] GC(175) Concurrent Mark Cycle
[2024-01-11T13:48:30.668+0100][4729.290s] GC(174) User=0.00s Sys=0.00s Real=0.00s
[2024-01-11T13:48:30.668+0100][4729.290s] GC(175) Concurrent Clear Claimed Marks
[2024-01-11T13:48:30.668+0100][4729.290s] GC(175) Concurrent Clear Claimed Marks 0.063ms
[2024-01-11T13:48:30.668+0100][4729.290s] GC(175) Concurrent Scan Root Regions
[2024-01-11T13:48:30.669+0100][4729.291s] GC(175) Concurrent Scan Root Regions 0.841ms
[2024-01-11T13:48:30.669+0100][4729.291s] GC(175) Concurrent Mark
[2024-01-11T13:48:30.669+0100][4729.291s] GC(175) Concurrent Mark From Roots
[2024-01-11T13:48:30.669+0100][4729.291s] GC(175) Using 3 workers of 3 for marking
[2024-01-11T13:48:30.690+0100][4729.312s] GC(175) Concurrent Mark From Roots 21.108ms
[2024-01-11T13:48:30.690+0100][4729.312s] GC(175) Concurrent Preclean
[2024-01-11T13:48:30.691+0100][4729.313s] GC(175) Concurrent Preclean 0.172ms
[2024-01-11T13:48:30.691+0100][4729.313s] GC(175) Pause Remark
[2024-01-11T13:48:30.695+0100][4729.317s] GC(175) Pause Remark 73M->73M(512M) 4.479ms
[2024-01-11T13:48:30.695+0100][4729.317s] GC(175) User=0.00s Sys=0.00s Real=0.00s
[2024-01-11T13:48:30.695+0100][4729.317s] GC(175) Concurrent Mark 26.103ms
[2024-01-11T13:48:30.695+0100][4729.317s] GC(175) Concurrent Rebuild Remembered Sets
[2024-01-11T13:48:30.705+0100][4729.327s] GC(175) Concurrent Rebuild Remembered Sets 9.761ms
[2024-01-11T13:48:30.705+0100][4729.327s] GC(175) Pause Cleanup
[2024-01-11T13:48:30.705+0100][4729.327s] GC(175) Pause Cleanup 74M->74M(512M) 0.157ms
[2024-01-11T13:48:30.705+0100][4729.327s] GC(175) User=0.00s Sys=0.00s Real=0.00s
[2024-01-11T13:48:30.705+0100][4729.328s] GC(175) Concurrent Cleanup for Next Mark
[2024-01-11T13:48:30.706+0100][4729.328s] GC(175) Concurrent Cleanup for Next Mark 0.750ms
[2024-01-11T13:48:30.706+0100][4729.328s] GC(175) Concurrent Mark Cycle 38.008ms
[2024-01-11T13:48:32.091+0100][4730.712s] GC(176) Pause Young (Prepare Mixed) (G1 Evacuation Pause)
[2024-01-11T13:48:32.091+0100][4730.712s] GC(176) Using 10 workers of 10 for evacuation
[2024-01-11T13:48:32.092+0100][4730.714s] GC(176)   Pre Evacuate Collection Set: 0.1ms
[2024-01-11T13:48:32.092+0100][4730.714s] GC(176)   Merge Heap Roots: 0.1ms
[2024-01-11T13:48:32.092+0100][4730.714s] GC(176)   Evacuate Collection Set: 0.8ms
[2024-01-11T13:48:32.092+0100][4730.714s] GC(176)   Post Evacuate Collection Set: 0.4ms
[2024-01-11T13:48:32.092+0100][4730.714s] GC(176)   Other: 0.1ms
[2024-01-11T13:48:32.092+0100][4730.714s] GC(176) Eden regions: 303->0(20)
[2024-01-11T13:48:32.092+0100][4730.714s] GC(176) Survivor regions: 4->5(39)
[2024-01-11T13:48:32.092+0100][4730.714s] GC(176) Old regions: 64->64
[2024-01-11T13:48:32.092+0100][4730.714s] GC(176) Archive regions: 0->0
[2024-01-11T13:48:32.092+0100][4730.714s] GC(176) Humongous regions: 4->4
[2024-01-11T13:48:32.092+0100][4730.714s] GC(176) Metaspace: 62814K(63360K)->62814K(63360K) NonClass: 55839K(56064K)->55839K(56064K) Class: 6974K(7296K)->6974K(7296K)
[2024-01-11T13:48:32.092+0100][4730.714s] GC(176) Pause Young (Prepare Mixed) (G1 Evacuation Pause) 374M->72M(512M) 1.652ms
[2024-01-11T13:48:32.092+0100][4730.714s] GC(176) User=0.00s Sys=0.00s Real=0.00s
[2024-01-11T13:48:32.182+0100][4730.804s] GC(177) Pause Young (Mixed) (G1 Evacuation Pause)
[2024-01-11T13:48:32.182+0100][4730.804s] GC(177) Using 10 workers of 10 for evacuation
[2024-01-11T13:48:32.184+0100][4730.806s] GC(177)   Pre Evacuate Collection Set: 0.1ms
[2024-01-11T13:48:32.184+0100][4730.806s] GC(177)   Merge Heap Roots: 0.1ms
[2024-01-11T13:48:32.184+0100][4730.806s] GC(177)   Evacuate Collection Set: 0.8ms
[2024-01-11T13:48:32.184+0100][4730.806s] GC(177)   Post Evacuate Collection Set: 0.4ms
[2024-01-11T13:48:32.184+0100][4730.806s] GC(177)   Other: 0.1ms
[2024-01-11T13:48:32.184+0100][4730.806s] GC(177) Eden regions: 20->0(306)
[2024-01-11T13:48:32.184+0100][4730.806s] GC(177) Survivor regions: 5->1(4)
[2024-01-11T13:48:32.184+0100][4730.806s] GC(177) Old regions: 64->64
[2024-01-11T13:48:32.184+0100][4730.806s] GC(177) Archive regions: 0->0
[2024-01-11T13:48:32.184+0100][4730.806s] GC(177) Humongous regions: 4->4
[2024-01-11T13:48:32.184+0100][4730.806s] GC(177) Metaspace: 62814K(63360K)->62814K(63360K) NonClass: 55839K(56064K)->55839K(56064K) Class: 6974K(7296K)->6974K(7296K)
[2024-01-11T13:48:32.184+0100][4730.806s] GC(177) Pause Young (Mixed) (G1 Evacuation Pause) 92M->68M(512M) 1.589ms
[2024-01-11T13:48:32.184+0100][4730.806s] GC(177) User=0.00s Sys=0.00s Real=0.00s
[2024-01-11T13:48:33.534+0100][4732.156s] GC(178) Pause Young (Concurrent Start) (G1 Evacuation Pause)
[2024-01-11T13:48:33.534+0100][4732.156s] GC(178) Using 10 workers of 10 for evacuation
[2024-01-11T13:48:33.535+0100][4732.158s] GC(178)   Pre Evacuate Collection Set: 0.1ms
[2024-01-11T13:48:33.535+0100][4732.158s] GC(178)   Merge Heap Roots: 0.1ms
[2024-01-11T13:48:33.535+0100][4732.158s] GC(178)   Evacuate Collection Set: 0.6ms
[2024-01-11T13:48:33.535+0100][4732.158s] GC(178)   Post Evacuate Collection Set: 0.6ms
[2024-01-11T13:48:33.535+0100][4732.158s] GC(178)   Other: 0.1ms
[2024-01-11T13:48:33.535+0100][4732.158s] GC(178) Eden regions: 306->0(304)
[2024-01-11T13:48:33.535+0100][4732.158s] GC(178) Survivor regions: 1->3(39)
[2024-01-11T13:48:33.535+0100][4732.158s] GC(178) Old regions: 64->64
[2024-01-11T13:48:33.535+0100][4732.158s] GC(178) Archive regions: 0->0
[2024-01-11T13:48:33.535+0100][4732.158s] GC(178) Humongous regions: 4->4
[2024-01-11T13:48:33.535+0100][4732.158s] GC(178) Metaspace: 62814K(63360K)->62814K(63360K) NonClass: 55839K(56064K)->55839K(56064K) Class: 6974K(7296K)->6974K(7296K)
[2024-01-11T13:48:33.535+0100][4732.158s] GC(178) Pause Young (Concurrent Start) (G1 Evacuation Pause) 374M->70M(512M) 1.710ms
[2024-01-11T13:48:33.535+0100][4732.158s] GC(179) Concurrent Mark Cycle
[2024-01-11T13:48:33.535+0100][4732.158s] GC(178) User=0.00s Sys=0.00s Real=0.00s
[2024-01-11T13:48:33.535+0100][4732.158s] GC(179) Concurrent Clear Claimed Marks
[2024-01-11T13:48:33.535+0100][4732.158s] GC(179) Concurrent Clear Claimed Marks 0.113ms
[2024-01-11T13:48:33.535+0100][4732.158s] GC(179) Concurrent Scan Root Regions
[2024-01-11T13:48:33.538+0100][4732.160s] GC(179) Concurrent Scan Root Regions 2.440ms
[2024-01-11T13:48:33.538+0100][4732.160s] GC(179) Concurrent Mark
[2024-01-11T13:48:33.538+0100][4732.160s] GC(179) Concurrent Mark From Roots
[2024-01-11T13:48:33.538+0100][4732.160s] GC(179) Using 3 workers of 3 for marking
[2024-01-11T13:48:33.561+0100][4732.183s] GC(179) Concurrent Mark From Roots 23.170ms
[2024-01-11T13:48:33.561+0100][4732.184s] GC(179) Concurrent Preclean
[2024-01-11T13:48:33.561+0100][4732.184s] GC(179) Concurrent Preclean 0.124ms
[2024-01-11T13:48:33.562+0100][4732.184s] GC(179) Pause Remark
[2024-01-11T13:48:33.566+0100][4732.188s] GC(179) Pause Remark 75M->75M(512M) 3.860ms
[2024-01-11T13:48:33.566+0100][4732.188s] GC(179) User=0.03s Sys=0.00s Real=0.00s
[2024-01-11T13:48:33.566+0100][4732.188s] GC(179) Concurrent Mark 27.454ms
[2024-01-11T13:48:33.566+0100][4732.188s] GC(179) Concurrent Rebuild Remembered Sets
[2024-01-11T13:48:33.576+0100][4732.199s] GC(179) Concurrent Rebuild Remembered Sets 10.762ms
[2024-01-11T13:48:33.577+0100][4732.199s] GC(179) Pause Cleanup
[2024-01-11T13:48:33.577+0100][4732.199s] GC(179) Pause Cleanup 76M->76M(512M) 0.127ms
[2024-01-11T13:48:33.577+0100][4732.199s] GC(179) User=0.00s Sys=0.00s Real=0.00s
[2024-01-11T13:48:33.577+0100][4732.199s] GC(179) Concurrent Cleanup for Next Mark
[2024-01-11T13:48:33.577+0100][4732.199s] GC(179) Concurrent Cleanup for Next Mark 0.629ms
[2024-01-11T13:48:33.577+0100][4732.199s] GC(179) Concurrent Mark Cycle 41.798ms
[2024-01-11T13:48:34.906+0100][4733.529s] GC(180) Pause Young (Prepare Mixed) (G1 Evacuation Pause)
[2024-01-11T13:48:34.907+0100][4733.529s] GC(180) Using 10 workers of 10 for evacuation
[2024-01-11T13:48:34.908+0100][4733.531s] GC(180)   Pre Evacuate Collection Set: 0.1ms
[2024-01-11T13:48:34.908+0100][4733.531s] GC(180)   Merge Heap Roots: 0.1ms
[2024-01-11T13:48:34.908+0100][4733.531s] GC(180)   Evacuate Collection Set: 0.9ms
[2024-01-11T13:48:34.908+0100][4733.531s] GC(180)   Post Evacuate Collection Set: 0.4ms
[2024-01-11T13:48:34.908+0100][4733.531s] GC(180)   Other: 0.1ms
[2024-01-11T13:48:34.908+0100][4733.531s] GC(180) Eden regions: 304->0(20)
[2024-01-11T13:48:34.908+0100][4733.531s] GC(180) Survivor regions: 3->5(39)
[2024-01-11T13:48:34.908+0100][4733.531s] GC(180) Old regions: 64->64
[2024-01-11T13:48:34.908+0100][4733.531s] GC(180) Archive regions: 0->0
[2024-01-11T13:48:34.908+0100][4733.531s] GC(180) Humongous regions: 4->4
[2024-01-11T13:48:34.908+0100][4733.531s] GC(180) Metaspace: 62814K(63360K)->62814K(63360K) NonClass: 55839K(56064K)->55839K(56064K) Class: 6974K(7296K)->6974K(7296K)
[2024-01-11T13:48:34.908+0100][4733.531s] GC(180) Pause Young (Prepare Mixed) (G1 Evacuation Pause) 374M->72M(512M) 1.728ms
[2024-01-11T13:48:34.908+0100][4733.531s] GC(180) User=0.00s Sys=0.00s Real=0.00s
[2024-01-11T13:48:34.970+0100][4733.593s] GC(181) Pause Young (Mixed) (G1 Evacuation Pause)
[2024-01-11T13:48:34.971+0100][4733.593s] GC(181) Using 10 workers of 10 for evacuation
[2024-01-11T13:48:34.972+0100][4733.595s] GC(181)   Pre Evacuate Collection Set: 0.0ms
[2024-01-11T13:48:34.973+0100][4733.595s] GC(181)   Merge Heap Roots: 0.0ms
[2024-01-11T13:48:34.973+0100][4733.595s] GC(181)   Evacuate Collection Set: 1.4ms
[2024-01-11T13:48:34.973+0100][4733.595s] GC(181)   Post Evacuate Collection Set: 0.3ms
[2024-01-11T13:48:34.973+0100][4733.595s] GC(181)   Other: 0.1ms
[2024-01-11T13:48:34.973+0100][4733.595s] GC(181) Eden regions: 20->0(306)
[2024-01-11T13:48:34.973+0100][4733.595s] GC(181) Survivor regions: 5->1(4)
[2024-01-11T13:48:34.973+0100][4733.595s] GC(181) Old regions: 64->65
[2024-01-11T13:48:34.973+0100][4733.595s] GC(181) Archive regions: 0->0
[2024-01-11T13:48:34.973+0100][4733.595s] GC(181) Humongous regions: 4->4
[2024-01-11T13:48:34.973+0100][4733.595s] GC(181) Metaspace: 62814K(63360K)->62814K(63360K) NonClass: 55839K(56064K)->55839K(56064K) Class: 6974K(7296K)->6974K(7296K)
[2024-01-11T13:48:34.973+0100][4733.595s] GC(181) Pause Young (Mixed) (G1 Evacuation Pause) 92M->69M(512M) 2.194ms
[2024-01-11T13:48:34.973+0100][4733.595s] GC(181) User=0.00s Sys=0.00s Real=0.00s
[2024-01-11T13:48:36.387+0100][4735.009s] GC(182) Pause Young (Concurrent Start) (G1 Evacuation Pause)
[2024-01-11T13:48:36.387+0100][4735.009s] GC(182) Using 10 workers of 10 for evacuation
[2024-01-11T13:48:36.388+0100][4735.011s] GC(182)   Pre Evacuate Collection Set: 0.1ms
[2024-01-11T13:48:36.388+0100][4735.011s] GC(182)   Merge Heap Roots: 0.1ms
[2024-01-11T13:48:36.388+0100][4735.011s] GC(182)   Evacuate Collection Set: 0.8ms
[2024-01-11T13:48:36.388+0100][4735.011s] GC(182)   Post Evacuate Collection Set: 0.3ms
[2024-01-11T13:48:36.388+0100][4735.011s] GC(182)   Other: 0.1ms
[2024-01-11T13:48:36.388+0100][4735.011s] GC(182) Eden regions: 306->0(303)
[2024-01-11T13:48:36.388+0100][4735.011s] GC(182) Survivor regions: 1->4(39)
[2024-01-11T13:48:36.388+0100][4735.011s] GC(182) Old regions: 65->65
[2024-01-11T13:48:36.388+0100][4735.011s] GC(182) Archive regions: 0->0
[2024-01-11T13:48:36.388+0100][4735.011s] GC(182) Humongous regions: 4->4
[2024-01-11T13:48:36.388+0100][4735.011s] GC(182) Metaspace: 62814K(63360K)->62814K(63360K) NonClass: 55839K(56064K)->55839K(56064K) Class: 6974K(7296K)->6974K(7296K)
[2024-01-11T13:48:36.388+0100][4735.011s] GC(182) Pause Young (Concurrent Start) (G1 Evacuation Pause) 375M->72M(512M) 1.508ms
[2024-01-11T13:48:36.388+0100][4735.011s] GC(183) Concurrent Mark Cycle
[2024-01-11T13:48:36.388+0100][4735.011s] GC(182) User=0.00s Sys=0.00s Real=0.00s
[2024-01-11T13:48:36.388+0100][4735.011s] GC(183) Concurrent Clear Claimed Marks
[2024-01-11T13:48:36.388+0100][4735.011s] GC(183) Concurrent Clear Claimed Marks 0.042ms
[2024-01-11T13:48:36.388+0100][4735.011s] GC(183) Concurrent Scan Root Regions
[2024-01-11T13:48:36.389+0100][4735.011s] GC(183) Concurrent Scan Root Regions 0.541ms
[2024-01-11T13:48:36.389+0100][4735.011s] GC(183) Concurrent Mark
[2024-01-11T13:48:36.389+0100][4735.011s] GC(183) Concurrent Mark From Roots
[2024-01-11T13:48:36.389+0100][4735.012s] GC(183) Using 3 workers of 3 for marking
[2024-01-11T13:48:36.411+0100][4735.033s] GC(183) Concurrent Mark From Roots 21.752ms
[2024-01-11T13:48:36.411+0100][4735.033s] GC(183) Concurrent Preclean
[2024-01-11T13:48:36.411+0100][4735.033s] GC(183) Concurrent Preclean 0.149ms
[2024-01-11T13:48:36.411+0100][4735.034s] GC(183) Pause Remark
[2024-01-11T13:48:36.415+0100][4735.037s] GC(183) Pause Remark 76M->76M(512M) 3.898ms
[2024-01-11T13:48:36.415+0100][4735.038s] GC(183) User=0.00s Sys=0.00s Real=0.00s
[2024-01-11T13:48:36.415+0100][4735.038s] GC(183) Concurrent Mark 26.089ms
[2024-01-11T13:48:36.415+0100][4735.038s] GC(183) Concurrent Rebuild Remembered Sets
[2024-01-11T13:48:36.428+0100][4735.050s] GC(183) Concurrent Rebuild Remembered Sets 12.283ms
[2024-01-11T13:48:36.428+0100][4735.050s] GC(183) Pause Cleanup
[2024-01-11T13:48:36.428+0100][4735.050s] GC(183) Pause Cleanup 79M->79M(512M) 0.151ms
[2024-01-11T13:48:36.428+0100][4735.050s] GC(183) User=0.00s Sys=0.00s Real=0.00s
[2024-01-11T13:48:36.428+0100][4735.050s] GC(183) Concurrent Cleanup for Next Mark
[2024-01-11T13:48:36.429+0100][4735.051s] GC(183) Concurrent Cleanup for Next Mark 0.802ms
[2024-01-11T13:48:36.429+0100][4735.051s] GC(183) Concurrent Mark Cycle 40.363ms
[2024-01-11T13:48:37.869+0100][4736.492s] GC(184) Pause Young (Prepare Mixed) (G1 Evacuation Pause)
[2024-01-11T13:48:37.869+0100][4736.492s] GC(184) Using 10 workers of 10 for evacuation
[2024-01-11T13:48:37.871+0100][4736.493s] GC(184)   Pre Evacuate Collection Set: 0.1ms
[2024-01-11T13:48:37.871+0100][4736.494s] GC(184)   Merge Heap Roots: 0.2ms
[2024-01-11T13:48:37.871+0100][4736.494s] GC(184)   Evacuate Collection Set: 1.1ms
[2024-01-11T13:48:37.871+0100][4736.494s] GC(184)   Post Evacuate Collection Set: 0.4ms
[2024-01-11T13:48:37.871+0100][4736.494s] GC(184)   Other: 0.1ms
[2024-01-11T13:48:37.871+0100][4736.494s] GC(184) Eden regions: 303->0(20)
[2024-01-11T13:48:37.871+0100][4736.494s] GC(184) Survivor regions: 4->5(39)
[2024-01-11T13:48:37.871+0100][4736.494s] GC(184) Old regions: 65->65
[2024-01-11T13:48:37.871+0100][4736.494s] GC(184) Archive regions: 0->0
[2024-01-11T13:48:37.871+0100][4736.494s] GC(184) Humongous regions: 4->4
[2024-01-11T13:48:37.871+0100][4736.494s] GC(184) Metaspace: 62847K(63360K)->62847K(63360K) NonClass: 55868K(56064K)->55868K(56064K) Class: 6979K(7296K)->6979K(7296K)
[2024-01-11T13:48:37.871+0100][4736.494s] GC(184) Pause Young (Prepare Mixed) (G1 Evacuation Pause) 375M->73M(512M) 2.043ms
[2024-01-11T13:48:37.871+0100][4736.494s] GC(184) User=0.00s Sys=0.00s Real=0.00s
[2024-01-11T13:48:37.930+0100][4736.552s] GC(185) Pause Young (Mixed) (G1 Evacuation Pause)
[2024-01-11T13:48:37.930+0100][4736.552s] GC(185) Using 10 workers of 10 for evacuation
[2024-01-11T13:48:37.931+0100][4736.554s] GC(185)   Pre Evacuate Collection Set: 0.1ms
[2024-01-11T13:48:37.931+0100][4736.554s] GC(185)   Merge Heap Roots: 0.1ms
[2024-01-11T13:48:37.931+0100][4736.554s] GC(185)   Evacuate Collection Set: 1.4ms
[2024-01-11T13:48:37.931+0100][4736.554s] GC(185)   Post Evacuate Collection Set: 0.3ms
[2024-01-11T13:48:37.931+0100][4736.554s] GC(185)   Other: 0.1ms
[2024-01-11T13:48:37.931+0100][4736.554s] GC(185) Eden regions: 20->0(306)
[2024-01-11T13:48:37.931+0100][4736.554s] GC(185) Survivor regions: 5->1(4)
[2024-01-11T13:48:37.931+0100][4736.554s] GC(185) Old regions: 65->67
[2024-01-11T13:48:37.931+0100][4736.554s] GC(185) Archive regions: 0->0
[2024-01-11T13:48:37.931+0100][4736.554s] GC(185) Humongous regions: 4->4
[2024-01-11T13:48:37.931+0100][4736.554s] GC(185) Metaspace: 62847K(63360K)->62847K(63360K) NonClass: 55868K(56064K)->55868K(56064K) Class: 6979K(7296K)->6979K(7296K)
[2024-01-11T13:48:37.931+0100][4736.554s] GC(185) Pause Young (Mixed) (G1 Evacuation Pause) 93M->70M(512M) 2.137ms
[2024-01-11T13:48:37.931+0100][4736.554s] GC(185) User=0.00s Sys=0.00s Real=0.00s
[2024-01-11T13:48:39.232+0100][4737.855s] GC(186) Pause Young (Normal) (G1 Evacuation Pause)
[2024-01-11T13:48:39.232+0100][4737.855s] GC(186) Using 10 workers of 10 for evacuation
[2024-01-11T13:48:39.233+0100][4737.856s] GC(186)   Pre Evacuate Collection Set: 0.0ms
[2024-01-11T13:48:39.233+0100][4737.856s] GC(186)   Merge Heap Roots: 0.0ms
[2024-01-11T13:48:39.233+0100][4737.856s] GC(186)   Evacuate Collection Set: 0.5ms
[2024-01-11T13:48:39.233+0100][4737.856s] GC(186)   Post Evacuate Collection Set: 0.2ms
[2024-01-11T13:48:39.233+0100][4737.856s] GC(186)   Other: 0.1ms
[2024-01-11T13:48:39.233+0100][4737.856s] GC(186) Eden regions: 306->0(304)
[2024-01-11T13:48:39.233+0100][4737.856s] GC(186) Survivor regions: 1->3(39)
[2024-01-11T13:48:39.233+0100][4737.856s] GC(186) Old regions: 67->67
[2024-01-11T13:48:39.233+0100][4737.856s] GC(186) Archive regions: 0->0
[2024-01-11T13:48:39.233+0100][4737.856s] GC(186) Humongous regions: 4->4
[2024-01-11T13:48:39.233+0100][4737.856s] GC(186) Metaspace: 62847K(63360K)->62847K(63360K) NonClass: 55868K(56064K)->55868K(56064K) Class: 6979K(7296K)->6979K(7296K)
[2024-01-11T13:48:39.233+0100][4737.856s] GC(186) Pause Young (Normal) (G1 Evacuation Pause) 376M->73M(512M) 1.119ms
[2024-01-11T13:48:39.233+0100][4737.856s] GC(186) User=0.00s Sys=0.00s Real=0.00s
[2024-01-11T13:48:40.586+0100][4739.208s] GC(187) Pause Young (Normal) (G1 Evacuation Pause)
[2024-01-11T13:48:40.587+0100][4739.208s] GC(187) Using 10 workers of 10 for evacuation
[2024-01-11T13:48:40.588+0100][4739.210s] GC(187)   Pre Evacuate Collection Set: 0.1ms
[2024-01-11T13:48:40.588+0100][4739.210s] GC(187)   Merge Heap Roots: 0.1ms
[2024-01-11T13:48:40.588+0100][4739.210s] GC(187)   Evacuate Collection Set: 0.7ms
[2024-01-11T13:48:40.588+0100][4739.210s] GC(187)   Post Evacuate Collection Set: 0.5ms
[2024-01-11T13:48:40.588+0100][4739.210s] GC(187)   Other: 0.1ms
[2024-01-11T13:48:40.588+0100][4739.210s] GC(187) Eden regions: 304->0(302)
[2024-01-11T13:48:40.588+0100][4739.210s] GC(187) Survivor regions: 3->5(39)
[2024-01-11T13:48:40.588+0100][4739.210s] GC(187) Old regions: 67->67
[2024-01-11T13:48:40.588+0100][4739.210s] GC(187) Archive regions: 0->0
[2024-01-11T13:48:40.588+0100][4739.210s] GC(187) Humongous regions: 4->4
[2024-01-11T13:48:40.588+0100][4739.210s] GC(187) Metaspace: 62862K(63424K)->62862K(63424K) NonClass: 55882K(56128K)->55882K(56128K) Class: 6979K(7296K)->6979K(7296K)
[2024-01-11T13:48:40.588+0100][4739.210s] GC(187) Pause Young (Normal) (G1 Evacuation Pause) 377M->75M(512M) 1.644ms
[2024-01-11T13:48:40.588+0100][4739.210s] GC(187) User=0.00s Sys=0.00s Real=0.00s
[2024-01-11T13:48:41.895+0100][4740.517s] GC(188) Pause Young (Concurrent Start) (G1 Evacuation Pause)
[2024-01-11T13:48:41.895+0100][4740.517s] GC(188) Using 10 workers of 10 for evacuation
[2024-01-11T13:48:41.897+0100][4740.518s] GC(188)   Pre Evacuate Collection Set: 0.1ms
[2024-01-11T13:48:41.897+0100][4740.518s] GC(188)   Merge Heap Roots: 0.1ms
[2024-01-11T13:48:41.897+0100][4740.519s] GC(188)   Evacuate Collection Set: 1.1ms
[2024-01-11T13:48:41.897+0100][4740.519s] GC(188)   Post Evacuate Collection Set: 0.3ms
[2024-01-11T13:48:41.897+0100][4740.519s] GC(188)   Other: 0.1ms
[2024-01-11T13:48:41.897+0100][4740.519s] GC(188) Eden regions: 302->0(300)
[2024-01-11T13:48:41.897+0100][4740.519s] GC(188) Survivor regions: 5->7(39)
[2024-01-11T13:48:41.897+0100][4740.519s] GC(188) Old regions: 67->67
[2024-01-11T13:48:41.897+0100][4740.519s] GC(188) Archive regions: 0->0
[2024-01-11T13:48:41.897+0100][4740.519s] GC(188) Humongous regions: 4->4
[2024-01-11T13:48:41.897+0100][4740.519s] GC(188) Metaspace: 62862K(63424K)->62862K(63424K) NonClass: 55882K(56128K)->55882K(56128K) Class: 6979K(7296K)->6979K(7296K)
[2024-01-11T13:48:41.897+0100][4740.519s] GC(188) Pause Young (Concurrent Start) (G1 Evacuation Pause) 377M->77M(512M) 1.921ms
[2024-01-11T13:48:41.897+0100][4740.519s] GC(188) User=0.00s Sys=0.00s Real=0.00s
[2024-01-11T13:48:41.897+0100][4740.519s] GC(189) Concurrent Mark Cycle
[2024-01-11T13:48:41.897+0100][4740.519s] GC(189) Concurrent Clear Claimed Marks
[2024-01-11T13:48:41.897+0100][4740.519s] GC(189) Concurrent Clear Claimed Marks 0.029ms
[2024-01-11T13:48:41.897+0100][4740.519s] GC(189) Concurrent Scan Root Regions
[2024-01-11T13:48:41.897+0100][4740.519s] GC(189) Concurrent Scan Root Regions 0.577ms
[2024-01-11T13:48:41.897+0100][4740.519s] GC(189) Concurrent Mark
[2024-01-11T13:48:41.897+0100][4740.519s] GC(189) Concurrent Mark From Roots
[2024-01-11T13:48:41.897+0100][4740.519s] GC(189) Using 3 workers of 3 for marking
[2024-01-11T13:48:41.918+0100][4740.540s] GC(189) Concurrent Mark From Roots 20.614ms
[2024-01-11T13:48:41.918+0100][4740.540s] GC(189) Concurrent Preclean
[2024-01-11T13:48:41.918+0100][4740.540s] GC(189) Concurrent Preclean 0.132ms
[2024-01-11T13:48:41.919+0100][4740.540s] GC(189) Pause Remark
[2024-01-11T13:48:41.923+0100][4740.545s] GC(189) Pause Remark 81M->81M(512M) 4.143ms
[2024-01-11T13:48:41.923+0100][4740.545s] GC(189) User=0.00s Sys=0.00s Real=0.00s
[2024-01-11T13:48:41.923+0100][4740.545s] GC(189) Concurrent Mark 25.276ms
[2024-01-11T13:48:41.923+0100][4740.545s] GC(189) Concurrent Rebuild Remembered Sets
[2024-01-11T13:48:41.933+0100][4740.555s] GC(189) Concurrent Rebuild Remembered Sets 9.949ms
[2024-01-11T13:48:41.933+0100][4740.555s] GC(189) Pause Cleanup
[2024-01-11T13:48:41.933+0100][4740.555s] GC(189) Pause Cleanup 82M->82M(512M) 0.167ms
[2024-01-11T13:48:41.933+0100][4740.555s] GC(189) User=0.00s Sys=0.00s Real=0.00s
[2024-01-11T13:48:41.933+0100][4740.555s] GC(189) Concurrent Cleanup for Next Mark
[2024-01-11T13:48:41.933+0100][4740.556s] GC(189) Concurrent Cleanup for Next Mark 0.670ms
[2024-01-11T13:48:41.933+0100][4740.556s] GC(189) Concurrent Mark Cycle 37.107ms
[2024-01-11T13:48:43.202+0100][4741.825s] GC(190) Pause Young (Prepare Mixed) (G1 Evacuation Pause)
[2024-01-11T13:48:43.202+0100][4741.825s] GC(190) Using 10 workers of 10 for evacuation
[2024-01-11T13:48:43.204+0100][4741.827s] GC(190)   Pre Evacuate Collection Set: 0.1ms
[2024-01-11T13:48:43.204+0100][4741.827s] GC(190)   Merge Heap Roots: 0.1ms
[2024-01-11T13:48:43.204+0100][4741.827s] GC(190)   Evacuate Collection Set: 1.2ms
[2024-01-11T13:48:43.204+0100][4741.827s] GC(190)   Post Evacuate Collection Set: 0.3ms
[2024-01-11T13:48:43.204+0100][4741.827s] GC(190)   Other: 0.1ms
[2024-01-11T13:48:43.204+0100][4741.827s] GC(190) Eden regions: 300->0(16)
[2024-01-11T13:48:43.204+0100][4741.827s] GC(190) Survivor regions: 7->9(39)
[2024-01-11T13:48:43.204+0100][4741.827s] GC(190) Old regions: 67->67
[2024-01-11T13:48:43.204+0100][4741.827s] GC(190) Archive regions: 0->0
[2024-01-11T13:48:43.204+0100][4741.827s] GC(190) Humongous regions: 4->4
[2024-01-11T13:48:43.204+0100][4741.827s] GC(190) Metaspace: 62862K(63424K)->62862K(63424K) NonClass: 55882K(56128K)->55882K(56128K) Class: 6979K(7296K)->6979K(7296K)
[2024-01-11T13:48:43.204+0100][4741.827s] GC(190) Pause Young (Prepare Mixed) (G1 Evacuation Pause) 377M->78M(512M) 1.973ms
[2024-01-11T13:48:43.204+0100][4741.827s] GC(190) User=0.02s Sys=0.00s Real=0.00s
[2024-01-11T13:48:43.286+0100][4741.908s] GC(191) Pause Young (Mixed) (G1 Evacuation Pause)
[2024-01-11T13:48:43.286+0100][4741.908s] GC(191) Using 10 workers of 10 for evacuation
[2024-01-11T13:48:43.288+0100][4741.910s] GC(191)   Pre Evacuate Collection Set: 0.1ms
[2024-01-11T13:48:43.288+0100][4741.910s] GC(191)   Merge Heap Roots: 0.1ms
[2024-01-11T13:48:43.288+0100][4741.910s] GC(191)   Evacuate Collection Set: 1.7ms
[2024-01-11T13:48:43.288+0100][4741.911s] GC(191)   Post Evacuate Collection Set: 0.4ms
[2024-01-11T13:48:43.288+0100][4741.911s] GC(191)   Other: 0.1ms
[2024-01-11T13:48:43.288+0100][4741.911s] GC(191) Eden regions: 16->0(306)
[2024-01-11T13:48:43.288+0100][4741.911s] GC(191) Survivor regions: 9->1(4)
[2024-01-11T13:48:43.288+0100][4741.911s] GC(191) Old regions: 67->73
[2024-01-11T13:48:43.288+0100][4741.911s] GC(191) Archive regions: 0->0
[2024-01-11T13:48:43.288+0100][4741.911s] GC(191) Humongous regions: 4->4
[2024-01-11T13:48:43.288+0100][4741.911s] GC(191) Metaspace: 62862K(63424K)->62862K(63424K) NonClass: 55882K(56128K)->55882K(56128K) Class: 6979K(7296K)->6979K(7296K)
[2024-01-11T13:48:43.288+0100][4741.911s] GC(191) Pause Young (Mixed) (G1 Evacuation Pause) 94M->76M(512M) 2.550ms
[2024-01-11T13:48:43.288+0100][4741.911s] GC(191) User=0.00s Sys=0.00s Real=0.00s
[2024-01-11T13:48:44.550+0100][4743.172s] GC(192) Pause Young (Normal) (G1 Evacuation Pause)
[2024-01-11T13:48:44.550+0100][4743.172s] GC(192) Using 10 workers of 10 for evacuation
[2024-01-11T13:48:44.551+0100][4743.173s] GC(192)   Pre Evacuate Collection Set: 0.1ms
[2024-01-11T13:48:44.551+0100][4743.173s] GC(192)   Merge Heap Roots: 0.1ms
[2024-01-11T13:48:44.551+0100][4743.173s] GC(192)   Evacuate Collection Set: 0.5ms
[2024-01-11T13:48:44.551+0100][4743.173s] GC(192)   Post Evacuate Collection Set: 0.4ms
[2024-01-11T13:48:44.551+0100][4743.173s] GC(192)   Other: 0.1ms
[2024-01-11T13:48:44.551+0100][4743.173s] GC(192) Eden regions: 306->0(304)
[2024-01-11T13:48:44.551+0100][4743.173s] GC(192) Survivor regions: 1->3(39)
[2024-01-11T13:48:44.551+0100][4743.173s] GC(192) Old regions: 73->73
[2024-01-11T13:48:44.551+0100][4743.173s] GC(192) Archive regions: 0->0
[2024-01-11T13:48:44.551+0100][4743.173s] GC(192) Humongous regions: 4->4
[2024-01-11T13:48:44.551+0100][4743.173s] GC(192) Metaspace: 62862K(63424K)->62862K(63424K) NonClass: 55882K(56128K)->55882K(56128K) Class: 6979K(7296K)->6979K(7296K)
[2024-01-11T13:48:44.551+0100][4743.173s] GC(192) Pause Young (Normal) (G1 Evacuation Pause) 382M->79M(512M) 1.415ms
[2024-01-11T13:48:44.551+0100][4743.173s] GC(192) User=0.00s Sys=0.00s Real=0.00s
[2024-01-11T13:48:45.896+0100][4744.518s] GC(193) Pause Young (Normal) (G1 Evacuation Pause)
[2024-01-11T13:48:45.896+0100][4744.518s] GC(193) Using 10 workers of 10 for evacuation
[2024-01-11T13:48:45.897+0100][4744.519s] GC(193)   Pre Evacuate Collection Set: 0.1ms
[2024-01-11T13:48:45.897+0100][4744.519s] GC(193)   Merge Heap Roots: 0.1ms
[2024-01-11T13:48:45.897+0100][4744.519s] GC(193)   Evacuate Collection Set: 0.7ms
[2024-01-11T13:48:45.897+0100][4744.519s] GC(193)   Post Evacuate Collection Set: 0.4ms
[2024-01-11T13:48:45.897+0100][4744.519s] GC(193)   Other: 0.1ms
[2024-01-11T13:48:45.897+0100][4744.519s] GC(193) Eden regions: 304->0(302)
[2024-01-11T13:48:45.897+0100][4744.519s] GC(193) Survivor regions: 3->5(39)
[2024-01-11T13:48:45.897+0100][4744.519s] GC(193) Old regions: 73->73
[2024-01-11T13:48:45.897+0100][4744.519s] GC(193) Archive regions: 0->0
[2024-01-11T13:48:45.897+0100][4744.519s] GC(193) Humongous regions: 4->4
[2024-01-11T13:48:45.897+0100][4744.519s] GC(193) Metaspace: 62862K(63424K)->62862K(63424K) NonClass: 55883K(56128K)->55883K(56128K) Class: 6979K(7296K)->6979K(7296K)
[2024-01-11T13:48:45.897+0100][4744.519s] GC(193) Pause Young (Normal) (G1 Evacuation Pause) 383M->81M(512M) 1.562ms
[2024-01-11T13:48:45.897+0100][4744.519s] GC(193) User=0.00s Sys=0.00s Real=0.00s
[2024-01-11T13:48:47.250+0100][4745.872s] GC(194) Pause Young (Concurrent Start) (G1 Evacuation Pause)
[2024-01-11T13:48:47.250+0100][4745.872s] GC(194) Using 10 workers of 10 for evacuation
[2024-01-11T13:48:47.252+0100][4745.874s] GC(194)   Pre Evacuate Collection Set: 0.1ms
[2024-01-11T13:48:47.252+0100][4745.874s] GC(194)   Merge Heap Roots: 0.1ms
[2024-01-11T13:48:47.252+0100][4745.874s] GC(194)   Evacuate Collection Set: 1.1ms
[2024-01-11T13:48:47.252+0100][4745.874s] GC(194)   Post Evacuate Collection Set: 0.6ms
[2024-01-11T13:48:47.252+0100][4745.874s] GC(194)   Other: 0.1ms
[2024-01-11T13:48:47.252+0100][4745.874s] GC(194) Eden regions: 302->0(299)
[2024-01-11T13:48:47.252+0100][4745.874s] GC(194) Survivor regions: 5->8(39)
[2024-01-11T13:48:47.252+0100][4745.874s] GC(194) Old regions: 73->73
[2024-01-11T13:48:47.252+0100][4745.874s] GC(194) Archive regions: 0->0
[2024-01-11T13:48:47.252+0100][4745.874s] GC(194) Humongous regions: 4->4
[2024-01-11T13:48:47.252+0100][4745.874s] GC(194) Metaspace: 62864K(63424K)->62864K(63424K) NonClass: 55884K(56128K)->55884K(56128K) Class: 6979K(7296K)->6979K(7296K)
[2024-01-11T13:48:47.252+0100][4745.874s] GC(194) Pause Young (Concurrent Start) (G1 Evacuation Pause) 383M->83M(512M) 2.307ms
[2024-01-11T13:48:47.252+0100][4745.874s] GC(194) User=0.16s Sys=0.00s Real=0.00s
[2024-01-11T13:48:47.252+0100][4745.874s] GC(195) Concurrent Mark Cycle
[2024-01-11T13:48:47.252+0100][4745.874s] GC(195) Concurrent Clear Claimed Marks
[2024-01-11T13:48:47.252+0100][4745.874s] GC(195) Concurrent Clear Claimed Marks 0.034ms
[2024-01-11T13:48:47.252+0100][4745.874s] GC(195) Concurrent Scan Root Regions
[2024-01-11T13:48:47.253+0100][4745.875s] GC(195) Concurrent Scan Root Regions 0.842ms
[2024-01-11T13:48:47.253+0100][4745.875s] GC(195) Concurrent Mark
[2024-01-11T13:48:47.253+0100][4745.875s] GC(195) Concurrent Mark From Roots
[2024-01-11T13:48:47.253+0100][4745.875s] GC(195) Using 3 workers of 3 for marking
[2024-01-11T13:48:47.280+0100][4745.902s] GC(195) Concurrent Mark From Roots 26.551ms
[2024-01-11T13:48:47.280+0100][4745.902s] GC(195) Concurrent Preclean
[2024-01-11T13:48:47.280+0100][4745.902s] GC(195) Concurrent Preclean 0.165ms
[2024-01-11T13:48:47.280+0100][4745.902s] GC(195) Pause Remark
[2024-01-11T13:48:47.284+0100][4745.906s] GC(195) Pause Remark 87M->87M(512M) 4.306ms
[2024-01-11T13:48:47.284+0100][4745.906s] GC(195) User=0.12s Sys=0.00s Real=0.00s
[2024-01-11T13:48:47.284+0100][4745.906s] GC(195) Concurrent Mark 31.255ms
[2024-01-11T13:48:47.284+0100][4745.906s] GC(195) Concurrent Rebuild Remembered Sets
[2024-01-11T13:48:47.296+0100][4745.919s] GC(195) Concurrent Rebuild Remembered Sets 12.290ms
[2024-01-11T13:48:47.296+0100][4745.919s] GC(195) Pause Cleanup
[2024-01-11T13:48:47.296+0100][4745.919s] GC(195) Pause Cleanup 88M->88M(512M) 0.161ms
[2024-01-11T13:48:47.297+0100][4745.919s] GC(195) User=0.02s Sys=0.00s Real=0.00s
[2024-01-11T13:48:47.297+0100][4745.919s] GC(195) Concurrent Cleanup for Next Mark
[2024-01-11T13:48:47.297+0100][4745.920s] GC(195) Concurrent Cleanup for Next Mark 0.893ms
[2024-01-11T13:48:47.297+0100][4745.920s] GC(195) Concurrent Mark Cycle 45.854ms
[2024-01-11T13:48:48.492+0100][4747.114s] GC(196) Pause Young (Prepare Mixed) (G1 Evacuation Pause)
[2024-01-11T13:48:48.492+0100][4747.114s] GC(196) Using 10 workers of 10 for evacuation
[2024-01-11T13:48:48.494+0100][4747.117s] GC(196)   Pre Evacuate Collection Set: 0.1ms
[2024-01-11T13:48:48.494+0100][4747.117s] GC(196)   Merge Heap Roots: 0.1ms
[2024-01-11T13:48:48.494+0100][4747.117s] GC(196)   Evacuate Collection Set: 1.2ms
[2024-01-11T13:48:48.494+0100][4747.117s] GC(196)   Post Evacuate Collection Set: 0.7ms
[2024-01-11T13:48:48.494+0100][4747.117s] GC(196)   Other: 0.1ms
[2024-01-11T13:48:48.494+0100][4747.117s] GC(196) Eden regions: 299->0(16)
[2024-01-11T13:48:48.494+0100][4747.117s] GC(196) Survivor regions: 8->9(39)
[2024-01-11T13:48:48.494+0100][4747.117s] GC(196) Old regions: 73->73
[2024-01-11T13:48:48.494+0100][4747.117s] GC(196) Archive regions: 0->0
[2024-01-11T13:48:48.494+0100][4747.117s] GC(196) Humongous regions: 4->4
[2024-01-11T13:48:48.494+0100][4747.117s] GC(196) Metaspace: 62864K(63424K)->62864K(63424K) NonClass: 55884K(56128K)->55884K(56128K) Class: 6979K(7296K)->6979K(7296K)
[2024-01-11T13:48:48.494+0100][4747.117s] GC(196) Pause Young (Prepare Mixed) (G1 Evacuation Pause) 382M->84M(512M) 2.447ms
[2024-01-11T13:48:48.494+0100][4747.117s] GC(196) User=0.00s Sys=0.00s Real=0.00s
[2024-01-11T13:48:48.577+0100][4747.199s] GC(197) Pause Young (Mixed) (G1 Evacuation Pause)
[2024-01-11T13:48:48.578+0100][4747.199s] GC(197) Using 10 workers of 10 for evacuation
[2024-01-11T13:48:48.580+0100][4747.202s] GC(197)   Pre Evacuate Collection Set: 0.1ms
[2024-01-11T13:48:48.580+0100][4747.202s] GC(197)   Merge Heap Roots: 0.1ms
[2024-01-11T13:48:48.580+0100][4747.202s] GC(197)   Evacuate Collection Set: 1.6ms
[2024-01-11T13:48:48.580+0100][4747.202s] GC(197)   Post Evacuate Collection Set: 0.4ms
[2024-01-11T13:48:48.580+0100][4747.202s] GC(197)   Other: 0.1ms
[2024-01-11T13:48:48.580+0100][4747.202s] GC(197) Eden regions: 16->0(306)
[2024-01-11T13:48:48.580+0100][4747.202s] GC(197) Survivor regions: 9->1(4)
[2024-01-11T13:48:48.580+0100][4747.202s] GC(197) Old regions: 73->79
[2024-01-11T13:48:48.580+0100][4747.202s] GC(197) Archive regions: 0->0
[2024-01-11T13:48:48.580+0100][4747.202s] GC(197) Humongous regions: 4->4
[2024-01-11T13:48:48.580+0100][4747.202s] GC(197) Metaspace: 62864K(63424K)->62864K(63424K) NonClass: 55884K(56128K)->55884K(56128K) Class: 6979K(7296K)->6979K(7296K)
[2024-01-11T13:48:48.580+0100][4747.202s] GC(197) Pause Young (Mixed) (G1 Evacuation Pause) 100M->83M(512M) 2.474ms
[2024-01-11T13:48:48.580+0100][4747.202s] GC(197) User=0.16s Sys=0.00s Real=0.00s
[2024-01-11T13:48:49.891+0100][4748.514s] GC(198) Pause Young (Normal) (G1 Evacuation Pause)
[2024-01-11T13:48:49.891+0100][4748.514s] GC(198) Using 10 workers of 10 for evacuation
[2024-01-11T13:48:49.892+0100][4748.515s] GC(198)   Pre Evacuate Collection Set: 0.1ms
[2024-01-11T13:48:49.893+0100][4748.515s] GC(198)   Merge Heap Roots: 0.1ms
[2024-01-11T13:48:49.893+0100][4748.515s] GC(198)   Evacuate Collection Set: 0.6ms
[2024-01-11T13:48:49.893+0100][4748.515s] GC(198)   Post Evacuate Collection Set: 0.4ms
[2024-01-11T13:48:49.893+0100][4748.515s] GC(198)   Other: 0.1ms
[2024-01-11T13:48:49.893+0100][4748.515s] GC(198) Eden regions: 306->0(303)
[2024-01-11T13:48:49.893+0100][4748.515s] GC(198) Survivor regions: 1->4(39)
[2024-01-11T13:48:49.893+0100][4748.515s] GC(198) Old regions: 79->79
[2024-01-11T13:48:49.893+0100][4748.515s] GC(198) Archive regions: 0->0
[2024-01-11T13:48:49.893+0100][4748.515s] GC(198) Humongous regions: 4->4
[2024-01-11T13:48:49.893+0100][4748.515s] GC(198) Metaspace: 62864K(63424K)->62864K(63424K) NonClass: 55884K(56128K)->55884K(56128K) Class: 6979K(7296K)->6979K(7296K)
[2024-01-11T13:48:49.893+0100][4748.515s] GC(198) Pause Young (Normal) (G1 Evacuation Pause) 389M->86M(512M) 1.493ms
[2024-01-11T13:48:49.893+0100][4748.515s] GC(198) User=0.00s Sys=0.00s Real=0.00s
[2024-01-11T13:48:51.272+0100][4749.894s] GC(199) Pause Young (Normal) (G1 Evacuation Pause)
[2024-01-11T13:48:51.272+0100][4749.894s] GC(199) Using 10 workers of 10 for evacuation
[2024-01-11T13:48:51.273+0100][4749.896s] GC(199)   Pre Evacuate Collection Set: 0.1ms
[2024-01-11T13:48:51.273+0100][4749.896s] GC(199)   Merge Heap Roots: 0.1ms
[2024-01-11T13:48:51.273+0100][4749.896s] GC(199)   Evacuate Collection Set: 0.8ms
[2024-01-11T13:48:51.273+0100][4749.896s] GC(199)   Post Evacuate Collection Set: 0.4ms
[2024-01-11T13:48:51.273+0100][4749.896s] GC(199)   Other: 0.1ms
[2024-01-11T13:48:51.273+0100][4749.896s] GC(199) Eden regions: 303->0(301)
[2024-01-11T13:48:51.273+0100][4749.896s] GC(199) Survivor regions: 4->6(39)
[2024-01-11T13:48:51.273+0100][4749.896s] GC(199) Old regions: 79->79
[2024-01-11T13:48:51.273+0100][4749.896s] GC(199) Archive regions: 0->0
[2024-01-11T13:48:51.273+0100][4749.896s] GC(199) Humongous regions: 4->4
[2024-01-11T13:48:51.273+0100][4749.896s] GC(199) Metaspace: 62864K(63424K)->62864K(63424K) NonClass: 55884K(56128K)->55884K(56128K) Class: 6979K(7296K)->6979K(7296K)
[2024-01-11T13:48:51.273+0100][4749.896s] GC(199) Pause Young (Normal) (G1 Evacuation Pause) 389M->88M(512M) 1.667ms
[2024-01-11T13:48:51.273+0100][4749.896s] GC(199) User=0.00s Sys=0.00s Real=0.00s
[2024-01-11T13:48:52.654+0100][4751.277s] GC(200) Pause Young (Concurrent Start) (G1 Evacuation Pause)
[2024-01-11T13:48:52.654+0100][4751.277s] GC(200) Using 10 workers of 10 for evacuation
[2024-01-11T13:48:52.657+0100][4751.279s] GC(200)   Pre Evacuate Collection Set: 0.1ms
[2024-01-11T13:48:52.657+0100][4751.279s] GC(200)   Merge Heap Roots: 0.1ms
[2024-01-11T13:48:52.657+0100][4751.279s] GC(200)   Evacuate Collection Set: 1.0ms
[2024-01-11T13:48:52.657+0100][4751.279s] GC(200)   Post Evacuate Collection Set: 0.7ms
[2024-01-11T13:48:52.657+0100][4751.279s] GC(200)   Other: 0.1ms
[2024-01-11T13:48:52.657+0100][4751.279s] GC(200) Eden regions: 301->0(300)
[2024-01-11T13:48:52.657+0100][4751.279s] GC(200) Survivor regions: 6->7(39)
[2024-01-11T13:48:52.657+0100][4751.279s] GC(200) Old regions: 79->79
[2024-01-11T13:48:52.657+0100][4751.279s] GC(200) Archive regions: 0->0
[2024-01-11T13:48:52.657+0100][4751.279s] GC(200) Humongous regions: 4->4
[2024-01-11T13:48:52.657+0100][4751.279s] GC(200) Metaspace: 62864K(63424K)->62864K(63424K) NonClass: 55884K(56128K)->55884K(56128K) Class: 6979K(7296K)->6979K(7296K)
[2024-01-11T13:48:52.657+0100][4751.279s] GC(200) Pause Young (Concurrent Start) (G1 Evacuation Pause) 389M->89M(512M) 2.172ms
[2024-01-11T13:48:52.657+0100][4751.279s] GC(201) Concurrent Mark Cycle
[2024-01-11T13:48:52.657+0100][4751.279s] GC(200) User=0.02s Sys=0.00s Real=0.00s
[2024-01-11T13:48:52.657+0100][4751.279s] GC(201) Concurrent Clear Claimed Marks
[2024-01-11T13:48:52.657+0100][4751.279s] GC(201) Concurrent Clear Claimed Marks 0.069ms
[2024-01-11T13:48:52.657+0100][4751.279s] GC(201) Concurrent Scan Root Regions
[2024-01-11T13:48:52.658+0100][4751.280s] GC(201) Concurrent Scan Root Regions 0.744ms
[2024-01-11T13:48:52.658+0100][4751.280s] GC(201) Concurrent Mark
[2024-01-11T13:48:52.658+0100][4751.280s] GC(201) Concurrent Mark From Roots
[2024-01-11T13:48:52.658+0100][4751.280s] GC(201) Using 3 workers of 3 for marking
[2024-01-11T13:48:52.679+0100][4751.301s] GC(201) Concurrent Mark From Roots 21.514ms
[2024-01-11T13:48:52.679+0100][4751.301s] GC(201) Concurrent Preclean
[2024-01-11T13:48:52.679+0100][4751.301s] GC(201) Concurrent Preclean 0.145ms
[2024-01-11T13:48:52.680+0100][4751.302s] GC(201) Pause Remark
[2024-01-11T13:48:52.683+0100][4751.306s] GC(201) Pause Remark 92M->92M(512M) 4.300ms
[2024-01-11T13:48:52.683+0100][4751.306s] GC(201) User=0.00s Sys=0.00s Real=0.00s
[2024-01-11T13:48:52.683+0100][4751.306s] GC(201) Concurrent Mark 26.250ms
[2024-01-11T13:48:52.683+0100][4751.306s] GC(201) Concurrent Rebuild Remembered Sets
[2024-01-11T13:48:52.695+0100][4751.317s] GC(201) Concurrent Rebuild Remembered Sets 11.303ms
[2024-01-11T13:48:52.695+0100][4751.317s] GC(201) Pause Cleanup
[2024-01-11T13:48:52.695+0100][4751.318s] GC(201) Pause Cleanup 94M->94M(512M) 0.117ms
[2024-01-11T13:48:52.695+0100][4751.318s] GC(201) User=0.00s Sys=0.00s Real=0.00s
[2024-01-11T13:48:52.695+0100][4751.318s] GC(201) Concurrent Cleanup for Next Mark
[2024-01-11T13:48:52.696+0100][4751.318s] GC(201) Concurrent Cleanup for Next Mark 0.757ms
[2024-01-11T13:48:52.696+0100][4751.318s] GC(201) Concurrent Mark Cycle 39.648ms
[2024-01-11T13:48:54.030+0100][4752.652s] GC(202) Pause Young (Prepare Mixed) (G1 Evacuation Pause)
[2024-01-11T13:48:54.030+0100][4752.652s] GC(202) Using 10 workers of 10 for evacuation
[2024-01-11T13:48:54.032+0100][4752.654s] GC(202)   Pre Evacuate Collection Set: 0.1ms
[2024-01-11T13:48:54.032+0100][4752.654s] GC(202)   Merge Heap Roots: 0.1ms
[2024-01-11T13:48:54.032+0100][4752.654s] GC(202)   Evacuate Collection Set: 1.2ms
[2024-01-11T13:48:54.032+0100][4752.654s] GC(202)   Post Evacuate Collection Set: 0.4ms
[2024-01-11T13:48:54.032+0100][4752.654s] GC(202)   Other: 0.1ms
[2024-01-11T13:48:54.032+0100][4752.654s] GC(202) Eden regions: 300->0(17)
[2024-01-11T13:48:54.032+0100][4752.654s] GC(202) Survivor regions: 7->8(39)
[2024-01-11T13:48:54.032+0100][4752.654s] GC(202) Old regions: 79->79
[2024-01-11T13:48:54.032+0100][4752.654s] GC(202) Archive regions: 0->0
[2024-01-11T13:48:54.032+0100][4752.654s] GC(202) Humongous regions: 4->4
[2024-01-11T13:48:54.032+0100][4752.654s] GC(202) Metaspace: 62869K(63424K)->62869K(63424K) NonClass: 55889K(56128K)->55889K(56128K) Class: 6979K(7296K)->6979K(7296K)
[2024-01-11T13:48:54.032+0100][4752.654s] GC(202) Pause Young (Prepare Mixed) (G1 Evacuation Pause) 389M->90M(512M) 2.016ms
[2024-01-11T13:48:54.032+0100][4752.654s] GC(202) User=0.16s Sys=0.00s Real=0.00s
[2024-01-11T13:48:54.082+0100][4752.704s] GC(203) Pause Young (Mixed) (G1 Evacuation Pause)
[2024-01-11T13:48:54.082+0100][4752.704s] GC(203) Using 10 workers of 10 for evacuation
[2024-01-11T13:48:54.085+0100][4752.707s] GC(203)   Pre Evacuate Collection Set: 0.1ms
[2024-01-11T13:48:54.085+0100][4752.707s] GC(203)   Merge Heap Roots: 0.1ms
[2024-01-11T13:48:54.085+0100][4752.707s] GC(203)   Evacuate Collection Set: 1.9ms
[2024-01-11T13:48:54.085+0100][4752.707s] GC(203)   Post Evacuate Collection Set: 0.5ms
[2024-01-11T13:48:54.085+0100][4752.707s] GC(203)   Other: 0.1ms
[2024-01-11T13:48:54.085+0100][4752.707s] GC(203) Eden regions: 17->0(306)
[2024-01-11T13:48:54.085+0100][4752.707s] GC(203) Survivor regions: 8->1(4)
[2024-01-11T13:48:54.085+0100][4752.707s] GC(203) Old regions: 79->86
[2024-01-11T13:48:54.085+0100][4752.707s] GC(203) Archive regions: 0->0
[2024-01-11T13:48:54.085+0100][4752.707s] GC(203) Humongous regions: 4->4
[2024-01-11T13:48:54.085+0100][4752.707s] GC(203) Metaspace: 62869K(63424K)->62869K(63424K) NonClass: 55889K(56128K)->55889K(56128K) Class: 6979K(7296K)->6979K(7296K)
[2024-01-11T13:48:54.085+0100][4752.707s] GC(203) Pause Young (Mixed) (G1 Evacuation Pause) 107M->90M(512M) 2.866ms
[2024-01-11T13:48:54.085+0100][4752.707s] GC(203) User=0.00s Sys=0.00s Real=0.00s
[2024-01-11T13:48:55.366+0100][4753.988s] GC(204) Pause Young (Normal) (G1 Evacuation Pause)
[2024-01-11T13:48:55.366+0100][4753.988s] GC(204) Using 10 workers of 10 for evacuation
[2024-01-11T13:48:55.368+0100][4753.989s] GC(204)   Pre Evacuate Collection Set: 0.1ms
[2024-01-11T13:48:55.368+0100][4753.989s] GC(204)   Merge Heap Roots: 0.1ms
[2024-01-11T13:48:55.368+0100][4753.989s] GC(204)   Evacuate Collection Set: 0.7ms
[2024-01-11T13:48:55.368+0100][4753.989s] GC(204)   Post Evacuate Collection Set: 0.5ms
[2024-01-11T13:48:55.368+0100][4753.989s] GC(204)   Other: 0.1ms
[2024-01-11T13:48:55.368+0100][4753.989s] GC(204) Eden regions: 306->0(303)
[2024-01-11T13:48:55.368+0100][4753.989s] GC(204) Survivor regions: 1->4(39)
[2024-01-11T13:48:55.368+0100][4753.989s] GC(204) Old regions: 86->86
[2024-01-11T13:48:55.368+0100][4753.989s] GC(204) Archive regions: 0->0
[2024-01-11T13:48:55.368+0100][4753.989s] GC(204) Humongous regions: 4->4
[2024-01-11T13:48:55.368+0100][4753.989s] GC(204) Metaspace: 62870K(63424K)->62870K(63424K) NonClass: 55891K(56128K)->55891K(56128K) Class: 6979K(7296K)->6979K(7296K)
[2024-01-11T13:48:55.368+0100][4753.990s] GC(204) Pause Young (Normal) (G1 Evacuation Pause) 396M->92M(512M) 1.628ms
[2024-01-11T13:48:55.368+0100][4753.990s] GC(204) User=0.00s Sys=0.00s Real=0.00s
[2024-01-11T13:48:56.678+0100][4755.301s] GC(205) Pause Young (Normal) (G1 Evacuation Pause)
[2024-01-11T13:48:56.679+0100][4755.301s] GC(205) Using 10 workers of 10 for evacuation
[2024-01-11T13:48:56.680+0100][4755.303s] GC(205)   Pre Evacuate Collection Set: 0.1ms
[2024-01-11T13:48:56.680+0100][4755.303s] GC(205)   Merge Heap Roots: 0.1ms
[2024-01-11T13:48:56.680+0100][4755.303s] GC(205)   Evacuate Collection Set: 0.8ms
[2024-01-11T13:48:56.680+0100][4755.303s] GC(205)   Post Evacuate Collection Set: 0.5ms
[2024-01-11T13:48:56.680+0100][4755.303s] GC(205)   Other: 0.2ms
[2024-01-11T13:48:56.680+0100][4755.303s] GC(205) Eden regions: 303->0(301)
[2024-01-11T13:48:56.680+0100][4755.303s] GC(205) Survivor regions: 4->6(39)
[2024-01-11T13:48:56.680+0100][4755.303s] GC(205) Old regions: 86->86
[2024-01-11T13:48:56.680+0100][4755.303s] GC(205) Archive regions: 0->0
[2024-01-11T13:48:56.680+0100][4755.303s] GC(205) Humongous regions: 4->4
[2024-01-11T13:48:56.680+0100][4755.303s] GC(205) Metaspace: 62870K(63424K)->62870K(63424K) NonClass: 55891K(56128K)->55891K(56128K) Class: 6979K(7296K)->6979K(7296K)
[2024-01-11T13:48:56.680+0100][4755.303s] GC(205) Pause Young (Normal) (G1 Evacuation Pause) 395M->94M(512M) 1.980ms
[2024-01-11T13:48:56.680+0100][4755.303s] GC(205) User=0.00s Sys=0.00s Real=0.00s
[2024-01-11T13:48:58.098+0100][4756.720s] GC(206) Pause Young (Concurrent Start) (G1 Evacuation Pause)
[2024-01-11T13:48:58.098+0100][4756.720s] GC(206) Using 10 workers of 10 for evacuation
[2024-01-11T13:48:58.100+0100][4756.722s] GC(206)   Pre Evacuate Collection Set: 0.1ms
[2024-01-11T13:48:58.100+0100][4756.722s] GC(206)   Merge Heap Roots: 0.1ms
[2024-01-11T13:48:58.100+0100][4756.722s] GC(206)   Evacuate Collection Set: 1.1ms
[2024-01-11T13:48:58.100+0100][4756.722s] GC(206)   Post Evacuate Collection Set: 0.4ms
[2024-01-11T13:48:58.100+0100][4756.722s] GC(206)   Other: 0.1ms
[2024-01-11T13:48:58.100+0100][4756.722s] GC(206) Eden regions: 301->0(300)
[2024-01-11T13:48:58.100+0100][4756.722s] GC(206) Survivor regions: 6->7(39)
[2024-01-11T13:48:58.100+0100][4756.722s] GC(206) Old regions: 86->86
[2024-01-11T13:48:58.100+0100][4756.722s] GC(206) Archive regions: 0->0
[2024-01-11T13:48:58.100+0100][4756.722s] GC(206) Humongous regions: 4->4
[2024-01-11T13:48:58.100+0100][4756.722s] GC(206) Metaspace: 62870K(63424K)->62870K(63424K) NonClass: 55891K(56128K)->55891K(56128K) Class: 6979K(7296K)->6979K(7296K)
[2024-01-11T13:48:58.100+0100][4756.722s] GC(206) Pause Young (Concurrent Start) (G1 Evacuation Pause) 395M->95M(512M) 2.010ms
[2024-01-11T13:48:58.100+0100][4756.722s] GC(207) Concurrent Mark Cycle
[2024-01-11T13:48:58.100+0100][4756.722s] GC(206) User=0.00s Sys=0.00s Real=0.00s
[2024-01-11T13:48:58.100+0100][4756.722s] GC(207) Concurrent Clear Claimed Marks
[2024-01-11T13:48:58.100+0100][4756.722s] GC(207) Concurrent Clear Claimed Marks 0.057ms
[2024-01-11T13:48:58.100+0100][4756.722s] GC(207) Concurrent Scan Root Regions
[2024-01-11T13:48:58.101+0100][4756.723s] GC(207) Concurrent Scan Root Regions 0.702ms
[2024-01-11T13:48:58.101+0100][4756.723s] GC(207) Concurrent Mark
[2024-01-11T13:48:58.101+0100][4756.723s] GC(207) Concurrent Mark From Roots
[2024-01-11T13:48:58.101+0100][4756.723s] GC(207) Using 3 workers of 3 for marking
[2024-01-11T13:48:58.125+0100][4756.747s] GC(207) Concurrent Mark From Roots 24.083ms
[2024-01-11T13:48:58.125+0100][4756.747s] GC(207) Concurrent Preclean
[2024-01-11T13:48:58.125+0100][4756.747s] GC(207) Concurrent Preclean 0.136ms
[2024-01-11T13:48:58.125+0100][4756.747s] GC(207) Pause Remark
[2024-01-11T13:48:58.130+0100][4756.752s] GC(207) Pause Remark 105M->105M(512M) 4.960ms
[2024-01-11T13:48:58.130+0100][4756.752s] GC(207) User=0.00s Sys=0.00s Real=0.01s
[2024-01-11T13:48:58.130+0100][4756.753s] GC(207) Concurrent Mark 29.519ms
[2024-01-11T13:48:58.130+0100][4756.753s] GC(207) Concurrent Rebuild Remembered Sets
[2024-01-11T13:48:58.142+0100][4756.764s] GC(207) Concurrent Rebuild Remembered Sets 11.767ms
[2024-01-11T13:48:58.143+0100][4756.765s] GC(207) Pause Cleanup
[2024-01-11T13:48:58.143+0100][4756.765s] GC(207) Pause Cleanup 106M->106M(512M) 0.175ms
[2024-01-11T13:48:58.143+0100][4756.765s] GC(207) User=0.00s Sys=0.00s Real=0.00s
[2024-01-11T13:48:58.143+0100][4756.765s] GC(207) Concurrent Cleanup for Next Mark
[2024-01-11T13:48:58.143+0100][4756.765s] GC(207) Concurrent Cleanup for Next Mark 0.564ms
[2024-01-11T13:48:58.143+0100][4756.765s] GC(207) Concurrent Mark Cycle 43.106ms
[2024-01-11T13:48:59.301+0100][4757.923s] GC(208) Pause Young (Prepare Mixed) (G1 Evacuation Pause)
[2024-01-11T13:48:59.301+0100][4757.923s] GC(208) Using 10 workers of 10 for evacuation
[2024-01-11T13:48:59.302+0100][4757.925s] GC(208)   Pre Evacuate Collection Set: 0.1ms
[2024-01-11T13:48:59.302+0100][4757.925s] GC(208)   Merge Heap Roots: 0.1ms
[2024-01-11T13:48:59.302+0100][4757.925s] GC(208)   Evacuate Collection Set: 1.1ms
[2024-01-11T13:48:59.302+0100][4757.925s] GC(208)   Post Evacuate Collection Set: 0.4ms
[2024-01-11T13:48:59.302+0100][4757.925s] GC(208)   Other: 0.1ms
[2024-01-11T13:48:59.302+0100][4757.925s] GC(208) Eden regions: 300->0(17)
[2024-01-11T13:48:59.302+0100][4757.925s] GC(208) Survivor regions: 7->8(39)
[2024-01-11T13:48:59.302+0100][4757.925s] GC(208) Old regions: 86->86
[2024-01-11T13:48:59.302+0100][4757.925s] GC(208) Archive regions: 0->0
[2024-01-11T13:48:59.302+0100][4757.925s] GC(208) Humongous regions: 4->4
[2024-01-11T13:48:59.302+0100][4757.925s] GC(208) Metaspace: 62871K(63424K)->62871K(63424K) NonClass: 55891K(56128K)->55891K(56128K) Class: 6979K(7296K)->6979K(7296K)
[2024-01-11T13:48:59.303+0100][4757.925s] GC(208) Pause Young (Prepare Mixed) (G1 Evacuation Pause) 395M->97M(512M) 1.986ms
[2024-01-11T13:48:59.303+0100][4757.925s] GC(208) User=0.00s Sys=0.00s Real=0.00s
[2024-01-11T13:48:59.379+0100][4758.001s] GC(209) Pause Young (Mixed) (G1 Evacuation Pause)
[2024-01-11T13:48:59.379+0100][4758.001s] GC(209) Using 10 workers of 10 for evacuation
[2024-01-11T13:48:59.381+0100][4758.003s] GC(209)   Pre Evacuate Collection Set: 0.1ms
[2024-01-11T13:48:59.381+0100][4758.003s] GC(209)   Merge Heap Roots: 0.1ms
[2024-01-11T13:48:59.381+0100][4758.003s] GC(209)   Evacuate Collection Set: 1.6ms
[2024-01-11T13:48:59.381+0100][4758.003s] GC(209)   Post Evacuate Collection Set: 0.3ms
[2024-01-11T13:48:59.381+0100][4758.003s] GC(209)   Other: 0.1ms
[2024-01-11T13:48:59.381+0100][4758.003s] GC(209) Eden regions: 17->0(306)
[2024-01-11T13:48:59.381+0100][4758.003s] GC(209) Survivor regions: 8->1(4)
[2024-01-11T13:48:59.381+0100][4758.003s] GC(209) Old regions: 86->92
[2024-01-11T13:48:59.381+0100][4758.003s] GC(209) Archive regions: 0->0
[2024-01-11T13:48:59.381+0100][4758.003s] GC(209) Humongous regions: 4->4
[2024-01-11T13:48:59.381+0100][4758.003s] GC(209) Metaspace: 62871K(63424K)->62871K(63424K) NonClass: 55891K(56128K)->55891K(56128K) Class: 6979K(7296K)->6979K(7296K)
[2024-01-11T13:48:59.381+0100][4758.003s] GC(209) Pause Young (Mixed) (G1 Evacuation Pause) 114M->95M(512M) 2.344ms
[2024-01-11T13:48:59.381+0100][4758.003s] GC(209) User=0.00s Sys=0.00s Real=0.00s
[2024-01-11T13:49:00.771+0100][4759.393s] GC(210) Pause Young (Normal) (G1 Evacuation Pause)
[2024-01-11T13:49:00.771+0100][4759.393s] GC(210) Using 10 workers of 10 for evacuation
[2024-01-11T13:49:00.772+0100][4759.394s] GC(210)   Pre Evacuate Collection Set: 0.1ms
[2024-01-11T13:49:00.772+0100][4759.394s] GC(210)   Merge Heap Roots: 0.1ms
[2024-01-11T13:49:00.772+0100][4759.394s] GC(210)   Evacuate Collection Set: 0.6ms
[2024-01-11T13:49:00.772+0100][4759.394s] GC(210)   Post Evacuate Collection Set: 0.4ms
[2024-01-11T13:49:00.772+0100][4759.394s] GC(210)   Other: 0.1ms
[2024-01-11T13:49:00.772+0100][4759.394s] GC(210) Eden regions: 306->0(303)
[2024-01-11T13:49:00.772+0100][4759.394s] GC(210) Survivor regions: 1->4(39)
[2024-01-11T13:49:00.772+0100][4759.394s] GC(210) Old regions: 92->92
[2024-01-11T13:49:00.772+0100][4759.394s] GC(210) Archive regions: 0->0
[2024-01-11T13:49:00.772+0100][4759.394s] GC(210) Humongous regions: 4->4
[2024-01-11T13:49:00.772+0100][4759.394s] GC(210) Metaspace: 62871K(63424K)->62871K(63424K) NonClass: 55891K(56128K)->55891K(56128K) Class: 6979K(7296K)->6979K(7296K)
[2024-01-11T13:49:00.772+0100][4759.394s] GC(210) Pause Young (Normal) (G1 Evacuation Pause) 401M->98M(512M) 1.442ms
[2024-01-11T13:49:00.772+0100][4759.394s] GC(210) User=0.00s Sys=0.00s Real=0.00s
[2024-01-11T13:49:02.057+0100][4760.679s] GC(211) Pause Young (Normal) (G1 Evacuation Pause)
[2024-01-11T13:49:02.057+0100][4760.679s] GC(211) Using 10 workers of 10 for evacuation
[2024-01-11T13:49:02.058+0100][4760.680s] GC(211)   Pre Evacuate Collection Set: 0.1ms
[2024-01-11T13:49:02.058+0100][4760.680s] GC(211)   Merge Heap Roots: 0.1ms
[2024-01-11T13:49:02.058+0100][4760.680s] GC(211)   Evacuate Collection Set: 0.7ms
[2024-01-11T13:49:02.058+0100][4760.680s] GC(211)   Post Evacuate Collection Set: 0.4ms
[2024-01-11T13:49:02.058+0100][4760.680s] GC(211)   Other: 0.1ms
[2024-01-11T13:49:02.058+0100][4760.681s] GC(211) Eden regions: 303->0(302)
[2024-01-11T13:49:02.058+0100][4760.681s] GC(211) Survivor regions: 4->5(39)
[2024-01-11T13:49:02.058+0100][4760.681s] GC(211) Old regions: 92->92
[2024-01-11T13:49:02.058+0100][4760.681s] GC(211) Archive regions: 0->0
[2024-01-11T13:49:02.058+0100][4760.681s] GC(211) Humongous regions: 4->4
[2024-01-11T13:49:02.058+0100][4760.681s] GC(211) Metaspace: 62871K(63424K)->62871K(63424K) NonClass: 55891K(56128K)->55891K(56128K) Class: 6979K(7296K)->6979K(7296K)
[2024-01-11T13:49:02.059+0100][4760.681s] GC(211) Pause Young (Normal) (G1 Evacuation Pause) 401M->99M(512M) 1.645ms
[2024-01-11T13:49:02.059+0100][4760.681s] GC(211) User=0.00s Sys=0.00s Real=0.00s
[2024-01-11T13:49:03.435+0100][4762.056s] GC(212) Pause Young (Concurrent Start) (G1 Evacuation Pause)
[2024-01-11T13:49:03.435+0100][4762.056s] GC(212) Using 10 workers of 10 for evacuation
[2024-01-11T13:49:03.437+0100][4762.058s] GC(212)   Pre Evacuate Collection Set: 0.1ms
[2024-01-11T13:49:03.437+0100][4762.058s] GC(212)   Merge Heap Roots: 0.1ms
[2024-01-11T13:49:03.437+0100][4762.058s] GC(212)   Evacuate Collection Set: 1.1ms
[2024-01-11T13:49:03.437+0100][4762.058s] GC(212)   Post Evacuate Collection Set: 0.5ms
[2024-01-11T13:49:03.437+0100][4762.058s] GC(212)   Other: 0.1ms
[2024-01-11T13:49:03.437+0100][4762.058s] GC(212) Eden regions: 302->0(300)
[2024-01-11T13:49:03.437+0100][4762.058s] GC(212) Survivor regions: 5->7(39)
[2024-01-11T13:49:03.437+0100][4762.058s] GC(212) Old regions: 92->92
[2024-01-11T13:49:03.437+0100][4762.058s] GC(212) Archive regions: 0->0
[2024-01-11T13:49:03.437+0100][4762.059s] GC(212) Humongous regions: 4->4
[2024-01-11T13:49:03.437+0100][4762.059s] GC(212) Metaspace: 62871K(63424K)->62871K(63424K) NonClass: 55891K(56128K)->55891K(56128K) Class: 6979K(7296K)->6979K(7296K)
[2024-01-11T13:49:03.437+0100][4762.059s] GC(212) Pause Young (Concurrent Start) (G1 Evacuation Pause) 401M->102M(512M) 2.196ms
[2024-01-11T13:49:03.437+0100][4762.059s] GC(213) Concurrent Mark Cycle
[2024-01-11T13:49:03.437+0100][4762.059s] GC(212) User=0.00s Sys=0.00s Real=0.00s
[2024-01-11T13:49:03.437+0100][4762.059s] GC(213) Concurrent Clear Claimed Marks
[2024-01-11T13:49:03.437+0100][4762.059s] GC(213) Concurrent Clear Claimed Marks 0.099ms
[2024-01-11T13:49:03.437+0100][4762.059s] GC(213) Concurrent Scan Root Regions
[2024-01-11T13:49:03.438+0100][4762.060s] GC(213) Concurrent Scan Root Regions 0.788ms
[2024-01-11T13:49:03.438+0100][4762.060s] GC(213) Concurrent Mark
[2024-01-11T13:49:03.438+0100][4762.060s] GC(213) Concurrent Mark From Roots
[2024-01-11T13:49:03.438+0100][4762.060s] GC(213) Using 3 workers of 3 for marking
[2024-01-11T13:49:03.463+0100][4762.086s] GC(213) Concurrent Mark From Roots 26.595ms
[2024-01-11T13:49:03.463+0100][4762.086s] GC(213) Concurrent Preclean
[2024-01-11T13:49:03.464+0100][4762.086s] GC(213) Concurrent Preclean 0.181ms
[2024-01-11T13:49:03.464+0100][4762.086s] GC(213) Pause Remark
[2024-01-11T13:49:03.467+0100][4762.090s] GC(213) Pause Remark 109M->109M(512M) 3.205ms
[2024-01-11T13:49:03.467+0100][4762.090s] GC(213) User=0.00s Sys=0.00s Real=0.00s
[2024-01-11T13:49:03.467+0100][4762.090s] GC(213) Concurrent Mark 30.224ms
[2024-01-11T13:49:03.467+0100][4762.090s] GC(213) Concurrent Rebuild Remembered Sets
[2024-01-11T13:49:03.483+0100][4762.105s] GC(213) Concurrent Rebuild Remembered Sets 15.689ms
[2024-01-11T13:49:03.483+0100][4762.106s] GC(213) Pause Cleanup
[2024-01-11T13:49:03.483+0100][4762.106s] GC(213) Pause Cleanup 114M->114M(512M) 0.128ms
[2024-01-11T13:49:03.483+0100][4762.106s] GC(213) User=0.00s Sys=0.00s Real=0.00s
[2024-01-11T13:49:03.483+0100][4762.106s] GC(213) Concurrent Cleanup for Next Mark
[2024-01-11T13:49:03.484+0100][4762.106s] GC(213) Concurrent Cleanup for Next Mark 0.685ms
[2024-01-11T13:49:03.484+0100][4762.106s] GC(213) Concurrent Mark Cycle 47.921ms
[2024-01-11T13:49:04.777+0100][4763.399s] GC(214) Pause Young (Prepare Mixed) (G1 Evacuation Pause)
[2024-01-11T13:49:04.777+0100][4763.399s] GC(214) Using 10 workers of 10 for evacuation
[2024-01-11T13:49:04.779+0100][4763.401s] GC(214)   Pre Evacuate Collection Set: 0.1ms
[2024-01-11T13:49:04.779+0100][4763.401s] GC(214)   Merge Heap Roots: 0.1ms
[2024-01-11T13:49:04.779+0100][4763.401s] GC(214)   Evacuate Collection Set: 1.2ms
[2024-01-11T13:49:04.779+0100][4763.401s] GC(214)   Post Evacuate Collection Set: 0.4ms
[2024-01-11T13:49:04.779+0100][4763.401s] GC(214)   Other: 0.1ms
[2024-01-11T13:49:04.779+0100][4763.401s] GC(214) Eden regions: 300->0(16)
[2024-01-11T13:49:04.779+0100][4763.401s] GC(214) Survivor regions: 7->9(39)
[2024-01-11T13:49:04.779+0100][4763.401s] GC(214) Old regions: 92->92
[2024-01-11T13:49:04.779+0100][4763.401s] GC(214) Archive regions: 0->0
[2024-01-11T13:49:04.779+0100][4763.401s] GC(214) Humongous regions: 4->4
[2024-01-11T13:49:04.779+0100][4763.401s] GC(214) Metaspace: 62924K(63424K)->62924K(63424K) NonClass: 55934K(56128K)->55934K(56128K) Class: 6990K(7296K)->6990K(7296K)
[2024-01-11T13:49:04.779+0100][4763.401s] GC(214) Pause Young (Prepare Mixed) (G1 Evacuation Pause) 402M->103M(512M) 2.087ms
[2024-01-11T13:49:04.779+0100][4763.401s] GC(214) User=0.00s Sys=0.00s Real=0.00s
[2024-01-11T13:49:04.851+0100][4763.473s] GC(215) Pause Young (Mixed) (G1 Evacuation Pause)
[2024-01-11T13:49:04.851+0100][4763.473s] GC(215) Using 10 workers of 10 for evacuation
[2024-01-11T13:49:04.854+0100][4763.476s] GC(215)   Pre Evacuate Collection Set: 0.1ms
[2024-01-11T13:49:04.854+0100][4763.476s] GC(215)   Merge Heap Roots: 0.1ms
[2024-01-11T13:49:04.854+0100][4763.476s] GC(215)   Evacuate Collection Set: 2.3ms
[2024-01-11T13:49:04.854+0100][4763.476s] GC(215)   Post Evacuate Collection Set: 0.4ms
[2024-01-11T13:49:04.854+0100][4763.476s] GC(215)   Other: 0.1ms
[2024-01-11T13:49:04.854+0100][4763.476s] GC(215) Eden regions: 16->0(306)
[2024-01-11T13:49:04.854+0100][4763.476s] GC(215) Survivor regions: 9->1(4)
[2024-01-11T13:49:04.854+0100][4763.476s] GC(215) Old regions: 92->99
[2024-01-11T13:49:04.854+0100][4763.476s] GC(215) Archive regions: 0->0
[2024-01-11T13:49:04.854+0100][4763.476s] GC(215) Humongous regions: 4->4
[2024-01-11T13:49:04.854+0100][4763.476s] GC(215) Metaspace: 62924K(63424K)->62924K(63424K) NonClass: 55934K(56128K)->55934K(56128K) Class: 6990K(7296K)->6990K(7296K)
[2024-01-11T13:49:04.854+0100][4763.476s] GC(215) Pause Young (Mixed) (G1 Evacuation Pause) 119M->102M(512M) 3.173ms
[2024-01-11T13:49:04.854+0100][4763.476s] GC(215) User=0.00s Sys=0.00s Real=0.00s
[2024-01-11T13:49:05.650+0100][4764.272s] GC(216) Pause Young (Concurrent Start) (CodeCache GC Threshold)
[2024-01-11T13:49:05.650+0100][4764.273s] GC(216) Using 10 workers of 10 for evacuation
[2024-01-11T13:49:05.652+0100][4764.274s] GC(216)   Pre Evacuate Collection Set: 0.1ms
[2024-01-11T13:49:05.652+0100][4764.274s] GC(216)   Merge Heap Roots: 0.1ms
[2024-01-11T13:49:05.652+0100][4764.274s] GC(216)   Evacuate Collection Set: 1.0ms
[2024-01-11T13:49:05.652+0100][4764.274s] GC(216)   Post Evacuate Collection Set: 0.4ms
[2024-01-11T13:49:05.652+0100][4764.274s] GC(216)   Other: 0.1ms
[2024-01-11T13:49:05.652+0100][4764.274s] GC(216) Eden regions: 187->0(304)
[2024-01-11T13:49:05.652+0100][4764.274s] GC(216) Survivor regions: 1->3(39)
[2024-01-11T13:49:05.652+0100][4764.274s] GC(216) Old regions: 99->99
[2024-01-11T13:49:05.652+0100][4764.274s] GC(216) Archive regions: 0->0
[2024-01-11T13:49:05.652+0100][4764.274s] GC(216) Humongous regions: 4->4
[2024-01-11T13:49:05.652+0100][4764.274s] GC(216) Metaspace: 62926K(63424K)->62926K(63424K) NonClass: 55936K(56128K)->55936K(56128K) Class: 6990K(7296K)->6990K(7296K)
[2024-01-11T13:49:05.652+0100][4764.274s] GC(216) Pause Young (Concurrent Start) (CodeCache GC Threshold) 288M->104M(512M) 1.888ms
[2024-01-11T13:49:05.652+0100][4764.274s] GC(217) Concurrent Mark Cycle
[2024-01-11T13:49:05.652+0100][4764.274s] GC(216) User=0.00s Sys=0.00s Real=0.00s
[2024-01-11T13:49:05.652+0100][4764.274s] GC(217) Concurrent Clear Claimed Marks
[2024-01-11T13:49:05.652+0100][4764.274s] GC(217) Concurrent Clear Claimed Marks 0.046ms
[2024-01-11T13:49:05.652+0100][4764.274s] GC(217) Concurrent Scan Root Regions
[2024-01-11T13:49:05.652+0100][4764.275s] GC(217) Concurrent Scan Root Regions 0.675ms
[2024-01-11T13:49:05.653+0100][4764.275s] GC(217) Concurrent Mark
[2024-01-11T13:49:05.653+0100][4764.275s] GC(217) Concurrent Mark From Roots
[2024-01-11T13:49:05.653+0100][4764.275s] GC(217) Using 3 workers of 3 for marking
[2024-01-11T13:49:05.676+0100][4764.299s] GC(217) Concurrent Mark From Roots 23.740ms
[2024-01-11T13:49:05.676+0100][4764.299s] GC(217) Concurrent Preclean
[2024-01-11T13:49:05.676+0100][4764.299s] GC(217) Concurrent Preclean 0.149ms
[2024-01-11T13:49:05.677+0100][4764.299s] GC(217) Pause Remark
[2024-01-11T13:49:05.683+0100][4764.305s] GC(217) Pause Remark 107M->107M(512M) 6.196ms
[2024-01-11T13:49:05.683+0100][4764.305s] GC(217) User=0.00s Sys=0.00s Real=0.01s
[2024-01-11T13:49:05.683+0100][4764.306s] GC(217) Concurrent Mark 30.400ms
[2024-01-11T13:49:05.683+0100][4764.306s] GC(217) Concurrent Rebuild Remembered Sets
[2024-01-11T13:49:05.695+0100][4764.317s] GC(217) Concurrent Rebuild Remembered Sets 11.657ms
[2024-01-11T13:49:05.695+0100][4764.317s] GC(217) Pause Cleanup
[2024-01-11T13:49:05.695+0100][4764.318s] GC(217) Pause Cleanup 110M->110M(512M) 0.153ms
[2024-01-11T13:49:05.695+0100][4764.318s] GC(217) User=0.00s Sys=0.00s Real=0.00s
[2024-01-11T13:49:05.695+0100][4764.318s] GC(217) Concurrent Cleanup for Next Mark
[2024-01-11T13:49:05.696+0100][4764.319s] GC(217) Concurrent Cleanup for Next Mark 0.993ms
[2024-01-11T13:49:05.696+0100][4764.319s] GC(217) Concurrent Mark Cycle 44.271ms
[2024-01-11T13:49:06.976+0100][4765.598s] GC(218) Pause Young (Prepare Mixed) (G1 Evacuation Pause)
[2024-01-11T13:49:06.976+0100][4765.598s] GC(218) Using 10 workers of 10 for evacuation
[2024-01-11T13:49:06.977+0100][4765.599s] GC(218)   Pre Evacuate Collection Set: 0.1ms
[2024-01-11T13:49:06.977+0100][4765.599s] GC(218)   Merge Heap Roots: 0.1ms
[2024-01-11T13:49:06.977+0100][4765.599s] GC(218)   Evacuate Collection Set: 0.8ms
[2024-01-11T13:49:06.977+0100][4765.599s] GC(218)   Post Evacuate Collection Set: 0.4ms
[2024-01-11T13:49:06.977+0100][4765.599s] GC(218)   Other: 0.1ms
[2024-01-11T13:49:06.977+0100][4765.599s] GC(218) Eden regions: 304->0(20)
[2024-01-11T13:49:06.977+0100][4765.599s] GC(218) Survivor regions: 3->5(39)
[2024-01-11T13:49:06.977+0100][4765.599s] GC(218) Old regions: 98->98
[2024-01-11T13:49:06.977+0100][4765.599s] GC(218) Archive regions: 0->0
[2024-01-11T13:49:06.977+0100][4765.599s] GC(218) Humongous regions: 4->4
[2024-01-11T13:49:06.977+0100][4765.599s] GC(218) Metaspace: 62926K(63424K)->62926K(63424K) NonClass: 55936K(56128K)->55936K(56128K) Class: 6990K(7296K)->6990K(7296K)
[2024-01-11T13:49:06.977+0100][4765.599s] GC(218) Pause Young (Prepare Mixed) (G1 Evacuation Pause) 408M->106M(512M) 1.680ms
[2024-01-11T13:49:06.977+0100][4765.599s] GC(218) User=0.00s Sys=0.00s Real=0.00s
[2024-01-11T13:49:07.082+0100][4765.704s] GC(219) Pause Young (Mixed) (G1 Evacuation Pause)
[2024-01-11T13:49:07.082+0100][4765.704s] GC(219) Using 10 workers of 10 for evacuation
[2024-01-11T13:49:07.085+0100][4765.707s] GC(219)   Pre Evacuate Collection Set: 0.1ms
[2024-01-11T13:49:07.085+0100][4765.707s] GC(219)   Merge Heap Roots: 0.2ms
[2024-01-11T13:49:07.085+0100][4765.707s] GC(219)   Evacuate Collection Set: 2.4ms
[2024-01-11T13:49:07.085+0100][4765.707s] GC(219)   Post Evacuate Collection Set: 0.4ms
[2024-01-11T13:49:07.085+0100][4765.707s] GC(219)   Other: 0.1ms
[2024-01-11T13:49:07.085+0100][4765.707s] GC(219) Eden regions: 20->0(306)
[2024-01-11T13:49:07.085+0100][4765.707s] GC(219) Survivor regions: 5->1(4)
[2024-01-11T13:49:07.085+0100][4765.707s] GC(219) Old regions: 98->101
[2024-01-11T13:49:07.085+0100][4765.707s] GC(219) Archive regions: 0->0
[2024-01-11T13:49:07.085+0100][4765.707s] GC(219) Humongous regions: 4->4
[2024-01-11T13:49:07.085+0100][4765.708s] GC(219) Metaspace: 62926K(63424K)->62926K(63424K) NonClass: 55936K(56128K)->55936K(56128K) Class: 6990K(7296K)->6990K(7296K)
[2024-01-11T13:49:07.086+0100][4765.708s] GC(219) Pause Young (Mixed) (G1 Evacuation Pause) 126M->104M(512M) 3.403ms
[2024-01-11T13:49:07.086+0100][4765.708s] GC(219) User=0.00s Sys=0.00s Real=0.00s
[2024-01-11T13:49:08.343+0100][4766.965s] GC(220) Pause Young (Normal) (G1 Evacuation Pause)
[2024-01-11T13:49:08.343+0100][4766.965s] GC(220) Using 10 workers of 10 for evacuation
[2024-01-11T13:49:08.344+0100][4766.966s] GC(220)   Pre Evacuate Collection Set: 0.1ms
[2024-01-11T13:49:08.344+0100][4766.966s] GC(220)   Merge Heap Roots: 0.1ms
[2024-01-11T13:49:08.344+0100][4766.966s] GC(220)   Evacuate Collection Set: 0.5ms
[2024-01-11T13:49:08.344+0100][4766.966s] GC(220)   Post Evacuate Collection Set: 0.5ms
[2024-01-11T13:49:08.344+0100][4766.966s] GC(220)   Other: 0.1ms
[2024-01-11T13:49:08.344+0100][4766.966s] GC(220) Eden regions: 306->0(304)
[2024-01-11T13:49:08.344+0100][4766.966s] GC(220) Survivor regions: 1->3(39)
[2024-01-11T13:49:08.344+0100][4766.966s] GC(220) Old regions: 101->101
[2024-01-11T13:49:08.344+0100][4766.966s] GC(220) Archive regions: 0->0
[2024-01-11T13:49:08.344+0100][4766.966s] GC(220) Humongous regions: 4->4
[2024-01-11T13:49:08.344+0100][4766.966s] GC(220) Metaspace: 62943K(63488K)->62943K(63488K) NonClass: 55953K(56192K)->55953K(56192K) Class: 6990K(7296K)->6990K(7296K)
[2024-01-11T13:49:08.344+0100][4766.966s] GC(220) Pause Young (Normal) (G1 Evacuation Pause) 410M->106M(512M) 1.412ms
[2024-01-11T13:49:08.344+0100][4766.966s] GC(220) User=0.08s Sys=0.00s Real=0.00s
[2024-01-11T13:49:09.678+0100][4768.301s] GC(221) Pause Young (Normal) (G1 Evacuation Pause)
[2024-01-11T13:49:09.678+0100][4768.301s] GC(221) Using 10 workers of 10 for evacuation
[2024-01-11T13:49:09.680+0100][4768.302s] GC(221)   Pre Evacuate Collection Set: 0.1ms
[2024-01-11T13:49:09.680+0100][4768.302s] GC(221)   Merge Heap Roots: 0.1ms
[2024-01-11T13:49:09.680+0100][4768.302s] GC(221)   Evacuate Collection Set: 0.7ms
[2024-01-11T13:49:09.680+0100][4768.302s] GC(221)   Post Evacuate Collection Set: 0.4ms
[2024-01-11T13:49:09.680+0100][4768.302s] GC(221)   Other: 0.1ms
[2024-01-11T13:49:09.680+0100][4768.302s] GC(221) Eden regions: 304->0(302)
[2024-01-11T13:49:09.680+0100][4768.302s] GC(221) Survivor regions: 3->5(39)
[2024-01-11T13:49:09.680+0100][4768.302s] GC(221) Old regions: 101->101
[2024-01-11T13:49:09.680+0100][4768.302s] GC(221) Archive regions: 0->0
[2024-01-11T13:49:09.680+0100][4768.302s] GC(221) Humongous regions: 4->4
[2024-01-11T13:49:09.680+0100][4768.302s] GC(221) Metaspace: 62973K(63488K)->62973K(63488K) NonClass: 55983K(56192K)->55983K(56192K) Class: 6990K(7296K)->6990K(7296K)
[2024-01-11T13:49:09.680+0100][4768.302s] GC(221) Pause Young (Normal) (G1 Evacuation Pause) 410M->108M(512M) 1.593ms
[2024-01-11T13:49:09.680+0100][4768.302s] GC(221) User=0.00s Sys=0.00s Real=0.00s
[2024-01-11T13:49:11.062+0100][4769.684s] GC(222) Pause Young (Concurrent Start) (G1 Evacuation Pause)
[2024-01-11T13:49:11.062+0100][4769.684s] GC(222) Using 10 workers of 10 for evacuation
[2024-01-11T13:49:11.064+0100][4769.686s] GC(222)   Pre Evacuate Collection Set: 0.3ms
[2024-01-11T13:49:11.064+0100][4769.686s] GC(222)   Merge Heap Roots: 0.1ms
[2024-01-11T13:49:11.064+0100][4769.686s] GC(222)   Evacuate Collection Set: 1.2ms
[2024-01-11T13:49:11.064+0100][4769.686s] GC(222)   Post Evacuate Collection Set: 0.5ms
[2024-01-11T13:49:11.064+0100][4769.686s] GC(222)   Other: 0.1ms
[2024-01-11T13:49:11.064+0100][4769.686s] GC(222) Eden regions: 302->0(300)
[2024-01-11T13:49:11.064+0100][4769.686s] GC(222) Survivor regions: 5->7(39)
[2024-01-11T13:49:11.064+0100][4769.686s] GC(222) Old regions: 101->101
[2024-01-11T13:49:11.064+0100][4769.686s] GC(222) Archive regions: 0->0
[2024-01-11T13:49:11.064+0100][4769.686s] GC(222) Humongous regions: 4->4
[2024-01-11T13:49:11.064+0100][4769.686s] GC(222) Metaspace: 63009K(63552K)->63009K(63552K) NonClass: 56019K(56256K)->56019K(56256K) Class: 6990K(7296K)->6990K(7296K)
[2024-01-11T13:49:11.064+0100][4769.686s] GC(222) Pause Young (Concurrent Start) (G1 Evacuation Pause) 410M->110M(512M) 2.365ms
[2024-01-11T13:49:11.064+0100][4769.686s] GC(223) Concurrent Mark Cycle
[2024-01-11T13:49:11.064+0100][4769.686s] GC(222) User=0.16s Sys=0.00s Real=0.00s
[2024-01-11T13:49:11.064+0100][4769.686s] GC(223) Concurrent Clear Claimed Marks
[2024-01-11T13:49:11.064+0100][4769.686s] GC(223) Concurrent Clear Claimed Marks 0.124ms
[2024-01-11T13:49:11.064+0100][4769.687s] GC(223) Concurrent Scan Root Regions
[2024-01-11T13:49:11.065+0100][4769.687s] GC(223) Concurrent Scan Root Regions 0.901ms
[2024-01-11T13:49:11.065+0100][4769.687s] GC(223) Concurrent Mark
[2024-01-11T13:49:11.065+0100][4769.687s] GC(223) Concurrent Mark From Roots
[2024-01-11T13:49:11.065+0100][4769.687s] GC(223) Using 3 workers of 3 for marking
[2024-01-11T13:49:11.103+0100][4769.725s] GC(223) Concurrent Mark From Roots 38.014ms
[2024-01-11T13:49:11.103+0100][4769.726s] GC(223) Concurrent Preclean
[2024-01-11T13:49:11.103+0100][4769.726s] GC(223) Concurrent Preclean 0.195ms
[2024-01-11T13:49:11.104+0100][4769.726s] GC(223) Pause Remark
[2024-01-11T13:49:11.107+0100][4769.729s] GC(223) Pause Remark 120M->120M(512M) 3.543ms
[2024-01-11T13:49:11.107+0100][4769.729s] GC(223) User=0.00s Sys=0.00s Real=0.00s
[2024-01-11T13:49:11.107+0100][4769.729s] GC(223) Concurrent Mark 42.018ms
[2024-01-11T13:49:11.107+0100][4769.729s] GC(223) Concurrent Rebuild Remembered Sets
[2024-01-11T13:49:11.124+0100][4769.746s] GC(223) Concurrent Rebuild Remembered Sets 16.878ms
[2024-01-11T13:49:11.124+0100][4769.747s] GC(223) Pause Cleanup
[2024-01-11T13:49:11.124+0100][4769.747s] GC(223) Pause Cleanup 123M->123M(512M) 0.103ms
[2024-01-11T13:49:11.125+0100][4769.747s] GC(223) User=0.00s Sys=0.02s Real=0.00s
[2024-01-11T13:49:11.125+0100][4769.747s] GC(223) Concurrent Cleanup for Next Mark
[2024-01-11T13:49:11.126+0100][4769.748s] GC(223) Concurrent Cleanup for Next Mark 0.862ms
[2024-01-11T13:49:11.126+0100][4769.748s] GC(223) Concurrent Mark Cycle 61.377ms
[2024-01-11T13:49:12.400+0100][4771.023s] GC(224) Pause Young (Prepare Mixed) (G1 Evacuation Pause)
[2024-01-11T13:49:12.400+0100][4771.023s] GC(224) Using 10 workers of 10 for evacuation
[2024-01-11T13:49:12.403+0100][4771.026s] GC(224)   Pre Evacuate Collection Set: 0.1ms
[2024-01-11T13:49:12.403+0100][4771.026s] GC(224)   Merge Heap Roots: 0.1ms
[2024-01-11T13:49:12.403+0100][4771.026s] GC(224)   Evacuate Collection Set: 1.6ms
[2024-01-11T13:49:12.403+0100][4771.026s] GC(224)   Post Evacuate Collection Set: 1.1ms
[2024-01-11T13:49:12.403+0100][4771.026s] GC(224)   Other: 0.2ms
[2024-01-11T13:49:12.404+0100][4771.026s] GC(224) Eden regions: 300->0(17)
[2024-01-11T13:49:12.404+0100][4771.026s] GC(224) Survivor regions: 7->8(39)
[2024-01-11T13:49:12.404+0100][4771.026s] GC(224) Old regions: 101->101
[2024-01-11T13:49:12.404+0100][4771.026s] GC(224) Archive regions: 0->0
[2024-01-11T13:49:12.404+0100][4771.026s] GC(224) Humongous regions: 4->4
[2024-01-11T13:49:12.404+0100][4771.026s] GC(224) Metaspace: 63050K(63616K)->63050K(63616K) NonClass: 56060K(56320K)->56060K(56320K) Class: 6990K(7296K)->6990K(7296K)
[2024-01-11T13:49:12.404+0100][4771.026s] GC(224) Pause Young (Prepare Mixed) (G1 Evacuation Pause) 410M->111M(512M) 3.459ms
[2024-01-11T13:49:12.404+0100][4771.026s] GC(224) User=0.00s Sys=0.00s Real=0.00s
[2024-01-11T13:49:12.470+0100][4771.092s] GC(225) Pause Young (Mixed) (G1 Evacuation Pause)
[2024-01-11T13:49:12.470+0100][4771.092s] GC(225) Using 10 workers of 10 for evacuation
[2024-01-11T13:49:12.473+0100][4771.096s] GC(225)   Pre Evacuate Collection Set: 0.1ms
[2024-01-11T13:49:12.474+0100][4771.096s] GC(225)   Merge Heap Roots: 0.1ms
[2024-01-11T13:49:12.474+0100][4771.096s] GC(225)   Evacuate Collection Set: 1.9ms
[2024-01-11T13:49:12.474+0100][4771.096s] GC(225)   Post Evacuate Collection Set: 1.3ms
[2024-01-11T13:49:12.474+0100][4771.096s] GC(225)   Other: 0.1ms
[2024-01-11T13:49:12.474+0100][4771.096s] GC(225) Eden regions: 17->0(306)
[2024-01-11T13:49:12.474+0100][4771.096s] GC(225) Survivor regions: 8->1(4)
[2024-01-11T13:49:12.474+0100][4771.096s] GC(225) Old regions: 101->107
[2024-01-11T13:49:12.474+0100][4771.096s] GC(225) Archive regions: 0->0
[2024-01-11T13:49:12.474+0100][4771.096s] GC(225) Humongous regions: 4->4
[2024-01-11T13:49:12.474+0100][4771.096s] GC(225) Metaspace: 63050K(63616K)->63050K(63616K) NonClass: 56060K(56320K)->56060K(56320K) Class: 6990K(7296K)->6990K(7296K)
[2024-01-11T13:49:12.474+0100][4771.096s] GC(225) Pause Young (Mixed) (G1 Evacuation Pause) 128M->110M(512M) 3.830ms
[2024-01-11T13:49:12.474+0100][4771.096s] GC(225) User=0.00s Sys=0.00s Real=0.00s
[2024-01-11T13:49:13.759+0100][4772.382s] GC(226) Pause Young (Normal) (G1 Evacuation Pause)
[2024-01-11T13:49:13.760+0100][4772.382s] GC(226) Using 10 workers of 10 for evacuation
[2024-01-11T13:49:13.761+0100][4772.383s] GC(226)   Pre Evacuate Collection Set: 0.1ms
[2024-01-11T13:49:13.761+0100][4772.383s] GC(226)   Merge Heap Roots: 0.1ms
[2024-01-11T13:49:13.761+0100][4772.383s] GC(226)   Evacuate Collection Set: 0.5ms
[2024-01-11T13:49:13.761+0100][4772.383s] GC(226)   Post Evacuate Collection Set: 0.4ms
[2024-01-11T13:49:13.761+0100][4772.383s] GC(226)   Other: 0.1ms
[2024-01-11T13:49:13.761+0100][4772.383s] GC(226) Eden regions: 306->0(304)
[2024-01-11T13:49:13.761+0100][4772.383s] GC(226) Survivor regions: 1->3(39)
[2024-01-11T13:49:13.761+0100][4772.383s] GC(226) Old regions: 107->107
[2024-01-11T13:49:13.761+0100][4772.383s] GC(226) Archive regions: 0->0
[2024-01-11T13:49:13.761+0100][4772.383s] GC(226) Humongous regions: 4->4
[2024-01-11T13:49:13.761+0100][4772.383s] GC(226) Metaspace: 63100K(63616K)->63100K(63616K) NonClass: 56103K(56320K)->56103K(56320K) Class: 6997K(7296K)->6997K(7296K)
[2024-01-11T13:49:13.761+0100][4772.383s] GC(226) Pause Young (Normal) (G1 Evacuation Pause) 416M->112M(512M) 1.366ms
[2024-01-11T13:49:13.761+0100][4772.383s] GC(226) User=0.00s Sys=0.00s Real=0.00s
[2024-01-11T13:49:15.113+0100][4773.735s] GC(227) Pause Young (Normal) (G1 Evacuation Pause)
[2024-01-11T13:49:15.113+0100][4773.735s] GC(227) Using 10 workers of 10 for evacuation
[2024-01-11T13:49:15.114+0100][4773.736s] GC(227)   Pre Evacuate Collection Set: 0.1ms
[2024-01-11T13:49:15.114+0100][4773.736s] GC(227)   Merge Heap Roots: 0.1ms
[2024-01-11T13:49:15.114+0100][4773.736s] GC(227)   Evacuate Collection Set: 0.7ms
[2024-01-11T13:49:15.114+0100][4773.736s] GC(227)   Post Evacuate Collection Set: 0.4ms
[2024-01-11T13:49:15.114+0100][4773.736s] GC(227)   Other: 0.1ms
[2024-01-11T13:49:15.114+0100][4773.736s] GC(227) Eden regions: 304->0(303)
[2024-01-11T13:49:15.114+0100][4773.736s] GC(227) Survivor regions: 3->4(39)
[2024-01-11T13:49:15.114+0100][4773.736s] GC(227) Old regions: 107->107
[2024-01-11T13:49:15.114+0100][4773.736s] GC(227) Archive regions: 0->0
[2024-01-11T13:49:15.114+0100][4773.736s] GC(227) Humongous regions: 4->4
[2024-01-11T13:49:15.114+0100][4773.736s] GC(227) Metaspace: 63120K(63680K)->63120K(63680K) NonClass: 56123K(56384K)->56123K(56384K) Class: 6997K(7296K)->6997K(7296K)
[2024-01-11T13:49:15.114+0100][4773.736s] GC(227) Pause Young (Normal) (G1 Evacuation Pause) 416M->114M(512M) 1.559ms
[2024-01-11T13:49:15.114+0100][4773.736s] GC(227) User=0.00s Sys=0.00s Real=0.00s
[2024-01-11T13:49:16.535+0100][4775.157s] GC(228) Pause Young (Concurrent Start) (G1 Evacuation Pause)
[2024-01-11T13:49:16.535+0100][4775.157s] GC(228) Using 10 workers of 10 for evacuation
[2024-01-11T13:49:16.537+0100][4775.159s] GC(228)   Pre Evacuate Collection Set: 0.1ms
[2024-01-11T13:49:16.537+0100][4775.159s] GC(228)   Merge Heap Roots: 0.1ms
[2024-01-11T13:49:16.537+0100][4775.159s] GC(228)   Evacuate Collection Set: 1.9ms
[2024-01-11T13:49:16.537+0100][4775.159s] GC(228)   Post Evacuate Collection Set: 0.4ms
[2024-01-11T13:49:16.537+0100][4775.159s] GC(228)   Other: 0.1ms
[2024-01-11T13:49:16.537+0100][4775.159s] GC(228) Eden regions: 303->0(301)
[2024-01-11T13:49:16.537+0100][4775.159s] GC(228) Survivor regions: 4->6(39)
[2024-01-11T13:49:16.537+0100][4775.159s] GC(228) Old regions: 107->107
[2024-01-11T13:49:16.537+0100][4775.159s] GC(228) Archive regions: 0->0
[2024-01-11T13:49:16.537+0100][4775.159s] GC(228) Humongous regions: 4->4
[2024-01-11T13:49:16.537+0100][4775.159s] GC(228) Metaspace: 63124K(63680K)->63124K(63680K) NonClass: 56126K(56384K)->56126K(56384K) Class: 6997K(7296K)->6997K(7296K)
[2024-01-11T13:49:16.537+0100][4775.160s] GC(228) Pause Young (Concurrent Start) (G1 Evacuation Pause) 417M->115M(512M) 2.813ms
[2024-01-11T13:49:16.538+0100][4775.160s] GC(229) Concurrent Mark Cycle
[2024-01-11T13:49:16.538+0100][4775.160s] GC(228) User=0.00s Sys=0.00s Real=0.00s
[2024-01-11T13:49:16.538+0100][4775.160s] GC(229) Concurrent Clear Claimed Marks
[2024-01-11T13:49:16.538+0100][4775.160s] GC(229) Concurrent Clear Claimed Marks 0.089ms
[2024-01-11T13:49:16.538+0100][4775.160s] GC(229) Concurrent Scan Root Regions
[2024-01-11T13:49:16.538+0100][4775.161s] GC(229) Concurrent Scan Root Regions 0.809ms
[2024-01-11T13:49:16.539+0100][4775.161s] GC(229) Concurrent Mark
[2024-01-11T13:49:16.539+0100][4775.161s] GC(229) Concurrent Mark From Roots
[2024-01-11T13:49:16.539+0100][4775.161s] GC(229) Using 3 workers of 3 for marking
[2024-01-11T13:49:16.569+0100][4775.191s] GC(229) Concurrent Mark From Roots 30.287ms
[2024-01-11T13:49:16.569+0100][4775.191s] GC(229) Concurrent Preclean
[2024-01-11T13:49:16.569+0100][4775.191s] GC(229) Concurrent Preclean 0.201ms
[2024-01-11T13:49:16.569+0100][4775.191s] GC(229) Pause Remark
[2024-01-11T13:49:16.573+0100][4775.195s] GC(229) Pause Remark 121M->121M(512M) 3.954ms
[2024-01-11T13:49:16.573+0100][4775.195s] GC(229) User=0.00s Sys=0.00s Real=0.00s
[2024-01-11T13:49:16.573+0100][4775.195s] GC(229) Concurrent Mark 34.824ms
[2024-01-11T13:49:16.573+0100][4775.195s] GC(229) Concurrent Rebuild Remembered Sets
[2024-01-11T13:49:16.589+0100][4775.211s] GC(229) Concurrent Rebuild Remembered Sets 15.303ms
[2024-01-11T13:49:16.589+0100][4775.211s] GC(229) Pause Cleanup
[2024-01-11T13:49:16.589+0100][4775.211s] GC(229) Pause Cleanup 123M->123M(512M) 0.166ms
[2024-01-11T13:49:16.589+0100][4775.211s] GC(229) User=0.00s Sys=0.00s Real=0.00s
[2024-01-11T13:49:16.589+0100][4775.211s] GC(229) Concurrent Cleanup for Next Mark
[2024-01-11T13:49:16.590+0100][4775.212s] GC(229) Concurrent Cleanup for Next Mark 0.726ms
[2024-01-11T13:49:16.590+0100][4775.212s] GC(229) Concurrent Mark Cycle 52.371ms
[2024-01-11T13:49:17.919+0100][4776.541s] GC(230) Pause Young (Prepare Mixed) (G1 Evacuation Pause)
[2024-01-11T13:49:17.919+0100][4776.541s] GC(230) Using 10 workers of 10 for evacuation
[2024-01-11T13:49:17.922+0100][4776.544s] GC(230)   Pre Evacuate Collection Set: 0.1ms
[2024-01-11T13:49:17.922+0100][4776.544s] GC(230)   Merge Heap Roots: 0.1ms
[2024-01-11T13:49:17.922+0100][4776.544s] GC(230)   Evacuate Collection Set: 2.3ms
[2024-01-11T13:49:17.922+0100][4776.544s] GC(230)   Post Evacuate Collection Set: 0.5ms
[2024-01-11T13:49:17.922+0100][4776.544s] GC(230)   Other: 0.1ms
[2024-01-11T13:49:17.922+0100][4776.544s] GC(230) Eden regions: 301->0(17)
[2024-01-11T13:49:17.922+0100][4776.544s] GC(230) Survivor regions: 6->8(39)
[2024-01-11T13:49:17.922+0100][4776.544s] GC(230) Old regions: 106->106
[2024-01-11T13:49:17.922+0100][4776.544s] GC(230) Archive regions: 0->0
[2024-01-11T13:49:17.922+0100][4776.544s] GC(230) Humongous regions: 4->4
[2024-01-11T13:49:17.922+0100][4776.544s] GC(230) Metaspace: 63136K(63680K)->63136K(63680K) NonClass: 56138K(56384K)->56138K(56384K) Class: 6997K(7296K)->6997K(7296K)
[2024-01-11T13:49:17.922+0100][4776.544s] GC(230) Pause Young (Prepare Mixed) (G1 Evacuation Pause) 416M->117M(512M) 3.296ms
[2024-01-11T13:49:17.922+0100][4776.544s] GC(230) User=0.12s Sys=0.00s Real=0.00s
[2024-01-11T13:49:17.978+0100][4776.600s] GC(231) Pause Young (Mixed) (G1 Evacuation Pause)
[2024-01-11T13:49:17.978+0100][4776.600s] GC(231) Using 10 workers of 10 for evacuation
[2024-01-11T13:49:17.980+0100][4776.602s] GC(231)   Pre Evacuate Collection Set: 0.1ms
[2024-01-11T13:49:17.980+0100][4776.602s] GC(231)   Merge Heap Roots: 0.1ms
[2024-01-11T13:49:17.980+0100][4776.602s] GC(231)   Evacuate Collection Set: 1.7ms
[2024-01-11T13:49:17.980+0100][4776.602s] GC(231)   Post Evacuate Collection Set: 0.4ms
[2024-01-11T13:49:17.980+0100][4776.602s] GC(231)   Other: 0.1ms
[2024-01-11T13:49:17.980+0100][4776.602s] GC(231) Eden regions: 17->0(306)
[2024-01-11T13:49:17.980+0100][4776.602s] GC(231) Survivor regions: 8->1(4)
[2024-01-11T13:49:17.980+0100][4776.602s] GC(231) Old regions: 106->113
[2024-01-11T13:49:17.980+0100][4776.602s] GC(231) Archive regions: 0->0
[2024-01-11T13:49:17.980+0100][4776.602s] GC(231) Humongous regions: 4->4
[2024-01-11T13:49:17.980+0100][4776.602s] GC(231) Metaspace: 63136K(63680K)->63136K(63680K) NonClass: 56138K(56384K)->56138K(56384K) Class: 6997K(7296K)->6997K(7296K)
[2024-01-11T13:49:17.980+0100][4776.602s] GC(231) Pause Young (Mixed) (G1 Evacuation Pause) 134M->116M(512M) 2.520ms
[2024-01-11T13:49:17.980+0100][4776.602s] GC(231) User=0.00s Sys=0.00s Real=0.00s
[2024-01-11T13:49:19.247+0100][4777.869s] GC(232) Pause Young (Normal) (G1 Evacuation Pause)
[2024-01-11T13:49:19.247+0100][4777.869s] GC(232) Using 10 workers of 10 for evacuation
[2024-01-11T13:49:19.249+0100][4777.871s] GC(232)   Pre Evacuate Collection Set: 0.1ms
[2024-01-11T13:49:19.249+0100][4777.871s] GC(232)   Merge Heap Roots: 0.1ms
[2024-01-11T13:49:19.249+0100][4777.871s] GC(232)   Evacuate Collection Set: 0.8ms
[2024-01-11T13:49:19.249+0100][4777.871s] GC(232)   Post Evacuate Collection Set: 0.5ms
[2024-01-11T13:49:19.249+0100][4777.871s] GC(232)   Other: 0.1ms
[2024-01-11T13:49:19.249+0100][4777.871s] GC(232) Eden regions: 306->0(302)
[2024-01-11T13:49:19.249+0100][4777.871s] GC(232) Survivor regions: 1->5(39)
[2024-01-11T13:49:19.249+0100][4777.871s] GC(232) Old regions: 113->113
[2024-01-11T13:49:19.249+0100][4777.871s] GC(232) Archive regions: 0->0
[2024-01-11T13:49:19.249+0100][4777.871s] GC(232) Humongous regions: 4->4
[2024-01-11T13:49:19.249+0100][4777.871s] GC(232) Metaspace: 63164K(63680K)->63164K(63680K) NonClass: 56167K(56384K)->56167K(56384K) Class: 6997K(7296K)->6997K(7296K)
[2024-01-11T13:49:19.249+0100][4777.871s] GC(232) Pause Young (Normal) (G1 Evacuation Pause) 422M->120M(512M) 1.818ms
[2024-01-11T13:49:19.249+0100][4777.871s] GC(232) User=0.00s Sys=0.00s Real=0.00s
[2024-01-11T13:49:20.677+0100][4779.299s] GC(233) Pause Young (Normal) (G1 Evacuation Pause)
[2024-01-11T13:49:20.677+0100][4779.299s] GC(233) Using 10 workers of 10 for evacuation
[2024-01-11T13:49:20.678+0100][4779.300s] GC(233)   Pre Evacuate Collection Set: 0.1ms
[2024-01-11T13:49:20.678+0100][4779.300s] GC(233)   Merge Heap Roots: 0.1ms
[2024-01-11T13:49:20.678+0100][4779.300s] GC(233)   Evacuate Collection Set: 0.8ms
[2024-01-11T13:49:20.678+0100][4779.300s] GC(233)   Post Evacuate Collection Set: 0.3ms
[2024-01-11T13:49:20.678+0100][4779.300s] GC(233)   Other: 0.1ms
[2024-01-11T13:49:20.678+0100][4779.300s] GC(233) Eden regions: 302->0(302)
[2024-01-11T13:49:20.678+0100][4779.300s] GC(233) Survivor regions: 5->5(39)
[2024-01-11T13:49:20.678+0100][4779.300s] GC(233) Old regions: 113->113
[2024-01-11T13:49:20.678+0100][4779.300s] GC(233) Archive regions: 0->0
[2024-01-11T13:49:20.678+0100][4779.300s] GC(233) Humongous regions: 4->4
[2024-01-11T13:49:20.678+0100][4779.300s] GC(233) Metaspace: 63181K(63744K)->63181K(63744K) NonClass: 56183K(56448K)->56183K(56448K) Class: 6997K(7296K)->6997K(7296K)
[2024-01-11T13:49:20.678+0100][4779.300s] GC(233) Pause Young (Normal) (G1 Evacuation Pause) 422M->120M(512M) 1.588ms
[2024-01-11T13:49:20.678+0100][4779.300s] GC(233) User=0.00s Sys=0.00s Real=0.00s
[2024-01-11T13:49:22.034+0100][4780.656s] GC(234) Pause Young (Concurrent Start) (G1 Evacuation Pause)
[2024-01-11T13:49:22.034+0100][4780.656s] GC(234) Using 10 workers of 10 for evacuation
[2024-01-11T13:49:22.035+0100][4780.657s] GC(234)   Pre Evacuate Collection Set: 0.1ms
[2024-01-11T13:49:22.035+0100][4780.658s] GC(234)   Merge Heap Roots: 0.1ms
[2024-01-11T13:49:22.035+0100][4780.658s] GC(234)   Evacuate Collection Set: 1.1ms
[2024-01-11T13:49:22.035+0100][4780.658s] GC(234)   Post Evacuate Collection Set: 0.4ms
[2024-01-11T13:49:22.035+0100][4780.658s] GC(234)   Other: 0.1ms
[2024-01-11T13:49:22.036+0100][4780.658s] GC(234) Eden regions: 302->0(301)
[2024-01-11T13:49:22.036+0100][4780.658s] GC(234) Survivor regions: 5->6(39)
[2024-01-11T13:49:22.036+0100][4780.658s] GC(234) Old regions: 113->113
[2024-01-11T13:49:22.036+0100][4780.658s] GC(234) Archive regions: 0->0
[2024-01-11T13:49:22.036+0100][4780.658s] GC(234) Humongous regions: 4->4
[2024-01-11T13:49:22.036+0100][4780.658s] GC(234) Metaspace: 63198K(63808K)->63198K(63808K) NonClass: 56201K(56512K)->56201K(56512K) Class: 6997K(7296K)->6997K(7296K)
[2024-01-11T13:49:22.036+0100][4780.658s] GC(234) Pause Young (Concurrent Start) (G1 Evacuation Pause) 422M->121M(512M) 1.956ms
[2024-01-11T13:49:22.036+0100][4780.658s] GC(235) Concurrent Mark Cycle
[2024-01-11T13:49:22.036+0100][4780.658s] GC(234) User=0.00s Sys=0.00s Real=0.00s
[2024-01-11T13:49:22.036+0100][4780.658s] GC(235) Concurrent Clear Claimed Marks
[2024-01-11T13:49:22.036+0100][4780.658s] GC(235) Concurrent Clear Claimed Marks 0.056ms
[2024-01-11T13:49:22.036+0100][4780.658s] GC(235) Concurrent Scan Root Regions
[2024-01-11T13:49:22.037+0100][4780.659s] GC(235) Concurrent Scan Root Regions 0.832ms
[2024-01-11T13:49:22.037+0100][4780.659s] GC(235) Concurrent Mark
[2024-01-11T13:49:22.037+0100][4780.659s] GC(235) Concurrent Mark From Roots
[2024-01-11T13:49:22.037+0100][4780.659s] GC(235) Using 3 workers of 3 for marking
[2024-01-11T13:49:22.068+0100][4780.690s] GC(235) Concurrent Mark From Roots 31.132ms
[2024-01-11T13:49:22.068+0100][4780.690s] GC(235) Concurrent Preclean
[2024-01-11T13:49:22.068+0100][4780.690s] GC(235) Concurrent Preclean 0.210ms
[2024-01-11T13:49:22.068+0100][4780.690s] GC(235) Pause Remark
[2024-01-11T13:49:22.072+0100][4780.694s] GC(235) Pause Remark 129M->128M(512M) 3.997ms
[2024-01-11T13:49:22.072+0100][4780.694s] GC(235) User=0.00s Sys=0.00s Real=0.00s
[2024-01-11T13:49:22.072+0100][4780.694s] GC(235) Concurrent Mark 35.581ms
[2024-01-11T13:49:22.072+0100][4780.694s] GC(235) Concurrent Rebuild Remembered Sets
[2024-01-11T13:49:22.087+0100][4780.709s] GC(235) Concurrent Rebuild Remembered Sets 14.288ms
[2024-01-11T13:49:22.087+0100][4780.709s] GC(235) Pause Cleanup
[2024-01-11T13:49:22.087+0100][4780.709s] GC(235) Pause Cleanup 132M->132M(512M) 0.116ms
[2024-01-11T13:49:22.087+0100][4780.709s] GC(235) User=0.00s Sys=0.00s Real=0.00s
[2024-01-11T13:49:22.087+0100][4780.709s] GC(235) Concurrent Cleanup for Next Mark
[2024-01-11T13:49:22.089+0100][4780.711s] GC(235) Concurrent Cleanup for Next Mark 1.754ms
[2024-01-11T13:49:22.089+0100][4780.711s] GC(235) Concurrent Mark Cycle 53.021ms
[2024-01-11T13:49:23.361+0100][4781.983s] GC(236) Pause Young (Prepare Mixed) (G1 Evacuation Pause)
[2024-01-11T13:49:23.361+0100][4781.983s] GC(236) Using 10 workers of 10 for evacuation
[2024-01-11T13:49:23.363+0100][4781.985s] GC(236)   Pre Evacuate Collection Set: 0.1ms
[2024-01-11T13:49:23.363+0100][4781.985s] GC(236)   Merge Heap Roots: 0.1ms
[2024-01-11T13:49:23.363+0100][4781.985s] GC(236)   Evacuate Collection Set: 1.2ms
[2024-01-11T13:49:23.363+0100][4781.985s] GC(236)   Post Evacuate Collection Set: 0.5ms
[2024-01-11T13:49:23.363+0100][4781.985s] GC(236)   Other: 0.1ms
[2024-01-11T13:49:23.363+0100][4781.985s] GC(236) Eden regions: 301->0(17)
[2024-01-11T13:49:23.363+0100][4781.985s] GC(236) Survivor regions: 6->8(39)
[2024-01-11T13:49:23.363+0100][4781.985s] GC(236) Old regions: 112->112
[2024-01-11T13:49:23.363+0100][4781.985s] GC(236) Archive regions: 0->0
[2024-01-11T13:49:23.363+0100][4781.985s] GC(236) Humongous regions: 4->4
[2024-01-11T13:49:23.363+0100][4781.985s] GC(236) Metaspace: 63204K(63808K)->63204K(63808K) NonClass: 56206K(56512K)->56206K(56512K) Class: 6997K(7296K)->6997K(7296K)
[2024-01-11T13:49:23.363+0100][4781.985s] GC(236) Pause Young (Prepare Mixed) (G1 Evacuation Pause) 422M->123M(512M) 2.117ms
[2024-01-11T13:49:23.363+0100][4781.985s] GC(236) User=0.00s Sys=0.00s Real=0.00s
[2024-01-11T13:49:23.436+0100][4782.059s] GC(237) Pause Young (Mixed) (G1 Evacuation Pause)
[2024-01-11T13:49:23.436+0100][4782.059s] GC(237) Using 10 workers of 10 for evacuation
[2024-01-11T13:49:23.439+0100][4782.062s] GC(237)   Pre Evacuate Collection Set: 0.0ms
[2024-01-11T13:49:23.439+0100][4782.062s] GC(237)   Merge Heap Roots: 0.1ms
[2024-01-11T13:49:23.439+0100][4782.062s] GC(237)   Evacuate Collection Set: 1.9ms
[2024-01-11T13:49:23.439+0100][4782.062s] GC(237)   Post Evacuate Collection Set: 0.6ms
[2024-01-11T13:49:23.439+0100][4782.062s] GC(237)   Other: 0.1ms
[2024-01-11T13:49:23.439+0100][4782.062s] GC(237) Eden regions: 17->0(306)
[2024-01-11T13:49:23.439+0100][4782.062s] GC(237) Survivor regions: 8->1(4)
[2024-01-11T13:49:23.439+0100][4782.062s] GC(237) Old regions: 112->118
[2024-01-11T13:49:23.439+0100][4782.062s] GC(237) Archive regions: 0->0
[2024-01-11T13:49:23.439+0100][4782.062s] GC(237) Humongous regions: 4->4
[2024-01-11T13:49:23.439+0100][4782.062s] GC(237) Metaspace: 63204K(63808K)->63204K(63808K) NonClass: 56206K(56512K)->56206K(56512K) Class: 6997K(7296K)->6997K(7296K)
[2024-01-11T13:49:23.439+0100][4782.062s] GC(237) Pause Young (Mixed) (G1 Evacuation Pause) 140M->122M(512M) 3.000ms
[2024-01-11T13:49:23.439+0100][4782.062s] GC(237) User=0.16s Sys=0.00s Real=0.00s
[2024-01-11T13:49:24.786+0100][4783.409s] GC(238) Pause Young (Normal) (G1 Evacuation Pause)
[2024-01-11T13:49:24.786+0100][4783.409s] GC(238) Using 10 workers of 10 for evacuation
[2024-01-11T13:49:24.787+0100][4783.410s] GC(238)   Pre Evacuate Collection Set: 0.1ms
[2024-01-11T13:49:24.787+0100][4783.410s] GC(238)   Merge Heap Roots: 0.1ms
[2024-01-11T13:49:24.788+0100][4783.410s] GC(238)   Evacuate Collection Set: 0.6ms
[2024-01-11T13:49:24.788+0100][4783.410s] GC(238)   Post Evacuate Collection Set: 0.5ms
[2024-01-11T13:49:24.788+0100][4783.410s] GC(238)   Other: 0.1ms
[2024-01-11T13:49:24.788+0100][4783.410s] GC(238) Eden regions: 306->0(304)
[2024-01-11T13:49:24.788+0100][4783.410s] GC(238) Survivor regions: 1->3(39)
[2024-01-11T13:49:24.788+0100][4783.410s] GC(238) Old regions: 118->118
[2024-01-11T13:49:24.788+0100][4783.410s] GC(238) Archive regions: 0->0
[2024-01-11T13:49:24.788+0100][4783.410s] GC(238) Humongous regions: 4->4
[2024-01-11T13:49:24.788+0100][4783.410s] GC(238) Metaspace: 63215K(63808K)->63215K(63808K) NonClass: 56217K(56512K)->56217K(56512K) Class: 6997K(7296K)->6997K(7296K)
[2024-01-11T13:49:24.788+0100][4783.410s] GC(238) Pause Young (Normal) (G1 Evacuation Pause) 428M->124M(512M) 1.566ms
[2024-01-11T13:49:24.788+0100][4783.410s] GC(238) User=0.00s Sys=0.00s Real=0.00s
[2024-01-11T13:49:26.043+0100][4784.665s] GC(239) Pause Young (Normal) (G1 Evacuation Pause)
[2024-01-11T13:49:26.043+0100][4784.665s] GC(239) Using 10 workers of 10 for evacuation
[2024-01-11T13:49:26.044+0100][4784.666s] GC(239)   Pre Evacuate Collection Set: 0.1ms
[2024-01-11T13:49:26.044+0100][4784.666s] GC(239)   Merge Heap Roots: 0.1ms
[2024-01-11T13:49:26.044+0100][4784.666s] GC(239)   Evacuate Collection Set: 0.8ms
[2024-01-11T13:49:26.044+0100][4784.666s] GC(239)   Post Evacuate Collection Set: 0.5ms
[2024-01-11T13:49:26.044+0100][4784.666s] GC(239)   Other: 0.1ms
[2024-01-11T13:49:26.044+0100][4784.666s] GC(239) Eden regions: 304->0(302)
[2024-01-11T13:49:26.044+0100][4784.666s] GC(239) Survivor regions: 3->5(39)
[2024-01-11T13:49:26.044+0100][4784.666s] GC(239) Old regions: 118->118
[2024-01-11T13:49:26.044+0100][4784.666s] GC(239) Archive regions: 0->0
[2024-01-11T13:49:26.044+0100][4784.666s] GC(239) Humongous regions: 4->4
[2024-01-11T13:49:26.044+0100][4784.666s] GC(239) Metaspace: 63215K(63808K)->63215K(63808K) NonClass: 56217K(56512K)->56217K(56512K) Class: 6997K(7296K)->6997K(7296K)
[2024-01-11T13:49:26.044+0100][4784.666s] GC(239) Pause Young (Normal) (G1 Evacuation Pause) 428M->126M(512M) 1.667ms
[2024-01-11T13:49:26.044+0100][4784.667s] GC(239) User=0.00s Sys=0.00s Real=0.00s
[2024-01-11T13:49:27.266+0100][4785.888s] GC(240) Pause Young (Concurrent Start) (G1 Evacuation Pause)
[2024-01-11T13:49:27.266+0100][4785.889s] GC(240) Using 10 workers of 10 for evacuation
[2024-01-11T13:49:27.268+0100][4785.890s] GC(240)   Pre Evacuate Collection Set: 0.1ms
[2024-01-11T13:49:27.268+0100][4785.890s] GC(240)   Merge Heap Roots: 0.1ms
[2024-01-11T13:49:27.268+0100][4785.890s] GC(240)   Evacuate Collection Set: 1.0ms
[2024-01-11T13:49:27.268+0100][4785.890s] GC(240)   Post Evacuate Collection Set: 0.4ms
[2024-01-11T13:49:27.268+0100][4785.890s] GC(240)   Other: 0.1ms
[2024-01-11T13:49:27.268+0100][4785.890s] GC(240) Eden regions: 302->0(300)
[2024-01-11T13:49:27.268+0100][4785.890s] GC(240) Survivor regions: 5->7(39)
[2024-01-11T13:49:27.268+0100][4785.890s] GC(240) Old regions: 118->118
[2024-01-11T13:49:27.268+0100][4785.890s] GC(240) Archive regions: 0->0
[2024-01-11T13:49:27.268+0100][4785.890s] GC(240) Humongous regions: 4->4
[2024-01-11T13:49:27.268+0100][4785.890s] GC(240) Metaspace: 63215K(63808K)->63215K(63808K) NonClass: 56217K(56512K)->56217K(56512K) Class: 6997K(7296K)->6997K(7296K)
[2024-01-11T13:49:27.268+0100][4785.890s] GC(240) Pause Young (Concurrent Start) (G1 Evacuation Pause) 428M->127M(512M) 1.863ms
[2024-01-11T13:49:27.268+0100][4785.890s] GC(240) User=0.00s Sys=0.00s Real=0.00s
[2024-01-11T13:49:27.268+0100][4785.890s] GC(241) Concurrent Mark Cycle
[2024-01-11T13:49:27.268+0100][4785.890s] GC(241) Concurrent Clear Claimed Marks
[2024-01-11T13:49:27.268+0100][4785.890s] GC(241) Concurrent Clear Claimed Marks 0.027ms
[2024-01-11T13:49:27.268+0100][4785.890s] GC(241) Concurrent Scan Root Regions
[2024-01-11T13:49:27.268+0100][4785.891s] GC(241) Concurrent Scan Root Regions 0.524ms
[2024-01-11T13:49:27.268+0100][4785.891s] GC(241) Concurrent Mark
[2024-01-11T13:49:27.268+0100][4785.891s] GC(241) Concurrent Mark From Roots
[2024-01-11T13:49:27.268+0100][4785.891s] GC(241) Using 3 workers of 3 for marking
[2024-01-11T13:49:27.292+0100][4785.915s] GC(241) Concurrent Mark From Roots 23.710ms
[2024-01-11T13:49:27.292+0100][4785.915s] GC(241) Concurrent Preclean
[2024-01-11T13:49:27.292+0100][4785.915s] GC(241) Concurrent Preclean 0.175ms
[2024-01-11T13:49:27.293+0100][4785.915s] GC(241) Pause Remark
[2024-01-11T13:49:27.298+0100][4785.921s] GC(241) Pause Remark 133M->132M(512M) 5.626ms
[2024-01-11T13:49:27.298+0100][4785.921s] GC(241) User=0.05s Sys=0.00s Real=0.01s
[2024-01-11T13:49:27.298+0100][4785.921s] GC(241) Concurrent Mark 29.831ms
[2024-01-11T13:49:27.298+0100][4785.921s] GC(241) Concurrent Rebuild Remembered Sets
[2024-01-11T13:49:27.312+0100][4785.934s] GC(241) Concurrent Rebuild Remembered Sets 13.615ms
[2024-01-11T13:49:27.312+0100][4785.935s] GC(241) Pause Cleanup
[2024-01-11T13:49:27.312+0100][4785.935s] GC(241) Pause Cleanup 134M->134M(512M) 0.148ms
[2024-01-11T13:49:27.312+0100][4785.935s] GC(241) User=0.00s Sys=0.00s Real=0.00s
[2024-01-11T13:49:27.312+0100][4785.935s] GC(241) Concurrent Cleanup for Next Mark
[2024-01-11T13:49:27.313+0100][4785.936s] GC(241) Concurrent Cleanup for Next Mark 0.817ms
[2024-01-11T13:49:27.313+0100][4785.936s] GC(241) Concurrent Mark Cycle 45.297ms
[2024-01-11T13:49:28.569+0100][4787.192s] GC(242) Pause Young (Prepare Mixed) (G1 Evacuation Pause)
[2024-01-11T13:49:28.569+0100][4787.192s] GC(242) Using 10 workers of 10 for evacuation
[2024-01-11T13:49:28.571+0100][4787.194s] GC(242)   Pre Evacuate Collection Set: 0.0ms
[2024-01-11T13:49:28.571+0100][4787.194s] GC(242)   Merge Heap Roots: 0.1ms
[2024-01-11T13:49:28.571+0100][4787.194s] GC(242)   Evacuate Collection Set: 1.2ms
[2024-01-11T13:49:28.571+0100][4787.194s] GC(242)   Post Evacuate Collection Set: 0.4ms
[2024-01-11T13:49:28.571+0100][4787.194s] GC(242)   Other: 0.1ms
[2024-01-11T13:49:28.571+0100][4787.194s] GC(242) Eden regions: 300->0(16)
[2024-01-11T13:49:28.571+0100][4787.194s] GC(242) Survivor regions: 7->9(39)
[2024-01-11T13:49:28.571+0100][4787.194s] GC(242) Old regions: 117->117
[2024-01-11T13:49:28.571+0100][4787.194s] GC(242) Archive regions: 0->0
[2024-01-11T13:49:28.571+0100][4787.194s] GC(242) Humongous regions: 4->4
[2024-01-11T13:49:28.571+0100][4787.194s] GC(242) Metaspace: 63215K(63808K)->63215K(63808K) NonClass: 56217K(56512K)->56217K(56512K) Class: 6997K(7296K)->6997K(7296K)
[2024-01-11T13:49:28.571+0100][4787.194s] GC(242) Pause Young (Prepare Mixed) (G1 Evacuation Pause) 427M->129M(512M) 2.041ms
[2024-01-11T13:49:28.571+0100][4787.194s] GC(242) User=0.00s Sys=0.00s Real=0.00s
[2024-01-11T13:49:28.645+0100][4787.267s] GC(243) Pause Young (Mixed) (G1 Evacuation Pause)
[2024-01-11T13:49:28.645+0100][4787.267s] GC(243) Using 10 workers of 10 for evacuation
[2024-01-11T13:49:28.648+0100][4787.270s] GC(243)   Pre Evacuate Collection Set: 0.1ms
[2024-01-11T13:49:28.648+0100][4787.270s] GC(243)   Merge Heap Roots: 0.1ms
[2024-01-11T13:49:28.648+0100][4787.270s] GC(243)   Evacuate Collection Set: 1.6ms
[2024-01-11T13:49:28.648+0100][4787.270s] GC(243)   Post Evacuate Collection Set: 0.5ms
[2024-01-11T13:49:28.648+0100][4787.270s] GC(243)   Other: 0.1ms
[2024-01-11T13:49:28.648+0100][4787.270s] GC(243) Eden regions: 16->0(306)
[2024-01-11T13:49:28.648+0100][4787.270s] GC(243) Survivor regions: 9->1(4)
[2024-01-11T13:49:28.648+0100][4787.270s] GC(243) Old regions: 117->124
[2024-01-11T13:49:28.648+0100][4787.270s] GC(243) Archive regions: 0->0
[2024-01-11T13:49:28.648+0100][4787.270s] GC(243) Humongous regions: 4->4
[2024-01-11T13:49:28.648+0100][4787.270s] GC(243) Metaspace: 63215K(63808K)->63215K(63808K) NonClass: 56217K(56512K)->56217K(56512K) Class: 6997K(7296K)->6997K(7296K)
[2024-01-11T13:49:28.648+0100][4787.270s] GC(243) Pause Young (Mixed) (G1 Evacuation Pause) 145M->128M(512M) 2.520ms
[2024-01-11T13:49:28.648+0100][4787.270s] GC(243) User=0.00s Sys=0.00s Real=0.00s
[2024-01-11T13:49:29.922+0100][4788.544s] GC(244) Pause Young (Normal) (G1 Evacuation Pause)
[2024-01-11T13:49:29.922+0100][4788.544s] GC(244) Using 10 workers of 10 for evacuation
[2024-01-11T13:49:29.924+0100][4788.546s] GC(244)   Pre Evacuate Collection Set: 0.1ms
[2024-01-11T13:49:29.924+0100][4788.546s] GC(244)   Merge Heap Roots: 0.1ms
[2024-01-11T13:49:29.924+0100][4788.546s] GC(244)   Evacuate Collection Set: 0.7ms
[2024-01-11T13:49:29.924+0100][4788.546s] GC(244)   Post Evacuate Collection Set: 0.7ms
[2024-01-11T13:49:29.924+0100][4788.546s] GC(244)   Other: 0.1ms
[2024-01-11T13:49:29.924+0100][4788.546s] GC(244) Eden regions: 306->0(303)
[2024-01-11T13:49:29.924+0100][4788.546s] GC(244) Survivor regions: 1->4(39)
[2024-01-11T13:49:29.924+0100][4788.546s] GC(244) Old regions: 124->124
[2024-01-11T13:49:29.924+0100][4788.546s] GC(244) Archive regions: 0->0
[2024-01-11T13:49:29.924+0100][4788.546s] GC(244) Humongous regions: 4->4
[2024-01-11T13:49:29.924+0100][4788.546s] GC(244) Metaspace: 63226K(63808K)->63226K(63808K) NonClass: 56229K(56512K)->56229K(56512K) Class: 6997K(7296K)->6997K(7296K)
[2024-01-11T13:49:29.924+0100][4788.546s] GC(244) Pause Young (Normal) (G1 Evacuation Pause) 434M->131M(512M) 1.887ms
[2024-01-11T13:49:29.924+0100][4788.546s] GC(244) User=0.00s Sys=0.00s Real=0.00s
[2024-01-11T13:53:52.928+0100][5051.550s] GC(245) Pause Young (Normal) (G1 Evacuation Pause)
[2024-01-11T13:53:52.928+0100][5051.550s] GC(245) Using 10 workers of 10 for evacuation
[2024-01-11T13:53:52.930+0100][5051.553s] GC(245)   Pre Evacuate Collection Set: 0.1ms
[2024-01-11T13:53:52.930+0100][5051.553s] GC(245)   Merge Heap Roots: 0.1ms
[2024-01-11T13:53:52.930+0100][5051.553s] GC(245)   Evacuate Collection Set: 1.9ms
[2024-01-11T13:53:52.930+0100][5051.553s] GC(245)   Post Evacuate Collection Set: 0.4ms
[2024-01-11T13:53:52.930+0100][5051.553s] GC(245)   Other: 0.1ms
[2024-01-11T13:53:52.930+0100][5051.553s] GC(245) Eden regions: 303->0(302)
[2024-01-11T13:53:52.930+0100][5051.553s] GC(245) Survivor regions: 4->5(39)
[2024-01-11T13:53:52.930+0100][5051.553s] GC(245) Old regions: 124->124
[2024-01-11T13:53:52.930+0100][5051.553s] GC(245) Archive regions: 0->0
[2024-01-11T13:53:52.930+0100][5051.553s] GC(245) Humongous regions: 4->4
[2024-01-11T13:53:52.930+0100][5051.553s] GC(245) Metaspace: 63384K(63936K)->63384K(63936K) NonClass: 56386K(56640K)->56386K(56640K) Class: 6997K(7296K)->6997K(7296K)
[2024-01-11T13:53:52.930+0100][5051.553s] GC(245) Pause Young (Normal) (G1 Evacuation Pause) 434M->132M(512M) 2.774ms
[2024-01-11T13:53:52.931+0100][5051.553s] GC(245) User=0.00s Sys=0.00s Real=0.00s
[2024-01-11T13:53:54.282+0100][5052.904s] GC(246) Pause Young (Concurrent Start) (G1 Evacuation Pause)
[2024-01-11T13:53:54.282+0100][5052.904s] GC(246) Using 10 workers of 10 for evacuation
[2024-01-11T13:53:54.284+0100][5052.906s] GC(246)   Pre Evacuate Collection Set: 0.1ms
[2024-01-11T13:53:54.284+0100][5052.906s] GC(246)   Merge Heap Roots: 0.1ms
[2024-01-11T13:53:54.284+0100][5052.906s] GC(246)   Evacuate Collection Set: 1.1ms
[2024-01-11T13:53:54.284+0100][5052.906s] GC(246)   Post Evacuate Collection Set: 0.4ms
[2024-01-11T13:53:54.284+0100][5052.906s] GC(246)   Other: 0.1ms
[2024-01-11T13:53:54.284+0100][5052.906s] GC(246) Eden regions: 302->0(300)
[2024-01-11T13:53:54.284+0100][5052.906s] GC(246) Survivor regions: 5->7(39)
[2024-01-11T13:53:54.284+0100][5052.906s] GC(246) Old regions: 124->124
[2024-01-11T13:53:54.284+0100][5052.906s] GC(246) Archive regions: 0->0
[2024-01-11T13:53:54.284+0100][5052.906s] GC(246) Humongous regions: 4->4
[2024-01-11T13:53:54.284+0100][5052.906s] GC(246) Metaspace: 63384K(63936K)->63384K(63936K) NonClass: 56386K(56640K)->56386K(56640K) Class: 6997K(7296K)->6997K(7296K)
[2024-01-11T13:53:54.284+0100][5052.906s] GC(246) Pause Young (Concurrent Start) (G1 Evacuation Pause) 434M->134M(512M) 1.971ms
[2024-01-11T13:53:54.284+0100][5052.906s] GC(246) User=0.00s Sys=0.00s Real=0.00s
[2024-01-11T13:53:54.284+0100][5052.906s] GC(247) Concurrent Mark Cycle
[2024-01-11T13:53:54.284+0100][5052.906s] GC(247) Concurrent Clear Claimed Marks
[2024-01-11T13:53:54.284+0100][5052.906s] GC(247) Concurrent Clear Claimed Marks 0.029ms
[2024-01-11T13:53:54.284+0100][5052.906s] GC(247) Concurrent Scan Root Regions
[2024-01-11T13:53:54.285+0100][5052.907s] GC(247) Concurrent Scan Root Regions 0.649ms
[2024-01-11T13:53:54.285+0100][5052.907s] GC(247) Concurrent Mark
[2024-01-11T13:53:54.285+0100][5052.907s] GC(247) Concurrent Mark From Roots
[2024-01-11T13:53:54.285+0100][5052.907s] GC(247) Using 3 workers of 3 for marking
[2024-01-11T13:53:54.305+0100][5052.927s] GC(247) Concurrent Mark From Roots 19.569ms
[2024-01-11T13:53:54.305+0100][5052.927s] GC(247) Concurrent Preclean
[2024-01-11T13:53:54.305+0100][5052.927s] GC(247) Concurrent Preclean 0.185ms
[2024-01-11T13:53:54.305+0100][5052.927s] GC(247) Pause Remark
[2024-01-11T13:53:54.311+0100][5052.933s] GC(247) Pause Remark 139M->139M(512M) 6.403ms
[2024-01-11T13:53:54.311+0100][5052.934s] GC(247) User=0.00s Sys=0.00s Real=0.01s
[2024-01-11T13:53:54.311+0100][5052.934s] GC(247) Concurrent Mark 26.502ms
[2024-01-11T13:53:54.311+0100][5052.934s] GC(247) Concurrent Rebuild Remembered Sets
[2024-01-11T13:53:54.324+0100][5052.947s] GC(247) Concurrent Rebuild Remembered Sets 13.074ms
[2024-01-11T13:53:54.324+0100][5052.947s] GC(247) Pause Cleanup
[2024-01-11T13:53:54.324+0100][5052.947s] GC(247) Pause Cleanup 146M->146M(512M) 0.158ms
[2024-01-11T13:53:54.324+0100][5052.947s] GC(247) User=0.00s Sys=0.00s Real=0.00s
[2024-01-11T13:53:54.324+0100][5052.947s] GC(247) Concurrent Cleanup for Next Mark
[2024-01-11T13:53:54.325+0100][5052.948s] GC(247) Concurrent Cleanup for Next Mark 0.864ms
[2024-01-11T13:53:54.325+0100][5052.948s] GC(247) Concurrent Mark Cycle 41.559ms
[2024-01-11T13:53:55.528+0100][5054.151s] GC(248) Pause Young (Prepare Mixed) (G1 Evacuation Pause)
[2024-01-11T13:53:55.528+0100][5054.151s] GC(248) Using 10 workers of 10 for evacuation
[2024-01-11T13:53:55.531+0100][5054.152s] GC(248)   Pre Evacuate Collection Set: 0.1ms
[2024-01-11T13:53:55.531+0100][5054.152s] GC(248)   Merge Heap Roots: 0.1ms
[2024-01-11T13:53:55.531+0100][5054.152s] GC(248)   Evacuate Collection Set: 1.0ms
[2024-01-11T13:53:55.531+0100][5054.152s] GC(248)   Post Evacuate Collection Set: 0.4ms
[2024-01-11T13:53:55.531+0100][5054.152s] GC(248)   Other: 0.1ms
[2024-01-11T13:53:55.531+0100][5054.153s] GC(248) Eden regions: 300->0(19)
[2024-01-11T13:53:55.531+0100][5054.153s] GC(248) Survivor regions: 7->6(39)
[2024-01-11T13:53:55.531+0100][5054.153s] GC(248) Old regions: 124->124
[2024-01-11T13:53:55.531+0100][5054.153s] GC(248) Archive regions: 0->0
[2024-01-11T13:53:55.531+0100][5054.153s] GC(248) Humongous regions: 4->4
[2024-01-11T13:53:55.531+0100][5054.153s] GC(248) Metaspace: 63384K(63936K)->63384K(63936K) NonClass: 56386K(56640K)->56386K(56640K) Class: 6997K(7296K)->6997K(7296K)
[2024-01-11T13:53:55.531+0100][5054.153s] GC(248) Pause Young (Prepare Mixed) (G1 Evacuation Pause) 434M->133M(512M) 1.923ms
[2024-01-11T13:53:55.531+0100][5054.153s] GC(248) User=0.00s Sys=0.00s Real=0.00s
[2024-01-11T13:53:55.612+0100][5054.234s] GC(249) Pause Young (Mixed) (G1 Evacuation Pause)
[2024-01-11T13:53:55.612+0100][5054.234s] GC(249) Using 10 workers of 10 for evacuation
[2024-01-11T13:53:55.614+0100][5054.237s] GC(249)   Pre Evacuate Collection Set: 0.1ms
[2024-01-11T13:53:55.614+0100][5054.237s] GC(249)   Merge Heap Roots: 0.1ms
[2024-01-11T13:53:55.614+0100][5054.237s] GC(249)   Evacuate Collection Set: 1.5ms
[2024-01-11T13:53:55.614+0100][5054.237s] GC(249)   Post Evacuate Collection Set: 0.4ms
[2024-01-11T13:53:55.614+0100][5054.237s] GC(249)   Other: 0.1ms
[2024-01-11T13:53:55.614+0100][5054.237s] GC(249) Eden regions: 19->0(24)
[2024-01-11T13:53:55.614+0100][5054.237s] GC(249) Survivor regions: 6->1(4)
[2024-01-11T13:53:55.614+0100][5054.237s] GC(249) Old regions: 124->79
[2024-01-11T13:53:55.614+0100][5054.237s] GC(249) Archive regions: 0->0
[2024-01-11T13:53:55.614+0100][5054.237s] GC(249) Humongous regions: 4->4
[2024-01-11T13:53:55.614+0100][5054.237s] GC(249) Metaspace: 63384K(63936K)->63384K(63936K) NonClass: 56386K(56640K)->56386K(56640K) Class: 6997K(7296K)->6997K(7296K)
[2024-01-11T13:53:55.614+0100][5054.237s] GC(249) Pause Young (Mixed) (G1 Evacuation Pause) 152M->83M(512M) 2.391ms
[2024-01-11T13:53:55.614+0100][5054.237s] GC(249) User=0.00s Sys=0.00s Real=0.00s
[2024-01-11T13:53:55.730+0100][5054.352s] GC(250) Pause Young (Mixed) (G1 Evacuation Pause)
[2024-01-11T13:53:55.730+0100][5054.352s] GC(250) Using 10 workers of 10 for evacuation
[2024-01-11T13:53:55.731+0100][5054.353s] GC(250)   Pre Evacuate Collection Set: 0.1ms
[2024-01-11T13:53:55.731+0100][5054.353s] GC(250)   Merge Heap Roots: 0.1ms
[2024-01-11T13:53:55.731+0100][5054.353s] GC(250)   Evacuate Collection Set: 0.8ms
[2024-01-11T13:53:55.731+0100][5054.353s] GC(250)   Post Evacuate Collection Set: 0.4ms
[2024-01-11T13:53:55.731+0100][5054.353s] GC(250)   Other: 0.1ms
[2024-01-11T13:53:55.731+0100][5054.353s] GC(250) Eden regions: 24->0(305)
[2024-01-11T13:53:55.731+0100][5054.353s] GC(250) Survivor regions: 1->2(4)
[2024-01-11T13:53:55.731+0100][5054.353s] GC(250) Old regions: 79->71
[2024-01-11T13:53:55.731+0100][5054.353s] GC(250) Archive regions: 0->0
[2024-01-11T13:53:55.731+0100][5054.354s] GC(250) Humongous regions: 4->4
[2024-01-11T13:53:55.731+0100][5054.354s] GC(250) Metaspace: 63384K(63936K)->63384K(63936K) NonClass: 56386K(56640K)->56386K(56640K) Class: 6997K(7296K)->6997K(7296K)
[2024-01-11T13:53:55.731+0100][5054.354s] GC(250) Pause Young (Mixed) (G1 Evacuation Pause) 107M->76M(512M) 1.588ms
[2024-01-11T13:53:55.731+0100][5054.354s] GC(250) User=0.00s Sys=0.00s Real=0.00s
[2024-01-11T13:53:57.082+0100][5055.703s] GC(251) Pause Young (Normal) (G1 Evacuation Pause)
[2024-01-11T13:53:57.082+0100][5055.704s] GC(251) Using 10 workers of 10 for evacuation
[2024-01-11T13:53:57.083+0100][5055.705s] GC(251)   Pre Evacuate Collection Set: 0.1ms
[2024-01-11T13:53:57.083+0100][5055.705s] GC(251)   Merge Heap Roots: 0.1ms
[2024-01-11T13:53:57.083+0100][5055.705s] GC(251)   Evacuate Collection Set: 0.6ms
[2024-01-11T13:53:57.083+0100][5055.705s] GC(251)   Post Evacuate Collection Set: 0.5ms
[2024-01-11T13:53:57.083+0100][5055.705s] GC(251)   Other: 0.1ms
[2024-01-11T13:53:57.083+0100][5055.705s] GC(251) Eden regions: 305->0(303)
[2024-01-11T13:53:57.083+0100][5055.705s] GC(251) Survivor regions: 2->4(39)
[2024-01-11T13:53:57.083+0100][5055.705s] GC(251) Old regions: 71->71
[2024-01-11T13:53:57.083+0100][5055.705s] GC(251) Archive regions: 0->0
[2024-01-11T13:53:57.083+0100][5055.705s] GC(251) Humongous regions: 4->4
[2024-01-11T13:53:57.083+0100][5055.705s] GC(251) Metaspace: 63384K(63936K)->63384K(63936K) NonClass: 56386K(56640K)->56386K(56640K) Class: 6997K(7296K)->6997K(7296K)
[2024-01-11T13:53:57.083+0100][5055.705s] GC(251) Pause Young (Normal) (G1 Evacuation Pause) 381M->78M(512M) 1.540ms
[2024-01-11T13:53:57.083+0100][5055.705s] GC(251) User=0.00s Sys=0.00s Real=0.00s
[2024-01-11T13:53:58.343+0100][5056.965s] GC(252) Pause Young (Normal) (G1 Evacuation Pause)
[2024-01-11T13:53:58.343+0100][5056.965s] GC(252) Using 10 workers of 10 for evacuation
[2024-01-11T13:53:58.345+0100][5056.967s] GC(252)   Pre Evacuate Collection Set: 0.1ms
[2024-01-11T13:53:58.345+0100][5056.967s] GC(252)   Merge Heap Roots: 0.1ms
[2024-01-11T13:53:58.345+0100][5056.967s] GC(252)   Evacuate Collection Set: 0.8ms
[2024-01-11T13:53:58.345+0100][5056.967s] GC(252)   Post Evacuate Collection Set: 0.4ms
[2024-01-11T13:53:58.345+0100][5056.967s] GC(252)   Other: 0.1ms
[2024-01-11T13:53:58.345+0100][5056.967s] GC(252) Eden regions: 303->0(302)
[2024-01-11T13:53:58.345+0100][5056.967s] GC(252) Survivor regions: 4->5(39)
[2024-01-11T13:53:58.345+0100][5056.967s] GC(252) Old regions: 71->71
[2024-01-11T13:53:58.345+0100][5056.967s] GC(252) Archive regions: 0->0
[2024-01-11T13:53:58.345+0100][5056.967s] GC(252) Humongous regions: 4->4
[2024-01-11T13:53:58.345+0100][5056.967s] GC(252) Metaspace: 63384K(63936K)->63384K(63936K) NonClass: 56386K(56640K)->56386K(56640K) Class: 6997K(7296K)->6997K(7296K)
[2024-01-11T13:53:58.345+0100][5056.967s] GC(252) Pause Young (Normal) (G1 Evacuation Pause) 381M->79M(512M) 1.661ms
[2024-01-11T13:53:58.345+0100][5056.967s] GC(252) User=0.16s Sys=0.00s Real=0.00s
[2024-01-11T13:53:59.592+0100][5058.214s] GC(253) Pause Young (Concurrent Start) (G1 Evacuation Pause)
[2024-01-11T13:53:59.592+0100][5058.214s] GC(253) Using 10 workers of 10 for evacuation
[2024-01-11T13:53:59.594+0100][5058.216s] GC(253)   Pre Evacuate Collection Set: 0.1ms
[2024-01-11T13:53:59.594+0100][5058.216s] GC(253)   Merge Heap Roots: 0.1ms
[2024-01-11T13:53:59.594+0100][5058.216s] GC(253)   Evacuate Collection Set: 1.0ms
[2024-01-11T13:53:59.594+0100][5058.216s] GC(253)   Post Evacuate Collection Set: 0.5ms
[2024-01-11T13:53:59.594+0100][5058.216s] GC(253)   Other: 0.1ms
[2024-01-11T13:53:59.594+0100][5058.216s] GC(253) Eden regions: 302->0(300)
[2024-01-11T13:53:59.594+0100][5058.216s] GC(253) Survivor regions: 5->7(39)
[2024-01-11T13:53:59.594+0100][5058.216s] GC(253) Old regions: 71->71
[2024-01-11T13:53:59.594+0100][5058.216s] GC(253) Archive regions: 0->0
[2024-01-11T13:53:59.594+0100][5058.216s] GC(253) Humongous regions: 4->4
[2024-01-11T13:53:59.594+0100][5058.216s] GC(253) Metaspace: 63384K(63936K)->63384K(63936K) NonClass: 56386K(56640K)->56386K(56640K) Class: 6997K(7296K)->6997K(7296K)
[2024-01-11T13:53:59.594+0100][5058.216s] GC(253) Pause Young (Concurrent Start) (G1 Evacuation Pause) 381M->81M(512M) 2.103ms
[2024-01-11T13:53:59.594+0100][5058.216s] GC(254) Concurrent Mark Cycle
[2024-01-11T13:53:59.594+0100][5058.216s] GC(253) User=0.00s Sys=0.00s Real=0.00s
[2024-01-11T13:53:59.594+0100][5058.216s] GC(254) Concurrent Clear Claimed Marks
[2024-01-11T13:53:59.594+0100][5058.217s] GC(254) Concurrent Clear Claimed Marks 0.133ms
[2024-01-11T13:53:59.594+0100][5058.217s] GC(254) Concurrent Scan Root Regions
[2024-01-11T13:53:59.595+0100][5058.217s] GC(254) Concurrent Scan Root Regions 0.615ms
[2024-01-11T13:53:59.595+0100][5058.217s] GC(254) Concurrent Mark
[2024-01-11T13:53:59.595+0100][5058.217s] GC(254) Concurrent Mark From Roots
[2024-01-11T13:53:59.595+0100][5058.217s] GC(254) Using 3 workers of 3 for marking
[2024-01-11T13:53:59.618+0100][5058.240s] GC(254) Concurrent Mark From Roots 23.163ms
[2024-01-11T13:53:59.618+0100][5058.240s] GC(254) Concurrent Preclean
[2024-01-11T13:53:59.618+0100][5058.241s] GC(254) Concurrent Preclean 0.169ms
[2024-01-11T13:53:59.618+0100][5058.241s] GC(254) Pause Remark
[2024-01-11T13:53:59.624+0100][5058.246s] GC(254) Pause Remark 86M->86M(512M) 5.010ms
[2024-01-11T13:53:59.624+0100][5058.246s] GC(254) User=0.00s Sys=0.00s Real=0.01s
[2024-01-11T13:53:59.624+0100][5058.246s] GC(254) Concurrent Mark 28.623ms
[2024-01-11T13:53:59.624+0100][5058.246s] GC(254) Concurrent Rebuild Remembered Sets
[2024-01-11T13:53:59.639+0100][5058.261s] GC(254) Concurrent Rebuild Remembered Sets 14.920ms
[2024-01-11T13:53:59.639+0100][5058.261s] GC(254) Pause Cleanup
[2024-01-11T13:53:59.639+0100][5058.261s] GC(254) Pause Cleanup 87M->87M(512M) 0.124ms
[2024-01-11T13:53:59.639+0100][5058.261s] GC(254) User=0.00s Sys=0.00s Real=0.00s
[2024-01-11T13:53:59.639+0100][5058.261s] GC(254) Concurrent Cleanup for Next Mark
[2024-01-11T13:53:59.640+0100][5058.262s] GC(254) Concurrent Cleanup for Next Mark 0.736ms
[2024-01-11T13:53:59.640+0100][5058.262s] GC(254) Concurrent Mark Cycle 45.469ms
[2024-01-11T13:54:00.937+0100][5059.560s] GC(255) Pause Young (Prepare Mixed) (G1 Evacuation Pause)
[2024-01-11T13:54:00.937+0100][5059.560s] GC(255) Using 10 workers of 10 for evacuation
[2024-01-11T13:54:00.939+0100][5059.562s] GC(255)   Pre Evacuate Collection Set: 0.1ms
[2024-01-11T13:54:00.939+0100][5059.562s] GC(255)   Merge Heap Roots: 0.1ms
[2024-01-11T13:54:00.939+0100][5059.562s] GC(255)   Evacuate Collection Set: 1.2ms
[2024-01-11T13:54:00.939+0100][5059.562s] GC(255)   Post Evacuate Collection Set: 0.5ms
[2024-01-11T13:54:00.939+0100][5059.562s] GC(255)   Other: 0.1ms
[2024-01-11T13:54:00.939+0100][5059.562s] GC(255) Eden regions: 300->0(16)
[2024-01-11T13:54:00.939+0100][5059.562s] GC(255) Survivor regions: 7->9(39)
[2024-01-11T13:54:00.939+0100][5059.562s] GC(255) Old regions: 71->71
[2024-01-11T13:54:00.939+0100][5059.562s] GC(255) Archive regions: 0->0
[2024-01-11T13:54:00.939+0100][5059.562s] GC(255) Humongous regions: 4->4
[2024-01-11T13:54:00.939+0100][5059.562s] GC(255) Metaspace: 63384K(63936K)->63384K(63936K) NonClass: 56386K(56640K)->56386K(56640K) Class: 6997K(7296K)->6997K(7296K)
[2024-01-11T13:54:00.939+0100][5059.562s] GC(255) Pause Young (Prepare Mixed) (G1 Evacuation Pause) 381M->83M(512M) 2.178ms
[2024-01-11T13:54:00.939+0100][5059.562s] GC(255) User=0.00s Sys=0.00s Real=0.00s
[2024-01-11T13:54:01.015+0100][5059.637s] GC(256) Pause Young (Mixed) (G1 Evacuation Pause)
[2024-01-11T13:54:01.015+0100][5059.637s] GC(256) Using 10 workers of 10 for evacuation
[2024-01-11T13:54:01.017+0100][5059.639s] GC(256)   Pre Evacuate Collection Set: 0.1ms
[2024-01-11T13:54:01.017+0100][5059.639s] GC(256)   Merge Heap Roots: 0.1ms
[2024-01-11T13:54:01.017+0100][5059.639s] GC(256)   Evacuate Collection Set: 1.4ms
[2024-01-11T13:54:01.017+0100][5059.639s] GC(256)   Post Evacuate Collection Set: 0.4ms
[2024-01-11T13:54:01.017+0100][5059.639s] GC(256)   Other: 0.1ms
[2024-01-11T13:54:01.017+0100][5059.639s] GC(256) Eden regions: 16->0(306)
[2024-01-11T13:54:01.017+0100][5059.639s] GC(256) Survivor regions: 9->1(4)
[2024-01-11T13:54:01.017+0100][5059.639s] GC(256) Old regions: 71->75
[2024-01-11T13:54:01.017+0100][5059.639s] GC(256) Archive regions: 0->0
[2024-01-11T13:54:01.017+0100][5059.639s] GC(256) Humongous regions: 4->4
[2024-01-11T13:54:01.017+0100][5059.639s] GC(256) Metaspace: 63384K(63936K)->63384K(63936K) NonClass: 56386K(56640K)->56386K(56640K) Class: 6997K(7296K)->6997K(7296K)
[2024-01-11T13:54:01.017+0100][5059.639s] GC(256) Pause Young (Mixed) (G1 Evacuation Pause) 99M->78M(512M) 2.205ms
[2024-01-11T13:54:01.017+0100][5059.639s] GC(256) User=0.16s Sys=0.00s Real=0.00s
[2024-01-11T13:54:02.325+0100][5060.947s] GC(257) Pause Young (Normal) (G1 Evacuation Pause)
[2024-01-11T13:54:02.325+0100][5060.947s] GC(257) Using 10 workers of 10 for evacuation
[2024-01-11T13:54:02.326+0100][5060.948s] GC(257)   Pre Evacuate Collection Set: 0.1ms
[2024-01-11T13:54:02.326+0100][5060.948s] GC(257)   Merge Heap Roots: 0.1ms
[2024-01-11T13:54:02.326+0100][5060.948s] GC(257)   Evacuate Collection Set: 0.6ms
[2024-01-11T13:54:02.326+0100][5060.948s] GC(257)   Post Evacuate Collection Set: 0.3ms
[2024-01-11T13:54:02.326+0100][5060.948s] GC(257)   Other: 0.1ms
[2024-01-11T13:54:02.326+0100][5060.948s] GC(257) Eden regions: 306->0(304)
[2024-01-11T13:54:02.326+0100][5060.948s] GC(257) Survivor regions: 1->3(39)
[2024-01-11T13:54:02.326+0100][5060.948s] GC(257) Old regions: 75->75
[2024-01-11T13:54:02.326+0100][5060.948s] GC(257) Archive regions: 0->0
[2024-01-11T13:54:02.326+0100][5060.948s] GC(257) Humongous regions: 4->4
[2024-01-11T13:54:02.326+0100][5060.948s] GC(257) Metaspace: 63384K(63936K)->63384K(63936K) NonClass: 56386K(56640K)->56386K(56640K) Class: 6997K(7296K)->6997K(7296K)
[2024-01-11T13:54:02.326+0100][5060.948s] GC(257) Pause Young (Normal) (G1 Evacuation Pause) 384M->80M(512M) 1.372ms
[2024-01-11T13:54:02.326+0100][5060.948s] GC(257) User=0.00s Sys=0.00s Real=0.00s
[2024-01-11T13:54:03.618+0100][5062.240s] GC(258) Pause Young (Normal) (G1 Evacuation Pause)
[2024-01-11T13:54:03.618+0100][5062.240s] GC(258) Using 10 workers of 10 for evacuation
[2024-01-11T13:54:03.619+0100][5062.242s] GC(258)   Pre Evacuate Collection Set: 0.1ms
[2024-01-11T13:54:03.619+0100][5062.242s] GC(258)   Merge Heap Roots: 0.1ms
[2024-01-11T13:54:03.619+0100][5062.242s] GC(258)   Evacuate Collection Set: 0.7ms
[2024-01-11T13:54:03.619+0100][5062.242s] GC(258)   Post Evacuate Collection Set: 0.4ms
[2024-01-11T13:54:03.619+0100][5062.242s] GC(258)   Other: 0.1ms
[2024-01-11T13:54:03.619+0100][5062.242s] GC(258) Eden regions: 304->0(302)
[2024-01-11T13:54:03.619+0100][5062.242s] GC(258) Survivor regions: 3->5(39)
[2024-01-11T13:54:03.620+0100][5062.242s] GC(258) Old regions: 75->75
[2024-01-11T13:54:03.620+0100][5062.242s] GC(258) Archive regions: 0->0
[2024-01-11T13:54:03.620+0100][5062.242s] GC(258) Humongous regions: 4->4
[2024-01-11T13:54:03.620+0100][5062.242s] GC(258) Metaspace: 63384K(63936K)->63384K(63936K) NonClass: 56386K(56640K)->56386K(56640K) Class: 6997K(7296K)->6997K(7296K)
[2024-01-11T13:54:03.620+0100][5062.242s] GC(258) Pause Young (Normal) (G1 Evacuation Pause) 384M->82M(512M) 1.633ms
[2024-01-11T13:54:03.620+0100][5062.242s] GC(258) User=0.00s Sys=0.00s Real=0.00s
[2024-01-11T13:54:04.860+0100][5063.482s] GC(259) Pause Young (Concurrent Start) (G1 Evacuation Pause)
[2024-01-11T13:54:04.860+0100][5063.482s] GC(259) Using 10 workers of 10 for evacuation
[2024-01-11T13:54:04.862+0100][5063.484s] GC(259)   Pre Evacuate Collection Set: 0.1ms
[2024-01-11T13:54:04.862+0100][5063.484s] GC(259)   Merge Heap Roots: 0.1ms
[2024-01-11T13:54:04.862+0100][5063.484s] GC(259)   Evacuate Collection Set: 1.1ms
[2024-01-11T13:54:04.862+0100][5063.484s] GC(259)   Post Evacuate Collection Set: 0.5ms
[2024-01-11T13:54:04.862+0100][5063.484s] GC(259)   Other: 0.1ms
[2024-01-11T13:54:04.862+0100][5063.484s] GC(259) Eden regions: 302->0(300)
[2024-01-11T13:54:04.862+0100][5063.484s] GC(259) Survivor regions: 5->7(39)
[2024-01-11T13:54:04.862+0100][5063.484s] GC(259) Old regions: 75->75
[2024-01-11T13:54:04.862+0100][5063.484s] GC(259) Archive regions: 0->0
[2024-01-11T13:54:04.862+0100][5063.484s] GC(259) Humongous regions: 4->4
[2024-01-11T13:54:04.862+0100][5063.484s] GC(259) Metaspace: 63384K(63936K)->63384K(63936K) NonClass: 56386K(56640K)->56386K(56640K) Class: 6997K(7296K)->6997K(7296K)
[2024-01-11T13:54:04.862+0100][5063.484s] GC(259) Pause Young (Concurrent Start) (G1 Evacuation Pause) 384M->84M(512M) 2.064ms
[2024-01-11T13:54:04.862+0100][5063.484s] GC(260) Concurrent Mark Cycle
[2024-01-11T13:54:04.862+0100][5063.484s] GC(259) User=0.00s Sys=0.00s Real=0.00s
[2024-01-11T13:54:04.862+0100][5063.484s] GC(260) Concurrent Clear Claimed Marks
[2024-01-11T13:54:04.862+0100][5063.484s] GC(260) Concurrent Clear Claimed Marks 0.085ms
[2024-01-11T13:54:04.862+0100][5063.484s] GC(260) Concurrent Scan Root Regions
[2024-01-11T13:54:04.862+0100][5063.485s] GC(260) Concurrent Scan Root Regions 0.598ms
[2024-01-11T13:54:04.862+0100][5063.485s] GC(260) Concurrent Mark
[2024-01-11T13:54:04.862+0100][5063.485s] GC(260) Concurrent Mark From Roots
[2024-01-11T13:54:04.862+0100][5063.485s] GC(260) Using 3 workers of 3 for marking
[2024-01-11T13:54:04.885+0100][5063.507s] GC(260) Concurrent Mark From Roots 22.832ms
[2024-01-11T13:54:04.885+0100][5063.507s] GC(260) Concurrent Preclean
[2024-01-11T13:54:04.886+0100][5063.508s] GC(260) Concurrent Preclean 0.169ms
[2024-01-11T13:54:04.886+0100][5063.508s] GC(260) Pause Remark
[2024-01-11T13:54:04.890+0100][5063.512s] GC(260) Pause Remark 89M->89M(512M) 4.661ms
[2024-01-11T13:54:04.890+0100][5063.512s] GC(260) User=0.00s Sys=0.00s Real=0.00s
[2024-01-11T13:54:04.890+0100][5063.512s] GC(260) Concurrent Mark 27.913ms
[2024-01-11T13:54:04.890+0100][5063.512s] GC(260) Concurrent Rebuild Remembered Sets
[2024-01-11T13:54:04.904+0100][5063.526s] GC(260) Concurrent Rebuild Remembered Sets 13.486ms
[2024-01-11T13:54:04.904+0100][5063.526s] GC(260) Pause Cleanup
[2024-01-11T13:54:04.904+0100][5063.526s] GC(260) Pause Cleanup 91M->91M(512M) 0.133ms
[2024-01-11T13:54:04.904+0100][5063.526s] GC(260) User=0.00s Sys=0.00s Real=0.00s
[2024-01-11T13:54:04.904+0100][5063.526s] GC(260) Concurrent Cleanup for Next Mark
[2024-01-11T13:54:04.905+0100][5063.527s] GC(260) Concurrent Cleanup for Next Mark 0.666ms
[2024-01-11T13:54:04.905+0100][5063.527s] GC(260) Concurrent Mark Cycle 43.192ms
[2024-01-11T13:54:06.181+0100][5064.803s] GC(261) Pause Young (Prepare Mixed) (G1 Evacuation Pause)
[2024-01-11T13:54:06.181+0100][5064.803s] GC(261) Using 10 workers of 10 for evacuation
[2024-01-11T13:54:06.183+0100][5064.805s] GC(261)   Pre Evacuate Collection Set: 0.1ms
[2024-01-11T13:54:06.183+0100][5064.805s] GC(261)   Merge Heap Roots: 0.1ms
[2024-01-11T13:54:06.183+0100][5064.805s] GC(261)   Evacuate Collection Set: 1.2ms
[2024-01-11T13:54:06.183+0100][5064.805s] GC(261)   Post Evacuate Collection Set: 0.5ms
[2024-01-11T13:54:06.183+0100][5064.805s] GC(261)   Other: 0.1ms
[2024-01-11T13:54:06.183+0100][5064.805s] GC(261) Eden regions: 300->0(17)
[2024-01-11T13:54:06.183+0100][5064.805s] GC(261) Survivor regions: 7->8(39)
[2024-01-11T13:54:06.183+0100][5064.805s] GC(261) Old regions: 74->74
[2024-01-11T13:54:06.183+0100][5064.805s] GC(261) Archive regions: 0->0
[2024-01-11T13:54:06.183+0100][5064.805s] GC(261) Humongous regions: 4->4
[2024-01-11T13:54:06.183+0100][5064.805s] GC(261) Metaspace: 63384K(63936K)->63384K(63936K) NonClass: 56386K(56640K)->56386K(56640K) Class: 6997K(7296K)->6997K(7296K)
[2024-01-11T13:54:06.183+0100][5064.805s] GC(261) Pause Young (Prepare Mixed) (G1 Evacuation Pause) 384M->85M(512M) 2.209ms
[2024-01-11T13:54:06.183+0100][5064.805s] GC(261) User=0.00s Sys=0.00s Real=0.00s
[2024-01-11T13:54:06.236+0100][5064.858s] GC(262) Pause Young (Mixed) (G1 Evacuation Pause)
[2024-01-11T13:54:06.236+0100][5064.858s] GC(262) Using 10 workers of 10 for evacuation
[2024-01-11T13:54:06.238+0100][5064.860s] GC(262)   Pre Evacuate Collection Set: 0.1ms
[2024-01-11T13:54:06.238+0100][5064.860s] GC(262)   Merge Heap Roots: 0.1ms
[2024-01-11T13:54:06.238+0100][5064.861s] GC(262)   Evacuate Collection Set: 1.7ms
[2024-01-11T13:54:06.238+0100][5064.861s] GC(262)   Post Evacuate Collection Set: 0.4ms
[2024-01-11T13:54:06.238+0100][5064.861s] GC(262)   Other: 0.1ms
[2024-01-11T13:54:06.238+0100][5064.861s] GC(262) Eden regions: 17->0(306)
[2024-01-11T13:54:06.238+0100][5064.861s] GC(262) Survivor regions: 8->1(4)
[2024-01-11T13:54:06.238+0100][5064.861s] GC(262) Old regions: 74->77
[2024-01-11T13:54:06.238+0100][5064.861s] GC(262) Archive regions: 0->0
[2024-01-11T13:54:06.238+0100][5064.861s] GC(262) Humongous regions: 4->4
[2024-01-11T13:54:06.238+0100][5064.861s] GC(262) Metaspace: 63384K(63936K)->63384K(63936K) NonClass: 56386K(56640K)->56386K(56640K) Class: 6997K(7296K)->6997K(7296K)
[2024-01-11T13:54:06.238+0100][5064.861s] GC(262) Pause Young (Mixed) (G1 Evacuation Pause) 102M->81M(512M) 2.578ms
[2024-01-11T13:54:06.238+0100][5064.861s] GC(262) User=0.00s Sys=0.00s Real=0.00s
[2024-01-11T13:54:07.559+0100][5066.181s] GC(263) Pause Young (Normal) (G1 Evacuation Pause)
[2024-01-11T13:54:07.559+0100][5066.181s] GC(263) Using 10 workers of 10 for evacuation
[2024-01-11T13:54:07.560+0100][5066.182s] GC(263)   Pre Evacuate Collection Set: 0.1ms
[2024-01-11T13:54:07.560+0100][5066.182s] GC(263)   Merge Heap Roots: 0.1ms
[2024-01-11T13:54:07.560+0100][5066.182s] GC(263)   Evacuate Collection Set: 0.5ms
[2024-01-11T13:54:07.560+0100][5066.182s] GC(263)   Post Evacuate Collection Set: 0.4ms
[2024-01-11T13:54:07.560+0100][5066.182s] GC(263)   Other: 0.1ms
[2024-01-11T13:54:07.560+0100][5066.182s] GC(263) Eden regions: 306->0(304)
[2024-01-11T13:54:07.560+0100][5066.182s] GC(263) Survivor regions: 1->3(39)
[2024-01-11T13:54:07.560+0100][5066.182s] GC(263) Old regions: 77->77
[2024-01-11T13:54:07.560+0100][5066.182s] GC(263) Archive regions: 0->0
[2024-01-11T13:54:07.560+0100][5066.182s] GC(263) Humongous regions: 4->4
[2024-01-11T13:54:07.560+0100][5066.182s] GC(263) Metaspace: 63384K(63936K)->63384K(63936K) NonClass: 56386K(56640K)->56386K(56640K) Class: 6997K(7296K)->6997K(7296K)
[2024-01-11T13:54:07.560+0100][5066.182s] GC(263) Pause Young (Normal) (G1 Evacuation Pause) 387M->83M(512M) 1.326ms
[2024-01-11T13:54:07.560+0100][5066.182s] GC(263) User=0.00s Sys=0.00s Real=0.00s
[2024-01-11T13:54:08.801+0100][5067.423s] GC(264) Pause Young (Normal) (G1 Evacuation Pause)
[2024-01-11T13:54:08.801+0100][5067.423s] GC(264) Using 10 workers of 10 for evacuation
[2024-01-11T13:54:08.802+0100][5067.425s] GC(264)   Pre Evacuate Collection Set: 0.1ms
[2024-01-11T13:54:08.802+0100][5067.425s] GC(264)   Merge Heap Roots: 0.2ms
[2024-01-11T13:54:08.802+0100][5067.425s] GC(264)   Evacuate Collection Set: 0.7ms
[2024-01-11T13:54:08.802+0100][5067.425s] GC(264)   Post Evacuate Collection Set: 0.6ms
[2024-01-11T13:54:08.802+0100][5067.425s] GC(264)   Other: 0.1ms
[2024-01-11T13:54:08.802+0100][5067.425s] GC(264) Eden regions: 304->0(302)
[2024-01-11T13:54:08.802+0100][5067.425s] GC(264) Survivor regions: 3->5(39)
[2024-01-11T13:54:08.802+0100][5067.425s] GC(264) Old regions: 77->77
[2024-01-11T13:54:08.802+0100][5067.425s] GC(264) Archive regions: 0->0
[2024-01-11T13:54:08.802+0100][5067.425s] GC(264) Humongous regions: 4->4
[2024-01-11T13:54:08.802+0100][5067.425s] GC(264) Metaspace: 63384K(63936K)->63384K(63936K) NonClass: 56386K(56640K)->56386K(56640K) Class: 6997K(7296K)->6997K(7296K)
[2024-01-11T13:54:08.802+0100][5067.425s] GC(264) Pause Young (Normal) (G1 Evacuation Pause) 387M->85M(512M) 1.802ms
[2024-01-11T13:54:08.802+0100][5067.425s] GC(264) User=0.00s Sys=0.00s Real=0.00s
[2024-01-11T13:54:10.049+0100][5068.672s] GC(265) Pause Young (Concurrent Start) (G1 Evacuation Pause)
[2024-01-11T13:54:10.049+0100][5068.672s] GC(265) Using 10 workers of 10 for evacuation
[2024-01-11T13:54:10.052+0100][5068.673s] GC(265)   Pre Evacuate Collection Set: 0.1ms
[2024-01-11T13:54:10.052+0100][5068.673s] GC(265)   Merge Heap Roots: 0.1ms
[2024-01-11T13:54:10.052+0100][5068.673s] GC(265)   Evacuate Collection Set: 1.0ms
[2024-01-11T13:54:10.052+0100][5068.673s] GC(265)   Post Evacuate Collection Set: 0.3ms
[2024-01-11T13:54:10.052+0100][5068.673s] GC(265)   Other: 0.1ms
[2024-01-11T13:54:10.052+0100][5068.673s] GC(265) Eden regions: 302->0(300)
[2024-01-11T13:54:10.052+0100][5068.673s] GC(265) Survivor regions: 5->7(39)
[2024-01-11T13:54:10.052+0100][5068.673s] GC(265) Old regions: 77->77
[2024-01-11T13:54:10.052+0100][5068.674s] GC(265) Archive regions: 0->0
[2024-01-11T13:54:10.052+0100][5068.674s] GC(265) Humongous regions: 4->4
[2024-01-11T13:54:10.052+0100][5068.674s] GC(265) Metaspace: 63384K(63936K)->63384K(63936K) NonClass: 56386K(56640K)->56386K(56640K) Class: 6997K(7296K)->6997K(7296K)
[2024-01-11T13:54:10.052+0100][5068.674s] GC(265) Pause Young (Concurrent Start) (G1 Evacuation Pause) 387M->87M(512M) 1.718ms
[2024-01-11T13:54:10.052+0100][5068.674s] GC(266) Concurrent Mark Cycle
[2024-01-11T13:54:10.052+0100][5068.674s] GC(265) User=0.00s Sys=0.00s Real=0.00s
[2024-01-11T13:54:10.052+0100][5068.674s] GC(266) Concurrent Clear Claimed Marks
[2024-01-11T13:54:10.052+0100][5068.674s] GC(266) Concurrent Clear Claimed Marks 0.086ms
[2024-01-11T13:54:10.052+0100][5068.674s] GC(266) Concurrent Scan Root Regions
[2024-01-11T13:54:10.052+0100][5068.674s] GC(266) Concurrent Scan Root Regions 0.668ms
[2024-01-11T13:54:10.053+0100][5068.674s] GC(266) Concurrent Mark
[2024-01-11T13:54:10.053+0100][5068.674s] GC(266) Concurrent Mark From Roots
[2024-01-11T13:54:10.053+0100][5068.674s] GC(266) Using 3 workers of 3 for marking
[2024-01-11T13:54:10.072+0100][5068.694s] GC(266) Concurrent Mark From Roots 19.158ms
[2024-01-11T13:54:10.072+0100][5068.694s] GC(266) Concurrent Preclean
[2024-01-11T13:54:10.072+0100][5068.694s] GC(266) Concurrent Preclean 0.211ms
[2024-01-11T13:54:10.072+0100][5068.694s] GC(266) Pause Remark
[2024-01-11T13:54:10.077+0100][5068.698s] GC(266) Pause Remark 92M->92M(512M) 4.589ms
[2024-01-11T13:54:10.077+0100][5068.699s] GC(266) User=0.00s Sys=0.00s Real=0.00s
[2024-01-11T13:54:10.077+0100][5068.699s] GC(266) Concurrent Mark 24.198ms
[2024-01-11T13:54:10.077+0100][5068.699s] GC(266) Concurrent Rebuild Remembered Sets
[2024-01-11T13:54:10.089+0100][5068.711s] GC(266) Concurrent Rebuild Remembered Sets 12.495ms
[2024-01-11T13:54:10.089+0100][5068.711s] GC(266) Pause Cleanup
[2024-01-11T13:54:10.090+0100][5068.711s] GC(266) Pause Cleanup 95M->95M(512M) 0.173ms
[2024-01-11T13:54:10.090+0100][5068.711s] GC(266) User=0.00s Sys=0.00s Real=0.00s
[2024-01-11T13:54:10.090+0100][5068.712s] GC(266) Concurrent Cleanup for Next Mark
[2024-01-11T13:54:10.090+0100][5068.712s] GC(266) Concurrent Cleanup for Next Mark 0.800ms
[2024-01-11T13:54:10.090+0100][5068.712s] GC(266) Concurrent Mark Cycle 38.785ms
[2024-01-11T13:54:11.353+0100][5069.975s] GC(267) Pause Young (Prepare Mixed) (G1 Evacuation Pause)
[2024-01-11T13:54:11.353+0100][5069.975s] GC(267) Using 10 workers of 10 for evacuation
[2024-01-11T13:54:11.355+0100][5069.977s] GC(267)   Pre Evacuate Collection Set: 0.1ms
[2024-01-11T13:54:11.355+0100][5069.977s] GC(267)   Merge Heap Roots: 0.1ms
[2024-01-11T13:54:11.355+0100][5069.977s] GC(267)   Evacuate Collection Set: 1.2ms
[2024-01-11T13:54:11.355+0100][5069.977s] GC(267)   Post Evacuate Collection Set: 0.4ms
[2024-01-11T13:54:11.355+0100][5069.977s] GC(267)   Other: 0.1ms
[2024-01-11T13:54:11.355+0100][5069.977s] GC(267) Eden regions: 300->0(16)
[2024-01-11T13:54:11.355+0100][5069.977s] GC(267) Survivor regions: 7->9(39)
[2024-01-11T13:54:11.355+0100][5069.977s] GC(267) Old regions: 77->77
[2024-01-11T13:54:11.355+0100][5069.977s] GC(267) Archive regions: 0->0
[2024-01-11T13:54:11.355+0100][5069.977s] GC(267) Humongous regions: 4->4
[2024-01-11T13:54:11.355+0100][5069.977s] GC(267) Metaspace: 63384K(63936K)->63384K(63936K) NonClass: 56386K(56640K)->56386K(56640K) Class: 6997K(7296K)->6997K(7296K)
[2024-01-11T13:54:11.355+0100][5069.977s] GC(267) Pause Young (Prepare Mixed) (G1 Evacuation Pause) 387M->89M(512M) 1.976ms
[2024-01-11T13:54:11.355+0100][5069.977s] GC(267) User=0.00s Sys=0.00s Real=0.00s
[2024-01-11T13:54:11.427+0100][5070.050s] GC(268) Pause Young (Mixed) (G1 Evacuation Pause)
[2024-01-11T13:54:11.428+0100][5070.050s] GC(268) Using 10 workers of 10 for evacuation
[2024-01-11T13:54:11.430+0100][5070.052s] GC(268)   Pre Evacuate Collection Set: 0.1ms
[2024-01-11T13:54:11.430+0100][5070.052s] GC(268)   Merge Heap Roots: 0.1ms
[2024-01-11T13:54:11.430+0100][5070.052s] GC(268)   Evacuate Collection Set: 1.6ms
[2024-01-11T13:54:11.430+0100][5070.052s] GC(268)   Post Evacuate Collection Set: 0.3ms
[2024-01-11T13:54:11.430+0100][5070.052s] GC(268)   Other: 0.1ms
[2024-01-11T13:54:11.430+0100][5070.052s] GC(268) Eden regions: 16->0(306)
[2024-01-11T13:54:11.430+0100][5070.052s] GC(268) Survivor regions: 9->1(4)
[2024-01-11T13:54:11.430+0100][5070.052s] GC(268) Old regions: 77->81
[2024-01-11T13:54:11.430+0100][5070.052s] GC(268) Archive regions: 0->0
[2024-01-11T13:54:11.430+0100][5070.052s] GC(268) Humongous regions: 4->4
[2024-01-11T13:54:11.430+0100][5070.052s] GC(268) Metaspace: 63384K(63936K)->63384K(63936K) NonClass: 56386K(56640K)->56386K(56640K) Class: 6997K(7296K)->6997K(7296K)
[2024-01-11T13:54:11.430+0100][5070.052s] GC(268) Pause Young (Mixed) (G1 Evacuation Pause) 105M->84M(512M) 2.397ms
[2024-01-11T13:54:11.430+0100][5070.052s] GC(268) User=0.00s Sys=0.00s Real=0.00s
[2024-01-11T13:54:12.684+0100][5071.306s] GC(269) Pause Young (Normal) (G1 Evacuation Pause)
[2024-01-11T13:54:12.684+0100][5071.306s] GC(269) Using 10 workers of 10 for evacuation
[2024-01-11T13:54:12.685+0100][5071.307s] GC(269)   Pre Evacuate Collection Set: 0.1ms
[2024-01-11T13:54:12.685+0100][5071.307s] GC(269)   Merge Heap Roots: 0.1ms
[2024-01-11T13:54:12.685+0100][5071.307s] GC(269)   Evacuate Collection Set: 0.6ms
[2024-01-11T13:54:12.685+0100][5071.307s] GC(269)   Post Evacuate Collection Set: 0.5ms
[2024-01-11T13:54:12.685+0100][5071.307s] GC(269)   Other: 0.1ms
[2024-01-11T13:54:12.685+0100][5071.307s] GC(269) Eden regions: 306->0(304)
[2024-01-11T13:54:12.685+0100][5071.307s] GC(269) Survivor regions: 1->3(39)
[2024-01-11T13:54:12.685+0100][5071.307s] GC(269) Old regions: 81->81
[2024-01-11T13:54:12.685+0100][5071.307s] GC(269) Archive regions: 0->0
[2024-01-11T13:54:12.685+0100][5071.307s] GC(269) Humongous regions: 4->4
[2024-01-11T13:54:12.685+0100][5071.307s] GC(269) Metaspace: 63384K(63936K)->63384K(63936K) NonClass: 56386K(56640K)->56386K(56640K) Class: 6997K(7296K)->6997K(7296K)
[2024-01-11T13:54:12.685+0100][5071.307s] GC(269) Pause Young (Normal) (G1 Evacuation Pause) 390M->87M(512M) 1.430ms
[2024-01-11T13:54:12.685+0100][5071.307s] GC(269) User=0.00s Sys=0.00s Real=0.00s
[2024-01-11T13:54:13.979+0100][5072.601s] GC(270) Pause Young (Normal) (G1 Evacuation Pause)
[2024-01-11T13:54:13.979+0100][5072.602s] GC(270) Using 10 workers of 10 for evacuation
[2024-01-11T13:54:13.981+0100][5072.603s] GC(270)   Pre Evacuate Collection Set: 0.1ms
[2024-01-11T13:54:13.981+0100][5072.603s] GC(270)   Merge Heap Roots: 0.1ms
[2024-01-11T13:54:13.981+0100][5072.603s] GC(270)   Evacuate Collection Set: 0.7ms
[2024-01-11T13:54:13.981+0100][5072.603s] GC(270)   Post Evacuate Collection Set: 0.4ms
[2024-01-11T13:54:13.981+0100][5072.603s] GC(270)   Other: 0.1ms
[2024-01-11T13:54:13.981+0100][5072.603s] GC(270) Eden regions: 304->0(302)
[2024-01-11T13:54:13.981+0100][5072.603s] GC(270) Survivor regions: 3->5(39)
[2024-01-11T13:54:13.981+0100][5072.603s] GC(270) Old regions: 81->81
[2024-01-11T13:54:13.981+0100][5072.603s] GC(270) Archive regions: 0->0
[2024-01-11T13:54:13.981+0100][5072.603s] GC(270) Humongous regions: 4->4
[2024-01-11T13:54:13.981+0100][5072.603s] GC(270) Metaspace: 63384K(63936K)->63384K(63936K) NonClass: 56386K(56640K)->56386K(56640K) Class: 6997K(7296K)->6997K(7296K)
[2024-01-11T13:54:13.981+0100][5072.603s] GC(270) Pause Young (Normal) (G1 Evacuation Pause) 391M->89M(512M) 1.625ms
[2024-01-11T13:54:13.981+0100][5072.603s] GC(270) User=0.00s Sys=0.00s Real=0.00s
[2024-01-11T13:54:15.245+0100][5073.868s] GC(271) Pause Young (Concurrent Start) (G1 Evacuation Pause)
[2024-01-11T13:54:15.245+0100][5073.868s] GC(271) Using 10 workers of 10 for evacuation
[2024-01-11T13:54:15.247+0100][5073.870s] GC(271)   Pre Evacuate Collection Set: 0.2ms
[2024-01-11T13:54:15.247+0100][5073.870s] GC(271)   Merge Heap Roots: 0.1ms
[2024-01-11T13:54:15.247+0100][5073.870s] GC(271)   Evacuate Collection Set: 1.1ms
[2024-01-11T13:54:15.247+0100][5073.870s] GC(271)   Post Evacuate Collection Set: 0.4ms
[2024-01-11T13:54:15.247+0100][5073.870s] GC(271)   Other: 0.1ms
[2024-01-11T13:54:15.247+0100][5073.870s] GC(271) Eden regions: 302->0(300)
[2024-01-11T13:54:15.247+0100][5073.870s] GC(271) Survivor regions: 5->7(39)
[2024-01-11T13:54:15.247+0100][5073.870s] GC(271) Old regions: 81->81
[2024-01-11T13:54:15.247+0100][5073.870s] GC(271) Archive regions: 0->0
[2024-01-11T13:54:15.247+0100][5073.870s] GC(271) Humongous regions: 4->4
[2024-01-11T13:54:15.247+0100][5073.870s] GC(271) Metaspace: 63384K(63936K)->63384K(63936K) NonClass: 56386K(56640K)->56386K(56640K) Class: 6997K(7296K)->6997K(7296K)
[2024-01-11T13:54:15.247+0100][5073.870s] GC(271) Pause Young (Concurrent Start) (G1 Evacuation Pause) 391M->90M(512M) 1.975ms
[2024-01-11T13:54:15.247+0100][5073.870s] GC(271) User=0.00s Sys=0.00s Real=0.00s
[2024-01-11T13:54:15.247+0100][5073.870s] GC(272) Concurrent Mark Cycle
[2024-01-11T13:54:15.247+0100][5073.870s] GC(272) Concurrent Clear Claimed Marks
[2024-01-11T13:54:15.247+0100][5073.870s] GC(272) Concurrent Clear Claimed Marks 0.032ms
[2024-01-11T13:54:15.247+0100][5073.870s] GC(272) Concurrent Scan Root Regions
[2024-01-11T13:54:15.248+0100][5073.870s] GC(272) Concurrent Scan Root Regions 0.642ms
[2024-01-11T13:54:15.248+0100][5073.870s] GC(272) Concurrent Mark
[2024-01-11T13:54:15.248+0100][5073.870s] GC(272) Concurrent Mark From Roots
[2024-01-11T13:54:15.248+0100][5073.870s] GC(272) Using 3 workers of 3 for marking
[2024-01-11T13:54:15.268+0100][5073.891s] GC(272) Concurrent Mark From Roots 20.184ms
[2024-01-11T13:54:15.268+0100][5073.891s] GC(272) Concurrent Preclean
[2024-01-11T13:54:15.268+0100][5073.891s] GC(272) Concurrent Preclean 0.173ms
[2024-01-11T13:54:15.269+0100][5073.891s] GC(272) Pause Remark
[2024-01-11T13:54:15.274+0100][5073.896s] GC(272) Pause Remark 98M->98M(512M) 5.229ms
[2024-01-11T13:54:15.274+0100][5073.896s] GC(272) User=0.00s Sys=0.00s Real=0.00s
[2024-01-11T13:54:15.274+0100][5073.896s] GC(272) Concurrent Mark 25.908ms
[2024-01-11T13:54:15.274+0100][5073.896s] GC(272) Concurrent Rebuild Remembered Sets
[2024-01-11T13:54:15.285+0100][5073.907s] GC(272) Concurrent Rebuild Remembered Sets 10.932ms
[2024-01-11T13:54:15.285+0100][5073.907s] GC(272) Pause Cleanup
[2024-01-11T13:54:15.286+0100][5073.908s] GC(272) Pause Cleanup 100M->100M(512M) 0.127ms
[2024-01-11T13:54:15.286+0100][5073.908s] GC(272) User=0.00s Sys=0.00s Real=0.00s
[2024-01-11T13:54:15.286+0100][5073.908s] GC(272) Concurrent Cleanup for Next Mark
[2024-01-11T13:54:15.286+0100][5073.908s] GC(272) Concurrent Cleanup for Next Mark 0.659ms
[2024-01-11T13:54:15.286+0100][5073.908s] GC(272) Concurrent Mark Cycle 38.647ms
[2024-01-11T13:54:16.503+0100][5075.125s] GC(273) Pause Young (Prepare Mixed) (G1 Evacuation Pause)
[2024-01-11T13:54:16.503+0100][5075.125s] GC(273) Using 10 workers of 10 for evacuation
[2024-01-11T13:54:16.505+0100][5075.127s] GC(273)   Pre Evacuate Collection Set: 0.1ms
[2024-01-11T13:54:16.505+0100][5075.127s] GC(273)   Merge Heap Roots: 0.1ms
[2024-01-11T13:54:16.505+0100][5075.127s] GC(273)   Evacuate Collection Set: 1.2ms
[2024-01-11T13:54:16.505+0100][5075.127s] GC(273)   Post Evacuate Collection Set: 0.5ms
[2024-01-11T13:54:16.505+0100][5075.127s] GC(273)   Other: 0.1ms
[2024-01-11T13:54:16.505+0100][5075.127s] GC(273) Eden regions: 300->0(16)
[2024-01-11T13:54:16.505+0100][5075.127s] GC(273) Survivor regions: 7->9(39)
[2024-01-11T13:54:16.505+0100][5075.127s] GC(273) Old regions: 81->81
[2024-01-11T13:54:16.505+0100][5075.127s] GC(273) Archive regions: 0->0
[2024-01-11T13:54:16.505+0100][5075.127s] GC(273) Humongous regions: 4->4
[2024-01-11T13:54:16.505+0100][5075.127s] GC(273) Metaspace: 63384K(63936K)->63384K(63936K) NonClass: 56386K(56640K)->56386K(56640K) Class: 6997K(7296K)->6997K(7296K)
[2024-01-11T13:54:16.505+0100][5075.127s] GC(273) Pause Young (Prepare Mixed) (G1 Evacuation Pause) 390M->92M(512M) 2.200ms
[2024-01-11T13:54:16.505+0100][5075.127s] GC(273) User=0.00s Sys=0.00s Real=0.00s
[2024-01-11T13:54:16.560+0100][5075.182s] GC(274) Pause Young (Mixed) (G1 Evacuation Pause)
[2024-01-11T13:54:16.560+0100][5075.182s] GC(274) Using 10 workers of 10 for evacuation
[2024-01-11T13:54:16.563+0100][5075.185s] GC(274)   Pre Evacuate Collection Set: 0.1ms
[2024-01-11T13:54:16.563+0100][5075.185s] GC(274)   Merge Heap Roots: 0.1ms
[2024-01-11T13:54:16.563+0100][5075.185s] GC(274)   Evacuate Collection Set: 1.8ms
[2024-01-11T13:54:16.563+0100][5075.185s] GC(274)   Post Evacuate Collection Set: 0.5ms
[2024-01-11T13:54:16.563+0100][5075.185s] GC(274)   Other: 0.1ms
[2024-01-11T13:54:16.563+0100][5075.185s] GC(274) Eden regions: 16->0(305)
[2024-01-11T13:54:16.563+0100][5075.185s] GC(274) Survivor regions: 9->2(4)
[2024-01-11T13:54:16.563+0100][5075.185s] GC(274) Old regions: 81->84
[2024-01-11T13:54:16.563+0100][5075.185s] GC(274) Archive regions: 0->0
[2024-01-11T13:54:16.563+0100][5075.185s] GC(274) Humongous regions: 4->4
[2024-01-11T13:54:16.563+0100][5075.185s] GC(274) Metaspace: 63384K(63936K)->63384K(63936K) NonClass: 56386K(56640K)->56386K(56640K) Class: 6997K(7296K)->6997K(7296K)
[2024-01-11T13:54:16.563+0100][5075.185s] GC(274) Pause Young (Mixed) (G1 Evacuation Pause) 108M->88M(512M) 2.778ms
[2024-01-11T13:54:16.563+0100][5075.185s] GC(274) User=0.02s Sys=0.00s Real=0.00s
[2024-01-11T13:54:17.822+0100][5076.444s] GC(275) Pause Young (Normal) (G1 Evacuation Pause)
[2024-01-11T13:54:17.822+0100][5076.445s] GC(275) Using 10 workers of 10 for evacuation
[2024-01-11T13:54:17.824+0100][5076.446s] GC(275)   Pre Evacuate Collection Set: 0.1ms
[2024-01-11T13:54:17.824+0100][5076.446s] GC(275)   Merge Heap Roots: 0.1ms
[2024-01-11T13:54:17.824+0100][5076.446s] GC(275)   Evacuate Collection Set: 0.6ms
[2024-01-11T13:54:17.824+0100][5076.446s] GC(275)   Post Evacuate Collection Set: 0.4ms
[2024-01-11T13:54:17.824+0100][5076.446s] GC(275)   Other: 0.1ms
[2024-01-11T13:54:17.824+0100][5076.446s] GC(275) Eden regions: 305->0(304)
[2024-01-11T13:54:17.824+0100][5076.446s] GC(275) Survivor regions: 2->3(39)
[2024-01-11T13:54:17.824+0100][5076.446s] GC(275) Old regions: 84->84
[2024-01-11T13:54:17.824+0100][5076.446s] GC(275) Archive regions: 0->0
[2024-01-11T13:54:17.824+0100][5076.446s] GC(275) Humongous regions: 4->4
[2024-01-11T13:54:17.824+0100][5076.446s] GC(275) Metaspace: 63384K(63936K)->63384K(63936K) NonClass: 56386K(56640K)->56386K(56640K) Class: 6997K(7296K)->6997K(7296K)
[2024-01-11T13:54:17.824+0100][5076.446s] GC(275) Pause Young (Normal) (G1 Evacuation Pause) 393M->90M(512M) 1.407ms
[2024-01-11T13:54:17.824+0100][5076.446s] GC(275) User=0.00s Sys=0.00s Real=0.00s
[2024-01-11T13:54:19.093+0100][5077.715s] GC(276) Pause Young (Normal) (G1 Evacuation Pause)
[2024-01-11T13:54:19.093+0100][5077.715s] GC(276) Using 10 workers of 10 for evacuation
[2024-01-11T13:54:19.094+0100][5077.716s] GC(276)   Pre Evacuate Collection Set: 0.1ms
[2024-01-11T13:54:19.094+0100][5077.716s] GC(276)   Merge Heap Roots: 0.2ms
[2024-01-11T13:54:19.094+0100][5077.716s] GC(276)   Evacuate Collection Set: 0.8ms
[2024-01-11T13:54:19.094+0100][5077.716s] GC(276)   Post Evacuate Collection Set: 0.5ms
[2024-01-11T13:54:19.094+0100][5077.716s] GC(276)   Other: 0.1ms
[2024-01-11T13:54:19.094+0100][5077.716s] GC(276) Eden regions: 304->0(301)
[2024-01-11T13:54:19.094+0100][5077.716s] GC(276) Survivor regions: 3->6(39)
[2024-01-11T13:54:19.094+0100][5077.716s] GC(276) Old regions: 84->84
[2024-01-11T13:54:19.094+0100][5077.716s] GC(276) Archive regions: 0->0
[2024-01-11T13:54:19.094+0100][5077.716s] GC(276) Humongous regions: 4->4
[2024-01-11T13:54:19.094+0100][5077.716s] GC(276) Metaspace: 63384K(63936K)->63384K(63936K) NonClass: 56386K(56640K)->56386K(56640K) Class: 6997K(7296K)->6997K(7296K)
[2024-01-11T13:54:19.094+0100][5077.716s] GC(276) Pause Young (Normal) (G1 Evacuation Pause) 394M->92M(512M) 1.704ms
[2024-01-11T13:54:19.094+0100][5077.716s] GC(276) User=0.16s Sys=0.00s Real=0.00s
[2024-01-11T13:54:19.934+0100][5078.556s] GC(277) Pause Young (Concurrent Start) (CodeCache GC Threshold)
[2024-01-11T13:54:19.934+0100][5078.556s] GC(277) Using 10 workers of 10 for evacuation
[2024-01-11T13:54:19.936+0100][5078.558s] GC(277)   Pre Evacuate Collection Set: 0.2ms
[2024-01-11T13:54:19.936+0100][5078.558s] GC(277)   Merge Heap Roots: 0.1ms
[2024-01-11T13:54:19.936+0100][5078.558s] GC(277)   Evacuate Collection Set: 1.0ms
[2024-01-11T13:54:19.936+0100][5078.558s] GC(277)   Post Evacuate Collection Set: 0.4ms
[2024-01-11T13:54:19.936+0100][5078.558s] GC(277)   Other: 0.0ms
[2024-01-11T13:54:19.936+0100][5078.558s] GC(277) Eden regions: 202->0(301)
[2024-01-11T13:54:19.936+0100][5078.558s] GC(277) Survivor regions: 6->6(39)
[2024-01-11T13:54:19.936+0100][5078.558s] GC(277) Old regions: 84->84
[2024-01-11T13:54:19.936+0100][5078.558s] GC(277) Archive regions: 0->0
[2024-01-11T13:54:19.936+0100][5078.558s] GC(277) Humongous regions: 4->4
[2024-01-11T13:54:19.936+0100][5078.558s] GC(277) Metaspace: 63384K(63936K)->63384K(63936K) NonClass: 56386K(56640K)->56386K(56640K) Class: 6997K(7296K)->6997K(7296K)
[2024-01-11T13:54:19.936+0100][5078.558s] GC(277) Pause Young (Concurrent Start) (CodeCache GC Threshold) 294M->93M(512M) 1.796ms
[2024-01-11T13:54:19.936+0100][5078.558s] GC(278) Concurrent Mark Cycle
[2024-01-11T13:54:19.936+0100][5078.558s] GC(277) User=0.00s Sys=0.00s Real=0.00s
[2024-01-11T13:54:19.936+0100][5078.558s] GC(278) Concurrent Clear Claimed Marks
[2024-01-11T13:54:19.936+0100][5078.558s] GC(278) Concurrent Clear Claimed Marks 0.068ms
[2024-01-11T13:54:19.936+0100][5078.558s] GC(278) Concurrent Scan Root Regions
[2024-01-11T13:54:19.936+0100][5078.559s] GC(278) Concurrent Scan Root Regions 0.623ms
[2024-01-11T13:54:19.936+0100][5078.559s] GC(278) Concurrent Mark
[2024-01-11T13:54:19.936+0100][5078.559s] GC(278) Concurrent Mark From Roots
[2024-01-11T13:54:19.937+0100][5078.559s] GC(278) Using 3 workers of 3 for marking
[2024-01-11T13:54:19.956+0100][5078.578s] GC(278) Concurrent Mark From Roots 19.517ms
[2024-01-11T13:54:19.956+0100][5078.578s] GC(278) Concurrent Preclean
[2024-01-11T13:54:19.956+0100][5078.578s] GC(278) Concurrent Preclean 0.145ms
[2024-01-11T13:54:19.957+0100][5078.579s] GC(278) Pause Remark
[2024-01-11T13:54:19.961+0100][5078.583s] GC(278) Pause Remark 96M->96M(512M) 4.179ms
[2024-01-11T13:54:19.961+0100][5078.583s] GC(278) User=0.00s Sys=0.00s Real=0.00s
[2024-01-11T13:54:19.961+0100][5078.583s] GC(278) Concurrent Mark 24.206ms
[2024-01-11T13:54:19.961+0100][5078.583s] GC(278) Concurrent Rebuild Remembered Sets
[2024-01-11T13:54:19.972+0100][5078.594s] GC(278) Concurrent Rebuild Remembered Sets 11.122ms
[2024-01-11T13:54:19.972+0100][5078.594s] GC(278) Pause Cleanup
[2024-01-11T13:54:19.973+0100][5078.594s] GC(278) Pause Cleanup 98M->98M(512M) 0.124ms
[2024-01-11T13:54:19.973+0100][5078.594s] GC(278) User=0.00s Sys=0.00s Real=0.00s
[2024-01-11T13:54:19.973+0100][5078.595s] GC(278) Concurrent Cleanup for Next Mark
[2024-01-11T13:54:19.973+0100][5078.595s] GC(278) Concurrent Cleanup for Next Mark 0.662ms
[2024-01-11T13:54:19.973+0100][5078.595s] GC(278) Concurrent Mark Cycle 37.168ms
[2024-01-11T13:54:20.750+0100][5079.372s] GC(279) Pause Young (Concurrent Start) (CodeCache GC Threshold)
[2024-01-11T13:54:20.750+0100][5079.372s] GC(279) Using 10 workers of 10 for evacuation
[2024-01-11T13:54:20.752+0100][5079.374s] GC(279)   Pre Evacuate Collection Set: 0.1ms
[2024-01-11T13:54:20.752+0100][5079.374s] GC(279)   Merge Heap Roots: 0.1ms
[2024-01-11T13:54:20.752+0100][5079.374s] GC(279)   Evacuate Collection Set: 1.1ms
[2024-01-11T13:54:20.752+0100][5079.374s] GC(279)   Post Evacuate Collection Set: 0.4ms
[2024-01-11T13:54:20.752+0100][5079.374s] GC(279)   Other: 0.2ms
[2024-01-11T13:54:20.752+0100][5079.374s] GC(279) Eden regions: 199->0(299)
[2024-01-11T13:54:20.752+0100][5079.374s] GC(279) Survivor regions: 6->8(39)
[2024-01-11T13:54:20.752+0100][5079.374s] GC(279) Old regions: 84->84
[2024-01-11T13:54:20.752+0100][5079.374s] GC(279) Archive regions: 0->0
[2024-01-11T13:54:20.752+0100][5079.374s] GC(279) Humongous regions: 4->4
[2024-01-11T13:54:20.752+0100][5079.374s] GC(279) Metaspace: 63384K(63936K)->63384K(63936K) NonClass: 56386K(56640K)->56386K(56640K) Class: 6997K(7296K)->6997K(7296K)
[2024-01-11T13:54:20.752+0100][5079.374s] GC(279) Pause Young (Concurrent Start) (CodeCache GC Threshold) 291M->95M(512M) 2.145ms
[2024-01-11T13:54:20.752+0100][5079.374s] GC(280) Concurrent Mark Cycle
[2024-01-11T13:54:20.752+0100][5079.374s] GC(279) User=0.00s Sys=0.00s Real=0.00s
[2024-01-11T13:54:20.752+0100][5079.374s] GC(280) Concurrent Clear Claimed Marks
[2024-01-11T13:54:20.752+0100][5079.374s] GC(280) Concurrent Clear Claimed Marks 0.103ms
[2024-01-11T13:54:20.752+0100][5079.374s] GC(280) Concurrent Scan Root Regions
[2024-01-11T13:54:20.753+0100][5079.375s] GC(280) Concurrent Scan Root Regions 0.855ms
[2024-01-11T13:54:20.753+0100][5079.375s] GC(280) Concurrent Mark
[2024-01-11T13:54:20.753+0100][5079.375s] GC(280) Concurrent Mark From Roots
[2024-01-11T13:54:20.753+0100][5079.375s] GC(280) Using 3 workers of 3 for marking
[2024-01-11T13:54:20.776+0100][5079.398s] GC(280) Concurrent Mark From Roots 23.037ms
[2024-01-11T13:54:20.776+0100][5079.398s] GC(280) Concurrent Preclean
[2024-01-11T13:54:20.776+0100][5079.398s] GC(280) Concurrent Preclean 0.154ms
[2024-01-11T13:54:20.776+0100][5079.398s] GC(280) Pause Remark
[2024-01-11T13:54:20.781+0100][5079.403s] GC(280) Pause Remark 98M->98M(512M) 4.546ms
[2024-01-11T13:54:20.781+0100][5079.403s] GC(280) User=0.03s Sys=0.05s Real=0.00s
[2024-01-11T13:54:20.781+0100][5079.403s] GC(280) Concurrent Mark 28.094ms
[2024-01-11T13:54:20.781+0100][5079.403s] GC(280) Concurrent Rebuild Remembered Sets
[2024-01-11T13:54:20.793+0100][5079.415s] GC(280) Concurrent Rebuild Remembered Sets 11.966ms
[2024-01-11T13:54:20.793+0100][5079.415s] GC(280) Pause Cleanup
[2024-01-11T13:54:20.794+0100][5079.415s] GC(280) Pause Cleanup 101M->101M(512M) 0.174ms
[2024-01-11T13:54:20.794+0100][5079.415s] GC(280) User=0.00s Sys=0.00s Real=0.00s
[2024-01-11T13:54:20.794+0100][5079.415s] GC(280) Concurrent Cleanup for Next Mark
[2024-01-11T13:54:20.794+0100][5079.416s] GC(280) Concurrent Cleanup for Next Mark 0.690ms
[2024-01-11T13:54:20.794+0100][5079.416s] GC(280) Concurrent Mark Cycle 42.222ms
[2024-01-11T13:54:22.057+0100][5080.679s] GC(281) Pause Young (Prepare Mixed) (G1 Evacuation Pause)
[2024-01-11T13:54:22.057+0100][5080.679s] GC(281) Using 10 workers of 10 for evacuation
[2024-01-11T13:54:22.059+0100][5080.681s] GC(281)   Pre Evacuate Collection Set: 0.1ms
[2024-01-11T13:54:22.059+0100][5080.681s] GC(281)   Merge Heap Roots: 0.1ms
[2024-01-11T13:54:22.059+0100][5080.681s] GC(281)   Evacuate Collection Set: 1.4ms
[2024-01-11T13:54:22.059+0100][5080.681s] GC(281)   Post Evacuate Collection Set: 0.5ms
[2024-01-11T13:54:22.059+0100][5080.681s] GC(281)   Other: 0.1ms
[2024-01-11T13:54:22.059+0100][5080.681s] GC(281) Eden regions: 299->0(15)
[2024-01-11T13:54:22.059+0100][5080.681s] GC(281) Survivor regions: 8->10(39)
[2024-01-11T13:54:22.059+0100][5080.681s] GC(281) Old regions: 84->84
[2024-01-11T13:54:22.059+0100][5080.681s] GC(281) Archive regions: 0->0
[2024-01-11T13:54:22.059+0100][5080.681s] GC(281) Humongous regions: 4->4
[2024-01-11T13:54:22.059+0100][5080.681s] GC(281) Metaspace: 63386K(63936K)->63386K(63936K) NonClass: 56388K(56640K)->56388K(56640K) Class: 6998K(7296K)->6998K(7296K)
[2024-01-11T13:54:22.059+0100][5080.681s] GC(281) Pause Young (Prepare Mixed) (G1 Evacuation Pause) 394M->96M(512M) 2.313ms
[2024-01-11T13:54:22.059+0100][5080.681s] GC(281) User=0.00s Sys=0.00s Real=0.00s
[2024-01-11T13:54:22.133+0100][5080.754s] GC(282) Pause Young (Mixed) (G1 Evacuation Pause)
[2024-01-11T13:54:22.133+0100][5080.754s] GC(282) Using 10 workers of 10 for evacuation
[2024-01-11T13:54:22.135+0100][5080.757s] GC(282)   Pre Evacuate Collection Set: 0.1ms
[2024-01-11T13:54:22.135+0100][5080.757s] GC(282)   Merge Heap Roots: 0.1ms
[2024-01-11T13:54:22.135+0100][5080.757s] GC(282)   Evacuate Collection Set: 2.2ms
[2024-01-11T13:54:22.135+0100][5080.757s] GC(282)   Post Evacuate Collection Set: 0.4ms
[2024-01-11T13:54:22.136+0100][5080.757s] GC(282)   Other: 0.1ms
[2024-01-11T13:54:22.136+0100][5080.757s] GC(282) Eden regions: 15->0(306)
[2024-01-11T13:54:22.136+0100][5080.757s] GC(282) Survivor regions: 10->1(4)
[2024-01-11T13:54:22.136+0100][5080.757s] GC(282) Old regions: 84->89
[2024-01-11T13:54:22.136+0100][5080.757s] GC(282) Archive regions: 0->0
[2024-01-11T13:54:22.136+0100][5080.757s] GC(282) Humongous regions: 4->4
[2024-01-11T13:54:22.136+0100][5080.757s] GC(282) Metaspace: 63386K(63936K)->63386K(63936K) NonClass: 56388K(56640K)->56388K(56640K) Class: 6998K(7296K)->6998K(7296K)
[2024-01-11T13:54:22.136+0100][5080.757s] GC(282) Pause Young (Mixed) (G1 Evacuation Pause) 111M->93M(512M) 3.038ms
[2024-01-11T13:54:22.136+0100][5080.757s] GC(282) User=0.00s Sys=0.00s Real=0.00s
[2024-01-11T13:54:23.326+0100][5081.949s] GC(283) Pause Young (Normal) (G1 Evacuation Pause)
[2024-01-11T13:54:23.326+0100][5081.949s] GC(283) Using 10 workers of 10 for evacuation
[2024-01-11T13:54:23.327+0100][5081.950s] GC(283)   Pre Evacuate Collection Set: 0.1ms
[2024-01-11T13:54:23.327+0100][5081.950s] GC(283)   Merge Heap Roots: 0.2ms
[2024-01-11T13:54:23.327+0100][5081.950s] GC(283)   Evacuate Collection Set: 0.5ms
[2024-01-11T13:54:23.327+0100][5081.950s] GC(283)   Post Evacuate Collection Set: 0.5ms
[2024-01-11T13:54:23.327+0100][5081.950s] GC(283)   Other: 0.1ms
[2024-01-11T13:54:23.327+0100][5081.950s] GC(283) Eden regions: 306->0(304)
[2024-01-11T13:54:23.327+0100][5081.950s] GC(283) Survivor regions: 1->3(39)
[2024-01-11T13:54:23.327+0100][5081.950s] GC(283) Old regions: 89->89
[2024-01-11T13:54:23.327+0100][5081.950s] GC(283) Archive regions: 0->0
[2024-01-11T13:54:23.327+0100][5081.950s] GC(283) Humongous regions: 4->4
[2024-01-11T13:54:23.327+0100][5081.950s] GC(283) Metaspace: 63389K(63936K)->63389K(63936K) NonClass: 56390K(56640K)->56390K(56640K) Class: 6998K(7296K)->6998K(7296K)
[2024-01-11T13:54:23.327+0100][5081.950s] GC(283) Pause Young (Normal) (G1 Evacuation Pause) 399M->95M(512M) 1.439ms
[2024-01-11T13:54:23.327+0100][5081.950s] GC(283) User=0.00s Sys=0.00s Real=0.00s
[2024-01-11T13:54:24.550+0100][5083.173s] GC(284) Pause Young (Normal) (G1 Evacuation Pause)
[2024-01-11T13:54:24.550+0100][5083.173s] GC(284) Using 10 workers of 10 for evacuation
[2024-01-11T13:54:24.551+0100][5083.174s] GC(284)   Pre Evacuate Collection Set: 0.1ms
[2024-01-11T13:54:24.551+0100][5083.174s] GC(284)   Merge Heap Roots: 0.1ms
[2024-01-11T13:54:24.551+0100][5083.174s] GC(284)   Evacuate Collection Set: 0.8ms
[2024-01-11T13:54:24.551+0100][5083.174s] GC(284)   Post Evacuate Collection Set: 0.4ms
[2024-01-11T13:54:24.551+0100][5083.174s] GC(284)   Other: 0.1ms
[2024-01-11T13:54:24.551+0100][5083.174s] GC(284) Eden regions: 304->0(302)
[2024-01-11T13:54:24.551+0100][5083.174s] GC(284) Survivor regions: 3->5(39)
[2024-01-11T13:54:24.551+0100][5083.174s] GC(284) Old regions: 89->89
[2024-01-11T13:54:24.551+0100][5083.174s] GC(284) Archive regions: 0->0
[2024-01-11T13:54:24.551+0100][5083.174s] GC(284) Humongous regions: 4->4
[2024-01-11T13:54:24.551+0100][5083.174s] GC(284) Metaspace: 63389K(63936K)->63389K(63936K) NonClass: 56390K(56640K)->56390K(56640K) Class: 6998K(7296K)->6998K(7296K)
[2024-01-11T13:54:24.551+0100][5083.174s] GC(284) Pause Young (Normal) (G1 Evacuation Pause) 399M->97M(512M) 1.581ms
[2024-01-11T13:54:24.551+0100][5083.174s] GC(284) User=0.00s Sys=0.00s Real=0.00s
[2024-01-11T13:54:25.859+0100][5084.481s] GC(285) Pause Young (Concurrent Start) (G1 Evacuation Pause)
[2024-01-11T13:54:25.859+0100][5084.481s] GC(285) Using 10 workers of 10 for evacuation
[2024-01-11T13:54:25.860+0100][5084.483s] GC(285)   Pre Evacuate Collection Set: 0.1ms
[2024-01-11T13:54:25.861+0100][5084.483s] GC(285)   Merge Heap Roots: 0.1ms
[2024-01-11T13:54:25.861+0100][5084.483s] GC(285)   Evacuate Collection Set: 1.1ms
[2024-01-11T13:54:25.861+0100][5084.483s] GC(285)   Post Evacuate Collection Set: 0.4ms
[2024-01-11T13:54:25.861+0100][5084.483s] GC(285)   Other: 0.1ms
[2024-01-11T13:54:25.861+0100][5084.483s] GC(285) Eden regions: 302->0(300)
[2024-01-11T13:54:25.861+0100][5084.483s] GC(285) Survivor regions: 5->7(39)
[2024-01-11T13:54:25.861+0100][5084.483s] GC(285) Old regions: 89->89
[2024-01-11T13:54:25.861+0100][5084.483s] GC(285) Archive regions: 0->0
[2024-01-11T13:54:25.861+0100][5084.483s] GC(285) Humongous regions: 4->4
[2024-01-11T13:54:25.861+0100][5084.483s] GC(285) Metaspace: 63389K(63936K)->63389K(63936K) NonClass: 56390K(56640K)->56390K(56640K) Class: 6998K(7296K)->6998K(7296K)
[2024-01-11T13:54:25.861+0100][5084.483s] GC(285) Pause Young (Concurrent Start) (G1 Evacuation Pause) 399M->98M(512M) 2.064ms
[2024-01-11T13:54:25.861+0100][5084.483s] GC(286) Concurrent Mark Cycle
[2024-01-11T13:54:25.861+0100][5084.483s] GC(285) User=0.16s Sys=0.00s Real=0.00s
[2024-01-11T13:54:25.861+0100][5084.483s] GC(286) Concurrent Clear Claimed Marks
[2024-01-11T13:54:25.861+0100][5084.483s] GC(286) Concurrent Clear Claimed Marks 0.048ms
[2024-01-11T13:54:25.861+0100][5084.483s] GC(286) Concurrent Scan Root Regions
[2024-01-11T13:54:25.861+0100][5084.484s] GC(286) Concurrent Scan Root Regions 0.723ms
[2024-01-11T13:54:25.861+0100][5084.484s] GC(286) Concurrent Mark
[2024-01-11T13:54:25.861+0100][5084.484s] GC(286) Concurrent Mark From Roots
[2024-01-11T13:54:25.861+0100][5084.484s] GC(286) Using 3 workers of 3 for marking
[2024-01-11T13:54:25.882+0100][5084.504s] GC(286) Concurrent Mark From Roots 20.656ms
[2024-01-11T13:54:25.882+0100][5084.504s] GC(286) Concurrent Preclean
[2024-01-11T13:54:25.882+0100][5084.505s] GC(286) Concurrent Preclean 0.192ms
[2024-01-11T13:54:25.883+0100][5084.505s] GC(286) Pause Remark
[2024-01-11T13:54:25.886+0100][5084.508s] GC(286) Pause Remark 103M->103M(512M) 3.303ms
[2024-01-11T13:54:25.886+0100][5084.508s] GC(286) User=0.00s Sys=0.00s Real=0.00s
[2024-01-11T13:54:25.886+0100][5084.508s] GC(286) Concurrent Mark 24.499ms
[2024-01-11T13:54:25.886+0100][5084.508s] GC(286) Concurrent Rebuild Remembered Sets
[2024-01-11T13:54:25.897+0100][5084.519s] GC(286) Concurrent Rebuild Remembered Sets 10.841ms
[2024-01-11T13:54:25.898+0100][5084.519s] GC(286) Pause Cleanup
[2024-01-11T13:54:25.898+0100][5084.519s] GC(286) Pause Cleanup 105M->105M(512M) 0.162ms
[2024-01-11T13:54:25.898+0100][5084.520s] GC(286) User=0.00s Sys=0.00s Real=0.00s
[2024-01-11T13:54:25.898+0100][5084.520s] GC(286) Concurrent Cleanup for Next Mark
[2024-01-11T13:54:25.898+0100][5084.520s] GC(286) Concurrent Cleanup for Next Mark 0.634ms
[2024-01-11T13:54:25.898+0100][5084.520s] GC(286) Concurrent Mark Cycle 37.318ms
[2024-01-11T13:54:26.933+0100][5085.556s] GC(287) Pause Young (Concurrent Start) (CodeCache GC Threshold)
[2024-01-11T13:54:26.933+0100][5085.556s] GC(287) Using 10 workers of 10 for evacuation
[2024-01-11T13:54:26.936+0100][5085.558s] GC(287)   Pre Evacuate Collection Set: 0.2ms
[2024-01-11T13:54:26.936+0100][5085.558s] GC(287)   Merge Heap Roots: 0.1ms
[2024-01-11T13:54:26.936+0100][5085.558s] GC(287)   Evacuate Collection Set: 1.2ms
[2024-01-11T13:54:26.936+0100][5085.558s] GC(287)   Post Evacuate Collection Set: 0.6ms
[2024-01-11T13:54:26.936+0100][5085.558s] GC(287)   Other: 0.1ms
[2024-01-11T13:54:26.936+0100][5085.558s] GC(287) Eden regions: 262->0(298)
[2024-01-11T13:54:26.936+0100][5085.558s] GC(287) Survivor regions: 7->9(39)
[2024-01-11T13:54:26.936+0100][5085.558s] GC(287) Old regions: 89->89
[2024-01-11T13:54:26.936+0100][5085.558s] GC(287) Archive regions: 0->0
[2024-01-11T13:54:26.936+0100][5085.558s] GC(287) Humongous regions: 4->4
[2024-01-11T13:54:26.936+0100][5085.558s] GC(287) Metaspace: 63389K(63936K)->63389K(63936K) NonClass: 56390K(56640K)->56390K(56640K) Class: 6998K(7296K)->6998K(7296K)
[2024-01-11T13:54:26.936+0100][5085.558s] GC(287) Pause Young (Concurrent Start) (CodeCache GC Threshold) 360M->100M(512M) 2.344ms
[2024-01-11T13:54:26.936+0100][5085.558s] GC(288) Concurrent Mark Cycle
[2024-01-11T13:54:26.936+0100][5085.558s] GC(287) User=0.00s Sys=0.00s Real=0.00s
[2024-01-11T13:54:26.936+0100][5085.558s] GC(288) Concurrent Clear Claimed Marks
[2024-01-11T13:54:26.936+0100][5085.558s] GC(288) Concurrent Clear Claimed Marks 0.072ms
[2024-01-11T13:54:26.936+0100][5085.558s] GC(288) Concurrent Scan Root Regions
[2024-01-11T13:54:26.937+0100][5085.559s] GC(288) Concurrent Scan Root Regions 0.774ms
[2024-01-11T13:54:26.937+0100][5085.559s] GC(288) Concurrent Mark
[2024-01-11T13:54:26.937+0100][5085.559s] GC(288) Concurrent Mark From Roots
[2024-01-11T13:54:26.937+0100][5085.559s] GC(288) Using 3 workers of 3 for marking
[2024-01-11T13:54:26.964+0100][5085.586s] GC(288) Concurrent Mark From Roots 26.584ms
[2024-01-11T13:54:26.964+0100][5085.586s] GC(288) Concurrent Preclean
[2024-01-11T13:54:26.964+0100][5085.586s] GC(288) Concurrent Preclean 0.209ms
[2024-01-11T13:54:26.964+0100][5085.586s] GC(288) Pause Remark
[2024-01-11T13:54:26.971+0100][5085.593s] GC(288) Pause Remark 112M->112M(512M) 6.522ms
[2024-01-11T13:54:26.971+0100][5085.593s] GC(288) User=0.00s Sys=0.00s Real=0.01s
[2024-01-11T13:54:26.971+0100][5085.593s] GC(288) Concurrent Mark 33.599ms
[2024-01-11T13:54:26.971+0100][5085.593s] GC(288) Concurrent Rebuild Remembered Sets
[2024-01-11T13:54:26.982+0100][5085.604s] GC(288) Concurrent Rebuild Remembered Sets 11.345ms
[2024-01-11T13:54:26.982+0100][5085.604s] GC(288) Pause Cleanup
[2024-01-11T13:54:26.982+0100][5085.604s] GC(288) Pause Cleanup 113M->113M(512M) 0.137ms
[2024-01-11T13:54:26.982+0100][5085.604s] GC(288) User=0.00s Sys=0.00s Real=0.00s
[2024-01-11T13:54:26.982+0100][5085.604s] GC(288) Concurrent Cleanup for Next Mark
[2024-01-11T13:54:26.983+0100][5085.605s] GC(288) Concurrent Cleanup for Next Mark 0.592ms
[2024-01-11T13:54:26.983+0100][5085.605s] GC(288) Concurrent Mark Cycle 46.889ms
[2024-01-11T13:54:28.091+0100][5086.712s] GC(289) Pause Young (Prepare Mixed) (G1 Evacuation Pause)
[2024-01-11T13:54:28.091+0100][5086.712s] GC(289) Using 10 workers of 10 for evacuation
[2024-01-11T13:54:28.092+0100][5086.714s] GC(289)   Pre Evacuate Collection Set: 0.1ms
[2024-01-11T13:54:28.092+0100][5086.714s] GC(289)   Merge Heap Roots: 0.1ms
[2024-01-11T13:54:28.092+0100][5086.714s] GC(289)   Evacuate Collection Set: 1.3ms
[2024-01-11T13:54:28.092+0100][5086.714s] GC(289)   Post Evacuate Collection Set: 0.3ms
[2024-01-11T13:54:28.092+0100][5086.714s] GC(289)   Other: 0.1ms
[2024-01-11T13:54:28.092+0100][5086.714s] GC(289) Eden regions: 298->0(15)
[2024-01-11T13:54:28.093+0100][5086.714s] GC(289) Survivor regions: 9->10(39)
[2024-01-11T13:54:28.093+0100][5086.714s] GC(289) Old regions: 89->89
[2024-01-11T13:54:28.093+0100][5086.714s] GC(289) Archive regions: 0->0
[2024-01-11T13:54:28.093+0100][5086.714s] GC(289) Humongous regions: 4->4
[2024-01-11T13:54:28.093+0100][5086.714s] GC(289) Metaspace: 63389K(63936K)->63389K(63936K) NonClass: 56390K(56640K)->56390K(56640K) Class: 6998K(7296K)->6998K(7296K)
[2024-01-11T13:54:28.093+0100][5086.714s] GC(289) Pause Young (Prepare Mixed) (G1 Evacuation Pause) 398M->101M(512M) 2.050ms
[2024-01-11T13:54:28.093+0100][5086.714s] GC(289) User=0.00s Sys=0.00s Real=0.00s
[2024-01-11T13:54:28.144+0100][5086.766s] GC(290) Pause Young (Mixed) (G1 Evacuation Pause)
[2024-01-11T13:54:28.144+0100][5086.766s] GC(290) Using 10 workers of 10 for evacuation
[2024-01-11T13:54:28.147+0100][5086.768s] GC(290)   Pre Evacuate Collection Set: 0.1ms
[2024-01-11T13:54:28.147+0100][5086.768s] GC(290)   Merge Heap Roots: 0.1ms
[2024-01-11T13:54:28.147+0100][5086.768s] GC(290)   Evacuate Collection Set: 2.1ms
[2024-01-11T13:54:28.147+0100][5086.768s] GC(290)   Post Evacuate Collection Set: 0.3ms
[2024-01-11T13:54:28.147+0100][5086.768s] GC(290)   Other: 0.1ms
[2024-01-11T13:54:28.147+0100][5086.768s] GC(290) Eden regions: 15->0(306)
[2024-01-11T13:54:28.147+0100][5086.768s] GC(290) Survivor regions: 10->1(4)
[2024-01-11T13:54:28.147+0100][5086.769s] GC(290) Old regions: 89->95
[2024-01-11T13:54:28.147+0100][5086.769s] GC(290) Archive regions: 0->0
[2024-01-11T13:54:28.147+0100][5086.769s] GC(290) Humongous regions: 4->4
[2024-01-11T13:54:28.147+0100][5086.769s] GC(290) Metaspace: 63389K(63936K)->63389K(63936K) NonClass: 56390K(56640K)->56390K(56640K) Class: 6998K(7296K)->6998K(7296K)
[2024-01-11T13:54:28.147+0100][5086.769s] GC(290) Pause Young (Mixed) (G1 Evacuation Pause) 116M->99M(512M) 2.900ms
[2024-01-11T13:54:28.147+0100][5086.769s] GC(290) User=0.00s Sys=0.00s Real=0.00s
[2024-01-11T13:54:29.452+0100][5088.074s] GC(291) Pause Young (Normal) (G1 Evacuation Pause)
[2024-01-11T13:54:29.452+0100][5088.074s] GC(291) Using 10 workers of 10 for evacuation
[2024-01-11T13:54:29.453+0100][5088.075s] GC(291)   Pre Evacuate Collection Set: 0.0ms
[2024-01-11T13:54:29.453+0100][5088.075s] GC(291)   Merge Heap Roots: 0.0ms
[2024-01-11T13:54:29.453+0100][5088.075s] GC(291)   Evacuate Collection Set: 0.5ms
[2024-01-11T13:54:29.453+0100][5088.075s] GC(291)   Post Evacuate Collection Set: 0.3ms
[2024-01-11T13:54:29.453+0100][5088.075s] GC(291)   Other: 0.1ms
[2024-01-11T13:54:29.453+0100][5088.075s] GC(291) Eden regions: 306->0(303)
[2024-01-11T13:54:29.453+0100][5088.075s] GC(291) Survivor regions: 1->4(39)
[2024-01-11T13:54:29.453+0100][5088.075s] GC(291) Old regions: 95->95
[2024-01-11T13:54:29.453+0100][5088.075s] GC(291) Archive regions: 0->0
[2024-01-11T13:54:29.453+0100][5088.075s] GC(291) Humongous regions: 4->4
[2024-01-11T13:54:29.453+0100][5088.075s] GC(291) Metaspace: 63389K(63936K)->63389K(63936K) NonClass: 56390K(56640K)->56390K(56640K) Class: 6998K(7296K)->6998K(7296K)
[2024-01-11T13:54:29.453+0100][5088.075s] GC(291) Pause Young (Normal) (G1 Evacuation Pause) 405M->101M(512M) 1.213ms
[2024-01-11T13:54:29.453+0100][5088.075s] GC(291) User=0.16s Sys=0.00s Real=0.00s
[2024-01-11T13:54:30.628+0100][5089.251s] GC(292) Pause Young (Normal) (G1 Evacuation Pause)
[2024-01-11T13:54:30.628+0100][5089.251s] GC(292) Using 10 workers of 10 for evacuation
[2024-01-11T13:54:30.630+0100][5089.252s] GC(292)   Pre Evacuate Collection Set: 0.1ms
[2024-01-11T13:54:30.630+0100][5089.252s] GC(292)   Merge Heap Roots: 0.1ms
[2024-01-11T13:54:30.630+0100][5089.252s] GC(292)   Evacuate Collection Set: 0.8ms
[2024-01-11T13:54:30.630+0100][5089.252s] GC(292)   Post Evacuate Collection Set: 0.4ms
[2024-01-11T13:54:30.630+0100][5089.252s] GC(292)   Other: 0.1ms
[2024-01-11T13:54:30.630+0100][5089.252s] GC(292) Eden regions: 303->0(302)
[2024-01-11T13:54:30.630+0100][5089.252s] GC(292) Survivor regions: 4->5(39)
[2024-01-11T13:54:30.630+0100][5089.252s] GC(292) Old regions: 95->95
[2024-01-11T13:54:30.630+0100][5089.252s] GC(292) Archive regions: 0->0
[2024-01-11T13:54:30.630+0100][5089.252s] GC(292) Humongous regions: 4->4
[2024-01-11T13:54:30.630+0100][5089.252s] GC(292) Metaspace: 63389K(63936K)->63389K(63936K) NonClass: 56390K(56640K)->56390K(56640K) Class: 6998K(7296K)->6998K(7296K)
[2024-01-11T13:54:30.630+0100][5089.252s] GC(292) Pause Young (Normal) (G1 Evacuation Pause) 404M->103M(512M) 1.631ms
[2024-01-11T13:54:30.630+0100][5089.253s] GC(292) User=0.00s Sys=0.00s Real=0.00s
[2024-01-11T13:54:32.102+0100][5090.724s] GC(293) Pause Young (Concurrent Start) (G1 Evacuation Pause)
[2024-01-11T13:54:32.102+0100][5090.724s] GC(293) Using 10 workers of 10 for evacuation
[2024-01-11T13:54:32.104+0100][5090.726s] GC(293)   Pre Evacuate Collection Set: 0.2ms
[2024-01-11T13:54:32.104+0100][5090.726s] GC(293)   Merge Heap Roots: 0.1ms
[2024-01-11T13:54:32.104+0100][5090.726s] GC(293)   Evacuate Collection Set: 1.1ms
[2024-01-11T13:54:32.104+0100][5090.726s] GC(293)   Post Evacuate Collection Set: 0.4ms
[2024-01-11T13:54:32.104+0100][5090.726s] GC(293)   Other: 0.1ms
[2024-01-11T13:54:32.104+0100][5090.726s] GC(293) Eden regions: 302->0(300)
[2024-01-11T13:54:32.104+0100][5090.726s] GC(293) Survivor regions: 5->7(39)
[2024-01-11T13:54:32.104+0100][5090.726s] GC(293) Old regions: 95->95
[2024-01-11T13:54:32.104+0100][5090.726s] GC(293) Archive regions: 0->0
[2024-01-11T13:54:32.104+0100][5090.726s] GC(293) Humongous regions: 4->4
[2024-01-11T13:54:32.104+0100][5090.726s] GC(293) Metaspace: 63389K(63936K)->63389K(63936K) NonClass: 56390K(56640K)->56390K(56640K) Class: 6998K(7296K)->6998K(7296K)
[2024-01-11T13:54:32.104+0100][5090.726s] GC(293) Pause Young (Concurrent Start) (G1 Evacuation Pause) 405M->105M(512M) 1.978ms
[2024-01-11T13:54:32.104+0100][5090.726s] GC(294) Concurrent Mark Cycle
[2024-01-11T13:54:32.104+0100][5090.726s] GC(293) User=0.00s Sys=0.00s Real=0.00s
[2024-01-11T13:54:32.104+0100][5090.726s] GC(294) Concurrent Clear Claimed Marks
[2024-01-11T13:54:32.104+0100][5090.726s] GC(294) Concurrent Clear Claimed Marks 0.090ms
[2024-01-11T13:54:32.104+0100][5090.726s] GC(294) Concurrent Scan Root Regions
[2024-01-11T13:54:32.105+0100][5090.727s] GC(294) Concurrent Scan Root Regions 0.529ms
[2024-01-11T13:54:32.105+0100][5090.727s] GC(294) Concurrent Mark
[2024-01-11T13:54:32.105+0100][5090.727s] GC(294) Concurrent Mark From Roots
[2024-01-11T13:54:32.105+0100][5090.727s] GC(294) Using 3 workers of 3 for marking
[2024-01-11T13:54:32.124+0100][5090.746s] GC(294) Concurrent Mark From Roots 19.095ms
[2024-01-11T13:54:32.124+0100][5090.746s] GC(294) Concurrent Preclean
[2024-01-11T13:54:32.124+0100][5090.746s] GC(294) Concurrent Preclean 0.149ms
[2024-01-11T13:54:32.124+0100][5090.746s] GC(294) Pause Remark
[2024-01-11T13:54:32.129+0100][5090.751s] GC(294) Pause Remark 108M->108M(512M) 4.286ms
[2024-01-11T13:54:32.129+0100][5090.751s] GC(294) User=0.00s Sys=0.00s Real=0.00s
[2024-01-11T13:54:32.129+0100][5090.751s] GC(294) Concurrent Mark 23.850ms
[2024-01-11T13:54:32.129+0100][5090.751s] GC(294) Concurrent Rebuild Remembered Sets
[2024-01-11T13:54:32.141+0100][5090.763s] GC(294) Concurrent Rebuild Remembered Sets 12.407ms
[2024-01-11T13:54:32.142+0100][5090.763s] GC(294) Pause Cleanup
[2024-01-11T13:54:32.142+0100][5090.764s] GC(294) Pause Cleanup 110M->110M(512M) 0.134ms
[2024-01-11T13:54:32.142+0100][5090.764s] GC(294) User=0.00s Sys=0.00s Real=0.00s
[2024-01-11T13:54:32.142+0100][5090.764s] GC(294) Concurrent Cleanup for Next Mark
[2024-01-11T13:54:32.143+0100][5090.764s] GC(294) Concurrent Cleanup for Next Mark 0.801ms
[2024-01-11T13:54:32.143+0100][5090.764s] GC(294) Concurrent Mark Cycle 38.181ms
[2024-01-11T13:54:33.390+0100][5092.012s] GC(295) Pause Young (Prepare Mixed) (G1 Evacuation Pause)
[2024-01-11T13:54:33.390+0100][5092.012s] GC(295) Using 10 workers of 10 for evacuation
[2024-01-11T13:54:33.392+0100][5092.013s] GC(295)   Pre Evacuate Collection Set: 0.1ms
[2024-01-11T13:54:33.392+0100][5092.014s] GC(295)   Merge Heap Roots: 0.1ms
[2024-01-11T13:54:33.392+0100][5092.014s] GC(295)   Evacuate Collection Set: 1.2ms
[2024-01-11T13:54:33.392+0100][5092.014s] GC(295)   Post Evacuate Collection Set: 0.5ms
[2024-01-11T13:54:33.392+0100][5092.014s] GC(295)   Other: 0.1ms
[2024-01-11T13:54:33.392+0100][5092.014s] GC(295) Eden regions: 300->0(17)
[2024-01-11T13:54:33.392+0100][5092.014s] GC(295) Survivor regions: 7->8(39)
[2024-01-11T13:54:33.392+0100][5092.014s] GC(295) Old regions: 95->95
[2024-01-11T13:54:33.392+0100][5092.014s] GC(295) Archive regions: 0->0
[2024-01-11T13:54:33.392+0100][5092.014s] GC(295) Humongous regions: 4->4
[2024-01-11T13:54:33.392+0100][5092.014s] GC(295) Metaspace: 63389K(63936K)->63389K(63936K) NonClass: 56390K(56640K)->56390K(56640K) Class: 6998K(7296K)->6998K(7296K)
[2024-01-11T13:54:33.392+0100][5092.014s] GC(295) Pause Young (Prepare Mixed) (G1 Evacuation Pause) 405M->106M(512M) 2.127ms
[2024-01-11T13:54:33.392+0100][5092.014s] GC(295) User=0.16s Sys=0.00s Real=0.00s
[2024-01-11T13:54:33.467+0100][5092.089s] GC(296) Pause Young (Mixed) (G1 Evacuation Pause)
[2024-01-11T13:54:33.467+0100][5092.089s] GC(296) Using 10 workers of 10 for evacuation
[2024-01-11T13:54:33.469+0100][5092.092s] GC(296)   Pre Evacuate Collection Set: 0.1ms
[2024-01-11T13:54:33.469+0100][5092.092s] GC(296)   Merge Heap Roots: 0.1ms
[2024-01-11T13:54:33.469+0100][5092.092s] GC(296)   Evacuate Collection Set: 2.1ms
[2024-01-11T13:54:33.469+0100][5092.092s] GC(296)   Post Evacuate Collection Set: 0.4ms
[2024-01-11T13:54:33.469+0100][5092.092s] GC(296)   Other: 0.1ms
[2024-01-11T13:54:33.469+0100][5092.092s] GC(296) Eden regions: 17->0(306)
[2024-01-11T13:54:33.470+0100][5092.092s] GC(296) Survivor regions: 8->1(4)
[2024-01-11T13:54:33.470+0100][5092.092s] GC(296) Old regions: 95->100
[2024-01-11T13:54:33.470+0100][5092.092s] GC(296) Archive regions: 0->0
[2024-01-11T13:54:33.470+0100][5092.092s] GC(296) Humongous regions: 4->4
[2024-01-11T13:54:33.470+0100][5092.092s] GC(296) Metaspace: 63389K(63936K)->63389K(63936K) NonClass: 56390K(56640K)->56390K(56640K) Class: 6998K(7296K)->6998K(7296K)
[2024-01-11T13:54:33.470+0100][5092.092s] GC(296) Pause Young (Mixed) (G1 Evacuation Pause) 123M->104M(512M) 3.024ms
[2024-01-11T13:54:33.470+0100][5092.092s] GC(296) User=0.16s Sys=0.00s Real=0.00s
[2024-01-11T13:54:34.679+0100][5093.301s] GC(297) Pause Young (Normal) (G1 Evacuation Pause)
[2024-01-11T13:54:34.679+0100][5093.301s] GC(297) Using 10 workers of 10 for evacuation
[2024-01-11T13:54:34.680+0100][5093.303s] GC(297)   Pre Evacuate Collection Set: 0.2ms
[2024-01-11T13:54:34.680+0100][5093.303s] GC(297)   Merge Heap Roots: 0.1ms
[2024-01-11T13:54:34.680+0100][5093.303s] GC(297)   Evacuate Collection Set: 0.5ms
[2024-01-11T13:54:34.680+0100][5093.303s] GC(297)   Post Evacuate Collection Set: 0.4ms
[2024-01-11T13:54:34.680+0100][5093.303s] GC(297)   Other: 0.1ms
[2024-01-11T13:54:34.680+0100][5093.303s] GC(297) Eden regions: 306->0(303)
[2024-01-11T13:54:34.680+0100][5093.303s] GC(297) Survivor regions: 1->4(39)
[2024-01-11T13:54:34.680+0100][5093.303s] GC(297) Old regions: 100->100
[2024-01-11T13:54:34.680+0100][5093.303s] GC(297) Archive regions: 0->0
[2024-01-11T13:54:34.680+0100][5093.303s] GC(297) Humongous regions: 4->4
[2024-01-11T13:54:34.680+0100][5093.303s] GC(297) Metaspace: 63389K(63936K)->63389K(63936K) NonClass: 56390K(56640K)->56390K(56640K) Class: 6998K(7296K)->6998K(7296K)
[2024-01-11T13:54:34.680+0100][5093.303s] GC(297) Pause Young (Normal) (G1 Evacuation Pause) 410M->106M(512M) 1.593ms
[2024-01-11T13:54:34.680+0100][5093.303s] GC(297) User=0.00s Sys=0.00s Real=0.00s
[2024-01-11T13:54:35.949+0100][5094.571s] GC(298) Pause Young (Normal) (G1 Evacuation Pause)
[2024-01-11T13:54:35.949+0100][5094.571s] GC(298) Using 10 workers of 10 for evacuation
[2024-01-11T13:54:35.950+0100][5094.573s] GC(298)   Pre Evacuate Collection Set: 0.2ms
[2024-01-11T13:54:35.950+0100][5094.573s] GC(298)   Merge Heap Roots: 0.1ms
[2024-01-11T13:54:35.950+0100][5094.573s] GC(298)   Evacuate Collection Set: 0.9ms
[2024-01-11T13:54:35.950+0100][5094.573s] GC(298)   Post Evacuate Collection Set: 0.5ms
[2024-01-11T13:54:35.950+0100][5094.573s] GC(298)   Other: 0.1ms
[2024-01-11T13:54:35.950+0100][5094.573s] GC(298) Eden regions: 303->0(301)
[2024-01-11T13:54:35.950+0100][5094.573s] GC(298) Survivor regions: 4->6(39)
[2024-01-11T13:54:35.951+0100][5094.573s] GC(298) Old regions: 100->100
[2024-01-11T13:54:35.951+0100][5094.573s] GC(298) Archive regions: 0->0
[2024-01-11T13:54:35.951+0100][5094.573s] GC(298) Humongous regions: 4->4
[2024-01-11T13:54:35.951+0100][5094.573s] GC(298) Metaspace: 63389K(63936K)->63389K(63936K) NonClass: 56390K(56640K)->56390K(56640K) Class: 6998K(7296K)->6998K(7296K)
[2024-01-11T13:54:35.951+0100][5094.573s] GC(298) Pause Young (Normal) (G1 Evacuation Pause) 409M->109M(512M) 1.981ms
[2024-01-11T13:54:35.951+0100][5094.573s] GC(298) User=0.00s Sys=0.00s Real=0.00s
[2024-01-11T13:54:37.209+0100][5095.831s] GC(299) Pause Young (Concurrent Start) (G1 Evacuation Pause)
[2024-01-11T13:54:37.209+0100][5095.831s] GC(299) Using 10 workers of 10 for evacuation
[2024-01-11T13:54:37.211+0100][5095.833s] GC(299)   Pre Evacuate Collection Set: 0.1ms
[2024-01-11T13:54:37.211+0100][5095.833s] GC(299)   Merge Heap Roots: 0.1ms
[2024-01-11T13:54:37.211+0100][5095.833s] GC(299)   Evacuate Collection Set: 1.0ms
[2024-01-11T13:54:37.211+0100][5095.833s] GC(299)   Post Evacuate Collection Set: 0.5ms
[2024-01-11T13:54:37.211+0100][5095.833s] GC(299)   Other: 0.1ms
[2024-01-11T13:54:37.211+0100][5095.833s] GC(299) Eden regions: 301->0(300)
[2024-01-11T13:54:37.211+0100][5095.833s] GC(299) Survivor regions: 6->7(39)
[2024-01-11T13:54:37.211+0100][5095.833s] GC(299) Old regions: 100->100
[2024-01-11T13:54:37.211+0100][5095.833s] GC(299) Archive regions: 0->0
[2024-01-11T13:54:37.211+0100][5095.833s] GC(299) Humongous regions: 4->4
[2024-01-11T13:54:37.211+0100][5095.833s] GC(299) Metaspace: 63389K(63936K)->63389K(63936K) NonClass: 56390K(56640K)->56390K(56640K) Class: 6998K(7296K)->6998K(7296K)
[2024-01-11T13:54:37.211+0100][5095.833s] GC(299) Pause Young (Concurrent Start) (G1 Evacuation Pause) 410M->109M(512M) 2.016ms
[2024-01-11T13:54:37.211+0100][5095.833s] GC(300) Concurrent Mark Cycle
[2024-01-11T13:54:37.211+0100][5095.833s] GC(299) User=0.00s Sys=0.00s Real=0.00s
[2024-01-11T13:54:37.211+0100][5095.833s] GC(300) Concurrent Clear Claimed Marks
[2024-01-11T13:54:37.211+0100][5095.833s] GC(300) Concurrent Clear Claimed Marks 0.086ms
[2024-01-11T13:54:37.211+0100][5095.833s] GC(300) Concurrent Scan Root Regions
[2024-01-11T13:54:37.212+0100][5095.834s] GC(300) Concurrent Scan Root Regions 0.541ms
[2024-01-11T13:54:37.212+0100][5095.834s] GC(300) Concurrent Mark
[2024-01-11T13:54:37.212+0100][5095.834s] GC(300) Concurrent Mark From Roots
[2024-01-11T13:54:37.212+0100][5095.834s] GC(300) Using 3 workers of 3 for marking
[2024-01-11T13:54:37.239+0100][5095.861s] GC(300) Concurrent Mark From Roots 27.237ms
[2024-01-11T13:54:37.239+0100][5095.861s] GC(300) Concurrent Preclean
[2024-01-11T13:54:37.239+0100][5095.861s] GC(300) Concurrent Preclean 0.155ms
[2024-01-11T13:54:37.240+0100][5095.861s] GC(300) Pause Remark
[2024-01-11T13:54:37.244+0100][5095.866s] GC(300) Pause Remark 115M->115M(512M) 4.398ms
[2024-01-11T13:54:37.244+0100][5095.866s] GC(300) User=0.00s Sys=0.00s Real=0.00s
[2024-01-11T13:54:37.244+0100][5095.866s] GC(300) Concurrent Mark 32.090ms
[2024-01-11T13:54:37.244+0100][5095.866s] GC(300) Concurrent Rebuild Remembered Sets
[2024-01-11T13:54:37.256+0100][5095.878s] GC(300) Concurrent Rebuild Remembered Sets 11.825ms
[2024-01-11T13:54:37.256+0100][5095.878s] GC(300) Pause Cleanup
[2024-01-11T13:54:37.256+0100][5095.878s] GC(300) Pause Cleanup 117M->117M(512M) 0.121ms
[2024-01-11T13:54:37.256+0100][5095.878s] GC(300) User=0.00s Sys=0.00s Real=0.00s
[2024-01-11T13:54:37.256+0100][5095.878s] GC(300) Concurrent Cleanup for Next Mark
[2024-01-11T13:54:37.256+0100][5095.879s] GC(300) Concurrent Cleanup for Next Mark 0.579ms
[2024-01-11T13:54:37.256+0100][5095.879s] GC(300) Concurrent Mark Cycle 45.566ms
[2024-01-11T13:54:38.431+0100][5097.053s] GC(301) Pause Young (Prepare Mixed) (G1 Evacuation Pause)
[2024-01-11T13:54:38.431+0100][5097.054s] GC(301) Using 10 workers of 10 for evacuation
[2024-01-11T13:54:38.433+0100][5097.055s] GC(301)   Pre Evacuate Collection Set: 0.1ms
[2024-01-11T13:54:38.433+0100][5097.055s] GC(301)   Merge Heap Roots: 0.1ms
[2024-01-11T13:54:38.433+0100][5097.055s] GC(301)   Evacuate Collection Set: 1.2ms
[2024-01-11T13:54:38.433+0100][5097.055s] GC(301)   Post Evacuate Collection Set: 0.4ms
[2024-01-11T13:54:38.433+0100][5097.055s] GC(301)   Other: 0.1ms
[2024-01-11T13:54:38.433+0100][5097.055s] GC(301) Eden regions: 300->0(16)
[2024-01-11T13:54:38.433+0100][5097.055s] GC(301) Survivor regions: 7->9(39)
[2024-01-11T13:54:38.433+0100][5097.055s] GC(301) Old regions: 100->100
[2024-01-11T13:54:38.433+0100][5097.055s] GC(301) Archive regions: 0->0
[2024-01-11T13:54:38.433+0100][5097.055s] GC(301) Humongous regions: 4->4
[2024-01-11T13:54:38.433+0100][5097.055s] GC(301) Metaspace: 63389K(63936K)->63389K(63936K) NonClass: 56390K(56640K)->56390K(56640K) Class: 6998K(7296K)->6998K(7296K)
[2024-01-11T13:54:38.433+0100][5097.055s] GC(301) Pause Young (Prepare Mixed) (G1 Evacuation Pause) 409M->111M(512M) 1.997ms
[2024-01-11T13:54:38.433+0100][5097.055s] GC(301) User=0.00s Sys=0.00s Real=0.00s
[2024-01-11T13:54:38.504+0100][5097.127s] GC(302) Pause Young (Mixed) (G1 Evacuation Pause)
[2024-01-11T13:54:38.504+0100][5097.127s] GC(302) Using 10 workers of 10 for evacuation
[2024-01-11T13:54:38.507+0100][5097.129s] GC(302)   Pre Evacuate Collection Set: 0.2ms
[2024-01-11T13:54:38.507+0100][5097.129s] GC(302)   Merge Heap Roots: 0.1ms
[2024-01-11T13:54:38.507+0100][5097.129s] GC(302)   Evacuate Collection Set: 1.5ms
[2024-01-11T13:54:38.507+0100][5097.129s] GC(302)   Post Evacuate Collection Set: 0.4ms
[2024-01-11T13:54:38.507+0100][5097.129s] GC(302)   Other: 0.1ms
[2024-01-11T13:54:38.507+0100][5097.129s] GC(302) Eden regions: 16->0(306)
[2024-01-11T13:54:38.507+0100][5097.129s] GC(302) Survivor regions: 9->1(4)
[2024-01-11T13:54:38.507+0100][5097.129s] GC(302) Old regions: 100->107
[2024-01-11T13:54:38.507+0100][5097.129s] GC(302) Archive regions: 0->0
[2024-01-11T13:54:38.507+0100][5097.129s] GC(302) Humongous regions: 4->4
[2024-01-11T13:54:38.507+0100][5097.129s] GC(302) Metaspace: 63389K(63936K)->63389K(63936K) NonClass: 56390K(56640K)->56390K(56640K) Class: 6998K(7296K)->6998K(7296K)
[2024-01-11T13:54:38.507+0100][5097.129s] GC(302) Pause Young (Mixed) (G1 Evacuation Pause) 127M->110M(512M) 2.456ms
[2024-01-11T13:54:38.507+0100][5097.129s] GC(302) User=0.00s Sys=0.00s Real=0.00s
[2024-01-11T13:54:39.744+0100][5098.365s] GC(303) Pause Young (Normal) (G1 Evacuation Pause)
[2024-01-11T13:54:39.744+0100][5098.366s] GC(303) Using 10 workers of 10 for evacuation
[2024-01-11T13:54:39.745+0100][5098.367s] GC(303)   Pre Evacuate Collection Set: 0.1ms
[2024-01-11T13:54:39.745+0100][5098.367s] GC(303)   Merge Heap Roots: 0.1ms
[2024-01-11T13:54:39.745+0100][5098.367s] GC(303)   Evacuate Collection Set: 0.6ms
[2024-01-11T13:54:39.745+0100][5098.367s] GC(303)   Post Evacuate Collection Set: 0.5ms
[2024-01-11T13:54:39.745+0100][5098.367s] GC(303)   Other: 0.1ms
[2024-01-11T13:54:39.745+0100][5098.367s] GC(303) Eden regions: 306->0(303)
[2024-01-11T13:54:39.745+0100][5098.367s] GC(303) Survivor regions: 1->4(39)
[2024-01-11T13:54:39.745+0100][5098.367s] GC(303) Old regions: 107->107
[2024-01-11T13:54:39.745+0100][5098.367s] GC(303) Archive regions: 0->0
[2024-01-11T13:54:39.745+0100][5098.367s] GC(303) Humongous regions: 4->4
[2024-01-11T13:54:39.745+0100][5098.367s] GC(303) Metaspace: 63389K(63936K)->63389K(63936K) NonClass: 56390K(56640K)->56390K(56640K) Class: 6998K(7296K)->6998K(7296K)
[2024-01-11T13:54:39.745+0100][5098.367s] GC(303) Pause Young (Normal) (G1 Evacuation Pause) 416M->113M(512M) 1.656ms
[2024-01-11T13:54:39.745+0100][5098.367s] GC(303) User=0.00s Sys=0.00s Real=0.00s
[2024-01-11T13:54:41.031+0100][5099.653s] GC(304) Pause Young (Normal) (G1 Evacuation Pause)
[2024-01-11T13:54:41.031+0100][5099.653s] GC(304) Using 10 workers of 10 for evacuation
[2024-01-11T13:54:41.032+0100][5099.655s] GC(304)   Pre Evacuate Collection Set: 0.1ms
[2024-01-11T13:54:41.032+0100][5099.655s] GC(304)   Merge Heap Roots: 0.1ms
[2024-01-11T13:54:41.032+0100][5099.655s] GC(304)   Evacuate Collection Set: 0.7ms
[2024-01-11T13:54:41.032+0100][5099.655s] GC(304)   Post Evacuate Collection Set: 0.4ms
[2024-01-11T13:54:41.032+0100][5099.655s] GC(304)   Other: 0.1ms
[2024-01-11T13:54:41.032+0100][5099.655s] GC(304) Eden regions: 303->0(302)
[2024-01-11T13:54:41.032+0100][5099.655s] GC(304) Survivor regions: 4->5(39)
[2024-01-11T13:54:41.032+0100][5099.655s] GC(304) Old regions: 107->107
[2024-01-11T13:54:41.032+0100][5099.655s] GC(304) Archive regions: 0->0
[2024-01-11T13:54:41.032+0100][5099.655s] GC(304) Humongous regions: 4->4
[2024-01-11T13:54:41.032+0100][5099.655s] GC(304) Metaspace: 63389K(63936K)->63389K(63936K) NonClass: 56390K(56640K)->56390K(56640K) Class: 6998K(7296K)->6998K(7296K)
[2024-01-11T13:54:41.032+0100][5099.655s] GC(304) Pause Young (Normal) (G1 Evacuation Pause) 416M->114M(512M) 1.561ms
[2024-01-11T13:54:41.032+0100][5099.655s] GC(304) User=0.00s Sys=0.00s Real=0.00s
[2024-01-11T13:54:42.269+0100][5100.891s] GC(305) Pause Young (Concurrent Start) (G1 Evacuation Pause)
[2024-01-11T13:54:42.269+0100][5100.891s] GC(305) Using 10 workers of 10 for evacuation
[2024-01-11T13:54:42.271+0100][5100.893s] GC(305)   Pre Evacuate Collection Set: 0.1ms
[2024-01-11T13:54:42.271+0100][5100.893s] GC(305)   Merge Heap Roots: 0.1ms
[2024-01-11T13:54:42.271+0100][5100.893s] GC(305)   Evacuate Collection Set: 1.1ms
[2024-01-11T13:54:42.271+0100][5100.893s] GC(305)   Post Evacuate Collection Set: 0.5ms
[2024-01-11T13:54:42.271+0100][5100.893s] GC(305)   Other: 0.1ms
[2024-01-11T13:54:42.271+0100][5100.893s] GC(305) Eden regions: 302->0(300)
[2024-01-11T13:54:42.271+0100][5100.893s] GC(305) Survivor regions: 5->7(39)
[2024-01-11T13:54:42.271+0100][5100.893s] GC(305) Old regions: 107->107
[2024-01-11T13:54:42.271+0100][5100.893s] GC(305) Archive regions: 0->0
[2024-01-11T13:54:42.271+0100][5100.893s] GC(305) Humongous regions: 4->4
[2024-01-11T13:54:42.271+0100][5100.893s] GC(305) Metaspace: 63389K(63936K)->63389K(63936K) NonClass: 56390K(56640K)->56390K(56640K) Class: 6998K(7296K)->6998K(7296K)
[2024-01-11T13:54:42.271+0100][5100.893s] GC(305) Pause Young (Concurrent Start) (G1 Evacuation Pause) 416M->116M(512M) 2.087ms
[2024-01-11T13:54:42.271+0100][5100.893s] GC(305) User=0.00s Sys=0.00s Real=0.00s
[2024-01-11T13:54:42.271+0100][5100.893s] GC(306) Concurrent Mark Cycle
[2024-01-11T13:54:42.271+0100][5100.894s] GC(306) Concurrent Clear Claimed Marks
[2024-01-11T13:54:42.271+0100][5100.894s] GC(306) Concurrent Clear Claimed Marks 0.034ms
[2024-01-11T13:54:42.271+0100][5100.894s] GC(306) Concurrent Scan Root Regions
[2024-01-11T13:54:42.272+0100][5100.894s] GC(306) Concurrent Scan Root Regions 0.551ms
[2024-01-11T13:54:42.272+0100][5100.894s] GC(306) Concurrent Mark
[2024-01-11T13:54:42.272+0100][5100.894s] GC(306) Concurrent Mark From Roots
[2024-01-11T13:54:42.272+0100][5100.894s] GC(306) Using 3 workers of 3 for marking
[2024-01-11T13:54:42.299+0100][5100.922s] GC(306) Concurrent Mark From Roots 27.436ms
[2024-01-11T13:54:42.299+0100][5100.922s] GC(306) Concurrent Preclean
[2024-01-11T13:54:42.300+0100][5100.922s] GC(306) Concurrent Preclean 0.149ms
[2024-01-11T13:54:42.300+0100][5100.922s] GC(306) Pause Remark
[2024-01-11T13:54:42.304+0100][5100.927s] GC(306) Pause Remark 121M->121M(512M) 4.653ms
[2024-01-11T13:54:42.304+0100][5100.927s] GC(306) User=0.00s Sys=0.00s Real=0.00s
[2024-01-11T13:54:42.304+0100][5100.927s] GC(306) Concurrent Mark 32.508ms
[2024-01-11T13:54:42.304+0100][5100.927s] GC(306) Concurrent Rebuild Remembered Sets
[2024-01-11T13:54:42.316+0100][5100.938s] GC(306) Concurrent Rebuild Remembered Sets 11.780ms
[2024-01-11T13:54:42.317+0100][5100.939s] GC(306) Pause Cleanup
[2024-01-11T13:54:42.317+0100][5100.939s] GC(306) Pause Cleanup 123M->123M(512M) 0.159ms
[2024-01-11T13:54:42.317+0100][5100.939s] GC(306) User=0.00s Sys=0.00s Real=0.00s
[2024-01-11T13:54:42.317+0100][5100.939s] GC(306) Concurrent Cleanup for Next Mark
[2024-01-11T13:54:42.317+0100][5100.939s] GC(306) Concurrent Cleanup for Next Mark 0.591ms
[2024-01-11T13:54:42.317+0100][5100.939s] GC(306) Concurrent Mark Cycle 45.929ms
[2024-01-11T13:54:43.515+0100][5102.138s] GC(307) Pause Young (Prepare Mixed) (G1 Evacuation Pause)
[2024-01-11T13:54:43.515+0100][5102.138s] GC(307) Using 10 workers of 10 for evacuation
[2024-01-11T13:54:43.517+0100][5102.139s] GC(307)   Pre Evacuate Collection Set: 0.1ms
[2024-01-11T13:54:43.517+0100][5102.140s] GC(307)   Merge Heap Roots: 0.1ms
[2024-01-11T13:54:43.517+0100][5102.140s] GC(307)   Evacuate Collection Set: 1.2ms
[2024-01-11T13:54:43.517+0100][5102.140s] GC(307)   Post Evacuate Collection Set: 0.4ms
[2024-01-11T13:54:43.517+0100][5102.140s] GC(307)   Other: 0.1ms
[2024-01-11T13:54:43.517+0100][5102.140s] GC(307) Eden regions: 300->0(16)
[2024-01-11T13:54:43.517+0100][5102.140s] GC(307) Survivor regions: 7->9(39)
[2024-01-11T13:54:43.517+0100][5102.140s] GC(307) Old regions: 107->107
[2024-01-11T13:54:43.517+0100][5102.140s] GC(307) Archive regions: 0->0
[2024-01-11T13:54:43.517+0100][5102.140s] GC(307) Humongous regions: 4->4
[2024-01-11T13:54:43.517+0100][5102.140s] GC(307) Metaspace: 63389K(63936K)->63389K(63936K) NonClass: 56390K(56640K)->56390K(56640K) Class: 6998K(7296K)->6998K(7296K)
[2024-01-11T13:54:43.517+0100][5102.140s] GC(307) Pause Young (Prepare Mixed) (G1 Evacuation Pause) 416M->118M(512M) 2.115ms
[2024-01-11T13:54:43.517+0100][5102.140s] GC(307) User=0.00s Sys=0.00s Real=0.00s
[2024-01-11T13:54:43.562+0100][5102.184s] GC(308) Pause Young (Mixed) (G1 Evacuation Pause)
[2024-01-11T13:54:43.562+0100][5102.184s] GC(308) Using 10 workers of 10 for evacuation
[2024-01-11T13:54:43.564+0100][5102.187s] GC(308)   Pre Evacuate Collection Set: 0.2ms
[2024-01-11T13:54:43.564+0100][5102.187s] GC(308)   Merge Heap Roots: 0.1ms
[2024-01-11T13:54:43.564+0100][5102.187s] GC(308)   Evacuate Collection Set: 1.8ms
[2024-01-11T13:54:43.564+0100][5102.187s] GC(308)   Post Evacuate Collection Set: 0.5ms
[2024-01-11T13:54:43.564+0100][5102.187s] GC(308)   Other: 0.1ms
[2024-01-11T13:54:43.564+0100][5102.187s] GC(308) Eden regions: 16->0(305)
[2024-01-11T13:54:43.564+0100][5102.187s] GC(308) Survivor regions: 9->2(4)
[2024-01-11T13:54:43.564+0100][5102.187s] GC(308) Old regions: 107->114
[2024-01-11T13:54:43.564+0100][5102.187s] GC(308) Archive regions: 0->0
[2024-01-11T13:54:43.564+0100][5102.187s] GC(308) Humongous regions: 4->4
[2024-01-11T13:54:43.564+0100][5102.187s] GC(308) Metaspace: 63389K(63936K)->63389K(63936K) NonClass: 56390K(56640K)->56390K(56640K) Class: 6998K(7296K)->6998K(7296K)
[2024-01-11T13:54:43.564+0100][5102.187s] GC(308) Pause Young (Mixed) (G1 Evacuation Pause) 134M->118M(512M) 2.725ms
[2024-01-11T13:54:43.564+0100][5102.187s] GC(308) User=0.00s Sys=0.00s Real=0.00s
[2024-01-11T13:54:44.688+0100][5103.310s] GC(309) Pause Young (Normal) (G1 Evacuation Pause)
[2024-01-11T13:54:44.688+0100][5103.310s] GC(309) Using 10 workers of 10 for evacuation
[2024-01-11T13:54:44.689+0100][5103.311s] GC(309)   Pre Evacuate Collection Set: 0.1ms
[2024-01-11T13:54:44.689+0100][5103.311s] GC(309)   Merge Heap Roots: 0.1ms
[2024-01-11T13:54:44.689+0100][5103.311s] GC(309)   Evacuate Collection Set: 0.5ms
[2024-01-11T13:54:44.689+0100][5103.311s] GC(309)   Post Evacuate Collection Set: 0.4ms
[2024-01-11T13:54:44.689+0100][5103.311s] GC(309)   Other: 0.1ms
[2024-01-11T13:54:44.689+0100][5103.311s] GC(309) Eden regions: 305->0(304)
[2024-01-11T13:54:44.689+0100][5103.311s] GC(309) Survivor regions: 2->3(39)
[2024-01-11T13:54:44.689+0100][5103.311s] GC(309) Old regions: 114->114
[2024-01-11T13:54:44.689+0100][5103.311s] GC(309) Archive regions: 0->0
[2024-01-11T13:54:44.689+0100][5103.311s] GC(309) Humongous regions: 4->4
[2024-01-11T13:54:44.689+0100][5103.311s] GC(309) Metaspace: 63389K(63936K)->63389K(63936K) NonClass: 56390K(56640K)->56390K(56640K) Class: 6998K(7296K)->6998K(7296K)
[2024-01-11T13:54:44.689+0100][5103.311s] GC(309) Pause Young (Normal) (G1 Evacuation Pause) 423M->120M(512M) 1.260ms
[2024-01-11T13:54:44.689+0100][5103.311s] GC(309) User=0.00s Sys=0.00s Real=0.00s
[2024-01-11T13:54:45.963+0100][5104.586s] GC(310) Pause Young (Normal) (G1 Evacuation Pause)
[2024-01-11T13:54:45.963+0100][5104.586s] GC(310) Using 10 workers of 10 for evacuation
[2024-01-11T13:54:45.965+0100][5104.587s] GC(310)   Pre Evacuate Collection Set: 0.1ms
[2024-01-11T13:54:45.965+0100][5104.587s] GC(310)   Merge Heap Roots: 0.1ms
[2024-01-11T13:54:45.965+0100][5104.587s] GC(310)   Evacuate Collection Set: 0.7ms
[2024-01-11T13:54:45.965+0100][5104.587s] GC(310)   Post Evacuate Collection Set: 0.4ms
[2024-01-11T13:54:45.965+0100][5104.587s] GC(310)   Other: 0.1ms
[2024-01-11T13:54:45.965+0100][5104.587s] GC(310) Eden regions: 304->0(302)
[2024-01-11T13:54:45.965+0100][5104.587s] GC(310) Survivor regions: 3->5(39)
[2024-01-11T13:54:45.965+0100][5104.587s] GC(310) Old regions: 114->114
[2024-01-11T13:54:45.965+0100][5104.587s] GC(310) Archive regions: 0->0
[2024-01-11T13:54:45.965+0100][5104.587s] GC(310) Humongous regions: 4->4
[2024-01-11T13:54:45.965+0100][5104.587s] GC(310) Metaspace: 63389K(63936K)->63389K(63936K) NonClass: 56390K(56640K)->56390K(56640K) Class: 6998K(7296K)->6998K(7296K)
[2024-01-11T13:54:45.965+0100][5104.587s] GC(310) Pause Young (Normal) (G1 Evacuation Pause) 424M->122M(512M) 1.568ms
[2024-01-11T13:54:45.965+0100][5104.587s] GC(310) User=0.00s Sys=0.00s Real=0.00s
[2024-01-11T13:54:47.231+0100][5105.853s] GC(311) Pause Young (Concurrent Start) (G1 Evacuation Pause)
[2024-01-11T13:54:47.231+0100][5105.853s] GC(311) Using 10 workers of 10 for evacuation
[2024-01-11T13:54:47.232+0100][5105.854s] GC(311)   Pre Evacuate Collection Set: 0.1ms
[2024-01-11T13:54:47.232+0100][5105.854s] GC(311)   Merge Heap Roots: 0.1ms
[2024-01-11T13:54:47.232+0100][5105.854s] GC(311)   Evacuate Collection Set: 1.0ms
[2024-01-11T13:54:47.232+0100][5105.854s] GC(311)   Post Evacuate Collection Set: 0.4ms
[2024-01-11T13:54:47.232+0100][5105.854s] GC(311)   Other: 0.1ms
[2024-01-11T13:54:47.232+0100][5105.854s] GC(311) Eden regions: 302->0(300)
[2024-01-11T13:54:47.232+0100][5105.854s] GC(311) Survivor regions: 5->7(39)
[2024-01-11T13:54:47.232+0100][5105.854s] GC(311) Old regions: 114->114
[2024-01-11T13:54:47.232+0100][5105.854s] GC(311) Archive regions: 0->0
[2024-01-11T13:54:47.232+0100][5105.854s] GC(311) Humongous regions: 4->4
[2024-01-11T13:54:47.232+0100][5105.854s] GC(311) Metaspace: 63389K(63936K)->63389K(63936K) NonClass: 56390K(56640K)->56390K(56640K) Class: 6998K(7296K)->6998K(7296K)
[2024-01-11T13:54:47.232+0100][5105.854s] GC(311) Pause Young (Concurrent Start) (G1 Evacuation Pause) 424M->123M(512M) 1.881ms
[2024-01-11T13:54:47.232+0100][5105.855s] GC(312) Concurrent Mark Cycle
[2024-01-11T13:54:47.232+0100][5105.855s] GC(311) User=0.00s Sys=0.00s Real=0.00s
[2024-01-11T13:54:47.232+0100][5105.855s] GC(312) Concurrent Clear Claimed Marks
[2024-01-11T13:54:47.233+0100][5105.855s] GC(312) Concurrent Clear Claimed Marks 0.088ms
[2024-01-11T13:54:47.233+0100][5105.855s] GC(312) Concurrent Scan Root Regions
[2024-01-11T13:54:47.233+0100][5105.855s] GC(312) Concurrent Scan Root Regions 0.544ms
[2024-01-11T13:54:47.233+0100][5105.855s] GC(312) Concurrent Mark
[2024-01-11T13:54:47.233+0100][5105.855s] GC(312) Concurrent Mark From Roots
[2024-01-11T13:54:47.233+0100][5105.855s] GC(312) Using 3 workers of 3 for marking
[2024-01-11T13:54:47.259+0100][5105.881s] GC(312) Concurrent Mark From Roots 25.801ms
[2024-01-11T13:54:47.259+0100][5105.881s] GC(312) Concurrent Preclean
[2024-01-11T13:54:47.259+0100][5105.881s] GC(312) Concurrent Preclean 0.171ms
[2024-01-11T13:54:47.259+0100][5105.881s] GC(312) Pause Remark
[2024-01-11T13:54:47.263+0100][5105.885s] GC(312) Pause Remark 130M->130M(512M) 3.213ms
[2024-01-11T13:54:47.263+0100][5105.885s] GC(312) User=0.00s Sys=0.00s Real=0.00s
[2024-01-11T13:54:47.263+0100][5105.885s] GC(312) Concurrent Mark 29.427ms
[2024-01-11T13:54:47.263+0100][5105.885s] GC(312) Concurrent Rebuild Remembered Sets
[2024-01-11T13:54:47.276+0100][5105.898s] GC(312) Concurrent Rebuild Remembered Sets 12.872ms
[2024-01-11T13:54:47.276+0100][5105.898s] GC(312) Pause Cleanup
[2024-01-11T13:54:47.276+0100][5105.898s] GC(312) Pause Cleanup 135M->135M(512M) 0.149ms
[2024-01-11T13:54:47.276+0100][5105.898s] GC(312) User=0.00s Sys=0.00s Real=0.00s
[2024-01-11T13:54:47.276+0100][5105.898s] GC(312) Concurrent Cleanup for Next Mark
[2024-01-11T13:54:47.277+0100][5105.898s] GC(312) Concurrent Cleanup for Next Mark 0.603ms
[2024-01-11T13:54:47.277+0100][5105.898s] GC(312) Concurrent Mark Cycle 43.979ms
[2024-01-11T13:54:48.416+0100][5107.038s] GC(313) Pause Young (Prepare Mixed) (G1 Evacuation Pause)
[2024-01-11T13:54:48.416+0100][5107.038s] GC(313) Using 10 workers of 10 for evacuation
[2024-01-11T13:54:48.418+0100][5107.040s] GC(313)   Pre Evacuate Collection Set: 0.1ms
[2024-01-11T13:54:48.418+0100][5107.040s] GC(313)   Merge Heap Roots: 0.1ms
[2024-01-11T13:54:48.418+0100][5107.040s] GC(313)   Evacuate Collection Set: 1.1ms
[2024-01-11T13:54:48.418+0100][5107.040s] GC(313)   Post Evacuate Collection Set: 0.5ms
[2024-01-11T13:54:48.418+0100][5107.040s] GC(313)   Other: 0.1ms
[2024-01-11T13:54:48.418+0100][5107.040s] GC(313) Eden regions: 300->0(17)
[2024-01-11T13:54:48.418+0100][5107.040s] GC(313) Survivor regions: 7->8(39)
[2024-01-11T13:54:48.418+0100][5107.040s] GC(313) Old regions: 114->114
[2024-01-11T13:54:48.418+0100][5107.040s] GC(313) Archive regions: 0->0
[2024-01-11T13:54:48.418+0100][5107.040s] GC(313) Humongous regions: 4->4
[2024-01-11T13:54:48.418+0100][5107.040s] GC(313) Metaspace: 63389K(63936K)->63389K(63936K) NonClass: 56390K(56640K)->56390K(56640K) Class: 6998K(7296K)->6998K(7296K)
[2024-01-11T13:54:48.418+0100][5107.040s] GC(313) Pause Young (Prepare Mixed) (G1 Evacuation Pause) 423M->125M(512M) 2.077ms
[2024-01-11T13:54:48.418+0100][5107.040s] GC(313) User=0.00s Sys=0.00s Real=0.00s
[2024-01-11T13:54:48.468+0100][5107.089s] GC(314) Pause Young (Mixed) (G1 Evacuation Pause)
[2024-01-11T13:54:48.468+0100][5107.089s] GC(314) Using 10 workers of 10 for evacuation
[2024-01-11T13:54:48.470+0100][5107.092s] GC(314)   Pre Evacuate Collection Set: 0.1ms
[2024-01-11T13:54:48.470+0100][5107.092s] GC(314)   Merge Heap Roots: 0.1ms
[2024-01-11T13:54:48.470+0100][5107.092s] GC(314)   Evacuate Collection Set: 1.9ms
[2024-01-11T13:54:48.470+0100][5107.092s] GC(314)   Post Evacuate Collection Set: 0.5ms
[2024-01-11T13:54:48.470+0100][5107.092s] GC(314)   Other: 0.1ms
[2024-01-11T13:54:48.470+0100][5107.092s] GC(314) Eden regions: 17->0(306)
[2024-01-11T13:54:48.470+0100][5107.092s] GC(314) Survivor regions: 8->1(4)
[2024-01-11T13:54:48.470+0100][5107.092s] GC(314) Old regions: 114->120
[2024-01-11T13:54:48.470+0100][5107.092s] GC(314) Archive regions: 0->0
[2024-01-11T13:54:48.470+0100][5107.092s] GC(314) Humongous regions: 4->4
[2024-01-11T13:54:48.470+0100][5107.092s] GC(314) Metaspace: 63389K(63936K)->63389K(63936K) NonClass: 56390K(56640K)->56390K(56640K) Class: 6998K(7296K)->6998K(7296K)
[2024-01-11T13:54:48.470+0100][5107.092s] GC(314) Pause Young (Mixed) (G1 Evacuation Pause) 142M->124M(512M) 2.876ms
[2024-01-11T13:54:48.470+0100][5107.092s] GC(314) User=0.16s Sys=0.00s Real=0.00s
[2024-01-11T13:54:49.777+0100][5108.399s] GC(315) Pause Young (Normal) (G1 Evacuation Pause)
[2024-01-11T13:54:49.777+0100][5108.399s] GC(315) Using 10 workers of 10 for evacuation
[2024-01-11T13:54:49.778+0100][5108.400s] GC(315)   Pre Evacuate Collection Set: 0.1ms
[2024-01-11T13:54:49.778+0100][5108.400s] GC(315)   Merge Heap Roots: 0.1ms
[2024-01-11T13:54:49.778+0100][5108.400s] GC(315)   Evacuate Collection Set: 0.6ms
[2024-01-11T13:54:49.778+0100][5108.400s] GC(315)   Post Evacuate Collection Set: 0.3ms
[2024-01-11T13:54:49.778+0100][5108.400s] GC(315)   Other: 0.1ms
[2024-01-11T13:54:49.778+0100][5108.401s] GC(315) Eden regions: 306->0(303)
[2024-01-11T13:54:49.778+0100][5108.401s] GC(315) Survivor regions: 1->4(39)
[2024-01-11T13:54:49.778+0100][5108.401s] GC(315) Old regions: 120->120
[2024-01-11T13:54:49.778+0100][5108.401s] GC(315) Archive regions: 0->0
[2024-01-11T13:54:49.778+0100][5108.401s] GC(315) Humongous regions: 4->4
[2024-01-11T13:54:49.778+0100][5108.401s] GC(315) Metaspace: 63389K(63936K)->63389K(63936K) NonClass: 56390K(56640K)->56390K(56640K) Class: 6998K(7296K)->6998K(7296K)
[2024-01-11T13:54:49.778+0100][5108.401s] GC(315) Pause Young (Normal) (G1 Evacuation Pause) 430M->127M(512M) 1.278ms
[2024-01-11T13:54:49.778+0100][5108.401s] GC(315) User=0.00s Sys=0.00s Real=0.00s
[2024-01-11T13:54:51.059+0100][5109.681s] GC(316) Pause Young (Normal) (G1 Evacuation Pause)
[2024-01-11T13:54:51.059+0100][5109.681s] GC(316) Using 10 workers of 10 for evacuation
[2024-01-11T13:54:51.060+0100][5109.682s] GC(316)   Pre Evacuate Collection Set: 0.1ms
[2024-01-11T13:54:51.060+0100][5109.682s] GC(316)   Merge Heap Roots: 0.1ms
[2024-01-11T13:54:51.060+0100][5109.682s] GC(316)   Evacuate Collection Set: 0.7ms
[2024-01-11T13:54:51.060+0100][5109.682s] GC(316)   Post Evacuate Collection Set: 0.4ms
[2024-01-11T13:54:51.060+0100][5109.682s] GC(316)   Other: 0.1ms
[2024-01-11T13:54:51.060+0100][5109.682s] GC(316) Eden regions: 303->0(301)
[2024-01-11T13:54:51.060+0100][5109.682s] GC(316) Survivor regions: 4->6(39)
[2024-01-11T13:54:51.060+0100][5109.682s] GC(316) Old regions: 120->120
[2024-01-11T13:54:51.060+0100][5109.683s] GC(316) Archive regions: 0->0
[2024-01-11T13:54:51.060+0100][5109.683s] GC(316) Humongous regions: 4->4
[2024-01-11T13:54:51.060+0100][5109.683s] GC(316) Metaspace: 63389K(63936K)->63389K(63936K) NonClass: 56390K(56640K)->56390K(56640K) Class: 6998K(7296K)->6998K(7296K)
[2024-01-11T13:54:51.060+0100][5109.683s] GC(316) Pause Young (Normal) (G1 Evacuation Pause) 430M->129M(512M) 1.512ms
[2024-01-11T13:54:51.060+0100][5109.683s] GC(316) User=0.00s Sys=0.00s Real=0.00s
[2024-01-11T13:54:52.323+0100][5110.946s] GC(317) Pause Young (Concurrent Start) (G1 Evacuation Pause)
[2024-01-11T13:54:52.323+0100][5110.946s] GC(317) Using 10 workers of 10 for evacuation
[2024-01-11T13:54:52.325+0100][5110.947s] GC(317)   Pre Evacuate Collection Set: 0.1ms
[2024-01-11T13:54:52.325+0100][5110.947s] GC(317)   Merge Heap Roots: 0.1ms
[2024-01-11T13:54:52.325+0100][5110.947s] GC(317)   Evacuate Collection Set: 1.1ms
[2024-01-11T13:54:52.325+0100][5110.947s] GC(317)   Post Evacuate Collection Set: 0.3ms
[2024-01-11T13:54:52.325+0100][5110.947s] GC(317)   Other: 0.1ms
[2024-01-11T13:54:52.325+0100][5110.947s] GC(317) Eden regions: 301->0(300)
[2024-01-11T13:54:52.325+0100][5110.947s] GC(317) Survivor regions: 6->7(39)
[2024-01-11T13:54:52.325+0100][5110.947s] GC(317) Old regions: 120->120
[2024-01-11T13:54:52.325+0100][5110.947s] GC(317) Archive regions: 0->0
[2024-01-11T13:54:52.325+0100][5110.947s] GC(317) Humongous regions: 4->4
[2024-01-11T13:54:52.325+0100][5110.947s] GC(317) Metaspace: 63389K(63936K)->63389K(63936K) NonClass: 56390K(56640K)->56390K(56640K) Class: 6998K(7296K)->6998K(7296K)
[2024-01-11T13:54:52.325+0100][5110.947s] GC(317) Pause Young (Concurrent Start) (G1 Evacuation Pause) 430M->130M(512M) 1.751ms
[2024-01-11T13:54:52.325+0100][5110.947s] GC(318) Concurrent Mark Cycle
[2024-01-11T13:54:52.325+0100][5110.947s] GC(317) User=0.00s Sys=0.00s Real=0.00s
[2024-01-11T13:54:52.325+0100][5110.947s] GC(318) Concurrent Clear Claimed Marks
[2024-01-11T13:54:52.325+0100][5110.947s] GC(318) Concurrent Clear Claimed Marks 0.050ms
[2024-01-11T13:54:52.325+0100][5110.947s] GC(318) Concurrent Scan Root Regions
[2024-01-11T13:54:52.326+0100][5110.948s] GC(318) Concurrent Scan Root Regions 0.642ms
[2024-01-11T13:54:52.326+0100][5110.948s] GC(318) Concurrent Mark
[2024-01-11T13:54:52.326+0100][5110.948s] GC(318) Concurrent Mark From Roots
[2024-01-11T13:54:52.326+0100][5110.948s] GC(318) Using 3 workers of 3 for marking
[2024-01-11T13:54:52.349+0100][5110.971s] GC(318) Concurrent Mark From Roots 23.051ms
[2024-01-11T13:54:52.349+0100][5110.971s] GC(318) Concurrent Preclean
[2024-01-11T13:54:52.349+0100][5110.971s] GC(318) Concurrent Preclean 0.206ms
[2024-01-11T13:54:52.349+0100][5110.972s] GC(318) Pause Remark
[2024-01-11T13:54:52.354+0100][5110.976s] GC(318) Pause Remark 136M->136M(512M) 4.767ms
[2024-01-11T13:54:52.354+0100][5110.976s] GC(318) User=0.00s Sys=0.00s Real=0.01s
[2024-01-11T13:54:52.354+0100][5110.976s] GC(318) Concurrent Mark 28.277ms
[2024-01-11T13:54:52.354+0100][5110.976s] GC(318) Concurrent Rebuild Remembered Sets
[2024-01-11T13:54:52.366+0100][5110.988s] GC(318) Concurrent Rebuild Remembered Sets 11.791ms
[2024-01-11T13:54:52.366+0100][5110.988s] GC(318) Pause Cleanup
[2024-01-11T13:54:52.366+0100][5110.988s] GC(318) Pause Cleanup 137M->137M(512M) 0.129ms
[2024-01-11T13:54:52.366+0100][5110.988s] GC(318) User=0.00s Sys=0.00s Real=0.00s
[2024-01-11T13:54:52.366+0100][5110.989s] GC(318) Concurrent Cleanup for Next Mark
[2024-01-11T13:54:52.366+0100][5110.989s] GC(318) Concurrent Cleanup for Next Mark 0.614ms
[2024-01-11T13:54:52.367+0100][5110.989s] GC(318) Concurrent Mark Cycle 41.773ms
[2024-01-11T13:54:53.534+0100][5112.155s] GC(319) Pause Young (Prepare Mixed) (G1 Evacuation Pause)
[2024-01-11T13:54:53.534+0100][5112.155s] GC(319) Using 10 workers of 10 for evacuation
[2024-01-11T13:54:53.535+0100][5112.157s] GC(319)   Pre Evacuate Collection Set: 0.1ms
[2024-01-11T13:54:53.535+0100][5112.157s] GC(319)   Merge Heap Roots: 0.1ms
[2024-01-11T13:54:53.535+0100][5112.157s] GC(319)   Evacuate Collection Set: 1.1ms
[2024-01-11T13:54:53.535+0100][5112.157s] GC(319)   Post Evacuate Collection Set: 0.4ms
[2024-01-11T13:54:53.535+0100][5112.157s] GC(319)   Other: 0.1ms
[2024-01-11T13:54:53.535+0100][5112.157s] GC(319) Eden regions: 300->0(16)
[2024-01-11T13:54:53.535+0100][5112.157s] GC(319) Survivor regions: 7->9(39)
[2024-01-11T13:54:53.535+0100][5112.157s] GC(319) Old regions: 120->120
[2024-01-11T13:54:53.535+0100][5112.157s] GC(319) Archive regions: 0->0
[2024-01-11T13:54:53.535+0100][5112.157s] GC(319) Humongous regions: 4->4
[2024-01-11T13:54:53.535+0100][5112.157s] GC(319) Metaspace: 63389K(63936K)->63389K(63936K) NonClass: 56390K(56640K)->56390K(56640K) Class: 6998K(7296K)->6998K(7296K)
[2024-01-11T13:54:53.535+0100][5112.157s] GC(319) Pause Young (Prepare Mixed) (G1 Evacuation Pause) 430M->132M(512M) 1.983ms
[2024-01-11T13:54:53.536+0100][5112.157s] GC(319) User=0.00s Sys=0.00s Real=0.00s
[2024-01-11T13:54:53.608+0100][5112.229s] GC(320) Pause Young (Mixed) (G1 Evacuation Pause)
[2024-01-11T13:54:53.608+0100][5112.230s] GC(320) Using 10 workers of 10 for evacuation
[2024-01-11T13:54:53.610+0100][5112.232s] GC(320)   Pre Evacuate Collection Set: 0.1ms
[2024-01-11T13:54:53.610+0100][5112.232s] GC(320)   Merge Heap Roots: 0.1ms
[2024-01-11T13:54:53.610+0100][5112.232s] GC(320)   Evacuate Collection Set: 1.5ms
[2024-01-11T13:54:53.610+0100][5112.232s] GC(320)   Post Evacuate Collection Set: 0.3ms
[2024-01-11T13:54:53.610+0100][5112.232s] GC(320)   Other: 0.1ms
[2024-01-11T13:54:53.610+0100][5112.232s] GC(320) Eden regions: 16->0(306)
[2024-01-11T13:54:53.610+0100][5112.232s] GC(320) Survivor regions: 9->1(4)
[2024-01-11T13:54:53.610+0100][5112.232s] GC(320) Old regions: 120->127
[2024-01-11T13:54:53.610+0100][5112.232s] GC(320) Archive regions: 0->0
[2024-01-11T13:54:53.610+0100][5112.232s] GC(320) Humongous regions: 4->4
[2024-01-11T13:54:53.610+0100][5112.232s] GC(320) Metaspace: 63389K(63936K)->63389K(63936K) NonClass: 56390K(56640K)->56390K(56640K) Class: 6998K(7296K)->6998K(7296K)
[2024-01-11T13:54:53.610+0100][5112.232s] GC(320) Pause Young (Mixed) (G1 Evacuation Pause) 148M->131M(512M) 2.259ms
[2024-01-11T13:54:53.610+0100][5112.232s] GC(320) User=0.00s Sys=0.03s Real=0.00s
[2024-01-11T14:01:18.614+0100][5497.236s] GC(321) Pause Young (Concurrent Start) (CodeCache GC Threshold)
[2024-01-11T14:01:18.614+0100][5497.236s] GC(321) Using 10 workers of 10 for evacuation
[2024-01-11T14:01:18.618+0100][5497.240s] GC(321)   Pre Evacuate Collection Set: 0.2ms
[2024-01-11T14:01:18.618+0100][5497.240s] GC(321)   Merge Heap Roots: 0.1ms
[2024-01-11T14:01:18.618+0100][5497.240s] GC(321)   Evacuate Collection Set: 3.0ms
[2024-01-11T14:01:18.618+0100][5497.240s] GC(321)   Post Evacuate Collection Set: 0.5ms
[2024-01-11T14:01:18.618+0100][5497.240s] GC(321)   Other: 0.2ms
[2024-01-11T14:01:18.618+0100][5497.240s] GC(321) Eden regions: 244->0(301)
[2024-01-11T14:01:18.618+0100][5497.240s] GC(321) Survivor regions: 1->6(39)
[2024-01-11T14:01:18.618+0100][5497.240s] GC(321) Old regions: 127->127
[2024-01-11T14:01:18.618+0100][5497.240s] GC(321) Archive regions: 0->0
[2024-01-11T14:01:18.618+0100][5497.240s] GC(321) Humongous regions: 4->4
[2024-01-11T14:01:18.618+0100][5497.240s] GC(321) Metaspace: 63776K(64256K)->63776K(64256K) NonClass: 56741K(56960K)->56741K(56960K) Class: 7035K(7296K)->7035K(7296K)
[2024-01-11T14:01:18.618+0100][5497.240s] GC(321) Pause Young (Concurrent Start) (CodeCache GC Threshold) 375M->136M(512M) 4.365ms
[2024-01-11T14:01:18.618+0100][5497.240s] GC(321) User=0.00s Sys=0.00s Real=0.00s
[2024-01-11T14:01:18.618+0100][5497.241s] GC(322) Concurrent Mark Cycle
[2024-01-11T14:01:18.618+0100][5497.241s] GC(322) Concurrent Clear Claimed Marks
[2024-01-11T14:01:18.618+0100][5497.241s] GC(322) Concurrent Clear Claimed Marks 0.052ms
[2024-01-11T14:01:18.618+0100][5497.241s] GC(322) Concurrent Scan Root Regions
[2024-01-11T14:01:18.620+0100][5497.242s] GC(322) Concurrent Scan Root Regions 1.726ms
[2024-01-11T14:01:18.620+0100][5497.242s] GC(322) Concurrent Mark
[2024-01-11T14:01:18.621+0100][5497.242s] GC(322) Concurrent Mark From Roots
[2024-01-11T14:01:18.621+0100][5497.242s] GC(322) Using 3 workers of 3 for marking
[2024-01-11T14:01:18.643+0100][5497.265s] GC(322) Concurrent Mark From Roots 22.568ms
[2024-01-11T14:01:18.643+0100][5497.265s] GC(322) Concurrent Preclean
[2024-01-11T14:01:18.643+0100][5497.265s] GC(322) Concurrent Preclean 0.240ms
[2024-01-11T14:01:18.644+0100][5497.265s] GC(322) Pause Remark
[2024-01-11T14:01:18.657+0100][5497.279s] GC(322) Pause Remark 136M->136M(512M) 13.107ms
[2024-01-11T14:01:18.657+0100][5497.279s] GC(322) User=0.03s Sys=0.00s Real=0.01s
[2024-01-11T14:01:18.657+0100][5497.279s] GC(322) Concurrent Mark 36.288ms
[2024-01-11T14:01:18.657+0100][5497.279s] GC(322) Concurrent Rebuild Remembered Sets
[2024-01-11T14:01:18.674+0100][5497.296s] GC(322) Concurrent Rebuild Remembered Sets 17.271ms
[2024-01-11T14:01:18.674+0100][5497.296s] GC(322) Pause Cleanup
[2024-01-11T14:01:18.674+0100][5497.296s] GC(322) Pause Cleanup 137M->137M(512M) 0.192ms
[2024-01-11T14:01:18.675+0100][5497.296s] GC(322) User=0.00s Sys=0.00s Real=0.00s
[2024-01-11T14:01:18.675+0100][5497.296s] GC(322) Concurrent Cleanup for Next Mark
[2024-01-11T14:01:18.676+0100][5497.298s] GC(322) Concurrent Cleanup for Next Mark 1.206ms
[2024-01-11T14:01:18.676+0100][5497.298s] GC(322) Concurrent Mark Cycle 57.128ms
[2024-01-11T14:02:03.217+0100][5541.840s] Heap
[2024-01-11T14:02:03.218+0100][5541.840s]  garbage-first heap   total 524288K, used 155212K [0x00000000e0000000, 0x0000000100000000)
[2024-01-11T14:02:03.218+0100][5541.840s]   region size 1024K, 22 young (22528K), 6 survivors (6144K)
[2024-01-11T14:02:03.218+0100][5541.840s]  Metaspace       used 63937K, committed 64384K, reserved 1114112K
[2024-01-11T14:02:03.218+0100][5541.840s]   class space    used 7061K, committed 7296K, reserved 1048576K
