[2023-12-18T19:31:17.505+0100][0.010s] CardTable entry size: 512
[2023-12-18T19:31:17.505+0100][0.010s] Using G1
[2023-12-18T19:31:17.617+0100][0.123s] Version: 19.0.1+10-21 (release)
[2023-12-18T19:31:17.617+0100][0.123s] CPUs: 12 total, 12 available
[2023-12-18T19:31:17.617+0100][0.123s] Memory: 16220M
[2023-12-18T19:31:17.617+0100][0.123s] Large Page Support: Disabled
[2023-12-18T19:31:17.617+0100][0.123s] NUMA Support: Disabled
[2023-12-18T19:31:17.617+0100][0.123s] Compressed Oops: Enabled (32-bit)
[2023-12-18T19:31:17.617+0100][0.123s] Heap Region Size: 1M
[2023-12-18T19:31:17.617+0100][0.123s] Heap Min Capacity: 512M
[2023-12-18T19:31:17.617+0100][0.123s] Heap Initial Capacity: 512M
[2023-12-18T19:31:17.617+0100][0.123s] Heap Max Capacity: 512M
[2023-12-18T19:31:17.617+0100][0.123s] Pre-touch: Enabled
[2023-12-18T19:31:17.617+0100][0.123s] Parallel Workers: 10
[2023-12-18T19:31:17.617+0100][0.123s] Concurrent Workers: 3
[2023-12-18T19:31:17.617+0100][0.123s] Concurrent Refinement Workers: 10
[2023-12-18T19:31:17.617+0100][0.123s] Periodic GC: Disabled
[2023-12-18T19:31:17.618+0100][0.124s] CDS archive(s) mapped at: [0x0000000800000000-0x0000000800c40000-0x0000000800c40000), size 12845056, SharedBaseAddress: 0x0000000800000000, ArchiveRelocationMode: 0.
[2023-12-18T19:31:17.618+0100][0.124s] Compressed class space mapped at: 0x0000000801000000-0x0000000841000000, reserved size: 1073741824
[2023-12-18T19:31:17.618+0100][0.124s] Narrow klass base: 0x0000000800000000, Narrow klass shift: 0, Narrow klass range: 0x100000000
[2023-12-18T19:31:18.093+0100][0.600s] GC(0) Pause Young (Normal) (G1 Evacuation Pause)
[2023-12-18T19:31:18.094+0100][0.600s] GC(0) Using 10 workers of 10 for evacuation
[2023-12-18T19:31:18.096+0100][0.602s] GC(0)   Pre Evacuate Collection Set: 0.0ms
[2023-12-18T19:31:18.096+0100][0.602s] GC(0)   Merge Heap Roots: 0.0ms
[2023-12-18T19:31:18.096+0100][0.602s] GC(0)   Evacuate Collection Set: 1.4ms
[2023-12-18T19:31:18.096+0100][0.602s] GC(0)   Post Evacuate Collection Set: 0.2ms
[2023-12-18T19:31:18.096+0100][0.602s] GC(0)   Other: 0.3ms
[2023-12-18T19:31:18.096+0100][0.602s] GC(0) Eden regions: 29->0(43)
[2023-12-18T19:31:18.096+0100][0.602s] GC(0) Survivor regions: 0->4(4)
[2023-12-18T19:31:18.096+0100][0.602s] GC(0) Old regions: 0->0
[2023-12-18T19:31:18.096+0100][0.602s] GC(0) Archive regions: 0->0
[2023-12-18T19:31:18.096+0100][0.602s] GC(0) Humongous regions: 0->0
[2023-12-18T19:31:18.096+0100][0.602s] GC(0) Metaspace: 6537K(6784K)->6537K(6784K) NonClass: 5809K(5952K)->5809K(5952K) Class: 728K(832K)->728K(832K)
[2023-12-18T19:31:18.096+0100][0.602s] GC(0) Pause Young (Normal) (G1 Evacuation Pause) 29M->3M(512M) 2.260ms
[2023-12-18T19:31:18.096+0100][0.602s] GC(0) User=0.02s Sys=0.02s Real=0.00s
[2023-12-18T19:31:27.758+0100][10.264s] GC(1) Pause Young (Normal) (G1 Evacuation Pause)
[2023-12-18T19:31:27.758+0100][10.264s] GC(1) Using 10 workers of 10 for evacuation
[2023-12-18T19:31:27.765+0100][10.270s] GC(1)   Pre Evacuate Collection Set: 0.1ms
[2023-12-18T19:31:27.765+0100][10.270s] GC(1)   Merge Heap Roots: 0.1ms
[2023-12-18T19:31:27.765+0100][10.270s] GC(1)   Evacuate Collection Set: 5.8ms
[2023-12-18T19:31:27.765+0100][10.270s] GC(1)   Post Evacuate Collection Set: 0.5ms
[2023-12-18T19:31:27.765+0100][10.270s] GC(1)   Other: 0.0ms
[2023-12-18T19:31:27.765+0100][10.270s] GC(1) Eden regions: 43->0(214)
[2023-12-18T19:31:27.765+0100][10.270s] GC(1) Survivor regions: 4->6(6)
[2023-12-18T19:31:27.765+0100][10.270s] GC(1) Old regions: 0->8
[2023-12-18T19:31:27.765+0100][10.270s] GC(1) Archive regions: 0->0
[2023-12-18T19:31:27.765+0100][10.270s] GC(1) Humongous regions: 4->4
[2023-12-18T19:31:27.765+0100][10.270s] GC(1) Metaspace: 18155K(18496K)->18155K(18496K) NonClass: 16127K(16320K)->16127K(16320K) Class: 2027K(2176K)->2027K(2176K)
[2023-12-18T19:31:27.765+0100][10.270s] GC(1) Pause Young (Normal) (G1 Evacuation Pause) 50M->17M(512M) 6.705ms
[2023-12-18T19:31:27.765+0100][10.270s] GC(1) User=0.00s Sys=0.00s Real=0.01s
[2023-12-18T19:31:28.441+0100][10.946s] GC(2) Pause Young (Normal) (G1 Evacuation Pause)
[2023-12-18T19:31:28.441+0100][10.946s] GC(2) Using 10 workers of 10 for evacuation
[2023-12-18T19:31:28.445+0100][10.950s] GC(2)   Pre Evacuate Collection Set: 0.1ms
[2023-12-18T19:31:28.445+0100][10.950s] GC(2)   Merge Heap Roots: 0.0ms
[2023-12-18T19:31:28.445+0100][10.950s] GC(2)   Evacuate Collection Set: 2.7ms
[2023-12-18T19:31:28.445+0100][10.950s] GC(2)   Post Evacuate Collection Set: 0.6ms
[2023-12-18T19:31:28.445+0100][10.950s] GC(2)   Other: 0.1ms
[2023-12-18T19:31:28.445+0100][10.950s] GC(2) Eden regions: 214->0(296)
[2023-12-18T19:31:28.445+0100][10.950s] GC(2) Survivor regions: 6->11(28)
[2023-12-18T19:31:28.445+0100][10.950s] GC(2) Old regions: 8->8
[2023-12-18T19:31:28.445+0100][10.950s] GC(2) Archive regions: 0->0
[2023-12-18T19:31:28.445+0100][10.950s] GC(2) Humongous regions: 4->4
[2023-12-18T19:31:28.445+0100][10.950s] GC(2) Metaspace: 19514K(19904K)->19514K(19904K) NonClass: 17337K(17536K)->17337K(17536K) Class: 2176K(2368K)->2176K(2368K)
[2023-12-18T19:31:28.445+0100][10.950s] GC(2) Pause Young (Normal) (G1 Evacuation Pause) 231M->22M(512M) 3.801ms
[2023-12-18T19:31:28.445+0100][10.950s] GC(2) User=0.00s Sys=0.00s Real=0.00s
[2023-12-18T19:31:28.547+0100][11.053s] GC(3) Pause Young (Concurrent Start) (Metadata GC Threshold)
[2023-12-18T19:31:28.547+0100][11.053s] GC(3) Using 10 workers of 10 for evacuation
[2023-12-18T19:31:28.550+0100][11.056s] GC(3)   Pre Evacuate Collection Set: 0.1ms
[2023-12-18T19:31:28.550+0100][11.056s] GC(3)   Merge Heap Roots: 0.1ms
[2023-12-18T19:31:28.550+0100][11.056s] GC(3)   Evacuate Collection Set: 2.8ms
[2023-12-18T19:31:28.550+0100][11.056s] GC(3)   Post Evacuate Collection Set: 0.4ms
[2023-12-18T19:31:28.550+0100][11.056s] GC(3)   Other: 0.1ms
[2023-12-18T19:31:28.550+0100][11.056s] GC(3) Eden regions: 13->0(295)
[2023-12-18T19:31:28.550+0100][11.056s] GC(3) Survivor regions: 11->12(39)
[2023-12-18T19:31:28.550+0100][11.056s] GC(3) Old regions: 8->8
[2023-12-18T19:31:28.550+0100][11.056s] GC(3) Archive regions: 0->0
[2023-12-18T19:31:28.550+0100][11.056s] GC(3) Humongous regions: 4->4
[2023-12-18T19:31:28.550+0100][11.056s] GC(3) Metaspace: 21086K(21504K)->21086K(21504K) NonClass: 18752K(18944K)->18752K(18944K) Class: 2334K(2560K)->2334K(2560K)
[2023-12-18T19:31:28.550+0100][11.056s] GC(3) Pause Young (Concurrent Start) (Metadata GC Threshold) 35M->23M(512M) 3.718ms
[2023-12-18T19:31:28.550+0100][11.056s] GC(4) Concurrent Mark Cycle
[2023-12-18T19:31:28.550+0100][11.056s] GC(3) User=0.00s Sys=0.00s Real=0.00s
[2023-12-18T19:31:28.550+0100][11.056s] GC(4) Concurrent Clear Claimed Marks
[2023-12-18T19:31:28.550+0100][11.056s] GC(4) Concurrent Clear Claimed Marks 0.035ms
[2023-12-18T19:31:28.550+0100][11.056s] GC(4) Concurrent Scan Root Regions
[2023-12-18T19:31:28.552+0100][11.058s] GC(4) Concurrent Scan Root Regions 1.546ms
[2023-12-18T19:31:28.552+0100][11.058s] GC(4) Concurrent Mark
[2023-12-18T19:31:28.552+0100][11.058s] GC(4) Concurrent Mark From Roots
[2023-12-18T19:31:28.552+0100][11.058s] GC(4) Using 3 workers of 3 for marking
[2023-12-18T19:31:28.556+0100][11.062s] GC(4) Concurrent Mark From Roots 4.014ms
[2023-12-18T19:31:28.556+0100][11.062s] GC(4) Concurrent Preclean
[2023-12-18T19:31:28.556+0100][11.062s] GC(4) Concurrent Preclean 0.054ms
[2023-12-18T19:31:28.556+0100][11.062s] GC(4) Pause Remark
[2023-12-18T19:31:28.557+0100][11.063s] GC(4) Pause Remark 24M->24M(512M) 1.178ms
[2023-12-18T19:31:28.557+0100][11.063s] GC(4) User=0.00s Sys=0.00s Real=0.00s
[2023-12-18T19:31:28.557+0100][11.063s] GC(4) Concurrent Mark 5.512ms
[2023-12-18T19:31:28.557+0100][11.063s] GC(4) Concurrent Rebuild Remembered Sets
[2023-12-18T19:31:28.557+0100][11.063s] GC(4) Concurrent Rebuild Remembered Sets 0.010ms
[2023-12-18T19:31:28.558+0100][11.064s] GC(4) Pause Cleanup
[2023-12-18T19:31:28.558+0100][11.064s] GC(4) Pause Cleanup 24M->24M(512M) 0.028ms
[2023-12-18T19:31:28.558+0100][11.064s] GC(4) User=0.00s Sys=0.00s Real=0.00s
[2023-12-18T19:31:28.558+0100][11.064s] GC(4) Concurrent Cleanup for Next Mark
[2023-12-18T19:31:28.559+0100][11.065s] GC(4) Concurrent Cleanup for Next Mark 0.970ms
[2023-12-18T19:31:28.559+0100][11.065s] GC(4) Concurrent Mark Cycle 8.398ms
[2023-12-18T19:31:28.764+0100][11.269s] GC(5) Pause Young (Concurrent Start) (CodeCache GC Threshold)
[2023-12-18T19:31:28.764+0100][11.269s] GC(5) Using 10 workers of 10 for evacuation
[2023-12-18T19:31:28.768+0100][11.273s] GC(5)   Pre Evacuate Collection Set: 0.1ms
[2023-12-18T19:31:28.768+0100][11.273s] GC(5)   Merge Heap Roots: 0.1ms
[2023-12-18T19:31:28.768+0100][11.273s] GC(5)   Evacuate Collection Set: 2.9ms
[2023-12-18T19:31:28.768+0100][11.273s] GC(5)   Post Evacuate Collection Set: 0.6ms
[2023-12-18T19:31:28.768+0100][11.273s] GC(5)   Other: 0.1ms
[2023-12-18T19:31:28.768+0100][11.273s] GC(5) Eden regions: 35->0(293)
[2023-12-18T19:31:28.768+0100][11.273s] GC(5) Survivor regions: 12->14(39)
[2023-12-18T19:31:28.768+0100][11.273s] GC(5) Old regions: 8->8
[2023-12-18T19:31:28.768+0100][11.273s] GC(5) Archive regions: 0->0
[2023-12-18T19:31:28.768+0100][11.273s] GC(5) Humongous regions: 5->4
[2023-12-18T19:31:28.768+0100][11.273s] GC(5) Metaspace: 23711K(24128K)->23711K(24128K) NonClass: 20994K(21248K)->20994K(21248K) Class: 2717K(2880K)->2717K(2880K)
[2023-12-18T19:31:28.768+0100][11.273s] GC(5) Pause Young (Concurrent Start) (CodeCache GC Threshold) 59M->25M(512M) 3.982ms
[2023-12-18T19:31:28.768+0100][11.273s] GC(6) Concurrent Mark Cycle
[2023-12-18T19:31:28.768+0100][11.273s] GC(5) User=0.16s Sys=0.00s Real=0.00s
[2023-12-18T19:31:28.768+0100][11.273s] GC(6) Concurrent Clear Claimed Marks
[2023-12-18T19:31:28.768+0100][11.273s] GC(6) Concurrent Clear Claimed Marks 0.095ms
[2023-12-18T19:31:28.768+0100][11.273s] GC(6) Concurrent Scan Root Regions
[2023-12-18T19:31:28.769+0100][11.276s] GC(6) Concurrent Scan Root Regions 2.208ms
[2023-12-18T19:31:28.769+0100][11.276s] GC(6) Concurrent Mark
[2023-12-18T19:31:28.769+0100][11.276s] GC(6) Concurrent Mark From Roots
[2023-12-18T19:31:28.769+0100][11.276s] GC(6) Using 3 workers of 3 for marking
[2023-12-18T19:31:28.774+0100][11.280s] GC(6) Concurrent Mark From Roots 4.148ms
[2023-12-18T19:31:28.774+0100][11.280s] GC(6) Concurrent Preclean
[2023-12-18T19:31:28.774+0100][11.280s] GC(6) Concurrent Preclean 0.035ms
[2023-12-18T19:31:28.774+0100][11.280s] GC(6) Pause Remark
[2023-12-18T19:31:28.775+0100][11.281s] GC(6) Pause Remark 26M->26M(512M) 1.125ms
[2023-12-18T19:31:28.775+0100][11.281s] GC(6) User=0.00s Sys=0.00s Real=0.00s
[2023-12-18T19:31:28.775+0100][11.281s] GC(6) Concurrent Mark 5.560ms
[2023-12-18T19:31:28.775+0100][11.281s] GC(6) Concurrent Rebuild Remembered Sets
[2023-12-18T19:31:28.775+0100][11.281s] GC(6) Concurrent Rebuild Remembered Sets 0.009ms
[2023-12-18T19:31:28.775+0100][11.281s] GC(6) Pause Cleanup
[2023-12-18T19:31:28.775+0100][11.281s] GC(6) Pause Cleanup 26M->26M(512M) 0.035ms
[2023-12-18T19:31:28.775+0100][11.281s] GC(6) User=0.00s Sys=0.00s Real=0.00s
[2023-12-18T19:31:28.775+0100][11.281s] GC(6) Concurrent Cleanup for Next Mark
[2023-12-18T19:31:28.777+0100][11.282s] GC(6) Concurrent Cleanup for Next Mark 0.831ms
[2023-12-18T19:31:28.777+0100][11.282s] GC(6) Concurrent Mark Cycle 8.970ms
[2023-12-18T19:32:06.227+0100][48.732s] GC(7) Pause Young (Concurrent Start) (Metadata GC Threshold)
[2023-12-18T19:32:06.227+0100][48.732s] GC(7) Using 10 workers of 10 for evacuation
[2023-12-18T19:32:06.233+0100][48.739s] GC(7)   Pre Evacuate Collection Set: 0.2ms
[2023-12-18T19:32:06.233+0100][48.739s] GC(7)   Merge Heap Roots: 0.1ms
[2023-12-18T19:32:06.233+0100][48.739s] GC(7)   Evacuate Collection Set: 5.6ms
[2023-12-18T19:32:06.233+0100][48.739s] GC(7)   Post Evacuate Collection Set: 0.8ms
[2023-12-18T19:32:06.233+0100][48.739s] GC(7)   Other: 0.1ms
[2023-12-18T19:32:06.233+0100][48.739s] GC(7) Eden regions: 135->0(287)
[2023-12-18T19:32:06.233+0100][48.739s] GC(7) Survivor regions: 14->20(39)
[2023-12-18T19:32:06.233+0100][48.739s] GC(7) Old regions: 8->8
[2023-12-18T19:32:06.233+0100][48.739s] GC(7) Archive regions: 0->0
[2023-12-18T19:32:06.233+0100][48.739s] GC(7) Humongous regions: 4->4
[2023-12-18T19:32:06.233+0100][48.739s] GC(7) Metaspace: 39878K(40320K)->39878K(40320K) NonClass: 35278K(35520K)->35278K(35520K) Class: 4600K(4800K)->4600K(4800K)
[2023-12-18T19:32:06.234+0100][48.739s] GC(7) Pause Young (Concurrent Start) (Metadata GC Threshold) 159M->31M(512M) 6.991ms
[2023-12-18T19:32:06.234+0100][48.739s] GC(8) Concurrent Mark Cycle
[2023-12-18T19:32:06.234+0100][48.739s] GC(7) User=0.00s Sys=0.00s Real=0.01s
[2023-12-18T19:32:06.234+0100][48.739s] GC(8) Concurrent Clear Claimed Marks
[2023-12-18T19:32:06.234+0100][48.739s] GC(8) Concurrent Clear Claimed Marks 0.146ms
[2023-12-18T19:32:06.234+0100][48.739s] GC(8) Concurrent Scan Root Regions
[2023-12-18T19:32:06.237+0100][48.742s] GC(8) Concurrent Scan Root Regions 3.256ms
[2023-12-18T19:32:06.237+0100][48.742s] GC(8) Concurrent Mark
[2023-12-18T19:32:06.237+0100][48.742s] GC(8) Concurrent Mark From Roots
[2023-12-18T19:32:06.237+0100][48.742s] GC(8) Using 3 workers of 3 for marking
[2023-12-18T19:32:06.242+0100][48.747s] GC(8) Concurrent Mark From Roots 5.206ms
[2023-12-18T19:32:06.242+0100][48.748s] GC(8) Concurrent Preclean
[2023-12-18T19:32:06.242+0100][48.748s] GC(8) Concurrent Preclean 0.070ms
[2023-12-18T19:32:06.242+0100][48.748s] GC(8) Pause Remark
[2023-12-18T19:32:06.244+0100][48.749s] GC(8) Pause Remark 33M->33M(512M) 1.598ms
[2023-12-18T19:32:06.244+0100][48.749s] GC(8) User=0.00s Sys=0.00s Real=0.00s
[2023-12-18T19:32:06.244+0100][48.749s] GC(8) Concurrent Mark 7.122ms
[2023-12-18T19:32:06.244+0100][48.749s] GC(8) Concurrent Rebuild Remembered Sets
[2023-12-18T19:32:06.244+0100][48.749s] GC(8) Concurrent Rebuild Remembered Sets 0.009ms
[2023-12-18T19:32:06.244+0100][48.750s] GC(8) Pause Cleanup
[2023-12-18T19:32:06.244+0100][48.750s] GC(8) Pause Cleanup 33M->33M(512M) 0.053ms
[2023-12-18T19:32:06.244+0100][48.750s] GC(8) User=0.00s Sys=0.00s Real=0.00s
[2023-12-18T19:32:06.244+0100][48.750s] GC(8) Concurrent Cleanup for Next Mark
[2023-12-18T19:32:06.246+0100][48.751s] GC(8) Concurrent Cleanup for Next Mark 1.139ms
[2023-12-18T19:32:06.246+0100][48.751s] GC(8) Concurrent Mark Cycle 12.055ms
[2023-12-18T19:32:06.528+0100][49.033s] GC(9) Pause Young (Concurrent Start) (CodeCache GC Threshold)
[2023-12-18T19:32:06.528+0100][49.033s] GC(9) Using 10 workers of 10 for evacuation
[2023-12-18T19:32:06.535+0100][49.041s] GC(9)   Pre Evacuate Collection Set: 0.2ms
[2023-12-18T19:32:06.535+0100][49.041s] GC(9)   Merge Heap Roots: 0.1ms
[2023-12-18T19:32:06.535+0100][49.041s] GC(9)   Evacuate Collection Set: 6.1ms
[2023-12-18T19:32:06.535+0100][49.041s] GC(9)   Post Evacuate Collection Set: 0.7ms
[2023-12-18T19:32:06.535+0100][49.041s] GC(9)   Other: 0.0ms
[2023-12-18T19:32:06.535+0100][49.041s] GC(9) Eden regions: 72->0(284)
[2023-12-18T19:32:06.535+0100][49.041s] GC(9) Survivor regions: 20->23(39)
[2023-12-18T19:32:06.535+0100][49.041s] GC(9) Old regions: 8->8
[2023-12-18T19:32:06.535+0100][49.041s] GC(9) Archive regions: 0->0
[2023-12-18T19:32:06.535+0100][49.041s] GC(9) Humongous regions: 4->4
[2023-12-18T19:32:06.535+0100][49.041s] GC(9) Metaspace: 44557K(45120K)->44557K(45120K) NonClass: 39338K(39616K)->39338K(39616K) Class: 5218K(5504K)->5218K(5504K)
[2023-12-18T19:32:06.535+0100][49.041s] GC(9) Pause Young (Concurrent Start) (CodeCache GC Threshold) 103M->34M(512M) 7.328ms
[2023-12-18T19:32:06.535+0100][49.041s] GC(10) Concurrent Mark Cycle
[2023-12-18T19:32:06.535+0100][49.041s] GC(9) User=0.17s Sys=0.00s Real=0.01s
[2023-12-18T19:32:06.535+0100][49.041s] GC(10) Concurrent Clear Claimed Marks
[2023-12-18T19:32:06.535+0100][49.041s] GC(10) Concurrent Clear Claimed Marks 0.090ms
[2023-12-18T19:32:06.535+0100][49.041s] GC(10) Concurrent Scan Root Regions
[2023-12-18T19:32:06.539+0100][49.045s] GC(10) Concurrent Scan Root Regions 3.792ms
[2023-12-18T19:32:06.539+0100][49.045s] GC(10) Concurrent Mark
[2023-12-18T19:32:06.539+0100][49.045s] GC(10) Concurrent Mark From Roots
[2023-12-18T19:32:06.539+0100][49.045s] GC(10) Using 3 workers of 3 for marking
[2023-12-18T19:32:06.545+0100][49.051s] GC(10) Concurrent Mark From Roots 6.046ms
[2023-12-18T19:32:06.545+0100][49.051s] GC(10) Concurrent Preclean
[2023-12-18T19:32:06.545+0100][49.051s] GC(10) Concurrent Preclean 0.048ms
[2023-12-18T19:32:06.546+0100][49.051s] GC(10) Pause Remark
[2023-12-18T19:32:06.547+0100][49.052s] GC(10) Pause Remark 36M->36M(512M) 1.508ms
[2023-12-18T19:32:06.547+0100][49.052s] GC(10) User=0.00s Sys=0.00s Real=0.00s
[2023-12-18T19:32:06.547+0100][49.052s] GC(10) Concurrent Mark 7.855ms
[2023-12-18T19:32:06.547+0100][49.053s] GC(10) Concurrent Rebuild Remembered Sets
[2023-12-18T19:32:06.547+0100][49.053s] GC(10) Concurrent Rebuild Remembered Sets 0.015ms
[2023-12-18T19:32:06.547+0100][49.053s] GC(10) Pause Cleanup
[2023-12-18T19:32:06.547+0100][49.053s] GC(10) Pause Cleanup 36M->36M(512M) 0.021ms
[2023-12-18T19:32:06.547+0100][49.053s] GC(10) User=0.00s Sys=0.00s Real=0.00s
[2023-12-18T19:32:06.547+0100][49.053s] GC(10) Concurrent Cleanup for Next Mark
[2023-12-18T19:32:06.548+0100][49.054s] GC(10) Concurrent Cleanup for Next Mark 0.891ms
[2023-12-18T19:32:06.548+0100][49.054s] GC(10) Concurrent Mark Cycle 12.941ms
[2023-12-18T19:32:06.550+0100][49.055s] GC(11) Pause Young (Concurrent Start) (CodeCache GC Threshold)
[2023-12-18T19:32:06.550+0100][49.055s] GC(11) Using 10 workers of 10 for evacuation
[2023-12-18T19:32:06.558+0100][49.063s] GC(11)   Pre Evacuate Collection Set: 0.1ms
[2023-12-18T19:32:06.558+0100][49.063s] GC(11)   Merge Heap Roots: 0.0ms
[2023-12-18T19:32:06.558+0100][49.063s] GC(11)   Evacuate Collection Set: 7.0ms
[2023-12-18T19:32:06.558+0100][49.063s] GC(11)   Post Evacuate Collection Set: 0.7ms
[2023-12-18T19:32:06.558+0100][49.063s] GC(11)   Other: 0.1ms
[2023-12-18T19:32:06.558+0100][49.063s] GC(11) Eden regions: 2->0(291)
[2023-12-18T19:32:06.558+0100][49.063s] GC(11) Survivor regions: 23->16(39)
[2023-12-18T19:32:06.558+0100][49.063s] GC(11) Old regions: 8->14
[2023-12-18T19:32:06.558+0100][49.063s] GC(11) Archive regions: 0->0
[2023-12-18T19:32:06.558+0100][49.063s] GC(11) Humongous regions: 4->4
[2023-12-18T19:32:06.558+0100][49.063s] GC(11) Metaspace: 44687K(45184K)->44687K(45184K) NonClass: 39445K(39680K)->39445K(39680K) Class: 5242K(5504K)->5242K(5504K)
[2023-12-18T19:32:06.558+0100][49.063s] GC(11) Pause Young (Concurrent Start) (CodeCache GC Threshold) 36M->33M(512M) 8.074ms
[2023-12-18T19:32:06.558+0100][49.063s] GC(12) Concurrent Mark Cycle
[2023-12-18T19:32:06.558+0100][49.063s] GC(11) User=0.00s Sys=0.00s Real=0.01s
[2023-12-18T19:32:06.558+0100][49.063s] GC(12) Concurrent Clear Claimed Marks
[2023-12-18T19:32:06.558+0100][49.063s] GC(12) Concurrent Clear Claimed Marks 0.083ms
[2023-12-18T19:32:06.558+0100][49.063s] GC(12) Concurrent Scan Root Regions
[2023-12-18T19:32:06.562+0100][49.067s] GC(12) Concurrent Scan Root Regions 4.176ms
[2023-12-18T19:32:06.562+0100][49.067s] GC(12) Concurrent Mark
[2023-12-18T19:32:06.562+0100][49.067s] GC(12) Concurrent Mark From Roots
[2023-12-18T19:32:06.562+0100][49.067s] GC(12) Using 3 workers of 3 for marking
[2023-12-18T19:32:06.568+0100][49.073s] GC(12) Concurrent Mark From Roots 5.490ms
[2023-12-18T19:32:06.568+0100][49.073s] GC(12) Concurrent Preclean
[2023-12-18T19:32:06.568+0100][49.073s] GC(12) Concurrent Preclean 0.047ms
[2023-12-18T19:32:06.568+0100][49.073s] GC(12) Pause Remark
[2023-12-18T19:32:06.569+0100][49.074s] GC(12) Pause Remark 36M->36M(512M) 0.947ms
[2023-12-18T19:32:06.569+0100][49.074s] GC(12) User=0.00s Sys=0.00s Real=0.00s
[2023-12-18T19:32:06.569+0100][49.074s] GC(12) Concurrent Mark 6.672ms
[2023-12-18T19:32:06.569+0100][49.074s] GC(12) Concurrent Rebuild Remembered Sets
[2023-12-18T19:32:06.569+0100][49.074s] GC(12) Concurrent Rebuild Remembered Sets 0.014ms
[2023-12-18T19:32:06.569+0100][49.074s] GC(12) Pause Cleanup
[2023-12-18T19:32:06.569+0100][49.074s] GC(12) Pause Cleanup 36M->36M(512M) 0.015ms
[2023-12-18T19:32:06.569+0100][49.074s] GC(12) User=0.00s Sys=0.00s Real=0.00s
[2023-12-18T19:32:06.569+0100][49.074s] GC(12) Concurrent Cleanup for Next Mark
[2023-12-18T19:32:06.570+0100][49.075s] GC(12) Concurrent Cleanup for Next Mark 0.840ms
[2023-12-18T19:32:06.570+0100][49.075s] GC(12) Concurrent Mark Cycle 12.051ms
[2023-12-18T19:32:31.891+0100][74.397s] GC(13) Pause Young (Normal) (G1 Evacuation Pause)
[2023-12-18T19:32:31.891+0100][74.397s] GC(13) Using 10 workers of 10 for evacuation
[2023-12-18T19:32:31.900+0100][74.406s] GC(13)   Pre Evacuate Collection Set: 0.1ms
[2023-12-18T19:32:31.900+0100][74.406s] GC(13)   Merge Heap Roots: 0.0ms
[2023-12-18T19:32:31.900+0100][74.406s] GC(13)   Evacuate Collection Set: 7.7ms
[2023-12-18T19:32:31.900+0100][74.406s] GC(13)   Post Evacuate Collection Set: 1.0ms
[2023-12-18T19:32:31.900+0100][74.406s] GC(13)   Other: 0.1ms
[2023-12-18T19:32:31.900+0100][74.406s] GC(13) Eden regions: 291->0(281)
[2023-12-18T19:32:31.900+0100][74.406s] GC(13) Survivor regions: 16->26(39)
[2023-12-18T19:32:31.900+0100][74.406s] GC(13) Old regions: 14->14
[2023-12-18T19:32:31.900+0100][74.406s] GC(13) Archive regions: 0->0
[2023-12-18T19:32:31.900+0100][74.406s] GC(13) Humongous regions: 4->4
[2023-12-18T19:32:31.900+0100][74.406s] GC(13) Metaspace: 50597K(51136K)->50597K(51136K) NonClass: 44630K(44928K)->44630K(44928K) Class: 5966K(6208K)->5966K(6208K)
[2023-12-18T19:32:31.900+0100][74.406s] GC(13) Pause Young (Normal) (G1 Evacuation Pause) 324M->43M(512M) 9.070ms
[2023-12-18T19:32:31.900+0100][74.406s] GC(13) User=0.00s Sys=0.00s Real=0.01s
[2023-12-18T19:33:39.092+0100][141.597s] GC(14) Pause Young (Concurrent Start) (CodeCache GC Threshold)
[2023-12-18T19:33:39.092+0100][141.597s] GC(14) Using 10 workers of 10 for evacuation
[2023-12-18T19:33:39.100+0100][141.605s] GC(14)   Pre Evacuate Collection Set: 0.2ms
[2023-12-18T19:33:39.100+0100][141.605s] GC(14)   Merge Heap Roots: 0.1ms
[2023-12-18T19:33:39.100+0100][141.605s] GC(14)   Evacuate Collection Set: 7.0ms
[2023-12-18T19:33:39.100+0100][141.605s] GC(14)   Post Evacuate Collection Set: 1.0ms
[2023-12-18T19:33:39.100+0100][141.605s] GC(14)   Other: 0.0ms
[2023-12-18T19:33:39.100+0100][141.605s] GC(14) Eden regions: 250->0(282)
[2023-12-18T19:33:39.100+0100][141.605s] GC(14) Survivor regions: 26->25(39)
[2023-12-18T19:33:39.100+0100][141.605s] GC(14) Old regions: 14->19
[2023-12-18T19:33:39.100+0100][141.605s] GC(14) Archive regions: 0->0
[2023-12-18T19:33:39.100+0100][141.605s] GC(14) Humongous regions: 4->4
[2023-12-18T19:33:39.100+0100][141.605s] GC(14) Metaspace: 56782K(57408K)->56782K(57408K) NonClass: 49993K(50304K)->49993K(50304K) Class: 6789K(7104K)->6789K(7104K)
[2023-12-18T19:33:39.100+0100][141.605s] GC(14) Pause Young (Concurrent Start) (CodeCache GC Threshold) 293M->47M(512M) 8.544ms
[2023-12-18T19:33:39.100+0100][141.605s] GC(15) Concurrent Mark Cycle
[2023-12-18T19:33:39.100+0100][141.605s] GC(14) User=0.16s Sys=0.00s Real=0.01s
[2023-12-18T19:33:39.100+0100][141.605s] GC(15) Concurrent Clear Claimed Marks
[2023-12-18T19:33:39.100+0100][141.605s] GC(15) Concurrent Clear Claimed Marks 0.157ms
[2023-12-18T19:33:39.100+0100][141.605s] GC(15) Concurrent Scan Root Regions
[2023-12-18T19:33:39.105+0100][141.610s] GC(15) Concurrent Scan Root Regions 4.885ms
[2023-12-18T19:33:39.105+0100][141.610s] GC(15) Concurrent Mark
[2023-12-18T19:33:39.105+0100][141.610s] GC(15) Concurrent Mark From Roots
[2023-12-18T19:33:39.105+0100][141.610s] GC(15) Using 3 workers of 3 for marking
[2023-12-18T19:33:39.113+0100][141.619s] GC(15) Concurrent Mark From Roots 8.251ms
[2023-12-18T19:33:39.113+0100][141.619s] GC(15) Concurrent Preclean
[2023-12-18T19:33:39.113+0100][141.619s] GC(15) Concurrent Preclean 0.046ms
[2023-12-18T19:33:39.113+0100][141.619s] GC(15) Pause Remark
[2023-12-18T19:33:39.115+0100][141.621s] GC(15) Pause Remark 52M->52M(512M) 1.752ms
[2023-12-18T19:33:39.115+0100][141.621s] GC(15) User=0.00s Sys=0.00s Real=0.00s
[2023-12-18T19:33:39.115+0100][141.621s] GC(15) Concurrent Mark 10.331ms
[2023-12-18T19:33:39.115+0100][141.621s] GC(15) Concurrent Rebuild Remembered Sets
[2023-12-18T19:33:39.119+0100][141.625s] GC(15) Concurrent Rebuild Remembered Sets 4.071ms
[2023-12-18T19:33:39.120+0100][141.625s] GC(15) Pause Cleanup
[2023-12-18T19:33:39.120+0100][141.625s] GC(15) Pause Cleanup 54M->54M(512M) 0.161ms
[2023-12-18T19:33:39.120+0100][141.625s] GC(15) User=0.00s Sys=0.00s Real=0.00s
[2023-12-18T19:33:39.120+0100][141.625s] GC(15) Concurrent Cleanup for Next Mark
[2023-12-18T19:33:39.121+0100][141.626s] GC(15) Concurrent Cleanup for Next Mark 0.730ms
[2023-12-18T19:33:39.121+0100][141.626s] GC(15) Concurrent Mark Cycle 20.745ms
[2023-12-18T19:33:40.141+0100][142.647s] GC(16) Pause Young (Normal) (G1 Evacuation Pause)
[2023-12-18T19:33:40.142+0100][142.647s] GC(16) Using 10 workers of 10 for evacuation
[2023-12-18T19:33:40.150+0100][142.656s] GC(16)   Pre Evacuate Collection Set: 0.0ms
[2023-12-18T19:33:40.150+0100][142.656s] GC(16)   Merge Heap Roots: 0.0ms
[2023-12-18T19:33:40.150+0100][142.656s] GC(16)   Evacuate Collection Set: 7.1ms
[2023-12-18T19:33:40.150+0100][142.656s] GC(16)   Post Evacuate Collection Set: 1.1ms
[2023-12-18T19:33:40.150+0100][142.656s] GC(16)   Other: 0.1ms
[2023-12-18T19:33:40.150+0100][142.656s] GC(16) Eden regions: 282->0(287)
[2023-12-18T19:33:40.150+0100][142.656s] GC(16) Survivor regions: 25->20(39)
[2023-12-18T19:33:40.150+0100][142.656s] GC(16) Old regions: 19->27
[2023-12-18T19:33:40.150+0100][142.656s] GC(16) Archive regions: 0->0
[2023-12-18T19:33:40.150+0100][142.656s] GC(16) Humongous regions: 4->4
[2023-12-18T19:33:40.150+0100][142.656s] GC(16) Metaspace: 58745K(59392K)->58745K(59392K) NonClass: 51759K(52096K)->51759K(52096K) Class: 6985K(7296K)->6985K(7296K)
[2023-12-18T19:33:40.150+0100][142.656s] GC(16) Pause Young (Normal) (G1 Evacuation Pause) 329M->50M(512M) 8.461ms
[2023-12-18T19:33:40.150+0100][142.656s] GC(16) User=0.00s Sys=0.00s Real=0.01s
[2023-12-18T19:33:41.170+0100][143.676s] GC(17) Pause Young (Normal) (G1 Evacuation Pause)
[2023-12-18T19:33:41.170+0100][143.676s] GC(17) Using 10 workers of 10 for evacuation
[2023-12-18T19:33:41.176+0100][143.681s] GC(17)   Pre Evacuate Collection Set: 0.1ms
[2023-12-18T19:33:41.176+0100][143.681s] GC(17)   Merge Heap Roots: 0.1ms
[2023-12-18T19:33:41.176+0100][143.681s] GC(17)   Evacuate Collection Set: 4.6ms
[2023-12-18T19:33:41.176+0100][143.681s] GC(17)   Post Evacuate Collection Set: 0.7ms
[2023-12-18T19:33:41.176+0100][143.681s] GC(17)   Other: 0.1ms
[2023-12-18T19:33:41.176+0100][143.681s] GC(17) Eden regions: 287->0(287)
[2023-12-18T19:33:41.176+0100][143.681s] GC(17) Survivor regions: 20->20(39)
[2023-12-18T19:33:41.176+0100][143.681s] GC(17) Old regions: 27->27
[2023-12-18T19:33:41.176+0100][143.681s] GC(17) Archive regions: 0->0
[2023-12-18T19:33:41.176+0100][143.681s] GC(17) Humongous regions: 4->4
[2023-12-18T19:33:41.176+0100][143.681s] GC(17) Metaspace: 59207K(59840K)->59207K(59840K) NonClass: 52218K(52544K)->52218K(52544K) Class: 6988K(7296K)->6988K(7296K)
[2023-12-18T19:33:41.176+0100][143.681s] GC(17) Pause Young (Normal) (G1 Evacuation Pause) 337M->49M(512M) 5.732ms
[2023-12-18T19:33:41.176+0100][143.681s] GC(17) User=0.16s Sys=0.00s Real=0.01s
[2023-12-18T19:33:42.120+0100][144.625s] GC(18) Pause Young (Normal) (G1 Evacuation Pause)
[2023-12-18T19:33:42.120+0100][144.625s] GC(18) Using 10 workers of 10 for evacuation
[2023-12-18T19:33:42.125+0100][144.631s] GC(18)   Pre Evacuate Collection Set: 0.0ms
[2023-12-18T19:33:42.125+0100][144.631s] GC(18)   Merge Heap Roots: 0.0ms
[2023-12-18T19:33:42.125+0100][144.631s] GC(18)   Evacuate Collection Set: 4.8ms
[2023-12-18T19:33:42.125+0100][144.631s] GC(18)   Post Evacuate Collection Set: 0.6ms
[2023-12-18T19:33:42.125+0100][144.631s] GC(18)   Other: 0.1ms
[2023-12-18T19:33:42.125+0100][144.631s] GC(18) Eden regions: 287->0(285)
[2023-12-18T19:33:42.125+0100][144.631s] GC(18) Survivor regions: 20->22(39)
[2023-12-18T19:33:42.126+0100][144.631s] GC(18) Old regions: 27->27
[2023-12-18T19:33:42.126+0100][144.631s] GC(18) Archive regions: 0->0
[2023-12-18T19:33:42.126+0100][144.631s] GC(18) Humongous regions: 4->4
[2023-12-18T19:33:42.126+0100][144.631s] GC(18) Metaspace: 59529K(60160K)->59529K(60160K) NonClass: 52540K(52864K)->52540K(52864K) Class: 6988K(7296K)->6988K(7296K)
[2023-12-18T19:33:42.126+0100][144.631s] GC(18) Pause Young (Normal) (G1 Evacuation Pause) 336M->51M(512M) 5.727ms
[2023-12-18T19:33:42.126+0100][144.631s] GC(18) User=0.00s Sys=0.02s Real=0.01s
[2023-12-18T19:33:43.070+0100][145.576s] GC(19) Pause Young (Normal) (G1 Evacuation Pause)
[2023-12-18T19:33:43.070+0100][145.576s] GC(19) Using 10 workers of 10 for evacuation
[2023-12-18T19:33:43.075+0100][145.581s] GC(19)   Pre Evacuate Collection Set: 0.1ms
[2023-12-18T19:33:43.075+0100][145.581s] GC(19)   Merge Heap Roots: 0.1ms
[2023-12-18T19:33:43.075+0100][145.581s] GC(19)   Evacuate Collection Set: 4.8ms
[2023-12-18T19:33:43.075+0100][145.581s] GC(19)   Post Evacuate Collection Set: 0.7ms
[2023-12-18T19:33:43.075+0100][145.581s] GC(19)   Other: 0.1ms
[2023-12-18T19:33:43.075+0100][145.581s] GC(19) Eden regions: 285->0(284)
[2023-12-18T19:33:43.075+0100][145.581s] GC(19) Survivor regions: 22->23(39)
[2023-12-18T19:33:43.075+0100][145.581s] GC(19) Old regions: 27->27
[2023-12-18T19:33:43.075+0100][145.581s] GC(19) Archive regions: 0->0
[2023-12-18T19:33:43.075+0100][145.581s] GC(19) Humongous regions: 4->4
[2023-12-18T19:33:43.075+0100][145.581s] GC(19) Metaspace: 59926K(60544K)->59926K(60544K) NonClass: 52937K(53248K)->52937K(53248K) Class: 6988K(7296K)->6988K(7296K)
[2023-12-18T19:33:43.075+0100][145.581s] GC(19) Pause Young (Normal) (G1 Evacuation Pause) 336M->52M(512M) 5.885ms
[2023-12-18T19:33:43.075+0100][145.581s] GC(19) User=0.00s Sys=0.00s Real=0.01s
[2023-12-18T19:33:44.028+0100][146.534s] GC(20) Pause Young (Normal) (G1 Evacuation Pause)
[2023-12-18T19:33:44.028+0100][146.534s] GC(20) Using 10 workers of 10 for evacuation
[2023-12-18T19:33:44.034+0100][146.539s] GC(20)   Pre Evacuate Collection Set: 0.1ms
[2023-12-18T19:33:44.034+0100][146.540s] GC(20)   Merge Heap Roots: 0.2ms
[2023-12-18T19:33:44.034+0100][146.540s] GC(20)   Evacuate Collection Set: 4.8ms
[2023-12-18T19:33:44.034+0100][146.540s] GC(20)   Post Evacuate Collection Set: 0.8ms
[2023-12-18T19:33:44.034+0100][146.540s] GC(20)   Other: 0.1ms
[2023-12-18T19:33:44.034+0100][146.540s] GC(20) Eden regions: 284->0(285)
[2023-12-18T19:33:44.034+0100][146.540s] GC(20) Survivor regions: 23->22(39)
[2023-12-18T19:33:44.034+0100][146.540s] GC(20) Old regions: 27->29
[2023-12-18T19:33:44.034+0100][146.540s] GC(20) Archive regions: 0->0
[2023-12-18T19:33:44.034+0100][146.540s] GC(20) Humongous regions: 4->4
[2023-12-18T19:33:44.034+0100][146.540s] GC(20) Metaspace: 60070K(60736K)->60070K(60736K) NonClass: 53081K(53440K)->53081K(53440K) Class: 6988K(7296K)->6988K(7296K)
[2023-12-18T19:33:44.034+0100][146.540s] GC(20) Pause Young (Normal) (G1 Evacuation Pause) 336M->53M(512M) 6.091ms
[2023-12-18T19:33:44.034+0100][146.540s] GC(20) User=0.16s Sys=0.00s Real=0.01s
[2023-12-18T19:33:44.290+0100][146.795s] GC(21) Pause Young (Concurrent Start) (CodeCache GC Threshold)
[2023-12-18T19:33:44.290+0100][146.795s] GC(21) Using 10 workers of 10 for evacuation
[2023-12-18T19:33:44.295+0100][146.801s] GC(21)   Pre Evacuate Collection Set: 0.1ms
[2023-12-18T19:33:44.295+0100][146.801s] GC(21)   Merge Heap Roots: 0.0ms
[2023-12-18T19:33:44.295+0100][146.801s] GC(21)   Evacuate Collection Set: 4.3ms
[2023-12-18T19:33:44.295+0100][146.801s] GC(21)   Post Evacuate Collection Set: 0.6ms
[2023-12-18T19:33:44.295+0100][146.801s] GC(21)   Other: 0.1ms
[2023-12-18T19:33:44.295+0100][146.801s] GC(21) Eden regions: 78->0(285)
[2023-12-18T19:33:44.295+0100][146.801s] GC(21) Survivor regions: 22->22(39)
[2023-12-18T19:33:44.295+0100][146.801s] GC(21) Old regions: 29->29
[2023-12-18T19:33:44.295+0100][146.801s] GC(21) Archive regions: 0->0
[2023-12-18T19:33:44.295+0100][146.801s] GC(21) Humongous regions: 4->4
[2023-12-18T19:33:44.295+0100][146.801s] GC(21) Metaspace: 60144K(60800K)->60144K(60800K) NonClass: 53155K(53504K)->53155K(53504K) Class: 6988K(7296K)->6988K(7296K)
[2023-12-18T19:33:44.296+0100][146.801s] GC(21) Pause Young (Concurrent Start) (CodeCache GC Threshold) 130M->53M(512M) 5.351ms
[2023-12-18T19:33:44.296+0100][146.801s] GC(22) Concurrent Mark Cycle
[2023-12-18T19:33:44.296+0100][146.801s] GC(21) User=0.00s Sys=0.00s Real=0.01s
[2023-12-18T19:33:44.296+0100][146.801s] GC(22) Concurrent Clear Claimed Marks
[2023-12-18T19:33:44.296+0100][146.801s] GC(22) Concurrent Clear Claimed Marks 0.060ms
[2023-12-18T19:33:44.296+0100][146.801s] GC(22) Concurrent Scan Root Regions
[2023-12-18T19:33:44.300+0100][146.805s] GC(22) Concurrent Scan Root Regions 4.010ms
[2023-12-18T19:33:44.300+0100][146.805s] GC(22) Concurrent Mark
[2023-12-18T19:33:44.300+0100][146.805s] GC(22) Concurrent Mark From Roots
[2023-12-18T19:33:44.300+0100][146.805s] GC(22) Using 3 workers of 3 for marking
[2023-12-18T19:33:44.317+0100][146.822s] GC(22) Concurrent Mark From Roots 16.955ms
[2023-12-18T19:33:44.317+0100][146.822s] GC(22) Concurrent Preclean
[2023-12-18T19:33:44.317+0100][146.822s] GC(22) Concurrent Preclean 0.138ms
[2023-12-18T19:33:44.317+0100][146.822s] GC(22) Pause Remark
[2023-12-18T19:33:44.319+0100][146.824s] GC(22) Pause Remark 58M->58M(512M) 2.118ms
[2023-12-18T19:33:44.319+0100][146.824s] GC(22) User=0.00s Sys=0.00s Real=0.00s
[2023-12-18T19:33:44.319+0100][146.825s] GC(22) Concurrent Mark 19.593ms
[2023-12-18T19:33:44.319+0100][146.825s] GC(22) Concurrent Rebuild Remembered Sets
[2023-12-18T19:33:44.325+0100][146.831s] GC(22) Concurrent Rebuild Remembered Sets 6.028ms
[2023-12-18T19:33:44.326+0100][146.831s] GC(22) Pause Cleanup
[2023-12-18T19:33:44.326+0100][146.831s] GC(22) Pause Cleanup 59M->59M(512M) 0.113ms
[2023-12-18T19:33:44.326+0100][146.831s] GC(22) User=0.00s Sys=0.00s Real=0.00s
[2023-12-18T19:33:44.326+0100][146.831s] GC(22) Concurrent Cleanup for Next Mark
[2023-12-18T19:33:44.327+0100][146.832s] GC(22) Concurrent Cleanup for Next Mark 0.740ms
[2023-12-18T19:33:44.327+0100][146.832s] GC(22) Concurrent Mark Cycle 30.952ms
[2023-12-18T19:33:44.352+0100][146.858s] GC(23) Pause Young (Concurrent Start) (CodeCache GC Threshold)
[2023-12-18T19:33:44.352+0100][146.858s] GC(23) Using 10 workers of 10 for evacuation
[2023-12-18T19:33:44.357+0100][146.863s] GC(23)   Pre Evacuate Collection Set: 0.1ms
[2023-12-18T19:33:44.357+0100][146.863s] GC(23)   Merge Heap Roots: 0.1ms
[2023-12-18T19:33:44.357+0100][146.863s] GC(23)   Evacuate Collection Set: 4.4ms
[2023-12-18T19:33:44.357+0100][146.863s] GC(23)   Post Evacuate Collection Set: 0.6ms
[2023-12-18T19:33:44.357+0100][146.863s] GC(23)   Other: 0.1ms
[2023-12-18T19:33:44.357+0100][146.863s] GC(23) Eden regions: 14->0(285)
[2023-12-18T19:33:44.357+0100][146.863s] GC(23) Survivor regions: 22->22(39)
[2023-12-18T19:33:44.357+0100][146.863s] GC(23) Old regions: 29->29
[2023-12-18T19:33:44.357+0100][146.863s] GC(23) Archive regions: 0->0
[2023-12-18T19:33:44.357+0100][146.863s] GC(23) Humongous regions: 4->4
[2023-12-18T19:33:44.357+0100][146.863s] GC(23) Metaspace: 60146K(60800K)->60146K(60800K) NonClass: 53157K(53504K)->53157K(53504K) Class: 6988K(7296K)->6988K(7296K)
[2023-12-18T19:33:44.357+0100][146.863s] GC(23) Pause Young (Concurrent Start) (CodeCache GC Threshold) 67M->53M(512M) 5.541ms
[2023-12-18T19:33:44.357+0100][146.863s] GC(24) Concurrent Mark Cycle
[2023-12-18T19:33:44.357+0100][146.863s] GC(23) User=0.00s Sys=0.00s Real=0.01s
[2023-12-18T19:33:44.357+0100][146.863s] GC(24) Concurrent Clear Claimed Marks
[2023-12-18T19:33:44.357+0100][146.863s] GC(24) Concurrent Clear Claimed Marks 0.144ms
[2023-12-18T19:33:44.357+0100][146.863s] GC(24) Concurrent Scan Root Regions
[2023-12-18T19:33:44.360+0100][146.866s] GC(24) Concurrent Scan Root Regions 2.891ms
[2023-12-18T19:33:44.360+0100][146.866s] GC(24) Concurrent Mark
[2023-12-18T19:33:44.360+0100][146.866s] GC(24) Concurrent Mark From Roots
[2023-12-18T19:33:44.360+0100][146.866s] GC(24) Using 3 workers of 3 for marking
[2023-12-18T19:33:44.376+0100][146.882s] GC(24) Concurrent Mark From Roots 15.341ms
[2023-12-18T19:33:44.376+0100][146.882s] GC(24) Concurrent Preclean
[2023-12-18T19:33:44.376+0100][146.882s] GC(24) Concurrent Preclean 0.126ms
[2023-12-18T19:33:44.376+0100][146.882s] GC(24) Pause Remark
[2023-12-18T19:33:44.378+0100][146.884s] GC(24) Pause Remark 58M->58M(512M) 1.856ms
[2023-12-18T19:33:44.378+0100][146.884s] GC(24) User=0.00s Sys=0.00s Real=0.00s
[2023-12-18T19:33:44.378+0100][146.884s] GC(24) Concurrent Mark 17.511ms
[2023-12-18T19:33:44.378+0100][146.884s] GC(24) Concurrent Rebuild Remembered Sets
[2023-12-18T19:33:44.383+0100][146.889s] GC(24) Concurrent Rebuild Remembered Sets 5.208ms
[2023-12-18T19:33:44.383+0100][146.889s] GC(24) Pause Cleanup
[2023-12-18T19:33:44.383+0100][146.889s] GC(24) Pause Cleanup 60M->60M(512M) 0.105ms
[2023-12-18T19:33:44.383+0100][146.889s] GC(24) User=0.00s Sys=0.00s Real=0.00s
[2023-12-18T19:33:44.383+0100][146.889s] GC(24) Concurrent Cleanup for Next Mark
[2023-12-18T19:33:44.384+0100][146.890s] GC(24) Concurrent Cleanup for Next Mark 0.715ms
[2023-12-18T19:33:44.384+0100][146.890s] GC(24) Concurrent Mark Cycle 26.931ms
[2023-12-18T19:33:44.567+0100][147.073s] GC(25) Pause Young (Concurrent Start) (CodeCache GC Threshold)
[2023-12-18T19:33:44.567+0100][147.073s] GC(25) Using 10 workers of 10 for evacuation
[2023-12-18T19:33:44.573+0100][147.079s] GC(25)   Pre Evacuate Collection Set: 0.1ms
[2023-12-18T19:33:44.573+0100][147.079s] GC(25)   Merge Heap Roots: 0.0ms
[2023-12-18T19:33:44.573+0100][147.079s] GC(25)   Evacuate Collection Set: 5.2ms
[2023-12-18T19:33:44.573+0100][147.079s] GC(25)   Post Evacuate Collection Set: 0.7ms
[2023-12-18T19:33:44.573+0100][147.079s] GC(25)   Other: 0.1ms
[2023-12-18T19:33:44.573+0100][147.079s] GC(25) Eden regions: 56->0(285)
[2023-12-18T19:33:44.573+0100][147.079s] GC(25) Survivor regions: 22->22(39)
[2023-12-18T19:33:44.573+0100][147.079s] GC(25) Old regions: 29->29
[2023-12-18T19:33:44.573+0100][147.079s] GC(25) Archive regions: 0->0
[2023-12-18T19:33:44.573+0100][147.079s] GC(25) Humongous regions: 4->4
[2023-12-18T19:33:44.573+0100][147.079s] GC(25) Metaspace: 60158K(60800K)->60158K(60800K) NonClass: 53169K(53504K)->53169K(53504K) Class: 6988K(7296K)->6988K(7296K)
[2023-12-18T19:33:44.573+0100][147.079s] GC(25) Pause Young (Concurrent Start) (CodeCache GC Threshold) 109M->54M(512M) 6.351ms
[2023-12-18T19:33:44.573+0100][147.079s] GC(25) User=0.00s Sys=0.00s Real=0.01s
[2023-12-18T19:33:44.573+0100][147.079s] GC(26) Concurrent Mark Cycle
[2023-12-18T19:33:44.574+0100][147.079s] GC(26) Concurrent Clear Claimed Marks
[2023-12-18T19:33:44.574+0100][147.079s] GC(26) Concurrent Clear Claimed Marks 0.064ms
[2023-12-18T19:33:44.574+0100][147.079s] GC(26) Concurrent Scan Root Regions
[2023-12-18T19:33:44.578+0100][147.083s] GC(26) Concurrent Scan Root Regions 3.922ms
[2023-12-18T19:33:44.578+0100][147.083s] GC(26) Concurrent Mark
[2023-12-18T19:33:44.578+0100][147.083s] GC(26) Concurrent Mark From Roots
[2023-12-18T19:33:44.578+0100][147.083s] GC(26) Using 3 workers of 3 for marking
[2023-12-18T19:33:44.593+0100][147.098s] GC(26) Concurrent Mark From Roots 15.312ms
[2023-12-18T19:33:44.593+0100][147.099s] GC(26) Concurrent Preclean
[2023-12-18T19:33:44.593+0100][147.099s] GC(26) Concurrent Preclean 0.117ms
[2023-12-18T19:33:44.593+0100][147.099s] GC(26) Pause Remark
[2023-12-18T19:33:44.595+0100][147.101s] GC(26) Pause Remark 59M->59M(512M) 1.776ms
[2023-12-18T19:33:44.595+0100][147.101s] GC(26) User=0.02s Sys=0.00s Real=0.00s
[2023-12-18T19:33:44.595+0100][147.101s] GC(26) Concurrent Mark 17.511ms
[2023-12-18T19:33:44.595+0100][147.101s] GC(26) Concurrent Rebuild Remembered Sets
[2023-12-18T19:33:44.601+0100][147.106s] GC(26) Concurrent Rebuild Remembered Sets 5.851ms
[2023-12-18T19:33:44.601+0100][147.107s] GC(26) Pause Cleanup
[2023-12-18T19:33:44.601+0100][147.107s] GC(26) Pause Cleanup 60M->60M(512M) 0.174ms
[2023-12-18T19:33:44.601+0100][147.107s] GC(26) User=0.00s Sys=0.00s Real=0.00s
[2023-12-18T19:33:44.601+0100][147.107s] GC(26) Concurrent Cleanup for Next Mark
[2023-12-18T19:33:44.602+0100][147.108s] GC(26) Concurrent Cleanup for Next Mark 0.726ms
[2023-12-18T19:33:44.602+0100][147.108s] GC(26) Concurrent Mark Cycle 28.631ms
[2023-12-18T19:33:45.473+0100][147.978s] GC(27) Pause Young (Prepare Mixed) (G1 Evacuation Pause)
[2023-12-18T19:33:45.473+0100][147.978s] GC(27) Using 10 workers of 10 for evacuation
[2023-12-18T19:33:45.479+0100][147.984s] GC(27)   Pre Evacuate Collection Set: 0.1ms
[2023-12-18T19:33:45.479+0100][147.984s] GC(27)   Merge Heap Roots: 0.1ms
[2023-12-18T19:33:45.479+0100][147.984s] GC(27)   Evacuate Collection Set: 4.7ms
[2023-12-18T19:33:45.479+0100][147.984s] GC(27)   Post Evacuate Collection Set: 0.7ms
[2023-12-18T19:33:45.479+0100][147.984s] GC(27)   Other: 0.1ms
[2023-12-18T19:33:45.479+0100][147.984s] GC(27) Eden regions: 285->0(11)
[2023-12-18T19:33:45.479+0100][147.984s] GC(27) Survivor regions: 22->14(39)
[2023-12-18T19:33:45.479+0100][147.984s] GC(27) Old regions: 29->38
[2023-12-18T19:33:45.479+0100][147.984s] GC(27) Archive regions: 0->0
[2023-12-18T19:33:45.479+0100][147.984s] GC(27) Humongous regions: 4->4
[2023-12-18T19:33:45.479+0100][147.984s] GC(27) Metaspace: 60265K(60864K)->60265K(60864K) NonClass: 53275K(53568K)->53275K(53568K) Class: 6989K(7296K)->6989K(7296K)
[2023-12-18T19:33:45.479+0100][147.984s] GC(27) Pause Young (Prepare Mixed) (G1 Evacuation Pause) 339M->55M(512M) 5.811ms
[2023-12-18T19:33:45.479+0100][147.984s] GC(27) User=0.00s Sys=0.00s Real=0.01s
[2023-12-18T19:33:45.512+0100][148.017s] GC(28) Pause Young (Mixed) (G1 Evacuation Pause)
[2023-12-18T19:33:45.512+0100][148.017s] GC(28) Using 10 workers of 10 for evacuation
[2023-12-18T19:33:45.515+0100][148.020s] GC(28)   Pre Evacuate Collection Set: 0.0ms
[2023-12-18T19:33:45.515+0100][148.020s] GC(28)   Merge Heap Roots: 0.0ms
[2023-12-18T19:33:45.515+0100][148.020s] GC(28)   Evacuate Collection Set: 3.0ms
[2023-12-18T19:33:45.515+0100][148.020s] GC(28)   Post Evacuate Collection Set: 0.3ms
[2023-12-18T19:33:45.515+0100][148.020s] GC(28)   Other: 0.1ms
[2023-12-18T19:33:45.515+0100][148.020s] GC(28) Eden regions: 11->0(305)
[2023-12-18T19:33:45.515+0100][148.020s] GC(28) Survivor regions: 14->2(4)
[2023-12-18T19:33:45.515+0100][148.021s] GC(28) Old regions: 38->50
[2023-12-18T19:33:45.515+0100][148.021s] GC(28) Archive regions: 0->0
[2023-12-18T19:33:45.515+0100][148.021s] GC(28) Humongous regions: 4->4
[2023-12-18T19:33:45.515+0100][148.021s] GC(28) Metaspace: 60265K(60864K)->60265K(60864K) NonClass: 53275K(53568K)->53275K(53568K) Class: 6989K(7296K)->6989K(7296K)
[2023-12-18T19:33:45.515+0100][148.021s] GC(28) Pause Young (Mixed) (G1 Evacuation Pause) 66M->55M(512M) 3.631ms
[2023-12-18T19:33:45.515+0100][148.021s] GC(28) User=0.00s Sys=0.00s Real=0.00s
[2023-12-18T19:33:46.487+0100][148.992s] GC(29) Pause Young (Normal) (G1 Evacuation Pause)
[2023-12-18T19:33:46.487+0100][148.992s] GC(29) Using 10 workers of 10 for evacuation
[2023-12-18T19:33:46.488+0100][148.993s] GC(29)   Pre Evacuate Collection Set: 0.1ms
[2023-12-18T19:33:46.488+0100][148.993s] GC(29)   Merge Heap Roots: 0.1ms
[2023-12-18T19:33:46.488+0100][148.993s] GC(29)   Evacuate Collection Set: 0.6ms
[2023-12-18T19:33:46.488+0100][148.993s] GC(29)   Post Evacuate Collection Set: 0.4ms
[2023-12-18T19:33:46.488+0100][148.993s] GC(29)   Other: 0.1ms
[2023-12-18T19:33:46.488+0100][148.993s] GC(29) Eden regions: 305->0(303)
[2023-12-18T19:33:46.488+0100][148.993s] GC(29) Survivor regions: 2->4(39)
[2023-12-18T19:33:46.488+0100][148.993s] GC(29) Old regions: 50->50
[2023-12-18T19:33:46.488+0100][148.993s] GC(29) Archive regions: 0->0
[2023-12-18T19:33:46.488+0100][148.993s] GC(29) Humongous regions: 4->4
[2023-12-18T19:33:46.488+0100][148.993s] GC(29) Metaspace: 60504K(61120K)->60504K(61120K) NonClass: 53514K(53824K)->53514K(53824K) Class: 6990K(7296K)->6990K(7296K)
[2023-12-18T19:33:46.488+0100][148.993s] GC(29) Pause Young (Normal) (G1 Evacuation Pause) 360M->56M(512M) 1.423ms
[2023-12-18T19:33:46.488+0100][148.993s] GC(29) User=0.00s Sys=0.00s Real=0.00s
[2023-12-18T19:33:47.452+0100][149.958s] GC(30) Pause Young (Normal) (G1 Evacuation Pause)
[2023-12-18T19:33:47.452+0100][149.958s] GC(30) Using 10 workers of 10 for evacuation
[2023-12-18T19:33:47.454+0100][149.960s] GC(30)   Pre Evacuate Collection Set: 0.1ms
[2023-12-18T19:33:47.454+0100][149.960s] GC(30)   Merge Heap Roots: 0.1ms
[2023-12-18T19:33:47.454+0100][149.960s] GC(30)   Evacuate Collection Set: 0.6ms
[2023-12-18T19:33:47.454+0100][149.960s] GC(30)   Post Evacuate Collection Set: 0.4ms
[2023-12-18T19:33:47.454+0100][149.960s] GC(30)   Other: 0.1ms
[2023-12-18T19:33:47.454+0100][149.960s] GC(30) Eden regions: 303->0(303)
[2023-12-18T19:33:47.454+0100][149.960s] GC(30) Survivor regions: 4->4(39)
[2023-12-18T19:33:47.454+0100][149.960s] GC(30) Old regions: 50->50
[2023-12-18T19:33:47.454+0100][149.960s] GC(30) Archive regions: 0->0
[2023-12-18T19:33:47.454+0100][149.960s] GC(30) Humongous regions: 4->4
[2023-12-18T19:33:47.454+0100][149.960s] GC(30) Metaspace: 60625K(61248K)->60625K(61248K) NonClass: 53635K(53952K)->53635K(53952K) Class: 6990K(7296K)->6990K(7296K)
[2023-12-18T19:33:47.454+0100][149.960s] GC(30) Pause Young (Normal) (G1 Evacuation Pause) 359M->56M(512M) 1.436ms
[2023-12-18T19:33:47.454+0100][149.960s] GC(30) User=0.09s Sys=0.00s Real=0.00s
[2023-12-18T19:33:48.412+0100][150.917s] GC(31) Pause Young (Normal) (G1 Evacuation Pause)
[2023-12-18T19:33:48.412+0100][150.917s] GC(31) Using 10 workers of 10 for evacuation
[2023-12-18T19:33:48.413+0100][150.918s] GC(31)   Pre Evacuate Collection Set: 0.1ms
[2023-12-18T19:33:48.413+0100][150.918s] GC(31)   Merge Heap Roots: 0.0ms
[2023-12-18T19:33:48.413+0100][150.918s] GC(31)   Evacuate Collection Set: 0.7ms
[2023-12-18T19:33:48.413+0100][150.918s] GC(31)   Post Evacuate Collection Set: 0.2ms
[2023-12-18T19:33:48.413+0100][150.918s] GC(31)   Other: 0.1ms
[2023-12-18T19:33:48.413+0100][150.918s] GC(31) Eden regions: 303->0(302)
[2023-12-18T19:33:48.413+0100][150.918s] GC(31) Survivor regions: 4->5(39)
[2023-12-18T19:33:48.413+0100][150.918s] GC(31) Old regions: 50->50
[2023-12-18T19:33:48.413+0100][150.918s] GC(31) Archive regions: 0->0
[2023-12-18T19:33:48.413+0100][150.918s] GC(31) Humongous regions: 4->4
[2023-12-18T19:33:48.413+0100][150.918s] GC(31) Metaspace: 60655K(61312K)->60655K(61312K) NonClass: 53665K(54016K)->53665K(54016K) Class: 6990K(7296K)->6990K(7296K)
[2023-12-18T19:33:48.413+0100][150.918s] GC(31) Pause Young (Normal) (G1 Evacuation Pause) 359M->57M(512M) 1.264ms
[2023-12-18T19:33:48.413+0100][150.918s] GC(31) User=0.00s Sys=0.00s Real=0.00s
[2023-12-18T19:33:49.345+0100][151.850s] GC(32) Pause Young (Normal) (G1 Evacuation Pause)
[2023-12-18T19:33:49.345+0100][151.850s] GC(32) Using 10 workers of 10 for evacuation
[2023-12-18T19:33:49.346+0100][151.852s] GC(32)   Pre Evacuate Collection Set: 0.0ms
[2023-12-18T19:33:49.346+0100][151.852s] GC(32)   Merge Heap Roots: 0.1ms
[2023-12-18T19:33:49.346+0100][151.852s] GC(32)   Evacuate Collection Set: 0.8ms
[2023-12-18T19:33:49.346+0100][151.852s] GC(32)   Post Evacuate Collection Set: 0.3ms
[2023-12-18T19:33:49.346+0100][151.852s] GC(32)   Other: 0.1ms
[2023-12-18T19:33:49.346+0100][151.852s] GC(32) Eden regions: 302->0(301)
[2023-12-18T19:33:49.346+0100][151.852s] GC(32) Survivor regions: 5->6(39)
[2023-12-18T19:33:49.346+0100][151.852s] GC(32) Old regions: 50->50
[2023-12-18T19:33:49.346+0100][151.852s] GC(32) Archive regions: 0->0
[2023-12-18T19:33:49.346+0100][151.852s] GC(32) Humongous regions: 4->4
[2023-12-18T19:33:49.346+0100][151.852s] GC(32) Metaspace: 60701K(61312K)->60701K(61312K) NonClass: 53711K(54016K)->53711K(54016K) Class: 6990K(7296K)->6990K(7296K)
[2023-12-18T19:33:49.346+0100][151.852s] GC(32) Pause Young (Normal) (G1 Evacuation Pause) 359M->59M(512M) 1.539ms
[2023-12-18T19:33:49.347+0100][151.852s] GC(32) User=0.00s Sys=0.00s Real=0.00s
[2023-12-18T19:33:50.293+0100][152.798s] GC(33) Pause Young (Normal) (G1 Evacuation Pause)
[2023-12-18T19:33:50.293+0100][152.798s] GC(33) Using 10 workers of 10 for evacuation
[2023-12-18T19:33:50.294+0100][152.800s] GC(33)   Pre Evacuate Collection Set: 0.1ms
[2023-12-18T19:33:50.294+0100][152.800s] GC(33)   Merge Heap Roots: 0.1ms
[2023-12-18T19:33:50.294+0100][152.800s] GC(33)   Evacuate Collection Set: 1.0ms
[2023-12-18T19:33:50.294+0100][152.800s] GC(33)   Post Evacuate Collection Set: 0.4ms
[2023-12-18T19:33:50.294+0100][152.800s] GC(33)   Other: 0.1ms
[2023-12-18T19:33:50.294+0100][152.800s] GC(33) Eden regions: 301->0(300)
[2023-12-18T19:33:50.294+0100][152.800s] GC(33) Survivor regions: 6->7(39)
[2023-12-18T19:33:50.294+0100][152.800s] GC(33) Old regions: 50->50
[2023-12-18T19:33:50.294+0100][152.800s] GC(33) Archive regions: 0->0
[2023-12-18T19:33:50.294+0100][152.800s] GC(33) Humongous regions: 4->4
[2023-12-18T19:33:50.294+0100][152.800s] GC(33) Metaspace: 60946K(61568K)->60946K(61568K) NonClass: 53956K(54272K)->53956K(54272K) Class: 6990K(7296K)->6990K(7296K)
[2023-12-18T19:33:50.294+0100][152.800s] GC(33) Pause Young (Normal) (G1 Evacuation Pause) 360M->59M(512M) 1.830ms
[2023-12-18T19:33:50.294+0100][152.800s] GC(33) User=0.00s Sys=0.00s Real=0.00s
[2023-12-18T19:33:51.266+0100][153.771s] GC(34) Pause Young (Normal) (G1 Evacuation Pause)
[2023-12-18T19:33:51.266+0100][153.771s] GC(34) Using 10 workers of 10 for evacuation
[2023-12-18T19:33:51.268+0100][153.773s] GC(34)   Pre Evacuate Collection Set: 0.1ms
[2023-12-18T19:33:51.268+0100][153.773s] GC(34)   Merge Heap Roots: 0.0ms
[2023-12-18T19:33:51.268+0100][153.773s] GC(34)   Evacuate Collection Set: 1.1ms
[2023-12-18T19:33:51.268+0100][153.773s] GC(34)   Post Evacuate Collection Set: 0.3ms
[2023-12-18T19:33:51.268+0100][153.773s] GC(34)   Other: 0.1ms
[2023-12-18T19:33:51.268+0100][153.773s] GC(34) Eden regions: 300->0(299)
[2023-12-18T19:33:51.268+0100][153.773s] GC(34) Survivor regions: 7->8(39)
[2023-12-18T19:33:51.268+0100][153.773s] GC(34) Old regions: 50->50
[2023-12-18T19:33:51.268+0100][153.773s] GC(34) Archive regions: 0->0
[2023-12-18T19:33:51.268+0100][153.773s] GC(34) Humongous regions: 4->4
[2023-12-18T19:33:51.268+0100][153.773s] GC(34) Metaspace: 60989K(61568K)->60989K(61568K) NonClass: 53999K(54272K)->53999K(54272K) Class: 6990K(7296K)->6990K(7296K)
[2023-12-18T19:33:51.268+0100][153.773s] GC(34) Pause Young (Normal) (G1 Evacuation Pause) 359M->61M(512M) 1.774ms
[2023-12-18T19:33:51.268+0100][153.773s] GC(34) User=0.00s Sys=0.00s Real=0.00s
[2023-12-18T19:33:51.956+0100][154.462s] GC(35) Pause Young (Concurrent Start) (CodeCache GC Threshold)
[2023-12-18T19:33:51.957+0100][154.462s] GC(35) Using 10 workers of 10 for evacuation
[2023-12-18T19:33:51.960+0100][154.465s] GC(35)   Pre Evacuate Collection Set: 0.2ms
[2023-12-18T19:33:51.960+0100][154.465s] GC(35)   Merge Heap Roots: 0.1ms
[2023-12-18T19:33:51.960+0100][154.465s] GC(35)   Evacuate Collection Set: 2.3ms
[2023-12-18T19:33:51.960+0100][154.466s] GC(35)   Post Evacuate Collection Set: 0.5ms
[2023-12-18T19:33:51.960+0100][154.466s] GC(35)   Other: 0.1ms
[2023-12-18T19:33:51.960+0100][154.466s] GC(35) Eden regions: 212->0(298)
[2023-12-18T19:33:51.960+0100][154.466s] GC(35) Survivor regions: 8->9(39)
[2023-12-18T19:33:51.960+0100][154.466s] GC(35) Old regions: 50->50
[2023-12-18T19:33:51.960+0100][154.466s] GC(35) Archive regions: 0->0
[2023-12-18T19:33:51.960+0100][154.466s] GC(35) Humongous regions: 4->4
[2023-12-18T19:33:51.960+0100][154.466s] GC(35) Metaspace: 61010K(61632K)->61010K(61632K) NonClass: 54020K(54336K)->54020K(54336K) Class: 6990K(7296K)->6990K(7296K)
[2023-12-18T19:33:51.960+0100][154.466s] GC(35) Pause Young (Concurrent Start) (CodeCache GC Threshold) 273M->61M(512M) 3.436ms
[2023-12-18T19:33:51.960+0100][154.466s] GC(35) User=0.00s Sys=0.00s Real=0.00s
[2023-12-18T19:33:51.960+0100][154.466s] GC(36) Concurrent Mark Cycle
[2023-12-18T19:33:51.960+0100][154.466s] GC(36) Concurrent Clear Claimed Marks
[2023-12-18T19:33:51.960+0100][154.466s] GC(36) Concurrent Clear Claimed Marks 0.058ms
[2023-12-18T19:33:51.960+0100][154.466s] GC(36) Concurrent Scan Root Regions
[2023-12-18T19:33:51.961+0100][154.467s] GC(36) Concurrent Scan Root Regions 0.997ms
[2023-12-18T19:33:51.961+0100][154.467s] GC(36) Concurrent Mark
[2023-12-18T19:33:51.961+0100][154.467s] GC(36) Concurrent Mark From Roots
[2023-12-18T19:33:51.961+0100][154.467s] GC(36) Using 3 workers of 3 for marking
[2023-12-18T19:33:51.985+0100][154.491s] GC(36) Concurrent Mark From Roots 23.814ms
[2023-12-18T19:33:51.985+0100][154.491s] GC(36) Concurrent Preclean
[2023-12-18T19:33:51.985+0100][154.491s] GC(36) Concurrent Preclean 0.072ms
[2023-12-18T19:33:51.985+0100][154.491s] GC(36) Pause Remark
[2023-12-18T19:33:51.987+0100][154.493s] GC(36) Pause Remark 69M->69M(512M) 2.186ms
[2023-12-18T19:33:51.987+0100][154.493s] GC(36) User=0.00s Sys=0.00s Real=0.00s
[2023-12-18T19:33:51.987+0100][154.493s] GC(36) Concurrent Mark 26.309ms
[2023-12-18T19:33:51.987+0100][154.493s] GC(36) Concurrent Rebuild Remembered Sets
[2023-12-18T19:33:51.996+0100][154.501s] GC(36) Concurrent Rebuild Remembered Sets 8.031ms
[2023-12-18T19:33:51.996+0100][154.501s] GC(36) Pause Cleanup
[2023-12-18T19:33:51.996+0100][154.501s] GC(36) Pause Cleanup 70M->70M(512M) 0.111ms
[2023-12-18T19:33:51.996+0100][154.501s] GC(36) User=0.00s Sys=0.00s Real=0.00s
[2023-12-18T19:33:51.996+0100][154.501s] GC(36) Concurrent Cleanup for Next Mark
[2023-12-18T19:33:51.997+0100][154.502s] GC(36) Concurrent Cleanup for Next Mark 0.678ms
[2023-12-18T19:33:51.997+0100][154.502s] GC(36) Concurrent Mark Cycle 36.540ms
[2023-12-18T19:33:52.901+0100][155.406s] GC(37) Pause Young (Prepare Mixed) (G1 Evacuation Pause)
[2023-12-18T19:33:52.901+0100][155.406s] GC(37) Using 10 workers of 10 for evacuation
[2023-12-18T19:33:52.903+0100][155.409s] GC(37)   Pre Evacuate Collection Set: 0.1ms
[2023-12-18T19:33:52.903+0100][155.409s] GC(37)   Merge Heap Roots: 0.1ms
[2023-12-18T19:33:52.903+0100][155.409s] GC(37)   Evacuate Collection Set: 1.3ms
[2023-12-18T19:33:52.903+0100][155.409s] GC(37)   Post Evacuate Collection Set: 0.5ms
[2023-12-18T19:33:52.903+0100][155.409s] GC(37)   Other: 0.1ms
[2023-12-18T19:33:52.903+0100][155.409s] GC(37) Eden regions: 298->0(16)
[2023-12-18T19:33:52.903+0100][155.409s] GC(37) Survivor regions: 9->9(39)
[2023-12-18T19:33:52.903+0100][155.409s] GC(37) Old regions: 50->50
[2023-12-18T19:33:52.903+0100][155.409s] GC(37) Archive regions: 0->0
[2023-12-18T19:33:52.903+0100][155.409s] GC(37) Humongous regions: 4->4
[2023-12-18T19:33:52.903+0100][155.409s] GC(37) Metaspace: 61121K(61760K)->61121K(61760K) NonClass: 54128K(54464K)->54128K(54464K) Class: 6992K(7296K)->6992K(7296K)
[2023-12-18T19:33:52.903+0100][155.409s] GC(37) Pause Young (Prepare Mixed) (G1 Evacuation Pause) 359M->62M(512M) 2.332ms
[2023-12-18T19:33:52.903+0100][155.409s] GC(37) User=0.00s Sys=0.00s Real=0.00s
[2023-12-18T19:33:52.948+0100][155.453s] GC(38) Pause Young (Mixed) (G1 Evacuation Pause)
[2023-12-18T19:33:52.948+0100][155.453s] GC(38) Using 10 workers of 10 for evacuation
[2023-12-18T19:33:52.950+0100][155.455s] GC(38)   Pre Evacuate Collection Set: 0.0ms
[2023-12-18T19:33:52.950+0100][155.455s] GC(38)   Merge Heap Roots: 0.0ms
[2023-12-18T19:33:52.950+0100][155.455s] GC(38)   Evacuate Collection Set: 1.5ms
[2023-12-18T19:33:52.950+0100][155.455s] GC(38)   Post Evacuate Collection Set: 0.2ms
[2023-12-18T19:33:52.950+0100][155.455s] GC(38)   Other: 0.1ms
[2023-12-18T19:33:52.950+0100][155.455s] GC(38) Eden regions: 16->0(304)
[2023-12-18T19:33:52.950+0100][155.455s] GC(38) Survivor regions: 9->3(4)
[2023-12-18T19:33:52.950+0100][155.455s] GC(38) Old regions: 50->56
[2023-12-18T19:33:52.950+0100][155.455s] GC(38) Archive regions: 0->0
[2023-12-18T19:33:52.950+0100][155.455s] GC(38) Humongous regions: 4->4
[2023-12-18T19:33:52.950+0100][155.455s] GC(38) Metaspace: 61123K(61760K)->61123K(61760K) NonClass: 54131K(54464K)->54131K(54464K) Class: 6992K(7296K)->6992K(7296K)
[2023-12-18T19:33:52.950+0100][155.455s] GC(38) Pause Young (Mixed) (G1 Evacuation Pause) 78M->62M(512M) 2.024ms
[2023-12-18T19:33:52.950+0100][155.455s] GC(38) User=0.00s Sys=0.00s Real=0.00s
[2023-12-18T19:33:53.905+0100][156.411s] GC(39) Pause Young (Normal) (G1 Evacuation Pause)
[2023-12-18T19:33:53.905+0100][156.411s] GC(39) Using 10 workers of 10 for evacuation
[2023-12-18T19:33:53.906+0100][156.412s] GC(39)   Pre Evacuate Collection Set: 0.1ms
[2023-12-18T19:33:53.906+0100][156.412s] GC(39)   Merge Heap Roots: 0.0ms
[2023-12-18T19:33:53.906+0100][156.412s] GC(39)   Evacuate Collection Set: 0.7ms
[2023-12-18T19:33:53.906+0100][156.412s] GC(39)   Post Evacuate Collection Set: 0.3ms
[2023-12-18T19:33:53.906+0100][156.413s] GC(39)   Other: 0.1ms
[2023-12-18T19:33:53.906+0100][156.413s] GC(39) Eden regions: 304->0(303)
[2023-12-18T19:33:53.906+0100][156.413s] GC(39) Survivor regions: 3->4(39)
[2023-12-18T19:33:53.907+0100][156.413s] GC(39) Old regions: 56->56
[2023-12-18T19:33:53.907+0100][156.413s] GC(39) Archive regions: 0->0
[2023-12-18T19:33:53.907+0100][156.413s] GC(39) Humongous regions: 4->4
[2023-12-18T19:33:53.907+0100][156.413s] GC(39) Metaspace: 61398K(62016K)->61398K(62016K) NonClass: 54403K(54720K)->54403K(54720K) Class: 6994K(7296K)->6994K(7296K)
[2023-12-18T19:33:53.907+0100][156.413s] GC(39) Pause Young (Normal) (G1 Evacuation Pause) 366M->63M(512M) 1.444ms
[2023-12-18T19:33:53.907+0100][156.413s] GC(39) User=0.17s Sys=0.00s Real=0.00s
[2023-12-18T19:33:54.823+0100][157.328s] GC(40) Pause Young (Normal) (G1 Evacuation Pause)
[2023-12-18T19:33:54.823+0100][157.328s] GC(40) Using 10 workers of 10 for evacuation
[2023-12-18T19:33:54.824+0100][157.329s] GC(40)   Pre Evacuate Collection Set: 0.1ms
[2023-12-18T19:33:54.824+0100][157.329s] GC(40)   Merge Heap Roots: 0.1ms
[2023-12-18T19:33:54.824+0100][157.329s] GC(40)   Evacuate Collection Set: 0.7ms
[2023-12-18T19:33:54.824+0100][157.329s] GC(40)   Post Evacuate Collection Set: 0.4ms
[2023-12-18T19:33:54.824+0100][157.329s] GC(40)   Other: 0.1ms
[2023-12-18T19:33:54.824+0100][157.329s] GC(40) Eden regions: 303->0(302)
[2023-12-18T19:33:54.824+0100][157.329s] GC(40) Survivor regions: 4->5(39)
[2023-12-18T19:33:54.824+0100][157.329s] GC(40) Old regions: 56->56
[2023-12-18T19:33:54.824+0100][157.329s] GC(40) Archive regions: 0->0
[2023-12-18T19:33:54.824+0100][157.329s] GC(40) Humongous regions: 4->4
[2023-12-18T19:33:54.824+0100][157.330s] GC(40) Metaspace: 61416K(62080K)->61416K(62080K) NonClass: 54421K(54784K)->54421K(54784K) Class: 6994K(7296K)->6994K(7296K)
[2023-12-18T19:33:54.824+0100][157.330s] GC(40) Pause Young (Normal) (G1 Evacuation Pause) 366M->64M(512M) 1.484ms
[2023-12-18T19:33:54.824+0100][157.330s] GC(40) User=0.00s Sys=0.00s Real=0.00s
[2023-12-18T19:33:56.023+0100][158.528s] GC(41) Pause Young (Normal) (G1 Evacuation Pause)
[2023-12-18T19:33:56.023+0100][158.529s] GC(41) Using 10 workers of 10 for evacuation
[2023-12-18T19:33:56.024+0100][158.530s] GC(41)   Pre Evacuate Collection Set: 0.1ms
[2023-12-18T19:33:56.024+0100][158.530s] GC(41)   Merge Heap Roots: 0.1ms
[2023-12-18T19:33:56.024+0100][158.530s] GC(41)   Evacuate Collection Set: 0.9ms
[2023-12-18T19:33:56.024+0100][158.530s] GC(41)   Post Evacuate Collection Set: 0.4ms
[2023-12-18T19:33:56.024+0100][158.530s] GC(41)   Other: 0.1ms
[2023-12-18T19:33:56.024+0100][158.530s] GC(41) Eden regions: 302->0(301)
[2023-12-18T19:33:56.024+0100][158.530s] GC(41) Survivor regions: 5->6(39)
[2023-12-18T19:33:56.024+0100][158.530s] GC(41) Old regions: 56->56
[2023-12-18T19:33:56.024+0100][158.530s] GC(41) Archive regions: 0->0
[2023-12-18T19:33:56.024+0100][158.530s] GC(41) Humongous regions: 4->4
[2023-12-18T19:33:56.024+0100][158.530s] GC(41) Metaspace: 61427K(62080K)->61427K(62080K) NonClass: 54432K(54784K)->54432K(54784K) Class: 6994K(7296K)->6994K(7296K)
[2023-12-18T19:33:56.024+0100][158.530s] GC(41) Pause Young (Normal) (G1 Evacuation Pause) 366M->65M(512M) 1.710ms
[2023-12-18T19:33:56.024+0100][158.530s] GC(41) User=0.00s Sys=0.00s Real=0.00s
[2023-12-18T19:33:56.939+0100][159.445s] GC(42) Pause Young (Normal) (G1 Evacuation Pause)
[2023-12-18T19:33:56.940+0100][159.445s] GC(42) Using 10 workers of 10 for evacuation
[2023-12-18T19:33:56.941+0100][159.447s] GC(42)   Pre Evacuate Collection Set: 0.1ms
[2023-12-18T19:33:56.941+0100][159.447s] GC(42)   Merge Heap Roots: 0.0ms
[2023-12-18T19:33:56.941+0100][159.447s] GC(42)   Evacuate Collection Set: 0.9ms
[2023-12-18T19:33:56.941+0100][159.447s] GC(42)   Post Evacuate Collection Set: 0.5ms
[2023-12-18T19:33:56.941+0100][159.447s] GC(42)   Other: 0.1ms
[2023-12-18T19:33:56.941+0100][159.447s] GC(42) Eden regions: 301->0(300)
[2023-12-18T19:33:56.941+0100][159.447s] GC(42) Survivor regions: 6->7(39)
[2023-12-18T19:33:56.941+0100][159.447s] GC(42) Old regions: 56->56
[2023-12-18T19:33:56.941+0100][159.447s] GC(42) Archive regions: 0->0
[2023-12-18T19:33:56.941+0100][159.447s] GC(42) Humongous regions: 4->4
[2023-12-18T19:33:56.941+0100][159.447s] GC(42) Metaspace: 61445K(62080K)->61445K(62080K) NonClass: 54450K(54784K)->54450K(54784K) Class: 6994K(7296K)->6994K(7296K)
[2023-12-18T19:33:56.941+0100][159.447s] GC(42) Pause Young (Normal) (G1 Evacuation Pause) 366M->66M(512M) 1.922ms
[2023-12-18T19:33:56.941+0100][159.447s] GC(42) User=0.00s Sys=0.00s Real=0.00s
[2023-12-18T19:33:57.896+0100][160.402s] GC(43) Pause Young (Normal) (G1 Evacuation Pause)
[2023-12-18T19:33:57.896+0100][160.402s] GC(43) Using 10 workers of 10 for evacuation
[2023-12-18T19:33:57.898+0100][160.403s] GC(43)   Pre Evacuate Collection Set: 0.1ms
[2023-12-18T19:33:57.898+0100][160.403s] GC(43)   Merge Heap Roots: 0.0ms
[2023-12-18T19:33:57.898+0100][160.403s] GC(43)   Evacuate Collection Set: 1.1ms
[2023-12-18T19:33:57.898+0100][160.403s] GC(43)   Post Evacuate Collection Set: 0.3ms
[2023-12-18T19:33:57.898+0100][160.403s] GC(43)   Other: 0.1ms
[2023-12-18T19:33:57.898+0100][160.403s] GC(43) Eden regions: 300->0(299)
[2023-12-18T19:33:57.898+0100][160.403s] GC(43) Survivor regions: 7->8(39)
[2023-12-18T19:33:57.898+0100][160.404s] GC(43) Old regions: 56->56
[2023-12-18T19:33:57.898+0100][160.404s] GC(43) Archive regions: 0->0
[2023-12-18T19:33:57.898+0100][160.404s] GC(43) Humongous regions: 4->4
[2023-12-18T19:33:57.898+0100][160.404s] GC(43) Metaspace: 61474K(62144K)->61474K(62144K) NonClass: 54480K(54848K)->54480K(54848K) Class: 6994K(7296K)->6994K(7296K)
[2023-12-18T19:33:57.898+0100][160.404s] GC(43) Pause Young (Normal) (G1 Evacuation Pause) 366M->67M(512M) 1.752ms
[2023-12-18T19:33:57.898+0100][160.404s] GC(43) User=0.00s Sys=0.00s Real=0.00s
[2023-12-18T19:33:58.905+0100][161.411s] GC(44) Pause Young (Normal) (G1 Evacuation Pause)
[2023-12-18T19:33:58.905+0100][161.411s] GC(44) Using 10 workers of 10 for evacuation
[2023-12-18T19:33:58.907+0100][161.413s] GC(44)   Pre Evacuate Collection Set: 0.1ms
[2023-12-18T19:33:58.907+0100][161.413s] GC(44)   Merge Heap Roots: 0.1ms
[2023-12-18T19:33:58.907+0100][161.413s] GC(44)   Evacuate Collection Set: 1.4ms
[2023-12-18T19:33:58.907+0100][161.413s] GC(44)   Post Evacuate Collection Set: 0.5ms
[2023-12-18T19:33:58.907+0100][161.413s] GC(44)   Other: 0.1ms
[2023-12-18T19:33:58.907+0100][161.413s] GC(44) Eden regions: 299->0(297)
[2023-12-18T19:33:58.907+0100][161.413s] GC(44) Survivor regions: 8->10(39)
[2023-12-18T19:33:58.907+0100][161.413s] GC(44) Old regions: 56->56
[2023-12-18T19:33:58.907+0100][161.413s] GC(44) Archive regions: 0->0
[2023-12-18T19:33:58.907+0100][161.413s] GC(44) Humongous regions: 4->4
[2023-12-18T19:33:58.907+0100][161.413s] GC(44) Metaspace: 61532K(62144K)->61532K(62144K) NonClass: 54537K(54848K)->54537K(54848K) Class: 6994K(7296K)->6994K(7296K)
[2023-12-18T19:33:58.907+0100][161.413s] GC(44) Pause Young (Normal) (G1 Evacuation Pause) 366M->69M(512M) 2.494ms
[2023-12-18T19:33:58.907+0100][161.413s] GC(44) User=0.06s Sys=0.00s Real=0.00s
[2023-12-18T19:33:58.919+0100][161.425s] GC(45) Pause Young (Concurrent Start) (CodeCache GC Threshold)
[2023-12-18T19:33:58.919+0100][161.425s] GC(45) Using 10 workers of 10 for evacuation
[2023-12-18T19:33:58.922+0100][161.427s] GC(45)   Pre Evacuate Collection Set: 0.2ms
[2023-12-18T19:33:58.922+0100][161.427s] GC(45)   Merge Heap Roots: 0.1ms
[2023-12-18T19:33:58.922+0100][161.427s] GC(45)   Evacuate Collection Set: 1.5ms
[2023-12-18T19:33:58.922+0100][161.427s] GC(45)   Post Evacuate Collection Set: 0.4ms
[2023-12-18T19:33:58.922+0100][161.427s] GC(45)   Other: 0.1ms
[2023-12-18T19:33:58.922+0100][161.427s] GC(45) Eden regions: 3->0(298)
[2023-12-18T19:33:58.922+0100][161.427s] GC(45) Survivor regions: 10->9(39)
[2023-12-18T19:33:58.922+0100][161.427s] GC(45) Old regions: 56->56
[2023-12-18T19:33:58.922+0100][161.427s] GC(45) Archive regions: 0->0
[2023-12-18T19:33:58.922+0100][161.427s] GC(45) Humongous regions: 4->4
[2023-12-18T19:33:58.922+0100][161.427s] GC(45) Metaspace: 61532K(62144K)->61532K(62144K) NonClass: 54537K(54848K)->54537K(54848K) Class: 6994K(7296K)->6994K(7296K)
[2023-12-18T19:33:58.922+0100][161.427s] GC(45) Pause Young (Concurrent Start) (CodeCache GC Threshold) 72M->68M(512M) 2.440ms
[2023-12-18T19:33:58.922+0100][161.428s] GC(45) User=0.00s Sys=0.00s Real=0.00s
[2023-12-18T19:33:58.922+0100][161.428s] GC(46) Concurrent Mark Cycle
[2023-12-18T19:33:58.922+0100][161.428s] GC(46) Concurrent Clear Claimed Marks
[2023-12-18T19:33:58.922+0100][161.428s] GC(46) Concurrent Clear Claimed Marks 0.082ms
[2023-12-18T19:33:58.922+0100][161.428s] GC(46) Concurrent Scan Root Regions
[2023-12-18T19:33:58.923+0100][161.429s] GC(46) Concurrent Scan Root Regions 0.980ms
[2023-12-18T19:33:58.923+0100][161.429s] GC(46) Concurrent Mark
[2023-12-18T19:33:58.923+0100][161.429s] GC(46) Concurrent Mark From Roots
[2023-12-18T19:33:58.923+0100][161.429s] GC(46) Using 3 workers of 3 for marking
[2023-12-18T19:33:58.951+0100][161.457s] GC(46) Concurrent Mark From Roots 28.057ms
[2023-12-18T19:33:58.951+0100][161.457s] GC(46) Concurrent Preclean
[2023-12-18T19:33:58.951+0100][161.457s] GC(46) Concurrent Preclean 0.091ms
[2023-12-18T19:33:58.951+0100][161.457s] GC(46) Pause Remark
[2023-12-18T19:33:58.954+0100][161.460s] GC(46) Pause Remark 75M->75M(512M) 2.630ms
[2023-12-18T19:33:58.954+0100][161.460s] GC(46) User=0.16s Sys=0.00s Real=0.00s
[2023-12-18T19:33:58.954+0100][161.460s] GC(46) Concurrent Mark 30.983ms
[2023-12-18T19:33:58.954+0100][161.460s] GC(46) Concurrent Rebuild Remembered Sets
[2023-12-18T19:33:58.964+0100][161.470s] GC(46) Concurrent Rebuild Remembered Sets 10.173ms
[2023-12-18T19:33:58.964+0100][161.470s] GC(46) Pause Cleanup
[2023-12-18T19:33:58.965+0100][161.470s] GC(46) Pause Cleanup 76M->76M(512M) 0.074ms
[2023-12-18T19:33:58.965+0100][161.470s] GC(46) User=0.00s Sys=0.00s Real=0.00s
[2023-12-18T19:33:58.965+0100][161.470s] GC(46) Concurrent Cleanup for Next Mark
[2023-12-18T19:33:58.965+0100][161.471s] GC(46) Concurrent Cleanup for Next Mark 0.926ms
[2023-12-18T19:33:58.966+0100][161.471s] GC(46) Concurrent Mark Cycle 43.481ms
[2023-12-18T19:33:58.996+0100][161.501s] GC(47) Pause Young (Concurrent Start) (CodeCache GC Threshold)
[2023-12-18T19:33:58.996+0100][161.501s] GC(47) Using 10 workers of 10 for evacuation
[2023-12-18T19:33:58.998+0100][161.503s] GC(47)   Pre Evacuate Collection Set: 0.2ms
[2023-12-18T19:33:58.998+0100][161.503s] GC(47)   Merge Heap Roots: 0.0ms
[2023-12-18T19:33:58.998+0100][161.503s] GC(47)   Evacuate Collection Set: 1.4ms
[2023-12-18T19:33:58.998+0100][161.503s] GC(47)   Post Evacuate Collection Set: 0.4ms
[2023-12-18T19:33:58.998+0100][161.503s] GC(47)   Other: 0.1ms
[2023-12-18T19:33:58.998+0100][161.503s] GC(47) Eden regions: 14->0(298)
[2023-12-18T19:33:58.998+0100][161.503s] GC(47) Survivor regions: 9->9(39)
[2023-12-18T19:33:58.998+0100][161.503s] GC(47) Old regions: 56->56
[2023-12-18T19:33:58.998+0100][161.503s] GC(47) Archive regions: 0->0
[2023-12-18T19:33:58.998+0100][161.504s] GC(47) Humongous regions: 4->4
[2023-12-18T19:33:58.998+0100][161.504s] GC(47) Metaspace: 61539K(62144K)->61539K(62144K) NonClass: 54544K(54848K)->54544K(54848K) Class: 6994K(7296K)->6994K(7296K)
[2023-12-18T19:33:58.998+0100][161.504s] GC(47) Pause Young (Concurrent Start) (CodeCache GC Threshold) 82M->68M(512M) 2.315ms
[2023-12-18T19:33:58.998+0100][161.504s] GC(48) Concurrent Mark Cycle
[2023-12-18T19:33:58.998+0100][161.504s] GC(47) User=0.00s Sys=0.00s Real=0.00s
[2023-12-18T19:33:58.998+0100][161.504s] GC(48) Concurrent Clear Claimed Marks
[2023-12-18T19:33:58.998+0100][161.504s] GC(48) Concurrent Clear Claimed Marks 0.098ms
[2023-12-18T19:33:58.998+0100][161.504s] GC(48) Concurrent Scan Root Regions
[2023-12-18T19:33:58.999+0100][161.505s] GC(48) Concurrent Scan Root Regions 0.886ms
[2023-12-18T19:33:58.999+0100][161.505s] GC(48) Concurrent Mark
[2023-12-18T19:33:58.999+0100][161.505s] GC(48) Concurrent Mark From Roots
[2023-12-18T19:33:58.999+0100][161.505s] GC(48) Using 3 workers of 3 for marking
[2023-12-18T19:33:59.029+0100][161.534s] GC(48) Concurrent Mark From Roots 29.377ms
[2023-12-18T19:33:59.029+0100][161.534s] GC(48) Concurrent Preclean
[2023-12-18T19:33:59.029+0100][161.534s] GC(48) Concurrent Preclean 0.120ms
[2023-12-18T19:33:59.029+0100][161.534s] GC(48) Pause Remark
[2023-12-18T19:33:59.031+0100][161.537s] GC(48) Pause Remark 73M->73M(512M) 2.465ms
[2023-12-18T19:33:59.031+0100][161.537s] GC(48) User=0.00s Sys=0.00s Real=0.00s
[2023-12-18T19:33:59.032+0100][161.537s] GC(48) Concurrent Mark 32.205ms
[2023-12-18T19:33:59.032+0100][161.537s] GC(48) Concurrent Rebuild Remembered Sets
[2023-12-18T19:33:59.044+0100][161.550s] GC(48) Concurrent Rebuild Remembered Sets 12.883ms
[2023-12-18T19:33:59.045+0100][161.550s] GC(48) Pause Cleanup
[2023-12-18T19:33:59.045+0100][161.550s] GC(48) Pause Cleanup 76M->76M(512M) 0.093ms
[2023-12-18T19:33:59.045+0100][161.550s] GC(48) User=0.00s Sys=0.00s Real=0.00s
[2023-12-18T19:33:59.045+0100][161.550s] GC(48) Concurrent Cleanup for Next Mark
[2023-12-18T19:33:59.046+0100][161.551s] GC(48) Concurrent Cleanup for Next Mark 0.976ms
[2023-12-18T19:33:59.046+0100][161.551s] GC(48) Concurrent Mark Cycle 47.621ms
[2023-12-18T19:33:59.142+0100][161.648s] GC(49) Pause Young (Concurrent Start) (CodeCache GC Threshold)
[2023-12-18T19:33:59.142+0100][161.649s] GC(49) Using 10 workers of 10 for evacuation
[2023-12-18T19:33:59.145+0100][161.651s] GC(49)   Pre Evacuate Collection Set: 0.2ms
[2023-12-18T19:33:59.145+0100][161.651s] GC(49)   Merge Heap Roots: 0.0ms
[2023-12-18T19:33:59.145+0100][161.651s] GC(49)   Evacuate Collection Set: 1.5ms
[2023-12-18T19:33:59.145+0100][161.651s] GC(49)   Post Evacuate Collection Set: 0.4ms
[2023-12-18T19:33:59.145+0100][161.651s] GC(49)   Other: 0.1ms
[2023-12-18T19:33:59.145+0100][161.651s] GC(49) Eden regions: 18->0(298)
[2023-12-18T19:33:59.145+0100][161.651s] GC(49) Survivor regions: 9->9(39)
[2023-12-18T19:33:59.145+0100][161.651s] GC(49) Old regions: 56->56
[2023-12-18T19:33:59.145+0100][161.651s] GC(49) Archive regions: 0->0
[2023-12-18T19:33:59.145+0100][161.651s] GC(49) Humongous regions: 4->4
[2023-12-18T19:33:59.145+0100][161.651s] GC(49) Metaspace: 61539K(62144K)->61539K(62144K) NonClass: 54544K(54848K)->54544K(54848K) Class: 6994K(7296K)->6994K(7296K)
[2023-12-18T19:33:59.145+0100][161.651s] GC(49) Pause Young (Concurrent Start) (CodeCache GC Threshold) 85M->68M(512M) 2.486ms
[2023-12-18T19:33:59.145+0100][161.651s] GC(50) Concurrent Mark Cycle
[2023-12-18T19:33:59.145+0100][161.651s] GC(49) User=0.00s Sys=0.00s Real=0.00s
[2023-12-18T19:33:59.145+0100][161.651s] GC(50) Concurrent Clear Claimed Marks
[2023-12-18T19:33:59.145+0100][161.651s] GC(50) Concurrent Clear Claimed Marks 0.123ms
[2023-12-18T19:33:59.145+0100][161.651s] GC(50) Concurrent Scan Root Regions
[2023-12-18T19:33:59.146+0100][161.652s] GC(50) Concurrent Scan Root Regions 1.240ms
[2023-12-18T19:33:59.146+0100][161.652s] GC(50) Concurrent Mark
[2023-12-18T19:33:59.146+0100][161.652s] GC(50) Concurrent Mark From Roots
[2023-12-18T19:33:59.146+0100][161.652s] GC(50) Using 3 workers of 3 for marking
[2023-12-18T19:33:59.177+0100][161.682s] GC(50) Concurrent Mark From Roots 30.023ms
[2023-12-18T19:33:59.177+0100][161.683s] GC(50) Concurrent Preclean
[2023-12-18T19:33:59.177+0100][161.683s] GC(50) Concurrent Preclean 0.133ms
[2023-12-18T19:33:59.177+0100][161.683s] GC(50) Pause Remark
[2023-12-18T19:33:59.179+0100][161.685s] GC(50) Pause Remark 74M->74M(512M) 2.402ms
[2023-12-18T19:33:59.179+0100][161.685s] GC(50) User=0.00s Sys=0.00s Real=0.00s
[2023-12-18T19:33:59.179+0100][161.685s] GC(50) Concurrent Mark 32.855ms
[2023-12-18T19:33:59.179+0100][161.685s] GC(50) Concurrent Rebuild Remembered Sets
[2023-12-18T19:33:59.192+0100][161.698s] GC(50) Concurrent Rebuild Remembered Sets 12.378ms
[2023-12-18T19:33:59.192+0100][161.698s] GC(50) Pause Cleanup
[2023-12-18T19:33:59.192+0100][161.698s] GC(50) Pause Cleanup 76M->76M(512M) 0.088ms
[2023-12-18T19:33:59.192+0100][161.698s] GC(50) User=0.00s Sys=0.00s Real=0.00s
[2023-12-18T19:33:59.192+0100][161.698s] GC(50) Concurrent Cleanup for Next Mark
[2023-12-18T19:33:59.193+0100][161.699s] GC(50) Concurrent Cleanup for Next Mark 0.887ms
[2023-12-18T19:33:59.193+0100][161.699s] GC(50) Concurrent Mark Cycle 47.901ms
[2023-12-18T19:34:00.163+0100][162.668s] GC(51) Pause Young (Prepare Mixed) (G1 Evacuation Pause)
[2023-12-18T19:34:00.163+0100][162.668s] GC(51) Using 10 workers of 10 for evacuation
[2023-12-18T19:34:00.164+0100][162.670s] GC(51)   Pre Evacuate Collection Set: 0.0ms
[2023-12-18T19:34:00.164+0100][162.670s] GC(51)   Merge Heap Roots: 0.0ms
[2023-12-18T19:34:00.164+0100][162.670s] GC(51)   Evacuate Collection Set: 1.2ms
[2023-12-18T19:34:00.164+0100][162.670s] GC(51)   Post Evacuate Collection Set: 0.3ms
[2023-12-18T19:34:00.164+0100][162.670s] GC(51)   Other: 0.1ms
[2023-12-18T19:34:00.164+0100][162.670s] GC(51) Eden regions: 298->0(15)
[2023-12-18T19:34:00.164+0100][162.670s] GC(51) Survivor regions: 9->10(39)
[2023-12-18T19:34:00.164+0100][162.670s] GC(51) Old regions: 56->56
[2023-12-18T19:34:00.164+0100][162.670s] GC(51) Archive regions: 0->0
[2023-12-18T19:34:00.164+0100][162.670s] GC(51) Humongous regions: 4->4
[2023-12-18T19:34:00.164+0100][162.670s] GC(51) Metaspace: 61554K(62208K)->61554K(62208K) NonClass: 54560K(54912K)->54560K(54912K) Class: 6994K(7296K)->6994K(7296K)
[2023-12-18T19:34:00.164+0100][162.670s] GC(51) Pause Young (Prepare Mixed) (G1 Evacuation Pause) 366M->69M(512M) 1.775ms
[2023-12-18T19:34:00.164+0100][162.670s] GC(51) User=0.00s Sys=0.00s Real=0.00s
[2023-12-18T19:34:00.210+0100][162.716s] GC(52) Pause Young (Mixed) (G1 Evacuation Pause)
[2023-12-18T19:34:00.210+0100][162.716s] GC(52) Using 10 workers of 10 for evacuation
[2023-12-18T19:34:00.212+0100][162.718s] GC(52)   Pre Evacuate Collection Set: 0.1ms
[2023-12-18T19:34:00.212+0100][162.718s] GC(52)   Merge Heap Roots: 0.1ms
[2023-12-18T19:34:00.212+0100][162.718s] GC(52)   Evacuate Collection Set: 1.3ms
[2023-12-18T19:34:00.212+0100][162.718s] GC(52)   Post Evacuate Collection Set: 0.4ms
[2023-12-18T19:34:00.212+0100][162.718s] GC(52)   Other: 0.1ms
[2023-12-18T19:34:00.212+0100][162.718s] GC(52) Eden regions: 15->0(304)
[2023-12-18T19:34:00.212+0100][162.718s] GC(52) Survivor regions: 10->3(4)
[2023-12-18T19:34:00.212+0100][162.718s] GC(52) Old regions: 56->63
[2023-12-18T19:34:00.212+0100][162.718s] GC(52) Archive regions: 0->0
[2023-12-18T19:34:00.212+0100][162.718s] GC(52) Humongous regions: 4->4
[2023-12-18T19:34:00.212+0100][162.718s] GC(52) Metaspace: 61555K(62208K)->61555K(62208K) NonClass: 54560K(54912K)->54560K(54912K) Class: 6994K(7296K)->6994K(7296K)
[2023-12-18T19:34:00.212+0100][162.718s] GC(52) Pause Young (Mixed) (G1 Evacuation Pause) 84M->69M(512M) 2.136ms
[2023-12-18T19:34:00.212+0100][162.718s] GC(52) User=0.00s Sys=0.00s Real=0.00s
[2023-12-18T19:34:01.137+0100][163.642s] GC(53) Pause Young (Normal) (G1 Evacuation Pause)
[2023-12-18T19:34:01.137+0100][163.642s] GC(53) Using 10 workers of 10 for evacuation
[2023-12-18T19:34:01.138+0100][163.644s] GC(53)   Pre Evacuate Collection Set: 0.1ms
[2023-12-18T19:34:01.138+0100][163.644s] GC(53)   Merge Heap Roots: 0.1ms
[2023-12-18T19:34:01.138+0100][163.644s] GC(53)   Evacuate Collection Set: 0.6ms
[2023-12-18T19:34:01.138+0100][163.644s] GC(53)   Post Evacuate Collection Set: 0.4ms
[2023-12-18T19:34:01.138+0100][163.644s] GC(53)   Other: 0.1ms
[2023-12-18T19:34:01.138+0100][163.644s] GC(53) Eden regions: 304->0(303)
[2023-12-18T19:34:01.138+0100][163.644s] GC(53) Survivor regions: 3->4(39)
[2023-12-18T19:34:01.138+0100][163.644s] GC(53) Old regions: 63->63
[2023-12-18T19:34:01.138+0100][163.644s] GC(53) Archive regions: 0->0
[2023-12-18T19:34:01.138+0100][163.644s] GC(53) Humongous regions: 4->4
[2023-12-18T19:34:01.138+0100][163.644s] GC(53) Metaspace: 61675K(62272K)->61675K(62272K) NonClass: 54681K(54976K)->54681K(54976K) Class: 6994K(7296K)->6994K(7296K)
[2023-12-18T19:34:01.138+0100][163.644s] GC(53) Pause Young (Normal) (G1 Evacuation Pause) 373M->70M(512M) 1.401ms
[2023-12-18T19:34:01.138+0100][163.644s] GC(53) User=0.00s Sys=0.00s Real=0.00s
[2023-12-18T19:34:02.035+0100][164.541s] GC(54) Pause Young (Normal) (G1 Evacuation Pause)
[2023-12-18T19:34:02.035+0100][164.541s] GC(54) Using 10 workers of 10 for evacuation
[2023-12-18T19:34:02.036+0100][164.542s] GC(54)   Pre Evacuate Collection Set: 0.1ms
[2023-12-18T19:34:02.036+0100][164.542s] GC(54)   Merge Heap Roots: 0.1ms
[2023-12-18T19:34:02.036+0100][164.542s] GC(54)   Evacuate Collection Set: 0.7ms
[2023-12-18T19:34:02.036+0100][164.542s] GC(54)   Post Evacuate Collection Set: 0.4ms
[2023-12-18T19:34:02.036+0100][164.543s] GC(54)   Other: 0.1ms
[2023-12-18T19:34:02.036+0100][164.543s] GC(54) Eden regions: 303->0(302)
[2023-12-18T19:34:02.036+0100][164.543s] GC(54) Survivor regions: 4->5(39)
[2023-12-18T19:34:02.036+0100][164.543s] GC(54) Old regions: 63->63
[2023-12-18T19:34:02.036+0100][164.543s] GC(54) Archive regions: 0->0
[2023-12-18T19:34:02.036+0100][164.543s] GC(54) Humongous regions: 4->4
[2023-12-18T19:34:02.036+0100][164.543s] GC(54) Metaspace: 61681K(62272K)->61681K(62272K) NonClass: 54686K(54976K)->54686K(54976K) Class: 6994K(7296K)->6994K(7296K)
[2023-12-18T19:34:02.037+0100][164.543s] GC(54) Pause Young (Normal) (G1 Evacuation Pause) 373M->71M(512M) 1.561ms
[2023-12-18T19:34:02.037+0100][164.543s] GC(54) User=0.00s Sys=0.00s Real=0.00s
[2023-12-18T19:34:02.937+0100][165.442s] GC(55) Pause Young (Normal) (G1 Evacuation Pause)
[2023-12-18T19:34:02.937+0100][165.443s] GC(55) Using 10 workers of 10 for evacuation
[2023-12-18T19:34:02.939+0100][165.444s] GC(55)   Pre Evacuate Collection Set: 0.1ms
[2023-12-18T19:34:02.939+0100][165.444s] GC(55)   Merge Heap Roots: 0.1ms
[2023-12-18T19:34:02.939+0100][165.444s] GC(55)   Evacuate Collection Set: 0.8ms
[2023-12-18T19:34:02.939+0100][165.444s] GC(55)   Post Evacuate Collection Set: 0.5ms
[2023-12-18T19:34:02.939+0100][165.444s] GC(55)   Other: 0.1ms
[2023-12-18T19:34:02.939+0100][165.444s] GC(55) Eden regions: 302->0(301)
[2023-12-18T19:34:02.939+0100][165.444s] GC(55) Survivor regions: 5->6(39)
[2023-12-18T19:34:02.939+0100][165.444s] GC(55) Old regions: 63->63
[2023-12-18T19:34:02.939+0100][165.444s] GC(55) Archive regions: 0->0
[2023-12-18T19:34:02.939+0100][165.444s] GC(55) Humongous regions: 4->4
[2023-12-18T19:34:02.939+0100][165.444s] GC(55) Metaspace: 61681K(62272K)->61681K(62272K) NonClass: 54686K(54976K)->54686K(54976K) Class: 6994K(7296K)->6994K(7296K)
[2023-12-18T19:34:02.939+0100][165.444s] GC(55) Pause Young (Normal) (G1 Evacuation Pause) 373M->71M(512M) 1.816ms
[2023-12-18T19:34:02.939+0100][165.444s] GC(55) User=0.17s Sys=0.00s Real=0.00s
[2023-12-18T19:34:03.805+0100][166.310s] GC(56) Pause Young (Normal) (G1 Evacuation Pause)
[2023-12-18T19:34:03.805+0100][166.310s] GC(56) Using 10 workers of 10 for evacuation
[2023-12-18T19:34:03.806+0100][166.312s] GC(56)   Pre Evacuate Collection Set: 0.1ms
[2023-12-18T19:34:03.806+0100][166.312s] GC(56)   Merge Heap Roots: 0.0ms
[2023-12-18T19:34:03.806+0100][166.312s] GC(56)   Evacuate Collection Set: 0.9ms
[2023-12-18T19:34:03.806+0100][166.312s] GC(56)   Post Evacuate Collection Set: 0.5ms
[2023-12-18T19:34:03.806+0100][166.312s] GC(56)   Other: 0.1ms
[2023-12-18T19:34:03.806+0100][166.312s] GC(56) Eden regions: 301->0(300)
[2023-12-18T19:34:03.806+0100][166.312s] GC(56) Survivor regions: 6->7(39)
[2023-12-18T19:34:03.806+0100][166.312s] GC(56) Old regions: 63->63
[2023-12-18T19:34:03.806+0100][166.312s] GC(56) Archive regions: 0->0
[2023-12-18T19:34:03.806+0100][166.312s] GC(56) Humongous regions: 4->4
[2023-12-18T19:34:03.806+0100][166.312s] GC(56) Metaspace: 61685K(62272K)->61685K(62272K) NonClass: 54690K(54976K)->54690K(54976K) Class: 6994K(7296K)->6994K(7296K)
[2023-12-18T19:34:03.806+0100][166.312s] GC(56) Pause Young (Normal) (G1 Evacuation Pause) 372M->73M(512M) 1.720ms
[2023-12-18T19:34:03.807+0100][166.312s] GC(56) User=0.00s Sys=0.00s Real=0.00s
[2023-12-18T19:34:04.689+0100][167.194s] GC(57) Pause Young (Normal) (G1 Evacuation Pause)
[2023-12-18T19:34:04.689+0100][167.194s] GC(57) Using 10 workers of 10 for evacuation
[2023-12-18T19:34:04.690+0100][167.195s] GC(57)   Pre Evacuate Collection Set: 0.1ms
[2023-12-18T19:34:04.690+0100][167.195s] GC(57)   Merge Heap Roots: 0.1ms
[2023-12-18T19:34:04.690+0100][167.195s] GC(57)   Evacuate Collection Set: 0.9ms
[2023-12-18T19:34:04.690+0100][167.195s] GC(57)   Post Evacuate Collection Set: 0.3ms
[2023-12-18T19:34:04.690+0100][167.195s] GC(57)   Other: 0.1ms
[2023-12-18T19:34:04.690+0100][167.195s] GC(57) Eden regions: 300->0(299)
[2023-12-18T19:34:04.690+0100][167.195s] GC(57) Survivor regions: 7->8(39)
[2023-12-18T19:34:04.690+0100][167.195s] GC(57) Old regions: 63->63
[2023-12-18T19:34:04.690+0100][167.195s] GC(57) Archive regions: 0->0
[2023-12-18T19:34:04.690+0100][167.195s] GC(57) Humongous regions: 4->4
[2023-12-18T19:34:04.690+0100][167.195s] GC(57) Metaspace: 61693K(62272K)->61693K(62272K) NonClass: 54699K(54976K)->54699K(54976K) Class: 6994K(7296K)->6994K(7296K)
[2023-12-18T19:34:04.690+0100][167.195s] GC(57) Pause Young (Normal) (G1 Evacuation Pause) 373M->73M(512M) 1.644ms
[2023-12-18T19:34:04.690+0100][167.195s] GC(57) User=0.00s Sys=0.00s Real=0.00s
[2023-12-18T19:34:05.570+0100][168.076s] GC(58) Pause Young (Normal) (G1 Evacuation Pause)
[2023-12-18T19:34:05.570+0100][168.076s] GC(58) Using 10 workers of 10 for evacuation
[2023-12-18T19:34:05.572+0100][168.077s] GC(58)   Pre Evacuate Collection Set: 0.0ms
[2023-12-18T19:34:05.572+0100][168.077s] GC(58)   Merge Heap Roots: 0.0ms
[2023-12-18T19:34:05.572+0100][168.077s] GC(58)   Evacuate Collection Set: 1.2ms
[2023-12-18T19:34:05.572+0100][168.077s] GC(58)   Post Evacuate Collection Set: 0.4ms
[2023-12-18T19:34:05.572+0100][168.077s] GC(58)   Other: 0.1ms
[2023-12-18T19:34:05.572+0100][168.077s] GC(58) Eden regions: 299->0(298)
[2023-12-18T19:34:05.572+0100][168.077s] GC(58) Survivor regions: 8->9(39)
[2023-12-18T19:34:05.572+0100][168.077s] GC(58) Old regions: 63->63
[2023-12-18T19:34:05.572+0100][168.077s] GC(58) Archive regions: 0->0
[2023-12-18T19:34:05.572+0100][168.077s] GC(58) Humongous regions: 4->4
[2023-12-18T19:34:05.572+0100][168.077s] GC(58) Metaspace: 61710K(62272K)->61710K(62272K) NonClass: 54715K(54976K)->54715K(54976K) Class: 6994K(7296K)->6994K(7296K)
[2023-12-18T19:34:05.572+0100][168.078s] GC(58) Pause Young (Normal) (G1 Evacuation Pause) 372M->75M(512M) 1.879ms
[2023-12-18T19:34:05.572+0100][168.078s] GC(58) User=0.00s Sys=0.00s Real=0.00s
[2023-12-18T19:34:06.506+0100][169.012s] GC(59) Pause Young (Normal) (G1 Evacuation Pause)
[2023-12-18T19:34:06.506+0100][169.012s] GC(59) Using 10 workers of 10 for evacuation
[2023-12-18T19:34:06.508+0100][169.014s] GC(59)   Pre Evacuate Collection Set: 0.0ms
[2023-12-18T19:34:06.508+0100][169.014s] GC(59)   Merge Heap Roots: 0.0ms
[2023-12-18T19:34:06.508+0100][169.014s] GC(59)   Evacuate Collection Set: 1.3ms
[2023-12-18T19:34:06.508+0100][169.014s] GC(59)   Post Evacuate Collection Set: 0.3ms
[2023-12-18T19:34:06.508+0100][169.014s] GC(59)   Other: 0.1ms
[2023-12-18T19:34:06.508+0100][169.014s] GC(59) Eden regions: 298->0(297)
[2023-12-18T19:34:06.508+0100][169.014s] GC(59) Survivor regions: 9->10(39)
[2023-12-18T19:34:06.508+0100][169.014s] GC(59) Old regions: 63->63
[2023-12-18T19:34:06.508+0100][169.014s] GC(59) Archive regions: 0->0
[2023-12-18T19:34:06.508+0100][169.014s] GC(59) Humongous regions: 4->4
[2023-12-18T19:34:06.508+0100][169.014s] GC(59) Metaspace: 61747K(62400K)->61747K(62400K) NonClass: 54751K(55104K)->54751K(55104K) Class: 6996K(7296K)->6996K(7296K)
[2023-12-18T19:34:06.508+0100][169.014s] GC(59) Pause Young (Normal) (G1 Evacuation Pause) 373M->76M(512M) 1.998ms
[2023-12-18T19:34:06.508+0100][169.014s] GC(59) User=0.00s Sys=0.00s Real=0.00s
[2023-12-18T19:34:07.389+0100][169.894s] GC(60) Pause Young (Normal) (G1 Evacuation Pause)
[2023-12-18T19:34:07.389+0100][169.894s] GC(60) Using 10 workers of 10 for evacuation
[2023-12-18T19:34:07.391+0100][169.896s] GC(60)   Pre Evacuate Collection Set: 0.1ms
[2023-12-18T19:34:07.391+0100][169.896s] GC(60)   Merge Heap Roots: 0.1ms
[2023-12-18T19:34:07.391+0100][169.896s] GC(60)   Evacuate Collection Set: 1.3ms
[2023-12-18T19:34:07.391+0100][169.896s] GC(60)   Post Evacuate Collection Set: 0.5ms
[2023-12-18T19:34:07.391+0100][169.896s] GC(60)   Other: 0.1ms
[2023-12-18T19:34:07.391+0100][169.896s] GC(60) Eden regions: 297->0(296)
[2023-12-18T19:34:07.391+0100][169.896s] GC(60) Survivor regions: 10->11(39)
[2023-12-18T19:34:07.391+0100][169.896s] GC(60) Old regions: 63->63
[2023-12-18T19:34:07.391+0100][169.896s] GC(60) Archive regions: 0->0
[2023-12-18T19:34:07.391+0100][169.896s] GC(60) Humongous regions: 4->4
[2023-12-18T19:34:07.391+0100][169.896s] GC(60) Metaspace: 61948K(62592K)->61948K(62592K) NonClass: 54951K(55296K)->54951K(55296K) Class: 6996K(7296K)->6996K(7296K)
[2023-12-18T19:34:07.391+0100][169.896s] GC(60) Pause Young (Normal) (G1 Evacuation Pause) 373M->76M(512M) 2.219ms
[2023-12-18T19:34:07.391+0100][169.896s] GC(60) User=0.02s Sys=0.00s Real=0.00s
[2023-12-18T19:34:08.257+0100][170.762s] GC(61) Pause Young (Normal) (G1 Evacuation Pause)
[2023-12-18T19:34:08.257+0100][170.762s] GC(61) Using 10 workers of 10 for evacuation
[2023-12-18T19:34:08.259+0100][170.764s] GC(61)   Pre Evacuate Collection Set: 0.0ms
[2023-12-18T19:34:08.259+0100][170.764s] GC(61)   Merge Heap Roots: 0.0ms
[2023-12-18T19:34:08.259+0100][170.764s] GC(61)   Evacuate Collection Set: 1.5ms
[2023-12-18T19:34:08.259+0100][170.764s] GC(61)   Post Evacuate Collection Set: 0.3ms
[2023-12-18T19:34:08.259+0100][170.765s] GC(61)   Other: 0.1ms
[2023-12-18T19:34:08.259+0100][170.765s] GC(61) Eden regions: 296->0(295)
[2023-12-18T19:34:08.259+0100][170.765s] GC(61) Survivor regions: 11->12(39)
[2023-12-18T19:34:08.259+0100][170.765s] GC(61) Old regions: 63->63
[2023-12-18T19:34:08.259+0100][170.765s] GC(61) Archive regions: 0->0
[2023-12-18T19:34:08.259+0100][170.765s] GC(61) Humongous regions: 4->4
[2023-12-18T19:34:08.259+0100][170.765s] GC(61) Metaspace: 61950K(62592K)->61950K(62592K) NonClass: 54953K(55296K)->54953K(55296K) Class: 6996K(7296K)->6996K(7296K)
[2023-12-18T19:34:08.259+0100][170.765s] GC(61) Pause Young (Normal) (G1 Evacuation Pause) 372M->78M(512M) 2.172ms
[2023-12-18T19:34:08.259+0100][170.765s] GC(61) User=0.00s Sys=0.00s Real=0.00s
[2023-12-18T19:34:09.212+0100][171.717s] GC(62) Pause Young (Normal) (G1 Evacuation Pause)
[2023-12-18T19:34:09.212+0100][171.717s] GC(62) Using 10 workers of 10 for evacuation
[2023-12-18T19:34:09.214+0100][171.720s] GC(62)   Pre Evacuate Collection Set: 0.0ms
[2023-12-18T19:34:09.214+0100][171.720s] GC(62)   Merge Heap Roots: 0.0ms
[2023-12-18T19:34:09.214+0100][171.720s] GC(62)   Evacuate Collection Set: 1.7ms
[2023-12-18T19:34:09.214+0100][171.720s] GC(62)   Post Evacuate Collection Set: 0.3ms
[2023-12-18T19:34:09.214+0100][171.720s] GC(62)   Other: 0.1ms
[2023-12-18T19:34:09.214+0100][171.720s] GC(62) Eden regions: 295->0(294)
[2023-12-18T19:34:09.214+0100][171.720s] GC(62) Survivor regions: 12->13(39)
[2023-12-18T19:34:09.214+0100][171.720s] GC(62) Old regions: 63->63
[2023-12-18T19:34:09.214+0100][171.720s] GC(62) Archive regions: 0->0
[2023-12-18T19:34:09.214+0100][171.720s] GC(62) Humongous regions: 4->4
[2023-12-18T19:34:09.214+0100][171.720s] GC(62) Metaspace: 61956K(62592K)->61956K(62592K) NonClass: 54959K(55296K)->54959K(55296K) Class: 6996K(7296K)->6996K(7296K)
[2023-12-18T19:34:09.214+0100][171.720s] GC(62) Pause Young (Normal) (G1 Evacuation Pause) 373M->79M(512M) 2.365ms
[2023-12-18T19:34:09.214+0100][171.720s] GC(62) User=0.00s Sys=0.00s Real=0.00s
[2023-12-18T19:34:10.278+0100][172.783s] GC(63) Pause Young (Normal) (G1 Evacuation Pause)
[2023-12-18T19:34:10.278+0100][172.784s] GC(63) Using 10 workers of 10 for evacuation
[2023-12-18T19:34:10.283+0100][172.789s] GC(63)   Pre Evacuate Collection Set: 0.1ms
[2023-12-18T19:34:10.284+0100][172.789s] GC(63)   Merge Heap Roots: 0.1ms
[2023-12-18T19:34:10.284+0100][172.789s] GC(63)   Evacuate Collection Set: 4.5ms
[2023-12-18T19:34:10.284+0100][172.789s] GC(63)   Post Evacuate Collection Set: 0.6ms
[2023-12-18T19:34:10.284+0100][172.789s] GC(63)   Other: 0.2ms
[2023-12-18T19:34:10.284+0100][172.789s] GC(63) Eden regions: 294->0(293)
[2023-12-18T19:34:10.284+0100][172.789s] GC(63) Survivor regions: 13->14(39)
[2023-12-18T19:34:10.284+0100][172.789s] GC(63) Old regions: 63->63
[2023-12-18T19:34:10.284+0100][172.789s] GC(63) Archive regions: 0->0
[2023-12-18T19:34:10.284+0100][172.789s] GC(63) Humongous regions: 4->4
[2023-12-18T19:34:10.284+0100][172.789s] GC(63) Metaspace: 61957K(62592K)->61957K(62592K) NonClass: 54960K(55296K)->54960K(55296K) Class: 6997K(7296K)->6997K(7296K)
[2023-12-18T19:34:10.284+0100][172.789s] GC(63) Pause Young (Normal) (G1 Evacuation Pause) 373M->80M(512M) 5.771ms
[2023-12-18T19:34:10.284+0100][172.789s] GC(63) User=0.14s Sys=0.00s Real=0.01s
[2023-12-18T19:34:11.735+0100][174.241s] GC(64) Pause Young (Normal) (G1 Evacuation Pause)
[2023-12-18T19:34:11.735+0100][174.241s] GC(64) Using 10 workers of 10 for evacuation
[2023-12-18T19:34:11.738+0100][174.243s] GC(64)   Pre Evacuate Collection Set: 0.1ms
[2023-12-18T19:34:11.738+0100][174.244s] GC(64)   Merge Heap Roots: 0.0ms
[2023-12-18T19:34:11.738+0100][174.244s] GC(64)   Evacuate Collection Set: 1.9ms
[2023-12-18T19:34:11.738+0100][174.244s] GC(64)   Post Evacuate Collection Set: 0.4ms
[2023-12-18T19:34:11.738+0100][174.244s] GC(64)   Other: 0.1ms
[2023-12-18T19:34:11.738+0100][174.244s] GC(64) Eden regions: 293->0(292)
[2023-12-18T19:34:11.738+0100][174.244s] GC(64) Survivor regions: 14->15(39)
[2023-12-18T19:34:11.738+0100][174.244s] GC(64) Old regions: 63->63
[2023-12-18T19:34:11.738+0100][174.244s] GC(64) Archive regions: 0->0
[2023-12-18T19:34:11.738+0100][174.244s] GC(64) Humongous regions: 4->4
[2023-12-18T19:34:11.738+0100][174.244s] GC(64) Metaspace: 61961K(62592K)->61961K(62592K) NonClass: 54964K(55296K)->54964K(55296K) Class: 6997K(7296K)->6997K(7296K)
[2023-12-18T19:34:11.738+0100][174.244s] GC(64) Pause Young (Normal) (G1 Evacuation Pause) 373M->81M(512M) 2.710ms
[2023-12-18T19:34:11.738+0100][174.244s] GC(64) User=0.00s Sys=0.00s Real=0.00s
[2023-12-18T19:34:12.820+0100][175.326s] GC(65) Pause Young (Normal) (G1 Evacuation Pause)
[2023-12-18T19:34:12.820+0100][175.326s] GC(65) Using 10 workers of 10 for evacuation
[2023-12-18T19:34:12.823+0100][175.329s] GC(65)   Pre Evacuate Collection Set: 0.1ms
[2023-12-18T19:34:12.823+0100][175.329s] GC(65)   Merge Heap Roots: 0.0ms
[2023-12-18T19:34:12.823+0100][175.329s] GC(65)   Evacuate Collection Set: 2.2ms
[2023-12-18T19:34:12.823+0100][175.329s] GC(65)   Post Evacuate Collection Set: 0.4ms
[2023-12-18T19:34:12.823+0100][175.329s] GC(65)   Other: 0.1ms
[2023-12-18T19:34:12.823+0100][175.329s] GC(65) Eden regions: 292->0(291)
[2023-12-18T19:34:12.823+0100][175.329s] GC(65) Survivor regions: 15->16(39)
[2023-12-18T19:34:12.823+0100][175.329s] GC(65) Old regions: 63->63
[2023-12-18T19:34:12.823+0100][175.329s] GC(65) Archive regions: 0->0
[2023-12-18T19:34:12.823+0100][175.329s] GC(65) Humongous regions: 4->4
[2023-12-18T19:34:12.823+0100][175.329s] GC(65) Metaspace: 61964K(62592K)->61964K(62592K) NonClass: 54967K(55296K)->54967K(55296K) Class: 6997K(7296K)->6997K(7296K)
[2023-12-18T19:34:12.823+0100][175.329s] GC(65) Pause Young (Normal) (G1 Evacuation Pause) 373M->82M(512M) 3.040ms
[2023-12-18T19:34:12.823+0100][175.329s] GC(65) User=0.00s Sys=0.00s Real=0.00s
[2023-12-18T19:34:13.648+0100][176.154s] GC(66) Pause Young (Concurrent Start) (CodeCache GC Threshold)
[2023-12-18T19:34:13.648+0100][176.154s] GC(66) Using 10 workers of 10 for evacuation
[2023-12-18T19:34:13.651+0100][176.157s] GC(66)   Pre Evacuate Collection Set: 0.1ms
[2023-12-18T19:34:13.651+0100][176.157s] GC(66)   Merge Heap Roots: 0.1ms
[2023-12-18T19:34:13.651+0100][176.157s] GC(66)   Evacuate Collection Set: 2.3ms
[2023-12-18T19:34:13.651+0100][176.157s] GC(66)   Post Evacuate Collection Set: 0.4ms
[2023-12-18T19:34:13.651+0100][176.157s] GC(66)   Other: 0.1ms
[2023-12-18T19:34:13.651+0100][176.157s] GC(66) Eden regions: 251->0(291)
[2023-12-18T19:34:13.651+0100][176.157s] GC(66) Survivor regions: 16->16(39)
[2023-12-18T19:34:13.652+0100][176.157s] GC(66) Old regions: 63->64
[2023-12-18T19:34:13.652+0100][176.157s] GC(66) Archive regions: 0->0
[2023-12-18T19:34:13.652+0100][176.157s] GC(66) Humongous regions: 4->4
[2023-12-18T19:34:13.652+0100][176.157s] GC(66) Metaspace: 61964K(62592K)->61964K(62592K) NonClass: 54967K(55296K)->54967K(55296K) Class: 6997K(7296K)->6997K(7296K)
[2023-12-18T19:34:13.652+0100][176.157s] GC(66) Pause Young (Concurrent Start) (CodeCache GC Threshold) 332M->82M(512M) 3.255ms
[2023-12-18T19:34:13.652+0100][176.157s] GC(66) User=0.00s Sys=0.00s Real=0.00s
[2023-12-18T19:34:13.652+0100][176.157s] GC(67) Concurrent Mark Cycle
[2023-12-18T19:34:13.652+0100][176.157s] GC(67) Concurrent Clear Claimed Marks
[2023-12-18T19:34:13.652+0100][176.157s] GC(67) Concurrent Clear Claimed Marks 0.084ms
[2023-12-18T19:34:13.652+0100][176.157s] GC(67) Concurrent Scan Root Regions
[2023-12-18T19:34:13.653+0100][176.159s] GC(67) Concurrent Scan Root Regions 1.359ms
[2023-12-18T19:34:13.653+0100][176.159s] GC(67) Concurrent Mark
[2023-12-18T19:34:13.653+0100][176.159s] GC(67) Concurrent Mark From Roots
[2023-12-18T19:34:13.653+0100][176.159s] GC(67) Using 3 workers of 3 for marking
[2023-12-18T19:34:13.681+0100][176.187s] GC(67) Concurrent Mark From Roots 27.745ms
[2023-12-18T19:34:13.681+0100][176.187s] GC(67) Concurrent Preclean
[2023-12-18T19:34:13.681+0100][176.187s] GC(67) Concurrent Preclean 0.081ms
[2023-12-18T19:34:13.681+0100][176.187s] GC(67) Pause Remark
[2023-12-18T19:34:13.684+0100][176.189s] GC(67) Pause Remark 89M->89M(512M) 2.320ms
[2023-12-18T19:34:13.684+0100][176.189s] GC(67) User=0.00s Sys=0.00s Real=0.00s
[2023-12-18T19:34:13.684+0100][176.189s] GC(67) Concurrent Mark 30.342ms
[2023-12-18T19:34:13.684+0100][176.189s] GC(67) Concurrent Rebuild Remembered Sets
[2023-12-18T19:34:13.691+0100][176.197s] GC(67) Concurrent Rebuild Remembered Sets 7.593ms
[2023-12-18T19:34:13.691+0100][176.197s] GC(67) Pause Cleanup
[2023-12-18T19:34:13.691+0100][176.197s] GC(67) Pause Cleanup 91M->91M(512M) 0.070ms
[2023-12-18T19:34:13.691+0100][176.197s] GC(67) User=0.00s Sys=0.00s Real=0.00s
[2023-12-18T19:34:13.691+0100][176.197s] GC(67) Concurrent Cleanup for Next Mark
[2023-12-18T19:34:13.692+0100][176.198s] GC(67) Concurrent Cleanup for Next Mark 0.612ms
[2023-12-18T19:34:13.692+0100][176.198s] GC(67) Concurrent Mark Cycle 40.296ms
[2023-12-18T19:34:14.478+0100][176.983s] GC(68) Pause Young (Prepare Mixed) (G1 Evacuation Pause)
[2023-12-18T19:34:14.478+0100][176.983s] GC(68) Using 10 workers of 10 for evacuation
[2023-12-18T19:34:14.481+0100][176.986s] GC(68)   Pre Evacuate Collection Set: 0.1ms
[2023-12-18T19:34:14.481+0100][176.986s] GC(68)   Merge Heap Roots: 0.1ms
[2023-12-18T19:34:14.481+0100][176.986s] GC(68)   Evacuate Collection Set: 2.1ms
[2023-12-18T19:34:14.481+0100][176.986s] GC(68)   Post Evacuate Collection Set: 0.4ms
[2023-12-18T19:34:14.481+0100][176.986s] GC(68)   Other: 0.1ms
[2023-12-18T19:34:14.481+0100][176.986s] GC(68) Eden regions: 291->0(8)
[2023-12-18T19:34:14.481+0100][176.986s] GC(68) Survivor regions: 16->17(39)
[2023-12-18T19:34:14.481+0100][176.986s] GC(68) Old regions: 64->64
[2023-12-18T19:34:14.481+0100][176.986s] GC(68) Archive regions: 0->0
[2023-12-18T19:34:14.481+0100][176.986s] GC(68) Humongous regions: 4->4
[2023-12-18T19:34:14.481+0100][176.986s] GC(68) Metaspace: 61967K(62592K)->61967K(62592K) NonClass: 54970K(55296K)->54970K(55296K) Class: 6997K(7296K)->6997K(7296K)
[2023-12-18T19:34:14.481+0100][176.986s] GC(68) Pause Young (Prepare Mixed) (G1 Evacuation Pause) 373M->84M(512M) 2.995ms
[2023-12-18T19:34:14.481+0100][176.986s] GC(68) User=0.00s Sys=0.00s Real=0.00s
[2023-12-18T19:34:14.505+0100][177.011s] GC(69) Pause Young (Mixed) (G1 Evacuation Pause)
[2023-12-18T19:34:14.505+0100][177.011s] GC(69) Using 10 workers of 10 for evacuation
[2023-12-18T19:34:14.509+0100][177.015s] GC(69)   Pre Evacuate Collection Set: 0.1ms
[2023-12-18T19:34:14.509+0100][177.015s] GC(69)   Merge Heap Roots: 0.1ms
[2023-12-18T19:34:14.509+0100][177.015s] GC(69)   Evacuate Collection Set: 3.6ms
[2023-12-18T19:34:14.509+0100][177.015s] GC(69)   Post Evacuate Collection Set: 0.5ms
[2023-12-18T19:34:14.509+0100][177.015s] GC(69)   Other: 0.1ms
[2023-12-18T19:34:14.509+0100][177.015s] GC(69) Eden regions: 8->0(304)
[2023-12-18T19:34:14.509+0100][177.015s] GC(69) Survivor regions: 17->3(4)
[2023-12-18T19:34:14.510+0100][177.015s] GC(69) Old regions: 64->78
[2023-12-18T19:34:14.510+0100][177.015s] GC(69) Archive regions: 0->0
[2023-12-18T19:34:14.510+0100][177.015s] GC(69) Humongous regions: 4->4
[2023-12-18T19:34:14.510+0100][177.015s] GC(69) Metaspace: 61977K(62592K)->61977K(62592K) NonClass: 54980K(55296K)->54980K(55296K) Class: 6997K(7296K)->6997K(7296K)
[2023-12-18T19:34:14.510+0100][177.015s] GC(69) Pause Young (Mixed) (G1 Evacuation Pause) 92M->83M(512M) 4.563ms
[2023-12-18T19:34:14.510+0100][177.015s] GC(69) User=0.00s Sys=0.00s Real=0.00s
[2023-12-18T19:34:15.362+0100][177.867s] GC(70) Pause Young (Normal) (G1 Evacuation Pause)
[2023-12-18T19:34:15.362+0100][177.868s] GC(70) Using 10 workers of 10 for evacuation
[2023-12-18T19:34:15.363+0100][177.868s] GC(70)   Pre Evacuate Collection Set: 0.1ms
[2023-12-18T19:34:15.363+0100][177.868s] GC(70)   Merge Heap Roots: 0.0ms
[2023-12-18T19:34:15.363+0100][177.868s] GC(70)   Evacuate Collection Set: 0.5ms
[2023-12-18T19:34:15.363+0100][177.868s] GC(70)   Post Evacuate Collection Set: 0.3ms
[2023-12-18T19:34:15.363+0100][177.868s] GC(70)   Other: 0.1ms
[2023-12-18T19:34:15.363+0100][177.868s] GC(70) Eden regions: 304->0(303)
[2023-12-18T19:34:15.363+0100][177.868s] GC(70) Survivor regions: 3->4(39)
[2023-12-18T19:34:15.363+0100][177.869s] GC(70) Old regions: 78->78
[2023-12-18T19:34:15.363+0100][177.869s] GC(70) Archive regions: 0->0
[2023-12-18T19:34:15.363+0100][177.869s] GC(70) Humongous regions: 4->4
[2023-12-18T19:34:15.363+0100][177.869s] GC(70) Metaspace: 61989K(62592K)->61989K(62592K) NonClass: 54992K(55296K)->54992K(55296K) Class: 6997K(7296K)->6997K(7296K)
[2023-12-18T19:34:15.363+0100][177.869s] GC(70) Pause Young (Normal) (G1 Evacuation Pause) 387M->84M(512M) 1.051ms
[2023-12-18T19:34:15.363+0100][177.869s] GC(70) User=0.00s Sys=0.00s Real=0.00s
[2023-12-18T19:34:16.232+0100][178.737s] GC(71) Pause Young (Normal) (G1 Evacuation Pause)
[2023-12-18T19:34:16.232+0100][178.737s] GC(71) Using 10 workers of 10 for evacuation
[2023-12-18T19:34:16.233+0100][178.739s] GC(71)   Pre Evacuate Collection Set: 0.1ms
[2023-12-18T19:34:16.233+0100][178.739s] GC(71)   Merge Heap Roots: 0.1ms
[2023-12-18T19:34:16.233+0100][178.739s] GC(71)   Evacuate Collection Set: 0.7ms
[2023-12-18T19:34:16.233+0100][178.739s] GC(71)   Post Evacuate Collection Set: 0.4ms
[2023-12-18T19:34:16.233+0100][178.739s] GC(71)   Other: 0.1ms
[2023-12-18T19:34:16.233+0100][178.739s] GC(71) Eden regions: 303->0(302)
[2023-12-18T19:34:16.233+0100][178.739s] GC(71) Survivor regions: 4->5(39)
[2023-12-18T19:34:16.233+0100][178.739s] GC(71) Old regions: 78->78
[2023-12-18T19:34:16.233+0100][178.739s] GC(71) Archive regions: 0->0
[2023-12-18T19:34:16.233+0100][178.739s] GC(71) Humongous regions: 4->4
[2023-12-18T19:34:16.233+0100][178.739s] GC(71) Metaspace: 61989K(62592K)->61989K(62592K) NonClass: 54992K(55296K)->54992K(55296K) Class: 6997K(7296K)->6997K(7296K)
[2023-12-18T19:34:16.233+0100][178.739s] GC(71) Pause Young (Normal) (G1 Evacuation Pause) 387M->86M(512M) 1.550ms
[2023-12-18T19:34:16.233+0100][178.739s] GC(71) User=0.00s Sys=0.00s Real=0.00s
[2023-12-18T19:34:17.100+0100][179.605s] GC(72) Pause Young (Normal) (G1 Evacuation Pause)
[2023-12-18T19:34:17.100+0100][179.605s] GC(72) Using 10 workers of 10 for evacuation
[2023-12-18T19:34:17.101+0100][179.606s] GC(72)   Pre Evacuate Collection Set: 0.1ms
[2023-12-18T19:34:17.101+0100][179.607s] GC(72)   Merge Heap Roots: 0.1ms
[2023-12-18T19:34:17.101+0100][179.607s] GC(72)   Evacuate Collection Set: 0.7ms
[2023-12-18T19:34:17.101+0100][179.607s] GC(72)   Post Evacuate Collection Set: 0.4ms
[2023-12-18T19:34:17.101+0100][179.607s] GC(72)   Other: 0.1ms
[2023-12-18T19:34:17.101+0100][179.607s] GC(72) Eden regions: 302->0(301)
[2023-12-18T19:34:17.101+0100][179.607s] GC(72) Survivor regions: 5->6(39)
[2023-12-18T19:34:17.101+0100][179.607s] GC(72) Old regions: 78->78
[2023-12-18T19:34:17.101+0100][179.607s] GC(72) Archive regions: 0->0
[2023-12-18T19:34:17.101+0100][179.607s] GC(72) Humongous regions: 4->4
[2023-12-18T19:34:17.101+0100][179.607s] GC(72) Metaspace: 61993K(62592K)->61993K(62592K) NonClass: 54996K(55296K)->54996K(55296K) Class: 6997K(7296K)->6997K(7296K)
[2023-12-18T19:34:17.101+0100][179.607s] GC(72) Pause Young (Normal) (G1 Evacuation Pause) 388M->87M(512M) 1.548ms
[2023-12-18T19:34:17.101+0100][179.607s] GC(72) User=0.00s Sys=0.00s Real=0.00s
[2023-12-18T19:34:17.931+0100][180.436s] GC(73) Pause Young (Normal) (G1 Evacuation Pause)
[2023-12-18T19:34:17.931+0100][180.436s] GC(73) Using 10 workers of 10 for evacuation
[2023-12-18T19:34:17.933+0100][180.438s] GC(73)   Pre Evacuate Collection Set: 0.1ms
[2023-12-18T19:34:17.933+0100][180.438s] GC(73)   Merge Heap Roots: 0.1ms
[2023-12-18T19:34:17.933+0100][180.438s] GC(73)   Evacuate Collection Set: 0.8ms
[2023-12-18T19:34:17.933+0100][180.438s] GC(73)   Post Evacuate Collection Set: 0.4ms
[2023-12-18T19:34:17.933+0100][180.438s] GC(73)   Other: 0.1ms
[2023-12-18T19:34:17.933+0100][180.438s] GC(73) Eden regions: 301->0(300)
[2023-12-18T19:34:17.933+0100][180.438s] GC(73) Survivor regions: 6->7(39)
[2023-12-18T19:34:17.933+0100][180.438s] GC(73) Old regions: 78->78
[2023-12-18T19:34:17.933+0100][180.438s] GC(73) Archive regions: 0->0
[2023-12-18T19:34:17.933+0100][180.438s] GC(73) Humongous regions: 4->4
[2023-12-18T19:34:17.933+0100][180.438s] GC(73) Metaspace: 61996K(62592K)->61996K(62592K) NonClass: 54999K(55296K)->54999K(55296K) Class: 6997K(7296K)->6997K(7296K)
[2023-12-18T19:34:17.933+0100][180.438s] GC(73) Pause Young (Normal) (G1 Evacuation Pause) 388M->87M(512M) 1.697ms
[2023-12-18T19:34:17.933+0100][180.438s] GC(73) User=0.00s Sys=0.00s Real=0.00s
[2023-12-18T19:34:18.770+0100][181.276s] GC(74) Pause Young (Normal) (G1 Evacuation Pause)
[2023-12-18T19:34:18.770+0100][181.276s] GC(74) Using 10 workers of 10 for evacuation
[2023-12-18T19:34:18.772+0100][181.277s] GC(74)   Pre Evacuate Collection Set: 0.1ms
[2023-12-18T19:34:18.772+0100][181.277s] GC(74)   Merge Heap Roots: 0.1ms
[2023-12-18T19:34:18.772+0100][181.277s] GC(74)   Evacuate Collection Set: 0.9ms
[2023-12-18T19:34:18.772+0100][181.277s] GC(74)   Post Evacuate Collection Set: 0.4ms
[2023-12-18T19:34:18.772+0100][181.277s] GC(74)   Other: 0.1ms
[2023-12-18T19:34:18.772+0100][181.277s] GC(74) Eden regions: 300->0(299)
[2023-12-18T19:34:18.772+0100][181.277s] GC(74) Survivor regions: 7->8(39)
[2023-12-18T19:34:18.772+0100][181.277s] GC(74) Old regions: 78->78
[2023-12-18T19:34:18.772+0100][181.277s] GC(74) Archive regions: 0->0
[2023-12-18T19:34:18.772+0100][181.277s] GC(74) Humongous regions: 4->4
[2023-12-18T19:34:18.772+0100][181.277s] GC(74) Metaspace: 61997K(62592K)->61997K(62592K) NonClass: 54999K(55296K)->54999K(55296K) Class: 6997K(7296K)->6997K(7296K)
[2023-12-18T19:34:18.772+0100][181.277s] GC(74) Pause Young (Normal) (G1 Evacuation Pause) 387M->88M(512M) 1.790ms
[2023-12-18T19:34:18.772+0100][181.277s] GC(74) User=0.00s Sys=0.00s Real=0.00s
[2023-12-18T19:34:19.618+0100][182.123s] GC(75) Pause Young (Normal) (G1 Evacuation Pause)
[2023-12-18T19:34:19.618+0100][182.123s] GC(75) Using 10 workers of 10 for evacuation
[2023-12-18T19:34:19.620+0100][182.125s] GC(75)   Pre Evacuate Collection Set: 0.1ms
[2023-12-18T19:34:19.620+0100][182.125s] GC(75)   Merge Heap Roots: 0.0ms
[2023-12-18T19:34:19.620+0100][182.125s] GC(75)   Evacuate Collection Set: 1.2ms
[2023-12-18T19:34:19.620+0100][182.125s] GC(75)   Post Evacuate Collection Set: 0.4ms
[2023-12-18T19:34:19.620+0100][182.125s] GC(75)   Other: 0.1ms
[2023-12-18T19:34:19.620+0100][182.125s] GC(75) Eden regions: 299->0(298)
[2023-12-18T19:34:19.620+0100][182.125s] GC(75) Survivor regions: 8->9(39)
[2023-12-18T19:34:19.620+0100][182.125s] GC(75) Old regions: 78->78
[2023-12-18T19:34:19.620+0100][182.125s] GC(75) Archive regions: 0->0
[2023-12-18T19:34:19.620+0100][182.125s] GC(75) Humongous regions: 4->4
[2023-12-18T19:34:19.620+0100][182.125s] GC(75) Metaspace: 61997K(62592K)->61997K(62592K) NonClass: 55000K(55296K)->55000K(55296K) Class: 6997K(7296K)->6997K(7296K)
[2023-12-18T19:34:19.620+0100][182.125s] GC(75) Pause Young (Normal) (G1 Evacuation Pause) 387M->89M(512M) 2.023ms
[2023-12-18T19:34:19.620+0100][182.125s] GC(75) User=0.00s Sys=0.00s Real=0.00s
[2023-12-18T19:34:20.469+0100][182.975s] GC(76) Pause Young (Normal) (G1 Evacuation Pause)
[2023-12-18T19:34:20.469+0100][182.975s] GC(76) Using 10 workers of 10 for evacuation
[2023-12-18T19:34:20.471+0100][182.977s] GC(76)   Pre Evacuate Collection Set: 0.1ms
[2023-12-18T19:34:20.471+0100][182.977s] GC(76)   Merge Heap Roots: 0.0ms
[2023-12-18T19:34:20.471+0100][182.977s] GC(76)   Evacuate Collection Set: 1.4ms
[2023-12-18T19:34:20.471+0100][182.977s] GC(76)   Post Evacuate Collection Set: 0.5ms
[2023-12-18T19:34:20.471+0100][182.977s] GC(76)   Other: 0.1ms
[2023-12-18T19:34:20.471+0100][182.977s] GC(76) Eden regions: 298->0(297)
[2023-12-18T19:34:20.471+0100][182.977s] GC(76) Survivor regions: 9->10(39)
[2023-12-18T19:34:20.471+0100][182.977s] GC(76) Old regions: 78->78
[2023-12-18T19:34:20.471+0100][182.977s] GC(76) Archive regions: 0->0
[2023-12-18T19:34:20.471+0100][182.977s] GC(76) Humongous regions: 4->4
[2023-12-18T19:34:20.471+0100][182.977s] GC(76) Metaspace: 62001K(62592K)->62001K(62592K) NonClass: 55004K(55296K)->55004K(55296K) Class: 6997K(7296K)->6997K(7296K)
[2023-12-18T19:34:20.471+0100][182.977s] GC(76) Pause Young (Normal) (G1 Evacuation Pause) 387M->90M(512M) 2.309ms
[2023-12-18T19:34:20.471+0100][182.977s] GC(76) User=0.00s Sys=0.00s Real=0.00s
[2023-12-18T19:34:21.396+0100][183.902s] GC(77) Pause Young (Normal) (G1 Evacuation Pause)
[2023-12-18T19:34:21.397+0100][183.902s] GC(77) Using 10 workers of 10 for evacuation
[2023-12-18T19:34:21.399+0100][183.904s] GC(77)   Pre Evacuate Collection Set: 0.1ms
[2023-12-18T19:34:21.399+0100][183.904s] GC(77)   Merge Heap Roots: 0.1ms
[2023-12-18T19:34:21.399+0100][183.904s] GC(77)   Evacuate Collection Set: 1.4ms
[2023-12-18T19:34:21.399+0100][183.904s] GC(77)   Post Evacuate Collection Set: 0.5ms
[2023-12-18T19:34:21.399+0100][183.904s] GC(77)   Other: 0.1ms
[2023-12-18T19:34:21.399+0100][183.904s] GC(77) Eden regions: 297->0(296)
[2023-12-18T19:34:21.399+0100][183.904s] GC(77) Survivor regions: 10->11(39)
[2023-12-18T19:34:21.399+0100][183.904s] GC(77) Old regions: 78->78
[2023-12-18T19:34:21.399+0100][183.904s] GC(77) Archive regions: 0->0
[2023-12-18T19:34:21.399+0100][183.904s] GC(77) Humongous regions: 4->4
[2023-12-18T19:34:21.399+0100][183.904s] GC(77) Metaspace: 62035K(62656K)->62035K(62656K) NonClass: 55037K(55360K)->55037K(55360K) Class: 6997K(7296K)->6997K(7296K)
[2023-12-18T19:34:21.399+0100][183.904s] GC(77) Pause Young (Normal) (G1 Evacuation Pause) 387M->91M(512M) 2.300ms
[2023-12-18T19:34:21.399+0100][183.904s] GC(77) User=0.00s Sys=0.00s Real=0.00s
[2023-12-18T19:34:22.244+0100][184.749s] GC(78) Pause Young (Normal) (G1 Evacuation Pause)
[2023-12-18T19:34:22.244+0100][184.749s] GC(78) Using 10 workers of 10 for evacuation
[2023-12-18T19:34:22.246+0100][184.752s] GC(78)   Pre Evacuate Collection Set: 0.1ms
[2023-12-18T19:34:22.246+0100][184.752s] GC(78)   Merge Heap Roots: 0.1ms
[2023-12-18T19:34:22.246+0100][184.752s] GC(78)   Evacuate Collection Set: 1.5ms
[2023-12-18T19:34:22.246+0100][184.752s] GC(78)   Post Evacuate Collection Set: 0.5ms
[2023-12-18T19:34:22.246+0100][184.752s] GC(78)   Other: 0.1ms
[2023-12-18T19:34:22.246+0100][184.752s] GC(78) Eden regions: 296->0(295)
[2023-12-18T19:34:22.246+0100][184.752s] GC(78) Survivor regions: 11->12(39)
[2023-12-18T19:34:22.246+0100][184.752s] GC(78) Old regions: 78->78
[2023-12-18T19:34:22.246+0100][184.752s] GC(78) Archive regions: 0->0
[2023-12-18T19:34:22.246+0100][184.752s] GC(78) Humongous regions: 4->4
[2023-12-18T19:34:22.246+0100][184.752s] GC(78) Metaspace: 62035K(62656K)->62035K(62656K) NonClass: 55037K(55360K)->55037K(55360K) Class: 6997K(7296K)->6997K(7296K)
[2023-12-18T19:34:22.246+0100][184.752s] GC(78) Pause Young (Normal) (G1 Evacuation Pause) 387M->92M(512M) 2.451ms
[2023-12-18T19:34:22.246+0100][184.752s] GC(78) User=0.00s Sys=0.00s Real=0.00s
[2023-12-18T19:34:23.081+0100][185.587s] GC(79) Pause Young (Normal) (G1 Evacuation Pause)
[2023-12-18T19:34:23.081+0100][185.587s] GC(79) Using 10 workers of 10 for evacuation
[2023-12-18T19:34:23.084+0100][185.589s] GC(79)   Pre Evacuate Collection Set: 0.1ms
[2023-12-18T19:34:23.084+0100][185.589s] GC(79)   Merge Heap Roots: 0.1ms
[2023-12-18T19:34:23.084+0100][185.589s] GC(79)   Evacuate Collection Set: 1.7ms
[2023-12-18T19:34:23.084+0100][185.589s] GC(79)   Post Evacuate Collection Set: 0.4ms
[2023-12-18T19:34:23.084+0100][185.589s] GC(79)   Other: 0.1ms
[2023-12-18T19:34:23.084+0100][185.589s] GC(79) Eden regions: 295->0(294)
[2023-12-18T19:34:23.084+0100][185.589s] GC(79) Survivor regions: 12->13(39)
[2023-12-18T19:34:23.084+0100][185.589s] GC(79) Old regions: 78->78
[2023-12-18T19:34:23.084+0100][185.589s] GC(79) Archive regions: 0->0
[2023-12-18T19:34:23.084+0100][185.589s] GC(79) Humongous regions: 4->4
[2023-12-18T19:34:23.084+0100][185.589s] GC(79) Metaspace: 62052K(62656K)->62052K(62656K) NonClass: 55054K(55360K)->55054K(55360K) Class: 6997K(7296K)->6997K(7296K)
[2023-12-18T19:34:23.084+0100][185.589s] GC(79) Pause Young (Normal) (G1 Evacuation Pause) 387M->93M(512M) 2.534ms
[2023-12-18T19:34:23.084+0100][185.589s] GC(79) User=0.00s Sys=0.00s Real=0.00s
[2023-12-18T19:34:23.906+0100][186.412s] GC(80) Pause Young (Normal) (G1 Evacuation Pause)
[2023-12-18T19:34:23.906+0100][186.412s] GC(80) Using 10 workers of 10 for evacuation
[2023-12-18T19:34:23.908+0100][186.414s] GC(80)   Pre Evacuate Collection Set: 0.1ms
[2023-12-18T19:34:23.908+0100][186.414s] GC(80)   Merge Heap Roots: 0.1ms
[2023-12-18T19:34:23.908+0100][186.414s] GC(80)   Evacuate Collection Set: 1.9ms
[2023-12-18T19:34:23.908+0100][186.414s] GC(80)   Post Evacuate Collection Set: 0.5ms
[2023-12-18T19:34:23.908+0100][186.414s] GC(80)   Other: 0.1ms
[2023-12-18T19:34:23.908+0100][186.414s] GC(80) Eden regions: 294->0(293)
[2023-12-18T19:34:23.908+0100][186.414s] GC(80) Survivor regions: 13->14(39)
[2023-12-18T19:34:23.908+0100][186.414s] GC(80) Old regions: 78->78
[2023-12-18T19:34:23.908+0100][186.414s] GC(80) Archive regions: 0->0
[2023-12-18T19:34:23.908+0100][186.414s] GC(80) Humongous regions: 4->4
[2023-12-18T19:34:23.908+0100][186.414s] GC(80) Metaspace: 62056K(62656K)->62056K(62656K) NonClass: 55058K(55360K)->55058K(55360K) Class: 6997K(7296K)->6997K(7296K)
[2023-12-18T19:34:23.908+0100][186.414s] GC(80) Pause Young (Normal) (G1 Evacuation Pause) 387M->94M(512M) 2.896ms
[2023-12-18T19:34:23.909+0100][186.414s] GC(80) User=0.00s Sys=0.00s Real=0.00s
[2023-12-18T19:34:24.733+0100][187.239s] GC(81) Pause Young (Normal) (G1 Evacuation Pause)
[2023-12-18T19:34:24.733+0100][187.239s] GC(81) Using 10 workers of 10 for evacuation
[2023-12-18T19:34:24.736+0100][187.241s] GC(81)   Pre Evacuate Collection Set: 0.1ms
[2023-12-18T19:34:24.736+0100][187.241s] GC(81)   Merge Heap Roots: 0.1ms
[2023-12-18T19:34:24.736+0100][187.241s] GC(81)   Evacuate Collection Set: 2.1ms
[2023-12-18T19:34:24.736+0100][187.241s] GC(81)   Post Evacuate Collection Set: 0.5ms
[2023-12-18T19:34:24.736+0100][187.241s] GC(81)   Other: 0.1ms
[2023-12-18T19:34:24.736+0100][187.241s] GC(81) Eden regions: 293->0(292)
[2023-12-18T19:34:24.736+0100][187.241s] GC(81) Survivor regions: 14->15(39)
[2023-12-18T19:34:24.736+0100][187.241s] GC(81) Old regions: 78->78
[2023-12-18T19:34:24.736+0100][187.241s] GC(81) Archive regions: 0->0
[2023-12-18T19:34:24.736+0100][187.241s] GC(81) Humongous regions: 4->4
[2023-12-18T19:34:24.736+0100][187.242s] GC(81) Metaspace: 62059K(62656K)->62059K(62656K) NonClass: 55061K(55360K)->55061K(55360K) Class: 6997K(7296K)->6997K(7296K)
[2023-12-18T19:34:24.736+0100][187.242s] GC(81) Pause Young (Normal) (G1 Evacuation Pause) 387M->95M(512M) 3.000ms
[2023-12-18T19:34:24.736+0100][187.242s] GC(81) User=0.16s Sys=0.00s Real=0.00s
[2023-12-18T19:34:25.555+0100][188.061s] GC(82) Pause Young (Normal) (G1 Evacuation Pause)
[2023-12-18T19:34:25.555+0100][188.061s] GC(82) Using 10 workers of 10 for evacuation
[2023-12-18T19:34:25.558+0100][188.063s] GC(82)   Pre Evacuate Collection Set: 0.1ms
[2023-12-18T19:34:25.558+0100][188.063s] GC(82)   Merge Heap Roots: 0.0ms
[2023-12-18T19:34:25.558+0100][188.063s] GC(82)   Evacuate Collection Set: 2.1ms
[2023-12-18T19:34:25.558+0100][188.063s] GC(82)   Post Evacuate Collection Set: 0.4ms
[2023-12-18T19:34:25.558+0100][188.063s] GC(82)   Other: 0.1ms
[2023-12-18T19:34:25.558+0100][188.063s] GC(82) Eden regions: 292->0(291)
[2023-12-18T19:34:25.558+0100][188.063s] GC(82) Survivor regions: 15->16(39)
[2023-12-18T19:34:25.558+0100][188.063s] GC(82) Old regions: 78->78
[2023-12-18T19:34:25.558+0100][188.063s] GC(82) Archive regions: 0->0
[2023-12-18T19:34:25.558+0100][188.063s] GC(82) Humongous regions: 4->4
[2023-12-18T19:34:25.558+0100][188.064s] GC(82) Metaspace: 62060K(62656K)->62060K(62656K) NonClass: 55062K(55360K)->55062K(55360K) Class: 6997K(7296K)->6997K(7296K)
[2023-12-18T19:34:25.558+0100][188.064s] GC(82) Pause Young (Normal) (G1 Evacuation Pause) 387M->96M(512M) 2.860ms
[2023-12-18T19:34:25.558+0100][188.064s] GC(82) User=0.00s Sys=0.00s Real=0.00s
[2023-12-18T19:34:26.379+0100][188.884s] GC(83) Pause Young (Normal) (G1 Evacuation Pause)
[2023-12-18T19:34:26.379+0100][188.884s] GC(83) Using 10 workers of 10 for evacuation
[2023-12-18T19:34:26.381+0100][188.887s] GC(83)   Pre Evacuate Collection Set: 0.1ms
[2023-12-18T19:34:26.381+0100][188.887s] GC(83)   Merge Heap Roots: 0.1ms
[2023-12-18T19:34:26.381+0100][188.887s] GC(83)   Evacuate Collection Set: 2.0ms
[2023-12-18T19:34:26.381+0100][188.887s] GC(83)   Post Evacuate Collection Set: 0.4ms
[2023-12-18T19:34:26.381+0100][188.887s] GC(83)   Other: 0.1ms
[2023-12-18T19:34:26.381+0100][188.887s] GC(83) Eden regions: 291->0(291)
[2023-12-18T19:34:26.381+0100][188.887s] GC(83) Survivor regions: 16->16(39)
[2023-12-18T19:34:26.381+0100][188.887s] GC(83) Old regions: 78->79
[2023-12-18T19:34:26.381+0100][188.887s] GC(83) Archive regions: 0->0
[2023-12-18T19:34:26.381+0100][188.887s] GC(83) Humongous regions: 4->4
[2023-12-18T19:34:26.381+0100][188.887s] GC(83) Metaspace: 62064K(62656K)->62064K(62656K) NonClass: 55066K(55360K)->55066K(55360K) Class: 6998K(7296K)->6998K(7296K)
[2023-12-18T19:34:26.381+0100][188.887s] GC(83) Pause Young (Normal) (G1 Evacuation Pause) 387M->97M(512M) 2.726ms
[2023-12-18T19:34:26.381+0100][188.887s] GC(83) User=0.00s Sys=0.00s Real=0.00s
[2023-12-18T19:34:27.189+0100][189.695s] GC(84) Pause Young (Normal) (G1 Evacuation Pause)
[2023-12-18T19:34:27.189+0100][189.695s] GC(84) Using 10 workers of 10 for evacuation
[2023-12-18T19:34:27.192+0100][189.698s] GC(84)   Pre Evacuate Collection Set: 0.0ms
[2023-12-18T19:34:27.192+0100][189.698s] GC(84)   Merge Heap Roots: 0.0ms
[2023-12-18T19:34:27.192+0100][189.698s] GC(84)   Evacuate Collection Set: 2.1ms
[2023-12-18T19:34:27.192+0100][189.698s] GC(84)   Post Evacuate Collection Set: 0.3ms
[2023-12-18T19:34:27.192+0100][189.698s] GC(84)   Other: 0.1ms
[2023-12-18T19:34:27.192+0100][189.698s] GC(84) Eden regions: 291->0(291)
[2023-12-18T19:34:27.192+0100][189.698s] GC(84) Survivor regions: 16->16(39)
[2023-12-18T19:34:27.192+0100][189.698s] GC(84) Old regions: 79->79
[2023-12-18T19:34:27.192+0100][189.698s] GC(84) Archive regions: 0->0
[2023-12-18T19:34:27.192+0100][189.698s] GC(84) Humongous regions: 4->4
[2023-12-18T19:34:27.192+0100][189.698s] GC(84) Metaspace: 62070K(62656K)->62070K(62656K) NonClass: 55072K(55360K)->55072K(55360K) Class: 6998K(7296K)->6998K(7296K)
[2023-12-18T19:34:27.192+0100][189.698s] GC(84) Pause Young (Normal) (G1 Evacuation Pause) 388M->98M(512M) 2.801ms
[2023-12-18T19:34:27.192+0100][189.698s] GC(84) User=0.00s Sys=0.00s Real=0.00s
[2023-12-18T19:34:28.007+0100][190.512s] GC(85) Pause Young (Normal) (G1 Evacuation Pause)
[2023-12-18T19:34:28.007+0100][190.512s] GC(85) Using 10 workers of 10 for evacuation
[2023-12-18T19:34:28.010+0100][190.515s] GC(85)   Pre Evacuate Collection Set: 0.1ms
[2023-12-18T19:34:28.010+0100][190.515s] GC(85)   Merge Heap Roots: 0.1ms
[2023-12-18T19:34:28.010+0100][190.515s] GC(85)   Evacuate Collection Set: 2.3ms
[2023-12-18T19:34:28.010+0100][190.515s] GC(85)   Post Evacuate Collection Set: 0.5ms
[2023-12-18T19:34:28.010+0100][190.515s] GC(85)   Other: 0.1ms
[2023-12-18T19:34:28.010+0100][190.515s] GC(85) Eden regions: 291->0(290)
[2023-12-18T19:34:28.010+0100][190.515s] GC(85) Survivor regions: 16->17(39)
[2023-12-18T19:34:28.010+0100][190.515s] GC(85) Old regions: 79->80
[2023-12-18T19:34:28.010+0100][190.515s] GC(85) Archive regions: 0->0
[2023-12-18T19:34:28.010+0100][190.515s] GC(85) Humongous regions: 4->4
[2023-12-18T19:34:28.010+0100][190.515s] GC(85) Metaspace: 62071K(62656K)->62071K(62656K) NonClass: 55072K(55360K)->55072K(55360K) Class: 6998K(7296K)->6998K(7296K)
[2023-12-18T19:34:28.010+0100][190.515s] GC(85) Pause Young (Normal) (G1 Evacuation Pause) 389M->99M(512M) 3.280ms
[2023-12-18T19:34:28.010+0100][190.515s] GC(85) User=0.00s Sys=0.00s Real=0.00s
[2023-12-18T19:34:28.791+0100][191.297s] GC(86) Pause Young (Normal) (G1 Evacuation Pause)
[2023-12-18T19:34:28.791+0100][191.297s] GC(86) Using 10 workers of 10 for evacuation
[2023-12-18T19:34:28.795+0100][191.300s] GC(86)   Pre Evacuate Collection Set: 0.1ms
[2023-12-18T19:34:28.795+0100][191.300s] GC(86)   Merge Heap Roots: 0.1ms
[2023-12-18T19:34:28.795+0100][191.300s] GC(86)   Evacuate Collection Set: 2.5ms
[2023-12-18T19:34:28.795+0100][191.300s] GC(86)   Post Evacuate Collection Set: 0.5ms
[2023-12-18T19:34:28.795+0100][191.300s] GC(86)   Other: 0.1ms
[2023-12-18T19:34:28.795+0100][191.300s] GC(86) Eden regions: 290->0(290)
[2023-12-18T19:34:28.795+0100][191.300s] GC(86) Survivor regions: 17->17(39)
[2023-12-18T19:34:28.795+0100][191.300s] GC(86) Old regions: 80->81
[2023-12-18T19:34:28.795+0100][191.300s] GC(86) Archive regions: 0->0
[2023-12-18T19:34:28.795+0100][191.300s] GC(86) Humongous regions: 4->4
[2023-12-18T19:34:28.795+0100][191.300s] GC(86) Metaspace: 62076K(62656K)->62076K(62656K) NonClass: 55078K(55360K)->55078K(55360K) Class: 6998K(7296K)->6998K(7296K)
[2023-12-18T19:34:28.795+0100][191.300s] GC(86) Pause Young (Normal) (G1 Evacuation Pause) 389M->100M(512M) 3.440ms
[2023-12-18T19:34:28.795+0100][191.301s] GC(86) User=0.00s Sys=0.00s Real=0.00s
[2023-12-18T19:34:29.607+0100][192.113s] GC(87) Pause Young (Normal) (G1 Evacuation Pause)
[2023-12-18T19:34:29.607+0100][192.113s] GC(87) Using 10 workers of 10 for evacuation
[2023-12-18T19:34:29.610+0100][192.116s] GC(87)   Pre Evacuate Collection Set: 0.0ms
[2023-12-18T19:34:29.610+0100][192.116s] GC(87)   Merge Heap Roots: 0.0ms
[2023-12-18T19:34:29.610+0100][192.116s] GC(87)   Evacuate Collection Set: 2.4ms
[2023-12-18T19:34:29.610+0100][192.116s] GC(87)   Post Evacuate Collection Set: 0.4ms
[2023-12-18T19:34:29.610+0100][192.116s] GC(87)   Other: 0.1ms
[2023-12-18T19:34:29.610+0100][192.116s] GC(87) Eden regions: 290->0(290)
[2023-12-18T19:34:29.610+0100][192.116s] GC(87) Survivor regions: 17->17(39)
[2023-12-18T19:34:29.610+0100][192.116s] GC(87) Old regions: 81->82
[2023-12-18T19:34:29.610+0100][192.116s] GC(87) Archive regions: 0->0
[2023-12-18T19:34:29.610+0100][192.116s] GC(87) Humongous regions: 4->4
[2023-12-18T19:34:29.610+0100][192.116s] GC(87) Metaspace: 62080K(62656K)->62080K(62656K) NonClass: 55082K(55360K)->55082K(55360K) Class: 6998K(7296K)->6998K(7296K)
[2023-12-18T19:34:29.610+0100][192.116s] GC(87) Pause Young (Normal) (G1 Evacuation Pause) 390M->102M(512M) 3.208ms
[2023-12-18T19:34:29.610+0100][192.116s] GC(87) User=0.16s Sys=0.00s Real=0.00s
[2023-12-18T19:34:30.468+0100][192.973s] GC(88) Pause Young (Normal) (G1 Evacuation Pause)
[2023-12-18T19:34:30.468+0100][192.973s] GC(88) Using 10 workers of 10 for evacuation
[2023-12-18T19:34:30.471+0100][192.976s] GC(88)   Pre Evacuate Collection Set: 0.1ms
[2023-12-18T19:34:30.471+0100][192.976s] GC(88)   Merge Heap Roots: 0.1ms
[2023-12-18T19:34:30.471+0100][192.976s] GC(88)   Evacuate Collection Set: 2.3ms
[2023-12-18T19:34:30.471+0100][192.976s] GC(88)   Post Evacuate Collection Set: 0.4ms
[2023-12-18T19:34:30.471+0100][192.976s] GC(88)   Other: 0.1ms
[2023-12-18T19:34:30.471+0100][192.976s] GC(88) Eden regions: 290->0(290)
[2023-12-18T19:34:30.471+0100][192.976s] GC(88) Survivor regions: 17->17(39)
[2023-12-18T19:34:30.471+0100][192.976s] GC(88) Old regions: 82->83
[2023-12-18T19:34:30.471+0100][192.976s] GC(88) Archive regions: 0->0
[2023-12-18T19:34:30.471+0100][192.976s] GC(88) Humongous regions: 4->4
[2023-12-18T19:34:30.471+0100][192.976s] GC(88) Metaspace: 62084K(62656K)->62084K(62656K) NonClass: 55086K(55360K)->55086K(55360K) Class: 6998K(7296K)->6998K(7296K)
[2023-12-18T19:34:30.471+0100][192.976s] GC(88) Pause Young (Normal) (G1 Evacuation Pause) 392M->102M(512M) 3.171ms
[2023-12-18T19:34:30.471+0100][192.976s] GC(88) User=0.16s Sys=0.00s Real=0.00s
[2023-12-18T19:34:31.311+0100][193.816s] GC(89) Pause Young (Normal) (G1 Evacuation Pause)
[2023-12-18T19:34:31.311+0100][193.817s] GC(89) Using 10 workers of 10 for evacuation
[2023-12-18T19:34:31.314+0100][193.819s] GC(89)   Pre Evacuate Collection Set: 0.0ms
[2023-12-18T19:34:31.314+0100][193.819s] GC(89)   Merge Heap Roots: 0.0ms
[2023-12-18T19:34:31.314+0100][193.819s] GC(89)   Evacuate Collection Set: 2.3ms
[2023-12-18T19:34:31.314+0100][193.819s] GC(89)   Post Evacuate Collection Set: 0.4ms
[2023-12-18T19:34:31.314+0100][193.819s] GC(89)   Other: 0.1ms
[2023-12-18T19:34:31.314+0100][193.819s] GC(89) Eden regions: 290->0(290)
[2023-12-18T19:34:31.314+0100][193.819s] GC(89) Survivor regions: 17->17(39)
[2023-12-18T19:34:31.314+0100][193.819s] GC(89) Old regions: 83->84
[2023-12-18T19:34:31.314+0100][193.819s] GC(89) Archive regions: 0->0
[2023-12-18T19:34:31.314+0100][193.819s] GC(89) Humongous regions: 4->4
[2023-12-18T19:34:31.314+0100][193.819s] GC(89) Metaspace: 62084K(62656K)->62084K(62656K) NonClass: 55086K(55360K)->55086K(55360K) Class: 6998K(7296K)->6998K(7296K)
[2023-12-18T19:34:31.314+0100][193.820s] GC(89) Pause Young (Normal) (G1 Evacuation Pause) 392M->103M(512M) 3.043ms
[2023-12-18T19:34:31.314+0100][193.820s] GC(89) User=0.16s Sys=0.00s Real=0.00s
[2023-12-18T19:34:32.108+0100][194.613s] GC(90) Pause Young (Normal) (G1 Evacuation Pause)
[2023-12-18T19:34:32.108+0100][194.613s] GC(90) Using 10 workers of 10 for evacuation
[2023-12-18T19:34:32.111+0100][194.616s] GC(90)   Pre Evacuate Collection Set: 0.0ms
[2023-12-18T19:34:32.111+0100][194.616s] GC(90)   Merge Heap Roots: 0.0ms
[2023-12-18T19:34:32.111+0100][194.616s] GC(90)   Evacuate Collection Set: 2.3ms
[2023-12-18T19:34:32.111+0100][194.616s] GC(90)   Post Evacuate Collection Set: 0.3ms
[2023-12-18T19:34:32.111+0100][194.616s] GC(90)   Other: 0.1ms
[2023-12-18T19:34:32.111+0100][194.616s] GC(90) Eden regions: 290->0(290)
[2023-12-18T19:34:32.111+0100][194.616s] GC(90) Survivor regions: 17->17(39)
[2023-12-18T19:34:32.111+0100][194.616s] GC(90) Old regions: 84->85
[2023-12-18T19:34:32.111+0100][194.616s] GC(90) Archive regions: 0->0
[2023-12-18T19:34:32.111+0100][194.616s] GC(90) Humongous regions: 4->4
[2023-12-18T19:34:32.111+0100][194.616s] GC(90) Metaspace: 62108K(62720K)->62108K(62720K) NonClass: 55105K(55424K)->55105K(55424K) Class: 7003K(7296K)->7003K(7296K)
[2023-12-18T19:34:32.111+0100][194.616s] GC(90) Pause Young (Normal) (G1 Evacuation Pause) 393M->104M(512M) 2.985ms
[2023-12-18T19:34:32.111+0100][194.616s] GC(90) User=0.16s Sys=0.00s Real=0.00s
[2023-12-18T19:34:32.891+0100][195.396s] GC(91) Pause Young (Normal) (G1 Evacuation Pause)
[2023-12-18T19:34:32.891+0100][195.396s] GC(91) Using 10 workers of 10 for evacuation
[2023-12-18T19:34:32.894+0100][195.399s] GC(91)   Pre Evacuate Collection Set: 0.1ms
[2023-12-18T19:34:32.894+0100][195.399s] GC(91)   Merge Heap Roots: 0.1ms
[2023-12-18T19:34:32.894+0100][195.399s] GC(91)   Evacuate Collection Set: 2.4ms
[2023-12-18T19:34:32.894+0100][195.399s] GC(91)   Post Evacuate Collection Set: 0.5ms
[2023-12-18T19:34:32.894+0100][195.399s] GC(91)   Other: 0.1ms
[2023-12-18T19:34:32.894+0100][195.399s] GC(91) Eden regions: 290->0(291)
[2023-12-18T19:34:32.894+0100][195.399s] GC(91) Survivor regions: 17->16(39)
[2023-12-18T19:34:32.894+0100][195.399s] GC(91) Old regions: 85->86
[2023-12-18T19:34:32.894+0100][195.399s] GC(91) Archive regions: 0->0
[2023-12-18T19:34:32.894+0100][195.399s] GC(91) Humongous regions: 4->4
[2023-12-18T19:34:32.894+0100][195.399s] GC(91) Metaspace: 62112K(62720K)->62112K(62720K) NonClass: 55109K(55424K)->55109K(55424K) Class: 7003K(7296K)->7003K(7296K)
[2023-12-18T19:34:32.894+0100][195.399s] GC(91) Pause Young (Normal) (G1 Evacuation Pause) 394M->105M(512M) 3.261ms
[2023-12-18T19:34:32.894+0100][195.399s] GC(91) User=0.00s Sys=0.00s Real=0.00s
[2023-12-18T19:34:33.681+0100][196.187s] GC(92) Pause Young (Normal) (G1 Evacuation Pause)
[2023-12-18T19:34:33.681+0100][196.187s] GC(92) Using 10 workers of 10 for evacuation
[2023-12-18T19:34:33.684+0100][196.189s] GC(92)   Pre Evacuate Collection Set: 0.0ms
[2023-12-18T19:34:33.684+0100][196.189s] GC(92)   Merge Heap Roots: 0.0ms
[2023-12-18T19:34:33.684+0100][196.189s] GC(92)   Evacuate Collection Set: 2.4ms
[2023-12-18T19:34:33.684+0100][196.189s] GC(92)   Post Evacuate Collection Set: 0.3ms
[2023-12-18T19:34:33.684+0100][196.189s] GC(92)   Other: 0.1ms
[2023-12-18T19:34:33.684+0100][196.190s] GC(92) Eden regions: 291->0(290)
[2023-12-18T19:34:33.684+0100][196.190s] GC(92) Survivor regions: 16->17(39)
[2023-12-18T19:34:33.684+0100][196.190s] GC(92) Old regions: 86->87
[2023-12-18T19:34:33.684+0100][196.190s] GC(92) Archive regions: 0->0
[2023-12-18T19:34:33.684+0100][196.190s] GC(92) Humongous regions: 4->4
[2023-12-18T19:34:33.684+0100][196.190s] GC(92) Metaspace: 62112K(62720K)->62112K(62720K) NonClass: 55109K(55424K)->55109K(55424K) Class: 7003K(7296K)->7003K(7296K)
[2023-12-18T19:34:33.684+0100][196.190s] GC(92) Pause Young (Normal) (G1 Evacuation Pause) 396M->107M(512M) 3.017ms
[2023-12-18T19:34:33.684+0100][196.190s] GC(92) User=0.00s Sys=0.00s Real=0.00s
[2023-12-18T19:34:34.478+0100][196.983s] GC(93) Pause Young (Normal) (G1 Evacuation Pause)
[2023-12-18T19:34:34.478+0100][196.983s] GC(93) Using 10 workers of 10 for evacuation
[2023-12-18T19:34:34.481+0100][196.986s] GC(93)   Pre Evacuate Collection Set: 0.1ms
[2023-12-18T19:34:34.481+0100][196.986s] GC(93)   Merge Heap Roots: 0.0ms
[2023-12-18T19:34:34.481+0100][196.986s] GC(93)   Evacuate Collection Set: 2.4ms
[2023-12-18T19:34:34.481+0100][196.986s] GC(93)   Post Evacuate Collection Set: 0.4ms
[2023-12-18T19:34:34.481+0100][196.986s] GC(93)   Other: 0.1ms
[2023-12-18T19:34:34.481+0100][196.986s] GC(93) Eden regions: 290->0(289)
[2023-12-18T19:34:34.481+0100][196.986s] GC(93) Survivor regions: 17->18(39)
[2023-12-18T19:34:34.481+0100][196.986s] GC(93) Old regions: 87->88
[2023-12-18T19:34:34.481+0100][196.986s] GC(93) Archive regions: 0->0
[2023-12-18T19:34:34.481+0100][196.986s] GC(93) Humongous regions: 4->4
[2023-12-18T19:34:34.481+0100][196.986s] GC(93) Metaspace: 62113K(62720K)->62113K(62720K) NonClass: 55110K(55424K)->55110K(55424K) Class: 7003K(7296K)->7003K(7296K)
[2023-12-18T19:34:34.481+0100][196.986s] GC(93) Pause Young (Normal) (G1 Evacuation Pause) 397M->108M(512M) 3.132ms
[2023-12-18T19:34:34.481+0100][196.986s] GC(93) User=0.00s Sys=0.00s Real=0.00s
[2023-12-18T19:34:35.283+0100][197.788s] GC(94) Pause Young (Normal) (G1 Evacuation Pause)
[2023-12-18T19:34:35.283+0100][197.789s] GC(94) Using 10 workers of 10 for evacuation
[2023-12-18T19:34:35.286+0100][197.791s] GC(94)   Pre Evacuate Collection Set: 0.1ms
[2023-12-18T19:34:35.286+0100][197.792s] GC(94)   Merge Heap Roots: 0.1ms
[2023-12-18T19:34:35.286+0100][197.792s] GC(94)   Evacuate Collection Set: 2.2ms
[2023-12-18T19:34:35.286+0100][197.792s] GC(94)   Post Evacuate Collection Set: 0.5ms
[2023-12-18T19:34:35.286+0100][197.792s] GC(94)   Other: 0.1ms
[2023-12-18T19:34:35.286+0100][197.792s] GC(94) Eden regions: 289->0(290)
[2023-12-18T19:34:35.286+0100][197.792s] GC(94) Survivor regions: 18->17(39)
[2023-12-18T19:34:35.286+0100][197.792s] GC(94) Old regions: 88->89
[2023-12-18T19:34:35.286+0100][197.792s] GC(94) Archive regions: 0->0
[2023-12-18T19:34:35.286+0100][197.792s] GC(94) Humongous regions: 4->4
[2023-12-18T19:34:35.286+0100][197.792s] GC(94) Metaspace: 62113K(62720K)->62113K(62720K) NonClass: 55110K(55424K)->55110K(55424K) Class: 7003K(7296K)->7003K(7296K)
[2023-12-18T19:34:35.286+0100][197.792s] GC(94) Pause Young (Normal) (G1 Evacuation Pause) 397M->109M(512M) 3.168ms
[2023-12-18T19:34:35.286+0100][197.792s] GC(94) User=0.00s Sys=0.00s Real=0.00s
[2023-12-18T19:34:36.175+0100][198.681s] GC(95) Pause Young (Normal) (G1 Evacuation Pause)
[2023-12-18T19:34:36.175+0100][198.681s] GC(95) Using 10 workers of 10 for evacuation
[2023-12-18T19:34:36.178+0100][198.684s] GC(95)   Pre Evacuate Collection Set: 0.1ms
[2023-12-18T19:34:36.178+0100][198.684s] GC(95)   Merge Heap Roots: 0.1ms
[2023-12-18T19:34:36.178+0100][198.684s] GC(95)   Evacuate Collection Set: 2.5ms
[2023-12-18T19:34:36.178+0100][198.684s] GC(95)   Post Evacuate Collection Set: 0.4ms
[2023-12-18T19:34:36.178+0100][198.684s] GC(95)   Other: 0.1ms
[2023-12-18T19:34:36.178+0100][198.684s] GC(95) Eden regions: 290->0(290)
[2023-12-18T19:34:36.178+0100][198.684s] GC(95) Survivor regions: 17->17(39)
[2023-12-18T19:34:36.178+0100][198.684s] GC(95) Old regions: 89->90
[2023-12-18T19:34:36.178+0100][198.684s] GC(95) Archive regions: 0->0
[2023-12-18T19:34:36.178+0100][198.684s] GC(95) Humongous regions: 4->4
[2023-12-18T19:34:36.178+0100][198.684s] GC(95) Metaspace: 62114K(62720K)->62114K(62720K) NonClass: 55111K(55424K)->55111K(55424K) Class: 7003K(7296K)->7003K(7296K)
[2023-12-18T19:34:36.178+0100][198.684s] GC(95) Pause Young (Normal) (G1 Evacuation Pause) 399M->110M(512M) 3.185ms
[2023-12-18T19:34:36.178+0100][198.684s] GC(95) User=0.00s Sys=0.00s Real=0.00s
[2023-12-18T19:34:37.116+0100][199.622s] GC(96) Pause Young (Normal) (G1 Evacuation Pause)
[2023-12-18T19:34:37.116+0100][199.622s] GC(96) Using 10 workers of 10 for evacuation
[2023-12-18T19:34:37.119+0100][199.625s] GC(96)   Pre Evacuate Collection Set: 0.1ms
[2023-12-18T19:34:37.119+0100][199.625s] GC(96)   Merge Heap Roots: 0.1ms
[2023-12-18T19:34:37.119+0100][199.625s] GC(96)   Evacuate Collection Set: 2.6ms
[2023-12-18T19:34:37.120+0100][199.625s] GC(96)   Post Evacuate Collection Set: 0.4ms
[2023-12-18T19:34:37.120+0100][199.626s] GC(96)   Other: 0.1ms
[2023-12-18T19:34:37.120+0100][199.626s] GC(96) Eden regions: 290->0(290)
[2023-12-18T19:34:37.120+0100][199.626s] GC(96) Survivor regions: 17->17(39)
[2023-12-18T19:34:37.120+0100][199.626s] GC(96) Old regions: 90->91
[2023-12-18T19:34:37.120+0100][199.626s] GC(96) Archive regions: 0->0
[2023-12-18T19:34:37.120+0100][199.626s] GC(96) Humongous regions: 4->4
[2023-12-18T19:34:37.120+0100][199.626s] GC(96) Metaspace: 62114K(62720K)->62114K(62720K) NonClass: 55111K(55424K)->55111K(55424K) Class: 7003K(7296K)->7003K(7296K)
[2023-12-18T19:34:37.120+0100][199.626s] GC(96) Pause Young (Normal) (G1 Evacuation Pause) 400M->110M(512M) 3.516ms
[2023-12-18T19:34:37.120+0100][199.626s] GC(96) User=0.00s Sys=0.00s Real=0.00s
[2023-12-18T19:34:37.211+0100][199.717s] GC(97) Pause Young (Concurrent Start) (CodeCache GC Threshold)
[2023-12-18T19:34:37.211+0100][199.718s] GC(97) Using 10 workers of 10 for evacuation
[2023-12-18T19:34:37.215+0100][199.721s] GC(97)   Pre Evacuate Collection Set: 0.1ms
[2023-12-18T19:34:37.215+0100][199.721s] GC(97)   Merge Heap Roots: 0.1ms
[2023-12-18T19:34:37.215+0100][199.721s] GC(97)   Evacuate Collection Set: 2.5ms
[2023-12-18T19:34:37.215+0100][199.721s] GC(97)   Post Evacuate Collection Set: 0.4ms
[2023-12-18T19:34:37.215+0100][199.721s] GC(97)   Other: 0.1ms
[2023-12-18T19:34:37.215+0100][199.721s] GC(97) Eden regions: 31->0(291)
[2023-12-18T19:34:37.215+0100][199.721s] GC(97) Survivor regions: 17->16(39)
[2023-12-18T19:34:37.215+0100][199.721s] GC(97) Old regions: 91->92
[2023-12-18T19:34:37.215+0100][199.721s] GC(97) Archive regions: 0->0
[2023-12-18T19:34:37.215+0100][199.721s] GC(97) Humongous regions: 4->4
[2023-12-18T19:34:37.215+0100][199.721s] GC(97) Metaspace: 62117K(62720K)->62117K(62720K) NonClass: 55114K(55424K)->55114K(55424K) Class: 7003K(7296K)->7003K(7296K)
[2023-12-18T19:34:37.215+0100][199.721s] GC(97) Pause Young (Concurrent Start) (CodeCache GC Threshold) 141M->110M(512M) 3.463ms
[2023-12-18T19:34:37.215+0100][199.721s] GC(98) Concurrent Mark Cycle
[2023-12-18T19:34:37.215+0100][199.721s] GC(97) User=0.00s Sys=0.00s Real=0.00s
[2023-12-18T19:34:37.215+0100][199.721s] GC(98) Concurrent Clear Claimed Marks
[2023-12-18T19:34:37.215+0100][199.721s] GC(98) Concurrent Clear Claimed Marks 0.120ms
[2023-12-18T19:34:37.215+0100][199.721s] GC(98) Concurrent Scan Root Regions
[2023-12-18T19:34:37.216+0100][199.722s] GC(98) Concurrent Scan Root Regions 1.033ms
[2023-12-18T19:34:37.216+0100][199.722s] GC(98) Concurrent Mark
[2023-12-18T19:34:37.216+0100][199.722s] GC(98) Concurrent Mark From Roots
[2023-12-18T19:34:37.216+0100][199.722s] GC(98) Using 3 workers of 3 for marking
[2023-12-18T19:34:37.247+0100][199.753s] GC(98) Concurrent Mark From Roots 30.548ms
[2023-12-18T19:34:37.247+0100][199.753s] GC(98) Concurrent Preclean
[2023-12-18T19:34:37.247+0100][199.753s] GC(98) Concurrent Preclean 0.110ms
[2023-12-18T19:34:37.247+0100][199.753s] GC(98) Pause Remark
[2023-12-18T19:34:37.250+0100][199.756s] GC(98) Pause Remark 117M->117M(512M) 2.788ms
[2023-12-18T19:34:37.250+0100][199.756s] GC(98) User=0.16s Sys=0.00s Real=0.00s
[2023-12-18T19:34:37.250+0100][199.756s] GC(98) Concurrent Mark 33.749ms
[2023-12-18T19:34:37.250+0100][199.756s] GC(98) Concurrent Rebuild Remembered Sets
[2023-12-18T19:34:37.263+0100][199.769s] GC(98) Concurrent Rebuild Remembered Sets 12.675ms
[2023-12-18T19:34:37.263+0100][199.769s] GC(98) Pause Cleanup
[2023-12-18T19:34:37.263+0100][199.769s] GC(98) Pause Cleanup 121M->121M(512M) 0.081ms
[2023-12-18T19:34:37.263+0100][199.769s] GC(98) User=0.00s Sys=0.00s Real=0.00s
[2023-12-18T19:34:37.263+0100][199.769s] GC(98) Concurrent Cleanup for Next Mark
[2023-12-18T19:34:37.264+0100][199.770s] GC(98) Concurrent Cleanup for Next Mark 0.847ms
[2023-12-18T19:34:37.264+0100][199.770s] GC(98) Concurrent Mark Cycle 48.844ms
[2023-12-18T19:34:37.472+0100][199.977s] GC(99) Pause Young (Concurrent Start) (CodeCache GC Threshold)
[2023-12-18T19:34:37.472+0100][199.977s] GC(99) Using 10 workers of 10 for evacuation
[2023-12-18T19:34:37.475+0100][199.980s] GC(99)   Pre Evacuate Collection Set: 0.2ms
[2023-12-18T19:34:37.475+0100][199.980s] GC(99)   Merge Heap Roots: 0.1ms
[2023-12-18T19:34:37.475+0100][199.980s] GC(99)   Evacuate Collection Set: 2.6ms
[2023-12-18T19:34:37.475+0100][199.980s] GC(99)   Post Evacuate Collection Set: 0.4ms
[2023-12-18T19:34:37.475+0100][199.980s] GC(99)   Other: 0.0ms
[2023-12-18T19:34:37.475+0100][199.980s] GC(99) Eden regions: 81->0(292)
[2023-12-18T19:34:37.475+0100][199.980s] GC(99) Survivor regions: 16->15(39)
[2023-12-18T19:34:37.475+0100][199.980s] GC(99) Old regions: 92->93
[2023-12-18T19:34:37.475+0100][199.980s] GC(99) Archive regions: 0->0
[2023-12-18T19:34:37.475+0100][199.980s] GC(99) Humongous regions: 4->4
[2023-12-18T19:34:37.475+0100][199.980s] GC(99) Metaspace: 62117K(62720K)->62117K(62720K) NonClass: 55114K(55424K)->55114K(55424K) Class: 7003K(7296K)->7003K(7296K)
[2023-12-18T19:34:37.475+0100][199.980s] GC(99) Pause Young (Concurrent Start) (CodeCache GC Threshold) 191M->110M(512M) 3.401ms
[2023-12-18T19:34:37.475+0100][199.981s] GC(100) Concurrent Mark Cycle
[2023-12-18T19:34:37.475+0100][199.981s] GC(99) User=0.00s Sys=0.00s Real=0.00s
[2023-12-18T19:34:37.475+0100][199.981s] GC(100) Concurrent Clear Claimed Marks
[2023-12-18T19:34:37.475+0100][199.981s] GC(100) Concurrent Clear Claimed Marks 0.052ms
[2023-12-18T19:34:37.475+0100][199.981s] GC(100) Concurrent Scan Root Regions
[2023-12-18T19:34:37.476+0100][199.982s] GC(100) Concurrent Scan Root Regions 0.972ms
[2023-12-18T19:34:37.476+0100][199.982s] GC(100) Concurrent Mark
[2023-12-18T19:34:37.476+0100][199.982s] GC(100) Concurrent Mark From Roots
[2023-12-18T19:34:37.476+0100][199.982s] GC(100) Using 3 workers of 3 for marking
[2023-12-18T19:34:37.496+0100][200.002s] GC(100) Concurrent Mark From Roots 20.141ms
[2023-12-18T19:34:37.496+0100][200.002s] GC(100) Concurrent Preclean
[2023-12-18T19:34:37.496+0100][200.002s] GC(100) Concurrent Preclean 0.085ms
[2023-12-18T19:34:37.496+0100][200.002s] GC(100) Pause Remark
[2023-12-18T19:34:37.500+0100][200.005s] GC(100) Pause Remark 117M->117M(512M) 2.915ms
[2023-12-18T19:34:37.500+0100][200.005s] GC(100) User=0.00s Sys=0.00s Real=0.00s
[2023-12-18T19:34:37.500+0100][200.005s] GC(100) Concurrent Mark 23.308ms
[2023-12-18T19:34:37.500+0100][200.005s] GC(100) Concurrent Rebuild Remembered Sets
[2023-12-18T19:34:37.508+0100][200.014s] GC(100) Concurrent Rebuild Remembered Sets 8.854ms
[2023-12-18T19:34:37.509+0100][200.014s] GC(100) Pause Cleanup
[2023-12-18T19:34:37.509+0100][200.014s] GC(100) Pause Cleanup 120M->120M(512M) 0.088ms
[2023-12-18T19:34:37.509+0100][200.014s] GC(100) User=0.00s Sys=0.00s Real=0.00s
[2023-12-18T19:34:37.509+0100][200.014s] GC(100) Concurrent Cleanup for Next Mark
[2023-12-18T19:34:37.509+0100][200.015s] GC(100) Concurrent Cleanup for Next Mark 0.635ms
[2023-12-18T19:34:37.509+0100][200.015s] GC(100) Concurrent Mark Cycle 34.169ms
[2023-12-18T19:34:37.660+0100][200.166s] GC(101) Pause Young (Concurrent Start) (CodeCache GC Threshold)
[2023-12-18T19:34:37.660+0100][200.166s] GC(101) Using 10 workers of 10 for evacuation
[2023-12-18T19:34:37.663+0100][200.169s] GC(101)   Pre Evacuate Collection Set: 0.2ms
[2023-12-18T19:34:37.663+0100][200.169s] GC(101)   Merge Heap Roots: 0.1ms
[2023-12-18T19:34:37.663+0100][200.169s] GC(101)   Evacuate Collection Set: 2.1ms
[2023-12-18T19:34:37.663+0100][200.169s] GC(101)   Post Evacuate Collection Set: 0.4ms
[2023-12-18T19:34:37.663+0100][200.169s] GC(101)   Other: 0.0ms
[2023-12-18T19:34:37.663+0100][200.169s] GC(101) Eden regions: 68->0(293)
[2023-12-18T19:34:37.663+0100][200.169s] GC(101) Survivor regions: 15->14(39)
[2023-12-18T19:34:37.663+0100][200.169s] GC(101) Old regions: 93->94
[2023-12-18T19:34:37.663+0100][200.169s] GC(101) Archive regions: 0->0
[2023-12-18T19:34:37.663+0100][200.169s] GC(101) Humongous regions: 4->4
[2023-12-18T19:34:37.663+0100][200.169s] GC(101) Metaspace: 62130K(62720K)->62130K(62720K) NonClass: 55127K(55424K)->55127K(55424K) Class: 7003K(7296K)->7003K(7296K)
[2023-12-18T19:34:37.663+0100][200.169s] GC(101) Pause Young (Concurrent Start) (CodeCache GC Threshold) 178M->111M(512M) 3.008ms
[2023-12-18T19:34:37.663+0100][200.169s] GC(102) Concurrent Mark Cycle
[2023-12-18T19:34:37.663+0100][200.169s] GC(101) User=0.00s Sys=0.00s Real=0.00s
[2023-12-18T19:34:37.663+0100][200.169s] GC(102) Concurrent Clear Claimed Marks
[2023-12-18T19:34:37.663+0100][200.169s] GC(102) Concurrent Clear Claimed Marks 0.149ms
[2023-12-18T19:34:37.663+0100][200.169s] GC(102) Concurrent Scan Root Regions
[2023-12-18T19:34:37.665+0100][200.171s] GC(102) Concurrent Scan Root Regions 1.446ms
[2023-12-18T19:34:37.665+0100][200.171s] GC(102) Concurrent Mark
[2023-12-18T19:34:37.665+0100][200.171s] GC(102) Concurrent Mark From Roots
[2023-12-18T19:34:37.665+0100][200.171s] GC(102) Using 3 workers of 3 for marking
[2023-12-18T19:34:37.690+0100][200.196s] GC(102) Concurrent Mark From Roots 25.409ms
[2023-12-18T19:34:37.690+0100][200.196s] GC(102) Concurrent Preclean
[2023-12-18T19:34:37.690+0100][200.196s] GC(102) Concurrent Preclean 0.081ms
[2023-12-18T19:34:37.691+0100][200.196s] GC(102) Pause Remark
[2023-12-18T19:34:37.693+0100][200.199s] GC(102) Pause Remark 119M->119M(512M) 2.401ms
[2023-12-18T19:34:37.693+0100][200.199s] GC(102) User=0.00s Sys=0.00s Real=0.00s
[2023-12-18T19:34:37.693+0100][200.199s] GC(102) Concurrent Mark 28.117ms
[2023-12-18T19:34:37.693+0100][200.199s] GC(102) Concurrent Rebuild Remembered Sets
[2023-12-18T19:34:37.702+0100][200.208s] GC(102) Concurrent Rebuild Remembered Sets 8.829ms
[2023-12-18T19:34:37.702+0100][200.208s] GC(102) Pause Cleanup
[2023-12-18T19:34:37.702+0100][200.208s] GC(102) Pause Cleanup 123M->123M(512M) 0.082ms
[2023-12-18T19:34:37.702+0100][200.208s] GC(102) User=0.00s Sys=0.00s Real=0.00s
[2023-12-18T19:34:37.702+0100][200.208s] GC(102) Concurrent Cleanup for Next Mark
[2023-12-18T19:34:37.703+0100][200.209s] GC(102) Concurrent Cleanup for Next Mark 0.721ms
[2023-12-18T19:34:37.703+0100][200.209s] GC(102) Concurrent Mark Cycle 39.596ms
[2023-12-18T19:34:38.468+0100][200.973s] GC(103) Pause Young (Normal) (G1 Evacuation Pause)
[2023-12-18T19:34:38.468+0100][200.974s] GC(103) Using 10 workers of 10 for evacuation
[2023-12-18T19:34:38.471+0100][200.976s] GC(103)   Pre Evacuate Collection Set: 0.1ms
[2023-12-18T19:34:38.471+0100][200.976s] GC(103)   Merge Heap Roots: 0.1ms
[2023-12-18T19:34:38.471+0100][200.976s] GC(103)   Evacuate Collection Set: 2.0ms
[2023-12-18T19:34:38.471+0100][200.976s] GC(103)   Post Evacuate Collection Set: 0.5ms
[2023-12-18T19:34:38.471+0100][200.976s] GC(103)   Other: 0.1ms
[2023-12-18T19:34:38.471+0100][200.976s] GC(103) Eden regions: 293->0(292)
[2023-12-18T19:34:38.471+0100][200.976s] GC(103) Survivor regions: 14->15(39)
[2023-12-18T19:34:38.471+0100][200.976s] GC(103) Old regions: 94->95
[2023-12-18T19:34:38.471+0100][200.976s] GC(103) Archive regions: 0->0
[2023-12-18T19:34:38.471+0100][200.976s] GC(103) Humongous regions: 4->4
[2023-12-18T19:34:38.471+0100][200.976s] GC(103) Metaspace: 62138K(62720K)->62138K(62720K) NonClass: 55134K(55424K)->55134K(55424K) Class: 7003K(7296K)->7003K(7296K)
[2023-12-18T19:34:38.471+0100][200.976s] GC(103) Pause Young (Normal) (G1 Evacuation Pause) 404M->112M(512M) 2.982ms
[2023-12-18T19:34:38.471+0100][200.976s] GC(103) User=0.16s Sys=0.00s Real=0.00s
[2023-12-18T19:34:39.249+0100][201.754s] GC(104) Pause Young (Normal) (G1 Evacuation Pause)
[2023-12-18T19:34:39.249+0100][201.754s] GC(104) Using 10 workers of 10 for evacuation
[2023-12-18T19:34:39.251+0100][201.757s] GC(104)   Pre Evacuate Collection Set: 0.1ms
[2023-12-18T19:34:39.252+0100][201.757s] GC(104)   Merge Heap Roots: 0.1ms
[2023-12-18T19:34:39.252+0100][201.757s] GC(104)   Evacuate Collection Set: 1.9ms
[2023-12-18T19:34:39.252+0100][201.757s] GC(104)   Post Evacuate Collection Set: 0.4ms
[2023-12-18T19:34:39.252+0100][201.757s] GC(104)   Other: 0.1ms
[2023-12-18T19:34:39.252+0100][201.757s] GC(104) Eden regions: 292->0(293)
[2023-12-18T19:34:39.252+0100][201.757s] GC(104) Survivor regions: 15->14(39)
[2023-12-18T19:34:39.252+0100][201.757s] GC(104) Old regions: 95->96
[2023-12-18T19:34:39.252+0100][201.757s] GC(104) Archive regions: 0->0
[2023-12-18T19:34:39.252+0100][201.757s] GC(104) Humongous regions: 4->4
[2023-12-18T19:34:39.252+0100][201.757s] GC(104) Metaspace: 62142K(62784K)->62142K(62784K) NonClass: 55138K(55488K)->55138K(55488K) Class: 7003K(7296K)->7003K(7296K)
[2023-12-18T19:34:39.252+0100][201.757s] GC(104) Pause Young (Normal) (G1 Evacuation Pause) 404M->112M(512M) 2.756ms
[2023-12-18T19:34:39.252+0100][201.757s] GC(104) User=0.16s Sys=0.00s Real=0.00s
[2023-12-18T19:34:40.060+0100][202.566s] GC(105) Pause Young (Normal) (G1 Evacuation Pause)
[2023-12-18T19:34:40.060+0100][202.566s] GC(105) Using 10 workers of 10 for evacuation
[2023-12-18T19:34:40.063+0100][202.568s] GC(105)   Pre Evacuate Collection Set: 0.1ms
[2023-12-18T19:34:40.063+0100][202.568s] GC(105)   Merge Heap Roots: 0.1ms
[2023-12-18T19:34:40.063+0100][202.568s] GC(105)   Evacuate Collection Set: 1.8ms
[2023-12-18T19:34:40.063+0100][202.568s] GC(105)   Post Evacuate Collection Set: 0.5ms
[2023-12-18T19:34:40.063+0100][202.568s] GC(105)   Other: 0.1ms
[2023-12-18T19:34:40.063+0100][202.568s] GC(105) Eden regions: 293->0(293)
[2023-12-18T19:34:40.063+0100][202.568s] GC(105) Survivor regions: 14->14(39)
[2023-12-18T19:34:40.063+0100][202.568s] GC(105) Old regions: 96->97
[2023-12-18T19:34:40.063+0100][202.568s] GC(105) Archive regions: 0->0
[2023-12-18T19:34:40.063+0100][202.568s] GC(105) Humongous regions: 4->4
[2023-12-18T19:34:40.063+0100][202.568s] GC(105) Metaspace: 62142K(62784K)->62142K(62784K) NonClass: 55138K(55488K)->55138K(55488K) Class: 7003K(7296K)->7003K(7296K)
[2023-12-18T19:34:40.063+0100][202.568s] GC(105) Pause Young (Normal) (G1 Evacuation Pause) 405M->114M(512M) 2.881ms
[2023-12-18T19:34:40.063+0100][202.568s] GC(105) User=0.00s Sys=0.00s Real=0.00s
[2023-12-18T19:34:40.904+0100][203.409s] GC(106) Pause Young (Normal) (G1 Evacuation Pause)
[2023-12-18T19:34:40.904+0100][203.409s] GC(106) Using 10 workers of 10 for evacuation
[2023-12-18T19:34:40.906+0100][203.412s] GC(106)   Pre Evacuate Collection Set: 0.1ms
[2023-12-18T19:34:40.906+0100][203.412s] GC(106)   Merge Heap Roots: 0.2ms
[2023-12-18T19:34:40.906+0100][203.412s] GC(106)   Evacuate Collection Set: 2.0ms
[2023-12-18T19:34:40.906+0100][203.412s] GC(106)   Post Evacuate Collection Set: 0.5ms
[2023-12-18T19:34:40.906+0100][203.412s] GC(106)   Other: 0.1ms
[2023-12-18T19:34:40.906+0100][203.412s] GC(106) Eden regions: 293->0(292)
[2023-12-18T19:34:40.906+0100][203.412s] GC(106) Survivor regions: 14->15(39)
[2023-12-18T19:34:40.906+0100][203.412s] GC(106) Old regions: 97->98
[2023-12-18T19:34:40.906+0100][203.412s] GC(106) Archive regions: 0->0
[2023-12-18T19:34:40.906+0100][203.412s] GC(106) Humongous regions: 4->4
[2023-12-18T19:34:40.906+0100][203.412s] GC(106) Metaspace: 62142K(62784K)->62142K(62784K) NonClass: 55138K(55488K)->55138K(55488K) Class: 7003K(7296K)->7003K(7296K)
[2023-12-18T19:34:40.906+0100][203.412s] GC(106) Pause Young (Normal) (G1 Evacuation Pause) 407M->115M(512M) 3.029ms
[2023-12-18T19:34:40.906+0100][203.412s] GC(106) User=0.00s Sys=0.00s Real=0.00s
[2023-12-18T19:34:41.739+0100][204.244s] GC(107) Pause Young (Normal) (G1 Evacuation Pause)
[2023-12-18T19:34:41.739+0100][204.244s] GC(107) Using 10 workers of 10 for evacuation
[2023-12-18T19:34:41.742+0100][204.247s] GC(107)   Pre Evacuate Collection Set: 0.1ms
[2023-12-18T19:34:41.742+0100][204.247s] GC(107)   Merge Heap Roots: 0.1ms
[2023-12-18T19:34:41.742+0100][204.247s] GC(107)   Evacuate Collection Set: 2.0ms
[2023-12-18T19:34:41.742+0100][204.247s] GC(107)   Post Evacuate Collection Set: 0.5ms
[2023-12-18T19:34:41.742+0100][204.247s] GC(107)   Other: 0.1ms
[2023-12-18T19:34:41.742+0100][204.247s] GC(107) Eden regions: 292->0(293)
[2023-12-18T19:34:41.742+0100][204.247s] GC(107) Survivor regions: 15->14(39)
[2023-12-18T19:34:41.742+0100][204.247s] GC(107) Old regions: 98->99
[2023-12-18T19:34:41.742+0100][204.247s] GC(107) Archive regions: 0->0
[2023-12-18T19:34:41.742+0100][204.247s] GC(107) Humongous regions: 4->4
[2023-12-18T19:34:41.742+0100][204.247s] GC(107) Metaspace: 62142K(62784K)->62142K(62784K) NonClass: 55138K(55488K)->55138K(55488K) Class: 7003K(7296K)->7003K(7296K)
[2023-12-18T19:34:41.742+0100][204.247s] GC(107) Pause Young (Normal) (G1 Evacuation Pause) 407M->116M(512M) 2.969ms
[2023-12-18T19:34:41.742+0100][204.247s] GC(107) User=0.00s Sys=0.00s Real=0.00s
[2023-12-18T19:34:42.522+0100][205.027s] GC(108) Pause Young (Normal) (G1 Evacuation Pause)
[2023-12-18T19:34:42.522+0100][205.027s] GC(108) Using 10 workers of 10 for evacuation
[2023-12-18T19:34:42.524+0100][205.029s] GC(108)   Pre Evacuate Collection Set: 0.1ms
[2023-12-18T19:34:42.524+0100][205.030s] GC(108)   Merge Heap Roots: 0.1ms
[2023-12-18T19:34:42.524+0100][205.030s] GC(108)   Evacuate Collection Set: 2.0ms
[2023-12-18T19:34:42.524+0100][205.030s] GC(108)   Post Evacuate Collection Set: 0.4ms
[2023-12-18T19:34:42.524+0100][205.030s] GC(108)   Other: 0.1ms
[2023-12-18T19:34:42.524+0100][205.030s] GC(108) Eden regions: 293->0(293)
[2023-12-18T19:34:42.524+0100][205.030s] GC(108) Survivor regions: 14->14(39)
[2023-12-18T19:34:42.524+0100][205.030s] GC(108) Old regions: 99->100
[2023-12-18T19:34:42.524+0100][205.030s] GC(108) Archive regions: 0->0
[2023-12-18T19:34:42.524+0100][205.030s] GC(108) Humongous regions: 4->4
[2023-12-18T19:34:42.524+0100][205.030s] GC(108) Metaspace: 62145K(62784K)->62145K(62784K) NonClass: 55142K(55488K)->55142K(55488K) Class: 7003K(7296K)->7003K(7296K)
[2023-12-18T19:34:42.524+0100][205.030s] GC(108) Pause Young (Normal) (G1 Evacuation Pause) 409M->117M(512M) 2.790ms
[2023-12-18T19:34:42.524+0100][205.030s] GC(108) User=0.00s Sys=0.00s Real=0.00s
[2023-12-18T19:34:43.299+0100][205.804s] GC(109) Pause Young (Normal) (G1 Evacuation Pause)
[2023-12-18T19:34:43.299+0100][205.804s] GC(109) Using 10 workers of 10 for evacuation
[2023-12-18T19:34:43.301+0100][205.807s] GC(109)   Pre Evacuate Collection Set: 0.0ms
[2023-12-18T19:34:43.301+0100][205.807s] GC(109)   Merge Heap Roots: 0.0ms
[2023-12-18T19:34:43.301+0100][205.807s] GC(109)   Evacuate Collection Set: 2.0ms
[2023-12-18T19:34:43.301+0100][205.807s] GC(109)   Post Evacuate Collection Set: 0.3ms
[2023-12-18T19:34:43.301+0100][205.807s] GC(109)   Other: 0.1ms
[2023-12-18T19:34:43.302+0100][205.807s] GC(109) Eden regions: 293->0(293)
[2023-12-18T19:34:43.302+0100][205.807s] GC(109) Survivor regions: 14->14(39)
[2023-12-18T19:34:43.302+0100][205.807s] GC(109) Old regions: 100->101
[2023-12-18T19:34:43.302+0100][205.807s] GC(109) Archive regions: 0->0
[2023-12-18T19:34:43.302+0100][205.807s] GC(109) Humongous regions: 4->4
[2023-12-18T19:34:43.302+0100][205.807s] GC(109) Metaspace: 62146K(62784K)->62146K(62784K) NonClass: 55143K(55488K)->55143K(55488K) Class: 7003K(7296K)->7003K(7296K)
[2023-12-18T19:34:43.302+0100][205.807s] GC(109) Pause Young (Normal) (G1 Evacuation Pause) 410M->118M(512M) 2.646ms
[2023-12-18T19:34:43.302+0100][205.807s] GC(109) User=0.00s Sys=0.00s Real=0.00s
[2023-12-18T19:34:44.092+0100][206.597s] GC(110) Pause Young (Normal) (G1 Evacuation Pause)
[2023-12-18T19:34:44.092+0100][206.597s] GC(110) Using 10 workers of 10 for evacuation
[2023-12-18T19:34:44.095+0100][206.600s] GC(110)   Pre Evacuate Collection Set: 0.1ms
[2023-12-18T19:34:44.095+0100][206.600s] GC(110)   Merge Heap Roots: 0.1ms
[2023-12-18T19:34:44.095+0100][206.600s] GC(110)   Evacuate Collection Set: 1.9ms
[2023-12-18T19:34:44.095+0100][206.600s] GC(110)   Post Evacuate Collection Set: 0.5ms
[2023-12-18T19:34:44.095+0100][206.600s] GC(110)   Other: 0.1ms
[2023-12-18T19:34:44.095+0100][206.600s] GC(110) Eden regions: 293->0(293)
[2023-12-18T19:34:44.095+0100][206.600s] GC(110) Survivor regions: 14->14(39)
[2023-12-18T19:34:44.095+0100][206.600s] GC(110) Old regions: 101->102
[2023-12-18T19:34:44.095+0100][206.600s] GC(110) Archive regions: 0->0
[2023-12-18T19:34:44.095+0100][206.600s] GC(110) Humongous regions: 4->4
[2023-12-18T19:34:44.095+0100][206.600s] GC(110) Metaspace: 62146K(62784K)->62146K(62784K) NonClass: 55143K(55488K)->55143K(55488K) Class: 7003K(7296K)->7003K(7296K)
[2023-12-18T19:34:44.095+0100][206.600s] GC(110) Pause Young (Normal) (G1 Evacuation Pause) 411M->119M(512M) 2.752ms
[2023-12-18T19:34:44.095+0100][206.600s] GC(110) User=0.14s Sys=0.02s Real=0.00s
[2023-12-18T19:34:44.988+0100][207.494s] GC(111) Pause Young (Normal) (G1 Evacuation Pause)
[2023-12-18T19:34:44.988+0100][207.494s] GC(111) Using 10 workers of 10 for evacuation
[2023-12-18T19:34:44.991+0100][207.497s] GC(111)   Pre Evacuate Collection Set: 0.1ms
[2023-12-18T19:34:44.991+0100][207.497s] GC(111)   Merge Heap Roots: 0.1ms
[2023-12-18T19:34:44.991+0100][207.497s] GC(111)   Evacuate Collection Set: 2.2ms
[2023-12-18T19:34:44.991+0100][207.497s] GC(111)   Post Evacuate Collection Set: 0.5ms
[2023-12-18T19:34:44.991+0100][207.497s] GC(111)   Other: 0.1ms
[2023-12-18T19:34:44.991+0100][207.497s] GC(111) Eden regions: 293->0(293)
[2023-12-18T19:34:44.991+0100][207.497s] GC(111) Survivor regions: 14->14(39)
[2023-12-18T19:34:44.991+0100][207.497s] GC(111) Old regions: 102->103
[2023-12-18T19:34:44.991+0100][207.497s] GC(111) Archive regions: 0->0
[2023-12-18T19:34:44.991+0100][207.497s] GC(111) Humongous regions: 4->4
[2023-12-18T19:34:44.991+0100][207.497s] GC(111) Metaspace: 62146K(62784K)->62146K(62784K) NonClass: 55143K(55488K)->55143K(55488K) Class: 7003K(7296K)->7003K(7296K)
[2023-12-18T19:34:44.991+0100][207.497s] GC(111) Pause Young (Normal) (G1 Evacuation Pause) 412M->120M(512M) 3.166ms
[2023-12-18T19:34:44.991+0100][207.497s] GC(111) User=0.00s Sys=0.00s Real=0.00s
[2023-12-18T19:34:45.811+0100][208.317s] GC(112) Pause Young (Normal) (G1 Evacuation Pause)
[2023-12-18T19:34:45.811+0100][208.317s] GC(112) Using 10 workers of 10 for evacuation
[2023-12-18T19:34:45.814+0100][208.320s] GC(112)   Pre Evacuate Collection Set: 0.1ms
[2023-12-18T19:34:45.814+0100][208.320s] GC(112)   Merge Heap Roots: 0.1ms
[2023-12-18T19:34:45.814+0100][208.320s] GC(112)   Evacuate Collection Set: 2.1ms
[2023-12-18T19:34:45.814+0100][208.320s] GC(112)   Post Evacuate Collection Set: 0.6ms
[2023-12-18T19:34:45.814+0100][208.320s] GC(112)   Other: 0.1ms
[2023-12-18T19:34:45.814+0100][208.320s] GC(112) Eden regions: 293->0(293)
[2023-12-18T19:34:45.814+0100][208.320s] GC(112) Survivor regions: 14->14(39)
[2023-12-18T19:34:45.814+0100][208.320s] GC(112) Old regions: 103->104
[2023-12-18T19:34:45.814+0100][208.320s] GC(112) Archive regions: 0->0
[2023-12-18T19:34:45.814+0100][208.320s] GC(112) Humongous regions: 4->4
[2023-12-18T19:34:45.814+0100][208.320s] GC(112) Metaspace: 62149K(62784K)->62149K(62784K) NonClass: 55146K(55488K)->55146K(55488K) Class: 7003K(7296K)->7003K(7296K)
[2023-12-18T19:34:45.815+0100][208.320s] GC(112) Pause Young (Normal) (G1 Evacuation Pause) 413M->121M(512M) 3.204ms
[2023-12-18T19:34:45.815+0100][208.320s] GC(112) User=0.16s Sys=0.00s Real=0.00s
[2023-12-18T19:34:46.575+0100][209.080s] GC(113) Pause Young (Normal) (G1 Evacuation Pause)
[2023-12-18T19:34:46.575+0100][209.080s] GC(113) Using 10 workers of 10 for evacuation
[2023-12-18T19:34:46.577+0100][209.083s] GC(113)   Pre Evacuate Collection Set: 0.1ms
[2023-12-18T19:34:46.577+0100][209.083s] GC(113)   Merge Heap Roots: 0.1ms
[2023-12-18T19:34:46.577+0100][209.083s] GC(113)   Evacuate Collection Set: 2.0ms
[2023-12-18T19:34:46.577+0100][209.083s] GC(113)   Post Evacuate Collection Set: 0.5ms
[2023-12-18T19:34:46.577+0100][209.083s] GC(113)   Other: 0.1ms
[2023-12-18T19:34:46.577+0100][209.083s] GC(113) Eden regions: 293->0(292)
[2023-12-18T19:34:46.577+0100][209.083s] GC(113) Survivor regions: 14->15(39)
[2023-12-18T19:34:46.577+0100][209.083s] GC(113) Old regions: 104->105
[2023-12-18T19:34:46.577+0100][209.083s] GC(113) Archive regions: 0->0
[2023-12-18T19:34:46.577+0100][209.083s] GC(113) Humongous regions: 4->4
[2023-12-18T19:34:46.577+0100][209.083s] GC(113) Metaspace: 62149K(62784K)->62149K(62784K) NonClass: 55146K(55488K)->55146K(55488K) Class: 7003K(7296K)->7003K(7296K)
[2023-12-18T19:34:46.577+0100][209.083s] GC(113) Pause Young (Normal) (G1 Evacuation Pause) 414M->122M(512M) 2.923ms
[2023-12-18T19:34:46.577+0100][209.083s] GC(113) User=0.00s Sys=0.00s Real=0.00s
[2023-12-18T19:34:47.385+0100][209.890s] GC(114) Pause Young (Normal) (G1 Evacuation Pause)
[2023-12-18T19:34:47.385+0100][209.890s] GC(114) Using 10 workers of 10 for evacuation
[2023-12-18T19:34:47.387+0100][209.893s] GC(114)   Pre Evacuate Collection Set: 0.1ms
[2023-12-18T19:34:47.387+0100][209.893s] GC(114)   Merge Heap Roots: 0.1ms
[2023-12-18T19:34:47.387+0100][209.893s] GC(114)   Evacuate Collection Set: 2.0ms
[2023-12-18T19:34:47.387+0100][209.893s] GC(114)   Post Evacuate Collection Set: 0.4ms
[2023-12-18T19:34:47.387+0100][209.893s] GC(114)   Other: 0.1ms
[2023-12-18T19:34:47.388+0100][209.893s] GC(114) Eden regions: 292->0(292)
[2023-12-18T19:34:47.388+0100][209.893s] GC(114) Survivor regions: 15->15(39)
[2023-12-18T19:34:47.388+0100][209.893s] GC(114) Old regions: 105->106
[2023-12-18T19:34:47.388+0100][209.893s] GC(114) Archive regions: 0->0
[2023-12-18T19:34:47.388+0100][209.893s] GC(114) Humongous regions: 4->4
[2023-12-18T19:34:47.388+0100][209.893s] GC(114) Metaspace: 62150K(62784K)->62150K(62784K) NonClass: 55147K(55488K)->55147K(55488K) Class: 7003K(7296K)->7003K(7296K)
[2023-12-18T19:34:47.388+0100][209.893s] GC(114) Pause Young (Normal) (G1 Evacuation Pause) 414M->123M(512M) 2.884ms
[2023-12-18T19:34:47.388+0100][209.893s] GC(114) User=0.00s Sys=0.00s Real=0.00s
[2023-12-18T19:34:48.193+0100][210.698s] GC(115) Pause Young (Normal) (G1 Evacuation Pause)
[2023-12-18T19:34:48.193+0100][210.699s] GC(115) Using 10 workers of 10 for evacuation
[2023-12-18T19:34:48.195+0100][210.701s] GC(115)   Pre Evacuate Collection Set: 0.1ms
[2023-12-18T19:34:48.195+0100][210.701s] GC(115)   Merge Heap Roots: 0.1ms
[2023-12-18T19:34:48.195+0100][210.701s] GC(115)   Evacuate Collection Set: 2.1ms
[2023-12-18T19:34:48.195+0100][210.701s] GC(115)   Post Evacuate Collection Set: 0.5ms
[2023-12-18T19:34:48.195+0100][210.701s] GC(115)   Other: 0.1ms
[2023-12-18T19:34:48.195+0100][210.701s] GC(115) Eden regions: 292->0(292)
[2023-12-18T19:34:48.195+0100][210.701s] GC(115) Survivor regions: 15->15(39)
[2023-12-18T19:34:48.195+0100][210.701s] GC(115) Old regions: 106->106
[2023-12-18T19:34:48.195+0100][210.701s] GC(115) Archive regions: 0->0
[2023-12-18T19:34:48.195+0100][210.701s] GC(115) Humongous regions: 4->4
[2023-12-18T19:34:48.195+0100][210.701s] GC(115) Metaspace: 62151K(62784K)->62151K(62784K) NonClass: 55148K(55488K)->55148K(55488K) Class: 7003K(7296K)->7003K(7296K)
[2023-12-18T19:34:48.195+0100][210.701s] GC(115) Pause Young (Normal) (G1 Evacuation Pause) 415M->124M(512M) 2.987ms
[2023-12-18T19:34:48.195+0100][210.701s] GC(115) User=0.00s Sys=0.00s Real=0.00s
[2023-12-18T19:34:49.033+0100][211.539s] GC(116) Pause Young (Normal) (G1 Evacuation Pause)
[2023-12-18T19:34:49.033+0100][211.539s] GC(116) Using 10 workers of 10 for evacuation
[2023-12-18T19:34:49.036+0100][211.542s] GC(116)   Pre Evacuate Collection Set: 0.0ms
[2023-12-18T19:34:49.036+0100][211.542s] GC(116)   Merge Heap Roots: 0.0ms
[2023-12-18T19:34:49.036+0100][211.542s] GC(116)   Evacuate Collection Set: 2.3ms
[2023-12-18T19:34:49.036+0100][211.542s] GC(116)   Post Evacuate Collection Set: 0.4ms
[2023-12-18T19:34:49.036+0100][211.542s] GC(116)   Other: 0.1ms
[2023-12-18T19:34:49.036+0100][211.542s] GC(116) Eden regions: 292->0(290)
[2023-12-18T19:34:49.036+0100][211.542s] GC(116) Survivor regions: 15->17(39)
[2023-12-18T19:34:49.036+0100][211.542s] GC(116) Old regions: 106->106
[2023-12-18T19:34:49.036+0100][211.542s] GC(116) Archive regions: 0->0
[2023-12-18T19:34:49.036+0100][211.542s] GC(116) Humongous regions: 4->4
[2023-12-18T19:34:49.036+0100][211.542s] GC(116) Metaspace: 62151K(62784K)->62151K(62784K) NonClass: 55148K(55488K)->55148K(55488K) Class: 7003K(7296K)->7003K(7296K)
[2023-12-18T19:34:49.036+0100][211.542s] GC(116) Pause Young (Normal) (G1 Evacuation Pause) 416M->126M(512M) 3.133ms
[2023-12-18T19:34:49.036+0100][211.542s] GC(116) User=0.00s Sys=0.00s Real=0.00s
[2023-12-18T19:34:49.803+0100][212.309s] GC(117) Pause Young (Normal) (G1 Evacuation Pause)
[2023-12-18T19:34:49.803+0100][212.309s] GC(117) Using 10 workers of 10 for evacuation
[2023-12-18T19:34:49.806+0100][212.312s] GC(117)   Pre Evacuate Collection Set: 0.1ms
[2023-12-18T19:34:49.806+0100][212.312s] GC(117)   Merge Heap Roots: 0.1ms
[2023-12-18T19:34:49.806+0100][212.312s] GC(117)   Evacuate Collection Set: 2.3ms
[2023-12-18T19:34:49.806+0100][212.312s] GC(117)   Post Evacuate Collection Set: 0.6ms
[2023-12-18T19:34:49.806+0100][212.312s] GC(117)   Other: 0.1ms
[2023-12-18T19:34:49.806+0100][212.312s] GC(117) Eden regions: 290->0(290)
[2023-12-18T19:34:49.806+0100][212.312s] GC(117) Survivor regions: 17->17(39)
[2023-12-18T19:34:49.806+0100][212.312s] GC(117) Old regions: 106->107
[2023-12-18T19:34:49.806+0100][212.312s] GC(117) Archive regions: 0->0
[2023-12-18T19:34:49.806+0100][212.312s] GC(117) Humongous regions: 4->4
[2023-12-18T19:34:49.806+0100][212.312s] GC(117) Metaspace: 62155K(62784K)->62155K(62784K) NonClass: 55151K(55488K)->55151K(55488K) Class: 7004K(7296K)->7004K(7296K)
[2023-12-18T19:34:49.806+0100][212.312s] GC(117) Pause Young (Normal) (G1 Evacuation Pause) 416M->126M(512M) 3.337ms
[2023-12-18T19:34:49.806+0100][212.312s] GC(117) User=0.00s Sys=0.00s Real=0.00s
[2023-12-18T19:34:50.615+0100][213.121s] GC(118) Pause Young (Normal) (G1 Evacuation Pause)
[2023-12-18T19:34:50.616+0100][213.121s] GC(118) Using 10 workers of 10 for evacuation
[2023-12-18T19:34:50.619+0100][213.124s] GC(118)   Pre Evacuate Collection Set: 0.1ms
[2023-12-18T19:34:50.619+0100][213.124s] GC(118)   Merge Heap Roots: 0.1ms
[2023-12-18T19:34:50.619+0100][213.124s] GC(118)   Evacuate Collection Set: 2.5ms
[2023-12-18T19:34:50.619+0100][213.124s] GC(118)   Post Evacuate Collection Set: 0.6ms
[2023-12-18T19:34:50.619+0100][213.124s] GC(118)   Other: 0.1ms
[2023-12-18T19:34:50.619+0100][213.124s] GC(118) Eden regions: 290->0(290)
[2023-12-18T19:34:50.619+0100][213.124s] GC(118) Survivor regions: 17->17(39)
[2023-12-18T19:34:50.619+0100][213.124s] GC(118) Old regions: 107->108
[2023-12-18T19:34:50.619+0100][213.124s] GC(118) Archive regions: 0->0
[2023-12-18T19:34:50.619+0100][213.124s] GC(118) Humongous regions: 4->4
[2023-12-18T19:34:50.619+0100][213.124s] GC(118) Metaspace: 62161K(62784K)->62161K(62784K) NonClass: 55157K(55488K)->55157K(55488K) Class: 7004K(7296K)->7004K(7296K)
[2023-12-18T19:34:50.619+0100][213.125s] GC(118) Pause Young (Normal) (G1 Evacuation Pause) 416M->127M(512M) 3.570ms
[2023-12-18T19:34:50.619+0100][213.125s] GC(118) User=0.00s Sys=0.00s Real=0.00s
[2023-12-18T19:34:51.412+0100][213.918s] GC(119) Pause Young (Normal) (G1 Evacuation Pause)
[2023-12-18T19:34:51.413+0100][213.918s] GC(119) Using 10 workers of 10 for evacuation
[2023-12-18T19:34:51.416+0100][213.921s] GC(119)   Pre Evacuate Collection Set: 0.1ms
[2023-12-18T19:34:51.416+0100][213.921s] GC(119)   Merge Heap Roots: 0.1ms
[2023-12-18T19:34:51.416+0100][213.921s] GC(119)   Evacuate Collection Set: 2.2ms
[2023-12-18T19:34:51.416+0100][213.921s] GC(119)   Post Evacuate Collection Set: 0.6ms
[2023-12-18T19:34:51.416+0100][213.921s] GC(119)   Other: 0.1ms
[2023-12-18T19:34:51.416+0100][213.921s] GC(119) Eden regions: 290->0(291)
[2023-12-18T19:34:51.416+0100][213.921s] GC(119) Survivor regions: 17->16(39)
[2023-12-18T19:34:51.416+0100][213.921s] GC(119) Old regions: 108->109
[2023-12-18T19:34:51.416+0100][213.921s] GC(119) Archive regions: 0->0
[2023-12-18T19:34:51.416+0100][213.921s] GC(119) Humongous regions: 4->4
[2023-12-18T19:34:51.416+0100][213.921s] GC(119) Metaspace: 62161K(62784K)->62161K(62784K) NonClass: 55157K(55488K)->55157K(55488K) Class: 7004K(7296K)->7004K(7296K)
[2023-12-18T19:34:51.416+0100][213.921s] GC(119) Pause Young (Normal) (G1 Evacuation Pause) 417M->127M(512M) 3.253ms
[2023-12-18T19:34:51.416+0100][213.921s] GC(119) User=0.00s Sys=0.00s Real=0.00s
[2023-12-18T19:34:52.242+0100][214.747s] GC(120) Pause Young (Normal) (G1 Evacuation Pause)
[2023-12-18T19:34:52.242+0100][214.747s] GC(120) Using 10 workers of 10 for evacuation
[2023-12-18T19:34:52.245+0100][214.750s] GC(120)   Pre Evacuate Collection Set: 0.1ms
[2023-12-18T19:34:52.245+0100][214.750s] GC(120)   Merge Heap Roots: 0.1ms
[2023-12-18T19:34:52.245+0100][214.750s] GC(120)   Evacuate Collection Set: 2.2ms
[2023-12-18T19:34:52.245+0100][214.750s] GC(120)   Post Evacuate Collection Set: 0.6ms
[2023-12-18T19:34:52.245+0100][214.750s] GC(120)   Other: 0.1ms
[2023-12-18T19:34:52.245+0100][214.750s] GC(120) Eden regions: 291->0(291)
[2023-12-18T19:34:52.245+0100][214.750s] GC(120) Survivor regions: 16->16(39)
[2023-12-18T19:34:52.245+0100][214.750s] GC(120) Old regions: 109->110
[2023-12-18T19:34:52.245+0100][214.750s] GC(120) Archive regions: 0->0
[2023-12-18T19:34:52.245+0100][214.750s] GC(120) Humongous regions: 4->4
[2023-12-18T19:34:52.245+0100][214.750s] GC(120) Metaspace: 62161K(62784K)->62161K(62784K) NonClass: 55157K(55488K)->55157K(55488K) Class: 7004K(7296K)->7004K(7296K)
[2023-12-18T19:34:52.245+0100][214.750s] GC(120) Pause Young (Normal) (G1 Evacuation Pause) 418M->129M(512M) 3.338ms
[2023-12-18T19:34:52.245+0100][214.750s] GC(120) User=0.00s Sys=0.00s Real=0.00s
[2023-12-18T20:53:32.974+0100][4935.480s] GC(121) Pause Young (Concurrent Start) (CodeCache GC Threshold)
[2023-12-18T20:53:32.974+0100][4935.480s] GC(121) Using 10 workers of 10 for evacuation
[2023-12-18T20:53:32.978+0100][4935.484s] GC(121)   Pre Evacuate Collection Set: 0.2ms
[2023-12-18T20:53:32.978+0100][4935.484s] GC(121)   Merge Heap Roots: 0.1ms
[2023-12-18T20:53:32.978+0100][4935.484s] GC(121)   Evacuate Collection Set: 3.0ms
[2023-12-18T20:53:32.978+0100][4935.484s] GC(121)   Post Evacuate Collection Set: 0.7ms
[2023-12-18T20:53:32.978+0100][4935.484s] GC(121)   Other: 0.1ms
[2023-12-18T20:53:32.978+0100][4935.484s] GC(121) Eden regions: 258->0(292)
[2023-12-18T20:53:32.978+0100][4935.484s] GC(121) Survivor regions: 16->15(39)
[2023-12-18T20:53:32.978+0100][4935.484s] GC(121) Old regions: 110->110
[2023-12-18T20:53:32.978+0100][4935.484s] GC(121) Archive regions: 0->0
[2023-12-18T20:53:32.978+0100][4935.484s] GC(121) Humongous regions: 4->4
[2023-12-18T20:53:32.978+0100][4935.484s] GC(121) Metaspace: 62626K(63296K)->62626K(63296K) NonClass: 55575K(55936K)->55575K(55936K) Class: 7050K(7360K)->7050K(7360K)
[2023-12-18T20:53:32.978+0100][4935.484s] GC(121) Pause Young (Concurrent Start) (CodeCache GC Threshold) 387M->128M(512M) 4.353ms
[2023-12-18T20:53:32.978+0100][4935.484s] GC(121) User=0.00s Sys=0.00s Real=0.00s
[2023-12-18T20:53:32.978+0100][4935.484s] GC(122) Concurrent Mark Cycle
[2023-12-18T20:53:32.978+0100][4935.484s] GC(122) Concurrent Clear Claimed Marks
[2023-12-18T20:53:32.978+0100][4935.484s] GC(122) Concurrent Clear Claimed Marks 0.063ms
[2023-12-18T20:53:32.978+0100][4935.484s] GC(122) Concurrent Scan Root Regions
[2023-12-18T20:53:32.979+0100][4935.485s] GC(122) Concurrent Scan Root Regions 1.080ms
[2023-12-18T20:53:32.979+0100][4935.485s] GC(122) Concurrent Mark
[2023-12-18T20:53:32.979+0100][4935.485s] GC(122) Concurrent Mark From Roots
[2023-12-18T20:53:32.979+0100][4935.485s] GC(122) Using 3 workers of 3 for marking
[2023-12-18T20:53:33.002+0100][4935.508s] GC(122) Concurrent Mark From Roots 22.190ms
[2023-12-18T20:53:33.002+0100][4935.508s] GC(122) Concurrent Preclean
[2023-12-18T20:53:33.002+0100][4935.508s] GC(122) Concurrent Preclean 0.607ms
[2023-12-18T20:53:33.002+0100][4935.508s] GC(122) Pause Remark
[2023-12-18T20:53:33.011+0100][4935.517s] GC(122) Pause Remark 129M->129M(512M) 8.976ms
[2023-12-18T20:53:33.012+0100][4935.517s] GC(122) User=0.00s Sys=0.00s Real=0.01s
[2023-12-18T20:53:33.012+0100][4935.517s] GC(122) Concurrent Mark 32.058ms
[2023-12-18T20:53:33.012+0100][4935.517s] GC(122) Concurrent Rebuild Remembered Sets
[2023-12-18T20:53:33.023+0100][4935.528s] GC(122) Concurrent Rebuild Remembered Sets 10.935ms
[2023-12-18T20:53:33.023+0100][4935.529s] GC(122) Pause Cleanup
[2023-12-18T20:53:33.023+0100][4935.529s] GC(122) Pause Cleanup 129M->129M(512M) 0.153ms
[2023-12-18T20:53:33.023+0100][4935.529s] GC(122) User=0.00s Sys=0.00s Real=0.00s
[2023-12-18T20:53:33.023+0100][4935.529s] GC(122) Concurrent Cleanup for Next Mark
[2023-12-18T20:53:33.024+0100][4935.530s] GC(122) Concurrent Cleanup for Next Mark 1.033ms
[2023-12-18T20:53:33.024+0100][4935.530s] GC(122) Concurrent Mark Cycle 45.706ms
[2023-12-18T20:55:24.202+0100][5046.707s] GC(123) Pause Young (Prepare Mixed) (G1 Evacuation Pause)
[2023-12-18T20:55:24.202+0100][5046.708s] GC(123) Using 10 workers of 10 for evacuation
[2023-12-18T20:55:24.204+0100][5046.710s] GC(123)   Pre Evacuate Collection Set: 0.1ms
[2023-12-18T20:55:24.204+0100][5046.710s] GC(123)   Merge Heap Roots: 0.1ms
[2023-12-18T20:55:24.204+0100][5046.710s] GC(123)   Evacuate Collection Set: 1.4ms
[2023-12-18T20:55:24.204+0100][5046.710s] GC(123)   Post Evacuate Collection Set: 0.4ms
[2023-12-18T20:55:24.204+0100][5046.710s] GC(123)   Other: 0.1ms
[2023-12-18T20:55:24.204+0100][5046.710s] GC(123) Eden regions: 292->0(21)
[2023-12-18T20:55:24.204+0100][5046.710s] GC(123) Survivor regions: 15->4(39)
[2023-12-18T20:55:24.204+0100][5046.710s] GC(123) Old regions: 110->111
[2023-12-18T20:55:24.204+0100][5046.710s] GC(123) Archive regions: 0->0
[2023-12-18T20:55:24.204+0100][5046.710s] GC(123) Humongous regions: 4->4
[2023-12-18T20:55:24.204+0100][5046.710s] GC(123) Metaspace: 62360K(63296K)->62360K(63296K) NonClass: 55388K(55936K)->55388K(55936K) Class: 6971K(7360K)->6971K(7360K)
[2023-12-18T20:55:24.204+0100][5046.710s] GC(123) Pause Young (Prepare Mixed) (G1 Evacuation Pause) 420M->117M(512M) 2.265ms
[2023-12-18T20:55:24.204+0100][5046.710s] GC(123) User=0.14s Sys=0.02s Real=0.00s
[2023-12-18T20:55:24.238+0100][5046.744s] GC(124) Pause Young (Mixed) (G1 Evacuation Pause)
[2023-12-18T20:55:24.238+0100][5046.744s] GC(124) Using 10 workers of 10 for evacuation
[2023-12-18T20:55:24.240+0100][5046.745s] GC(124)   Pre Evacuate Collection Set: 0.0ms
[2023-12-18T20:55:24.240+0100][5046.745s] GC(124)   Merge Heap Roots: 0.1ms
[2023-12-18T20:55:24.240+0100][5046.745s] GC(124)   Evacuate Collection Set: 1.0ms
[2023-12-18T20:55:24.240+0100][5046.745s] GC(124)   Post Evacuate Collection Set: 0.5ms
[2023-12-18T20:55:24.240+0100][5046.745s] GC(124)   Other: 0.1ms
[2023-12-18T20:55:24.240+0100][5046.745s] GC(124) Eden regions: 21->0(305)
[2023-12-18T20:55:24.240+0100][5046.745s] GC(124) Survivor regions: 4->2(4)
[2023-12-18T20:55:24.240+0100][5046.745s] GC(124) Old regions: 111->68
[2023-12-18T20:55:24.240+0100][5046.745s] GC(124) Archive regions: 0->0
[2023-12-18T20:55:24.240+0100][5046.745s] GC(124) Humongous regions: 4->4
[2023-12-18T20:55:24.240+0100][5046.745s] GC(124) Metaspace: 62360K(63296K)->62360K(63296K) NonClass: 55388K(55936K)->55388K(55936K) Class: 6971K(7360K)->6971K(7360K)
[2023-12-18T20:55:24.240+0100][5046.745s] GC(124) Pause Young (Mixed) (G1 Evacuation Pause) 138M->72M(512M) 1.832ms
[2023-12-18T20:55:24.240+0100][5046.745s] GC(124) User=0.00s Sys=0.00s Real=0.00s
[2023-12-18T20:55:24.703+0100][5047.209s] GC(125) Pause Young (Normal) (G1 Evacuation Pause)
[2023-12-18T20:55:24.703+0100][5047.209s] GC(125) Using 10 workers of 10 for evacuation
[2023-12-18T20:55:24.704+0100][5047.210s] GC(125)   Pre Evacuate Collection Set: 0.1ms
[2023-12-18T20:55:24.704+0100][5047.210s] GC(125)   Merge Heap Roots: 0.1ms
[2023-12-18T20:55:24.704+0100][5047.210s] GC(125)   Evacuate Collection Set: 0.5ms
[2023-12-18T20:55:24.704+0100][5047.210s] GC(125)   Post Evacuate Collection Set: 0.4ms
[2023-12-18T20:55:24.704+0100][5047.210s] GC(125)   Other: 0.1ms
[2023-12-18T20:55:24.705+0100][5047.210s] GC(125) Eden regions: 305->0(305)
[2023-12-18T20:55:24.705+0100][5047.210s] GC(125) Survivor regions: 2->2(39)
[2023-12-18T20:55:24.705+0100][5047.210s] GC(125) Old regions: 68->68
[2023-12-18T20:55:24.705+0100][5047.210s] GC(125) Archive regions: 0->0
[2023-12-18T20:55:24.705+0100][5047.210s] GC(125) Humongous regions: 4->4
[2023-12-18T20:55:24.705+0100][5047.210s] GC(125) Metaspace: 62365K(63296K)->62365K(63296K) NonClass: 55393K(55936K)->55393K(55936K) Class: 6972K(7360K)->6972K(7360K)
[2023-12-18T20:55:24.705+0100][5047.210s] GC(125) Pause Young (Normal) (G1 Evacuation Pause) 377M->72M(512M) 1.458ms
[2023-12-18T20:55:24.705+0100][5047.210s] GC(125) User=0.16s Sys=0.00s Real=0.00s
[2023-12-18T20:55:25.152+0100][5047.658s] GC(126) Pause Young (Normal) (G1 Evacuation Pause)
[2023-12-18T20:55:25.152+0100][5047.658s] GC(126) Using 10 workers of 10 for evacuation
[2023-12-18T20:55:25.153+0100][5047.659s] GC(126)   Pre Evacuate Collection Set: 0.1ms
[2023-12-18T20:55:25.153+0100][5047.659s] GC(126)   Merge Heap Roots: 0.1ms
[2023-12-18T20:55:25.153+0100][5047.659s] GC(126)   Evacuate Collection Set: 0.5ms
[2023-12-18T20:55:25.153+0100][5047.659s] GC(126)   Post Evacuate Collection Set: 0.4ms
[2023-12-18T20:55:25.153+0100][5047.659s] GC(126)   Other: 0.1ms
[2023-12-18T20:55:25.153+0100][5047.659s] GC(126) Eden regions: 305->0(305)
[2023-12-18T20:55:25.153+0100][5047.659s] GC(126) Survivor regions: 2->2(39)
[2023-12-18T20:55:25.153+0100][5047.659s] GC(126) Old regions: 68->68
[2023-12-18T20:55:25.153+0100][5047.659s] GC(126) Archive regions: 0->0
[2023-12-18T20:55:25.153+0100][5047.659s] GC(126) Humongous regions: 4->4
[2023-12-18T20:55:25.153+0100][5047.659s] GC(126) Metaspace: 62376K(63296K)->62376K(63296K) NonClass: 55404K(55936K)->55404K(55936K) Class: 6972K(7360K)->6972K(7360K)
[2023-12-18T20:55:25.153+0100][5047.659s] GC(126) Pause Young (Normal) (G1 Evacuation Pause) 377M->72M(512M) 1.403ms
[2023-12-18T20:55:25.153+0100][5047.659s] GC(126) User=0.00s Sys=0.00s Real=0.00s
[2023-12-18T20:55:25.586+0100][5048.092s] GC(127) Pause Young (Concurrent Start) (G1 Evacuation Pause)
[2023-12-18T20:55:25.586+0100][5048.092s] GC(127) Using 10 workers of 10 for evacuation
[2023-12-18T20:55:25.588+0100][5048.093s] GC(127)   Pre Evacuate Collection Set: 0.1ms
[2023-12-18T20:55:25.588+0100][5048.093s] GC(127)   Merge Heap Roots: 0.1ms
[2023-12-18T20:55:25.588+0100][5048.093s] GC(127)   Evacuate Collection Set: 0.8ms
[2023-12-18T20:55:25.588+0100][5048.093s] GC(127)   Post Evacuate Collection Set: 0.6ms
[2023-12-18T20:55:25.588+0100][5048.093s] GC(127)   Other: 0.1ms
[2023-12-18T20:55:25.588+0100][5048.093s] GC(127) Eden regions: 305->0(305)
[2023-12-18T20:55:25.588+0100][5048.093s] GC(127) Survivor regions: 2->2(39)
[2023-12-18T20:55:25.588+0100][5048.093s] GC(127) Old regions: 68->68
[2023-12-18T20:55:25.588+0100][5048.093s] GC(127) Archive regions: 0->0
[2023-12-18T20:55:25.588+0100][5048.093s] GC(127) Humongous regions: 4->4
[2023-12-18T20:55:25.588+0100][5048.093s] GC(127) Metaspace: 62377K(63296K)->62377K(63296K) NonClass: 55405K(55936K)->55405K(55936K) Class: 6972K(7360K)->6972K(7360K)
[2023-12-18T20:55:25.588+0100][5048.093s] GC(127) Pause Young (Concurrent Start) (G1 Evacuation Pause) 377M->72M(512M) 1.788ms
[2023-12-18T20:55:25.588+0100][5048.093s] GC(128) Concurrent Mark Cycle
[2023-12-18T20:55:25.588+0100][5048.093s] GC(127) User=0.00s Sys=0.00s Real=0.00s
[2023-12-18T20:55:25.588+0100][5048.093s] GC(128) Concurrent Clear Claimed Marks
[2023-12-18T20:55:25.588+0100][5048.094s] GC(128) Concurrent Clear Claimed Marks 0.140ms
[2023-12-18T20:55:25.588+0100][5048.094s] GC(128) Concurrent Scan Root Regions
[2023-12-18T20:55:25.589+0100][5048.094s] GC(128) Concurrent Scan Root Regions 0.797ms
[2023-12-18T20:55:25.589+0100][5048.094s] GC(128) Concurrent Mark
[2023-12-18T20:55:25.589+0100][5048.094s] GC(128) Concurrent Mark From Roots
[2023-12-18T20:55:25.589+0100][5048.094s] GC(128) Using 3 workers of 3 for marking
[2023-12-18T20:55:25.607+0100][5048.112s] GC(128) Concurrent Mark From Roots 17.884ms
[2023-12-18T20:55:25.607+0100][5048.112s] GC(128) Concurrent Preclean
[2023-12-18T20:55:25.607+0100][5048.112s] GC(128) Concurrent Preclean 0.138ms
[2023-12-18T20:55:25.607+0100][5048.113s] GC(128) Pause Remark
[2023-12-18T20:55:25.610+0100][5048.116s] GC(128) Pause Remark 85M->85M(512M) 2.894ms
[2023-12-18T20:55:25.610+0100][5048.116s] GC(128) User=0.16s Sys=0.00s Real=0.00s
[2023-12-18T20:55:25.610+0100][5048.116s] GC(128) Concurrent Mark 21.258ms
[2023-12-18T20:55:25.610+0100][5048.116s] GC(128) Concurrent Rebuild Remembered Sets
[2023-12-18T20:55:25.619+0100][5048.125s] GC(128) Concurrent Rebuild Remembered Sets 8.881ms
[2023-12-18T20:55:25.619+0100][5048.125s] GC(128) Pause Cleanup
[2023-12-18T20:55:25.620+0100][5048.125s] GC(128) Pause Cleanup 91M->91M(512M) 0.184ms
[2023-12-18T20:55:25.620+0100][5048.125s] GC(128) User=0.00s Sys=0.00s Real=0.00s
[2023-12-18T20:55:25.620+0100][5048.125s] GC(128) Concurrent Cleanup for Next Mark
[2023-12-18T20:55:25.621+0100][5048.126s] GC(128) Concurrent Cleanup for Next Mark 0.919ms
[2023-12-18T20:55:25.621+0100][5048.126s] GC(128) Concurrent Mark Cycle 32.504ms
[2023-12-18T20:55:26.020+0100][5048.526s] GC(129) Pause Young (Prepare Mixed) (G1 Evacuation Pause)
[2023-12-18T20:55:26.020+0100][5048.526s] GC(129) Using 10 workers of 10 for evacuation
[2023-12-18T20:55:26.021+0100][5048.527s] GC(129)   Pre Evacuate Collection Set: 0.1ms
[2023-12-18T20:55:26.021+0100][5048.527s] GC(129)   Merge Heap Roots: 0.1ms
[2023-12-18T20:55:26.021+0100][5048.527s] GC(129)   Evacuate Collection Set: 0.5ms
[2023-12-18T20:55:26.021+0100][5048.527s] GC(129)   Post Evacuate Collection Set: 0.6ms
[2023-12-18T20:55:26.021+0100][5048.527s] GC(129)   Other: 0.1ms
[2023-12-18T20:55:26.021+0100][5048.527s] GC(129) Eden regions: 305->0(23)
[2023-12-18T20:55:26.021+0100][5048.527s] GC(129) Survivor regions: 2->2(39)
[2023-12-18T20:55:26.021+0100][5048.527s] GC(129) Old regions: 68->68
[2023-12-18T20:55:26.021+0100][5048.527s] GC(129) Archive regions: 0->0
[2023-12-18T20:55:26.021+0100][5048.527s] GC(129) Humongous regions: 4->4
[2023-12-18T20:55:26.021+0100][5048.527s] GC(129) Metaspace: 62383K(63296K)->62383K(63296K) NonClass: 55411K(55936K)->55411K(55936K) Class: 6972K(7360K)->6972K(7360K)
[2023-12-18T20:55:26.021+0100][5048.527s] GC(129) Pause Young (Prepare Mixed) (G1 Evacuation Pause) 377M->72M(512M) 1.556ms
[2023-12-18T20:55:26.021+0100][5048.527s] GC(129) User=0.00s Sys=0.00s Real=0.00s
[2023-12-18T20:55:26.053+0100][5048.559s] GC(130) Pause Young (Mixed) (G1 Evacuation Pause)
[2023-12-18T20:55:26.053+0100][5048.559s] GC(130) Using 10 workers of 10 for evacuation
[2023-12-18T20:55:26.054+0100][5048.560s] GC(130)   Pre Evacuate Collection Set: 0.1ms
[2023-12-18T20:55:26.054+0100][5048.560s] GC(130)   Merge Heap Roots: 0.1ms
[2023-12-18T20:55:26.054+0100][5048.560s] GC(130)   Evacuate Collection Set: 0.5ms
[2023-12-18T20:55:26.054+0100][5048.560s] GC(130)   Post Evacuate Collection Set: 0.3ms
[2023-12-18T20:55:26.054+0100][5048.560s] GC(130)   Other: 0.0ms
[2023-12-18T20:55:26.054+0100][5048.560s] GC(130) Eden regions: 23->0(305)
[2023-12-18T20:55:26.054+0100][5048.560s] GC(130) Survivor regions: 2->2(4)
[2023-12-18T20:55:26.054+0100][5048.560s] GC(130) Old regions: 68->62
[2023-12-18T20:55:26.054+0100][5048.560s] GC(130) Archive regions: 0->0
[2023-12-18T20:55:26.054+0100][5048.560s] GC(130) Humongous regions: 4->4
[2023-12-18T20:55:26.054+0100][5048.560s] GC(130) Metaspace: 62383K(63296K)->62383K(63296K) NonClass: 55411K(55936K)->55411K(55936K) Class: 6972K(7360K)->6972K(7360K)
[2023-12-18T20:55:26.054+0100][5048.560s] GC(130) Pause Young (Mixed) (G1 Evacuation Pause) 95M->66M(512M) 1.234ms
[2023-12-18T20:55:26.054+0100][5048.560s] GC(130) User=0.00s Sys=0.00s Real=0.00s
[2023-12-18T20:55:26.473+0100][5048.979s] GC(131) Pause Young (Normal) (G1 Evacuation Pause)
[2023-12-18T20:55:26.474+0100][5048.979s] GC(131) Using 10 workers of 10 for evacuation
[2023-12-18T20:55:26.475+0100][5048.981s] GC(131)   Pre Evacuate Collection Set: 0.1ms
[2023-12-18T20:55:26.475+0100][5048.981s] GC(131)   Merge Heap Roots: 0.1ms
[2023-12-18T20:55:26.475+0100][5048.981s] GC(131)   Evacuate Collection Set: 0.5ms
[2023-12-18T20:55:26.475+0100][5048.981s] GC(131)   Post Evacuate Collection Set: 0.4ms
[2023-12-18T20:55:26.475+0100][5048.981s] GC(131)   Other: 0.1ms
[2023-12-18T20:55:26.475+0100][5048.981s] GC(131) Eden regions: 305->0(305)
[2023-12-18T20:55:26.475+0100][5048.981s] GC(131) Survivor regions: 2->2(39)
[2023-12-18T20:55:26.475+0100][5048.981s] GC(131) Old regions: 62->62
[2023-12-18T20:55:26.475+0100][5048.981s] GC(131) Archive regions: 0->0
[2023-12-18T20:55:26.475+0100][5048.981s] GC(131) Humongous regions: 4->4
[2023-12-18T20:55:26.475+0100][5048.981s] GC(131) Metaspace: 62391K(63296K)->62391K(63296K) NonClass: 55419K(55936K)->55419K(55936K) Class: 6972K(7360K)->6972K(7360K)
[2023-12-18T20:55:26.475+0100][5048.981s] GC(131) Pause Young (Normal) (G1 Evacuation Pause) 371M->66M(512M) 1.371ms
[2023-12-18T20:55:26.475+0100][5048.981s] GC(131) User=0.00s Sys=0.00s Real=0.00s
[2023-12-18T21:17:14.498+0100][6357.003s] GC(132) Pause Young (Concurrent Start) (CodeCache GC Threshold)
[2023-12-18T21:17:14.498+0100][6357.004s] GC(132) Using 10 workers of 10 for evacuation
[2023-12-18T21:17:14.500+0100][6357.005s] GC(132)   Pre Evacuate Collection Set: 0.2ms
[2023-12-18T21:17:14.500+0100][6357.005s] GC(132)   Merge Heap Roots: 0.1ms
[2023-12-18T21:17:14.500+0100][6357.005s] GC(132)   Evacuate Collection Set: 1.0ms
[2023-12-18T21:17:14.500+0100][6357.005s] GC(132)   Post Evacuate Collection Set: 0.5ms
[2023-12-18T21:17:14.500+0100][6357.005s] GC(132)   Other: 0.0ms
[2023-12-18T21:17:14.500+0100][6357.005s] GC(132) Eden regions: 256->0(303)
[2023-12-18T21:17:14.500+0100][6357.005s] GC(132) Survivor regions: 2->4(39)
[2023-12-18T21:17:14.500+0100][6357.005s] GC(132) Old regions: 62->62
[2023-12-18T21:17:14.500+0100][6357.005s] GC(132) Archive regions: 0->0
[2023-12-18T21:17:14.500+0100][6357.005s] GC(132) Humongous regions: 4->4
[2023-12-18T21:17:14.500+0100][6357.005s] GC(132) Metaspace: 62536K(63360K)->62536K(63360K) NonClass: 55542K(56000K)->55542K(56000K) Class: 6993K(7360K)->6993K(7360K)
[2023-12-18T21:17:14.500+0100][6357.005s] GC(132) Pause Young (Concurrent Start) (CodeCache GC Threshold) 322M->69M(512M) 2.014ms
[2023-12-18T21:17:14.500+0100][6357.006s] GC(132) User=0.00s Sys=0.00s Real=0.00s
[2023-12-18T21:17:14.500+0100][6357.006s] GC(133) Concurrent Mark Cycle
[2023-12-18T21:17:14.500+0100][6357.006s] GC(133) Concurrent Clear Claimed Marks
[2023-12-18T21:17:14.500+0100][6357.006s] GC(133) Concurrent Clear Claimed Marks 0.068ms
[2023-12-18T21:17:14.500+0100][6357.006s] GC(133) Concurrent Scan Root Regions
[2023-12-18T21:17:14.501+0100][6357.007s] GC(133) Concurrent Scan Root Regions 0.911ms
[2023-12-18T21:17:14.501+0100][6357.007s] GC(133) Concurrent Mark
[2023-12-18T21:17:14.501+0100][6357.007s] GC(133) Concurrent Mark From Roots
[2023-12-18T21:17:14.501+0100][6357.007s] GC(133) Using 3 workers of 3 for marking
[2023-12-18T21:17:14.521+0100][6357.027s] GC(133) Concurrent Mark From Roots 20.104ms
[2023-12-18T21:17:14.521+0100][6357.027s] GC(133) Concurrent Preclean
[2023-12-18T21:17:14.521+0100][6357.027s] GC(133) Concurrent Preclean 0.138ms
[2023-12-18T21:17:14.521+0100][6357.027s] GC(133) Pause Remark
[2023-12-18T21:17:14.524+0100][6357.030s] GC(133) Pause Remark 76M->76M(512M) 2.849ms
[2023-12-18T21:17:14.524+0100][6357.030s] GC(133) User=0.00s Sys=0.00s Real=0.00s
[2023-12-18T21:17:14.524+0100][6357.030s] GC(133) Concurrent Mark 23.329ms
[2023-12-18T21:17:14.524+0100][6357.030s] GC(133) Concurrent Rebuild Remembered Sets
[2023-12-18T21:17:14.535+0100][6357.041s] GC(133) Concurrent Rebuild Remembered Sets 10.973ms
[2023-12-18T21:17:14.535+0100][6357.041s] GC(133) Pause Cleanup
[2023-12-18T21:17:14.536+0100][6357.041s] GC(133) Pause Cleanup 79M->79M(512M) 0.143ms
[2023-12-18T21:17:14.536+0100][6357.041s] GC(133) User=0.00s Sys=0.00s Real=0.00s
[2023-12-18T21:17:14.536+0100][6357.041s] GC(133) Concurrent Cleanup for Next Mark
[2023-12-18T21:17:14.537+0100][6357.042s] GC(133) Concurrent Cleanup for Next Mark 1.141ms
[2023-12-18T21:17:14.537+0100][6357.042s] GC(133) Concurrent Mark Cycle 36.926ms
[2023-12-18T21:17:14.586+0100][6357.091s] GC(134) Pause Young (Concurrent Start) (CodeCache GC Threshold)
[2023-12-18T21:17:14.586+0100][6357.091s] GC(134) Using 10 workers of 10 for evacuation
[2023-12-18T21:17:14.588+0100][6357.093s] GC(134)   Pre Evacuate Collection Set: 0.1ms
[2023-12-18T21:17:14.588+0100][6357.093s] GC(134)   Merge Heap Roots: 0.1ms
[2023-12-18T21:17:14.588+0100][6357.093s] GC(134)   Evacuate Collection Set: 0.9ms
[2023-12-18T21:17:14.588+0100][6357.093s] GC(134)   Post Evacuate Collection Set: 0.3ms
[2023-12-18T21:17:14.588+0100][6357.093s] GC(134)   Other: 0.0ms
[2023-12-18T21:17:14.588+0100][6357.093s] GC(134) Eden regions: 34->0(303)
[2023-12-18T21:17:14.588+0100][6357.093s] GC(134) Survivor regions: 4->4(39)
[2023-12-18T21:17:14.588+0100][6357.093s] GC(134) Old regions: 62->62
[2023-12-18T21:17:14.588+0100][6357.093s] GC(134) Archive regions: 0->0
[2023-12-18T21:17:14.588+0100][6357.093s] GC(134) Humongous regions: 4->4
[2023-12-18T21:17:14.588+0100][6357.093s] GC(134) Metaspace: 62536K(63360K)->62536K(63360K) NonClass: 55542K(56000K)->55542K(56000K) Class: 6993K(7360K)->6993K(7360K)
[2023-12-18T21:17:14.588+0100][6357.093s] GC(134) Pause Young (Concurrent Start) (CodeCache GC Threshold) 102M->69M(512M) 1.551ms
[2023-12-18T21:17:14.588+0100][6357.093s] GC(135) Concurrent Mark Cycle
[2023-12-18T21:17:14.588+0100][6357.093s] GC(134) User=0.00s Sys=0.00s Real=0.00s
[2023-12-18T21:17:14.588+0100][6357.093s] GC(135) Concurrent Clear Claimed Marks
[2023-12-18T21:17:14.588+0100][6357.093s] GC(135) Concurrent Clear Claimed Marks 0.072ms
[2023-12-18T21:17:14.588+0100][6357.093s] GC(135) Concurrent Scan Root Regions
[2023-12-18T21:17:14.589+0100][6357.094s] GC(135) Concurrent Scan Root Regions 1.121ms
[2023-12-18T21:17:14.589+0100][6357.094s] GC(135) Concurrent Mark
[2023-12-18T21:17:14.589+0100][6357.094s] GC(135) Concurrent Mark From Roots
[2023-12-18T21:17:14.589+0100][6357.094s] GC(135) Using 3 workers of 3 for marking
[2023-12-18T21:17:14.609+0100][6357.114s] GC(135) Concurrent Mark From Roots 19.565ms
[2023-12-18T21:17:14.609+0100][6357.114s] GC(135) Concurrent Preclean
[2023-12-18T21:17:14.609+0100][6357.114s] GC(135) Concurrent Preclean 0.147ms
[2023-12-18T21:17:14.609+0100][6357.114s] GC(135) Pause Remark
[2023-12-18T21:17:14.612+0100][6357.117s] GC(135) Pause Remark 74M->74M(512M) 3.346ms
[2023-12-18T21:17:14.612+0100][6357.117s] GC(135) User=0.17s Sys=0.00s Real=0.00s
[2023-12-18T21:17:14.612+0100][6357.117s] GC(135) Concurrent Mark 23.306ms
[2023-12-18T21:17:14.612+0100][6357.117s] GC(135) Concurrent Rebuild Remembered Sets
[2023-12-18T21:17:14.622+0100][6357.127s] GC(135) Concurrent Rebuild Remembered Sets 9.321ms
[2023-12-18T21:17:14.622+0100][6357.127s] GC(135) Pause Cleanup
[2023-12-18T21:17:14.622+0100][6357.127s] GC(135) Pause Cleanup 76M->76M(512M) 0.145ms
[2023-12-18T21:17:14.622+0100][6357.127s] GC(135) User=0.00s Sys=0.00s Real=0.00s
[2023-12-18T21:17:14.622+0100][6357.127s] GC(135) Concurrent Cleanup for Next Mark
[2023-12-18T21:17:14.623+0100][6357.128s] GC(135) Concurrent Cleanup for Next Mark 1.172ms
[2023-12-18T21:17:14.623+0100][6357.128s] GC(135) Concurrent Mark Cycle 35.524ms
[2023-12-18T21:17:15.512+0100][6358.018s] GC(136) Pause Young (Prepare Mixed) (G1 Evacuation Pause)
[2023-12-18T21:17:15.513+0100][6358.018s] GC(136) Using 10 workers of 10 for evacuation
[2023-12-18T21:17:15.514+0100][6358.020s] GC(136)   Pre Evacuate Collection Set: 0.1ms
[2023-12-18T21:17:15.514+0100][6358.020s] GC(136)   Merge Heap Roots: 0.1ms
[2023-12-18T21:17:15.514+0100][6358.020s] GC(136)   Evacuate Collection Set: 1.3ms
[2023-12-18T21:17:15.514+0100][6358.020s] GC(136)   Post Evacuate Collection Set: 0.4ms
[2023-12-18T21:17:15.514+0100][6358.020s] GC(136)   Other: 0.1ms
[2023-12-18T21:17:15.514+0100][6358.020s] GC(136) Eden regions: 303->0(19)
[2023-12-18T21:17:15.514+0100][6358.020s] GC(136) Survivor regions: 4->6(39)
[2023-12-18T21:17:15.514+0100][6358.020s] GC(136) Old regions: 62->62
[2023-12-18T21:17:15.514+0100][6358.020s] GC(136) Archive regions: 0->0
[2023-12-18T21:17:15.514+0100][6358.020s] GC(136) Humongous regions: 4->4
[2023-12-18T21:17:15.514+0100][6358.020s] GC(136) Metaspace: 62544K(63360K)->62544K(63360K) NonClass: 55550K(56000K)->55550K(56000K) Class: 6994K(7360K)->6994K(7360K)
[2023-12-18T21:17:15.514+0100][6358.020s] GC(136) Pause Young (Prepare Mixed) (G1 Evacuation Pause) 372M->71M(512M) 2.097ms
[2023-12-18T21:17:15.514+0100][6358.020s] GC(136) User=0.00s Sys=0.00s Real=0.00s
[2023-12-18T21:17:15.577+0100][6358.082s] GC(137) Pause Young (Mixed) (G1 Evacuation Pause)
[2023-12-18T21:17:15.577+0100][6358.082s] GC(137) Using 10 workers of 10 for evacuation
[2023-12-18T21:17:15.578+0100][6358.084s] GC(137)   Pre Evacuate Collection Set: 0.0ms
[2023-12-18T21:17:15.578+0100][6358.084s] GC(137)   Merge Heap Roots: 0.0ms
[2023-12-18T21:17:15.578+0100][6358.084s] GC(137)   Evacuate Collection Set: 1.1ms
[2023-12-18T21:17:15.578+0100][6358.084s] GC(137)   Post Evacuate Collection Set: 0.2ms
[2023-12-18T21:17:15.578+0100][6358.084s] GC(137)   Other: 0.1ms
[2023-12-18T21:17:15.578+0100][6358.084s] GC(137) Eden regions: 19->0(304)
[2023-12-18T21:17:15.578+0100][6358.084s] GC(137) Survivor regions: 6->3(4)
[2023-12-18T21:17:15.578+0100][6358.084s] GC(137) Old regions: 62->60
[2023-12-18T21:17:15.578+0100][6358.084s] GC(137) Archive regions: 0->0
[2023-12-18T21:17:15.578+0100][6358.084s] GC(137) Humongous regions: 4->4
[2023-12-18T21:17:15.578+0100][6358.084s] GC(137) Metaspace: 62544K(63360K)->62544K(63360K) NonClass: 55550K(56000K)->55550K(56000K) Class: 6994K(7360K)->6994K(7360K)
[2023-12-18T21:17:15.578+0100][6358.084s] GC(137) Pause Young (Mixed) (G1 Evacuation Pause) 90M->65M(512M) 1.598ms
[2023-12-18T21:17:15.578+0100][6358.084s] GC(137) User=0.00s Sys=0.00s Real=0.00s
[2023-12-18T21:17:16.445+0100][6358.951s] GC(138) Pause Young (Normal) (G1 Evacuation Pause)
[2023-12-18T21:17:16.446+0100][6358.951s] GC(138) Using 10 workers of 10 for evacuation
[2023-12-18T21:17:16.446+0100][6358.952s] GC(138)   Pre Evacuate Collection Set: 0.0ms
[2023-12-18T21:17:16.446+0100][6358.952s] GC(138)   Merge Heap Roots: 0.0ms
[2023-12-18T21:17:16.446+0100][6358.952s] GC(138)   Evacuate Collection Set: 0.5ms
[2023-12-18T21:17:16.446+0100][6358.952s] GC(138)   Post Evacuate Collection Set: 0.2ms
[2023-12-18T21:17:16.446+0100][6358.952s] GC(138)   Other: 0.1ms
[2023-12-18T21:17:16.446+0100][6358.952s] GC(138) Eden regions: 304->0(303)
[2023-12-18T21:17:16.446+0100][6358.952s] GC(138) Survivor regions: 3->4(39)
[2023-12-18T21:17:16.446+0100][6358.952s] GC(138) Old regions: 60->60
[2023-12-18T21:17:16.446+0100][6358.952s] GC(138) Archive regions: 0->0
[2023-12-18T21:17:16.447+0100][6358.952s] GC(138) Humongous regions: 4->4
[2023-12-18T21:17:16.447+0100][6358.952s] GC(138) Metaspace: 62544K(63360K)->62544K(63360K) NonClass: 55550K(56000K)->55550K(56000K) Class: 6994K(7360K)->6994K(7360K)
[2023-12-18T21:17:16.447+0100][6358.953s] GC(138) Pause Young (Normal) (G1 Evacuation Pause) 369M->66M(512M) 1.066ms
[2023-12-18T21:17:16.447+0100][6358.953s] GC(138) User=0.00s Sys=0.00s Real=0.00s
[2023-12-18T21:17:17.332+0100][6359.837s] GC(139) Pause Young (Normal) (G1 Evacuation Pause)
[2023-12-18T21:17:17.332+0100][6359.837s] GC(139) Using 10 workers of 10 for evacuation
[2023-12-18T21:17:17.333+0100][6359.838s] GC(139)   Pre Evacuate Collection Set: 0.1ms
[2023-12-18T21:17:17.333+0100][6359.838s] GC(139)   Merge Heap Roots: 0.1ms
[2023-12-18T21:17:17.333+0100][6359.838s] GC(139)   Evacuate Collection Set: 0.6ms
[2023-12-18T21:17:17.333+0100][6359.838s] GC(139)   Post Evacuate Collection Set: 0.4ms
[2023-12-18T21:17:17.333+0100][6359.838s] GC(139)   Other: 0.1ms
[2023-12-18T21:17:17.333+0100][6359.838s] GC(139) Eden regions: 303->0(303)
[2023-12-18T21:17:17.333+0100][6359.838s] GC(139) Survivor regions: 4->4(39)
[2023-12-18T21:17:17.333+0100][6359.838s] GC(139) Old regions: 60->60
[2023-12-18T21:17:17.333+0100][6359.838s] GC(139) Archive regions: 0->0
[2023-12-18T21:17:17.333+0100][6359.838s] GC(139) Humongous regions: 4->4
[2023-12-18T21:17:17.333+0100][6359.838s] GC(139) Metaspace: 62545K(63360K)->62545K(63360K) NonClass: 55550K(56000K)->55550K(56000K) Class: 6994K(7360K)->6994K(7360K)
[2023-12-18T21:17:17.333+0100][6359.838s] GC(139) Pause Young (Normal) (G1 Evacuation Pause) 369M->67M(512M) 1.324ms
[2023-12-18T21:17:17.333+0100][6359.838s] GC(139) User=0.00s Sys=0.00s Real=0.00s
[2023-12-18T21:17:18.230+0100][6360.735s] GC(140) Pause Young (Normal) (G1 Evacuation Pause)
[2023-12-18T21:17:18.230+0100][6360.735s] GC(140) Using 10 workers of 10 for evacuation
[2023-12-18T21:17:18.231+0100][6360.736s] GC(140)   Pre Evacuate Collection Set: 0.0ms
[2023-12-18T21:17:18.231+0100][6360.736s] GC(140)   Merge Heap Roots: 0.0ms
[2023-12-18T21:17:18.231+0100][6360.737s] GC(140)   Evacuate Collection Set: 0.7ms
[2023-12-18T21:17:18.231+0100][6360.737s] GC(140)   Post Evacuate Collection Set: 0.5ms
[2023-12-18T21:17:18.231+0100][6360.737s] GC(140)   Other: 0.1ms
[2023-12-18T21:17:18.231+0100][6360.737s] GC(140) Eden regions: 303->0(302)
[2023-12-18T21:17:18.231+0100][6360.737s] GC(140) Survivor regions: 4->5(39)
[2023-12-18T21:17:18.231+0100][6360.737s] GC(140) Old regions: 60->60
[2023-12-18T21:17:18.231+0100][6360.737s] GC(140) Archive regions: 0->0
[2023-12-18T21:17:18.231+0100][6360.737s] GC(140) Humongous regions: 4->4
[2023-12-18T21:17:18.231+0100][6360.737s] GC(140) Metaspace: 62546K(63360K)->62546K(63360K) NonClass: 55552K(56000K)->55552K(56000K) Class: 6994K(7360K)->6994K(7360K)
[2023-12-18T21:17:18.231+0100][6360.737s] GC(140) Pause Young (Normal) (G1 Evacuation Pause) 370M->68M(512M) 1.549ms
[2023-12-18T21:17:18.231+0100][6360.737s] GC(140) User=0.00s Sys=0.00s Real=0.00s
[2023-12-18T21:17:19.097+0100][6361.602s] GC(141) Pause Young (Normal) (G1 Evacuation Pause)
[2023-12-18T21:17:19.097+0100][6361.602s] GC(141) Using 10 workers of 10 for evacuation
[2023-12-18T21:17:19.099+0100][6361.604s] GC(141)   Pre Evacuate Collection Set: 0.1ms
[2023-12-18T21:17:19.099+0100][6361.604s] GC(141)   Merge Heap Roots: 0.1ms
[2023-12-18T21:17:19.099+0100][6361.604s] GC(141)   Evacuate Collection Set: 1.0ms
[2023-12-18T21:17:19.099+0100][6361.604s] GC(141)   Post Evacuate Collection Set: 0.4ms
[2023-12-18T21:17:19.099+0100][6361.604s] GC(141)   Other: 0.1ms
[2023-12-18T21:17:19.099+0100][6361.604s] GC(141) Eden regions: 302->0(300)
[2023-12-18T21:17:19.099+0100][6361.604s] GC(141) Survivor regions: 5->7(39)
[2023-12-18T21:17:19.099+0100][6361.604s] GC(141) Old regions: 60->60
[2023-12-18T21:17:19.099+0100][6361.604s] GC(141) Archive regions: 0->0
[2023-12-18T21:17:19.099+0100][6361.604s] GC(141) Humongous regions: 4->4
[2023-12-18T21:17:19.099+0100][6361.604s] GC(141) Metaspace: 62552K(63360K)->62552K(63360K) NonClass: 55556K(56000K)->55556K(56000K) Class: 6995K(7360K)->6995K(7360K)
[2023-12-18T21:17:19.099+0100][6361.604s] GC(141) Pause Young (Normal) (G1 Evacuation Pause) 370M->69M(512M) 1.865ms
[2023-12-18T21:17:19.099+0100][6361.604s] GC(141) User=0.00s Sys=0.00s Real=0.00s
[2023-12-18T21:17:19.943+0100][6362.449s] GC(142) Pause Young (Normal) (G1 Evacuation Pause)
[2023-12-18T21:17:19.943+0100][6362.449s] GC(142) Using 10 workers of 10 for evacuation
[2023-12-18T21:17:19.945+0100][6362.450s] GC(142)   Pre Evacuate Collection Set: 0.0ms
[2023-12-18T21:17:19.945+0100][6362.450s] GC(142)   Merge Heap Roots: 0.0ms
[2023-12-18T21:17:19.945+0100][6362.450s] GC(142)   Evacuate Collection Set: 1.0ms
[2023-12-18T21:17:19.945+0100][6362.450s] GC(142)   Post Evacuate Collection Set: 0.4ms
[2023-12-18T21:17:19.945+0100][6362.450s] GC(142)   Other: 0.1ms
[2023-12-18T21:17:19.945+0100][6362.450s] GC(142) Eden regions: 300->0(299)
[2023-12-18T21:17:19.945+0100][6362.450s] GC(142) Survivor regions: 7->8(39)
[2023-12-18T21:17:19.945+0100][6362.450s] GC(142) Old regions: 60->60
[2023-12-18T21:17:19.945+0100][6362.450s] GC(142) Archive regions: 0->0
[2023-12-18T21:17:19.945+0100][6362.450s] GC(142) Humongous regions: 4->4
[2023-12-18T21:17:19.945+0100][6362.450s] GC(142) Metaspace: 62552K(63360K)->62552K(63360K) NonClass: 55557K(56000K)->55557K(56000K) Class: 6995K(7360K)->6995K(7360K)
[2023-12-18T21:17:19.945+0100][6362.450s] GC(142) Pause Young (Normal) (G1 Evacuation Pause) 369M->70M(512M) 1.753ms
[2023-12-18T21:17:19.945+0100][6362.450s] GC(142) User=0.00s Sys=0.00s Real=0.00s
[2023-12-18T21:17:20.775+0100][6363.280s] GC(143) Pause Young (Normal) (G1 Evacuation Pause)
[2023-12-18T21:17:20.775+0100][6363.280s] GC(143) Using 10 workers of 10 for evacuation
[2023-12-18T21:17:20.777+0100][6363.282s] GC(143)   Pre Evacuate Collection Set: 0.0ms
[2023-12-18T21:17:20.777+0100][6363.282s] GC(143)   Merge Heap Roots: 0.0ms
[2023-12-18T21:17:20.777+0100][6363.282s] GC(143)   Evacuate Collection Set: 1.0ms
[2023-12-18T21:17:20.777+0100][6363.282s] GC(143)   Post Evacuate Collection Set: 0.3ms
[2023-12-18T21:17:20.777+0100][6363.282s] GC(143)   Other: 0.1ms
[2023-12-18T21:17:20.777+0100][6363.282s] GC(143) Eden regions: 299->0(299)
[2023-12-18T21:17:20.777+0100][6363.282s] GC(143) Survivor regions: 8->8(39)
[2023-12-18T21:17:20.777+0100][6363.282s] GC(143) Old regions: 60->60
[2023-12-18T21:17:20.777+0100][6363.282s] GC(143) Archive regions: 0->0
[2023-12-18T21:17:20.777+0100][6363.282s] GC(143) Humongous regions: 4->4
[2023-12-18T21:17:20.777+0100][6363.282s] GC(143) Metaspace: 62559K(63360K)->62559K(63360K) NonClass: 55563K(56000K)->55563K(56000K) Class: 6995K(7360K)->6995K(7360K)
[2023-12-18T21:17:20.777+0100][6363.282s] GC(143) Pause Young (Normal) (G1 Evacuation Pause) 369M->71M(512M) 1.628ms
[2023-12-18T21:17:20.777+0100][6363.282s] GC(143) User=0.00s Sys=0.00s Real=0.00s
[2023-12-18T21:17:21.605+0100][6364.110s] GC(144) Pause Young (Normal) (G1 Evacuation Pause)
[2023-12-18T21:17:21.605+0100][6364.110s] GC(144) Using 10 workers of 10 for evacuation
[2023-12-18T21:17:21.607+0100][6364.113s] GC(144)   Pre Evacuate Collection Set: 0.1ms
[2023-12-18T21:17:21.607+0100][6364.113s] GC(144)   Merge Heap Roots: 0.1ms
[2023-12-18T21:17:21.607+0100][6364.113s] GC(144)   Evacuate Collection Set: 1.4ms
[2023-12-18T21:17:21.607+0100][6364.113s] GC(144)   Post Evacuate Collection Set: 0.5ms
[2023-12-18T21:17:21.607+0100][6364.113s] GC(144)   Other: 0.1ms
[2023-12-18T21:17:21.607+0100][6364.113s] GC(144) Eden regions: 299->0(297)
[2023-12-18T21:17:21.607+0100][6364.113s] GC(144) Survivor regions: 8->10(39)
[2023-12-18T21:17:21.607+0100][6364.113s] GC(144) Old regions: 60->60
[2023-12-18T21:17:21.607+0100][6364.113s] GC(144) Archive regions: 0->0
[2023-12-18T21:17:21.607+0100][6364.113s] GC(144) Humongous regions: 4->4
[2023-12-18T21:17:21.607+0100][6364.113s] GC(144) Metaspace: 62559K(63360K)->62559K(63360K) NonClass: 55563K(56000K)->55563K(56000K) Class: 6995K(7360K)->6995K(7360K)
[2023-12-18T21:17:21.607+0100][6364.113s] GC(144) Pause Young (Normal) (G1 Evacuation Pause) 370M->72M(512M) 2.392ms
[2023-12-18T21:17:21.607+0100][6364.113s] GC(144) User=0.00s Sys=0.00s Real=0.00s
[2023-12-18T21:17:22.473+0100][6364.978s] GC(145) Pause Young (Normal) (G1 Evacuation Pause)
[2023-12-18T21:17:22.473+0100][6364.978s] GC(145) Using 10 workers of 10 for evacuation
[2023-12-18T21:17:22.475+0100][6364.980s] GC(145)   Pre Evacuate Collection Set: 0.1ms
[2023-12-18T21:17:22.475+0100][6364.980s] GC(145)   Merge Heap Roots: 0.1ms
[2023-12-18T21:17:22.475+0100][6364.980s] GC(145)   Evacuate Collection Set: 1.6ms
[2023-12-18T21:17:22.475+0100][6364.980s] GC(145)   Post Evacuate Collection Set: 0.5ms
[2023-12-18T21:17:22.475+0100][6364.980s] GC(145)   Other: 0.1ms
[2023-12-18T21:17:22.475+0100][6364.980s] GC(145) Eden regions: 297->0(296)
[2023-12-18T21:17:22.475+0100][6364.980s] GC(145) Survivor regions: 10->11(39)
[2023-12-18T21:17:22.475+0100][6364.980s] GC(145) Old regions: 60->60
[2023-12-18T21:17:22.475+0100][6364.980s] GC(145) Archive regions: 0->0
[2023-12-18T21:17:22.475+0100][6364.980s] GC(145) Humongous regions: 4->4
[2023-12-18T21:17:22.475+0100][6364.980s] GC(145) Metaspace: 62560K(63360K)->62560K(63360K) NonClass: 55564K(56000K)->55564K(56000K) Class: 6995K(7360K)->6995K(7360K)
[2023-12-18T21:17:22.475+0100][6364.980s] GC(145) Pause Young (Normal) (G1 Evacuation Pause) 369M->73M(512M) 2.542ms
[2023-12-18T21:17:22.475+0100][6364.980s] GC(145) User=0.00s Sys=0.00s Real=0.00s
[2023-12-18T21:17:23.269+0100][6365.775s] GC(146) Pause Young (Normal) (G1 Evacuation Pause)
[2023-12-18T21:17:23.269+0100][6365.775s] GC(146) Using 10 workers of 10 for evacuation
[2023-12-18T21:17:23.273+0100][6365.778s] GC(146)   Pre Evacuate Collection Set: 0.1ms
[2023-12-18T21:17:23.273+0100][6365.778s] GC(146)   Merge Heap Roots: 0.2ms
[2023-12-18T21:17:23.273+0100][6365.778s] GC(146)   Evacuate Collection Set: 2.1ms
[2023-12-18T21:17:23.273+0100][6365.778s] GC(146)   Post Evacuate Collection Set: 0.7ms
[2023-12-18T21:17:23.273+0100][6365.778s] GC(146)   Other: 0.1ms
[2023-12-18T21:17:23.273+0100][6365.778s] GC(146) Eden regions: 296->0(294)
[2023-12-18T21:17:23.273+0100][6365.778s] GC(146) Survivor regions: 11->13(39)
[2023-12-18T21:17:23.273+0100][6365.778s] GC(146) Old regions: 60->60
[2023-12-18T21:17:23.273+0100][6365.778s] GC(146) Archive regions: 0->0
[2023-12-18T21:17:23.273+0100][6365.778s] GC(146) Humongous regions: 4->4
[2023-12-18T21:17:23.273+0100][6365.778s] GC(146) Metaspace: 62567K(63360K)->62567K(63360K) NonClass: 55571K(56000K)->55571K(56000K) Class: 6995K(7360K)->6995K(7360K)
[2023-12-18T21:17:23.273+0100][6365.778s] GC(146) Pause Young (Normal) (G1 Evacuation Pause) 369M->75M(512M) 3.331ms
[2023-12-18T21:17:23.273+0100][6365.778s] GC(146) User=0.00s Sys=0.00s Real=0.00s
[2023-12-18T21:17:24.090+0100][6366.596s] GC(147) Pause Young (Normal) (G1 Evacuation Pause)
[2023-12-18T21:17:24.090+0100][6366.596s] GC(147) Using 10 workers of 10 for evacuation
[2023-12-18T21:17:24.093+0100][6366.598s] GC(147)   Pre Evacuate Collection Set: 0.1ms
[2023-12-18T21:17:24.093+0100][6366.598s] GC(147)   Merge Heap Roots: 0.1ms
[2023-12-18T21:17:24.093+0100][6366.598s] GC(147)   Evacuate Collection Set: 1.8ms
[2023-12-18T21:17:24.093+0100][6366.598s] GC(147)   Post Evacuate Collection Set: 0.5ms
[2023-12-18T21:17:24.093+0100][6366.598s] GC(147)   Other: 0.1ms
[2023-12-18T21:17:24.093+0100][6366.598s] GC(147) Eden regions: 294->0(294)
[2023-12-18T21:17:24.093+0100][6366.598s] GC(147) Survivor regions: 13->13(39)
[2023-12-18T21:17:24.093+0100][6366.598s] GC(147) Old regions: 60->60
[2023-12-18T21:17:24.093+0100][6366.598s] GC(147) Archive regions: 0->0
[2023-12-18T21:17:24.093+0100][6366.598s] GC(147) Humongous regions: 4->4
[2023-12-18T21:17:24.093+0100][6366.598s] GC(147) Metaspace: 62567K(63360K)->62567K(63360K) NonClass: 55571K(56000K)->55571K(56000K) Class: 6995K(7360K)->6995K(7360K)
[2023-12-18T21:17:24.093+0100][6366.598s] GC(147) Pause Young (Normal) (G1 Evacuation Pause) 369M->75M(512M) 2.739ms
[2023-12-18T21:17:24.093+0100][6366.598s] GC(147) User=0.00s Sys=0.00s Real=0.00s
[2023-12-18T21:17:24.907+0100][6367.413s] GC(148) Pause Young (Normal) (G1 Evacuation Pause)
[2023-12-18T21:17:24.907+0100][6367.413s] GC(148) Using 10 workers of 10 for evacuation
[2023-12-18T21:17:24.909+0100][6367.415s] GC(148)   Pre Evacuate Collection Set: 0.1ms
[2023-12-18T21:17:24.910+0100][6367.415s] GC(148)   Merge Heap Roots: 0.1ms
[2023-12-18T21:17:24.910+0100][6367.415s] GC(148)   Evacuate Collection Set: 1.8ms
[2023-12-18T21:17:24.910+0100][6367.415s] GC(148)   Post Evacuate Collection Set: 0.4ms
[2023-12-18T21:17:24.910+0100][6367.415s] GC(148)   Other: 0.1ms
[2023-12-18T21:17:24.910+0100][6367.415s] GC(148) Eden regions: 294->0(293)
[2023-12-18T21:17:24.910+0100][6367.415s] GC(148) Survivor regions: 13->14(39)
[2023-12-18T21:17:24.910+0100][6367.415s] GC(148) Old regions: 60->60
[2023-12-18T21:17:24.910+0100][6367.415s] GC(148) Archive regions: 0->0
[2023-12-18T21:17:24.910+0100][6367.415s] GC(148) Humongous regions: 4->4
[2023-12-18T21:17:24.910+0100][6367.415s] GC(148) Metaspace: 62567K(63360K)->62567K(63360K) NonClass: 55571K(56000K)->55571K(56000K) Class: 6995K(7360K)->6995K(7360K)
[2023-12-18T21:17:24.910+0100][6367.415s] GC(148) Pause Young (Normal) (G1 Evacuation Pause) 369M->76M(512M) 2.608ms
[2023-12-18T21:17:24.910+0100][6367.415s] GC(148) User=0.00s Sys=0.00s Real=0.00s
[2023-12-18T21:17:25.722+0100][6368.228s] GC(149) Pause Young (Normal) (G1 Evacuation Pause)
[2023-12-18T21:17:25.722+0100][6368.228s] GC(149) Using 10 workers of 10 for evacuation
[2023-12-18T21:17:25.725+0100][6368.231s] GC(149)   Pre Evacuate Collection Set: 0.0ms
[2023-12-18T21:17:25.725+0100][6368.231s] GC(149)   Merge Heap Roots: 0.0ms
[2023-12-18T21:17:25.725+0100][6368.231s] GC(149)   Evacuate Collection Set: 2.0ms
[2023-12-18T21:17:25.725+0100][6368.231s] GC(149)   Post Evacuate Collection Set: 0.4ms
[2023-12-18T21:17:25.725+0100][6368.231s] GC(149)   Other: 0.1ms
[2023-12-18T21:17:25.725+0100][6368.231s] GC(149) Eden regions: 293->0(292)
[2023-12-18T21:17:25.725+0100][6368.231s] GC(149) Survivor regions: 14->15(39)
[2023-12-18T21:17:25.725+0100][6368.231s] GC(149) Old regions: 60->60
[2023-12-18T21:17:25.725+0100][6368.231s] GC(149) Archive regions: 0->0
[2023-12-18T21:17:25.725+0100][6368.231s] GC(149) Humongous regions: 4->4
[2023-12-18T21:17:25.725+0100][6368.231s] GC(149) Metaspace: 62567K(63360K)->62567K(63360K) NonClass: 55571K(56000K)->55571K(56000K) Class: 6995K(7360K)->6995K(7360K)
[2023-12-18T21:17:25.725+0100][6368.231s] GC(149) Pause Young (Normal) (G1 Evacuation Pause) 369M->77M(512M) 2.778ms
[2023-12-18T21:17:25.725+0100][6368.231s] GC(149) User=0.00s Sys=0.00s Real=0.00s
[2023-12-18T21:17:26.552+0100][6369.058s] GC(150) Pause Young (Normal) (G1 Evacuation Pause)
[2023-12-18T21:17:26.552+0100][6369.058s] GC(150) Using 10 workers of 10 for evacuation
[2023-12-18T21:17:26.555+0100][6369.060s] GC(150)   Pre Evacuate Collection Set: 0.1ms
[2023-12-18T21:17:26.555+0100][6369.061s] GC(150)   Merge Heap Roots: 0.1ms
[2023-12-18T21:17:26.555+0100][6369.061s] GC(150)   Evacuate Collection Set: 2.2ms
[2023-12-18T21:17:26.555+0100][6369.061s] GC(150)   Post Evacuate Collection Set: 0.5ms
[2023-12-18T21:17:26.555+0100][6369.061s] GC(150)   Other: 0.1ms
[2023-12-18T21:17:26.555+0100][6369.061s] GC(150) Eden regions: 292->0(291)
[2023-12-18T21:17:26.555+0100][6369.061s] GC(150) Survivor regions: 15->16(39)
[2023-12-18T21:17:26.555+0100][6369.061s] GC(150) Old regions: 60->60
[2023-12-18T21:17:26.555+0100][6369.061s] GC(150) Archive regions: 0->0
[2023-12-18T21:17:26.555+0100][6369.061s] GC(150) Humongous regions: 4->4
[2023-12-18T21:17:26.555+0100][6369.061s] GC(150) Metaspace: 62567K(63360K)->62567K(63360K) NonClass: 55571K(56000K)->55571K(56000K) Class: 6995K(7360K)->6995K(7360K)
[2023-12-18T21:17:26.555+0100][6369.061s] GC(150) Pause Young (Normal) (G1 Evacuation Pause) 369M->78M(512M) 3.113ms
[2023-12-18T21:17:26.555+0100][6369.061s] GC(150) User=0.00s Sys=0.00s Real=0.00s
[2023-12-18T21:17:27.340+0100][6369.846s] GC(151) Pause Young (Normal) (G1 Evacuation Pause)
[2023-12-18T21:17:27.340+0100][6369.846s] GC(151) Using 10 workers of 10 for evacuation
[2023-12-18T21:17:27.343+0100][6369.849s] GC(151)   Pre Evacuate Collection Set: 0.1ms
[2023-12-18T21:17:27.343+0100][6369.849s] GC(151)   Merge Heap Roots: 0.1ms
[2023-12-18T21:17:27.343+0100][6369.849s] GC(151)   Evacuate Collection Set: 2.1ms
[2023-12-18T21:17:27.343+0100][6369.849s] GC(151)   Post Evacuate Collection Set: 0.6ms
[2023-12-18T21:17:27.343+0100][6369.849s] GC(151)   Other: 0.1ms
[2023-12-18T21:17:27.343+0100][6369.849s] GC(151) Eden regions: 291->0(291)
[2023-12-18T21:17:27.343+0100][6369.849s] GC(151) Survivor regions: 16->16(39)
[2023-12-18T21:17:27.343+0100][6369.849s] GC(151) Old regions: 60->61
[2023-12-18T21:17:27.343+0100][6369.849s] GC(151) Archive regions: 0->0
[2023-12-18T21:17:27.343+0100][6369.849s] GC(151) Humongous regions: 4->4
[2023-12-18T21:17:27.343+0100][6369.849s] GC(151) Metaspace: 62567K(63360K)->62567K(63360K) NonClass: 55571K(56000K)->55571K(56000K) Class: 6995K(7360K)->6995K(7360K)
[2023-12-18T21:17:27.343+0100][6369.849s] GC(151) Pause Young (Normal) (G1 Evacuation Pause) 369M->79M(512M) 3.191ms
[2023-12-18T21:17:27.343+0100][6369.849s] GC(151) User=0.00s Sys=0.00s Real=0.00s
[2023-12-18T21:17:28.136+0100][6370.642s] GC(152) Pause Young (Normal) (G1 Evacuation Pause)
[2023-12-18T21:17:28.136+0100][6370.642s] GC(152) Using 10 workers of 10 for evacuation
[2023-12-18T21:17:28.139+0100][6370.645s] GC(152)   Pre Evacuate Collection Set: 0.1ms
[2023-12-18T21:17:28.139+0100][6370.645s] GC(152)   Merge Heap Roots: 0.1ms
[2023-12-18T21:17:28.139+0100][6370.645s] GC(152)   Evacuate Collection Set: 2.1ms
[2023-12-18T21:17:28.139+0100][6370.645s] GC(152)   Post Evacuate Collection Set: 0.5ms
[2023-12-18T21:17:28.139+0100][6370.645s] GC(152)   Other: 0.1ms
[2023-12-18T21:17:28.139+0100][6370.645s] GC(152) Eden regions: 291->0(290)
[2023-12-18T21:17:28.139+0100][6370.645s] GC(152) Survivor regions: 16->17(39)
[2023-12-18T21:17:28.139+0100][6370.645s] GC(152) Old regions: 61->61
[2023-12-18T21:17:28.139+0100][6370.645s] GC(152) Archive regions: 0->0
[2023-12-18T21:17:28.139+0100][6370.645s] GC(152) Humongous regions: 4->4
[2023-12-18T21:17:28.139+0100][6370.645s] GC(152) Metaspace: 62567K(63360K)->62567K(63360K) NonClass: 55571K(56000K)->55571K(56000K) Class: 6995K(7360K)->6995K(7360K)
[2023-12-18T21:17:28.139+0100][6370.645s] GC(152) Pause Young (Normal) (G1 Evacuation Pause) 370M->80M(512M) 3.060ms
[2023-12-18T21:17:28.139+0100][6370.645s] GC(152) User=0.00s Sys=0.00s Real=0.00s
[2023-12-18T21:17:28.969+0100][6371.475s] GC(153) Pause Young (Normal) (G1 Evacuation Pause)
[2023-12-18T21:17:28.969+0100][6371.475s] GC(153) Using 10 workers of 10 for evacuation
[2023-12-18T21:17:28.972+0100][6371.478s] GC(153)   Pre Evacuate Collection Set: 0.1ms
[2023-12-18T21:17:28.972+0100][6371.478s] GC(153)   Merge Heap Roots: 0.1ms
[2023-12-18T21:17:28.972+0100][6371.478s] GC(153)   Evacuate Collection Set: 2.1ms
[2023-12-18T21:17:28.972+0100][6371.478s] GC(153)   Post Evacuate Collection Set: 0.6ms
[2023-12-18T21:17:28.972+0100][6371.478s] GC(153)   Other: 0.1ms
[2023-12-18T21:17:28.972+0100][6371.478s] GC(153) Eden regions: 290->0(291)
[2023-12-18T21:17:28.972+0100][6371.478s] GC(153) Survivor regions: 17->16(39)
[2023-12-18T21:17:28.972+0100][6371.478s] GC(153) Old regions: 61->62
[2023-12-18T21:17:28.972+0100][6371.478s] GC(153) Archive regions: 0->0
[2023-12-18T21:17:28.972+0100][6371.478s] GC(153) Humongous regions: 4->4
[2023-12-18T21:17:28.972+0100][6371.478s] GC(153) Metaspace: 62567K(63360K)->62567K(63360K) NonClass: 55571K(56000K)->55571K(56000K) Class: 6995K(7360K)->6995K(7360K)
[2023-12-18T21:17:28.972+0100][6371.478s] GC(153) Pause Young (Normal) (G1 Evacuation Pause) 370M->81M(512M) 3.139ms
[2023-12-18T21:17:28.972+0100][6371.478s] GC(153) User=0.00s Sys=0.00s Real=0.00s
[2023-12-18T21:17:29.780+0100][6372.286s] GC(154) Pause Young (Normal) (G1 Evacuation Pause)
[2023-12-18T21:17:29.780+0100][6372.286s] GC(154) Using 10 workers of 10 for evacuation
[2023-12-18T21:17:29.783+0100][6372.289s] GC(154)   Pre Evacuate Collection Set: 0.1ms
[2023-12-18T21:17:29.783+0100][6372.289s] GC(154)   Merge Heap Roots: 0.0ms
[2023-12-18T21:17:29.783+0100][6372.289s] GC(154)   Evacuate Collection Set: 2.3ms
[2023-12-18T21:17:29.783+0100][6372.289s] GC(154)   Post Evacuate Collection Set: 0.3ms
[2023-12-18T21:17:29.783+0100][6372.289s] GC(154)   Other: 0.1ms
[2023-12-18T21:17:29.783+0100][6372.289s] GC(154) Eden regions: 291->0(290)
[2023-12-18T21:17:29.783+0100][6372.289s] GC(154) Survivor regions: 16->17(39)
[2023-12-18T21:17:29.783+0100][6372.289s] GC(154) Old regions: 62->63
[2023-12-18T21:17:29.783+0100][6372.289s] GC(154) Archive regions: 0->0
[2023-12-18T21:17:29.783+0100][6372.289s] GC(154) Humongous regions: 4->4
[2023-12-18T21:17:29.783+0100][6372.289s] GC(154) Metaspace: 62567K(63360K)->62567K(63360K) NonClass: 55571K(56000K)->55571K(56000K) Class: 6995K(7360K)->6995K(7360K)
[2023-12-18T21:17:29.783+0100][6372.289s] GC(154) Pause Young (Normal) (G1 Evacuation Pause) 372M->82M(512M) 2.957ms
[2023-12-18T21:17:29.783+0100][6372.289s] GC(154) User=0.16s Sys=0.00s Real=0.00s
[2023-12-18T21:17:30.566+0100][6373.072s] GC(155) Pause Young (Normal) (G1 Evacuation Pause)
[2023-12-18T21:17:30.566+0100][6373.072s] GC(155) Using 10 workers of 10 for evacuation
[2023-12-18T21:17:30.569+0100][6373.075s] GC(155)   Pre Evacuate Collection Set: 0.0ms
[2023-12-18T21:17:30.569+0100][6373.075s] GC(155)   Merge Heap Roots: 0.1ms
[2023-12-18T21:17:30.569+0100][6373.075s] GC(155)   Evacuate Collection Set: 2.3ms
[2023-12-18T21:17:30.569+0100][6373.075s] GC(155)   Post Evacuate Collection Set: 0.5ms
[2023-12-18T21:17:30.569+0100][6373.075s] GC(155)   Other: 0.1ms
[2023-12-18T21:17:30.569+0100][6373.075s] GC(155) Eden regions: 290->0(290)
[2023-12-18T21:17:30.569+0100][6373.075s] GC(155) Survivor regions: 17->17(39)
[2023-12-18T21:17:30.569+0100][6373.075s] GC(155) Old regions: 63->64
[2023-12-18T21:17:30.569+0100][6373.075s] GC(155) Archive regions: 0->0
[2023-12-18T21:17:30.569+0100][6373.075s] GC(155) Humongous regions: 4->4
[2023-12-18T21:17:30.569+0100][6373.075s] GC(155) Metaspace: 62571K(63360K)->62571K(63360K) NonClass: 55575K(56000K)->55575K(56000K) Class: 6995K(7360K)->6995K(7360K)
[2023-12-18T21:17:30.569+0100][6373.075s] GC(155) Pause Young (Normal) (G1 Evacuation Pause) 372M->83M(512M) 3.129ms
[2023-12-18T21:17:30.570+0100][6373.075s] GC(155) User=0.00s Sys=0.00s Real=0.00s
[2023-12-18T21:17:31.351+0100][6373.856s] GC(156) Pause Young (Normal) (G1 Evacuation Pause)
[2023-12-18T21:17:31.351+0100][6373.856s] GC(156) Using 10 workers of 10 for evacuation
[2023-12-18T21:17:31.354+0100][6373.860s] GC(156)   Pre Evacuate Collection Set: 0.1ms
[2023-12-18T21:17:31.354+0100][6373.860s] GC(156)   Merge Heap Roots: 0.1ms
[2023-12-18T21:17:31.354+0100][6373.860s] GC(156)   Evacuate Collection Set: 2.5ms
[2023-12-18T21:17:31.354+0100][6373.860s] GC(156)   Post Evacuate Collection Set: 0.5ms
[2023-12-18T21:17:31.354+0100][6373.860s] GC(156)   Other: 0.1ms
[2023-12-18T21:17:31.354+0100][6373.860s] GC(156) Eden regions: 290->0(290)
[2023-12-18T21:17:31.354+0100][6373.860s] GC(156) Survivor regions: 17->17(39)
[2023-12-18T21:17:31.354+0100][6373.860s] GC(156) Old regions: 64->65
[2023-12-18T21:17:31.354+0100][6373.860s] GC(156) Archive regions: 0->0
[2023-12-18T21:17:31.354+0100][6373.860s] GC(156) Humongous regions: 4->4
[2023-12-18T21:17:31.354+0100][6373.860s] GC(156) Metaspace: 62577K(63360K)->62577K(63360K) NonClass: 55581K(56000K)->55581K(56000K) Class: 6995K(7360K)->6995K(7360K)
[2023-12-18T21:17:31.354+0100][6373.860s] GC(156) Pause Young (Normal) (G1 Evacuation Pause) 373M->84M(512M) 3.402ms
[2023-12-18T21:17:31.355+0100][6373.860s] GC(156) User=0.00s Sys=0.00s Real=0.00s
[2023-12-18T21:17:32.158+0100][6374.664s] GC(157) Pause Young (Normal) (G1 Evacuation Pause)
[2023-12-18T21:17:32.158+0100][6374.664s] GC(157) Using 10 workers of 10 for evacuation
[2023-12-18T21:17:32.162+0100][6374.667s] GC(157)   Pre Evacuate Collection Set: 0.1ms
[2023-12-18T21:17:32.162+0100][6374.667s] GC(157)   Merge Heap Roots: 0.1ms
[2023-12-18T21:17:32.162+0100][6374.667s] GC(157)   Evacuate Collection Set: 2.1ms
[2023-12-18T21:17:32.162+0100][6374.667s] GC(157)   Post Evacuate Collection Set: 0.4ms
[2023-12-18T21:17:32.162+0100][6374.667s] GC(157)   Other: 0.1ms
[2023-12-18T21:17:32.162+0100][6374.667s] GC(157) Eden regions: 290->0(290)
[2023-12-18T21:17:32.162+0100][6374.667s] GC(157) Survivor regions: 17->17(39)
[2023-12-18T21:17:32.162+0100][6374.667s] GC(157) Old regions: 65->66
[2023-12-18T21:17:32.162+0100][6374.667s] GC(157) Archive regions: 0->0
[2023-12-18T21:17:32.162+0100][6374.667s] GC(157) Humongous regions: 4->4
[2023-12-18T21:17:32.162+0100][6374.667s] GC(157) Metaspace: 62577K(63360K)->62577K(63360K) NonClass: 55581K(56000K)->55581K(56000K) Class: 6995K(7360K)->6995K(7360K)
[2023-12-18T21:17:32.162+0100][6374.667s] GC(157) Pause Young (Normal) (G1 Evacuation Pause) 374M->85M(512M) 2.988ms
[2023-12-18T21:17:32.162+0100][6374.667s] GC(157) User=0.00s Sys=0.00s Real=0.00s
[2023-12-18T21:17:32.992+0100][6375.497s] GC(158) Pause Young (Normal) (G1 Evacuation Pause)
[2023-12-18T21:17:32.992+0100][6375.497s] GC(158) Using 10 workers of 10 for evacuation
[2023-12-18T21:17:32.995+0100][6375.501s] GC(158)   Pre Evacuate Collection Set: 0.1ms
[2023-12-18T21:17:32.995+0100][6375.501s] GC(158)   Merge Heap Roots: 0.1ms
[2023-12-18T21:17:32.995+0100][6375.501s] GC(158)   Evacuate Collection Set: 2.3ms
[2023-12-18T21:17:32.995+0100][6375.501s] GC(158)   Post Evacuate Collection Set: 0.7ms
[2023-12-18T21:17:32.995+0100][6375.501s] GC(158)   Other: 0.1ms
[2023-12-18T21:17:32.995+0100][6375.501s] GC(158) Eden regions: 290->0(290)
[2023-12-18T21:17:32.995+0100][6375.501s] GC(158) Survivor regions: 17->17(39)
[2023-12-18T21:17:32.995+0100][6375.501s] GC(158) Old regions: 66->67
[2023-12-18T21:17:32.995+0100][6375.501s] GC(158) Archive regions: 0->0
[2023-12-18T21:17:32.995+0100][6375.501s] GC(158) Humongous regions: 4->4
[2023-12-18T21:17:32.995+0100][6375.501s] GC(158) Metaspace: 62590K(63424K)->62590K(63424K) NonClass: 55594K(56064K)->55594K(56064K) Class: 6995K(7360K)->6995K(7360K)
[2023-12-18T21:17:32.995+0100][6375.501s] GC(158) Pause Young (Normal) (G1 Evacuation Pause) 375M->86M(512M) 3.576ms
[2023-12-18T21:17:32.995+0100][6375.501s] GC(158) User=0.00s Sys=0.00s Real=0.00s
[2023-12-18T21:17:33.056+0100][6375.561s] GC(159) Pause Young (Concurrent Start) (CodeCache GC Threshold)
[2023-12-18T21:17:33.056+0100][6375.561s] GC(159) Using 10 workers of 10 for evacuation
[2023-12-18T21:17:33.059+0100][6375.564s] GC(159)   Pre Evacuate Collection Set: 0.1ms
[2023-12-18T21:17:33.059+0100][6375.564s] GC(159)   Merge Heap Roots: 0.1ms
[2023-12-18T21:17:33.059+0100][6375.564s] GC(159)   Evacuate Collection Set: 2.3ms
[2023-12-18T21:17:33.059+0100][6375.564s] GC(159)   Post Evacuate Collection Set: 0.4ms
[2023-12-18T21:17:33.059+0100][6375.564s] GC(159)   Other: 0.1ms
[2023-12-18T21:17:33.059+0100][6375.564s] GC(159) Eden regions: 18->0(291)
[2023-12-18T21:17:33.059+0100][6375.564s] GC(159) Survivor regions: 17->16(39)
[2023-12-18T21:17:33.059+0100][6375.564s] GC(159) Old regions: 67->68
[2023-12-18T21:17:33.059+0100][6375.564s] GC(159) Archive regions: 0->0
[2023-12-18T21:17:33.059+0100][6375.564s] GC(159) Humongous regions: 4->4
[2023-12-18T21:17:33.059+0100][6375.564s] GC(159) Metaspace: 62590K(63424K)->62590K(63424K) NonClass: 55594K(56064K)->55594K(56064K) Class: 6995K(7360K)->6995K(7360K)
[2023-12-18T21:17:33.059+0100][6375.564s] GC(159) Pause Young (Concurrent Start) (CodeCache GC Threshold) 104M->86M(512M) 3.218ms
[2023-12-18T21:17:33.059+0100][6375.564s] GC(160) Concurrent Mark Cycle
[2023-12-18T21:17:33.059+0100][6375.564s] GC(159) User=0.00s Sys=0.00s Real=0.00s
[2023-12-18T21:17:33.059+0100][6375.565s] GC(160) Concurrent Clear Claimed Marks
[2023-12-18T21:17:33.059+0100][6375.565s] GC(160) Concurrent Clear Claimed Marks 0.075ms
[2023-12-18T21:17:33.059+0100][6375.565s] GC(160) Concurrent Scan Root Regions
[2023-12-18T21:17:33.060+0100][6375.565s] GC(160) Concurrent Scan Root Regions 0.767ms
[2023-12-18T21:17:33.060+0100][6375.565s] GC(160) Concurrent Mark
[2023-12-18T21:17:33.060+0100][6375.565s] GC(160) Concurrent Mark From Roots
[2023-12-18T21:17:33.060+0100][6375.565s] GC(160) Using 3 workers of 3 for marking
[2023-12-18T21:17:33.078+0100][6375.584s] GC(160) Concurrent Mark From Roots 18.548ms
[2023-12-18T21:17:33.079+0100][6375.584s] GC(160) Concurrent Preclean
[2023-12-18T21:17:33.079+0100][6375.584s] GC(160) Concurrent Preclean 0.231ms
[2023-12-18T21:17:33.079+0100][6375.584s] GC(160) Pause Remark
[2023-12-18T21:17:33.085+0100][6375.591s] GC(160) Pause Remark 92M->92M(512M) 6.222ms
[2023-12-18T21:17:33.085+0100][6375.591s] GC(160) User=0.00s Sys=0.00s Real=0.01s
[2023-12-18T21:17:33.085+0100][6375.591s] GC(160) Concurrent Mark 25.328ms
[2023-12-18T21:17:33.085+0100][6375.591s] GC(160) Concurrent Rebuild Remembered Sets
[2023-12-18T21:17:33.096+0100][6375.601s] GC(160) Concurrent Rebuild Remembered Sets 10.183ms
[2023-12-18T21:17:33.096+0100][6375.601s] GC(160) Pause Cleanup
[2023-12-18T21:17:33.096+0100][6375.601s] GC(160) Pause Cleanup 95M->95M(512M) 0.139ms
[2023-12-18T21:17:33.096+0100][6375.601s] GC(160) User=0.00s Sys=0.00s Real=0.00s
[2023-12-18T21:17:33.096+0100][6375.601s] GC(160) Concurrent Cleanup for Next Mark
[2023-12-18T21:17:33.096+0100][6375.602s] GC(160) Concurrent Cleanup for Next Mark 0.615ms
[2023-12-18T21:17:33.096+0100][6375.602s] GC(160) Concurrent Mark Cycle 37.328ms
[2023-12-18T21:17:33.878+0100][6376.383s] GC(161) Pause Young (Prepare Mixed) (G1 Evacuation Pause)
[2023-12-18T21:17:33.878+0100][6376.383s] GC(161) Using 10 workers of 10 for evacuation
[2023-12-18T21:17:33.880+0100][6376.386s] GC(161)   Pre Evacuate Collection Set: 0.1ms
[2023-12-18T21:17:33.880+0100][6376.386s] GC(161)   Merge Heap Roots: 0.1ms
[2023-12-18T21:17:33.880+0100][6376.386s] GC(161)   Evacuate Collection Set: 2.0ms
[2023-12-18T21:17:33.880+0100][6376.386s] GC(161)   Post Evacuate Collection Set: 0.4ms
[2023-12-18T21:17:33.880+0100][6376.386s] GC(161)   Other: 0.1ms
[2023-12-18T21:17:33.880+0100][6376.386s] GC(161) Eden regions: 291->0(10)
[2023-12-18T21:17:33.880+0100][6376.386s] GC(161) Survivor regions: 16->15(39)
[2023-12-18T21:17:33.880+0100][6376.386s] GC(161) Old regions: 68->69
[2023-12-18T21:17:33.880+0100][6376.386s] GC(161) Archive regions: 0->0
[2023-12-18T21:17:33.880+0100][6376.386s] GC(161) Humongous regions: 4->4
[2023-12-18T21:17:33.880+0100][6376.386s] GC(161) Metaspace: 62548K(63424K)->62548K(63424K) NonClass: 55563K(56064K)->55563K(56064K) Class: 6985K(7360K)->6985K(7360K)
[2023-12-18T21:17:33.880+0100][6376.386s] GC(161) Pause Young (Prepare Mixed) (G1 Evacuation Pause) 377M->86M(512M) 2.874ms
[2023-12-18T21:17:33.880+0100][6376.386s] GC(161) User=0.00s Sys=0.00s Real=0.00s
[2023-12-18T21:17:33.911+0100][6376.416s] GC(162) Pause Young (Mixed) (G1 Evacuation Pause)
[2023-12-18T21:17:33.911+0100][6376.416s] GC(162) Using 10 workers of 10 for evacuation
[2023-12-18T21:17:33.915+0100][6376.420s] GC(162)   Pre Evacuate Collection Set: 0.1ms
[2023-12-18T21:17:33.915+0100][6376.420s] GC(162)   Merge Heap Roots: 0.1ms
[2023-12-18T21:17:33.915+0100][6376.420s] GC(162)   Evacuate Collection Set: 3.6ms
[2023-12-18T21:17:33.915+0100][6376.420s] GC(162)   Post Evacuate Collection Set: 0.4ms
[2023-12-18T21:17:33.915+0100][6376.420s] GC(162)   Other: 0.1ms
[2023-12-18T21:17:33.915+0100][6376.420s] GC(162) Eden regions: 10->0(304)
[2023-12-18T21:17:33.915+0100][6376.420s] GC(162) Survivor regions: 15->3(4)
[2023-12-18T21:17:33.915+0100][6376.420s] GC(162) Old regions: 69->78
[2023-12-18T21:17:33.915+0100][6376.421s] GC(162) Archive regions: 0->0
[2023-12-18T21:17:33.915+0100][6376.421s] GC(162) Humongous regions: 4->4
[2023-12-18T21:17:33.915+0100][6376.421s] GC(162) Metaspace: 62548K(63424K)->62548K(63424K) NonClass: 55563K(56064K)->55563K(56064K) Class: 6985K(7360K)->6985K(7360K)
[2023-12-18T21:17:33.915+0100][6376.421s] GC(162) Pause Young (Mixed) (G1 Evacuation Pause) 96M->83M(512M) 4.440ms
[2023-12-18T21:17:33.915+0100][6376.421s] GC(162) User=0.00s Sys=0.00s Real=0.00s
[2023-12-18T21:17:34.744+0100][6377.250s] GC(163) Pause Young (Normal) (G1 Evacuation Pause)
[2023-12-18T21:17:34.744+0100][6377.250s] GC(163) Using 10 workers of 10 for evacuation
[2023-12-18T21:17:34.745+0100][6377.251s] GC(163)   Pre Evacuate Collection Set: 0.1ms
[2023-12-18T21:17:34.745+0100][6377.251s] GC(163)   Merge Heap Roots: 0.1ms
[2023-12-18T21:17:34.745+0100][6377.251s] GC(163)   Evacuate Collection Set: 0.5ms
[2023-12-18T21:17:34.745+0100][6377.251s] GC(163)   Post Evacuate Collection Set: 0.2ms
[2023-12-18T21:17:34.745+0100][6377.251s] GC(163)   Other: 0.1ms
[2023-12-18T21:17:34.745+0100][6377.251s] GC(163) Eden regions: 304->0(303)
[2023-12-18T21:17:34.745+0100][6377.251s] GC(163) Survivor regions: 3->4(39)
[2023-12-18T21:17:34.745+0100][6377.251s] GC(163) Old regions: 78->78
[2023-12-18T21:17:34.745+0100][6377.251s] GC(163) Archive regions: 0->0
[2023-12-18T21:17:34.745+0100][6377.251s] GC(163) Humongous regions: 4->4
[2023-12-18T21:17:34.745+0100][6377.251s] GC(163) Metaspace: 62549K(63424K)->62549K(63424K) NonClass: 55564K(56064K)->55564K(56064K) Class: 6985K(7360K)->6985K(7360K)
[2023-12-18T21:17:34.745+0100][6377.251s] GC(163) Pause Young (Normal) (G1 Evacuation Pause) 387M->85M(512M) 1.137ms
[2023-12-18T21:17:34.745+0100][6377.251s] GC(163) User=0.00s Sys=0.00s Real=0.00s
[2023-12-18T21:17:35.592+0100][6378.098s] GC(164) Pause Young (Normal) (G1 Evacuation Pause)
[2023-12-18T21:17:35.592+0100][6378.098s] GC(164) Using 10 workers of 10 for evacuation
[2023-12-18T21:17:35.593+0100][6378.099s] GC(164)   Pre Evacuate Collection Set: 0.1ms
[2023-12-18T21:17:35.593+0100][6378.099s] GC(164)   Merge Heap Roots: 0.1ms
[2023-12-18T21:17:35.593+0100][6378.099s] GC(164)   Evacuate Collection Set: 0.7ms
[2023-12-18T21:17:35.593+0100][6378.099s] GC(164)   Post Evacuate Collection Set: 0.5ms
[2023-12-18T21:17:35.593+0100][6378.099s] GC(164)   Other: 0.1ms
[2023-12-18T21:17:35.593+0100][6378.099s] GC(164) Eden regions: 303->0(302)
[2023-12-18T21:17:35.593+0100][6378.099s] GC(164) Survivor regions: 4->5(39)
[2023-12-18T21:17:35.593+0100][6378.099s] GC(164) Old regions: 78->78
[2023-12-18T21:17:35.593+0100][6378.099s] GC(164) Archive regions: 0->0
[2023-12-18T21:17:35.593+0100][6378.099s] GC(164) Humongous regions: 4->4
[2023-12-18T21:17:35.593+0100][6378.099s] GC(164) Metaspace: 62550K(63424K)->62550K(63424K) NonClass: 55565K(56064K)->55565K(56064K) Class: 6985K(7360K)->6985K(7360K)
[2023-12-18T21:17:35.593+0100][6378.099s] GC(164) Pause Young (Normal) (G1 Evacuation Pause) 388M->85M(512M) 1.584ms
[2023-12-18T21:17:35.593+0100][6378.099s] GC(164) User=0.00s Sys=0.00s Real=0.00s
[2023-12-18T21:17:36.435+0100][6378.940s] GC(165) Pause Young (Normal) (G1 Evacuation Pause)
[2023-12-18T21:17:36.435+0100][6378.940s] GC(165) Using 10 workers of 10 for evacuation
[2023-12-18T21:17:36.436+0100][6378.941s] GC(165)   Pre Evacuate Collection Set: 0.0ms
[2023-12-18T21:17:36.436+0100][6378.941s] GC(165)   Merge Heap Roots: 0.0ms
[2023-12-18T21:17:36.436+0100][6378.941s] GC(165)   Evacuate Collection Set: 0.7ms
[2023-12-18T21:17:36.436+0100][6378.941s] GC(165)   Post Evacuate Collection Set: 0.2ms
[2023-12-18T21:17:36.436+0100][6378.941s] GC(165)   Other: 0.1ms
[2023-12-18T21:17:36.436+0100][6378.941s] GC(165) Eden regions: 302->0(302)
[2023-12-18T21:17:36.436+0100][6378.941s] GC(165) Survivor regions: 5->5(39)
[2023-12-18T21:17:36.436+0100][6378.941s] GC(165) Old regions: 78->78
[2023-12-18T21:17:36.436+0100][6378.941s] GC(165) Archive regions: 0->0
[2023-12-18T21:17:36.436+0100][6378.941s] GC(165) Humongous regions: 4->4
[2023-12-18T21:17:36.436+0100][6378.941s] GC(165) Metaspace: 62551K(63424K)->62551K(63424K) NonClass: 55565K(56064K)->55565K(56064K) Class: 6985K(7360K)->6985K(7360K)
[2023-12-18T21:17:36.436+0100][6378.941s] GC(165) Pause Young (Normal) (G1 Evacuation Pause) 387M->86M(512M) 1.217ms
[2023-12-18T21:17:36.436+0100][6378.941s] GC(165) User=0.00s Sys=0.00s Real=0.00s
[2023-12-18T21:17:37.277+0100][6379.782s] GC(166) Pause Young (Normal) (G1 Evacuation Pause)
[2023-12-18T21:17:37.277+0100][6379.783s] GC(166) Using 10 workers of 10 for evacuation
[2023-12-18T21:17:37.278+0100][6379.784s] GC(166)   Pre Evacuate Collection Set: 0.1ms
[2023-12-18T21:17:37.278+0100][6379.784s] GC(166)   Merge Heap Roots: 0.1ms
[2023-12-18T21:17:37.278+0100][6379.784s] GC(166)   Evacuate Collection Set: 0.8ms
[2023-12-18T21:17:37.278+0100][6379.784s] GC(166)   Post Evacuate Collection Set: 0.4ms
[2023-12-18T21:17:37.278+0100][6379.784s] GC(166)   Other: 0.1ms
[2023-12-18T21:17:37.278+0100][6379.784s] GC(166) Eden regions: 302->0(300)
[2023-12-18T21:17:37.278+0100][6379.784s] GC(166) Survivor regions: 5->7(39)
[2023-12-18T21:17:37.278+0100][6379.784s] GC(166) Old regions: 78->78
[2023-12-18T21:17:37.278+0100][6379.784s] GC(166) Archive regions: 0->0
[2023-12-18T21:17:37.278+0100][6379.784s] GC(166) Humongous regions: 4->4
[2023-12-18T21:17:37.278+0100][6379.784s] GC(166) Metaspace: 62551K(63424K)->62551K(63424K) NonClass: 55566K(56064K)->55566K(56064K) Class: 6985K(7360K)->6985K(7360K)
[2023-12-18T21:17:37.278+0100][6379.784s] GC(166) Pause Young (Normal) (G1 Evacuation Pause) 388M->87M(512M) 1.569ms
[2023-12-18T21:17:37.278+0100][6379.784s] GC(166) User=0.00s Sys=0.00s Real=0.00s
[2023-12-18T21:17:38.100+0100][6380.606s] GC(167) Pause Young (Normal) (G1 Evacuation Pause)
[2023-12-18T21:17:38.100+0100][6380.606s] GC(167) Using 10 workers of 10 for evacuation
[2023-12-18T21:17:38.102+0100][6380.608s] GC(167)   Pre Evacuate Collection Set: 0.1ms
[2023-12-18T21:17:38.102+0100][6380.608s] GC(167)   Merge Heap Roots: 0.0ms
[2023-12-18T21:17:38.102+0100][6380.608s] GC(167)   Evacuate Collection Set: 1.0ms
[2023-12-18T21:17:38.102+0100][6380.608s] GC(167)   Post Evacuate Collection Set: 0.3ms
[2023-12-18T21:17:38.102+0100][6380.608s] GC(167)   Other: 0.1ms
[2023-12-18T21:17:38.102+0100][6380.608s] GC(167) Eden regions: 300->0(299)
[2023-12-18T21:17:38.102+0100][6380.608s] GC(167) Survivor regions: 7->8(39)
[2023-12-18T21:17:38.102+0100][6380.608s] GC(167) Old regions: 78->78
[2023-12-18T21:17:38.102+0100][6380.608s] GC(167) Archive regions: 0->0
[2023-12-18T21:17:38.102+0100][6380.608s] GC(167) Humongous regions: 4->4
[2023-12-18T21:17:38.102+0100][6380.608s] GC(167) Metaspace: 62552K(63424K)->62552K(63424K) NonClass: 55567K(56064K)->55567K(56064K) Class: 6985K(7360K)->6985K(7360K)
[2023-12-18T21:17:38.102+0100][6380.608s] GC(167) Pause Young (Normal) (G1 Evacuation Pause) 387M->88M(512M) 1.659ms
[2023-12-18T21:17:38.102+0100][6380.608s] GC(167) User=0.00s Sys=0.00s Real=0.00s
[2023-12-18T21:17:38.899+0100][6381.404s] GC(168) Pause Young (Normal) (G1 Evacuation Pause)
[2023-12-18T21:17:38.899+0100][6381.404s] GC(168) Using 10 workers of 10 for evacuation
[2023-12-18T21:17:38.900+0100][6381.406s] GC(168)   Pre Evacuate Collection Set: 0.1ms
[2023-12-18T21:17:38.900+0100][6381.406s] GC(168)   Merge Heap Roots: 0.1ms
[2023-12-18T21:17:38.900+0100][6381.406s] GC(168)   Evacuate Collection Set: 1.1ms
[2023-12-18T21:17:38.900+0100][6381.406s] GC(168)   Post Evacuate Collection Set: 0.5ms
[2023-12-18T21:17:38.900+0100][6381.406s] GC(168)   Other: 0.1ms
[2023-12-18T21:17:38.900+0100][6381.406s] GC(168) Eden regions: 299->0(298)
[2023-12-18T21:17:38.900+0100][6381.406s] GC(168) Survivor regions: 8->9(39)
[2023-12-18T21:17:38.900+0100][6381.406s] GC(168) Old regions: 78->78
[2023-12-18T21:17:38.900+0100][6381.406s] GC(168) Archive regions: 0->0
[2023-12-18T21:17:38.900+0100][6381.406s] GC(168) Humongous regions: 4->4
[2023-12-18T21:17:38.900+0100][6381.406s] GC(168) Metaspace: 62554K(63424K)->62554K(63424K) NonClass: 55569K(56064K)->55569K(56064K) Class: 6985K(7360K)->6985K(7360K)
[2023-12-18T21:17:38.901+0100][6381.406s] GC(168) Pause Young (Normal) (G1 Evacuation Pause) 387M->89M(512M) 1.981ms
[2023-12-18T21:17:38.901+0100][6381.406s] GC(168) User=0.00s Sys=0.00s Real=0.00s
[2023-12-18T21:17:39.731+0100][6382.237s] GC(169) Pause Young (Normal) (G1 Evacuation Pause)
[2023-12-18T21:17:39.731+0100][6382.237s] GC(169) Using 10 workers of 10 for evacuation
[2023-12-18T21:17:39.733+0100][6382.239s] GC(169)   Pre Evacuate Collection Set: 0.1ms
[2023-12-18T21:17:39.733+0100][6382.239s] GC(169)   Merge Heap Roots: 0.0ms
[2023-12-18T21:17:39.733+0100][6382.239s] GC(169)   Evacuate Collection Set: 1.3ms
[2023-12-18T21:17:39.733+0100][6382.239s] GC(169)   Post Evacuate Collection Set: 0.4ms
[2023-12-18T21:17:39.733+0100][6382.239s] GC(169)   Other: 0.1ms
[2023-12-18T21:17:39.733+0100][6382.239s] GC(169) Eden regions: 298->0(296)
[2023-12-18T21:17:39.733+0100][6382.239s] GC(169) Survivor regions: 9->11(39)
[2023-12-18T21:17:39.733+0100][6382.239s] GC(169) Old regions: 78->78
[2023-12-18T21:17:39.733+0100][6382.239s] GC(169) Archive regions: 0->0
[2023-12-18T21:17:39.733+0100][6382.239s] GC(169) Humongous regions: 4->4
[2023-12-18T21:17:39.733+0100][6382.239s] GC(169) Metaspace: 62554K(63424K)->62554K(63424K) NonClass: 55569K(56064K)->55569K(56064K) Class: 6985K(7360K)->6985K(7360K)
[2023-12-18T21:17:39.733+0100][6382.239s] GC(169) Pause Young (Normal) (G1 Evacuation Pause) 387M->91M(512M) 1.986ms
[2023-12-18T21:17:39.733+0100][6382.239s] GC(169) User=0.00s Sys=0.00s Real=0.00s
[2023-12-18T21:17:40.620+0100][6383.126s] GC(170) Pause Young (Normal) (G1 Evacuation Pause)
[2023-12-18T21:17:40.620+0100][6383.126s] GC(170) Using 10 workers of 10 for evacuation
[2023-12-18T21:17:40.622+0100][6383.128s] GC(170)   Pre Evacuate Collection Set: 0.0ms
[2023-12-18T21:17:40.622+0100][6383.128s] GC(170)   Merge Heap Roots: 0.0ms
[2023-12-18T21:17:40.622+0100][6383.128s] GC(170)   Evacuate Collection Set: 1.3ms
[2023-12-18T21:17:40.622+0100][6383.128s] GC(170)   Post Evacuate Collection Set: 0.4ms
[2023-12-18T21:17:40.622+0100][6383.128s] GC(170)   Other: 0.1ms
[2023-12-18T21:17:40.622+0100][6383.128s] GC(170) Eden regions: 296->0(296)
[2023-12-18T21:17:40.622+0100][6383.128s] GC(170) Survivor regions: 11->11(39)
[2023-12-18T21:17:40.622+0100][6383.128s] GC(170) Old regions: 78->78
[2023-12-18T21:17:40.622+0100][6383.128s] GC(170) Archive regions: 0->0
[2023-12-18T21:17:40.622+0100][6383.128s] GC(170) Humongous regions: 4->4
[2023-12-18T21:17:40.622+0100][6383.128s] GC(170) Metaspace: 62554K(63424K)->62554K(63424K) NonClass: 55569K(56064K)->55569K(56064K) Class: 6985K(7360K)->6985K(7360K)
[2023-12-18T21:17:40.622+0100][6383.128s] GC(170) Pause Young (Normal) (G1 Evacuation Pause) 387M->92M(512M) 2.057ms
[2023-12-18T21:17:40.622+0100][6383.128s] GC(170) User=0.00s Sys=0.00s Real=0.00s
[2023-12-18T21:17:41.426+0100][6383.932s] GC(171) Pause Young (Normal) (G1 Evacuation Pause)
[2023-12-18T21:17:41.426+0100][6383.932s] GC(171) Using 10 workers of 10 for evacuation
[2023-12-18T21:17:41.429+0100][6383.934s] GC(171)   Pre Evacuate Collection Set: 0.1ms
[2023-12-18T21:17:41.429+0100][6383.934s] GC(171)   Merge Heap Roots: 0.1ms
[2023-12-18T21:17:41.429+0100][6383.934s] GC(171)   Evacuate Collection Set: 1.5ms
[2023-12-18T21:17:41.429+0100][6383.934s] GC(171)   Post Evacuate Collection Set: 0.3ms
[2023-12-18T21:17:41.429+0100][6383.934s] GC(171)   Other: 0.1ms
[2023-12-18T21:17:41.429+0100][6383.934s] GC(171) Eden regions: 296->0(295)
[2023-12-18T21:17:41.429+0100][6383.934s] GC(171) Survivor regions: 11->12(39)
[2023-12-18T21:17:41.429+0100][6383.934s] GC(171) Old regions: 78->78
[2023-12-18T21:17:41.429+0100][6383.934s] GC(171) Archive regions: 0->0
[2023-12-18T21:17:41.429+0100][6383.934s] GC(171) Humongous regions: 4->4
[2023-12-18T21:17:41.429+0100][6383.934s] GC(171) Metaspace: 62559K(63424K)->62559K(63424K) NonClass: 55574K(56064K)->55574K(56064K) Class: 6985K(7360K)->6985K(7360K)
[2023-12-18T21:17:41.429+0100][6383.934s] GC(171) Pause Young (Normal) (G1 Evacuation Pause) 388M->93M(512M) 2.401ms
[2023-12-18T21:17:41.429+0100][6383.935s] GC(171) User=0.00s Sys=0.00s Real=0.00s
[2023-12-18T21:17:42.247+0100][6384.753s] GC(172) Pause Young (Normal) (G1 Evacuation Pause)
[2023-12-18T21:17:42.247+0100][6384.753s] GC(172) Using 10 workers of 10 for evacuation
[2023-12-18T21:17:42.249+0100][6384.755s] GC(172)   Pre Evacuate Collection Set: 0.0ms
[2023-12-18T21:17:42.249+0100][6384.755s] GC(172)   Merge Heap Roots: 0.0ms
[2023-12-18T21:17:42.249+0100][6384.755s] GC(172)   Evacuate Collection Set: 1.6ms
[2023-12-18T21:17:42.249+0100][6384.755s] GC(172)   Post Evacuate Collection Set: 0.3ms
[2023-12-18T21:17:42.249+0100][6384.755s] GC(172)   Other: 0.1ms
[2023-12-18T21:17:42.249+0100][6384.755s] GC(172) Eden regions: 295->0(293)
[2023-12-18T21:17:42.249+0100][6384.755s] GC(172) Survivor regions: 12->14(39)
[2023-12-18T21:17:42.249+0100][6384.755s] GC(172) Old regions: 78->78
[2023-12-18T21:17:42.249+0100][6384.755s] GC(172) Archive regions: 0->0
[2023-12-18T21:17:42.249+0100][6384.755s] GC(172) Humongous regions: 4->4
[2023-12-18T21:17:42.249+0100][6384.755s] GC(172) Metaspace: 62560K(63424K)->62560K(63424K) NonClass: 55574K(56064K)->55574K(56064K) Class: 6985K(7360K)->6985K(7360K)
[2023-12-18T21:17:42.249+0100][6384.755s] GC(172) Pause Young (Normal) (G1 Evacuation Pause) 388M->94M(512M) 2.249ms
[2023-12-18T21:17:42.249+0100][6384.755s] GC(172) User=0.00s Sys=0.00s Real=0.00s
[2023-12-18T21:17:43.046+0100][6385.551s] GC(173) Pause Young (Normal) (G1 Evacuation Pause)
[2023-12-18T21:17:43.046+0100][6385.551s] GC(173) Using 10 workers of 10 for evacuation
[2023-12-18T21:17:43.049+0100][6385.554s] GC(173)   Pre Evacuate Collection Set: 0.1ms
[2023-12-18T21:17:43.049+0100][6385.554s] GC(173)   Merge Heap Roots: 0.1ms
[2023-12-18T21:17:43.049+0100][6385.554s] GC(173)   Evacuate Collection Set: 1.7ms
[2023-12-18T21:17:43.049+0100][6385.554s] GC(173)   Post Evacuate Collection Set: 0.5ms
[2023-12-18T21:17:43.049+0100][6385.554s] GC(173)   Other: 0.1ms
[2023-12-18T21:17:43.049+0100][6385.554s] GC(173) Eden regions: 293->0(293)
[2023-12-18T21:17:43.049+0100][6385.554s] GC(173) Survivor regions: 14->14(39)
[2023-12-18T21:17:43.049+0100][6385.554s] GC(173) Old regions: 78->78
[2023-12-18T21:17:43.049+0100][6385.554s] GC(173) Archive regions: 0->0
[2023-12-18T21:17:43.049+0100][6385.554s] GC(173) Humongous regions: 4->4
[2023-12-18T21:17:43.049+0100][6385.554s] GC(173) Metaspace: 62560K(63424K)->62560K(63424K) NonClass: 55574K(56064K)->55574K(56064K) Class: 6985K(7360K)->6985K(7360K)
[2023-12-18T21:17:43.049+0100][6385.554s] GC(173) Pause Young (Normal) (G1 Evacuation Pause) 387M->95M(512M) 2.707ms
[2023-12-18T21:17:43.049+0100][6385.554s] GC(173) User=0.16s Sys=0.00s Real=0.00s
[2023-12-18T21:17:43.855+0100][6386.361s] GC(174) Pause Young (Normal) (G1 Evacuation Pause)
[2023-12-18T21:17:43.855+0100][6386.361s] GC(174) Using 10 workers of 10 for evacuation
[2023-12-18T21:17:43.858+0100][6386.364s] GC(174)   Pre Evacuate Collection Set: 0.0ms
[2023-12-18T21:17:43.858+0100][6386.364s] GC(174)   Merge Heap Roots: 0.0ms
[2023-12-18T21:17:43.858+0100][6386.364s] GC(174)   Evacuate Collection Set: 1.9ms
[2023-12-18T21:17:43.858+0100][6386.364s] GC(174)   Post Evacuate Collection Set: 0.4ms
[2023-12-18T21:17:43.858+0100][6386.364s] GC(174)   Other: 0.1ms
[2023-12-18T21:17:43.858+0100][6386.364s] GC(174) Eden regions: 293->0(292)
[2023-12-18T21:17:43.858+0100][6386.364s] GC(174) Survivor regions: 14->15(39)
[2023-12-18T21:17:43.858+0100][6386.364s] GC(174) Old regions: 78->78
[2023-12-18T21:17:43.858+0100][6386.364s] GC(174) Archive regions: 0->0
[2023-12-18T21:17:43.858+0100][6386.364s] GC(174) Humongous regions: 4->4
[2023-12-18T21:17:43.858+0100][6386.364s] GC(174) Metaspace: 62560K(63424K)->62560K(63424K) NonClass: 55574K(56064K)->55574K(56064K) Class: 6985K(7360K)->6985K(7360K)
[2023-12-18T21:17:43.858+0100][6386.364s] GC(174) Pause Young (Normal) (G1 Evacuation Pause) 388M->95M(512M) 2.726ms
[2023-12-18T21:17:43.858+0100][6386.364s] GC(174) User=0.00s Sys=0.00s Real=0.00s
[2023-12-18T21:17:44.663+0100][6387.169s] GC(175) Pause Young (Normal) (G1 Evacuation Pause)
[2023-12-18T21:17:44.663+0100][6387.169s] GC(175) Using 10 workers of 10 for evacuation
[2023-12-18T21:17:44.666+0100][6387.172s] GC(175)   Pre Evacuate Collection Set: 0.1ms
[2023-12-18T21:17:44.666+0100][6387.172s] GC(175)   Merge Heap Roots: 0.1ms
[2023-12-18T21:17:44.666+0100][6387.172s] GC(175)   Evacuate Collection Set: 2.0ms
[2023-12-18T21:17:44.666+0100][6387.172s] GC(175)   Post Evacuate Collection Set: 0.5ms
[2023-12-18T21:17:44.666+0100][6387.172s] GC(175)   Other: 0.1ms
[2023-12-18T21:17:44.666+0100][6387.172s] GC(175) Eden regions: 292->0(291)
[2023-12-18T21:17:44.666+0100][6387.172s] GC(175) Survivor regions: 15->16(39)
[2023-12-18T21:17:44.666+0100][6387.172s] GC(175) Old regions: 78->78
[2023-12-18T21:17:44.666+0100][6387.172s] GC(175) Archive regions: 0->0
[2023-12-18T21:17:44.666+0100][6387.172s] GC(175) Humongous regions: 4->4
[2023-12-18T21:17:44.666+0100][6387.172s] GC(175) Metaspace: 62562K(63424K)->62562K(63424K) NonClass: 55577K(56064K)->55577K(56064K) Class: 6985K(7360K)->6985K(7360K)
[2023-12-18T21:17:44.666+0100][6387.172s] GC(175) Pause Young (Normal) (G1 Evacuation Pause) 387M->97M(512M) 3.015ms
[2023-12-18T21:17:44.666+0100][6387.172s] GC(175) User=0.00s Sys=0.00s Real=0.00s
[2023-12-18T21:17:45.447+0100][6387.953s] GC(176) Pause Young (Normal) (G1 Evacuation Pause)
[2023-12-18T21:17:45.447+0100][6387.953s] GC(176) Using 10 workers of 10 for evacuation
[2023-12-18T21:17:45.450+0100][6387.956s] GC(176)   Pre Evacuate Collection Set: 0.0ms
[2023-12-18T21:17:45.450+0100][6387.956s] GC(176)   Merge Heap Roots: 0.0ms
[2023-12-18T21:17:45.450+0100][6387.956s] GC(176)   Evacuate Collection Set: 2.3ms
[2023-12-18T21:17:45.450+0100][6387.956s] GC(176)   Post Evacuate Collection Set: 0.3ms
[2023-12-18T21:17:45.450+0100][6387.956s] GC(176)   Other: 0.1ms
[2023-12-18T21:17:45.450+0100][6387.956s] GC(176) Eden regions: 291->0(291)
[2023-12-18T21:17:45.450+0100][6387.956s] GC(176) Survivor regions: 16->16(39)
[2023-12-18T21:17:45.450+0100][6387.956s] GC(176) Old regions: 78->79
[2023-12-18T21:17:45.450+0100][6387.956s] GC(176) Archive regions: 0->0
[2023-12-18T21:17:45.450+0100][6387.956s] GC(176) Humongous regions: 4->4
[2023-12-18T21:17:45.450+0100][6387.956s] GC(176) Metaspace: 62563K(63424K)->62563K(63424K) NonClass: 55578K(56064K)->55578K(56064K) Class: 6985K(7360K)->6985K(7360K)
[2023-12-18T21:17:45.450+0100][6387.956s] GC(176) Pause Young (Normal) (G1 Evacuation Pause) 388M->98M(512M) 2.958ms
[2023-12-18T21:17:45.450+0100][6387.956s] GC(176) User=0.00s Sys=0.00s Real=0.00s
[2023-12-18T21:17:46.251+0100][6388.757s] GC(177) Pause Young (Normal) (G1 Evacuation Pause)
[2023-12-18T21:17:46.251+0100][6388.758s] GC(177) Using 10 workers of 10 for evacuation
[2023-12-18T21:17:46.255+0100][6388.761s] GC(177)   Pre Evacuate Collection Set: 0.1ms
[2023-12-18T21:17:46.255+0100][6388.761s] GC(177)   Merge Heap Roots: 0.1ms
[2023-12-18T21:17:46.255+0100][6388.761s] GC(177)   Evacuate Collection Set: 2.2ms
[2023-12-18T21:17:46.255+0100][6388.761s] GC(177)   Post Evacuate Collection Set: 0.6ms
[2023-12-18T21:17:46.255+0100][6388.761s] GC(177)   Other: 0.1ms
[2023-12-18T21:17:46.255+0100][6388.761s] GC(177) Eden regions: 291->0(290)
[2023-12-18T21:17:46.255+0100][6388.761s] GC(177) Survivor regions: 16->17(39)
[2023-12-18T21:17:46.255+0100][6388.761s] GC(177) Old regions: 79->79
[2023-12-18T21:17:46.255+0100][6388.761s] GC(177) Archive regions: 0->0
[2023-12-18T21:17:46.255+0100][6388.761s] GC(177) Humongous regions: 4->4
[2023-12-18T21:17:46.255+0100][6388.761s] GC(177) Metaspace: 62563K(63424K)->62563K(63424K) NonClass: 55578K(56064K)->55578K(56064K) Class: 6985K(7360K)->6985K(7360K)
[2023-12-18T21:17:46.255+0100][6388.761s] GC(177) Pause Young (Normal) (G1 Evacuation Pause) 389M->99M(512M) 3.271ms
[2023-12-18T21:17:46.255+0100][6388.761s] GC(177) User=0.00s Sys=0.00s Real=0.00s
[2023-12-18T21:17:47.060+0100][6389.566s] GC(178) Pause Young (Normal) (G1 Evacuation Pause)
[2023-12-18T21:17:47.060+0100][6389.566s] GC(178) Using 10 workers of 10 for evacuation
[2023-12-18T21:17:47.064+0100][6389.569s] GC(178)   Pre Evacuate Collection Set: 0.1ms
[2023-12-18T21:17:47.064+0100][6389.569s] GC(178)   Merge Heap Roots: 0.1ms
[2023-12-18T21:17:47.064+0100][6389.569s] GC(178)   Evacuate Collection Set: 2.8ms
[2023-12-18T21:17:47.064+0100][6389.569s] GC(178)   Post Evacuate Collection Set: 0.5ms
[2023-12-18T21:17:47.064+0100][6389.569s] GC(178)   Other: 0.1ms
[2023-12-18T21:17:47.064+0100][6389.569s] GC(178) Eden regions: 290->0(290)
[2023-12-18T21:17:47.064+0100][6389.569s] GC(178) Survivor regions: 17->17(39)
[2023-12-18T21:17:47.064+0100][6389.569s] GC(178) Old regions: 79->80
[2023-12-18T21:17:47.064+0100][6389.569s] GC(178) Archive regions: 0->0
[2023-12-18T21:17:47.064+0100][6389.569s] GC(178) Humongous regions: 4->4
[2023-12-18T21:17:47.064+0100][6389.569s] GC(178) Metaspace: 62563K(63424K)->62563K(63424K) NonClass: 55578K(56064K)->55578K(56064K) Class: 6985K(7360K)->6985K(7360K)
[2023-12-18T21:17:47.064+0100][6389.569s] GC(178) Pause Young (Normal) (G1 Evacuation Pause) 389M->100M(512M) 3.753ms
[2023-12-18T21:17:47.064+0100][6389.569s] GC(178) User=0.16s Sys=0.00s Real=0.00s
[2023-12-18T21:17:47.861+0100][6390.367s] GC(179) Pause Young (Normal) (G1 Evacuation Pause)
[2023-12-18T21:17:47.861+0100][6390.367s] GC(179) Using 10 workers of 10 for evacuation
[2023-12-18T21:17:47.864+0100][6390.370s] GC(179)   Pre Evacuate Collection Set: 0.0ms
[2023-12-18T21:17:47.864+0100][6390.370s] GC(179)   Merge Heap Roots: 0.0ms
[2023-12-18T21:17:47.864+0100][6390.370s] GC(179)   Evacuate Collection Set: 2.4ms
[2023-12-18T21:17:47.864+0100][6390.370s] GC(179)   Post Evacuate Collection Set: 0.4ms
[2023-12-18T21:17:47.864+0100][6390.370s] GC(179)   Other: 0.1ms
[2023-12-18T21:17:47.864+0100][6390.370s] GC(179) Eden regions: 290->0(290)
[2023-12-18T21:17:47.864+0100][6390.370s] GC(179) Survivor regions: 17->17(39)
[2023-12-18T21:17:47.864+0100][6390.370s] GC(179) Old regions: 80->81
[2023-12-18T21:17:47.864+0100][6390.370s] GC(179) Archive regions: 0->0
[2023-12-18T21:17:47.864+0100][6390.370s] GC(179) Humongous regions: 4->4
[2023-12-18T21:17:47.864+0100][6390.370s] GC(179) Metaspace: 62563K(63424K)->62563K(63424K) NonClass: 55578K(56064K)->55578K(56064K) Class: 6985K(7360K)->6985K(7360K)
[2023-12-18T21:17:47.864+0100][6390.370s] GC(179) Pause Young (Normal) (G1 Evacuation Pause) 390M->100M(512M) 3.147ms
[2023-12-18T21:17:47.864+0100][6390.370s] GC(179) User=0.00s Sys=0.00s Real=0.00s
[2023-12-18T21:17:48.642+0100][6391.148s] GC(180) Pause Young (Normal) (G1 Evacuation Pause)
[2023-12-18T21:17:48.642+0100][6391.148s] GC(180) Using 10 workers of 10 for evacuation
[2023-12-18T21:17:48.645+0100][6391.151s] GC(180)   Pre Evacuate Collection Set: 0.1ms
[2023-12-18T21:17:48.646+0100][6391.151s] GC(180)   Merge Heap Roots: 0.1ms
[2023-12-18T21:17:48.646+0100][6391.151s] GC(180)   Evacuate Collection Set: 2.3ms
[2023-12-18T21:17:48.646+0100][6391.151s] GC(180)   Post Evacuate Collection Set: 0.5ms
[2023-12-18T21:17:48.646+0100][6391.151s] GC(180)   Other: 0.1ms
[2023-12-18T21:17:48.646+0100][6391.151s] GC(180) Eden regions: 290->0(290)
[2023-12-18T21:17:48.646+0100][6391.151s] GC(180) Survivor regions: 17->17(39)
[2023-12-18T21:17:48.646+0100][6391.151s] GC(180) Old regions: 81->82
[2023-12-18T21:17:48.646+0100][6391.151s] GC(180) Archive regions: 0->0
[2023-12-18T21:17:48.646+0100][6391.151s] GC(180) Humongous regions: 4->4
[2023-12-18T21:17:48.646+0100][6391.151s] GC(180) Metaspace: 62563K(63424K)->62563K(63424K) NonClass: 55578K(56064K)->55578K(56064K) Class: 6985K(7360K)->6985K(7360K)
[2023-12-18T21:17:48.646+0100][6391.151s] GC(180) Pause Young (Normal) (G1 Evacuation Pause) 390M->101M(512M) 3.230ms
[2023-12-18T21:17:48.646+0100][6391.151s] GC(180) User=0.00s Sys=0.00s Real=0.00s
[2023-12-18T21:17:49.436+0100][6391.941s] GC(181) Pause Young (Normal) (G1 Evacuation Pause)
[2023-12-18T21:17:49.436+0100][6391.942s] GC(181) Using 10 workers of 10 for evacuation
[2023-12-18T21:17:49.439+0100][6391.945s] GC(181)   Pre Evacuate Collection Set: 0.1ms
[2023-12-18T21:17:49.439+0100][6391.945s] GC(181)   Merge Heap Roots: 0.0ms
[2023-12-18T21:17:49.439+0100][6391.945s] GC(181)   Evacuate Collection Set: 2.5ms
[2023-12-18T21:17:49.439+0100][6391.945s] GC(181)   Post Evacuate Collection Set: 0.4ms
[2023-12-18T21:17:49.439+0100][6391.945s] GC(181)   Other: 0.1ms
[2023-12-18T21:17:49.439+0100][6391.945s] GC(181) Eden regions: 290->0(290)
[2023-12-18T21:17:49.439+0100][6391.945s] GC(181) Survivor regions: 17->17(39)
[2023-12-18T21:17:49.439+0100][6391.945s] GC(181) Old regions: 82->83
[2023-12-18T21:17:49.439+0100][6391.945s] GC(181) Archive regions: 0->0
[2023-12-18T21:17:49.439+0100][6391.945s] GC(181) Humongous regions: 4->4
[2023-12-18T21:17:49.439+0100][6391.945s] GC(181) Metaspace: 62563K(63424K)->62563K(63424K) NonClass: 55578K(56064K)->55578K(56064K) Class: 6985K(7360K)->6985K(7360K)
[2023-12-18T21:17:49.439+0100][6391.945s] GC(181) Pause Young (Normal) (G1 Evacuation Pause) 391M->103M(512M) 3.330ms
[2023-12-18T21:17:49.439+0100][6391.945s] GC(181) User=0.16s Sys=0.00s Real=0.00s
[2023-12-18T21:17:50.237+0100][6392.742s] GC(182) Pause Young (Normal) (G1 Evacuation Pause)
[2023-12-18T21:17:50.237+0100][6392.742s] GC(182) Using 10 workers of 10 for evacuation
[2023-12-18T21:17:50.239+0100][6392.745s] GC(182)   Pre Evacuate Collection Set: 0.0ms
[2023-12-18T21:17:50.239+0100][6392.745s] GC(182)   Merge Heap Roots: 0.0ms
[2023-12-18T21:17:50.239+0100][6392.745s] GC(182)   Evacuate Collection Set: 2.1ms
[2023-12-18T21:17:50.239+0100][6392.745s] GC(182)   Post Evacuate Collection Set: 0.4ms
[2023-12-18T21:17:50.239+0100][6392.745s] GC(182)   Other: 0.1ms
[2023-12-18T21:17:50.239+0100][6392.745s] GC(182) Eden regions: 290->0(290)
[2023-12-18T21:17:50.239+0100][6392.745s] GC(182) Survivor regions: 17->17(39)
[2023-12-18T21:17:50.239+0100][6392.745s] GC(182) Old regions: 83->84
[2023-12-18T21:17:50.239+0100][6392.745s] GC(182) Archive regions: 0->0
[2023-12-18T21:17:50.239+0100][6392.745s] GC(182) Humongous regions: 4->4
[2023-12-18T21:17:50.239+0100][6392.745s] GC(182) Metaspace: 62563K(63424K)->62563K(63424K) NonClass: 55578K(56064K)->55578K(56064K) Class: 6985K(7360K)->6985K(7360K)
[2023-12-18T21:17:50.239+0100][6392.745s] GC(182) Pause Young (Normal) (G1 Evacuation Pause) 393M->103M(512M) 2.825ms
[2023-12-18T21:17:50.239+0100][6392.745s] GC(182) User=0.00s Sys=0.00s Real=0.00s
[2023-12-18T21:17:51.044+0100][6393.549s] GC(183) Pause Young (Normal) (G1 Evacuation Pause)
[2023-12-18T21:17:51.044+0100][6393.549s] GC(183) Using 10 workers of 10 for evacuation
[2023-12-18T21:17:51.047+0100][6393.552s] GC(183)   Pre Evacuate Collection Set: 0.1ms
[2023-12-18T21:17:51.047+0100][6393.552s] GC(183)   Merge Heap Roots: 0.1ms
[2023-12-18T21:17:51.047+0100][6393.552s] GC(183)   Evacuate Collection Set: 2.3ms
[2023-12-18T21:17:51.047+0100][6393.552s] GC(183)   Post Evacuate Collection Set: 0.4ms
[2023-12-18T21:17:51.047+0100][6393.552s] GC(183)   Other: 0.1ms
[2023-12-18T21:17:51.047+0100][6393.552s] GC(183) Eden regions: 290->0(290)
[2023-12-18T21:17:51.047+0100][6393.552s] GC(183) Survivor regions: 17->17(39)
[2023-12-18T21:17:51.047+0100][6393.552s] GC(183) Old regions: 84->85
[2023-12-18T21:17:51.047+0100][6393.552s] GC(183) Archive regions: 0->0
[2023-12-18T21:17:51.047+0100][6393.552s] GC(183) Humongous regions: 4->4
[2023-12-18T21:17:51.047+0100][6393.552s] GC(183) Metaspace: 62600K(63424K)->62600K(63424K) NonClass: 55614K(56064K)->55614K(56064K) Class: 6985K(7360K)->6985K(7360K)
[2023-12-18T21:17:51.047+0100][6393.552s] GC(183) Pause Young (Normal) (G1 Evacuation Pause) 393M->104M(512M) 3.101ms
[2023-12-18T21:17:51.047+0100][6393.552s] GC(183) User=0.00s Sys=0.00s Real=0.00s
[2023-12-18T21:17:51.846+0100][6394.351s] GC(184) Pause Young (Normal) (G1 Evacuation Pause)
[2023-12-18T21:17:51.846+0100][6394.351s] GC(184) Using 10 workers of 10 for evacuation
[2023-12-18T21:17:51.849+0100][6394.354s] GC(184)   Pre Evacuate Collection Set: 0.1ms
[2023-12-18T21:17:51.849+0100][6394.354s] GC(184)   Merge Heap Roots: 0.1ms
[2023-12-18T21:17:51.849+0100][6394.354s] GC(184)   Evacuate Collection Set: 2.2ms
[2023-12-18T21:17:51.849+0100][6394.354s] GC(184)   Post Evacuate Collection Set: 0.4ms
[2023-12-18T21:17:51.849+0100][6394.354s] GC(184)   Other: 0.1ms
[2023-12-18T21:17:51.849+0100][6394.354s] GC(184) Eden regions: 290->0(291)
[2023-12-18T21:17:51.849+0100][6394.354s] GC(184) Survivor regions: 17->16(39)
[2023-12-18T21:17:51.849+0100][6394.354s] GC(184) Old regions: 85->86
[2023-12-18T21:17:51.849+0100][6394.354s] GC(184) Archive regions: 0->0
[2023-12-18T21:17:51.849+0100][6394.354s] GC(184) Humongous regions: 4->4
[2023-12-18T21:17:51.849+0100][6394.354s] GC(184) Metaspace: 62600K(63424K)->62600K(63424K) NonClass: 55614K(56064K)->55614K(56064K) Class: 6985K(7360K)->6985K(7360K)
[2023-12-18T21:17:51.849+0100][6394.354s] GC(184) Pause Young (Normal) (G1 Evacuation Pause) 394M->105M(512M) 3.116ms
[2023-12-18T21:17:51.849+0100][6394.354s] GC(184) User=0.00s Sys=0.00s Real=0.00s
[2023-12-18T21:17:52.639+0100][6395.145s] GC(185) Pause Young (Normal) (G1 Evacuation Pause)
[2023-12-18T21:17:52.639+0100][6395.145s] GC(185) Using 10 workers of 10 for evacuation
[2023-12-18T21:17:52.642+0100][6395.148s] GC(185)   Pre Evacuate Collection Set: 0.0ms
[2023-12-18T21:17:52.642+0100][6395.148s] GC(185)   Merge Heap Roots: 0.0ms
[2023-12-18T21:17:52.642+0100][6395.148s] GC(185)   Evacuate Collection Set: 2.3ms
[2023-12-18T21:17:52.642+0100][6395.148s] GC(185)   Post Evacuate Collection Set: 0.4ms
[2023-12-18T21:17:52.642+0100][6395.148s] GC(185)   Other: 0.1ms
[2023-12-18T21:17:52.642+0100][6395.148s] GC(185) Eden regions: 291->0(290)
[2023-12-18T21:17:52.642+0100][6395.148s] GC(185) Survivor regions: 16->17(39)
[2023-12-18T21:17:52.642+0100][6395.148s] GC(185) Old regions: 86->87
[2023-12-18T21:17:52.642+0100][6395.148s] GC(185) Archive regions: 0->0
[2023-12-18T21:17:52.642+0100][6395.148s] GC(185) Humongous regions: 4->4
[2023-12-18T21:17:52.642+0100][6395.148s] GC(185) Metaspace: 62600K(63424K)->62600K(63424K) NonClass: 55614K(56064K)->55614K(56064K) Class: 6985K(7360K)->6985K(7360K)
[2023-12-18T21:17:52.642+0100][6395.148s] GC(185) Pause Young (Normal) (G1 Evacuation Pause) 396M->106M(512M) 3.057ms
[2023-12-18T21:17:52.642+0100][6395.148s] GC(185) User=0.14s Sys=0.02s Real=0.00s
[2023-12-18T21:17:53.428+0100][6395.933s] GC(186) Pause Young (Normal) (G1 Evacuation Pause)
[2023-12-18T21:17:53.428+0100][6395.934s] GC(186) Using 10 workers of 10 for evacuation
[2023-12-18T21:17:53.430+0100][6395.936s] GC(186)   Pre Evacuate Collection Set: 0.0ms
[2023-12-18T21:17:53.430+0100][6395.936s] GC(186)   Merge Heap Roots: 0.0ms
[2023-12-18T21:17:53.430+0100][6395.936s] GC(186)   Evacuate Collection Set: 2.2ms
[2023-12-18T21:17:53.430+0100][6395.936s] GC(186)   Post Evacuate Collection Set: 0.3ms
[2023-12-18T21:17:53.430+0100][6395.936s] GC(186)   Other: 0.1ms
[2023-12-18T21:17:53.431+0100][6395.936s] GC(186) Eden regions: 290->0(291)
[2023-12-18T21:17:53.431+0100][6395.936s] GC(186) Survivor regions: 17->16(39)
[2023-12-18T21:17:53.431+0100][6395.936s] GC(186) Old regions: 87->88
[2023-12-18T21:17:53.431+0100][6395.936s] GC(186) Archive regions: 0->0
[2023-12-18T21:17:53.431+0100][6395.936s] GC(186) Humongous regions: 4->4
[2023-12-18T21:17:53.431+0100][6395.936s] GC(186) Metaspace: 62600K(63424K)->62600K(63424K) NonClass: 55614K(56064K)->55614K(56064K) Class: 6985K(7360K)->6985K(7360K)
[2023-12-18T21:17:53.431+0100][6395.936s] GC(186) Pause Young (Normal) (G1 Evacuation Pause) 396M->107M(512M) 2.896ms
[2023-12-18T21:17:53.431+0100][6395.936s] GC(186) User=0.00s Sys=0.00s Real=0.00s
[2023-12-18T21:17:54.220+0100][6396.725s] GC(187) Pause Young (Normal) (G1 Evacuation Pause)
[2023-12-18T21:17:54.220+0100][6396.725s] GC(187) Using 10 workers of 10 for evacuation
[2023-12-18T21:17:54.223+0100][6396.728s] GC(187)   Pre Evacuate Collection Set: 0.0ms
[2023-12-18T21:17:54.223+0100][6396.728s] GC(187)   Merge Heap Roots: 0.0ms
[2023-12-18T21:17:54.223+0100][6396.728s] GC(187)   Evacuate Collection Set: 2.4ms
[2023-12-18T21:17:54.223+0100][6396.728s] GC(187)   Post Evacuate Collection Set: 0.5ms
[2023-12-18T21:17:54.223+0100][6396.728s] GC(187)   Other: 0.1ms
[2023-12-18T21:17:54.223+0100][6396.728s] GC(187) Eden regions: 291->0(291)
[2023-12-18T21:17:54.223+0100][6396.728s] GC(187) Survivor regions: 16->16(39)
[2023-12-18T21:17:54.223+0100][6396.729s] GC(187) Old regions: 88->89
[2023-12-18T21:17:54.223+0100][6396.729s] GC(187) Archive regions: 0->0
[2023-12-18T21:17:54.223+0100][6396.729s] GC(187) Humongous regions: 4->4
[2023-12-18T21:17:54.223+0100][6396.729s] GC(187) Metaspace: 62600K(63424K)->62600K(63424K) NonClass: 55614K(56064K)->55614K(56064K) Class: 6985K(7360K)->6985K(7360K)
[2023-12-18T21:17:54.223+0100][6396.729s] GC(187) Pause Young (Normal) (G1 Evacuation Pause) 398M->108M(512M) 3.224ms
[2023-12-18T21:17:54.223+0100][6396.729s] GC(187) User=0.00s Sys=0.00s Real=0.00s
[2023-12-18T21:17:55.026+0100][6397.532s] GC(188) Pause Young (Normal) (G1 Evacuation Pause)
[2023-12-18T21:17:55.026+0100][6397.532s] GC(188) Using 10 workers of 10 for evacuation
[2023-12-18T21:17:55.029+0100][6397.535s] GC(188)   Pre Evacuate Collection Set: 0.1ms
[2023-12-18T21:17:55.029+0100][6397.535s] GC(188)   Merge Heap Roots: 0.1ms
[2023-12-18T21:17:55.029+0100][6397.535s] GC(188)   Evacuate Collection Set: 2.4ms
[2023-12-18T21:17:55.029+0100][6397.535s] GC(188)   Post Evacuate Collection Set: 0.5ms
[2023-12-18T21:17:55.029+0100][6397.535s] GC(188)   Other: 0.1ms
[2023-12-18T21:17:55.029+0100][6397.535s] GC(188) Eden regions: 291->0(290)
[2023-12-18T21:17:55.029+0100][6397.535s] GC(188) Survivor regions: 16->17(39)
[2023-12-18T21:17:55.029+0100][6397.535s] GC(188) Old regions: 89->90
[2023-12-18T21:17:55.029+0100][6397.535s] GC(188) Archive regions: 0->0
[2023-12-18T21:17:55.029+0100][6397.535s] GC(188) Humongous regions: 4->4
[2023-12-18T21:17:55.029+0100][6397.535s] GC(188) Metaspace: 62600K(63424K)->62600K(63424K) NonClass: 55614K(56064K)->55614K(56064K) Class: 6985K(7360K)->6985K(7360K)
[2023-12-18T21:17:55.029+0100][6397.535s] GC(188) Pause Young (Normal) (G1 Evacuation Pause) 399M->110M(512M) 3.340ms
[2023-12-18T21:17:55.029+0100][6397.535s] GC(188) User=0.00s Sys=0.00s Real=0.00s
[2023-12-18T21:17:55.809+0100][6398.315s] GC(189) Pause Young (Normal) (G1 Evacuation Pause)
[2023-12-18T21:17:55.809+0100][6398.315s] GC(189) Using 10 workers of 10 for evacuation
[2023-12-18T21:17:55.812+0100][6398.318s] GC(189)   Pre Evacuate Collection Set: 0.1ms
[2023-12-18T21:17:55.812+0100][6398.318s] GC(189)   Merge Heap Roots: 0.1ms
[2023-12-18T21:17:55.812+0100][6398.318s] GC(189)   Evacuate Collection Set: 2.5ms
[2023-12-18T21:17:55.813+0100][6398.318s] GC(189)   Post Evacuate Collection Set: 0.7ms
[2023-12-18T21:17:55.813+0100][6398.318s] GC(189)   Other: 0.1ms
[2023-12-18T21:17:55.813+0100][6398.318s] GC(189) Eden regions: 290->0(290)
[2023-12-18T21:17:55.813+0100][6398.318s] GC(189) Survivor regions: 17->17(39)
[2023-12-18T21:17:55.813+0100][6398.318s] GC(189) Old regions: 90->91
[2023-12-18T21:17:55.813+0100][6398.318s] GC(189) Archive regions: 0->0
[2023-12-18T21:17:55.813+0100][6398.318s] GC(189) Humongous regions: 4->4
[2023-12-18T21:17:55.813+0100][6398.318s] GC(189) Metaspace: 62600K(63424K)->62600K(63424K) NonClass: 55614K(56064K)->55614K(56064K) Class: 6985K(7360K)->6985K(7360K)
[2023-12-18T21:17:55.813+0100][6398.318s] GC(189) Pause Young (Normal) (G1 Evacuation Pause) 400M->111M(512M) 3.728ms
[2023-12-18T21:17:55.813+0100][6398.318s] GC(189) User=0.00s Sys=0.02s Real=0.00s
[2023-12-18T21:17:56.597+0100][6399.102s] GC(190) Pause Young (Normal) (G1 Evacuation Pause)
[2023-12-18T21:17:56.597+0100][6399.103s] GC(190) Using 10 workers of 10 for evacuation
[2023-12-18T21:17:56.600+0100][6399.106s] GC(190)   Pre Evacuate Collection Set: 0.1ms
[2023-12-18T21:17:56.600+0100][6399.106s] GC(190)   Merge Heap Roots: 0.1ms
[2023-12-18T21:17:56.600+0100][6399.106s] GC(190)   Evacuate Collection Set: 2.3ms
[2023-12-18T21:17:56.600+0100][6399.106s] GC(190)   Post Evacuate Collection Set: 0.5ms
[2023-12-18T21:17:56.600+0100][6399.106s] GC(190)   Other: 0.1ms
[2023-12-18T21:17:56.600+0100][6399.106s] GC(190) Eden regions: 290->0(290)
[2023-12-18T21:17:56.600+0100][6399.106s] GC(190) Survivor regions: 17->17(39)
[2023-12-18T21:17:56.600+0100][6399.106s] GC(190) Old regions: 91->92
[2023-12-18T21:17:56.600+0100][6399.106s] GC(190) Archive regions: 0->0
[2023-12-18T21:17:56.600+0100][6399.106s] GC(190) Humongous regions: 4->4
[2023-12-18T21:17:56.600+0100][6399.106s] GC(190) Metaspace: 62601K(63424K)->62601K(63424K) NonClass: 55616K(56064K)->55616K(56064K) Class: 6985K(7360K)->6985K(7360K)
[2023-12-18T21:17:56.600+0100][6399.106s] GC(190) Pause Young (Normal) (G1 Evacuation Pause) 401M->112M(512M) 3.279ms
[2023-12-18T21:17:56.600+0100][6399.106s] GC(190) User=0.00s Sys=0.00s Real=0.00s
[2023-12-18T21:17:57.349+0100][6399.854s] GC(191) Pause Young (Normal) (G1 Evacuation Pause)
[2023-12-18T21:17:57.349+0100][6399.854s] GC(191) Using 10 workers of 10 for evacuation
[2023-12-18T21:17:57.351+0100][6399.857s] GC(191)   Pre Evacuate Collection Set: 0.0ms
[2023-12-18T21:17:57.351+0100][6399.857s] GC(191)   Merge Heap Roots: 0.0ms
[2023-12-18T21:17:57.351+0100][6399.857s] GC(191)   Evacuate Collection Set: 2.3ms
[2023-12-18T21:17:57.351+0100][6399.857s] GC(191)   Post Evacuate Collection Set: 0.3ms
[2023-12-18T21:17:57.351+0100][6399.857s] GC(191)   Other: 0.1ms
[2023-12-18T21:17:57.351+0100][6399.857s] GC(191) Eden regions: 290->0(291)
[2023-12-18T21:17:57.351+0100][6399.857s] GC(191) Survivor regions: 17->16(39)
[2023-12-18T21:17:57.351+0100][6399.857s] GC(191) Old regions: 92->93
[2023-12-18T21:17:57.351+0100][6399.857s] GC(191) Archive regions: 0->0
[2023-12-18T21:17:57.351+0100][6399.857s] GC(191) Humongous regions: 4->4
[2023-12-18T21:17:57.351+0100][6399.857s] GC(191) Metaspace: 62601K(63424K)->62601K(63424K) NonClass: 55616K(56064K)->55616K(56064K) Class: 6985K(7360K)->6985K(7360K)
[2023-12-18T21:17:57.352+0100][6399.857s] GC(191) Pause Young (Normal) (G1 Evacuation Pause) 402M->112M(512M) 2.926ms
[2023-12-18T21:17:57.352+0100][6399.857s] GC(191) User=0.00s Sys=0.00s Real=0.00s
[2023-12-18T21:17:58.145+0100][6400.650s] GC(192) Pause Young (Normal) (G1 Evacuation Pause)
[2023-12-18T21:17:58.145+0100][6400.650s] GC(192) Using 10 workers of 10 for evacuation
[2023-12-18T21:17:58.148+0100][6400.653s] GC(192)   Pre Evacuate Collection Set: 0.0ms
[2023-12-18T21:17:58.148+0100][6400.653s] GC(192)   Merge Heap Roots: 0.0ms
[2023-12-18T21:17:58.148+0100][6400.653s] GC(192)   Evacuate Collection Set: 2.6ms
[2023-12-18T21:17:58.148+0100][6400.653s] GC(192)   Post Evacuate Collection Set: 0.7ms
[2023-12-18T21:17:58.148+0100][6400.653s] GC(192)   Other: 0.1ms
[2023-12-18T21:17:58.148+0100][6400.653s] GC(192) Eden regions: 291->0(290)
[2023-12-18T21:17:58.148+0100][6400.653s] GC(192) Survivor regions: 16->17(39)
[2023-12-18T21:17:58.148+0100][6400.654s] GC(192) Old regions: 93->94
[2023-12-18T21:17:58.148+0100][6400.654s] GC(192) Archive regions: 0->0
[2023-12-18T21:17:58.148+0100][6400.654s] GC(192) Humongous regions: 4->4
[2023-12-18T21:17:58.148+0100][6400.654s] GC(192) Metaspace: 62601K(63424K)->62601K(63424K) NonClass: 55616K(56064K)->55616K(56064K) Class: 6985K(7360K)->6985K(7360K)
[2023-12-18T21:17:58.148+0100][6400.654s] GC(192) Pause Young (Normal) (G1 Evacuation Pause) 403M->114M(512M) 3.796ms
[2023-12-18T21:17:58.148+0100][6400.654s] GC(192) User=0.00s Sys=0.00s Real=0.00s
[2023-12-18T21:17:58.947+0100][6401.452s] GC(193) Pause Young (Normal) (G1 Evacuation Pause)
[2023-12-18T21:17:58.947+0100][6401.452s] GC(193) Using 10 workers of 10 for evacuation
[2023-12-18T21:17:58.950+0100][6401.455s] GC(193)   Pre Evacuate Collection Set: 0.1ms
[2023-12-18T21:17:58.950+0100][6401.455s] GC(193)   Merge Heap Roots: 0.1ms
[2023-12-18T21:17:58.950+0100][6401.455s] GC(193)   Evacuate Collection Set: 2.3ms
[2023-12-18T21:17:58.950+0100][6401.455s] GC(193)   Post Evacuate Collection Set: 0.4ms
[2023-12-18T21:17:58.950+0100][6401.455s] GC(193)   Other: 0.1ms
[2023-12-18T21:17:58.950+0100][6401.455s] GC(193) Eden regions: 290->0(291)
[2023-12-18T21:17:58.950+0100][6401.455s] GC(193) Survivor regions: 17->16(39)
[2023-12-18T21:17:58.950+0100][6401.455s] GC(193) Old regions: 94->95
[2023-12-18T21:17:58.950+0100][6401.455s] GC(193) Archive regions: 0->0
[2023-12-18T21:17:58.950+0100][6401.455s] GC(193) Humongous regions: 4->4
[2023-12-18T21:17:58.950+0100][6401.455s] GC(193) Metaspace: 62601K(63424K)->62601K(63424K) NonClass: 55616K(56064K)->55616K(56064K) Class: 6985K(7360K)->6985K(7360K)
[2023-12-18T21:17:58.950+0100][6401.455s] GC(193) Pause Young (Normal) (G1 Evacuation Pause) 404M->114M(512M) 3.166ms
[2023-12-18T21:17:58.950+0100][6401.455s] GC(193) User=0.00s Sys=0.00s Real=0.00s
[2023-12-18T21:17:59.731+0100][6402.237s] GC(194) Pause Young (Normal) (G1 Evacuation Pause)
[2023-12-18T21:17:59.731+0100][6402.237s] GC(194) Using 10 workers of 10 for evacuation
[2023-12-18T21:17:59.734+0100][6402.239s] GC(194)   Pre Evacuate Collection Set: 0.0ms
[2023-12-18T21:17:59.734+0100][6402.240s] GC(194)   Merge Heap Roots: 0.0ms
[2023-12-18T21:17:59.734+0100][6402.240s] GC(194)   Evacuate Collection Set: 2.3ms
[2023-12-18T21:17:59.734+0100][6402.240s] GC(194)   Post Evacuate Collection Set: 0.3ms
[2023-12-18T21:17:59.734+0100][6402.240s] GC(194)   Other: 0.1ms
[2023-12-18T21:17:59.734+0100][6402.240s] GC(194) Eden regions: 291->0(291)
[2023-12-18T21:17:59.734+0100][6402.240s] GC(194) Survivor regions: 16->16(39)
[2023-12-18T21:17:59.734+0100][6402.240s] GC(194) Old regions: 95->96
[2023-12-18T21:17:59.734+0100][6402.240s] GC(194) Archive regions: 0->0
[2023-12-18T21:17:59.734+0100][6402.240s] GC(194) Humongous regions: 4->4
[2023-12-18T21:17:59.734+0100][6402.240s] GC(194) Metaspace: 62601K(63424K)->62601K(63424K) NonClass: 55616K(56064K)->55616K(56064K) Class: 6985K(7360K)->6985K(7360K)
[2023-12-18T21:17:59.734+0100][6402.240s] GC(194) Pause Young (Normal) (G1 Evacuation Pause) 405M->115M(512M) 3.017ms
[2023-12-18T21:17:59.734+0100][6402.240s] GC(194) User=0.00s Sys=0.00s Real=0.00s
[2023-12-18T21:18:00.540+0100][6403.045s] GC(195) Pause Young (Normal) (G1 Evacuation Pause)
[2023-12-18T21:18:00.540+0100][6403.045s] GC(195) Using 10 workers of 10 for evacuation
[2023-12-18T21:18:00.544+0100][6403.049s] GC(195)   Pre Evacuate Collection Set: 0.1ms
[2023-12-18T21:18:00.544+0100][6403.049s] GC(195)   Merge Heap Roots: 0.1ms
[2023-12-18T21:18:00.544+0100][6403.049s] GC(195)   Evacuate Collection Set: 2.3ms
[2023-12-18T21:18:00.544+0100][6403.049s] GC(195)   Post Evacuate Collection Set: 0.7ms
[2023-12-18T21:18:00.544+0100][6403.049s] GC(195)   Other: 0.1ms
[2023-12-18T21:18:00.544+0100][6403.049s] GC(195) Eden regions: 291->0(291)
[2023-12-18T21:18:00.544+0100][6403.049s] GC(195) Survivor regions: 16->16(39)
[2023-12-18T21:18:00.544+0100][6403.049s] GC(195) Old regions: 96->97
[2023-12-18T21:18:00.544+0100][6403.049s] GC(195) Archive regions: 0->0
[2023-12-18T21:18:00.544+0100][6403.049s] GC(195) Humongous regions: 4->4
[2023-12-18T21:18:00.544+0100][6403.049s] GC(195) Metaspace: 62601K(63424K)->62601K(63424K) NonClass: 55616K(56064K)->55616K(56064K) Class: 6985K(7360K)->6985K(7360K)
[2023-12-18T21:18:00.544+0100][6403.049s] GC(195) Pause Young (Normal) (G1 Evacuation Pause) 406M->116M(512M) 3.531ms
[2023-12-18T21:18:00.544+0100][6403.049s] GC(195) User=0.00s Sys=0.00s Real=0.00s
[2023-12-18T21:18:01.326+0100][6403.832s] GC(196) Pause Young (Normal) (G1 Evacuation Pause)
[2023-12-18T21:18:01.326+0100][6403.832s] GC(196) Using 10 workers of 10 for evacuation
[2023-12-18T21:18:01.329+0100][6403.835s] GC(196)   Pre Evacuate Collection Set: 0.1ms
[2023-12-18T21:18:01.329+0100][6403.835s] GC(196)   Merge Heap Roots: 0.1ms
[2023-12-18T21:18:01.329+0100][6403.835s] GC(196)   Evacuate Collection Set: 2.2ms
[2023-12-18T21:18:01.329+0100][6403.835s] GC(196)   Post Evacuate Collection Set: 0.4ms
[2023-12-18T21:18:01.329+0100][6403.835s] GC(196)   Other: 0.1ms
[2023-12-18T21:18:01.329+0100][6403.835s] GC(196) Eden regions: 291->0(291)
[2023-12-18T21:18:01.329+0100][6403.835s] GC(196) Survivor regions: 16->16(39)
[2023-12-18T21:18:01.329+0100][6403.835s] GC(196) Old regions: 97->98
[2023-12-18T21:18:01.329+0100][6403.835s] GC(196) Archive regions: 0->0
[2023-12-18T21:18:01.329+0100][6403.835s] GC(196) Humongous regions: 4->4
[2023-12-18T21:18:01.329+0100][6403.835s] GC(196) Metaspace: 62601K(63424K)->62601K(63424K) NonClass: 55616K(56064K)->55616K(56064K) Class: 6985K(7360K)->6985K(7360K)
[2023-12-18T21:18:01.329+0100][6403.835s] GC(196) Pause Young (Normal) (G1 Evacuation Pause) 407M->117M(512M) 3.096ms
[2023-12-18T21:18:01.329+0100][6403.835s] GC(196) User=0.16s Sys=0.00s Real=0.00s
[2023-12-18T21:18:02.119+0100][6404.624s] GC(197) Pause Young (Normal) (G1 Evacuation Pause)
[2023-12-18T21:18:02.119+0100][6404.624s] GC(197) Using 10 workers of 10 for evacuation
[2023-12-18T21:18:02.121+0100][6404.627s] GC(197)   Pre Evacuate Collection Set: 0.0ms
[2023-12-18T21:18:02.122+0100][6404.627s] GC(197)   Merge Heap Roots: 0.0ms
[2023-12-18T21:18:02.122+0100][6404.627s] GC(197)   Evacuate Collection Set: 2.4ms
[2023-12-18T21:18:02.122+0100][6404.627s] GC(197)   Post Evacuate Collection Set: 0.3ms
[2023-12-18T21:18:02.122+0100][6404.627s] GC(197)   Other: 0.1ms
[2023-12-18T21:18:02.122+0100][6404.627s] GC(197) Eden regions: 291->0(290)
[2023-12-18T21:18:02.122+0100][6404.627s] GC(197) Survivor regions: 16->17(39)
[2023-12-18T21:18:02.122+0100][6404.627s] GC(197) Old regions: 98->99
[2023-12-18T21:18:02.122+0100][6404.627s] GC(197) Archive regions: 0->0
[2023-12-18T21:18:02.122+0100][6404.627s] GC(197) Humongous regions: 4->4
[2023-12-18T21:18:02.122+0100][6404.627s] GC(197) Metaspace: 62601K(63424K)->62601K(63424K) NonClass: 55616K(56064K)->55616K(56064K) Class: 6985K(7360K)->6985K(7360K)
[2023-12-18T21:18:02.122+0100][6404.627s] GC(197) Pause Young (Normal) (G1 Evacuation Pause) 408M->118M(512M) 3.052ms
[2023-12-18T21:18:02.122+0100][6404.627s] GC(197) User=0.00s Sys=0.00s Real=0.00s
[2023-12-18T21:18:02.935+0100][6405.441s] GC(198) Pause Young (Normal) (G1 Evacuation Pause)
[2023-12-18T21:18:02.935+0100][6405.441s] GC(198) Using 10 workers of 10 for evacuation
[2023-12-18T21:18:02.939+0100][6405.445s] GC(198)   Pre Evacuate Collection Set: 0.0ms
[2023-12-18T21:18:02.939+0100][6405.445s] GC(198)   Merge Heap Roots: 0.0ms
[2023-12-18T21:18:02.939+0100][6405.445s] GC(198)   Evacuate Collection Set: 2.6ms
[2023-12-18T21:18:02.939+0100][6405.445s] GC(198)   Post Evacuate Collection Set: 0.6ms
[2023-12-18T21:18:02.939+0100][6405.445s] GC(198)   Other: 0.1ms
[2023-12-18T21:18:02.939+0100][6405.445s] GC(198) Eden regions: 290->0(289)
[2023-12-18T21:18:02.939+0100][6405.445s] GC(198) Survivor regions: 17->18(39)
[2023-12-18T21:18:02.939+0100][6405.445s] GC(198) Old regions: 99->100
[2023-12-18T21:18:02.939+0100][6405.445s] GC(198) Archive regions: 0->0
[2023-12-18T21:18:02.939+0100][6405.445s] GC(198) Humongous regions: 4->4
[2023-12-18T21:18:02.939+0100][6405.445s] GC(198) Metaspace: 62601K(63424K)->62601K(63424K) NonClass: 55616K(56064K)->55616K(56064K) Class: 6985K(7360K)->6985K(7360K)
[2023-12-18T21:18:02.939+0100][6405.445s] GC(198) Pause Young (Normal) (G1 Evacuation Pause) 408M->120M(512M) 4.132ms
[2023-12-18T21:18:02.939+0100][6405.445s] GC(198) User=0.02s Sys=0.00s Real=0.00s
[2023-12-18T21:18:03.721+0100][6406.227s] GC(199) Pause Young (Normal) (G1 Evacuation Pause)
[2023-12-18T21:18:03.721+0100][6406.227s] GC(199) Using 10 workers of 10 for evacuation
[2023-12-18T21:18:03.724+0100][6406.230s] GC(199)   Pre Evacuate Collection Set: 0.1ms
[2023-12-18T21:18:03.724+0100][6406.230s] GC(199)   Merge Heap Roots: 0.1ms
[2023-12-18T21:18:03.724+0100][6406.230s] GC(199)   Evacuate Collection Set: 2.4ms
[2023-12-18T21:18:03.724+0100][6406.230s] GC(199)   Post Evacuate Collection Set: 0.5ms
[2023-12-18T21:18:03.724+0100][6406.230s] GC(199)   Other: 0.1ms
[2023-12-18T21:18:03.724+0100][6406.230s] GC(199) Eden regions: 289->0(290)
[2023-12-18T21:18:03.724+0100][6406.230s] GC(199) Survivor regions: 18->17(39)
[2023-12-18T21:18:03.724+0100][6406.230s] GC(199) Old regions: 100->101
[2023-12-18T21:18:03.724+0100][6406.230s] GC(199) Archive regions: 0->0
[2023-12-18T21:18:03.724+0100][6406.230s] GC(199) Humongous regions: 4->4
[2023-12-18T21:18:03.724+0100][6406.230s] GC(199) Metaspace: 62601K(63424K)->62601K(63424K) NonClass: 55616K(56064K)->55616K(56064K) Class: 6985K(7360K)->6985K(7360K)
[2023-12-18T21:18:03.724+0100][6406.230s] GC(199) Pause Young (Normal) (G1 Evacuation Pause) 409M->120M(512M) 3.279ms
[2023-12-18T21:18:03.724+0100][6406.230s] GC(199) User=0.00s Sys=0.00s Real=0.00s
[2023-12-18T21:18:04.511+0100][6407.017s] GC(200) Pause Young (Normal) (G1 Evacuation Pause)
[2023-12-18T21:18:04.511+0100][6407.017s] GC(200) Using 10 workers of 10 for evacuation
[2023-12-18T21:18:04.514+0100][6407.020s] GC(200)   Pre Evacuate Collection Set: 0.1ms
[2023-12-18T21:18:04.514+0100][6407.020s] GC(200)   Merge Heap Roots: 0.1ms
[2023-12-18T21:18:04.514+0100][6407.020s] GC(200)   Evacuate Collection Set: 2.3ms
[2023-12-18T21:18:04.514+0100][6407.020s] GC(200)   Post Evacuate Collection Set: 0.4ms
[2023-12-18T21:18:04.514+0100][6407.020s] GC(200)   Other: 0.1ms
[2023-12-18T21:18:04.514+0100][6407.020s] GC(200) Eden regions: 290->0(290)
[2023-12-18T21:18:04.514+0100][6407.020s] GC(200) Survivor regions: 17->17(39)
[2023-12-18T21:18:04.514+0100][6407.020s] GC(200) Old regions: 101->102
[2023-12-18T21:18:04.514+0100][6407.020s] GC(200) Archive regions: 0->0
[2023-12-18T21:18:04.514+0100][6407.020s] GC(200) Humongous regions: 4->4
[2023-12-18T21:18:04.514+0100][6407.020s] GC(200) Metaspace: 62601K(63424K)->62601K(63424K) NonClass: 55616K(56064K)->55616K(56064K) Class: 6985K(7360K)->6985K(7360K)
[2023-12-18T21:18:04.514+0100][6407.020s] GC(200) Pause Young (Normal) (G1 Evacuation Pause) 410M->121M(512M) 3.139ms
[2023-12-18T21:18:04.514+0100][6407.020s] GC(200) User=0.00s Sys=0.00s Real=0.00s
[2023-12-18T21:18:05.302+0100][6407.808s] GC(201) Pause Young (Normal) (G1 Evacuation Pause)
[2023-12-18T21:18:05.302+0100][6407.808s] GC(201) Using 10 workers of 10 for evacuation
[2023-12-18T21:18:05.305+0100][6407.811s] GC(201)   Pre Evacuate Collection Set: 0.1ms
[2023-12-18T21:18:05.305+0100][6407.811s] GC(201)   Merge Heap Roots: 0.1ms
[2023-12-18T21:18:05.305+0100][6407.811s] GC(201)   Evacuate Collection Set: 2.3ms
[2023-12-18T21:18:05.305+0100][6407.811s] GC(201)   Post Evacuate Collection Set: 0.5ms
[2023-12-18T21:18:05.305+0100][6407.811s] GC(201)   Other: 0.1ms
[2023-12-18T21:18:05.305+0100][6407.811s] GC(201) Eden regions: 290->0(290)
[2023-12-18T21:18:05.305+0100][6407.811s] GC(201) Survivor regions: 17->17(39)
[2023-12-18T21:18:05.305+0100][6407.811s] GC(201) Old regions: 102->103
[2023-12-18T21:18:05.305+0100][6407.811s] GC(201) Archive regions: 0->0
[2023-12-18T21:18:05.305+0100][6407.811s] GC(201) Humongous regions: 4->4
[2023-12-18T21:18:05.305+0100][6407.811s] GC(201) Metaspace: 62601K(63424K)->62601K(63424K) NonClass: 55616K(56064K)->55616K(56064K) Class: 6985K(7360K)->6985K(7360K)
[2023-12-18T21:18:05.305+0100][6407.811s] GC(201) Pause Young (Normal) (G1 Evacuation Pause) 411M->122M(512M) 3.308ms
[2023-12-18T21:18:05.305+0100][6407.811s] GC(201) User=0.00s Sys=0.00s Real=0.00s
[2023-12-18T21:18:06.096+0100][6408.602s] GC(202) Pause Young (Normal) (G1 Evacuation Pause)
[2023-12-18T21:18:06.096+0100][6408.602s] GC(202) Using 10 workers of 10 for evacuation
[2023-12-18T21:18:06.100+0100][6408.605s] GC(202)   Pre Evacuate Collection Set: 0.1ms
[2023-12-18T21:18:06.100+0100][6408.605s] GC(202)   Merge Heap Roots: 0.1ms
[2023-12-18T21:18:06.100+0100][6408.605s] GC(202)   Evacuate Collection Set: 2.4ms
[2023-12-18T21:18:06.100+0100][6408.605s] GC(202)   Post Evacuate Collection Set: 0.5ms
[2023-12-18T21:18:06.100+0100][6408.605s] GC(202)   Other: 0.1ms
[2023-12-18T21:18:06.100+0100][6408.605s] GC(202) Eden regions: 290->0(290)
[2023-12-18T21:18:06.100+0100][6408.605s] GC(202) Survivor regions: 17->17(39)
[2023-12-18T21:18:06.100+0100][6408.605s] GC(202) Old regions: 103->104
[2023-12-18T21:18:06.100+0100][6408.605s] GC(202) Archive regions: 0->0
[2023-12-18T21:18:06.100+0100][6408.605s] GC(202) Humongous regions: 4->4
[2023-12-18T21:18:06.100+0100][6408.605s] GC(202) Metaspace: 62601K(63424K)->62601K(63424K) NonClass: 55616K(56064K)->55616K(56064K) Class: 6985K(7360K)->6985K(7360K)
[2023-12-18T21:18:06.100+0100][6408.605s] GC(202) Pause Young (Normal) (G1 Evacuation Pause) 412M->124M(512M) 3.361ms
[2023-12-18T21:18:06.100+0100][6408.605s] GC(202) User=0.00s Sys=0.00s Real=0.00s
[2023-12-18T21:18:06.881+0100][6409.387s] GC(203) Pause Young (Normal) (G1 Evacuation Pause)
[2023-12-18T21:18:06.882+0100][6409.387s] GC(203) Using 10 workers of 10 for evacuation
[2023-12-18T21:18:06.885+0100][6409.390s] GC(203)   Pre Evacuate Collection Set: 0.1ms
[2023-12-18T21:18:06.885+0100][6409.390s] GC(203)   Merge Heap Roots: 0.0ms
[2023-12-18T21:18:06.885+0100][6409.390s] GC(203)   Evacuate Collection Set: 2.3ms
[2023-12-18T21:18:06.885+0100][6409.390s] GC(203)   Post Evacuate Collection Set: 0.5ms
[2023-12-18T21:18:06.885+0100][6409.390s] GC(203)   Other: 0.1ms
[2023-12-18T21:18:06.885+0100][6409.390s] GC(203) Eden regions: 290->0(290)
[2023-12-18T21:18:06.885+0100][6409.390s] GC(203) Survivor regions: 17->17(39)
[2023-12-18T21:18:06.885+0100][6409.390s] GC(203) Old regions: 104->105
[2023-12-18T21:18:06.885+0100][6409.390s] GC(203) Archive regions: 0->0
[2023-12-18T21:18:06.885+0100][6409.390s] GC(203) Humongous regions: 4->4
[2023-12-18T21:18:06.885+0100][6409.390s] GC(203) Metaspace: 62601K(63424K)->62601K(63424K) NonClass: 55616K(56064K)->55616K(56064K) Class: 6985K(7360K)->6985K(7360K)
[2023-12-18T21:18:06.885+0100][6409.390s] GC(203) Pause Young (Normal) (G1 Evacuation Pause) 414M->125M(512M) 3.207ms
[2023-12-18T21:18:06.885+0100][6409.390s] GC(203) User=0.00s Sys=0.00s Real=0.00s
[2023-12-18T21:18:07.649+0100][6410.155s] GC(204) Pause Young (Normal) (G1 Evacuation Pause)
[2023-12-18T21:18:07.649+0100][6410.155s] GC(204) Using 10 workers of 10 for evacuation
[2023-12-18T21:18:07.652+0100][6410.158s] GC(204)   Pre Evacuate Collection Set: 0.1ms
[2023-12-18T21:18:07.652+0100][6410.158s] GC(204)   Merge Heap Roots: 0.1ms
[2023-12-18T21:18:07.652+0100][6410.158s] GC(204)   Evacuate Collection Set: 2.2ms
[2023-12-18T21:18:07.652+0100][6410.158s] GC(204)   Post Evacuate Collection Set: 0.4ms
[2023-12-18T21:18:07.652+0100][6410.158s] GC(204)   Other: 0.1ms
[2023-12-18T21:18:07.652+0100][6410.158s] GC(204) Eden regions: 290->0(290)
[2023-12-18T21:18:07.652+0100][6410.158s] GC(204) Survivor regions: 17->17(39)
[2023-12-18T21:18:07.652+0100][6410.158s] GC(204) Old regions: 105->106
[2023-12-18T21:18:07.652+0100][6410.158s] GC(204) Archive regions: 0->0
[2023-12-18T21:18:07.652+0100][6410.158s] GC(204) Humongous regions: 4->4
[2023-12-18T21:18:07.652+0100][6410.158s] GC(204) Metaspace: 62601K(63424K)->62601K(63424K) NonClass: 55616K(56064K)->55616K(56064K) Class: 6985K(7360K)->6985K(7360K)
[2023-12-18T21:18:07.652+0100][6410.158s] GC(204) Pause Young (Normal) (G1 Evacuation Pause) 415M->126M(512M) 3.091ms
[2023-12-18T21:18:07.652+0100][6410.158s] GC(204) User=0.00s Sys=0.00s Real=0.00s
[2023-12-18T21:18:08.409+0100][6410.915s] GC(205) Pause Young (Normal) (G1 Evacuation Pause)
[2023-12-18T21:18:08.409+0100][6410.915s] GC(205) Using 10 workers of 10 for evacuation
[2023-12-18T21:18:08.412+0100][6410.918s] GC(205)   Pre Evacuate Collection Set: 0.0ms
[2023-12-18T21:18:08.412+0100][6410.918s] GC(205)   Merge Heap Roots: 0.0ms
[2023-12-18T21:18:08.412+0100][6410.918s] GC(205)   Evacuate Collection Set: 2.3ms
[2023-12-18T21:18:08.412+0100][6410.918s] GC(205)   Post Evacuate Collection Set: 0.3ms
[2023-12-18T21:18:08.412+0100][6410.918s] GC(205)   Other: 0.1ms
[2023-12-18T21:18:08.412+0100][6410.918s] GC(205) Eden regions: 290->0(290)
[2023-12-18T21:18:08.412+0100][6410.918s] GC(205) Survivor regions: 17->17(39)
[2023-12-18T21:18:08.412+0100][6410.918s] GC(205) Old regions: 106->107
[2023-12-18T21:18:08.412+0100][6410.918s] GC(205) Archive regions: 0->0
[2023-12-18T21:18:08.412+0100][6410.918s] GC(205) Humongous regions: 4->4
[2023-12-18T21:18:08.412+0100][6410.918s] GC(205) Metaspace: 62601K(63424K)->62601K(63424K) NonClass: 55616K(56064K)->55616K(56064K) Class: 6985K(7360K)->6985K(7360K)
[2023-12-18T21:18:08.412+0100][6410.918s] GC(205) Pause Young (Normal) (G1 Evacuation Pause) 416M->126M(512M) 2.987ms
[2023-12-18T21:18:08.412+0100][6410.918s] GC(205) User=0.00s Sys=0.00s Real=0.00s
[2023-12-18T21:18:09.179+0100][6411.684s] GC(206) Pause Young (Concurrent Start) (CodeCache GC Threshold)
[2023-12-18T21:18:09.179+0100][6411.684s] GC(206) Using 10 workers of 10 for evacuation
[2023-12-18T21:18:09.182+0100][6411.688s] GC(206)   Pre Evacuate Collection Set: 0.1ms
[2023-12-18T21:18:09.182+0100][6411.688s] GC(206)   Merge Heap Roots: 0.0ms
[2023-12-18T21:18:09.182+0100][6411.688s] GC(206)   Evacuate Collection Set: 2.6ms
[2023-12-18T21:18:09.182+0100][6411.688s] GC(206)   Post Evacuate Collection Set: 0.5ms
[2023-12-18T21:18:09.182+0100][6411.688s] GC(206)   Other: 0.1ms
[2023-12-18T21:18:09.182+0100][6411.688s] GC(206) Eden regions: 287->0(290)
[2023-12-18T21:18:09.182+0100][6411.688s] GC(206) Survivor regions: 17->17(39)
[2023-12-18T21:18:09.182+0100][6411.688s] GC(206) Old regions: 107->108
[2023-12-18T21:18:09.183+0100][6411.688s] GC(206) Archive regions: 0->0
[2023-12-18T21:18:09.183+0100][6411.688s] GC(206) Humongous regions: 4->4
[2023-12-18T21:18:09.183+0100][6411.688s] GC(206) Metaspace: 62601K(63424K)->62601K(63424K) NonClass: 55616K(56064K)->55616K(56064K) Class: 6985K(7360K)->6985K(7360K)
[2023-12-18T21:18:09.183+0100][6411.688s] GC(206) Pause Young (Concurrent Start) (CodeCache GC Threshold) 413M->127M(512M) 3.626ms
[2023-12-18T21:18:09.183+0100][6411.688s] GC(207) Concurrent Mark Cycle
[2023-12-18T21:18:09.183+0100][6411.688s] GC(206) User=0.00s Sys=0.00s Real=0.00s
[2023-12-18T21:18:09.183+0100][6411.688s] GC(207) Concurrent Clear Claimed Marks
[2023-12-18T21:18:09.183+0100][6411.688s] GC(207) Concurrent Clear Claimed Marks 0.085ms
[2023-12-18T21:18:09.183+0100][6411.688s] GC(207) Concurrent Scan Root Regions
[2023-12-18T21:18:09.184+0100][6411.689s] GC(207) Concurrent Scan Root Regions 1.056ms
[2023-12-18T21:18:09.184+0100][6411.689s] GC(207) Concurrent Mark
[2023-12-18T21:18:09.184+0100][6411.689s] GC(207) Concurrent Mark From Roots
[2023-12-18T21:18:09.184+0100][6411.689s] GC(207) Using 3 workers of 3 for marking
[2023-12-18T21:18:09.208+0100][6411.713s] GC(207) Concurrent Mark From Roots 24.102ms
[2023-12-18T21:18:09.208+0100][6411.713s] GC(207) Concurrent Preclean
[2023-12-18T21:18:09.208+0100][6411.714s] GC(207) Concurrent Preclean 0.252ms
[2023-12-18T21:18:09.208+0100][6411.714s] GC(207) Pause Remark
[2023-12-18T21:18:09.211+0100][6411.717s] GC(207) Pause Remark 133M->133M(512M) 2.870ms
[2023-12-18T21:18:09.211+0100][6411.717s] GC(207) User=0.00s Sys=0.00s Real=0.00s
[2023-12-18T21:18:09.211+0100][6411.717s] GC(207) Concurrent Mark 27.573ms
[2023-12-18T21:18:09.211+0100][6411.717s] GC(207) Concurrent Rebuild Remembered Sets
[2023-12-18T21:18:09.225+0100][6411.730s] GC(207) Concurrent Rebuild Remembered Sets 13.313ms
[2023-12-18T21:18:09.225+0100][6411.730s] GC(207) Pause Cleanup
[2023-12-18T21:18:09.225+0100][6411.730s] GC(207) Pause Cleanup 140M->140M(512M) 0.147ms
[2023-12-18T21:18:09.225+0100][6411.730s] GC(207) User=0.00s Sys=0.00s Real=0.00s
[2023-12-18T21:18:09.225+0100][6411.730s] GC(207) Concurrent Cleanup for Next Mark
[2023-12-18T21:18:09.226+0100][6411.731s] GC(207) Concurrent Cleanup for Next Mark 0.860ms
[2023-12-18T21:18:09.226+0100][6411.731s] GC(207) Concurrent Mark Cycle 43.343ms
[2023-12-18T21:18:09.993+0100][6412.498s] GC(208) Pause Young (Prepare Mixed) (G1 Evacuation Pause)
[2023-12-18T21:18:09.993+0100][6412.499s] GC(208) Using 10 workers of 10 for evacuation
[2023-12-18T21:18:09.995+0100][6412.501s] GC(208)   Pre Evacuate Collection Set: 0.0ms
[2023-12-18T21:18:09.995+0100][6412.501s] GC(208)   Merge Heap Roots: 0.1ms
[2023-12-18T21:18:09.996+0100][6412.501s] GC(208)   Evacuate Collection Set: 2.3ms
[2023-12-18T21:18:09.996+0100][6412.501s] GC(208)   Post Evacuate Collection Set: 0.3ms
[2023-12-18T21:18:09.996+0100][6412.501s] GC(208)   Other: 0.1ms
[2023-12-18T21:18:09.996+0100][6412.501s] GC(208) Eden regions: 290->0(8)
[2023-12-18T21:18:09.996+0100][6412.501s] GC(208) Survivor regions: 17->17(39)
[2023-12-18T21:18:09.996+0100][6412.501s] GC(208) Old regions: 108->109
[2023-12-18T21:18:09.996+0100][6412.501s] GC(208) Archive regions: 0->0
[2023-12-18T21:18:09.996+0100][6412.501s] GC(208) Humongous regions: 4->4
[2023-12-18T21:18:09.996+0100][6412.501s] GC(208) Metaspace: 62601K(63424K)->62601K(63424K) NonClass: 55616K(56064K)->55616K(56064K) Class: 6985K(7360K)->6985K(7360K)
[2023-12-18T21:18:09.996+0100][6412.501s] GC(208) Pause Young (Prepare Mixed) (G1 Evacuation Pause) 417M->128M(512M) 2.970ms
[2023-12-18T21:18:09.996+0100][6412.501s] GC(208) User=0.00s Sys=0.00s Real=0.00s
[2023-12-18T21:18:10.016+0100][6412.522s] GC(209) Pause Young (Mixed) (G1 Evacuation Pause)
[2023-12-18T21:18:10.016+0100][6412.522s] GC(209) Using 10 workers of 10 for evacuation
[2023-12-18T21:18:10.020+0100][6412.525s] GC(209)   Pre Evacuate Collection Set: 0.0ms
[2023-12-18T21:18:10.020+0100][6412.525s] GC(209)   Merge Heap Roots: 0.0ms
[2023-12-18T21:18:10.020+0100][6412.525s] GC(209)   Evacuate Collection Set: 3.3ms
[2023-12-18T21:18:10.020+0100][6412.525s] GC(209)   Post Evacuate Collection Set: 0.3ms
[2023-12-18T21:18:10.020+0100][6412.525s] GC(209)   Other: 0.0ms
[2023-12-18T21:18:10.020+0100][6412.525s] GC(209) Eden regions: 8->0(304)
[2023-12-18T21:18:10.020+0100][6412.525s] GC(209) Survivor regions: 17->3(4)
[2023-12-18T21:18:10.020+0100][6412.525s] GC(209) Old regions: 109->119
[2023-12-18T21:18:10.020+0100][6412.525s] GC(209) Archive regions: 0->0
[2023-12-18T21:18:10.020+0100][6412.525s] GC(209) Humongous regions: 4->4
[2023-12-18T21:18:10.020+0100][6412.525s] GC(209) Metaspace: 62601K(63424K)->62601K(63424K) NonClass: 55616K(56064K)->55616K(56064K) Class: 6985K(7360K)->6985K(7360K)
[2023-12-18T21:18:10.020+0100][6412.525s] GC(209) Pause Young (Mixed) (G1 Evacuation Pause) 136M->124M(512M) 3.865ms
[2023-12-18T21:18:10.020+0100][6412.525s] GC(209) User=0.00s Sys=0.00s Real=0.00s
[2023-12-18T21:18:10.828+0100][6413.333s] GC(210) Pause Young (Normal) (G1 Evacuation Pause)
[2023-12-18T21:18:10.828+0100][6413.333s] GC(210) Using 10 workers of 10 for evacuation
[2023-12-18T21:18:10.830+0100][6413.335s] GC(210)   Pre Evacuate Collection Set: 0.1ms
[2023-12-18T21:18:10.830+0100][6413.335s] GC(210)   Merge Heap Roots: 0.2ms
[2023-12-18T21:18:10.830+0100][6413.335s] GC(210)   Evacuate Collection Set: 0.6ms
[2023-12-18T21:18:10.830+0100][6413.335s] GC(210)   Post Evacuate Collection Set: 0.5ms
[2023-12-18T21:18:10.830+0100][6413.335s] GC(210)   Other: 0.1ms
[2023-12-18T21:18:10.830+0100][6413.335s] GC(210) Eden regions: 304->0(303)
[2023-12-18T21:18:10.830+0100][6413.335s] GC(210) Survivor regions: 3->4(39)
[2023-12-18T21:18:10.830+0100][6413.335s] GC(210) Old regions: 119->119
[2023-12-18T21:18:10.830+0100][6413.335s] GC(210) Archive regions: 0->0
[2023-12-18T21:18:10.830+0100][6413.335s] GC(210) Humongous regions: 4->4
[2023-12-18T21:18:10.830+0100][6413.335s] GC(210) Metaspace: 62604K(63424K)->62604K(63424K) NonClass: 55619K(56064K)->55619K(56064K) Class: 6985K(7360K)->6985K(7360K)
[2023-12-18T21:18:10.830+0100][6413.335s] GC(210) Pause Young (Normal) (G1 Evacuation Pause) 428M->125M(512M) 1.518ms
[2023-12-18T21:18:10.830+0100][6413.335s] GC(210) User=0.00s Sys=0.00s Real=0.00s
[2023-12-18T21:18:11.453+0100][6413.958s] GC(211) Pause Young (Concurrent Start) (CodeCache GC Threshold)
[2023-12-18T21:18:11.453+0100][6413.958s] GC(211) Using 10 workers of 10 for evacuation
[2023-12-18T21:18:11.454+0100][6413.960s] GC(211)   Pre Evacuate Collection Set: 0.1ms
[2023-12-18T21:18:11.454+0100][6413.960s] GC(211)   Merge Heap Roots: 0.1ms
[2023-12-18T21:18:11.454+0100][6413.960s] GC(211)   Evacuate Collection Set: 0.9ms
[2023-12-18T21:18:11.454+0100][6413.960s] GC(211)   Post Evacuate Collection Set: 0.4ms
[2023-12-18T21:18:11.454+0100][6413.960s] GC(211)   Other: 0.0ms
[2023-12-18T21:18:11.454+0100][6413.960s] GC(211) Eden regions: 238->0(302)
[2023-12-18T21:18:11.454+0100][6413.960s] GC(211) Survivor regions: 4->5(39)
[2023-12-18T21:18:11.454+0100][6413.960s] GC(211) Old regions: 119->119
[2023-12-18T21:18:11.455+0100][6413.960s] GC(211) Archive regions: 0->0
[2023-12-18T21:18:11.455+0100][6413.960s] GC(211) Humongous regions: 4->4
[2023-12-18T21:18:11.455+0100][6413.960s] GC(211) Metaspace: 62604K(63424K)->62604K(63424K) NonClass: 55619K(56064K)->55619K(56064K) Class: 6985K(7360K)->6985K(7360K)
[2023-12-18T21:18:11.455+0100][6413.960s] GC(211) Pause Young (Concurrent Start) (CodeCache GC Threshold) 363M->126M(512M) 1.767ms
[2023-12-18T21:18:11.455+0100][6413.960s] GC(212) Concurrent Mark Cycle
[2023-12-18T21:18:11.455+0100][6413.960s] GC(211) User=0.16s Sys=0.00s Real=0.00s
[2023-12-18T21:18:11.455+0100][6413.960s] GC(212) Concurrent Clear Claimed Marks
[2023-12-18T21:18:11.455+0100][6413.960s] GC(212) Concurrent Clear Claimed Marks 0.060ms
[2023-12-18T21:18:11.455+0100][6413.960s] GC(212) Concurrent Scan Root Regions
[2023-12-18T21:18:11.455+0100][6413.961s] GC(212) Concurrent Scan Root Regions 0.721ms
[2023-12-18T21:18:11.455+0100][6413.961s] GC(212) Concurrent Mark
[2023-12-18T21:18:11.455+0100][6413.961s] GC(212) Concurrent Mark From Roots
[2023-12-18T21:18:11.455+0100][6413.961s] GC(212) Using 3 workers of 3 for marking
[2023-12-18T21:18:11.480+0100][6413.985s] GC(212) Concurrent Mark From Roots 24.286ms
[2023-12-18T21:18:11.480+0100][6413.985s] GC(212) Concurrent Preclean
[2023-12-18T21:18:11.480+0100][6413.986s] GC(212) Concurrent Preclean 0.161ms
[2023-12-18T21:18:11.480+0100][6413.986s] GC(212) Pause Remark
[2023-12-18T21:18:11.482+0100][6413.989s] GC(212) Pause Remark 134M->134M(512M) 2.873ms
[2023-12-18T21:18:11.482+0100][6413.989s] GC(212) User=0.00s Sys=0.00s Real=0.00s
[2023-12-18T21:18:11.482+0100][6413.989s] GC(212) Concurrent Mark 27.527ms
[2023-12-18T21:18:11.482+0100][6413.989s] GC(212) Concurrent Rebuild Remembered Sets
[2023-12-18T21:18:11.494+0100][6414.000s] GC(212) Concurrent Rebuild Remembered Sets 11.674ms
[2023-12-18T21:18:11.494+0100][6414.000s] GC(212) Pause Cleanup
[2023-12-18T21:18:11.494+0100][6414.001s] GC(212) Pause Cleanup 137M->137M(512M) 0.102ms
[2023-12-18T21:18:11.494+0100][6414.001s] GC(212) User=0.00s Sys=0.00s Real=0.00s
[2023-12-18T21:18:11.494+0100][6414.001s] GC(212) Concurrent Cleanup for Next Mark
[2023-12-18T21:18:11.495+0100][6414.001s] GC(212) Concurrent Cleanup for Next Mark 0.691ms
[2023-12-18T21:18:11.495+0100][6414.001s] GC(212) Concurrent Mark Cycle 41.058ms
[2023-12-18T21:18:12.268+0100][6414.773s] GC(213) Pause Young (Prepare Mixed) (G1 Evacuation Pause)
[2023-12-18T21:18:12.268+0100][6414.773s] GC(213) Using 10 workers of 10 for evacuation
[2023-12-18T21:18:12.269+0100][6414.774s] GC(213)   Pre Evacuate Collection Set: 0.1ms
[2023-12-18T21:18:12.269+0100][6414.775s] GC(213)   Merge Heap Roots: 0.1ms
[2023-12-18T21:18:12.269+0100][6414.775s] GC(213)   Evacuate Collection Set: 0.9ms
[2023-12-18T21:18:12.269+0100][6414.775s] GC(213)   Post Evacuate Collection Set: 0.4ms
[2023-12-18T21:18:12.269+0100][6414.775s] GC(213)   Other: 0.1ms
[2023-12-18T21:18:12.269+0100][6414.775s] GC(213) Eden regions: 302->0(19)
[2023-12-18T21:18:12.269+0100][6414.775s] GC(213) Survivor regions: 5->6(39)
[2023-12-18T21:18:12.269+0100][6414.775s] GC(213) Old regions: 119->119
[2023-12-18T21:18:12.269+0100][6414.775s] GC(213) Archive regions: 0->0
[2023-12-18T21:18:12.269+0100][6414.775s] GC(213) Humongous regions: 4->4
[2023-12-18T21:18:12.269+0100][6414.775s] GC(213) Metaspace: 62607K(63424K)->62607K(63424K) NonClass: 55621K(56064K)->55621K(56064K) Class: 6985K(7360K)->6985K(7360K)
[2023-12-18T21:18:12.269+0100][6414.775s] GC(213) Pause Young (Prepare Mixed) (G1 Evacuation Pause) 428M->127M(512M) 1.841ms
[2023-12-18T21:18:12.269+0100][6414.775s] GC(213) User=0.00s Sys=0.00s Real=0.00s
[2023-12-18T21:18:12.321+0100][6414.827s] GC(214) Pause Young (Mixed) (G1 Evacuation Pause)
[2023-12-18T21:18:12.321+0100][6414.827s] GC(214) Using 10 workers of 10 for evacuation
[2023-12-18T21:18:12.324+0100][6414.830s] GC(214)   Pre Evacuate Collection Set: 0.1ms
[2023-12-18T21:18:12.324+0100][6414.830s] GC(214)   Merge Heap Roots: 0.1ms
[2023-12-18T21:18:12.324+0100][6414.830s] GC(214)   Evacuate Collection Set: 1.8ms
[2023-12-18T21:18:12.324+0100][6414.830s] GC(214)   Post Evacuate Collection Set: 0.4ms
[2023-12-18T21:18:12.324+0100][6414.830s] GC(214)   Other: 0.1ms
[2023-12-18T21:18:12.324+0100][6414.830s] GC(214) Eden regions: 19->0(304)
[2023-12-18T21:18:12.324+0100][6414.830s] GC(214) Survivor regions: 6->3(4)
[2023-12-18T21:18:12.324+0100][6414.830s] GC(214) Old regions: 119->119
[2023-12-18T21:18:12.324+0100][6414.830s] GC(214) Archive regions: 0->0
[2023-12-18T21:18:12.324+0100][6414.830s] GC(214) Humongous regions: 4->4
[2023-12-18T21:18:12.324+0100][6414.830s] GC(214) Metaspace: 62607K(63424K)->62607K(63424K) NonClass: 55621K(56064K)->55621K(56064K) Class: 6985K(7360K)->6985K(7360K)
[2023-12-18T21:18:12.324+0100][6414.830s] GC(214) Pause Young (Mixed) (G1 Evacuation Pause) 146M->124M(512M) 2.661ms
[2023-12-18T21:18:12.324+0100][6414.830s] GC(214) User=0.00s Sys=0.00s Real=0.00s
[2023-12-18T21:18:12.417+0100][6414.923s] GC(215) Pause Young (Concurrent Start) (CodeCache GC Threshold)
[2023-12-18T21:18:12.417+0100][6414.923s] GC(215) Using 10 workers of 10 for evacuation
[2023-12-18T21:18:12.419+0100][6414.924s] GC(215)   Pre Evacuate Collection Set: 0.1ms
[2023-12-18T21:18:12.419+0100][6414.924s] GC(215)   Merge Heap Roots: 0.1ms
[2023-12-18T21:18:12.419+0100][6414.924s] GC(215)   Evacuate Collection Set: 0.7ms
[2023-12-18T21:18:12.419+0100][6414.924s] GC(215)   Post Evacuate Collection Set: 0.4ms
[2023-12-18T21:18:12.419+0100][6414.924s] GC(215)   Other: 0.0ms
[2023-12-18T21:18:12.419+0100][6414.924s] GC(215) Eden regions: 32->0(304)
[2023-12-18T21:18:12.419+0100][6414.924s] GC(215) Survivor regions: 3->3(39)
[2023-12-18T21:18:12.419+0100][6414.924s] GC(215) Old regions: 119->119
[2023-12-18T21:18:12.419+0100][6414.924s] GC(215) Archive regions: 0->0
[2023-12-18T21:18:12.419+0100][6414.924s] GC(215) Humongous regions: 4->4
[2023-12-18T21:18:12.419+0100][6414.924s] GC(215) Metaspace: 62607K(63424K)->62607K(63424K) NonClass: 55621K(56064K)->55621K(56064K) Class: 6985K(7360K)->6985K(7360K)
[2023-12-18T21:18:12.419+0100][6414.924s] GC(215) Pause Young (Concurrent Start) (CodeCache GC Threshold) 155M->124M(512M) 1.503ms
[2023-12-18T21:18:12.419+0100][6414.924s] GC(216) Concurrent Mark Cycle
[2023-12-18T21:18:12.419+0100][6414.924s] GC(215) User=0.00s Sys=0.00s Real=0.00s
[2023-12-18T21:18:12.419+0100][6414.924s] GC(216) Concurrent Clear Claimed Marks
[2023-12-18T21:18:12.419+0100][6414.924s] GC(216) Concurrent Clear Claimed Marks 0.036ms
[2023-12-18T21:18:12.419+0100][6414.924s] GC(216) Concurrent Scan Root Regions
[2023-12-18T21:18:12.420+0100][6414.925s] GC(216) Concurrent Scan Root Regions 0.673ms
[2023-12-18T21:18:12.420+0100][6414.925s] GC(216) Concurrent Mark
[2023-12-18T21:18:12.420+0100][6414.925s] GC(216) Concurrent Mark From Roots
[2023-12-18T21:18:12.420+0100][6414.925s] GC(216) Using 3 workers of 3 for marking
[2023-12-18T21:18:12.447+0100][6414.953s] GC(216) Concurrent Mark From Roots 27.463ms
[2023-12-18T21:18:12.447+0100][6414.953s] GC(216) Concurrent Preclean
[2023-12-18T21:18:12.447+0100][6414.953s] GC(216) Concurrent Preclean 0.185ms
[2023-12-18T21:18:12.448+0100][6414.953s] GC(216) Pause Remark
[2023-12-18T21:18:12.450+0100][6414.956s] GC(216) Pause Remark 134M->134M(512M) 2.846ms
[2023-12-18T21:18:12.450+0100][6414.956s] GC(216) User=0.00s Sys=0.00s Real=0.00s
[2023-12-18T21:18:12.450+0100][6414.956s] GC(216) Concurrent Mark 30.770ms
[2023-12-18T21:18:12.451+0100][6414.956s] GC(216) Concurrent Rebuild Remembered Sets
[2023-12-18T21:18:12.464+0100][6414.970s] GC(216) Concurrent Rebuild Remembered Sets 13.922ms
[2023-12-18T21:18:12.465+0100][6414.970s] GC(216) Pause Cleanup
[2023-12-18T21:18:12.465+0100][6414.970s] GC(216) Pause Cleanup 140M->140M(512M) 0.136ms
[2023-12-18T21:18:12.465+0100][6414.970s] GC(216) User=0.00s Sys=0.00s Real=0.00s
[2023-12-18T21:18:12.465+0100][6414.970s] GC(216) Concurrent Cleanup for Next Mark
[2023-12-18T21:18:12.465+0100][6414.971s] GC(216) Concurrent Cleanup for Next Mark 0.721ms
[2023-12-18T21:18:12.465+0100][6414.971s] GC(216) Concurrent Mark Cycle 46.485ms
[2023-12-18T21:18:13.205+0100][6415.711s] GC(217) Pause Young (Prepare Mixed) (G1 Evacuation Pause)
[2023-12-18T21:18:13.205+0100][6415.711s] GC(217) Using 10 workers of 10 for evacuation
[2023-12-18T21:18:13.206+0100][6415.712s] GC(217)   Pre Evacuate Collection Set: 0.0ms
[2023-12-18T21:18:13.206+0100][6415.712s] GC(217)   Merge Heap Roots: 0.0ms
[2023-12-18T21:18:13.206+0100][6415.712s] GC(217)   Evacuate Collection Set: 0.6ms
[2023-12-18T21:18:13.206+0100][6415.712s] GC(217)   Post Evacuate Collection Set: 0.2ms
[2023-12-18T21:18:13.206+0100][6415.712s] GC(217)   Other: 0.1ms
[2023-12-18T21:18:13.206+0100][6415.712s] GC(217) Eden regions: 304->0(21)
[2023-12-18T21:18:13.206+0100][6415.712s] GC(217) Survivor regions: 3->4(39)
[2023-12-18T21:18:13.206+0100][6415.712s] GC(217) Old regions: 119->119
[2023-12-18T21:18:13.206+0100][6415.712s] GC(217) Archive regions: 0->0
[2023-12-18T21:18:13.206+0100][6415.712s] GC(217) Humongous regions: 4->4
[2023-12-18T21:18:13.206+0100][6415.712s] GC(217) Metaspace: 62607K(63424K)->62607K(63424K) NonClass: 55622K(56064K)->55622K(56064K) Class: 6985K(7360K)->6985K(7360K)
[2023-12-18T21:18:13.206+0100][6415.712s] GC(217) Pause Young (Prepare Mixed) (G1 Evacuation Pause) 428M->125M(512M) 1.114ms
[2023-12-18T21:18:13.206+0100][6415.712s] GC(217) User=0.00s Sys=0.00s Real=0.00s
[2023-12-18T21:18:13.270+0100][6415.776s] GC(218) Pause Young (Mixed) (G1 Evacuation Pause)
[2023-12-18T21:18:13.270+0100][6415.776s] GC(218) Using 10 workers of 10 for evacuation
[2023-12-18T21:18:13.272+0100][6415.778s] GC(218)   Pre Evacuate Collection Set: 0.0ms
[2023-12-18T21:18:13.273+0100][6415.778s] GC(218)   Merge Heap Roots: 0.0ms
[2023-12-18T21:18:13.273+0100][6415.778s] GC(218)   Evacuate Collection Set: 1.6ms
[2023-12-18T21:18:13.273+0100][6415.778s] GC(218)   Post Evacuate Collection Set: 0.2ms
[2023-12-18T21:18:13.273+0100][6415.778s] GC(218)   Other: 0.1ms
[2023-12-18T21:18:13.273+0100][6415.778s] GC(218) Eden regions: 21->0(304)
[2023-12-18T21:18:13.273+0100][6415.778s] GC(218) Survivor regions: 4->3(4)
[2023-12-18T21:18:13.273+0100][6415.778s] GC(218) Old regions: 119->117
[2023-12-18T21:18:13.273+0100][6415.778s] GC(218) Archive regions: 0->0
[2023-12-18T21:18:13.273+0100][6415.778s] GC(218) Humongous regions: 4->4
[2023-12-18T21:18:13.273+0100][6415.778s] GC(218) Metaspace: 62607K(63424K)->62607K(63424K) NonClass: 55622K(56064K)->55622K(56064K) Class: 6985K(7360K)->6985K(7360K)
[2023-12-18T21:18:13.273+0100][6415.778s] GC(218) Pause Young (Mixed) (G1 Evacuation Pause) 146M->123M(512M) 2.181ms
[2023-12-18T21:18:13.273+0100][6415.778s] GC(218) User=0.00s Sys=0.00s Real=0.00s
[2023-12-18T21:18:14.125+0100][6416.631s] GC(219) Pause Young (Normal) (G1 Evacuation Pause)
[2023-12-18T21:18:14.125+0100][6416.631s] GC(219) Using 10 workers of 10 for evacuation
[2023-12-18T21:18:14.126+0100][6416.632s] GC(219)   Pre Evacuate Collection Set: 0.1ms
[2023-12-18T21:18:14.126+0100][6416.632s] GC(219)   Merge Heap Roots: 0.1ms
[2023-12-18T21:18:14.126+0100][6416.632s] GC(219)   Evacuate Collection Set: 0.6ms
[2023-12-18T21:18:14.126+0100][6416.632s] GC(219)   Post Evacuate Collection Set: 0.3ms
[2023-12-18T21:18:14.126+0100][6416.632s] GC(219)   Other: 0.1ms
[2023-12-18T21:18:14.126+0100][6416.632s] GC(219) Eden regions: 304->0(303)
[2023-12-18T21:18:14.126+0100][6416.632s] GC(219) Survivor regions: 3->4(39)
[2023-12-18T21:18:14.126+0100][6416.632s] GC(219) Old regions: 117->117
[2023-12-18T21:18:14.126+0100][6416.632s] GC(219) Archive regions: 0->0
[2023-12-18T21:18:14.126+0100][6416.632s] GC(219) Humongous regions: 4->4
[2023-12-18T21:18:14.127+0100][6416.632s] GC(219) Metaspace: 62607K(63424K)->62607K(63424K) NonClass: 55622K(56064K)->55622K(56064K) Class: 6985K(7360K)->6985K(7360K)
[2023-12-18T21:18:14.127+0100][6416.632s] GC(219) Pause Young (Normal) (G1 Evacuation Pause) 427M->124M(512M) 1.293ms
[2023-12-18T21:18:14.127+0100][6416.632s] GC(219) User=0.09s Sys=0.00s Real=0.00s
[2023-12-18T21:18:14.927+0100][6417.432s] GC(220) Pause Young (Normal) (G1 Evacuation Pause)
[2023-12-18T21:18:14.927+0100][6417.432s] GC(220) Using 10 workers of 10 for evacuation
[2023-12-18T21:18:14.928+0100][6417.433s] GC(220)   Pre Evacuate Collection Set: 0.1ms
[2023-12-18T21:18:14.928+0100][6417.433s] GC(220)   Merge Heap Roots: 0.1ms
[2023-12-18T21:18:14.928+0100][6417.433s] GC(220)   Evacuate Collection Set: 0.7ms
[2023-12-18T21:18:14.928+0100][6417.433s] GC(220)   Post Evacuate Collection Set: 0.4ms
[2023-12-18T21:18:14.928+0100][6417.433s] GC(220)   Other: 0.1ms
[2023-12-18T21:18:14.928+0100][6417.433s] GC(220) Eden regions: 303->0(302)
[2023-12-18T21:18:14.928+0100][6417.433s] GC(220) Survivor regions: 4->5(39)
[2023-12-18T21:18:14.928+0100][6417.433s] GC(220) Old regions: 117->117
[2023-12-18T21:18:14.928+0100][6417.433s] GC(220) Archive regions: 0->0
[2023-12-18T21:18:14.928+0100][6417.433s] GC(220) Humongous regions: 4->4
[2023-12-18T21:18:14.928+0100][6417.433s] GC(220) Metaspace: 62614K(63424K)->62614K(63424K) NonClass: 55628K(56064K)->55628K(56064K) Class: 6985K(7360K)->6985K(7360K)
[2023-12-18T21:18:14.928+0100][6417.434s] GC(220) Pause Young (Normal) (G1 Evacuation Pause) 427M->125M(512M) 1.601ms
[2023-12-18T21:18:14.928+0100][6417.434s] GC(220) User=0.00s Sys=0.00s Real=0.00s
[2023-12-18T21:18:15.717+0100][6418.223s] GC(221) Pause Young (Concurrent Start) (G1 Evacuation Pause)
[2023-12-18T21:18:15.717+0100][6418.223s] GC(221) Using 10 workers of 10 for evacuation
[2023-12-18T21:18:15.719+0100][6418.224s] GC(221)   Pre Evacuate Collection Set: 0.1ms
[2023-12-18T21:18:15.719+0100][6418.224s] GC(221)   Merge Heap Roots: 0.0ms
[2023-12-18T21:18:15.719+0100][6418.224s] GC(221)   Evacuate Collection Set: 1.0ms
[2023-12-18T21:18:15.719+0100][6418.224s] GC(221)   Post Evacuate Collection Set: 0.3ms
[2023-12-18T21:18:15.719+0100][6418.224s] GC(221)   Other: 0.1ms
[2023-12-18T21:18:15.719+0100][6418.224s] GC(221) Eden regions: 302->0(301)
[2023-12-18T21:18:15.719+0100][6418.224s] GC(221) Survivor regions: 5->6(39)
[2023-12-18T21:18:15.719+0100][6418.224s] GC(221) Old regions: 117->117
[2023-12-18T21:18:15.719+0100][6418.224s] GC(221) Archive regions: 0->0
[2023-12-18T21:18:15.719+0100][6418.224s] GC(221) Humongous regions: 4->4
[2023-12-18T21:18:15.719+0100][6418.224s] GC(221) Metaspace: 62614K(63424K)->62614K(63424K) NonClass: 55628K(56064K)->55628K(56064K) Class: 6985K(7360K)->6985K(7360K)
[2023-12-18T21:18:15.719+0100][6418.224s] GC(221) Pause Young (Concurrent Start) (G1 Evacuation Pause) 427M->126M(512M) 1.649ms
[2023-12-18T21:18:15.719+0100][6418.224s] GC(222) Concurrent Mark Cycle
[2023-12-18T21:18:15.719+0100][6418.224s] GC(221) User=0.00s Sys=0.00s Real=0.00s
[2023-12-18T21:18:15.719+0100][6418.224s] GC(222) Concurrent Clear Claimed Marks
[2023-12-18T21:18:15.719+0100][6418.224s] GC(222) Concurrent Clear Claimed Marks 0.053ms
[2023-12-18T21:18:15.719+0100][6418.224s] GC(222) Concurrent Scan Root Regions
[2023-12-18T21:18:15.720+0100][6418.225s] GC(222) Concurrent Scan Root Regions 0.664ms
[2023-12-18T21:18:15.720+0100][6418.225s] GC(222) Concurrent Mark
[2023-12-18T21:18:15.720+0100][6418.225s] GC(222) Concurrent Mark From Roots
[2023-12-18T21:18:15.720+0100][6418.225s] GC(222) Using 3 workers of 3 for marking
[2023-12-18T21:18:15.742+0100][6418.247s] GC(222) Concurrent Mark From Roots 21.922ms
[2023-12-18T21:18:15.742+0100][6418.247s] GC(222) Concurrent Preclean
[2023-12-18T21:18:15.742+0100][6418.247s] GC(222) Concurrent Preclean 0.244ms
[2023-12-18T21:18:15.742+0100][6418.247s] GC(222) Pause Remark
[2023-12-18T21:18:15.745+0100][6418.250s] GC(222) Pause Remark 137M->137M(512M) 2.826ms
[2023-12-18T21:18:15.745+0100][6418.250s] GC(222) User=0.00s Sys=0.00s Real=0.00s
[2023-12-18T21:18:15.745+0100][6418.250s] GC(222) Concurrent Mark 25.218ms
[2023-12-18T21:18:15.745+0100][6418.250s] GC(222) Concurrent Rebuild Remembered Sets
[2023-12-18T21:18:15.758+0100][6418.263s] GC(222) Concurrent Rebuild Remembered Sets 13.011ms
[2023-12-18T21:18:15.758+0100][6418.263s] GC(222) Pause Cleanup
[2023-12-18T21:18:15.758+0100][6418.264s] GC(222) Pause Cleanup 142M->142M(512M) 0.145ms
[2023-12-18T21:18:15.758+0100][6418.264s] GC(222) User=0.00s Sys=0.00s Real=0.00s
[2023-12-18T21:18:15.758+0100][6418.264s] GC(222) Concurrent Cleanup for Next Mark
[2023-12-18T21:18:15.759+0100][6418.264s] GC(222) Concurrent Cleanup for Next Mark 0.825ms
[2023-12-18T21:18:15.759+0100][6418.264s] GC(222) Concurrent Mark Cycle 40.186ms
[2023-12-18T21:18:16.542+0100][6419.048s] GC(223) Pause Young (Prepare Mixed) (G1 Evacuation Pause)
[2023-12-18T21:18:16.542+0100][6419.048s] GC(223) Using 10 workers of 10 for evacuation
[2023-12-18T21:18:16.543+0100][6419.049s] GC(223)   Pre Evacuate Collection Set: 0.1ms
[2023-12-18T21:18:16.543+0100][6419.049s] GC(223)   Merge Heap Roots: 0.1ms
[2023-12-18T21:18:16.543+0100][6419.049s] GC(223)   Evacuate Collection Set: 1.0ms
[2023-12-18T21:18:16.543+0100][6419.049s] GC(223)   Post Evacuate Collection Set: 0.4ms
[2023-12-18T21:18:16.544+0100][6419.049s] GC(223)   Other: 0.1ms
[2023-12-18T21:18:16.544+0100][6419.049s] GC(223) Eden regions: 301->0(17)
[2023-12-18T21:18:16.544+0100][6419.049s] GC(223) Survivor regions: 6->8(39)
[2023-12-18T21:18:16.544+0100][6419.049s] GC(223) Old regions: 117->117
[2023-12-18T21:18:16.544+0100][6419.050s] GC(223) Archive regions: 0->0
[2023-12-18T21:18:16.544+0100][6419.050s] GC(223) Humongous regions: 4->4
[2023-12-18T21:18:16.544+0100][6419.050s] GC(223) Metaspace: 62693K(63488K)->62693K(63488K) NonClass: 55706K(56128K)->55706K(56128K) Class: 6986K(7360K)->6986K(7360K)
[2023-12-18T21:18:16.544+0100][6419.050s] GC(223) Pause Young (Prepare Mixed) (G1 Evacuation Pause) 427M->128M(512M) 1.846ms
[2023-12-18T21:18:16.544+0100][6419.050s] GC(223) User=0.00s Sys=0.00s Real=0.00s
[2023-12-18T21:18:16.592+0100][6419.097s] GC(224) Pause Young (Mixed) (G1 Evacuation Pause)
[2023-12-18T21:18:16.592+0100][6419.097s] GC(224) Using 10 workers of 10 for evacuation
[2023-12-18T21:18:16.594+0100][6419.100s] GC(224)   Pre Evacuate Collection Set: 0.1ms
[2023-12-18T21:18:16.594+0100][6419.100s] GC(224)   Merge Heap Roots: 0.1ms
[2023-12-18T21:18:16.594+0100][6419.100s] GC(224)   Evacuate Collection Set: 1.9ms
[2023-12-18T21:18:16.594+0100][6419.100s] GC(224)   Post Evacuate Collection Set: 0.4ms
[2023-12-18T21:18:16.594+0100][6419.100s] GC(224)   Other: 0.0ms
[2023-12-18T21:18:16.594+0100][6419.100s] GC(224) Eden regions: 17->0(304)
[2023-12-18T21:18:16.594+0100][6419.100s] GC(224) Survivor regions: 8->3(4)
[2023-12-18T21:18:16.594+0100][6419.100s] GC(224) Old regions: 117->120
[2023-12-18T21:18:16.594+0100][6419.100s] GC(224) Archive regions: 0->0
[2023-12-18T21:18:16.594+0100][6419.100s] GC(224) Humongous regions: 4->4
[2023-12-18T21:18:16.594+0100][6419.100s] GC(224) Metaspace: 62693K(63488K)->62693K(63488K) NonClass: 55706K(56128K)->55706K(56128K) Class: 6986K(7360K)->6986K(7360K)
[2023-12-18T21:18:16.594+0100][6419.100s] GC(224) Pause Young (Mixed) (G1 Evacuation Pause) 145M->125M(512M) 2.714ms
[2023-12-18T21:18:16.594+0100][6419.100s] GC(224) User=0.02s Sys=0.00s Real=0.00s
[2023-12-18T21:18:17.400+0100][6419.907s] GC(225) Pause Young (Normal) (G1 Evacuation Pause)
[2023-12-18T21:18:17.401+0100][6419.907s] GC(225) Using 10 workers of 10 for evacuation
[2023-12-18T21:18:17.402+0100][6419.908s] GC(225)   Pre Evacuate Collection Set: 0.1ms
[2023-12-18T21:18:17.402+0100][6419.908s] GC(225)   Merge Heap Roots: 0.1ms
[2023-12-18T21:18:17.402+0100][6419.908s] GC(225)   Evacuate Collection Set: 0.6ms
[2023-12-18T21:18:17.402+0100][6419.908s] GC(225)   Post Evacuate Collection Set: 0.4ms
[2023-12-18T21:18:17.402+0100][6419.908s] GC(225)   Other: 0.1ms
[2023-12-18T21:18:17.402+0100][6419.908s] GC(225) Eden regions: 304->0(303)
[2023-12-18T21:18:17.402+0100][6419.908s] GC(225) Survivor regions: 3->4(39)
[2023-12-18T21:18:17.402+0100][6419.908s] GC(225) Old regions: 120->120
[2023-12-18T21:18:17.402+0100][6419.908s] GC(225) Archive regions: 0->0
[2023-12-18T21:18:17.402+0100][6419.908s] GC(225) Humongous regions: 4->4
[2023-12-18T21:18:17.402+0100][6419.908s] GC(225) Metaspace: 62693K(63488K)->62693K(63488K) NonClass: 55706K(56128K)->55706K(56128K) Class: 6986K(7360K)->6986K(7360K)
[2023-12-18T21:18:17.402+0100][6419.908s] GC(225) Pause Young (Normal) (G1 Evacuation Pause) 429M->126M(512M) 1.379ms
[2023-12-18T21:18:17.402+0100][6419.908s] GC(225) User=0.00s Sys=0.00s Real=0.00s
[2023-12-18T21:18:18.244+0100][6420.749s] GC(226) Pause Young (Normal) (G1 Evacuation Pause)
[2023-12-18T21:18:18.244+0100][6420.749s] GC(226) Using 10 workers of 10 for evacuation
[2023-12-18T21:18:18.245+0100][6420.751s] GC(226)   Pre Evacuate Collection Set: 0.1ms
[2023-12-18T21:18:18.245+0100][6420.751s] GC(226)   Merge Heap Roots: 0.1ms
[2023-12-18T21:18:18.245+0100][6420.751s] GC(226)   Evacuate Collection Set: 0.7ms
[2023-12-18T21:18:18.245+0100][6420.751s] GC(226)   Post Evacuate Collection Set: 0.6ms
[2023-12-18T21:18:18.245+0100][6420.751s] GC(226)   Other: 0.1ms
[2023-12-18T21:18:18.245+0100][6420.751s] GC(226) Eden regions: 303->0(302)
[2023-12-18T21:18:18.245+0100][6420.751s] GC(226) Survivor regions: 4->5(39)
[2023-12-18T21:18:18.245+0100][6420.751s] GC(226) Old regions: 120->120
[2023-12-18T21:18:18.245+0100][6420.751s] GC(226) Archive regions: 0->0
[2023-12-18T21:18:18.245+0100][6420.751s] GC(226) Humongous regions: 4->4
[2023-12-18T21:18:18.245+0100][6420.751s] GC(226) Metaspace: 62697K(63488K)->62697K(63488K) NonClass: 55711K(56128K)->55711K(56128K) Class: 6986K(7360K)->6986K(7360K)
[2023-12-18T21:18:18.245+0100][6420.751s] GC(226) Pause Young (Normal) (G1 Evacuation Pause) 429M->127M(512M) 1.692ms
[2023-12-18T21:18:18.245+0100][6420.751s] GC(226) User=0.00s Sys=0.00s Real=0.00s
[2023-12-18T21:18:19.017+0100][6421.523s] GC(227) Pause Young (Concurrent Start) (G1 Evacuation Pause)
[2023-12-18T21:18:19.017+0100][6421.523s] GC(227) Using 10 workers of 10 for evacuation
[2023-12-18T21:18:19.018+0100][6421.524s] GC(227)   Pre Evacuate Collection Set: 0.1ms
[2023-12-18T21:18:19.018+0100][6421.524s] GC(227)   Merge Heap Roots: 0.1ms
[2023-12-18T21:18:19.018+0100][6421.524s] GC(227)   Evacuate Collection Set: 0.9ms
[2023-12-18T21:18:19.018+0100][6421.524s] GC(227)   Post Evacuate Collection Set: 0.2ms
[2023-12-18T21:18:19.018+0100][6421.524s] GC(227)   Other: 0.1ms
[2023-12-18T21:18:19.018+0100][6421.524s] GC(227) Eden regions: 302->0(301)
[2023-12-18T21:18:19.018+0100][6421.524s] GC(227) Survivor regions: 5->6(39)
[2023-12-18T21:18:19.018+0100][6421.524s] GC(227) Old regions: 120->120
[2023-12-18T21:18:19.018+0100][6421.524s] GC(227) Archive regions: 0->0
[2023-12-18T21:18:19.018+0100][6421.524s] GC(227) Humongous regions: 4->4
[2023-12-18T21:18:19.018+0100][6421.524s] GC(227) Metaspace: 62697K(63488K)->62697K(63488K) NonClass: 55711K(56128K)->55711K(56128K) Class: 6986K(7360K)->6986K(7360K)
[2023-12-18T21:18:19.018+0100][6421.524s] GC(227) Pause Young (Concurrent Start) (G1 Evacuation Pause) 429M->128M(512M) 1.602ms
[2023-12-18T21:18:19.018+0100][6421.524s] GC(228) Concurrent Mark Cycle
[2023-12-18T21:18:19.018+0100][6421.524s] GC(227) User=0.00s Sys=0.00s Real=0.00s
[2023-12-18T21:18:19.018+0100][6421.524s] GC(228) Concurrent Clear Claimed Marks
[2023-12-18T21:18:19.018+0100][6421.524s] GC(228) Concurrent Clear Claimed Marks 0.063ms
[2023-12-18T21:18:19.018+0100][6421.524s] GC(228) Concurrent Scan Root Regions
[2023-12-18T21:18:19.019+0100][6421.525s] GC(228) Concurrent Scan Root Regions 0.542ms
[2023-12-18T21:18:19.019+0100][6421.525s] GC(228) Concurrent Mark
[2023-12-18T21:18:19.019+0100][6421.525s] GC(228) Concurrent Mark From Roots
[2023-12-18T21:18:19.019+0100][6421.525s] GC(228) Using 3 workers of 3 for marking
[2023-12-18T21:18:19.043+0100][6421.549s] GC(228) Concurrent Mark From Roots 24.403ms
[2023-12-18T21:18:19.043+0100][6421.549s] GC(228) Concurrent Preclean
[2023-12-18T21:18:19.044+0100][6421.550s] GC(228) Concurrent Preclean 0.255ms
[2023-12-18T21:18:19.044+0100][6421.550s] GC(228) Pause Remark
[2023-12-18T21:18:19.047+0100][6421.553s] GC(228) Pause Remark 137M->137M(512M) 3.245ms
[2023-12-18T21:18:19.047+0100][6421.553s] GC(228) User=0.17s Sys=0.00s Real=0.00s
[2023-12-18T21:18:19.047+0100][6421.553s] GC(228) Concurrent Mark 28.145ms
[2023-12-18T21:18:19.047+0100][6421.553s] GC(228) Concurrent Rebuild Remembered Sets
[2023-12-18T21:18:19.059+0100][6421.565s] GC(228) Concurrent Rebuild Remembered Sets 12.045ms
[2023-12-18T21:18:19.059+0100][6421.565s] GC(228) Pause Cleanup
[2023-12-18T21:18:19.060+0100][6421.565s] GC(228) Pause Cleanup 140M->140M(512M) 0.159ms
[2023-12-18T21:18:19.060+0100][6421.565s] GC(228) User=0.00s Sys=0.00s Real=0.00s
[2023-12-18T21:18:19.060+0100][6421.565s] GC(228) Concurrent Cleanup for Next Mark
[2023-12-18T21:18:19.060+0100][6421.566s] GC(228) Concurrent Cleanup for Next Mark 0.656ms
[2023-12-18T21:18:19.060+0100][6421.566s] GC(228) Concurrent Mark Cycle 41.842ms
[2023-12-18T21:18:19.825+0100][6422.330s] GC(229) Pause Young (Prepare Mixed) (G1 Evacuation Pause)
[2023-12-18T21:18:19.825+0100][6422.330s] GC(229) Using 10 workers of 10 for evacuation
[2023-12-18T21:18:19.827+0100][6422.332s] GC(229)   Pre Evacuate Collection Set: 0.1ms
[2023-12-18T21:18:19.827+0100][6422.332s] GC(229)   Merge Heap Roots: 0.1ms
[2023-12-18T21:18:19.827+0100][6422.332s] GC(229)   Evacuate Collection Set: 1.1ms
[2023-12-18T21:18:19.827+0100][6422.332s] GC(229)   Post Evacuate Collection Set: 0.5ms
[2023-12-18T21:18:19.827+0100][6422.332s] GC(229)   Other: 0.1ms
[2023-12-18T21:18:19.827+0100][6422.332s] GC(229) Eden regions: 301->0(18)
[2023-12-18T21:18:19.827+0100][6422.332s] GC(229) Survivor regions: 6->7(39)
[2023-12-18T21:18:19.827+0100][6422.332s] GC(229) Old regions: 120->120
[2023-12-18T21:18:19.827+0100][6422.332s] GC(229) Archive regions: 0->0
[2023-12-18T21:18:19.827+0100][6422.332s] GC(229) Humongous regions: 4->4
[2023-12-18T21:18:19.827+0100][6422.332s] GC(229) Metaspace: 62697K(63488K)->62697K(63488K) NonClass: 55711K(56128K)->55711K(56128K) Class: 6986K(7360K)->6986K(7360K)
[2023-12-18T21:18:19.827+0100][6422.332s] GC(229) Pause Young (Prepare Mixed) (G1 Evacuation Pause) 429M->129M(512M) 2.019ms
[2023-12-18T21:18:19.827+0100][6422.332s] GC(229) User=0.00s Sys=0.00s Real=0.00s
[2023-12-18T21:18:19.863+0100][6422.368s] GC(230) Pause Young (Mixed) (G1 Evacuation Pause)
[2023-12-18T21:18:19.863+0100][6422.368s] GC(230) Using 10 workers of 10 for evacuation
[2023-12-18T21:18:19.865+0100][6422.371s] GC(230)   Pre Evacuate Collection Set: 0.1ms
[2023-12-18T21:18:19.865+0100][6422.371s] GC(230)   Merge Heap Roots: 0.1ms
[2023-12-18T21:18:19.865+0100][6422.371s] GC(230)   Evacuate Collection Set: 1.9ms
[2023-12-18T21:18:19.865+0100][6422.371s] GC(230)   Post Evacuate Collection Set: 0.3ms
[2023-12-18T21:18:19.865+0100][6422.371s] GC(230)   Other: 0.1ms
[2023-12-18T21:18:19.865+0100][6422.371s] GC(230) Eden regions: 18->0(306)
[2023-12-18T21:18:19.865+0100][6422.371s] GC(230) Survivor regions: 7->1(4)
[2023-12-18T21:18:19.865+0100][6422.371s] GC(230) Old regions: 120->126
[2023-12-18T21:18:19.865+0100][6422.371s] GC(230) Archive regions: 0->0
[2023-12-18T21:18:19.865+0100][6422.371s] GC(230) Humongous regions: 4->4
[2023-12-18T21:18:19.865+0100][6422.371s] GC(230) Metaspace: 62697K(63488K)->62697K(63488K) NonClass: 55711K(56128K)->55711K(56128K) Class: 6986K(7360K)->6986K(7360K)
[2023-12-18T21:18:19.865+0100][6422.371s] GC(230) Pause Young (Mixed) (G1 Evacuation Pause) 147M->129M(512M) 2.627ms
[2023-12-18T21:18:19.865+0100][6422.371s] GC(230) User=0.00s Sys=0.00s Real=0.00s
[2023-12-18T21:18:20.730+0100][6423.236s] GC(231) Pause Young (Normal) (G1 Evacuation Pause)
[2023-12-18T21:18:20.730+0100][6423.236s] GC(231) Using 10 workers of 10 for evacuation
[2023-12-18T21:18:20.731+0100][6423.237s] GC(231)   Pre Evacuate Collection Set: 0.1ms
[2023-12-18T21:18:20.731+0100][6423.237s] GC(231)   Merge Heap Roots: 0.1ms
[2023-12-18T21:18:20.731+0100][6423.237s] GC(231)   Evacuate Collection Set: 0.5ms
[2023-12-18T21:18:20.731+0100][6423.237s] GC(231)   Post Evacuate Collection Set: 0.4ms
[2023-12-18T21:18:20.731+0100][6423.237s] GC(231)   Other: 0.1ms
[2023-12-18T21:18:20.731+0100][6423.237s] GC(231) Eden regions: 306->0(304)
[2023-12-18T21:18:20.731+0100][6423.237s] GC(231) Survivor regions: 1->3(39)
[2023-12-18T21:18:20.731+0100][6423.237s] GC(231) Old regions: 126->126
[2023-12-18T21:18:20.731+0100][6423.237s] GC(231) Archive regions: 0->0
[2023-12-18T21:18:20.731+0100][6423.237s] GC(231) Humongous regions: 4->4
[2023-12-18T21:18:20.731+0100][6423.237s] GC(231) Metaspace: 62697K(63488K)->62697K(63488K) NonClass: 55711K(56128K)->55711K(56128K) Class: 6986K(7360K)->6986K(7360K)
[2023-12-18T21:18:20.731+0100][6423.237s] GC(231) Pause Young (Normal) (G1 Evacuation Pause) 435M->131M(512M) 1.285ms
[2023-12-18T21:18:20.731+0100][6423.237s] GC(231) User=0.00s Sys=0.00s Real=0.00s
[2023-12-18T21:19:52.658+0100][6515.164s] GC(232) Pause Young (Normal) (G1 Evacuation Pause)
[2023-12-18T21:19:52.658+0100][6515.164s] GC(232) Using 10 workers of 10 for evacuation
[2023-12-18T21:19:52.659+0100][6515.165s] GC(232)   Pre Evacuate Collection Set: 0.1ms
[2023-12-18T21:19:52.659+0100][6515.165s] GC(232)   Merge Heap Roots: 0.1ms
[2023-12-18T21:19:52.659+0100][6515.165s] GC(232)   Evacuate Collection Set: 1.1ms
[2023-12-18T21:19:52.659+0100][6515.165s] GC(232)   Post Evacuate Collection Set: 0.2ms
[2023-12-18T21:19:52.659+0100][6515.165s] GC(232)   Other: 0.1ms
[2023-12-18T21:19:52.659+0100][6515.165s] GC(232) Eden regions: 304->0(302)
[2023-12-18T21:19:52.659+0100][6515.165s] GC(232) Survivor regions: 3->5(39)
[2023-12-18T21:19:52.659+0100][6515.165s] GC(232) Old regions: 126->126
[2023-12-18T21:19:52.659+0100][6515.165s] GC(232) Archive regions: 0->0
[2023-12-18T21:19:52.659+0100][6515.165s] GC(232) Humongous regions: 4->4
[2023-12-18T21:19:52.659+0100][6515.165s] GC(232) Metaspace: 62734K(63488K)->62734K(63488K) NonClass: 55744K(56128K)->55744K(56128K) Class: 6990K(7360K)->6990K(7360K)
[2023-12-18T21:19:52.659+0100][6515.165s] GC(232) Pause Young (Normal) (G1 Evacuation Pause) 435M->133M(512M) 1.671ms
[2023-12-18T21:19:52.659+0100][6515.165s] GC(232) User=0.00s Sys=0.00s Real=0.00s
[2023-12-18T21:19:53.518+0100][6516.023s] GC(233) Pause Young (Concurrent Start) (G1 Evacuation Pause)
[2023-12-18T21:19:53.518+0100][6516.023s] GC(233) Using 10 workers of 10 for evacuation
[2023-12-18T21:19:53.519+0100][6516.025s] GC(233)   Pre Evacuate Collection Set: 0.1ms
[2023-12-18T21:19:53.519+0100][6516.025s] GC(233)   Merge Heap Roots: 0.1ms
[2023-12-18T21:19:53.519+0100][6516.025s] GC(233)   Evacuate Collection Set: 0.9ms
[2023-12-18T21:19:53.519+0100][6516.025s] GC(233)   Post Evacuate Collection Set: 0.3ms
[2023-12-18T21:19:53.519+0100][6516.025s] GC(233)   Other: 0.1ms
[2023-12-18T21:19:53.519+0100][6516.025s] GC(233) Eden regions: 302->0(301)
[2023-12-18T21:19:53.520+0100][6516.025s] GC(233) Survivor regions: 5->6(39)
[2023-12-18T21:19:53.520+0100][6516.025s] GC(233) Old regions: 126->126
[2023-12-18T21:19:53.520+0100][6516.025s] GC(233) Archive regions: 0->0
[2023-12-18T21:19:53.520+0100][6516.025s] GC(233) Humongous regions: 4->4
[2023-12-18T21:19:53.520+0100][6516.025s] GC(233) Metaspace: 62734K(63488K)->62734K(63488K) NonClass: 55744K(56128K)->55744K(56128K) Class: 6990K(7360K)->6990K(7360K)
[2023-12-18T21:19:53.520+0100][6516.025s] GC(233) Pause Young (Concurrent Start) (G1 Evacuation Pause) 435M->134M(512M) 1.668ms
[2023-12-18T21:19:53.520+0100][6516.025s] GC(234) Concurrent Mark Cycle
[2023-12-18T21:19:53.520+0100][6516.025s] GC(233) User=0.00s Sys=0.00s Real=0.00s
[2023-12-18T21:19:53.520+0100][6516.025s] GC(234) Concurrent Clear Claimed Marks
[2023-12-18T21:19:53.520+0100][6516.025s] GC(234) Concurrent Clear Claimed Marks 0.125ms
[2023-12-18T21:19:53.520+0100][6516.025s] GC(234) Concurrent Scan Root Regions
[2023-12-18T21:19:53.521+0100][6516.026s] GC(234) Concurrent Scan Root Regions 0.899ms
[2023-12-18T21:19:53.521+0100][6516.026s] GC(234) Concurrent Mark
[2023-12-18T21:19:53.521+0100][6516.026s] GC(234) Concurrent Mark From Roots
[2023-12-18T21:19:53.521+0100][6516.026s] GC(234) Using 3 workers of 3 for marking
[2023-12-18T21:19:53.542+0100][6516.048s] GC(234) Concurrent Mark From Roots 21.508ms
[2023-12-18T21:19:53.542+0100][6516.048s] GC(234) Concurrent Preclean
[2023-12-18T21:19:53.543+0100][6516.048s] GC(234) Concurrent Preclean 0.407ms
[2023-12-18T21:19:53.543+0100][6516.048s] GC(234) Pause Remark
[2023-12-18T21:19:53.546+0100][6516.052s] GC(234) Pause Remark 141M->141M(512M) 3.204ms
[2023-12-18T21:19:53.546+0100][6516.052s] GC(234) User=0.00s Sys=0.00s Real=0.00s
[2023-12-18T21:19:53.546+0100][6516.052s] GC(234) Concurrent Mark 25.577ms
[2023-12-18T21:19:53.546+0100][6516.052s] GC(234) Concurrent Rebuild Remembered Sets
[2023-12-18T21:19:53.560+0100][6516.065s] GC(234) Concurrent Rebuild Remembered Sets 13.707ms
[2023-12-18T21:19:53.560+0100][6516.065s] GC(234) Pause Cleanup
[2023-12-18T21:19:53.560+0100][6516.066s] GC(234) Pause Cleanup 144M->144M(512M) 0.153ms
[2023-12-18T21:19:53.560+0100][6516.066s] GC(234) User=0.00s Sys=0.00s Real=0.00s
[2023-12-18T21:19:53.560+0100][6516.066s] GC(234) Concurrent Cleanup for Next Mark
[2023-12-18T21:19:53.561+0100][6516.067s] GC(234) Concurrent Cleanup for Next Mark 0.809ms
[2023-12-18T21:19:53.561+0100][6516.067s] GC(234) Concurrent Mark Cycle 41.582ms
[2023-12-18T21:19:54.360+0100][6516.865s] GC(235) Pause Young (Prepare Mixed) (G1 Evacuation Pause)
[2023-12-18T21:19:54.360+0100][6516.865s] GC(235) Using 10 workers of 10 for evacuation
[2023-12-18T21:19:54.361+0100][6516.867s] GC(235)   Pre Evacuate Collection Set: 0.1ms
[2023-12-18T21:19:54.361+0100][6516.867s] GC(235)   Merge Heap Roots: 0.0ms
[2023-12-18T21:19:54.361+0100][6516.867s] GC(235)   Evacuate Collection Set: 0.8ms
[2023-12-18T21:19:54.361+0100][6516.867s] GC(235)   Post Evacuate Collection Set: 0.4ms
[2023-12-18T21:19:54.361+0100][6516.867s] GC(235)   Other: 0.1ms
[2023-12-18T21:19:54.361+0100][6516.867s] GC(235) Eden regions: 301->0(20)
[2023-12-18T21:19:54.361+0100][6516.867s] GC(235) Survivor regions: 6->5(39)
[2023-12-18T21:19:54.361+0100][6516.867s] GC(235) Old regions: 126->126
[2023-12-18T21:19:54.361+0100][6516.867s] GC(235) Archive regions: 0->0
[2023-12-18T21:19:54.361+0100][6516.867s] GC(235) Humongous regions: 4->4
[2023-12-18T21:19:54.361+0100][6516.867s] GC(235) Metaspace: 62734K(63488K)->62734K(63488K) NonClass: 55744K(56128K)->55744K(56128K) Class: 6990K(7360K)->6990K(7360K)
[2023-12-18T21:19:54.361+0100][6516.867s] GC(235) Pause Young (Prepare Mixed) (G1 Evacuation Pause) 435M->133M(512M) 1.487ms
[2023-12-18T21:19:54.362+0100][6516.867s] GC(235) User=0.00s Sys=0.00s Real=0.00s
[2023-12-18T21:19:54.416+0100][6516.922s] GC(236) Pause Young (Mixed) (G1 Evacuation Pause)
[2023-12-18T21:19:54.416+0100][6516.922s] GC(236) Using 10 workers of 10 for evacuation
[2023-12-18T21:19:54.418+0100][6516.923s] GC(236)   Pre Evacuate Collection Set: 0.1ms
[2023-12-18T21:19:54.418+0100][6516.923s] GC(236)   Merge Heap Roots: 0.1ms
[2023-12-18T21:19:54.418+0100][6516.923s] GC(236)   Evacuate Collection Set: 1.1ms
[2023-12-18T21:19:54.418+0100][6516.923s] GC(236)   Post Evacuate Collection Set: 0.2ms
[2023-12-18T21:19:54.418+0100][6516.923s] GC(236)   Other: 0.1ms
[2023-12-18T21:19:54.418+0100][6516.923s] GC(236) Eden regions: 20->0(24)
[2023-12-18T21:19:54.418+0100][6516.923s] GC(236) Survivor regions: 5->1(4)
[2023-12-18T21:19:54.418+0100][6516.923s] GC(236) Old regions: 126->78
[2023-12-18T21:19:54.418+0100][6516.923s] GC(236) Archive regions: 0->0
[2023-12-18T21:19:54.418+0100][6516.923s] GC(236) Humongous regions: 4->4
[2023-12-18T21:19:54.418+0100][6516.923s] GC(236) Metaspace: 62737K(63488K)->62737K(63488K) NonClass: 55747K(56128K)->55747K(56128K) Class: 6990K(7360K)->6990K(7360K)
[2023-12-18T21:19:54.418+0100][6516.923s] GC(236) Pause Young (Mixed) (G1 Evacuation Pause) 153M->82M(512M) 1.814ms
[2023-12-18T21:19:54.418+0100][6516.923s] GC(236) User=0.00s Sys=0.00s Real=0.00s
[2023-12-18T21:19:54.471+0100][6516.977s] GC(237) Pause Young (Mixed) (G1 Evacuation Pause)
[2023-12-18T21:19:54.471+0100][6516.977s] GC(237) Using 10 workers of 10 for evacuation
[2023-12-18T21:19:54.472+0100][6516.978s] GC(237)   Pre Evacuate Collection Set: 0.1ms
[2023-12-18T21:19:54.472+0100][6516.978s] GC(237)   Merge Heap Roots: 0.1ms
[2023-12-18T21:19:54.472+0100][6516.978s] GC(237)   Evacuate Collection Set: 0.4ms
[2023-12-18T21:19:54.472+0100][6516.978s] GC(237)   Post Evacuate Collection Set: 0.3ms
[2023-12-18T21:19:54.472+0100][6516.978s] GC(237)   Other: 0.1ms
[2023-12-18T21:19:54.472+0100][6516.978s] GC(237) Eden regions: 24->0(306)
[2023-12-18T21:19:54.472+0100][6516.978s] GC(237) Survivor regions: 1->1(4)
[2023-12-18T21:19:54.472+0100][6516.978s] GC(237) Old regions: 78->72
[2023-12-18T21:19:54.472+0100][6516.978s] GC(237) Archive regions: 0->0
[2023-12-18T21:19:54.472+0100][6516.978s] GC(237) Humongous regions: 4->4
[2023-12-18T21:19:54.472+0100][6516.978s] GC(237) Metaspace: 62737K(63488K)->62737K(63488K) NonClass: 55747K(56128K)->55747K(56128K) Class: 6990K(7360K)->6990K(7360K)
[2023-12-18T21:19:54.472+0100][6516.978s] GC(237) Pause Young (Mixed) (G1 Evacuation Pause) 106M->75M(512M) 1.073ms
[2023-12-18T21:19:54.472+0100][6516.978s] GC(237) User=0.00s Sys=0.00s Real=0.00s
[2023-12-18T21:19:55.309+0100][6517.815s] GC(238) Pause Young (Normal) (G1 Evacuation Pause)
[2023-12-18T21:19:55.309+0100][6517.815s] GC(238) Using 10 workers of 10 for evacuation
[2023-12-18T21:19:55.310+0100][6517.816s] GC(238)   Pre Evacuate Collection Set: 0.1ms
[2023-12-18T21:19:55.310+0100][6517.816s] GC(238)   Merge Heap Roots: 0.1ms
[2023-12-18T21:19:55.310+0100][6517.816s] GC(238)   Evacuate Collection Set: 0.5ms
[2023-12-18T21:19:55.310+0100][6517.816s] GC(238)   Post Evacuate Collection Set: 0.4ms
[2023-12-18T21:19:55.310+0100][6517.816s] GC(238)   Other: 0.1ms
[2023-12-18T21:19:55.310+0100][6517.816s] GC(238) Eden regions: 306->0(304)
[2023-12-18T21:19:55.310+0100][6517.816s] GC(238) Survivor regions: 1->3(39)
[2023-12-18T21:19:55.310+0100][6517.816s] GC(238) Old regions: 72->72
[2023-12-18T21:19:55.310+0100][6517.816s] GC(238) Archive regions: 0->0
[2023-12-18T21:19:55.310+0100][6517.816s] GC(238) Humongous regions: 4->4
[2023-12-18T21:19:55.310+0100][6517.816s] GC(238) Metaspace: 62737K(63488K)->62737K(63488K) NonClass: 55747K(56128K)->55747K(56128K) Class: 6990K(7360K)->6990K(7360K)
[2023-12-18T21:19:55.310+0100][6517.816s] GC(238) Pause Young (Normal) (G1 Evacuation Pause) 381M->77M(512M) 1.399ms
[2023-12-18T21:19:55.310+0100][6517.816s] GC(238) User=0.00s Sys=0.00s Real=0.00s
[2023-12-18T21:19:56.133+0100][6518.639s] GC(239) Pause Young (Normal) (G1 Evacuation Pause)
[2023-12-18T21:19:56.133+0100][6518.639s] GC(239) Using 10 workers of 10 for evacuation
[2023-12-18T21:19:56.134+0100][6518.640s] GC(239)   Pre Evacuate Collection Set: 0.1ms
[2023-12-18T21:19:56.134+0100][6518.640s] GC(239)   Merge Heap Roots: 0.1ms
[2023-12-18T21:19:56.134+0100][6518.640s] GC(239)   Evacuate Collection Set: 0.6ms
[2023-12-18T21:19:56.134+0100][6518.640s] GC(239)   Post Evacuate Collection Set: 0.4ms
[2023-12-18T21:19:56.135+0100][6518.640s] GC(239)   Other: 0.1ms
[2023-12-18T21:19:56.135+0100][6518.640s] GC(239) Eden regions: 304->0(303)
[2023-12-18T21:19:56.135+0100][6518.640s] GC(239) Survivor regions: 3->4(39)
[2023-12-18T21:19:56.135+0100][6518.640s] GC(239) Old regions: 72->72
[2023-12-18T21:19:56.135+0100][6518.640s] GC(239) Archive regions: 0->0
[2023-12-18T21:19:56.135+0100][6518.640s] GC(239) Humongous regions: 4->4
[2023-12-18T21:19:56.135+0100][6518.640s] GC(239) Metaspace: 62737K(63488K)->62737K(63488K) NonClass: 55747K(56128K)->55747K(56128K) Class: 6990K(7360K)->6990K(7360K)
[2023-12-18T21:19:56.135+0100][6518.640s] GC(239) Pause Young (Normal) (G1 Evacuation Pause) 381M->78M(512M) 1.429ms
[2023-12-18T21:19:56.135+0100][6518.640s] GC(239) User=0.00s Sys=0.00s Real=0.00s
[2023-12-18T21:19:56.977+0100][6519.483s] GC(240) Pause Young (Normal) (G1 Evacuation Pause)
[2023-12-18T21:19:56.977+0100][6519.483s] GC(240) Using 10 workers of 10 for evacuation
[2023-12-18T21:19:56.978+0100][6519.484s] GC(240)   Pre Evacuate Collection Set: 0.1ms
[2023-12-18T21:19:56.978+0100][6519.484s] GC(240)   Merge Heap Roots: 0.1ms
[2023-12-18T21:19:56.978+0100][6519.484s] GC(240)   Evacuate Collection Set: 0.7ms
[2023-12-18T21:19:56.978+0100][6519.484s] GC(240)   Post Evacuate Collection Set: 0.4ms
[2023-12-18T21:19:56.978+0100][6519.484s] GC(240)   Other: 0.1ms
[2023-12-18T21:19:56.978+0100][6519.484s] GC(240) Eden regions: 303->0(302)
[2023-12-18T21:19:56.978+0100][6519.484s] GC(240) Survivor regions: 4->5(39)
[2023-12-18T21:19:56.978+0100][6519.484s] GC(240) Old regions: 72->72
[2023-12-18T21:19:56.978+0100][6519.484s] GC(240) Archive regions: 0->0
[2023-12-18T21:19:56.978+0100][6519.484s] GC(240) Humongous regions: 4->4
[2023-12-18T21:19:56.978+0100][6519.484s] GC(240) Metaspace: 62737K(63488K)->62737K(63488K) NonClass: 55747K(56128K)->55747K(56128K) Class: 6990K(7360K)->6990K(7360K)
[2023-12-18T21:19:56.978+0100][6519.484s] GC(240) Pause Young (Normal) (G1 Evacuation Pause) 381M->79M(512M) 1.463ms
[2023-12-18T21:19:56.978+0100][6519.484s] GC(240) User=0.00s Sys=0.00s Real=0.00s
[2023-12-18T21:19:57.798+0100][6520.303s] GC(241) Pause Young (Normal) (G1 Evacuation Pause)
[2023-12-18T21:19:57.798+0100][6520.303s] GC(241) Using 10 workers of 10 for evacuation
[2023-12-18T21:19:57.799+0100][6520.305s] GC(241)   Pre Evacuate Collection Set: 0.1ms
[2023-12-18T21:19:57.799+0100][6520.305s] GC(241)   Merge Heap Roots: 0.1ms
[2023-12-18T21:19:57.799+0100][6520.305s] GC(241)   Evacuate Collection Set: 0.9ms
[2023-12-18T21:19:57.799+0100][6520.305s] GC(241)   Post Evacuate Collection Set: 0.4ms
[2023-12-18T21:19:57.799+0100][6520.305s] GC(241)   Other: 0.1ms
[2023-12-18T21:19:57.799+0100][6520.305s] GC(241) Eden regions: 302->0(301)
[2023-12-18T21:19:57.799+0100][6520.305s] GC(241) Survivor regions: 5->6(39)
[2023-12-18T21:19:57.799+0100][6520.305s] GC(241) Old regions: 72->72
[2023-12-18T21:19:57.799+0100][6520.305s] GC(241) Archive regions: 0->0
[2023-12-18T21:19:57.799+0100][6520.305s] GC(241) Humongous regions: 4->4
[2023-12-18T21:19:57.799+0100][6520.305s] GC(241) Metaspace: 62737K(63488K)->62737K(63488K) NonClass: 55747K(56128K)->55747K(56128K) Class: 6990K(7360K)->6990K(7360K)
[2023-12-18T21:19:57.799+0100][6520.305s] GC(241) Pause Young (Normal) (G1 Evacuation Pause) 381M->80M(512M) 1.743ms
[2023-12-18T21:19:57.799+0100][6520.305s] GC(241) User=0.00s Sys=0.00s Real=0.00s
[2023-12-18T21:19:58.620+0100][6521.126s] GC(242) Pause Young (Normal) (G1 Evacuation Pause)
[2023-12-18T21:19:58.620+0100][6521.126s] GC(242) Using 10 workers of 10 for evacuation
[2023-12-18T21:19:58.622+0100][6521.127s] GC(242)   Pre Evacuate Collection Set: 0.1ms
[2023-12-18T21:19:58.622+0100][6521.127s] GC(242)   Merge Heap Roots: 0.1ms
[2023-12-18T21:19:58.622+0100][6521.127s] GC(242)   Evacuate Collection Set: 0.9ms
[2023-12-18T21:19:58.622+0100][6521.127s] GC(242)   Post Evacuate Collection Set: 0.4ms
[2023-12-18T21:19:58.622+0100][6521.127s] GC(242)   Other: 0.1ms
[2023-12-18T21:19:58.622+0100][6521.127s] GC(242) Eden regions: 301->0(300)
[2023-12-18T21:19:58.622+0100][6521.127s] GC(242) Survivor regions: 6->7(39)
[2023-12-18T21:19:58.622+0100][6521.127s] GC(242) Old regions: 72->72
[2023-12-18T21:19:58.622+0100][6521.127s] GC(242) Archive regions: 0->0
[2023-12-18T21:19:58.622+0100][6521.127s] GC(242) Humongous regions: 4->4
[2023-12-18T21:19:58.622+0100][6521.127s] GC(242) Metaspace: 62738K(63488K)->62738K(63488K) NonClass: 55748K(56128K)->55748K(56128K) Class: 6990K(7360K)->6990K(7360K)
[2023-12-18T21:19:58.622+0100][6521.127s] GC(242) Pause Young (Normal) (G1 Evacuation Pause) 381M->81M(512M) 1.694ms
[2023-12-18T21:19:58.622+0100][6521.127s] GC(242) User=0.00s Sys=0.00s Real=0.00s
[2023-12-18T21:19:59.423+0100][6521.928s] GC(243) Pause Young (Normal) (G1 Evacuation Pause)
[2023-12-18T21:19:59.423+0100][6521.928s] GC(243) Using 10 workers of 10 for evacuation
[2023-12-18T21:19:59.424+0100][6521.929s] GC(243)   Pre Evacuate Collection Set: 0.0ms
[2023-12-18T21:19:59.424+0100][6521.929s] GC(243)   Merge Heap Roots: 0.0ms
[2023-12-18T21:19:59.424+0100][6521.929s] GC(243)   Evacuate Collection Set: 1.0ms
[2023-12-18T21:19:59.424+0100][6521.929s] GC(243)   Post Evacuate Collection Set: 0.3ms
[2023-12-18T21:19:59.424+0100][6521.929s] GC(243)   Other: 0.1ms
[2023-12-18T21:19:59.424+0100][6521.930s] GC(243) Eden regions: 300->0(299)
[2023-12-18T21:19:59.424+0100][6521.930s] GC(243) Survivor regions: 7->8(39)
[2023-12-18T21:19:59.424+0100][6521.930s] GC(243) Old regions: 72->72
[2023-12-18T21:19:59.424+0100][6521.930s] GC(243) Archive regions: 0->0
[2023-12-18T21:19:59.424+0100][6521.930s] GC(243) Humongous regions: 4->4
[2023-12-18T21:19:59.424+0100][6521.930s] GC(243) Metaspace: 62738K(63488K)->62738K(63488K) NonClass: 55748K(56128K)->55748K(56128K) Class: 6990K(7360K)->6990K(7360K)
[2023-12-18T21:19:59.424+0100][6521.930s] GC(243) Pause Young (Normal) (G1 Evacuation Pause) 381M->82M(512M) 1.645ms
[2023-12-18T21:19:59.424+0100][6521.930s] GC(243) User=0.00s Sys=0.00s Real=0.00s
[2023-12-18T21:20:00.246+0100][6522.752s] GC(244) Pause Young (Normal) (G1 Evacuation Pause)
[2023-12-18T21:20:00.246+0100][6522.752s] GC(244) Using 10 workers of 10 for evacuation
[2023-12-18T21:20:00.247+0100][6522.753s] GC(244)   Pre Evacuate Collection Set: 0.1ms
[2023-12-18T21:20:00.247+0100][6522.754s] GC(244)   Merge Heap Roots: 0.1ms
[2023-12-18T21:20:00.247+0100][6522.754s] GC(244)   Evacuate Collection Set: 1.2ms
[2023-12-18T21:20:00.248+0100][6522.754s] GC(244)   Post Evacuate Collection Set: 0.4ms
[2023-12-18T21:20:00.248+0100][6522.754s] GC(244)   Other: 0.1ms
[2023-12-18T21:20:00.248+0100][6522.754s] GC(244) Eden regions: 299->0(297)
[2023-12-18T21:20:00.248+0100][6522.754s] GC(244) Survivor regions: 8->10(39)
[2023-12-18T21:20:00.248+0100][6522.754s] GC(244) Old regions: 72->72
[2023-12-18T21:20:00.248+0100][6522.754s] GC(244) Archive regions: 0->0
[2023-12-18T21:20:00.248+0100][6522.754s] GC(244) Humongous regions: 4->4
[2023-12-18T21:20:00.248+0100][6522.754s] GC(244) Metaspace: 62738K(63488K)->62738K(63488K) NonClass: 55748K(56128K)->55748K(56128K) Class: 6990K(7360K)->6990K(7360K)
[2023-12-18T21:20:00.248+0100][6522.754s] GC(244) Pause Young (Normal) (G1 Evacuation Pause) 381M->84M(512M) 2.080ms
[2023-12-18T21:20:00.248+0100][6522.754s] GC(244) User=0.00s Sys=0.00s Real=0.00s
[2023-12-18T21:20:01.088+0100][6523.593s] GC(245) Pause Young (Normal) (G1 Evacuation Pause)
[2023-12-18T21:20:01.088+0100][6523.593s] GC(245) Using 10 workers of 10 for evacuation
[2023-12-18T21:20:01.090+0100][6523.596s] GC(245)   Pre Evacuate Collection Set: 0.1ms
[2023-12-18T21:20:01.090+0100][6523.596s] GC(245)   Merge Heap Roots: 0.1ms
[2023-12-18T21:20:01.090+0100][6523.596s] GC(245)   Evacuate Collection Set: 1.4ms
[2023-12-18T21:20:01.090+0100][6523.596s] GC(245)   Post Evacuate Collection Set: 0.5ms
[2023-12-18T21:20:01.090+0100][6523.596s] GC(245)   Other: 0.1ms
[2023-12-18T21:20:01.090+0100][6523.596s] GC(245) Eden regions: 297->0(297)
[2023-12-18T21:20:01.090+0100][6523.596s] GC(245) Survivor regions: 10->10(39)
[2023-12-18T21:20:01.090+0100][6523.596s] GC(245) Old regions: 72->72
[2023-12-18T21:20:01.090+0100][6523.596s] GC(245) Archive regions: 0->0
[2023-12-18T21:20:01.090+0100][6523.596s] GC(245) Humongous regions: 4->4
[2023-12-18T21:20:01.090+0100][6523.596s] GC(245) Metaspace: 62738K(63488K)->62738K(63488K) NonClass: 55748K(56128K)->55748K(56128K) Class: 6990K(7360K)->6990K(7360K)
[2023-12-18T21:20:01.091+0100][6523.596s] GC(245) Pause Young (Normal) (G1 Evacuation Pause) 381M->84M(512M) 2.351ms
[2023-12-18T21:20:01.091+0100][6523.596s] GC(245) User=0.00s Sys=0.00s Real=0.00s
[2023-12-18T21:20:01.891+0100][6524.397s] GC(246) Pause Young (Normal) (G1 Evacuation Pause)
[2023-12-18T21:20:01.891+0100][6524.397s] GC(246) Using 10 workers of 10 for evacuation
[2023-12-18T21:20:01.893+0100][6524.399s] GC(246)   Pre Evacuate Collection Set: 0.1ms
[2023-12-18T21:20:01.893+0100][6524.399s] GC(246)   Merge Heap Roots: 0.1ms
[2023-12-18T21:20:01.893+0100][6524.399s] GC(246)   Evacuate Collection Set: 1.3ms
[2023-12-18T21:20:01.893+0100][6524.399s] GC(246)   Post Evacuate Collection Set: 0.4ms
[2023-12-18T21:20:01.893+0100][6524.399s] GC(246)   Other: 0.1ms
[2023-12-18T21:20:01.893+0100][6524.399s] GC(246) Eden regions: 297->0(296)
[2023-12-18T21:20:01.893+0100][6524.399s] GC(246) Survivor regions: 10->11(39)
[2023-12-18T21:20:01.893+0100][6524.399s] GC(246) Old regions: 72->72
[2023-12-18T21:20:01.893+0100][6524.399s] GC(246) Archive regions: 0->0
[2023-12-18T21:20:01.893+0100][6524.399s] GC(246) Humongous regions: 4->4
[2023-12-18T21:20:01.893+0100][6524.399s] GC(246) Metaspace: 62738K(63488K)->62738K(63488K) NonClass: 55748K(56128K)->55748K(56128K) Class: 6990K(7360K)->6990K(7360K)
[2023-12-18T21:20:01.893+0100][6524.399s] GC(246) Pause Young (Normal) (G1 Evacuation Pause) 381M->85M(512M) 2.146ms
[2023-12-18T21:20:01.893+0100][6524.399s] GC(246) User=0.00s Sys=0.00s Real=0.00s
[2023-12-18T21:20:02.685+0100][6525.191s] GC(247) Pause Young (Normal) (G1 Evacuation Pause)
[2023-12-18T21:20:02.685+0100][6525.191s] GC(247) Using 10 workers of 10 for evacuation
[2023-12-18T21:20:02.688+0100][6525.193s] GC(247)   Pre Evacuate Collection Set: 0.1ms
[2023-12-18T21:20:02.688+0100][6525.193s] GC(247)   Merge Heap Roots: 0.2ms
[2023-12-18T21:20:02.688+0100][6525.193s] GC(247)   Evacuate Collection Set: 1.5ms
[2023-12-18T21:20:02.688+0100][6525.193s] GC(247)   Post Evacuate Collection Set: 0.5ms
[2023-12-18T21:20:02.688+0100][6525.193s] GC(247)   Other: 0.1ms
[2023-12-18T21:20:02.688+0100][6525.193s] GC(247) Eden regions: 296->0(295)
[2023-12-18T21:20:02.688+0100][6525.193s] GC(247) Survivor regions: 11->12(39)
[2023-12-18T21:20:02.688+0100][6525.193s] GC(247) Old regions: 72->72
[2023-12-18T21:20:02.688+0100][6525.193s] GC(247) Archive regions: 0->0
[2023-12-18T21:20:02.688+0100][6525.193s] GC(247) Humongous regions: 4->4
[2023-12-18T21:20:02.688+0100][6525.193s] GC(247) Metaspace: 62738K(63488K)->62738K(63488K) NonClass: 55748K(56128K)->55748K(56128K) Class: 6990K(7360K)->6990K(7360K)
[2023-12-18T21:20:02.688+0100][6525.193s] GC(247) Pause Young (Normal) (G1 Evacuation Pause) 381M->86M(512M) 2.522ms
[2023-12-18T21:20:02.688+0100][6525.193s] GC(247) User=0.00s Sys=0.02s Real=0.00s
[2023-12-18T21:20:03.519+0100][6526.024s] GC(248) Pause Young (Normal) (G1 Evacuation Pause)
[2023-12-18T21:20:03.519+0100][6526.025s] GC(248) Using 10 workers of 10 for evacuation
[2023-12-18T21:20:03.522+0100][6526.027s] GC(248)   Pre Evacuate Collection Set: 0.1ms
[2023-12-18T21:20:03.522+0100][6526.027s] GC(248)   Merge Heap Roots: 0.1ms
[2023-12-18T21:20:03.522+0100][6526.027s] GC(248)   Evacuate Collection Set: 1.8ms
[2023-12-18T21:20:03.522+0100][6526.027s] GC(248)   Post Evacuate Collection Set: 0.7ms
[2023-12-18T21:20:03.522+0100][6526.027s] GC(248)   Other: 0.1ms
[2023-12-18T21:20:03.522+0100][6526.027s] GC(248) Eden regions: 295->0(294)
[2023-12-18T21:20:03.522+0100][6526.027s] GC(248) Survivor regions: 12->13(39)
[2023-12-18T21:20:03.522+0100][6526.027s] GC(248) Old regions: 72->72
[2023-12-18T21:20:03.522+0100][6526.027s] GC(248) Archive regions: 0->0
[2023-12-18T21:20:03.522+0100][6526.027s] GC(248) Humongous regions: 4->4
[2023-12-18T21:20:03.522+0100][6526.027s] GC(248) Metaspace: 62738K(63488K)->62738K(63488K) NonClass: 55748K(56128K)->55748K(56128K) Class: 6990K(7360K)->6990K(7360K)
[2023-12-18T21:20:03.522+0100][6526.027s] GC(248) Pause Young (Normal) (G1 Evacuation Pause) 381M->87M(512M) 3.003ms
[2023-12-18T21:20:03.522+0100][6526.028s] GC(248) User=0.00s Sys=0.00s Real=0.00s
[2023-12-18T21:20:04.317+0100][6526.823s] GC(249) Pause Young (Normal) (G1 Evacuation Pause)
[2023-12-18T21:20:04.317+0100][6526.823s] GC(249) Using 10 workers of 10 for evacuation
[2023-12-18T21:20:04.320+0100][6526.826s] GC(249)   Pre Evacuate Collection Set: 0.0ms
[2023-12-18T21:20:04.320+0100][6526.826s] GC(249)   Merge Heap Roots: 0.0ms
[2023-12-18T21:20:04.320+0100][6526.826s] GC(249)   Evacuate Collection Set: 1.9ms
[2023-12-18T21:20:04.320+0100][6526.826s] GC(249)   Post Evacuate Collection Set: 0.4ms
[2023-12-18T21:20:04.320+0100][6526.826s] GC(249)   Other: 0.1ms
[2023-12-18T21:20:04.320+0100][6526.826s] GC(249) Eden regions: 294->0(293)
[2023-12-18T21:20:04.320+0100][6526.826s] GC(249) Survivor regions: 13->14(39)
[2023-12-18T21:20:04.320+0100][6526.826s] GC(249) Old regions: 72->72
[2023-12-18T21:20:04.320+0100][6526.826s] GC(249) Archive regions: 0->0
[2023-12-18T21:20:04.320+0100][6526.826s] GC(249) Humongous regions: 4->4
[2023-12-18T21:20:04.320+0100][6526.826s] GC(249) Metaspace: 62744K(63488K)->62744K(63488K) NonClass: 55754K(56128K)->55754K(56128K) Class: 6990K(7360K)->6990K(7360K)
[2023-12-18T21:20:04.320+0100][6526.826s] GC(249) Pause Young (Normal) (G1 Evacuation Pause) 381M->88M(512M) 2.762ms
[2023-12-18T21:20:04.320+0100][6526.826s] GC(249) User=0.00s Sys=0.00s Real=0.00s
[2023-12-18T21:20:05.106+0100][6527.611s] GC(250) Pause Young (Normal) (G1 Evacuation Pause)
[2023-12-18T21:20:05.106+0100][6527.611s] GC(250) Using 10 workers of 10 for evacuation
[2023-12-18T21:20:05.108+0100][6527.614s] GC(250)   Pre Evacuate Collection Set: 0.1ms
[2023-12-18T21:20:05.108+0100][6527.614s] GC(250)   Merge Heap Roots: 0.1ms
[2023-12-18T21:20:05.108+0100][6527.614s] GC(250)   Evacuate Collection Set: 2.0ms
[2023-12-18T21:20:05.108+0100][6527.614s] GC(250)   Post Evacuate Collection Set: 0.5ms
[2023-12-18T21:20:05.108+0100][6527.614s] GC(250)   Other: 0.1ms
[2023-12-18T21:20:05.108+0100][6527.614s] GC(250) Eden regions: 293->0(292)
[2023-12-18T21:20:05.108+0100][6527.614s] GC(250) Survivor regions: 14->15(39)
[2023-12-18T21:20:05.108+0100][6527.614s] GC(250) Old regions: 72->72
[2023-12-18T21:20:05.108+0100][6527.614s] GC(250) Archive regions: 0->0
[2023-12-18T21:20:05.108+0100][6527.614s] GC(250) Humongous regions: 4->4
[2023-12-18T21:20:05.108+0100][6527.614s] GC(250) Metaspace: 62744K(63488K)->62744K(63488K) NonClass: 55754K(56128K)->55754K(56128K) Class: 6990K(7360K)->6990K(7360K)
[2023-12-18T21:20:05.108+0100][6527.614s] GC(250) Pause Young (Normal) (G1 Evacuation Pause) 381M->89M(512M) 2.952ms
[2023-12-18T21:20:05.108+0100][6527.614s] GC(250) User=0.00s Sys=0.00s Real=0.00s
[2023-12-18T21:20:05.884+0100][6528.390s] GC(251) Pause Young (Normal) (G1 Evacuation Pause)
[2023-12-18T21:20:05.884+0100][6528.390s] GC(251) Using 10 workers of 10 for evacuation
[2023-12-18T21:20:05.887+0100][6528.393s] GC(251)   Pre Evacuate Collection Set: 0.1ms
[2023-12-18T21:20:05.887+0100][6528.393s] GC(251)   Merge Heap Roots: 0.1ms
[2023-12-18T21:20:05.887+0100][6528.393s] GC(251)   Evacuate Collection Set: 2.1ms
[2023-12-18T21:20:05.887+0100][6528.393s] GC(251)   Post Evacuate Collection Set: 0.6ms
[2023-12-18T21:20:05.888+0100][6528.393s] GC(251)   Other: 0.1ms
[2023-12-18T21:20:05.888+0100][6528.393s] GC(251) Eden regions: 292->0(292)
[2023-12-18T21:20:05.888+0100][6528.394s] GC(251) Survivor regions: 15->15(39)
[2023-12-18T21:20:05.888+0100][6528.394s] GC(251) Old regions: 72->72
[2023-12-18T21:20:05.888+0100][6528.394s] GC(251) Archive regions: 0->0
[2023-12-18T21:20:05.888+0100][6528.394s] GC(251) Humongous regions: 4->4
[2023-12-18T21:20:05.888+0100][6528.394s] GC(251) Metaspace: 62745K(63488K)->62745K(63488K) NonClass: 55754K(56128K)->55754K(56128K) Class: 6991K(7360K)->6991K(7360K)
[2023-12-18T21:20:05.888+0100][6528.394s] GC(251) Pause Young (Normal) (G1 Evacuation Pause) 381M->90M(512M) 3.231ms
[2023-12-18T21:20:05.888+0100][6528.394s] GC(251) User=0.00s Sys=0.00s Real=0.00s
[2023-12-18T21:20:06.693+0100][6529.199s] GC(252) Pause Young (Normal) (G1 Evacuation Pause)
[2023-12-18T21:20:06.693+0100][6529.199s] GC(252) Using 10 workers of 10 for evacuation
[2023-12-18T21:20:06.696+0100][6529.202s] GC(252)   Pre Evacuate Collection Set: 0.1ms
[2023-12-18T21:20:06.696+0100][6529.202s] GC(252)   Merge Heap Roots: 0.1ms
[2023-12-18T21:20:06.696+0100][6529.202s] GC(252)   Evacuate Collection Set: 2.2ms
[2023-12-18T21:20:06.696+0100][6529.202s] GC(252)   Post Evacuate Collection Set: 0.6ms
[2023-12-18T21:20:06.696+0100][6529.202s] GC(252)   Other: 0.1ms
[2023-12-18T21:20:06.696+0100][6529.202s] GC(252) Eden regions: 292->0(291)
[2023-12-18T21:20:06.696+0100][6529.202s] GC(252) Survivor regions: 15->16(39)
[2023-12-18T21:20:06.696+0100][6529.202s] GC(252) Old regions: 72->72
[2023-12-18T21:20:06.696+0100][6529.202s] GC(252) Archive regions: 0->0
[2023-12-18T21:20:06.696+0100][6529.202s] GC(252) Humongous regions: 4->4
[2023-12-18T21:20:06.696+0100][6529.202s] GC(252) Metaspace: 62745K(63488K)->62745K(63488K) NonClass: 55754K(56128K)->55754K(56128K) Class: 6991K(7360K)->6991K(7360K)
[2023-12-18T21:20:06.696+0100][6529.202s] GC(252) Pause Young (Normal) (G1 Evacuation Pause) 382M->91M(512M) 3.154ms
[2023-12-18T21:20:06.696+0100][6529.202s] GC(252) User=0.00s Sys=0.00s Real=0.00s
[2023-12-18T21:20:07.484+0100][6529.989s] GC(253) Pause Young (Normal) (G1 Evacuation Pause)
[2023-12-18T21:20:07.484+0100][6529.989s] GC(253) Using 10 workers of 10 for evacuation
[2023-12-18T21:20:07.486+0100][6529.992s] GC(253)   Pre Evacuate Collection Set: 0.1ms
[2023-12-18T21:20:07.487+0100][6529.992s] GC(253)   Merge Heap Roots: 0.2ms
[2023-12-18T21:20:07.487+0100][6529.992s] GC(253)   Evacuate Collection Set: 2.3ms
[2023-12-18T21:20:07.487+0100][6529.992s] GC(253)   Post Evacuate Collection Set: 0.5ms
[2023-12-18T21:20:07.487+0100][6529.992s] GC(253)   Other: 0.1ms
[2023-12-18T21:20:07.487+0100][6529.992s] GC(253) Eden regions: 291->0(290)
[2023-12-18T21:20:07.487+0100][6529.992s] GC(253) Survivor regions: 16->17(39)
[2023-12-18T21:20:07.487+0100][6529.992s] GC(253) Old regions: 72->73
[2023-12-18T21:20:07.487+0100][6529.992s] GC(253) Archive regions: 0->0
[2023-12-18T21:20:07.487+0100][6529.992s] GC(253) Humongous regions: 4->4
[2023-12-18T21:20:07.487+0100][6529.992s] GC(253) Metaspace: 62745K(63488K)->62745K(63488K) NonClass: 55754K(56128K)->55754K(56128K) Class: 6991K(7360K)->6991K(7360K)
[2023-12-18T21:20:07.487+0100][6529.992s] GC(253) Pause Young (Normal) (G1 Evacuation Pause) 382M->92M(512M) 3.323ms
[2023-12-18T21:20:07.487+0100][6529.992s] GC(253) User=0.16s Sys=0.00s Real=0.00s
[2023-12-18T21:20:08.264+0100][6530.769s] GC(254) Pause Young (Normal) (G1 Evacuation Pause)
[2023-12-18T21:20:08.264+0100][6530.769s] GC(254) Using 10 workers of 10 for evacuation
[2023-12-18T21:20:08.267+0100][6530.772s] GC(254)   Pre Evacuate Collection Set: 0.1ms
[2023-12-18T21:20:08.267+0100][6530.772s] GC(254)   Merge Heap Roots: 0.1ms
[2023-12-18T21:20:08.267+0100][6530.772s] GC(254)   Evacuate Collection Set: 2.3ms
[2023-12-18T21:20:08.267+0100][6530.772s] GC(254)   Post Evacuate Collection Set: 0.5ms
[2023-12-18T21:20:08.267+0100][6530.772s] GC(254)   Other: 0.1ms
[2023-12-18T21:20:08.267+0100][6530.772s] GC(254) Eden regions: 290->0(290)
[2023-12-18T21:20:08.267+0100][6530.773s] GC(254) Survivor regions: 17->17(39)
[2023-12-18T21:20:08.267+0100][6530.773s] GC(254) Old regions: 73->74
[2023-12-18T21:20:08.267+0100][6530.773s] GC(254) Archive regions: 0->0
[2023-12-18T21:20:08.267+0100][6530.773s] GC(254) Humongous regions: 4->4
[2023-12-18T21:20:08.267+0100][6530.773s] GC(254) Metaspace: 62745K(63488K)->62745K(63488K) NonClass: 55754K(56128K)->55754K(56128K) Class: 6991K(7360K)->6991K(7360K)
[2023-12-18T21:20:08.267+0100][6530.773s] GC(254) Pause Young (Normal) (G1 Evacuation Pause) 382M->93M(512M) 3.315ms
[2023-12-18T21:20:08.267+0100][6530.773s] GC(254) User=0.16s Sys=0.00s Real=0.00s
[2023-12-18T21:20:09.032+0100][6531.538s] GC(255) Pause Young (Normal) (G1 Evacuation Pause)
[2023-12-18T21:20:09.032+0100][6531.538s] GC(255) Using 10 workers of 10 for evacuation
[2023-12-18T21:20:09.035+0100][6531.541s] GC(255)   Pre Evacuate Collection Set: 0.1ms
[2023-12-18T21:20:09.035+0100][6531.541s] GC(255)   Merge Heap Roots: 0.0ms
[2023-12-18T21:20:09.035+0100][6531.541s] GC(255)   Evacuate Collection Set: 2.4ms
[2023-12-18T21:20:09.035+0100][6531.541s] GC(255)   Post Evacuate Collection Set: 0.4ms
[2023-12-18T21:20:09.035+0100][6531.541s] GC(255)   Other: 0.1ms
[2023-12-18T21:20:09.035+0100][6531.541s] GC(255) Eden regions: 290->0(291)
[2023-12-18T21:20:09.035+0100][6531.541s] GC(255) Survivor regions: 17->16(39)
[2023-12-18T21:20:09.035+0100][6531.541s] GC(255) Old regions: 74->75
[2023-12-18T21:20:09.035+0100][6531.541s] GC(255) Archive regions: 0->0
[2023-12-18T21:20:09.035+0100][6531.541s] GC(255) Humongous regions: 4->4
[2023-12-18T21:20:09.035+0100][6531.541s] GC(255) Metaspace: 62745K(63488K)->62745K(63488K) NonClass: 55754K(56128K)->55754K(56128K) Class: 6991K(7360K)->6991K(7360K)
[2023-12-18T21:20:09.035+0100][6531.541s] GC(255) Pause Young (Normal) (G1 Evacuation Pause) 383M->93M(512M) 3.241ms
[2023-12-18T21:20:09.035+0100][6531.541s] GC(255) User=0.00s Sys=0.00s Real=0.00s
[2023-12-18T21:20:09.793+0100][6532.299s] GC(256) Pause Young (Normal) (G1 Evacuation Pause)
[2023-12-18T21:20:09.793+0100][6532.299s] GC(256) Using 10 workers of 10 for evacuation
[2023-12-18T21:20:09.796+0100][6532.301s] GC(256)   Pre Evacuate Collection Set: 0.0ms
[2023-12-18T21:20:09.796+0100][6532.301s] GC(256)   Merge Heap Roots: 0.0ms
[2023-12-18T21:20:09.796+0100][6532.301s] GC(256)   Evacuate Collection Set: 2.3ms
[2023-12-18T21:20:09.796+0100][6532.301s] GC(256)   Post Evacuate Collection Set: 0.3ms
[2023-12-18T21:20:09.796+0100][6532.301s] GC(256)   Other: 0.1ms
[2023-12-18T21:20:09.796+0100][6532.302s] GC(256) Eden regions: 291->0(291)
[2023-12-18T21:20:09.796+0100][6532.302s] GC(256) Survivor regions: 16->16(39)
[2023-12-18T21:20:09.796+0100][6532.302s] GC(256) Old regions: 75->76
[2023-12-18T21:20:09.796+0100][6532.302s] GC(256) Archive regions: 0->0
[2023-12-18T21:20:09.796+0100][6532.302s] GC(256) Humongous regions: 4->4
[2023-12-18T21:20:09.796+0100][6532.302s] GC(256) Metaspace: 62745K(63488K)->62745K(63488K) NonClass: 55754K(56128K)->55754K(56128K) Class: 6991K(7360K)->6991K(7360K)
[2023-12-18T21:20:09.796+0100][6532.302s] GC(256) Pause Young (Normal) (G1 Evacuation Pause) 384M->94M(512M) 2.911ms
[2023-12-18T21:20:09.796+0100][6532.302s] GC(256) User=0.00s Sys=0.00s Real=0.00s
[2023-12-18T21:20:10.586+0100][6533.091s] GC(257) Pause Young (Normal) (G1 Evacuation Pause)
[2023-12-18T21:20:10.586+0100][6533.091s] GC(257) Using 10 workers of 10 for evacuation
[2023-12-18T21:20:10.589+0100][6533.094s] GC(257)   Pre Evacuate Collection Set: 0.1ms
[2023-12-18T21:20:10.589+0100][6533.094s] GC(257)   Merge Heap Roots: 0.0ms
[2023-12-18T21:20:10.589+0100][6533.094s] GC(257)   Evacuate Collection Set: 2.3ms
[2023-12-18T21:20:10.589+0100][6533.094s] GC(257)   Post Evacuate Collection Set: 0.4ms
[2023-12-18T21:20:10.589+0100][6533.094s] GC(257)   Other: 0.1ms
[2023-12-18T21:20:10.589+0100][6533.094s] GC(257) Eden regions: 291->0(291)
[2023-12-18T21:20:10.589+0100][6533.094s] GC(257) Survivor regions: 16->16(39)
[2023-12-18T21:20:10.589+0100][6533.094s] GC(257) Old regions: 76->77
[2023-12-18T21:20:10.589+0100][6533.094s] GC(257) Archive regions: 0->0
[2023-12-18T21:20:10.589+0100][6533.094s] GC(257) Humongous regions: 4->4
[2023-12-18T21:20:10.589+0100][6533.094s] GC(257) Metaspace: 62745K(63488K)->62745K(63488K) NonClass: 55754K(56128K)->55754K(56128K) Class: 6991K(7360K)->6991K(7360K)
[2023-12-18T21:20:10.589+0100][6533.094s] GC(257) Pause Young (Normal) (G1 Evacuation Pause) 385M->95M(512M) 3.154ms
[2023-12-18T21:20:10.589+0100][6533.094s] GC(257) User=0.00s Sys=0.00s Real=0.00s
[2023-12-18T21:20:11.377+0100][6533.883s] GC(258) Pause Young (Normal) (G1 Evacuation Pause)
[2023-12-18T21:20:11.377+0100][6533.883s] GC(258) Using 10 workers of 10 for evacuation
[2023-12-18T21:20:11.380+0100][6533.886s] GC(258)   Pre Evacuate Collection Set: 0.1ms
[2023-12-18T21:20:11.380+0100][6533.886s] GC(258)   Merge Heap Roots: 0.1ms
[2023-12-18T21:20:11.380+0100][6533.886s] GC(258)   Evacuate Collection Set: 2.4ms
[2023-12-18T21:20:11.380+0100][6533.886s] GC(258)   Post Evacuate Collection Set: 0.5ms
[2023-12-18T21:20:11.381+0100][6533.886s] GC(258)   Other: 0.1ms
[2023-12-18T21:20:11.381+0100][6533.886s] GC(258) Eden regions: 291->0(291)
[2023-12-18T21:20:11.381+0100][6533.886s] GC(258) Survivor regions: 16->16(39)
[2023-12-18T21:20:11.381+0100][6533.886s] GC(258) Old regions: 77->78
[2023-12-18T21:20:11.381+0100][6533.886s] GC(258) Archive regions: 0->0
[2023-12-18T21:20:11.381+0100][6533.886s] GC(258) Humongous regions: 4->4
[2023-12-18T21:20:11.381+0100][6533.886s] GC(258) Metaspace: 62745K(63488K)->62745K(63488K) NonClass: 55754K(56128K)->55754K(56128K) Class: 6991K(7360K)->6991K(7360K)
[2023-12-18T21:20:11.381+0100][6533.886s] GC(258) Pause Young (Normal) (G1 Evacuation Pause) 386M->96M(512M) 3.399ms
[2023-12-18T21:20:11.381+0100][6533.886s] GC(258) User=0.00s Sys=0.00s Real=0.00s
[2023-12-18T21:20:12.162+0100][6534.668s] GC(259) Pause Young (Normal) (G1 Evacuation Pause)
[2023-12-18T21:20:12.162+0100][6534.668s] GC(259) Using 10 workers of 10 for evacuation
[2023-12-18T21:20:12.165+0100][6534.671s] GC(259)   Pre Evacuate Collection Set: 0.1ms
[2023-12-18T21:20:12.165+0100][6534.671s] GC(259)   Merge Heap Roots: 0.1ms
[2023-12-18T21:20:12.165+0100][6534.671s] GC(259)   Evacuate Collection Set: 2.5ms
[2023-12-18T21:20:12.165+0100][6534.671s] GC(259)   Post Evacuate Collection Set: 0.6ms
[2023-12-18T21:20:12.165+0100][6534.671s] GC(259)   Other: 0.1ms
[2023-12-18T21:20:12.165+0100][6534.671s] GC(259) Eden regions: 291->0(290)
[2023-12-18T21:20:12.165+0100][6534.671s] GC(259) Survivor regions: 16->17(39)
[2023-12-18T21:20:12.165+0100][6534.671s] GC(259) Old regions: 78->79
[2023-12-18T21:20:12.165+0100][6534.671s] GC(259) Archive regions: 0->0
[2023-12-18T21:20:12.165+0100][6534.671s] GC(259) Humongous regions: 4->4
[2023-12-18T21:20:12.165+0100][6534.671s] GC(259) Metaspace: 62758K(63488K)->62758K(63488K) NonClass: 55767K(56128K)->55767K(56128K) Class: 6991K(7360K)->6991K(7360K)
[2023-12-18T21:20:12.165+0100][6534.671s] GC(259) Pause Young (Normal) (G1 Evacuation Pause) 387M->98M(512M) 3.515ms
[2023-12-18T21:20:12.166+0100][6534.671s] GC(259) User=0.00s Sys=0.00s Real=0.00s
[2023-12-18T21:20:12.952+0100][6535.458s] GC(260) Pause Young (Normal) (G1 Evacuation Pause)
[2023-12-18T21:20:12.952+0100][6535.458s] GC(260) Using 10 workers of 10 for evacuation
[2023-12-18T21:20:12.955+0100][6535.461s] GC(260)   Pre Evacuate Collection Set: 0.1ms
[2023-12-18T21:20:12.955+0100][6535.461s] GC(260)   Merge Heap Roots: 0.0ms
[2023-12-18T21:20:12.955+0100][6535.461s] GC(260)   Evacuate Collection Set: 2.5ms
[2023-12-18T21:20:12.955+0100][6535.461s] GC(260)   Post Evacuate Collection Set: 0.5ms
[2023-12-18T21:20:12.955+0100][6535.461s] GC(260)   Other: 0.1ms
[2023-12-18T21:20:12.955+0100][6535.461s] GC(260) Eden regions: 290->0(290)
[2023-12-18T21:20:12.955+0100][6535.461s] GC(260) Survivor regions: 17->17(39)
[2023-12-18T21:20:12.955+0100][6535.461s] GC(260) Old regions: 79->80
[2023-12-18T21:20:12.955+0100][6535.462s] GC(260) Archive regions: 0->0
[2023-12-18T21:20:12.955+0100][6535.462s] GC(260) Humongous regions: 4->4
[2023-12-18T21:20:12.955+0100][6535.462s] GC(260) Metaspace: 62758K(63488K)->62758K(63488K) NonClass: 55767K(56128K)->55767K(56128K) Class: 6991K(7360K)->6991K(7360K)
[2023-12-18T21:20:12.955+0100][6535.462s] GC(260) Pause Young (Normal) (G1 Evacuation Pause) 388M->99M(512M) 3.438ms
[2023-12-18T21:20:12.955+0100][6535.462s] GC(260) User=0.14s Sys=0.00s Real=0.00s
[2023-12-18T21:20:13.744+0100][6536.250s] GC(261) Pause Young (Normal) (G1 Evacuation Pause)
[2023-12-18T21:20:13.744+0100][6536.250s] GC(261) Using 10 workers of 10 for evacuation
[2023-12-18T21:20:13.747+0100][6536.252s] GC(261)   Pre Evacuate Collection Set: 0.0ms
[2023-12-18T21:20:13.747+0100][6536.252s] GC(261)   Merge Heap Roots: 0.0ms
[2023-12-18T21:20:13.747+0100][6536.252s] GC(261)   Evacuate Collection Set: 2.2ms
[2023-12-18T21:20:13.747+0100][6536.252s] GC(261)   Post Evacuate Collection Set: 0.3ms
[2023-12-18T21:20:13.747+0100][6536.252s] GC(261)   Other: 0.1ms
[2023-12-18T21:20:13.747+0100][6536.252s] GC(261) Eden regions: 290->0(291)
[2023-12-18T21:20:13.747+0100][6536.252s] GC(261) Survivor regions: 17->16(39)
[2023-12-18T21:20:13.747+0100][6536.252s] GC(261) Old regions: 80->81
[2023-12-18T21:20:13.747+0100][6536.252s] GC(261) Archive regions: 0->0
[2023-12-18T21:20:13.747+0100][6536.252s] GC(261) Humongous regions: 4->4
[2023-12-18T21:20:13.747+0100][6536.252s] GC(261) Metaspace: 62772K(63488K)->62772K(63488K) NonClass: 55781K(56128K)->55781K(56128K) Class: 6991K(7360K)->6991K(7360K)
[2023-12-18T21:20:13.747+0100][6536.252s] GC(261) Pause Young (Normal) (G1 Evacuation Pause) 389M->100M(512M) 2.874ms
[2023-12-18T21:20:13.747+0100][6536.252s] GC(261) User=0.00s Sys=0.00s Real=0.00s
[2023-12-18T21:20:14.532+0100][6537.038s] GC(262) Pause Young (Normal) (G1 Evacuation Pause)
[2023-12-18T21:20:14.532+0100][6537.038s] GC(262) Using 10 workers of 10 for evacuation
[2023-12-18T21:20:14.535+0100][6537.041s] GC(262)   Pre Evacuate Collection Set: 0.1ms
[2023-12-18T21:20:14.535+0100][6537.041s] GC(262)   Merge Heap Roots: 0.1ms
[2023-12-18T21:20:14.535+0100][6537.041s] GC(262)   Evacuate Collection Set: 2.4ms
[2023-12-18T21:20:14.535+0100][6537.041s] GC(262)   Post Evacuate Collection Set: 0.5ms
[2023-12-18T21:20:14.535+0100][6537.041s] GC(262)   Other: 0.1ms
[2023-12-18T21:20:14.535+0100][6537.041s] GC(262) Eden regions: 291->0(290)
[2023-12-18T21:20:14.535+0100][6537.041s] GC(262) Survivor regions: 16->17(39)
[2023-12-18T21:20:14.535+0100][6537.041s] GC(262) Old regions: 81->82
[2023-12-18T21:20:14.535+0100][6537.041s] GC(262) Archive regions: 0->0
[2023-12-18T21:20:14.535+0100][6537.041s] GC(262) Humongous regions: 4->4
[2023-12-18T21:20:14.535+0100][6537.041s] GC(262) Metaspace: 62772K(63488K)->62772K(63488K) NonClass: 55781K(56128K)->55781K(56128K) Class: 6991K(7360K)->6991K(7360K)
[2023-12-18T21:20:14.535+0100][6537.041s] GC(262) Pause Young (Normal) (G1 Evacuation Pause) 391M->101M(512M) 3.356ms
[2023-12-18T21:20:14.535+0100][6537.041s] GC(262) User=0.00s Sys=0.00s Real=0.00s
[2023-12-18T21:20:15.330+0100][6537.836s] GC(263) Pause Young (Normal) (G1 Evacuation Pause)
[2023-12-18T21:20:15.330+0100][6537.836s] GC(263) Using 10 workers of 10 for evacuation
[2023-12-18T21:20:15.333+0100][6537.839s] GC(263)   Pre Evacuate Collection Set: 0.1ms
[2023-12-18T21:20:15.333+0100][6537.839s] GC(263)   Merge Heap Roots: 0.1ms
[2023-12-18T21:20:15.333+0100][6537.839s] GC(263)   Evacuate Collection Set: 2.4ms
[2023-12-18T21:20:15.333+0100][6537.839s] GC(263)   Post Evacuate Collection Set: 0.5ms
[2023-12-18T21:20:15.333+0100][6537.839s] GC(263)   Other: 0.1ms
[2023-12-18T21:20:15.333+0100][6537.839s] GC(263) Eden regions: 290->0(291)
[2023-12-18T21:20:15.333+0100][6537.839s] GC(263) Survivor regions: 17->16(39)
[2023-12-18T21:20:15.333+0100][6537.839s] GC(263) Old regions: 82->82
[2023-12-18T21:20:15.333+0100][6537.839s] GC(263) Archive regions: 0->0
[2023-12-18T21:20:15.333+0100][6537.840s] GC(263) Humongous regions: 4->4
[2023-12-18T21:20:15.333+0100][6537.840s] GC(263) Metaspace: 62772K(63488K)->62772K(63488K) NonClass: 55781K(56128K)->55781K(56128K) Class: 6991K(7360K)->6991K(7360K)
[2023-12-18T21:20:15.333+0100][6537.840s] GC(263) Pause Young (Normal) (G1 Evacuation Pause) 391M->101M(512M) 3.315ms
[2023-12-18T21:20:15.334+0100][6537.840s] GC(263) User=0.00s Sys=0.00s Real=0.00s
[2023-12-18T21:20:16.079+0100][6538.584s] GC(264) Pause Young (Normal) (G1 Evacuation Pause)
[2023-12-18T21:20:16.079+0100][6538.584s] GC(264) Using 10 workers of 10 for evacuation
[2023-12-18T21:20:16.082+0100][6538.587s] GC(264)   Pre Evacuate Collection Set: 0.1ms
[2023-12-18T21:20:16.082+0100][6538.587s] GC(264)   Merge Heap Roots: 0.1ms
[2023-12-18T21:20:16.082+0100][6538.587s] GC(264)   Evacuate Collection Set: 2.3ms
[2023-12-18T21:20:16.082+0100][6538.587s] GC(264)   Post Evacuate Collection Set: 0.4ms
[2023-12-18T21:20:16.082+0100][6538.587s] GC(264)   Other: 0.1ms
[2023-12-18T21:20:16.082+0100][6538.587s] GC(264) Eden regions: 291->0(290)
[2023-12-18T21:20:16.082+0100][6538.587s] GC(264) Survivor regions: 16->17(39)
[2023-12-18T21:20:16.082+0100][6538.587s] GC(264) Old regions: 82->83
[2023-12-18T21:20:16.082+0100][6538.587s] GC(264) Archive regions: 0->0
[2023-12-18T21:20:16.082+0100][6538.587s] GC(264) Humongous regions: 4->4
[2023-12-18T21:20:16.082+0100][6538.588s] GC(264) Metaspace: 62772K(63488K)->62772K(63488K) NonClass: 55781K(56128K)->55781K(56128K) Class: 6991K(7360K)->6991K(7360K)
[2023-12-18T21:20:16.082+0100][6538.588s] GC(264) Pause Young (Normal) (G1 Evacuation Pause) 392M->103M(512M) 3.198ms
[2023-12-18T21:20:16.082+0100][6538.588s] GC(264) User=0.00s Sys=0.00s Real=0.00s
[2023-12-18T21:20:16.847+0100][6539.353s] GC(265) Pause Young (Normal) (G1 Evacuation Pause)
[2023-12-18T21:20:16.847+0100][6539.353s] GC(265) Using 10 workers of 10 for evacuation
[2023-12-18T21:20:16.850+0100][6539.356s] GC(265)   Pre Evacuate Collection Set: 0.0ms
[2023-12-18T21:20:16.850+0100][6539.356s] GC(265)   Merge Heap Roots: 0.0ms
[2023-12-18T21:20:16.850+0100][6539.356s] GC(265)   Evacuate Collection Set: 2.3ms
[2023-12-18T21:20:16.850+0100][6539.356s] GC(265)   Post Evacuate Collection Set: 0.5ms
[2023-12-18T21:20:16.850+0100][6539.356s] GC(265)   Other: 0.1ms
[2023-12-18T21:20:16.850+0100][6539.356s] GC(265) Eden regions: 290->0(290)
[2023-12-18T21:20:16.850+0100][6539.356s] GC(265) Survivor regions: 17->17(39)
[2023-12-18T21:20:16.850+0100][6539.356s] GC(265) Old regions: 83->84
[2023-12-18T21:20:16.850+0100][6539.356s] GC(265) Archive regions: 0->0
[2023-12-18T21:20:16.850+0100][6539.356s] GC(265) Humongous regions: 4->4
[2023-12-18T21:20:16.850+0100][6539.356s] GC(265) Metaspace: 62772K(63488K)->62772K(63488K) NonClass: 55781K(56128K)->55781K(56128K) Class: 6991K(7360K)->6991K(7360K)
[2023-12-18T21:20:16.850+0100][6539.356s] GC(265) Pause Young (Normal) (G1 Evacuation Pause) 393M->104M(512M) 3.176ms
[2023-12-18T21:20:16.850+0100][6539.356s] GC(265) User=0.00s Sys=0.00s Real=0.00s
[2023-12-18T21:20:17.617+0100][6540.123s] GC(266) Pause Young (Normal) (G1 Evacuation Pause)
[2023-12-18T21:20:17.617+0100][6540.123s] GC(266) Using 10 workers of 10 for evacuation
[2023-12-18T21:20:17.621+0100][6540.126s] GC(266)   Pre Evacuate Collection Set: 0.0ms
[2023-12-18T21:20:17.621+0100][6540.126s] GC(266)   Merge Heap Roots: 0.0ms
[2023-12-18T21:20:17.621+0100][6540.126s] GC(266)   Evacuate Collection Set: 2.2ms
[2023-12-18T21:20:17.621+0100][6540.126s] GC(266)   Post Evacuate Collection Set: 0.4ms
[2023-12-18T21:20:17.621+0100][6540.126s] GC(266)   Other: 0.1ms
[2023-12-18T21:20:17.621+0100][6540.126s] GC(266) Eden regions: 290->0(290)
[2023-12-18T21:20:17.621+0100][6540.126s] GC(266) Survivor regions: 17->17(39)
[2023-12-18T21:20:17.621+0100][6540.126s] GC(266) Old regions: 84->85
[2023-12-18T21:20:17.621+0100][6540.126s] GC(266) Archive regions: 0->0
[2023-12-18T21:20:17.621+0100][6540.126s] GC(266) Humongous regions: 4->4
[2023-12-18T21:20:17.621+0100][6540.126s] GC(266) Metaspace: 62772K(63488K)->62772K(63488K) NonClass: 55781K(56128K)->55781K(56128K) Class: 6991K(7360K)->6991K(7360K)
[2023-12-18T21:20:17.621+0100][6540.126s] GC(266) Pause Young (Normal) (G1 Evacuation Pause) 394M->105M(512M) 3.022ms
[2023-12-18T21:20:17.621+0100][6540.126s] GC(266) User=0.00s Sys=0.00s Real=0.00s
[2023-12-18T21:20:18.393+0100][6540.899s] GC(267) Pause Young (Normal) (G1 Evacuation Pause)
[2023-12-18T21:20:18.393+0100][6540.899s] GC(267) Using 10 workers of 10 for evacuation
[2023-12-18T21:20:18.396+0100][6540.902s] GC(267)   Pre Evacuate Collection Set: 0.0ms
[2023-12-18T21:20:18.396+0100][6540.902s] GC(267)   Merge Heap Roots: 0.0ms
[2023-12-18T21:20:18.396+0100][6540.902s] GC(267)   Evacuate Collection Set: 2.3ms
[2023-12-18T21:20:18.396+0100][6540.902s] GC(267)   Post Evacuate Collection Set: 0.5ms
[2023-12-18T21:20:18.396+0100][6540.902s] GC(267)   Other: 0.1ms
[2023-12-18T21:20:18.396+0100][6540.902s] GC(267) Eden regions: 290->0(290)
[2023-12-18T21:20:18.397+0100][6540.902s] GC(267) Survivor regions: 17->17(39)
[2023-12-18T21:20:18.397+0100][6540.902s] GC(267) Old regions: 85->86
[2023-12-18T21:20:18.397+0100][6540.902s] GC(267) Archive regions: 0->0
[2023-12-18T21:20:18.397+0100][6540.902s] GC(267) Humongous regions: 4->4
[2023-12-18T21:20:18.397+0100][6540.902s] GC(267) Metaspace: 62772K(63488K)->62772K(63488K) NonClass: 55781K(56128K)->55781K(56128K) Class: 6991K(7360K)->6991K(7360K)
[2023-12-18T21:20:18.397+0100][6540.902s] GC(267) Pause Young (Normal) (G1 Evacuation Pause) 395M->106M(512M) 3.199ms
[2023-12-18T21:20:18.397+0100][6540.902s] GC(267) User=0.00s Sys=0.00s Real=0.00s
[2023-12-18T21:20:19.177+0100][6541.682s] GC(268) Pause Young (Normal) (G1 Evacuation Pause)
[2023-12-18T21:20:19.177+0100][6541.682s] GC(268) Using 10 workers of 10 for evacuation
[2023-12-18T21:20:19.180+0100][6541.685s] GC(268)   Pre Evacuate Collection Set: 0.1ms
[2023-12-18T21:20:19.180+0100][6541.685s] GC(268)   Merge Heap Roots: 0.1ms
[2023-12-18T21:20:19.180+0100][6541.685s] GC(268)   Evacuate Collection Set: 2.3ms
[2023-12-18T21:20:19.180+0100][6541.685s] GC(268)   Post Evacuate Collection Set: 0.4ms
[2023-12-18T21:20:19.180+0100][6541.685s] GC(268)   Other: 0.1ms
[2023-12-18T21:20:19.180+0100][6541.685s] GC(268) Eden regions: 290->0(290)
[2023-12-18T21:20:19.180+0100][6541.685s] GC(268) Survivor regions: 17->17(39)
[2023-12-18T21:20:19.180+0100][6541.685s] GC(268) Old regions: 86->87
[2023-12-18T21:20:19.180+0100][6541.685s] GC(268) Archive regions: 0->0
[2023-12-18T21:20:19.180+0100][6541.685s] GC(268) Humongous regions: 4->4
[2023-12-18T21:20:19.180+0100][6541.685s] GC(268) Metaspace: 62772K(63488K)->62772K(63488K) NonClass: 55781K(56128K)->55781K(56128K) Class: 6991K(7360K)->6991K(7360K)
[2023-12-18T21:20:19.180+0100][6541.685s] GC(268) Pause Young (Normal) (G1 Evacuation Pause) 396M->107M(512M) 3.098ms
[2023-12-18T21:20:19.180+0100][6541.685s] GC(268) User=0.00s Sys=0.00s Real=0.00s
[2023-12-18T21:20:19.960+0100][6542.466s] GC(269) Pause Young (Normal) (G1 Evacuation Pause)
[2023-12-18T21:20:19.960+0100][6542.466s] GC(269) Using 10 workers of 10 for evacuation
[2023-12-18T21:20:19.963+0100][6542.469s] GC(269)   Pre Evacuate Collection Set: 0.1ms
[2023-12-18T21:20:19.963+0100][6542.469s] GC(269)   Merge Heap Roots: 0.1ms
[2023-12-18T21:20:19.963+0100][6542.469s] GC(269)   Evacuate Collection Set: 2.3ms
[2023-12-18T21:20:19.963+0100][6542.469s] GC(269)   Post Evacuate Collection Set: 0.5ms
[2023-12-18T21:20:19.963+0100][6542.469s] GC(269)   Other: 0.1ms
[2023-12-18T21:20:19.963+0100][6542.469s] GC(269) Eden regions: 290->0(290)
[2023-12-18T21:20:19.963+0100][6542.469s] GC(269) Survivor regions: 17->17(39)
[2023-12-18T21:20:19.963+0100][6542.469s] GC(269) Old regions: 87->88
[2023-12-18T21:20:19.963+0100][6542.469s] GC(269) Archive regions: 0->0
[2023-12-18T21:20:19.963+0100][6542.469s] GC(269) Humongous regions: 4->4
[2023-12-18T21:20:19.963+0100][6542.469s] GC(269) Metaspace: 62772K(63488K)->62772K(63488K) NonClass: 55781K(56128K)->55781K(56128K) Class: 6991K(7360K)->6991K(7360K)
[2023-12-18T21:20:19.963+0100][6542.469s] GC(269) Pause Young (Normal) (G1 Evacuation Pause) 397M->108M(512M) 3.176ms
[2023-12-18T21:20:19.964+0100][6542.469s] GC(269) User=0.00s Sys=0.00s Real=0.00s
[2023-12-18T21:20:20.731+0100][6543.236s] GC(270) Pause Young (Normal) (G1 Evacuation Pause)
[2023-12-18T21:20:20.731+0100][6543.237s] GC(270) Using 10 workers of 10 for evacuation
[2023-12-18T21:20:20.734+0100][6543.239s] GC(270)   Pre Evacuate Collection Set: 0.1ms
[2023-12-18T21:20:20.734+0100][6543.239s] GC(270)   Merge Heap Roots: 0.1ms
[2023-12-18T21:20:20.734+0100][6543.239s] GC(270)   Evacuate Collection Set: 2.3ms
[2023-12-18T21:20:20.734+0100][6543.239s] GC(270)   Post Evacuate Collection Set: 0.4ms
[2023-12-18T21:20:20.734+0100][6543.240s] GC(270)   Other: 0.1ms
[2023-12-18T21:20:20.734+0100][6543.240s] GC(270) Eden regions: 290->0(290)
[2023-12-18T21:20:20.734+0100][6543.240s] GC(270) Survivor regions: 17->17(39)
[2023-12-18T21:20:20.734+0100][6543.240s] GC(270) Old regions: 88->89
[2023-12-18T21:20:20.734+0100][6543.240s] GC(270) Archive regions: 0->0
[2023-12-18T21:20:20.734+0100][6543.240s] GC(270) Humongous regions: 4->4
[2023-12-18T21:20:20.734+0100][6543.240s] GC(270) Metaspace: 62772K(63488K)->62772K(63488K) NonClass: 55781K(56128K)->55781K(56128K) Class: 6991K(7360K)->6991K(7360K)
[2023-12-18T21:20:20.734+0100][6543.240s] GC(270) Pause Young (Normal) (G1 Evacuation Pause) 398M->109M(512M) 3.117ms
[2023-12-18T21:20:20.734+0100][6543.240s] GC(270) User=0.00s Sys=0.00s Real=0.00s
[2023-12-18T21:20:21.518+0100][6544.023s] GC(271) Pause Young (Normal) (G1 Evacuation Pause)
[2023-12-18T21:20:21.518+0100][6544.023s] GC(271) Using 10 workers of 10 for evacuation
[2023-12-18T21:20:21.520+0100][6544.026s] GC(271)   Pre Evacuate Collection Set: 0.0ms
[2023-12-18T21:20:21.520+0100][6544.026s] GC(271)   Merge Heap Roots: 0.0ms
[2023-12-18T21:20:21.520+0100][6544.026s] GC(271)   Evacuate Collection Set: 2.3ms
[2023-12-18T21:20:21.520+0100][6544.026s] GC(271)   Post Evacuate Collection Set: 0.3ms
[2023-12-18T21:20:21.520+0100][6544.026s] GC(271)   Other: 0.1ms
[2023-12-18T21:20:21.520+0100][6544.026s] GC(271) Eden regions: 290->0(291)
[2023-12-18T21:20:21.520+0100][6544.026s] GC(271) Survivor regions: 17->16(39)
[2023-12-18T21:20:21.520+0100][6544.026s] GC(271) Old regions: 89->90
[2023-12-18T21:20:21.520+0100][6544.026s] GC(271) Archive regions: 0->0
[2023-12-18T21:20:21.520+0100][6544.026s] GC(271) Humongous regions: 4->4
[2023-12-18T21:20:21.520+0100][6544.026s] GC(271) Metaspace: 62772K(63488K)->62772K(63488K) NonClass: 55781K(56128K)->55781K(56128K) Class: 6991K(7360K)->6991K(7360K)
[2023-12-18T21:20:21.521+0100][6544.026s] GC(271) Pause Young (Normal) (G1 Evacuation Pause) 399M->109M(512M) 2.988ms
[2023-12-18T21:20:21.521+0100][6544.026s] GC(271) User=0.00s Sys=0.00s Real=0.00s
[2023-12-18T21:20:22.281+0100][6544.786s] GC(272) Pause Young (Normal) (G1 Evacuation Pause)
[2023-12-18T21:20:22.281+0100][6544.787s] GC(272) Using 10 workers of 10 for evacuation
[2023-12-18T21:20:22.284+0100][6544.789s] GC(272)   Pre Evacuate Collection Set: 0.1ms
[2023-12-18T21:20:22.284+0100][6544.790s] GC(272)   Merge Heap Roots: 0.1ms
[2023-12-18T21:20:22.284+0100][6544.790s] GC(272)   Evacuate Collection Set: 2.4ms
[2023-12-18T21:20:22.284+0100][6544.790s] GC(272)   Post Evacuate Collection Set: 0.3ms
[2023-12-18T21:20:22.284+0100][6544.790s] GC(272)   Other: 0.1ms
[2023-12-18T21:20:22.284+0100][6544.790s] GC(272) Eden regions: 291->0(290)
[2023-12-18T21:20:22.284+0100][6544.790s] GC(272) Survivor regions: 16->17(39)
[2023-12-18T21:20:22.284+0100][6544.790s] GC(272) Old regions: 90->91
[2023-12-18T21:20:22.284+0100][6544.790s] GC(272) Archive regions: 0->0
[2023-12-18T21:20:22.284+0100][6544.790s] GC(272) Humongous regions: 4->4
[2023-12-18T21:20:22.284+0100][6544.790s] GC(272) Metaspace: 62772K(63488K)->62772K(63488K) NonClass: 55781K(56128K)->55781K(56128K) Class: 6991K(7360K)->6991K(7360K)
[2023-12-18T21:20:22.284+0100][6544.790s] GC(272) Pause Young (Normal) (G1 Evacuation Pause) 400M->111M(512M) 3.125ms
[2023-12-18T21:20:22.284+0100][6544.790s] GC(272) User=0.16s Sys=0.00s Real=0.00s
[2023-12-18T21:20:23.028+0100][6545.533s] GC(273) Pause Young (Normal) (G1 Evacuation Pause)
[2023-12-18T21:20:23.028+0100][6545.533s] GC(273) Using 10 workers of 10 for evacuation
[2023-12-18T21:20:23.031+0100][6545.536s] GC(273)   Pre Evacuate Collection Set: 0.1ms
[2023-12-18T21:20:23.031+0100][6545.536s] GC(273)   Merge Heap Roots: 0.1ms
[2023-12-18T21:20:23.031+0100][6545.536s] GC(273)   Evacuate Collection Set: 2.2ms
[2023-12-18T21:20:23.031+0100][6545.536s] GC(273)   Post Evacuate Collection Set: 0.4ms
[2023-12-18T21:20:23.031+0100][6545.536s] GC(273)   Other: 0.1ms
[2023-12-18T21:20:23.031+0100][6545.536s] GC(273) Eden regions: 290->0(290)
[2023-12-18T21:20:23.031+0100][6545.536s] GC(273) Survivor regions: 17->17(39)
[2023-12-18T21:20:23.031+0100][6545.536s] GC(273) Old regions: 91->92
[2023-12-18T21:20:23.031+0100][6545.536s] GC(273) Archive regions: 0->0
[2023-12-18T21:20:23.031+0100][6545.536s] GC(273) Humongous regions: 4->4
[2023-12-18T21:20:23.031+0100][6545.536s] GC(273) Metaspace: 62772K(63488K)->62772K(63488K) NonClass: 55781K(56128K)->55781K(56128K) Class: 6991K(7360K)->6991K(7360K)
[2023-12-18T21:20:23.031+0100][6545.536s] GC(273) Pause Young (Normal) (G1 Evacuation Pause) 401M->112M(512M) 3.119ms
[2023-12-18T21:20:23.031+0100][6545.536s] GC(273) User=0.00s Sys=0.00s Real=0.00s
[2023-12-18T21:20:23.802+0100][6546.308s] GC(274) Pause Young (Normal) (G1 Evacuation Pause)
[2023-12-18T21:20:23.802+0100][6546.308s] GC(274) Using 10 workers of 10 for evacuation
[2023-12-18T21:20:23.805+0100][6546.311s] GC(274)   Pre Evacuate Collection Set: 0.1ms
[2023-12-18T21:20:23.806+0100][6546.311s] GC(274)   Merge Heap Roots: 0.1ms
[2023-12-18T21:20:23.806+0100][6546.311s] GC(274)   Evacuate Collection Set: 2.4ms
[2023-12-18T21:20:23.806+0100][6546.311s] GC(274)   Post Evacuate Collection Set: 0.6ms
[2023-12-18T21:20:23.806+0100][6546.311s] GC(274)   Other: 0.1ms
[2023-12-18T21:20:23.806+0100][6546.311s] GC(274) Eden regions: 290->0(291)
[2023-12-18T21:20:23.806+0100][6546.311s] GC(274) Survivor regions: 17->16(39)
[2023-12-18T21:20:23.806+0100][6546.311s] GC(274) Old regions: 92->93
[2023-12-18T21:20:23.806+0100][6546.311s] GC(274) Archive regions: 0->0
[2023-12-18T21:20:23.806+0100][6546.311s] GC(274) Humongous regions: 4->4
[2023-12-18T21:20:23.806+0100][6546.311s] GC(274) Metaspace: 62772K(63488K)->62772K(63488K) NonClass: 55781K(56128K)->55781K(56128K) Class: 6991K(7360K)->6991K(7360K)
[2023-12-18T21:20:23.806+0100][6546.311s] GC(274) Pause Young (Normal) (G1 Evacuation Pause) 402M->112M(512M) 3.412ms
[2023-12-18T21:20:23.806+0100][6546.311s] GC(274) User=0.00s Sys=0.00s Real=0.00s
[2023-12-18T21:20:24.580+0100][6547.085s] GC(275) Pause Young (Normal) (G1 Evacuation Pause)
[2023-12-18T21:20:24.580+0100][6547.085s] GC(275) Using 10 workers of 10 for evacuation
[2023-12-18T21:20:24.583+0100][6547.089s] GC(275)   Pre Evacuate Collection Set: 0.1ms
[2023-12-18T21:20:24.583+0100][6547.089s] GC(275)   Merge Heap Roots: 0.1ms
[2023-12-18T21:20:24.583+0100][6547.089s] GC(275)   Evacuate Collection Set: 2.4ms
[2023-12-18T21:20:24.583+0100][6547.089s] GC(275)   Post Evacuate Collection Set: 0.5ms
[2023-12-18T21:20:24.583+0100][6547.089s] GC(275)   Other: 0.1ms
[2023-12-18T21:20:24.583+0100][6547.089s] GC(275) Eden regions: 291->0(290)
[2023-12-18T21:20:24.583+0100][6547.089s] GC(275) Survivor regions: 16->17(39)
[2023-12-18T21:20:24.583+0100][6547.089s] GC(275) Old regions: 93->94
[2023-12-18T21:20:24.583+0100][6547.089s] GC(275) Archive regions: 0->0
[2023-12-18T21:20:24.583+0100][6547.089s] GC(275) Humongous regions: 4->4
[2023-12-18T21:20:24.583+0100][6547.089s] GC(275) Metaspace: 62772K(63488K)->62772K(63488K) NonClass: 55781K(56128K)->55781K(56128K) Class: 6991K(7360K)->6991K(7360K)
[2023-12-18T21:20:24.583+0100][6547.089s] GC(275) Pause Young (Normal) (G1 Evacuation Pause) 403M->114M(512M) 3.297ms
[2023-12-18T21:20:24.583+0100][6547.089s] GC(275) User=0.00s Sys=0.00s Real=0.00s
[2023-12-18T21:20:25.353+0100][6547.859s] GC(276) Pause Young (Normal) (G1 Evacuation Pause)
[2023-12-18T21:20:25.353+0100][6547.859s] GC(276) Using 10 workers of 10 for evacuation
[2023-12-18T21:20:25.356+0100][6547.862s] GC(276)   Pre Evacuate Collection Set: 0.1ms
[2023-12-18T21:20:25.356+0100][6547.862s] GC(276)   Merge Heap Roots: 0.1ms
[2023-12-18T21:20:25.356+0100][6547.862s] GC(276)   Evacuate Collection Set: 2.2ms
[2023-12-18T21:20:25.356+0100][6547.862s] GC(276)   Post Evacuate Collection Set: 0.4ms
[2023-12-18T21:20:25.356+0100][6547.862s] GC(276)   Other: 0.1ms
[2023-12-18T21:20:25.356+0100][6547.862s] GC(276) Eden regions: 290->0(291)
[2023-12-18T21:20:25.356+0100][6547.862s] GC(276) Survivor regions: 17->16(39)
[2023-12-18T21:20:25.356+0100][6547.862s] GC(276) Old regions: 94->95
[2023-12-18T21:20:25.356+0100][6547.862s] GC(276) Archive regions: 0->0
[2023-12-18T21:20:25.356+0100][6547.862s] GC(276) Humongous regions: 4->4
[2023-12-18T21:20:25.356+0100][6547.862s] GC(276) Metaspace: 62772K(63488K)->62772K(63488K) NonClass: 55781K(56128K)->55781K(56128K) Class: 6991K(7360K)->6991K(7360K)
[2023-12-18T21:20:25.356+0100][6547.862s] GC(276) Pause Young (Normal) (G1 Evacuation Pause) 404M->114M(512M) 3.084ms
[2023-12-18T21:20:25.357+0100][6547.862s] GC(276) User=0.00s Sys=0.00s Real=0.00s
[2023-12-18T21:20:26.124+0100][6548.629s] GC(277) Pause Young (Normal) (G1 Evacuation Pause)
[2023-12-18T21:20:26.124+0100][6548.629s] GC(277) Using 10 workers of 10 for evacuation
[2023-12-18T21:20:26.127+0100][6548.632s] GC(277)   Pre Evacuate Collection Set: 0.1ms
[2023-12-18T21:20:26.127+0100][6548.632s] GC(277)   Merge Heap Roots: 0.1ms
[2023-12-18T21:20:26.127+0100][6548.632s] GC(277)   Evacuate Collection Set: 2.2ms
[2023-12-18T21:20:26.127+0100][6548.632s] GC(277)   Post Evacuate Collection Set: 0.5ms
[2023-12-18T21:20:26.127+0100][6548.632s] GC(277)   Other: 0.1ms
[2023-12-18T21:20:26.127+0100][6548.632s] GC(277) Eden regions: 291->0(291)
[2023-12-18T21:20:26.127+0100][6548.632s] GC(277) Survivor regions: 16->16(39)
[2023-12-18T21:20:26.127+0100][6548.632s] GC(277) Old regions: 95->96
[2023-12-18T21:20:26.127+0100][6548.632s] GC(277) Archive regions: 0->0
[2023-12-18T21:20:26.127+0100][6548.632s] GC(277) Humongous regions: 4->4
[2023-12-18T21:20:26.127+0100][6548.632s] GC(277) Metaspace: 62772K(63488K)->62772K(63488K) NonClass: 55781K(56128K)->55781K(56128K) Class: 6991K(7360K)->6991K(7360K)
[2023-12-18T21:20:26.127+0100][6548.632s] GC(277) Pause Young (Normal) (G1 Evacuation Pause) 405M->115M(512M) 3.200ms
[2023-12-18T21:20:26.127+0100][6548.632s] GC(277) User=0.16s Sys=0.00s Real=0.00s
[2023-12-18T21:20:26.891+0100][6549.397s] GC(278) Pause Young (Normal) (G1 Evacuation Pause)
[2023-12-18T21:20:26.891+0100][6549.397s] GC(278) Using 10 workers of 10 for evacuation
[2023-12-18T21:20:26.894+0100][6549.400s] GC(278)   Pre Evacuate Collection Set: 0.1ms
[2023-12-18T21:20:26.894+0100][6549.400s] GC(278)   Merge Heap Roots: 0.2ms
[2023-12-18T21:20:26.894+0100][6549.400s] GC(278)   Evacuate Collection Set: 2.7ms
[2023-12-18T21:20:26.894+0100][6549.400s] GC(278)   Post Evacuate Collection Set: 0.5ms
[2023-12-18T21:20:26.894+0100][6549.400s] GC(278)   Other: 0.1ms
[2023-12-18T21:20:26.894+0100][6549.400s] GC(278) Eden regions: 291->0(290)
[2023-12-18T21:20:26.894+0100][6549.400s] GC(278) Survivor regions: 16->17(39)
[2023-12-18T21:20:26.894+0100][6549.400s] GC(278) Old regions: 96->97
[2023-12-18T21:20:26.894+0100][6549.400s] GC(278) Archive regions: 0->0
[2023-12-18T21:20:26.894+0100][6549.400s] GC(278) Humongous regions: 4->4
[2023-12-18T21:20:26.894+0100][6549.400s] GC(278) Metaspace: 62772K(63488K)->62772K(63488K) NonClass: 55781K(56128K)->55781K(56128K) Class: 6991K(7360K)->6991K(7360K)
[2023-12-18T21:20:26.894+0100][6549.400s] GC(278) Pause Young (Normal) (G1 Evacuation Pause) 406M->117M(512M) 3.784ms
[2023-12-18T21:20:26.894+0100][6549.400s] GC(278) User=0.00s Sys=0.00s Real=0.00s
[2023-12-18T21:20:27.653+0100][6550.159s] GC(279) Pause Young (Normal) (G1 Evacuation Pause)
[2023-12-18T21:20:27.653+0100][6550.159s] GC(279) Using 10 workers of 10 for evacuation
[2023-12-18T21:20:27.656+0100][6550.162s] GC(279)   Pre Evacuate Collection Set: 0.1ms
[2023-12-18T21:20:27.656+0100][6550.162s] GC(279)   Merge Heap Roots: 0.1ms
[2023-12-18T21:20:27.656+0100][6550.162s] GC(279)   Evacuate Collection Set: 2.3ms
[2023-12-18T21:20:27.656+0100][6550.162s] GC(279)   Post Evacuate Collection Set: 0.6ms
[2023-12-18T21:20:27.656+0100][6550.162s] GC(279)   Other: 0.1ms
[2023-12-18T21:20:27.656+0100][6550.162s] GC(279) Eden regions: 290->0(290)
[2023-12-18T21:20:27.656+0100][6550.162s] GC(279) Survivor regions: 17->17(39)
[2023-12-18T21:20:27.656+0100][6550.162s] GC(279) Old regions: 97->98
[2023-12-18T21:20:27.656+0100][6550.162s] GC(279) Archive regions: 0->0
[2023-12-18T21:20:27.656+0100][6550.162s] GC(279) Humongous regions: 4->4
[2023-12-18T21:20:27.656+0100][6550.162s] GC(279) Metaspace: 62772K(63488K)->62772K(63488K) NonClass: 55781K(56128K)->55781K(56128K) Class: 6991K(7360K)->6991K(7360K)
[2023-12-18T21:20:27.656+0100][6550.162s] GC(279) Pause Young (Normal) (G1 Evacuation Pause) 407M->117M(512M) 3.414ms
[2023-12-18T21:20:27.656+0100][6550.162s] GC(279) User=0.00s Sys=0.02s Real=0.00s
[2023-12-18T21:20:28.435+0100][6550.941s] GC(280) Pause Young (Normal) (G1 Evacuation Pause)
[2023-12-18T21:20:28.435+0100][6550.941s] GC(280) Using 10 workers of 10 for evacuation
[2023-12-18T21:20:28.438+0100][6550.944s] GC(280)   Pre Evacuate Collection Set: 0.1ms
[2023-12-18T21:20:28.438+0100][6550.944s] GC(280)   Merge Heap Roots: 0.1ms
[2023-12-18T21:20:28.438+0100][6550.944s] GC(280)   Evacuate Collection Set: 2.2ms
[2023-12-18T21:20:28.438+0100][6550.944s] GC(280)   Post Evacuate Collection Set: 0.6ms
[2023-12-18T21:20:28.438+0100][6550.944s] GC(280)   Other: 0.1ms
[2023-12-18T21:20:28.438+0100][6550.944s] GC(280) Eden regions: 290->0(290)
[2023-12-18T21:20:28.438+0100][6550.944s] GC(280) Survivor regions: 17->17(39)
[2023-12-18T21:20:28.438+0100][6550.944s] GC(280) Old regions: 98->99
[2023-12-18T21:20:28.438+0100][6550.944s] GC(280) Archive regions: 0->0
[2023-12-18T21:20:28.438+0100][6550.944s] GC(280) Humongous regions: 4->4
[2023-12-18T21:20:28.438+0100][6550.944s] GC(280) Metaspace: 62772K(63488K)->62772K(63488K) NonClass: 55781K(56128K)->55781K(56128K) Class: 6991K(7360K)->6991K(7360K)
[2023-12-18T21:20:28.438+0100][6550.944s] GC(280) Pause Young (Normal) (G1 Evacuation Pause) 407M->118M(512M) 3.232ms
[2023-12-18T21:20:28.438+0100][6550.944s] GC(280) User=0.03s Sys=0.00s Real=0.00s
[2023-12-18T21:20:29.233+0100][6551.739s] GC(281) Pause Young (Normal) (G1 Evacuation Pause)
[2023-12-18T21:20:29.233+0100][6551.739s] GC(281) Using 10 workers of 10 for evacuation
[2023-12-18T21:20:29.236+0100][6551.742s] GC(281)   Pre Evacuate Collection Set: 0.1ms
[2023-12-18T21:20:29.236+0100][6551.742s] GC(281)   Merge Heap Roots: 0.1ms
[2023-12-18T21:20:29.236+0100][6551.742s] GC(281)   Evacuate Collection Set: 2.2ms
[2023-12-18T21:20:29.236+0100][6551.742s] GC(281)   Post Evacuate Collection Set: 0.5ms
[2023-12-18T21:20:29.236+0100][6551.742s] GC(281)   Other: 0.1ms
[2023-12-18T21:20:29.236+0100][6551.742s] GC(281) Eden regions: 290->0(290)
[2023-12-18T21:20:29.236+0100][6551.742s] GC(281) Survivor regions: 17->17(39)
[2023-12-18T21:20:29.236+0100][6551.742s] GC(281) Old regions: 99->100
[2023-12-18T21:20:29.236+0100][6551.742s] GC(281) Archive regions: 0->0
[2023-12-18T21:20:29.236+0100][6551.742s] GC(281) Humongous regions: 4->4
[2023-12-18T21:20:29.236+0100][6551.742s] GC(281) Metaspace: 62772K(63488K)->62772K(63488K) NonClass: 55781K(56128K)->55781K(56128K) Class: 6991K(7360K)->6991K(7360K)
[2023-12-18T21:20:29.236+0100][6551.742s] GC(281) Pause Young (Normal) (G1 Evacuation Pause) 408M->119M(512M) 3.054ms
[2023-12-18T21:20:29.236+0100][6551.742s] GC(281) User=0.16s Sys=0.00s Real=0.00s
[2023-12-18T21:20:29.988+0100][6552.493s] GC(282) Pause Young (Normal) (G1 Evacuation Pause)
[2023-12-18T21:20:29.988+0100][6552.493s] GC(282) Using 10 workers of 10 for evacuation
[2023-12-18T21:20:29.991+0100][6552.496s] GC(282)   Pre Evacuate Collection Set: 0.1ms
[2023-12-18T21:20:29.991+0100][6552.497s] GC(282)   Merge Heap Roots: 0.0ms
[2023-12-18T21:20:29.991+0100][6552.497s] GC(282)   Evacuate Collection Set: 2.5ms
[2023-12-18T21:20:29.991+0100][6552.497s] GC(282)   Post Evacuate Collection Set: 0.5ms
[2023-12-18T21:20:29.991+0100][6552.497s] GC(282)   Other: 0.1ms
[2023-12-18T21:20:29.991+0100][6552.497s] GC(282) Eden regions: 290->0(290)
[2023-12-18T21:20:29.991+0100][6552.497s] GC(282) Survivor regions: 17->17(39)
[2023-12-18T21:20:29.991+0100][6552.497s] GC(282) Old regions: 100->101
[2023-12-18T21:20:29.991+0100][6552.497s] GC(282) Archive regions: 0->0
[2023-12-18T21:20:29.991+0100][6552.497s] GC(282) Humongous regions: 4->4
[2023-12-18T21:20:29.991+0100][6552.497s] GC(282) Metaspace: 62772K(63488K)->62772K(63488K) NonClass: 55781K(56128K)->55781K(56128K) Class: 6991K(7360K)->6991K(7360K)
[2023-12-18T21:20:29.991+0100][6552.497s] GC(282) Pause Young (Normal) (G1 Evacuation Pause) 409M->121M(512M) 3.337ms
[2023-12-18T21:20:29.991+0100][6552.497s] GC(282) User=0.00s Sys=0.00s Real=0.00s
[2023-12-18T21:20:30.748+0100][6553.253s] GC(283) Pause Young (Normal) (G1 Evacuation Pause)
[2023-12-18T21:20:30.748+0100][6553.253s] GC(283) Using 10 workers of 10 for evacuation
[2023-12-18T21:20:30.751+0100][6553.256s] GC(283)   Pre Evacuate Collection Set: 0.1ms
[2023-12-18T21:20:30.751+0100][6553.256s] GC(283)   Merge Heap Roots: 0.1ms
[2023-12-18T21:20:30.751+0100][6553.256s] GC(283)   Evacuate Collection Set: 2.2ms
[2023-12-18T21:20:30.751+0100][6553.256s] GC(283)   Post Evacuate Collection Set: 0.4ms
[2023-12-18T21:20:30.751+0100][6553.256s] GC(283)   Other: 0.1ms
[2023-12-18T21:20:30.751+0100][6553.256s] GC(283) Eden regions: 290->0(290)
[2023-12-18T21:20:30.751+0100][6553.256s] GC(283) Survivor regions: 17->17(39)
[2023-12-18T21:20:30.751+0100][6553.256s] GC(283) Old regions: 101->102
[2023-12-18T21:20:30.751+0100][6553.256s] GC(283) Archive regions: 0->0
[2023-12-18T21:20:30.751+0100][6553.256s] GC(283) Humongous regions: 4->4
[2023-12-18T21:20:30.751+0100][6553.256s] GC(283) Metaspace: 62772K(63488K)->62772K(63488K) NonClass: 55781K(56128K)->55781K(56128K) Class: 6991K(7360K)->6991K(7360K)
[2023-12-18T21:20:30.751+0100][6553.256s] GC(283) Pause Young (Normal) (G1 Evacuation Pause) 411M->122M(512M) 3.034ms
[2023-12-18T21:20:30.751+0100][6553.256s] GC(283) User=0.16s Sys=0.00s Real=0.00s
[2023-12-18T21:20:31.510+0100][6554.016s] GC(284) Pause Young (Normal) (G1 Evacuation Pause)
[2023-12-18T21:20:31.510+0100][6554.016s] GC(284) Using 10 workers of 10 for evacuation
[2023-12-18T21:20:31.514+0100][6554.020s] GC(284)   Pre Evacuate Collection Set: 0.1ms
[2023-12-18T21:20:31.514+0100][6554.020s] GC(284)   Merge Heap Roots: 0.1ms
[2023-12-18T21:20:31.514+0100][6554.020s] GC(284)   Evacuate Collection Set: 2.5ms
[2023-12-18T21:20:31.514+0100][6554.020s] GC(284)   Post Evacuate Collection Set: 0.7ms
[2023-12-18T21:20:31.514+0100][6554.020s] GC(284)   Other: 0.1ms
[2023-12-18T21:20:31.514+0100][6554.020s] GC(284) Eden regions: 290->0(290)
[2023-12-18T21:20:31.514+0100][6554.020s] GC(284) Survivor regions: 17->17(39)
[2023-12-18T21:20:31.514+0100][6554.020s] GC(284) Old regions: 102->103
[2023-12-18T21:20:31.514+0100][6554.020s] GC(284) Archive regions: 0->0
[2023-12-18T21:20:31.514+0100][6554.020s] GC(284) Humongous regions: 4->4
[2023-12-18T21:20:31.514+0100][6554.020s] GC(284) Metaspace: 62772K(63488K)->62772K(63488K) NonClass: 55781K(56128K)->55781K(56128K) Class: 6991K(7360K)->6991K(7360K)
[2023-12-18T21:20:31.514+0100][6554.020s] GC(284) Pause Young (Normal) (G1 Evacuation Pause) 412M->122M(512M) 3.717ms
[2023-12-18T21:20:31.514+0100][6554.020s] GC(284) User=0.00s Sys=0.00s Real=0.00s
[2023-12-18T21:20:32.301+0100][6554.808s] GC(285) Pause Young (Normal) (G1 Evacuation Pause)
[2023-12-18T21:20:32.302+0100][6554.808s] GC(285) Using 10 workers of 10 for evacuation
[2023-12-18T21:20:32.305+0100][6554.811s] GC(285)   Pre Evacuate Collection Set: 0.1ms
[2023-12-18T21:20:32.305+0100][6554.811s] GC(285)   Merge Heap Roots: 0.1ms
[2023-12-18T21:20:32.305+0100][6554.811s] GC(285)   Evacuate Collection Set: 2.4ms
[2023-12-18T21:20:32.305+0100][6554.811s] GC(285)   Post Evacuate Collection Set: 0.5ms
[2023-12-18T21:20:32.305+0100][6554.811s] GC(285)   Other: 0.1ms
[2023-12-18T21:20:32.305+0100][6554.811s] GC(285) Eden regions: 290->0(290)
[2023-12-18T21:20:32.305+0100][6554.811s] GC(285) Survivor regions: 17->17(39)
[2023-12-18T21:20:32.305+0100][6554.811s] GC(285) Old regions: 103->104
[2023-12-18T21:20:32.305+0100][6554.811s] GC(285) Archive regions: 0->0
[2023-12-18T21:20:32.305+0100][6554.811s] GC(285) Humongous regions: 4->4
[2023-12-18T21:20:32.305+0100][6554.811s] GC(285) Metaspace: 62772K(63488K)->62772K(63488K) NonClass: 55781K(56128K)->55781K(56128K) Class: 6991K(7360K)->6991K(7360K)
[2023-12-18T21:20:32.305+0100][6554.811s] GC(285) Pause Young (Normal) (G1 Evacuation Pause) 412M->123M(512M) 3.579ms
[2023-12-18T21:20:32.305+0100][6554.811s] GC(285) User=0.00s Sys=0.00s Real=0.00s
[2023-12-18T21:20:33.090+0100][6555.596s] GC(286) Pause Young (Normal) (G1 Evacuation Pause)
[2023-12-18T21:20:33.090+0100][6555.596s] GC(286) Using 10 workers of 10 for evacuation
[2023-12-18T21:20:33.093+0100][6555.599s] GC(286)   Pre Evacuate Collection Set: 0.1ms
[2023-12-18T21:20:33.093+0100][6555.599s] GC(286)   Merge Heap Roots: 0.1ms
[2023-12-18T21:20:33.093+0100][6555.599s] GC(286)   Evacuate Collection Set: 2.2ms
[2023-12-18T21:20:33.093+0100][6555.599s] GC(286)   Post Evacuate Collection Set: 0.5ms
[2023-12-18T21:20:33.093+0100][6555.599s] GC(286)   Other: 0.1ms
[2023-12-18T21:20:33.093+0100][6555.599s] GC(286) Eden regions: 290->0(290)
[2023-12-18T21:20:33.093+0100][6555.599s] GC(286) Survivor regions: 17->17(39)
[2023-12-18T21:20:33.093+0100][6555.599s] GC(286) Old regions: 104->105
[2023-12-18T21:20:33.093+0100][6555.599s] GC(286) Archive regions: 0->0
[2023-12-18T21:20:33.093+0100][6555.599s] GC(286) Humongous regions: 4->4
[2023-12-18T21:20:33.093+0100][6555.599s] GC(286) Metaspace: 62772K(63488K)->62772K(63488K) NonClass: 55781K(56128K)->55781K(56128K) Class: 6991K(7360K)->6991K(7360K)
[2023-12-18T21:20:33.093+0100][6555.599s] GC(286) Pause Young (Normal) (G1 Evacuation Pause) 413M->125M(512M) 3.135ms
[2023-12-18T21:20:33.093+0100][6555.599s] GC(286) User=0.00s Sys=0.00s Real=0.00s
[2023-12-18T21:20:33.545+0100][6556.051s] GC(287) Pause Young (Concurrent Start) (CodeCache GC Threshold)
[2023-12-18T21:20:33.545+0100][6556.051s] GC(287) Using 10 workers of 10 for evacuation
[2023-12-18T21:20:33.548+0100][6556.054s] GC(287)   Pre Evacuate Collection Set: 0.2ms
[2023-12-18T21:20:33.548+0100][6556.054s] GC(287)   Merge Heap Roots: 0.1ms
[2023-12-18T21:20:33.548+0100][6556.054s] GC(287)   Evacuate Collection Set: 2.4ms
[2023-12-18T21:20:33.548+0100][6556.054s] GC(287)   Post Evacuate Collection Set: 0.4ms
[2023-12-18T21:20:33.548+0100][6556.054s] GC(287)   Other: 0.1ms
[2023-12-18T21:20:33.548+0100][6556.054s] GC(287) Eden regions: 177->0(290)
[2023-12-18T21:20:33.548+0100][6556.054s] GC(287) Survivor regions: 17->17(39)
[2023-12-18T21:20:33.548+0100][6556.054s] GC(287) Old regions: 105->106
[2023-12-18T21:20:33.548+0100][6556.054s] GC(287) Archive regions: 0->0
[2023-12-18T21:20:33.548+0100][6556.054s] GC(287) Humongous regions: 4->4
[2023-12-18T21:20:33.548+0100][6556.054s] GC(287) Metaspace: 62772K(63488K)->62772K(63488K) NonClass: 55781K(56128K)->55781K(56128K) Class: 6991K(7360K)->6991K(7360K)
[2023-12-18T21:20:33.548+0100][6556.054s] GC(287) Pause Young (Concurrent Start) (CodeCache GC Threshold) 301M->125M(512M) 3.398ms
[2023-12-18T21:20:33.548+0100][6556.054s] GC(288) Concurrent Mark Cycle
[2023-12-18T21:20:33.548+0100][6556.054s] GC(287) User=0.16s Sys=0.00s Real=0.00s
[2023-12-18T21:20:33.548+0100][6556.054s] GC(288) Concurrent Clear Claimed Marks
[2023-12-18T21:20:33.548+0100][6556.054s] GC(288) Concurrent Clear Claimed Marks 0.103ms
[2023-12-18T21:20:33.548+0100][6556.054s] GC(288) Concurrent Scan Root Regions
[2023-12-18T21:20:33.549+0100][6556.055s] GC(288) Concurrent Scan Root Regions 1.104ms
[2023-12-18T21:20:33.550+0100][6556.055s] GC(288) Concurrent Mark
[2023-12-18T21:20:33.550+0100][6556.055s] GC(288) Concurrent Mark From Roots
[2023-12-18T21:20:33.550+0100][6556.055s] GC(288) Using 3 workers of 3 for marking
[2023-12-18T21:20:33.568+0100][6556.074s] GC(288) Concurrent Mark From Roots 18.202ms
[2023-12-18T21:20:33.568+0100][6556.074s] GC(288) Concurrent Preclean
[2023-12-18T21:20:33.568+0100][6556.074s] GC(288) Concurrent Preclean 0.190ms
[2023-12-18T21:20:33.568+0100][6556.074s] GC(288) Pause Remark
[2023-12-18T21:20:33.572+0100][6556.078s] GC(288) Pause Remark 132M->132M(512M) 3.609ms
[2023-12-18T21:20:33.572+0100][6556.078s] GC(288) User=0.00s Sys=0.00s Real=0.00s
[2023-12-18T21:20:33.572+0100][6556.078s] GC(288) Concurrent Mark 22.301ms
[2023-12-18T21:20:33.572+0100][6556.078s] GC(288) Concurrent Rebuild Remembered Sets
[2023-12-18T21:20:33.583+0100][6556.089s] GC(288) Concurrent Rebuild Remembered Sets 10.968ms
[2023-12-18T21:20:33.583+0100][6556.089s] GC(288) Pause Cleanup
[2023-12-18T21:20:33.583+0100][6556.089s] GC(288) Pause Cleanup 135M->135M(512M) 0.148ms
[2023-12-18T21:20:33.583+0100][6556.089s] GC(288) User=0.00s Sys=0.00s Real=0.00s
[2023-12-18T21:20:33.583+0100][6556.089s] GC(288) Concurrent Cleanup for Next Mark
[2023-12-18T21:20:33.584+0100][6556.090s] GC(288) Concurrent Cleanup for Next Mark 0.697ms
[2023-12-18T21:20:33.584+0100][6556.090s] GC(288) Concurrent Mark Cycle 35.670ms
[2023-12-18T21:20:34.305+0100][6556.810s] GC(289) Pause Young (Prepare Mixed) (G1 Evacuation Pause)
[2023-12-18T21:20:34.305+0100][6556.810s] GC(289) Using 10 workers of 10 for evacuation
[2023-12-18T21:20:34.308+0100][6556.814s] GC(289)   Pre Evacuate Collection Set: 0.1ms
[2023-12-18T21:20:34.308+0100][6556.814s] GC(289)   Merge Heap Roots: 0.1ms
[2023-12-18T21:20:34.308+0100][6556.814s] GC(289)   Evacuate Collection Set: 2.4ms
[2023-12-18T21:20:34.308+0100][6556.814s] GC(289)   Post Evacuate Collection Set: 0.5ms
[2023-12-18T21:20:34.308+0100][6556.814s] GC(289)   Other: 0.1ms
[2023-12-18T21:20:34.308+0100][6556.814s] GC(289) Eden regions: 290->0(8)
[2023-12-18T21:20:34.308+0100][6556.814s] GC(289) Survivor regions: 17->17(39)
[2023-12-18T21:20:34.308+0100][6556.814s] GC(289) Old regions: 106->107
[2023-12-18T21:20:34.308+0100][6556.814s] GC(289) Archive regions: 0->0
[2023-12-18T21:20:34.308+0100][6556.814s] GC(289) Humongous regions: 4->4
[2023-12-18T21:20:34.308+0100][6556.814s] GC(289) Metaspace: 62772K(63488K)->62772K(63488K) NonClass: 55781K(56128K)->55781K(56128K) Class: 6991K(7360K)->6991K(7360K)
[2023-12-18T21:20:34.309+0100][6556.814s] GC(289) Pause Young (Prepare Mixed) (G1 Evacuation Pause) 415M->126M(512M) 3.329ms
[2023-12-18T21:20:34.309+0100][6556.814s] GC(289) User=0.00s Sys=0.00s Real=0.00s
[2023-12-18T21:20:34.331+0100][6556.836s] GC(290) Pause Young (Mixed) (G1 Evacuation Pause)
[2023-12-18T21:20:34.331+0100][6556.836s] GC(290) Using 10 workers of 10 for evacuation
[2023-12-18T21:20:34.334+0100][6556.839s] GC(290)   Pre Evacuate Collection Set: 0.1ms
[2023-12-18T21:20:34.334+0100][6556.839s] GC(290)   Merge Heap Roots: 0.1ms
[2023-12-18T21:20:34.334+0100][6556.839s] GC(290)   Evacuate Collection Set: 2.4ms
[2023-12-18T21:20:34.334+0100][6556.839s] GC(290)   Post Evacuate Collection Set: 0.3ms
[2023-12-18T21:20:34.334+0100][6556.839s] GC(290)   Other: 0.1ms
[2023-12-18T21:20:34.334+0100][6556.839s] GC(290) Eden regions: 8->0(306)
[2023-12-18T21:20:34.334+0100][6556.839s] GC(290) Survivor regions: 17->1(4)
[2023-12-18T21:20:34.334+0100][6556.839s] GC(290) Old regions: 107->117
[2023-12-18T21:20:34.334+0100][6556.839s] GC(290) Archive regions: 0->0
[2023-12-18T21:20:34.334+0100][6556.839s] GC(290) Humongous regions: 4->4
[2023-12-18T21:20:34.334+0100][6556.839s] GC(290) Metaspace: 62772K(63488K)->62772K(63488K) NonClass: 55781K(56128K)->55781K(56128K) Class: 6991K(7360K)->6991K(7360K)
[2023-12-18T21:20:34.334+0100][6556.839s] GC(290) Pause Young (Mixed) (G1 Evacuation Pause) 134M->120M(512M) 3.070ms
[2023-12-18T21:20:34.334+0100][6556.839s] GC(290) User=0.00s Sys=0.00s Real=0.00s
[2023-12-18T21:20:35.123+0100][6557.628s] GC(291) Pause Young (Normal) (G1 Evacuation Pause)
[2023-12-18T21:20:35.123+0100][6557.628s] GC(291) Using 10 workers of 10 for evacuation
[2023-12-18T21:20:35.124+0100][6557.629s] GC(291)   Pre Evacuate Collection Set: 0.1ms
[2023-12-18T21:20:35.124+0100][6557.629s] GC(291)   Merge Heap Roots: 0.1ms
[2023-12-18T21:20:35.124+0100][6557.629s] GC(291)   Evacuate Collection Set: 0.5ms
[2023-12-18T21:20:35.124+0100][6557.629s] GC(291)   Post Evacuate Collection Set: 0.4ms
[2023-12-18T21:20:35.124+0100][6557.630s] GC(291)   Other: 0.1ms
[2023-12-18T21:20:35.124+0100][6557.630s] GC(291) Eden regions: 306->0(304)
[2023-12-18T21:20:35.124+0100][6557.630s] GC(291) Survivor regions: 1->3(39)
[2023-12-18T21:20:35.124+0100][6557.630s] GC(291) Old regions: 117->117
[2023-12-18T21:20:35.124+0100][6557.630s] GC(291) Archive regions: 0->0
[2023-12-18T21:20:35.124+0100][6557.630s] GC(291) Humongous regions: 4->4
[2023-12-18T21:20:35.124+0100][6557.630s] GC(291) Metaspace: 62772K(63488K)->62772K(63488K) NonClass: 55781K(56128K)->55781K(56128K) Class: 6991K(7360K)->6991K(7360K)
[2023-12-18T21:20:35.124+0100][6557.630s] GC(291) Pause Young (Normal) (G1 Evacuation Pause) 426M->122M(512M) 1.417ms
[2023-12-18T21:20:35.124+0100][6557.630s] GC(291) User=0.00s Sys=0.00s Real=0.00s
[2023-12-18T21:20:35.945+0100][6558.450s] GC(292) Pause Young (Normal) (G1 Evacuation Pause)
[2023-12-18T21:20:35.945+0100][6558.450s] GC(292) Using 10 workers of 10 for evacuation
[2023-12-18T21:20:35.946+0100][6558.451s] GC(292)   Pre Evacuate Collection Set: 0.0ms
[2023-12-18T21:20:35.946+0100][6558.451s] GC(292)   Merge Heap Roots: 0.0ms
[2023-12-18T21:20:35.946+0100][6558.451s] GC(292)   Evacuate Collection Set: 0.6ms
[2023-12-18T21:20:35.946+0100][6558.451s] GC(292)   Post Evacuate Collection Set: 0.2ms
[2023-12-18T21:20:35.946+0100][6558.451s] GC(292)   Other: 0.1ms
[2023-12-18T21:20:35.946+0100][6558.451s] GC(292) Eden regions: 304->0(303)
[2023-12-18T21:20:35.946+0100][6558.451s] GC(292) Survivor regions: 3->4(39)
[2023-12-18T21:20:35.946+0100][6558.451s] GC(292) Old regions: 117->117
[2023-12-18T21:20:35.946+0100][6558.451s] GC(292) Archive regions: 0->0
[2023-12-18T21:20:35.946+0100][6558.451s] GC(292) Humongous regions: 4->4
[2023-12-18T21:20:35.946+0100][6558.451s] GC(292) Metaspace: 62772K(63488K)->62772K(63488K) NonClass: 55781K(56128K)->55781K(56128K) Class: 6991K(7360K)->6991K(7360K)
[2023-12-18T21:20:35.946+0100][6558.451s] GC(292) Pause Young (Normal) (G1 Evacuation Pause) 426M->123M(512M) 1.130ms
[2023-12-18T21:20:35.946+0100][6558.451s] GC(292) User=0.00s Sys=0.00s Real=0.00s
[2023-12-18T21:20:36.764+0100][6559.269s] GC(293) Pause Young (Normal) (G1 Evacuation Pause)
[2023-12-18T21:20:36.764+0100][6559.269s] GC(293) Using 10 workers of 10 for evacuation
[2023-12-18T21:20:36.765+0100][6559.271s] GC(293)   Pre Evacuate Collection Set: 0.1ms
[2023-12-18T21:20:36.765+0100][6559.271s] GC(293)   Merge Heap Roots: 0.1ms
[2023-12-18T21:20:36.765+0100][6559.271s] GC(293)   Evacuate Collection Set: 0.8ms
[2023-12-18T21:20:36.765+0100][6559.271s] GC(293)   Post Evacuate Collection Set: 0.4ms
[2023-12-18T21:20:36.765+0100][6559.271s] GC(293)   Other: 0.1ms
[2023-12-18T21:20:36.765+0100][6559.271s] GC(293) Eden regions: 303->0(302)
[2023-12-18T21:20:36.765+0100][6559.271s] GC(293) Survivor regions: 4->5(39)
[2023-12-18T21:20:36.765+0100][6559.271s] GC(293) Old regions: 117->117
[2023-12-18T21:20:36.765+0100][6559.271s] GC(293) Archive regions: 0->0
[2023-12-18T21:20:36.765+0100][6559.271s] GC(293) Humongous regions: 4->4
[2023-12-18T21:20:36.765+0100][6559.271s] GC(293) Metaspace: 62772K(63488K)->62772K(63488K) NonClass: 55781K(56128K)->55781K(56128K) Class: 6991K(7360K)->6991K(7360K)
[2023-12-18T21:20:36.765+0100][6559.271s] GC(293) Pause Young (Normal) (G1 Evacuation Pause) 426M->124M(512M) 1.567ms
[2023-12-18T21:20:36.765+0100][6559.271s] GC(293) User=0.00s Sys=0.00s Real=0.00s
[2023-12-18T21:20:37.533+0100][6560.038s] GC(294) Pause Young (Normal) (G1 Evacuation Pause)
[2023-12-18T21:20:37.533+0100][6560.038s] GC(294) Using 10 workers of 10 for evacuation
[2023-12-18T21:20:37.534+0100][6560.039s] GC(294)   Pre Evacuate Collection Set: 0.1ms
[2023-12-18T21:20:37.534+0100][6560.039s] GC(294)   Merge Heap Roots: 0.1ms
[2023-12-18T21:20:37.534+0100][6560.039s] GC(294)   Evacuate Collection Set: 1.0ms
[2023-12-18T21:20:37.534+0100][6560.039s] GC(294)   Post Evacuate Collection Set: 0.4ms
[2023-12-18T21:20:37.534+0100][6560.039s] GC(294)   Other: 0.1ms
[2023-12-18T21:20:37.534+0100][6560.039s] GC(294) Eden regions: 302->0(301)
[2023-12-18T21:20:37.534+0100][6560.039s] GC(294) Survivor regions: 5->6(39)
[2023-12-18T21:20:37.534+0100][6560.039s] GC(294) Old regions: 117->117
[2023-12-18T21:20:37.534+0100][6560.039s] GC(294) Archive regions: 0->0
[2023-12-18T21:20:37.534+0100][6560.040s] GC(294) Humongous regions: 4->4
[2023-12-18T21:20:37.534+0100][6560.040s] GC(294) Metaspace: 62773K(63488K)->62773K(63488K) NonClass: 55781K(56128K)->55781K(56128K) Class: 6991K(7360K)->6991K(7360K)
[2023-12-18T21:20:37.534+0100][6560.040s] GC(294) Pause Young (Normal) (G1 Evacuation Pause) 426M->125M(512M) 1.810ms
[2023-12-18T21:20:37.534+0100][6560.040s] GC(294) User=0.00s Sys=0.00s Real=0.00s
[2023-12-18T21:20:38.313+0100][6560.819s] GC(295) Pause Young (Normal) (G1 Evacuation Pause)
[2023-12-18T21:20:38.313+0100][6560.819s] GC(295) Using 10 workers of 10 for evacuation
[2023-12-18T21:20:38.315+0100][6560.821s] GC(295)   Pre Evacuate Collection Set: 0.1ms
[2023-12-18T21:20:38.315+0100][6560.821s] GC(295)   Merge Heap Roots: 0.1ms
[2023-12-18T21:20:38.315+0100][6560.821s] GC(295)   Evacuate Collection Set: 1.0ms
[2023-12-18T21:20:38.315+0100][6560.821s] GC(295)   Post Evacuate Collection Set: 0.5ms
[2023-12-18T21:20:38.315+0100][6560.821s] GC(295)   Other: 0.1ms
[2023-12-18T21:20:38.315+0100][6560.821s] GC(295) Eden regions: 301->0(299)
[2023-12-18T21:20:38.315+0100][6560.821s] GC(295) Survivor regions: 6->8(39)
[2023-12-18T21:20:38.315+0100][6560.821s] GC(295) Old regions: 117->117
[2023-12-18T21:20:38.315+0100][6560.821s] GC(295) Archive regions: 0->0
[2023-12-18T21:20:38.315+0100][6560.821s] GC(295) Humongous regions: 4->4
[2023-12-18T21:20:38.315+0100][6560.821s] GC(295) Metaspace: 62773K(63488K)->62773K(63488K) NonClass: 55781K(56128K)->55781K(56128K) Class: 6991K(7360K)->6991K(7360K)
[2023-12-18T21:20:38.315+0100][6560.821s] GC(295) Pause Young (Normal) (G1 Evacuation Pause) 426M->127M(512M) 1.949ms
[2023-12-18T21:20:38.315+0100][6560.821s] GC(295) User=0.00s Sys=0.00s Real=0.00s
[2023-12-18T21:20:39.081+0100][6561.586s] GC(296) Pause Young (Normal) (G1 Evacuation Pause)
[2023-12-18T21:20:39.081+0100][6561.586s] GC(296) Using 10 workers of 10 for evacuation
[2023-12-18T21:20:39.083+0100][6561.588s] GC(296)   Pre Evacuate Collection Set: 0.1ms
[2023-12-18T21:20:39.083+0100][6561.588s] GC(296)   Merge Heap Roots: 0.1ms
[2023-12-18T21:20:39.083+0100][6561.588s] GC(296)   Evacuate Collection Set: 1.1ms
[2023-12-18T21:20:39.083+0100][6561.588s] GC(296)   Post Evacuate Collection Set: 0.4ms
[2023-12-18T21:20:39.083+0100][6561.588s] GC(296)   Other: 0.1ms
[2023-12-18T21:20:39.083+0100][6561.588s] GC(296) Eden regions: 299->0(299)
[2023-12-18T21:20:39.083+0100][6561.588s] GC(296) Survivor regions: 8->8(39)
[2023-12-18T21:20:39.083+0100][6561.588s] GC(296) Old regions: 117->117
[2023-12-18T21:20:39.083+0100][6561.588s] GC(296) Archive regions: 0->0
[2023-12-18T21:20:39.083+0100][6561.588s] GC(296) Humongous regions: 4->4
[2023-12-18T21:20:39.083+0100][6561.588s] GC(296) Metaspace: 62773K(63488K)->62773K(63488K) NonClass: 55781K(56128K)->55781K(56128K) Class: 6991K(7360K)->6991K(7360K)
[2023-12-18T21:20:39.083+0100][6561.588s] GC(296) Pause Young (Normal) (G1 Evacuation Pause) 426M->127M(512M) 2.001ms
[2023-12-18T21:20:39.083+0100][6561.588s] GC(296) User=0.00s Sys=0.00s Real=0.00s
[2023-12-18T21:20:39.901+0100][6562.407s] GC(297) Pause Young (Normal) (G1 Evacuation Pause)
[2023-12-18T21:20:39.901+0100][6562.407s] GC(297) Using 10 workers of 10 for evacuation
[2023-12-18T21:20:39.903+0100][6562.409s] GC(297)   Pre Evacuate Collection Set: 0.1ms
[2023-12-18T21:20:39.903+0100][6562.409s] GC(297)   Merge Heap Roots: 0.1ms
[2023-12-18T21:20:39.903+0100][6562.409s] GC(297)   Evacuate Collection Set: 1.3ms
[2023-12-18T21:20:39.903+0100][6562.409s] GC(297)   Post Evacuate Collection Set: 0.5ms
[2023-12-18T21:20:39.903+0100][6562.409s] GC(297)   Other: 0.1ms
[2023-12-18T21:20:39.903+0100][6562.409s] GC(297) Eden regions: 299->0(298)
[2023-12-18T21:20:39.903+0100][6562.409s] GC(297) Survivor regions: 8->9(39)
[2023-12-18T21:20:39.904+0100][6562.409s] GC(297) Old regions: 117->117
[2023-12-18T21:20:39.904+0100][6562.409s] GC(297) Archive regions: 0->0
[2023-12-18T21:20:39.904+0100][6562.409s] GC(297) Humongous regions: 4->4
[2023-12-18T21:20:39.904+0100][6562.409s] GC(297) Metaspace: 62773K(63488K)->62773K(63488K) NonClass: 55781K(56128K)->55781K(56128K) Class: 6991K(7360K)->6991K(7360K)
[2023-12-18T21:20:39.904+0100][6562.409s] GC(297) Pause Young (Normal) (G1 Evacuation Pause) 426M->128M(512M) 2.149ms
[2023-12-18T21:20:39.904+0100][6562.409s] GC(297) User=0.00s Sys=0.00s Real=0.00s
[2023-12-18T21:20:40.684+0100][6563.190s] GC(298) Pause Young (Normal) (G1 Evacuation Pause)
[2023-12-18T21:20:40.684+0100][6563.190s] GC(298) Using 10 workers of 10 for evacuation
[2023-12-18T21:20:40.686+0100][6563.192s] GC(298)   Pre Evacuate Collection Set: 0.0ms
[2023-12-18T21:20:40.686+0100][6563.192s] GC(298)   Merge Heap Roots: 0.1ms
[2023-12-18T21:20:40.686+0100][6563.192s] GC(298)   Evacuate Collection Set: 1.4ms
[2023-12-18T21:20:40.686+0100][6563.192s] GC(298)   Post Evacuate Collection Set: 0.3ms
[2023-12-18T21:20:40.686+0100][6563.192s] GC(298)   Other: 0.1ms
[2023-12-18T21:20:40.686+0100][6563.192s] GC(298) Eden regions: 298->0(297)
[2023-12-18T21:20:40.686+0100][6563.192s] GC(298) Survivor regions: 9->10(39)
[2023-12-18T21:20:40.686+0100][6563.192s] GC(298) Old regions: 117->117
[2023-12-18T21:20:40.686+0100][6563.192s] GC(298) Archive regions: 0->0
[2023-12-18T21:20:40.686+0100][6563.192s] GC(298) Humongous regions: 4->4
[2023-12-18T21:20:40.686+0100][6563.192s] GC(298) Metaspace: 62773K(63488K)->62773K(63488K) NonClass: 55781K(56128K)->55781K(56128K) Class: 6991K(7360K)->6991K(7360K)
[2023-12-18T21:20:40.686+0100][6563.192s] GC(298) Pause Young (Normal) (G1 Evacuation Pause) 426M->129M(512M) 2.092ms
[2023-12-18T21:20:40.686+0100][6563.192s] GC(298) User=0.00s Sys=0.00s Real=0.00s
[2023-12-18T21:20:41.455+0100][6563.961s] GC(299) Pause Young (Normal) (G1 Evacuation Pause)
[2023-12-18T21:20:41.455+0100][6563.961s] GC(299) Using 10 workers of 10 for evacuation
[2023-12-18T21:20:41.458+0100][6563.963s] GC(299)   Pre Evacuate Collection Set: 0.1ms
[2023-12-18T21:20:41.458+0100][6563.963s] GC(299)   Merge Heap Roots: 0.1ms
[2023-12-18T21:20:41.458+0100][6563.963s] GC(299)   Evacuate Collection Set: 1.5ms
[2023-12-18T21:20:41.458+0100][6563.963s] GC(299)   Post Evacuate Collection Set: 0.4ms
[2023-12-18T21:20:41.458+0100][6563.963s] GC(299)   Other: 0.1ms
[2023-12-18T21:20:41.458+0100][6563.963s] GC(299) Eden regions: 297->0(295)
[2023-12-18T21:20:41.458+0100][6563.963s] GC(299) Survivor regions: 10->12(39)
[2023-12-18T21:20:41.458+0100][6563.963s] GC(299) Old regions: 117->117
[2023-12-18T21:20:41.458+0100][6563.963s] GC(299) Archive regions: 0->0
[2023-12-18T21:20:41.458+0100][6563.963s] GC(299) Humongous regions: 4->4
[2023-12-18T21:20:41.458+0100][6563.963s] GC(299) Metaspace: 62773K(63488K)->62773K(63488K) NonClass: 55781K(56128K)->55781K(56128K) Class: 6991K(7360K)->6991K(7360K)
[2023-12-18T21:20:41.458+0100][6563.963s] GC(299) Pause Young (Normal) (G1 Evacuation Pause) 426M->131M(512M) 2.317ms
[2023-12-18T21:20:41.458+0100][6563.963s] GC(299) User=0.00s Sys=0.00s Real=0.00s
[2023-12-18T21:20:42.243+0100][6564.748s] GC(300) Pause Young (Normal) (G1 Evacuation Pause)
[2023-12-18T21:20:42.243+0100][6564.748s] GC(300) Using 10 workers of 10 for evacuation
[2023-12-18T21:20:42.245+0100][6564.750s] GC(300)   Pre Evacuate Collection Set: 0.0ms
[2023-12-18T21:20:42.245+0100][6564.750s] GC(300)   Merge Heap Roots: 0.0ms
[2023-12-18T21:20:42.245+0100][6564.750s] GC(300)   Evacuate Collection Set: 1.6ms
[2023-12-18T21:20:42.245+0100][6564.750s] GC(300)   Post Evacuate Collection Set: 0.3ms
[2023-12-18T21:20:42.245+0100][6564.750s] GC(300)   Other: 0.1ms
[2023-12-18T21:20:42.245+0100][6564.750s] GC(300) Eden regions: 295->0(294)
[2023-12-18T21:20:42.245+0100][6564.750s] GC(300) Survivor regions: 12->13(39)
[2023-12-18T21:20:42.245+0100][6564.750s] GC(300) Old regions: 117->117
[2023-12-18T21:20:42.245+0100][6564.750s] GC(300) Archive regions: 0->0
[2023-12-18T21:20:42.245+0100][6564.750s] GC(300) Humongous regions: 4->4
[2023-12-18T21:20:42.245+0100][6564.750s] GC(300) Metaspace: 62773K(63488K)->62773K(63488K) NonClass: 55781K(56128K)->55781K(56128K) Class: 6991K(7360K)->6991K(7360K)
[2023-12-18T21:20:42.245+0100][6564.750s] GC(300) Pause Young (Normal) (G1 Evacuation Pause) 426M->132M(512M) 2.251ms
[2023-12-18T21:20:42.245+0100][6564.750s] GC(300) User=0.00s Sys=0.00s Real=0.00s
[2023-12-18T21:20:43.033+0100][6565.539s] GC(301) Pause Young (Normal) (G1 Evacuation Pause)
[2023-12-18T21:20:43.033+0100][6565.539s] GC(301) Using 10 workers of 10 for evacuation
[2023-12-18T21:20:43.036+0100][6565.541s] GC(301)   Pre Evacuate Collection Set: 0.1ms
[2023-12-18T21:20:43.036+0100][6565.541s] GC(301)   Merge Heap Roots: 0.1ms
[2023-12-18T21:20:43.036+0100][6565.541s] GC(301)   Evacuate Collection Set: 1.9ms
[2023-12-18T21:20:43.036+0100][6565.541s] GC(301)   Post Evacuate Collection Set: 0.4ms
[2023-12-18T21:20:43.036+0100][6565.541s] GC(301)   Other: 0.1ms
[2023-12-18T21:20:43.036+0100][6565.541s] GC(301) Eden regions: 294->0(293)
[2023-12-18T21:20:43.036+0100][6565.541s] GC(301) Survivor regions: 13->14(39)
[2023-12-18T21:20:43.036+0100][6565.541s] GC(301) Old regions: 117->117
[2023-12-18T21:20:43.036+0100][6565.541s] GC(301) Archive regions: 0->0
[2023-12-18T21:20:43.036+0100][6565.541s] GC(301) Humongous regions: 4->4
[2023-12-18T21:20:43.036+0100][6565.541s] GC(301) Metaspace: 62773K(63488K)->62773K(63488K) NonClass: 55781K(56128K)->55781K(56128K) Class: 6991K(7360K)->6991K(7360K)
[2023-12-18T21:20:43.036+0100][6565.541s] GC(301) Pause Young (Normal) (G1 Evacuation Pause) 426M->133M(512M) 2.738ms
[2023-12-18T21:20:43.036+0100][6565.541s] GC(301) User=0.00s Sys=0.00s Real=0.00s
[2023-12-18T21:20:43.806+0100][6566.311s] GC(302) Pause Young (Normal) (G1 Evacuation Pause)
[2023-12-18T21:20:43.806+0100][6566.311s] GC(302) Using 10 workers of 10 for evacuation
[2023-12-18T21:20:43.808+0100][6566.314s] GC(302)   Pre Evacuate Collection Set: 0.1ms
[2023-12-18T21:20:43.808+0100][6566.314s] GC(302)   Merge Heap Roots: 0.2ms
[2023-12-18T21:20:43.808+0100][6566.314s] GC(302)   Evacuate Collection Set: 2.0ms
[2023-12-18T21:20:43.808+0100][6566.314s] GC(302)   Post Evacuate Collection Set: 0.5ms
[2023-12-18T21:20:43.808+0100][6566.314s] GC(302)   Other: 0.1ms
[2023-12-18T21:20:43.808+0100][6566.314s] GC(302) Eden regions: 293->0(293)
[2023-12-18T21:20:43.808+0100][6566.314s] GC(302) Survivor regions: 14->14(39)
[2023-12-18T21:20:43.808+0100][6566.314s] GC(302) Old regions: 117->117
[2023-12-18T21:20:43.808+0100][6566.314s] GC(302) Archive regions: 0->0
[2023-12-18T21:20:43.808+0100][6566.314s] GC(302) Humongous regions: 4->4
[2023-12-18T21:20:43.808+0100][6566.314s] GC(302) Metaspace: 62773K(63488K)->62773K(63488K) NonClass: 55781K(56128K)->55781K(56128K) Class: 6991K(7360K)->6991K(7360K)
[2023-12-18T21:20:43.808+0100][6566.314s] GC(302) Pause Young (Normal) (G1 Evacuation Pause) 426M->133M(512M) 3.103ms
[2023-12-18T21:20:43.808+0100][6566.314s] GC(302) User=0.00s Sys=0.00s Real=0.00s
[2023-12-18T21:20:44.559+0100][6567.064s] GC(303) Pause Young (Normal) (G1 Evacuation Pause)
[2023-12-18T21:20:44.559+0100][6567.064s] GC(303) Using 10 workers of 10 for evacuation
[2023-12-18T21:20:44.562+0100][6567.067s] GC(303)   Pre Evacuate Collection Set: 0.1ms
[2023-12-18T21:20:44.562+0100][6567.067s] GC(303)   Merge Heap Roots: 0.0ms
[2023-12-18T21:20:44.562+0100][6567.068s] GC(303)   Evacuate Collection Set: 2.3ms
[2023-12-18T21:20:44.562+0100][6567.068s] GC(303)   Post Evacuate Collection Set: 0.6ms
[2023-12-18T21:20:44.562+0100][6567.068s] GC(303)   Other: 0.1ms
[2023-12-18T21:20:44.562+0100][6567.068s] GC(303) Eden regions: 293->0(291)
[2023-12-18T21:20:44.562+0100][6567.068s] GC(303) Survivor regions: 14->16(39)
[2023-12-18T21:20:44.562+0100][6567.068s] GC(303) Old regions: 117->117
[2023-12-18T21:20:44.562+0100][6567.068s] GC(303) Archive regions: 0->0
[2023-12-18T21:20:44.562+0100][6567.068s] GC(303) Humongous regions: 4->4
[2023-12-18T21:20:44.562+0100][6567.068s] GC(303) Metaspace: 62773K(63488K)->62773K(63488K) NonClass: 55781K(56128K)->55781K(56128K) Class: 6991K(7360K)->6991K(7360K)
[2023-12-18T21:20:44.562+0100][6567.068s] GC(303) Pause Young (Normal) (G1 Evacuation Pause) 426M->135M(512M) 3.386ms
[2023-12-18T21:20:44.562+0100][6567.068s] GC(303) User=0.00s Sys=0.00s Real=0.00s
[2023-12-18T21:20:45.296+0100][6567.802s] GC(304) Pause Young (Normal) (G1 Evacuation Pause)
[2023-12-18T21:20:45.296+0100][6567.802s] GC(304) Using 10 workers of 10 for evacuation
[2023-12-18T21:20:45.299+0100][6567.805s] GC(304)   Pre Evacuate Collection Set: 0.1ms
[2023-12-18T21:20:45.299+0100][6567.805s] GC(304)   Merge Heap Roots: 0.1ms
[2023-12-18T21:20:45.299+0100][6567.805s] GC(304)   Evacuate Collection Set: 2.1ms
[2023-12-18T21:20:45.299+0100][6567.805s] GC(304)   Post Evacuate Collection Set: 0.5ms
[2023-12-18T21:20:45.299+0100][6567.805s] GC(304)   Other: 0.1ms
[2023-12-18T21:20:45.299+0100][6567.805s] GC(304) Eden regions: 291->0(291)
[2023-12-18T21:20:45.299+0100][6567.805s] GC(304) Survivor regions: 16->16(39)
[2023-12-18T21:20:45.299+0100][6567.805s] GC(304) Old regions: 117->117
[2023-12-18T21:20:45.299+0100][6567.805s] GC(304) Archive regions: 0->0
[2023-12-18T21:20:45.299+0100][6567.805s] GC(304) Humongous regions: 4->4
[2023-12-18T21:20:45.299+0100][6567.805s] GC(304) Metaspace: 62775K(63488K)->62775K(63488K) NonClass: 55784K(56128K)->55784K(56128K) Class: 6991K(7360K)->6991K(7360K)
[2023-12-18T21:20:45.299+0100][6567.805s] GC(304) Pause Young (Normal) (G1 Evacuation Pause) 426M->135M(512M) 3.076ms
[2023-12-18T21:20:45.299+0100][6567.805s] GC(304) User=0.16s Sys=0.00s Real=0.00s
[2023-12-18T21:20:46.060+0100][6568.565s] GC(305) Pause Young (Normal) (G1 Evacuation Pause)
[2023-12-18T21:20:46.060+0100][6568.565s] GC(305) Using 10 workers of 10 for evacuation
[2023-12-18T21:20:46.063+0100][6568.568s] GC(305)   Pre Evacuate Collection Set: 0.1ms
[2023-12-18T21:20:46.063+0100][6568.568s] GC(305)   Merge Heap Roots: 0.0ms
[2023-12-18T21:20:46.063+0100][6568.568s] GC(305)   Evacuate Collection Set: 2.5ms
[2023-12-18T21:20:46.063+0100][6568.568s] GC(305)   Post Evacuate Collection Set: 0.3ms
[2023-12-18T21:20:46.063+0100][6568.568s] GC(305)   Other: 0.1ms
[2023-12-18T21:20:46.063+0100][6568.568s] GC(305) Eden regions: 291->0(290)
[2023-12-18T21:20:46.063+0100][6568.568s] GC(305) Survivor regions: 16->17(39)
[2023-12-18T21:20:46.063+0100][6568.568s] GC(305) Old regions: 117->117
[2023-12-18T21:20:46.063+0100][6568.568s] GC(305) Archive regions: 0->0
[2023-12-18T21:20:46.063+0100][6568.568s] GC(305) Humongous regions: 4->4
[2023-12-18T21:20:46.063+0100][6568.568s] GC(305) Metaspace: 62775K(63488K)->62775K(63488K) NonClass: 55784K(56128K)->55784K(56128K) Class: 6991K(7360K)->6991K(7360K)
[2023-12-18T21:20:46.063+0100][6568.568s] GC(305) Pause Young (Normal) (G1 Evacuation Pause) 426M->136M(512M) 3.187ms
[2023-12-18T21:20:46.063+0100][6568.568s] GC(305) User=0.03s Sys=0.00s Real=0.00s
[2023-12-18T21:20:46.856+0100][6569.362s] GC(306) Pause Young (Normal) (G1 Evacuation Pause)
[2023-12-18T21:20:46.856+0100][6569.362s] GC(306) Using 10 workers of 10 for evacuation
[2023-12-18T21:20:46.860+0100][6569.365s] GC(306)   Pre Evacuate Collection Set: 0.1ms
[2023-12-18T21:20:46.860+0100][6569.365s] GC(306)   Merge Heap Roots: 0.1ms
[2023-12-18T21:20:46.860+0100][6569.365s] GC(306)   Evacuate Collection Set: 2.6ms
[2023-12-18T21:20:46.860+0100][6569.365s] GC(306)   Post Evacuate Collection Set: 0.6ms
[2023-12-18T21:20:46.860+0100][6569.365s] GC(306)   Other: 0.1ms
[2023-12-18T21:20:46.860+0100][6569.365s] GC(306) Eden regions: 290->0(289)
[2023-12-18T21:20:46.860+0100][6569.365s] GC(306) Survivor regions: 17->18(39)
[2023-12-18T21:20:46.860+0100][6569.365s] GC(306) Old regions: 117->118
[2023-12-18T21:20:46.860+0100][6569.365s] GC(306) Archive regions: 0->0
[2023-12-18T21:20:46.860+0100][6569.365s] GC(306) Humongous regions: 4->4
[2023-12-18T21:20:46.860+0100][6569.365s] GC(306) Metaspace: 62775K(63488K)->62775K(63488K) NonClass: 55784K(56128K)->55784K(56128K) Class: 6991K(7360K)->6991K(7360K)
[2023-12-18T21:20:46.860+0100][6569.365s] GC(306) Pause Young (Normal) (G1 Evacuation Pause) 426M->138M(512M) 3.754ms
[2023-12-18T21:20:46.860+0100][6569.365s] GC(306) User=0.03s Sys=0.00s Real=0.00s
[2023-12-18T21:20:47.616+0100][6570.121s] GC(307) Pause Young (Normal) (G1 Evacuation Pause)
[2023-12-18T21:20:47.616+0100][6570.121s] GC(307) Using 10 workers of 10 for evacuation
[2023-12-18T21:20:47.619+0100][6570.124s] GC(307)   Pre Evacuate Collection Set: 0.1ms
[2023-12-18T21:20:47.619+0100][6570.124s] GC(307)   Merge Heap Roots: 0.1ms
[2023-12-18T21:20:47.619+0100][6570.124s] GC(307)   Evacuate Collection Set: 2.5ms
[2023-12-18T21:20:47.619+0100][6570.124s] GC(307)   Post Evacuate Collection Set: 0.5ms
[2023-12-18T21:20:47.619+0100][6570.124s] GC(307)   Other: 0.1ms
[2023-12-18T21:20:47.619+0100][6570.124s] GC(307) Eden regions: 289->0(289)
[2023-12-18T21:20:47.619+0100][6570.124s] GC(307) Survivor regions: 18->18(39)
[2023-12-18T21:20:47.619+0100][6570.124s] GC(307) Old regions: 118->119
[2023-12-18T21:20:47.619+0100][6570.124s] GC(307) Archive regions: 0->0
[2023-12-18T21:20:47.619+0100][6570.124s] GC(307) Humongous regions: 4->4
[2023-12-18T21:20:47.619+0100][6570.124s] GC(307) Metaspace: 62778K(63488K)->62778K(63488K) NonClass: 55786K(56128K)->55786K(56128K) Class: 6991K(7360K)->6991K(7360K)
[2023-12-18T21:20:47.619+0100][6570.124s] GC(307) Pause Young (Normal) (G1 Evacuation Pause) 427M->139M(512M) 3.426ms
[2023-12-18T21:20:47.619+0100][6570.124s] GC(307) User=0.00s Sys=0.00s Real=0.00s
[2023-12-18T21:20:48.372+0100][6570.878s] GC(308) Pause Young (Normal) (G1 Evacuation Pause)
[2023-12-18T21:20:48.372+0100][6570.878s] GC(308) Using 10 workers of 10 for evacuation
[2023-12-18T21:20:48.375+0100][6570.881s] GC(308)   Pre Evacuate Collection Set: 0.0ms
[2023-12-18T21:20:48.375+0100][6570.881s] GC(308)   Merge Heap Roots: 0.0ms
[2023-12-18T21:20:48.375+0100][6570.881s] GC(308)   Evacuate Collection Set: 2.7ms
[2023-12-18T21:20:48.375+0100][6570.881s] GC(308)   Post Evacuate Collection Set: 0.3ms
[2023-12-18T21:20:48.375+0100][6570.881s] GC(308)   Other: 0.1ms
[2023-12-18T21:20:48.375+0100][6570.881s] GC(308) Eden regions: 289->0(289)
[2023-12-18T21:20:48.375+0100][6570.881s] GC(308) Survivor regions: 18->18(39)
[2023-12-18T21:20:48.375+0100][6570.881s] GC(308) Old regions: 119->120
[2023-12-18T21:20:48.375+0100][6570.881s] GC(308) Archive regions: 0->0
[2023-12-18T21:20:48.375+0100][6570.881s] GC(308) Humongous regions: 4->4
[2023-12-18T21:20:48.375+0100][6570.881s] GC(308) Metaspace: 62778K(63488K)->62778K(63488K) NonClass: 55786K(56128K)->55786K(56128K) Class: 6991K(7360K)->6991K(7360K)
[2023-12-18T21:20:48.375+0100][6570.881s] GC(308) Pause Young (Normal) (G1 Evacuation Pause) 428M->140M(512M) 3.311ms
[2023-12-18T21:20:48.375+0100][6570.881s] GC(308) User=0.16s Sys=0.00s Real=0.00s
[2023-12-18T21:20:49.110+0100][6571.616s] GC(309) Pause Young (Normal) (G1 Evacuation Pause)
[2023-12-18T21:20:49.110+0100][6571.616s] GC(309) Using 10 workers of 10 for evacuation
[2023-12-18T21:20:49.114+0100][6571.619s] GC(309)   Pre Evacuate Collection Set: 0.1ms
[2023-12-18T21:20:49.114+0100][6571.619s] GC(309)   Merge Heap Roots: 0.1ms
[2023-12-18T21:20:49.114+0100][6571.619s] GC(309)   Evacuate Collection Set: 2.4ms
[2023-12-18T21:20:49.114+0100][6571.619s] GC(309)   Post Evacuate Collection Set: 0.5ms
[2023-12-18T21:20:49.114+0100][6571.619s] GC(309)   Other: 0.1ms
[2023-12-18T21:20:49.114+0100][6571.619s] GC(309) Eden regions: 289->0(290)
[2023-12-18T21:20:49.114+0100][6571.619s] GC(309) Survivor regions: 18->17(39)
[2023-12-18T21:20:49.114+0100][6571.619s] GC(309) Old regions: 120->121
[2023-12-18T21:20:49.114+0100][6571.619s] GC(309) Archive regions: 0->0
[2023-12-18T21:20:49.114+0100][6571.619s] GC(309) Humongous regions: 4->4
[2023-12-18T21:20:49.114+0100][6571.619s] GC(309) Metaspace: 62778K(63488K)->62778K(63488K) NonClass: 55786K(56128K)->55786K(56128K) Class: 6991K(7360K)->6991K(7360K)
[2023-12-18T21:20:49.114+0100][6571.619s] GC(309) Pause Young (Normal) (G1 Evacuation Pause) 429M->141M(512M) 3.400ms
[2023-12-18T21:20:49.114+0100][6571.619s] GC(309) User=0.00s Sys=0.00s Real=0.00s
[2023-12-18T21:20:49.875+0100][6572.380s] GC(310) Pause Young (Normal) (G1 Evacuation Pause)
[2023-12-18T21:20:49.875+0100][6572.380s] GC(310) Using 10 workers of 10 for evacuation
[2023-12-18T21:20:49.878+0100][6572.383s] GC(310)   Pre Evacuate Collection Set: 0.0ms
[2023-12-18T21:20:49.878+0100][6572.383s] GC(310)   Merge Heap Roots: 0.0ms
[2023-12-18T21:20:49.878+0100][6572.383s] GC(310)   Evacuate Collection Set: 2.5ms
[2023-12-18T21:20:49.878+0100][6572.383s] GC(310)   Post Evacuate Collection Set: 0.3ms
[2023-12-18T21:20:49.878+0100][6572.383s] GC(310)   Other: 0.1ms
[2023-12-18T21:20:49.878+0100][6572.383s] GC(310) Eden regions: 290->0(289)
[2023-12-18T21:20:49.878+0100][6572.383s] GC(310) Survivor regions: 17->18(39)
[2023-12-18T21:20:49.878+0100][6572.383s] GC(310) Old regions: 121->122
[2023-12-18T21:20:49.878+0100][6572.383s] GC(310) Archive regions: 0->0
[2023-12-18T21:20:49.878+0100][6572.383s] GC(310) Humongous regions: 4->4
[2023-12-18T21:20:49.878+0100][6572.383s] GC(310) Metaspace: 62778K(63488K)->62778K(63488K) NonClass: 55786K(56128K)->55786K(56128K) Class: 6991K(7360K)->6991K(7360K)
[2023-12-18T21:20:49.878+0100][6572.383s] GC(310) Pause Young (Normal) (G1 Evacuation Pause) 431M->142M(512M) 3.182ms
[2023-12-18T21:20:49.878+0100][6572.383s] GC(310) User=0.14s Sys=0.02s Real=0.00s
[2023-12-18T21:20:50.653+0100][6573.159s] GC(311) Pause Young (Concurrent Start) (G1 Evacuation Pause)
[2023-12-18T21:20:50.653+0100][6573.159s] GC(311) Using 10 workers of 10 for evacuation
[2023-12-18T21:20:50.656+0100][6573.162s] GC(311)   Pre Evacuate Collection Set: 0.1ms
[2023-12-18T21:20:50.656+0100][6573.162s] GC(311)   Merge Heap Roots: 0.0ms
[2023-12-18T21:20:50.657+0100][6573.162s] GC(311)   Evacuate Collection Set: 2.6ms
[2023-12-18T21:20:50.657+0100][6573.162s] GC(311)   Post Evacuate Collection Set: 0.5ms
[2023-12-18T21:20:50.657+0100][6573.162s] GC(311)   Other: 0.1ms
[2023-12-18T21:20:50.657+0100][6573.162s] GC(311) Eden regions: 289->0(289)
[2023-12-18T21:20:50.657+0100][6573.162s] GC(311) Survivor regions: 18->18(39)
[2023-12-18T21:20:50.657+0100][6573.162s] GC(311) Old regions: 122->123
[2023-12-18T21:20:50.657+0100][6573.162s] GC(311) Archive regions: 0->0
[2023-12-18T21:20:50.657+0100][6573.162s] GC(311) Humongous regions: 4->4
[2023-12-18T21:20:50.657+0100][6573.162s] GC(311) Metaspace: 62778K(63488K)->62778K(63488K) NonClass: 55786K(56128K)->55786K(56128K) Class: 6991K(7360K)->6991K(7360K)
[2023-12-18T21:20:50.657+0100][6573.162s] GC(311) Pause Young (Concurrent Start) (G1 Evacuation Pause) 431M->143M(512M) 3.622ms
[2023-12-18T21:20:50.657+0100][6573.162s] GC(312) Concurrent Mark Cycle
[2023-12-18T21:20:50.657+0100][6573.162s] GC(311) User=0.02s Sys=0.00s Real=0.00s
[2023-12-18T21:20:50.657+0100][6573.162s] GC(312) Concurrent Clear Claimed Marks
[2023-12-18T21:20:50.657+0100][6573.162s] GC(312) Concurrent Clear Claimed Marks 0.132ms
[2023-12-18T21:20:50.657+0100][6573.162s] GC(312) Concurrent Scan Root Regions
[2023-12-18T21:20:50.658+0100][6573.163s] GC(312) Concurrent Scan Root Regions 1.056ms
[2023-12-18T21:20:50.658+0100][6573.163s] GC(312) Concurrent Mark
[2023-12-18T21:20:50.658+0100][6573.163s] GC(312) Concurrent Mark From Roots
[2023-12-18T21:20:50.658+0100][6573.163s] GC(312) Using 3 workers of 3 for marking
[2023-12-18T21:20:50.685+0100][6573.191s] GC(312) Concurrent Mark From Roots 27.121ms
[2023-12-18T21:20:50.685+0100][6573.191s] GC(312) Concurrent Preclean
[2023-12-18T21:20:50.685+0100][6573.191s] GC(312) Concurrent Preclean 0.187ms
[2023-12-18T21:20:50.685+0100][6573.191s] GC(312) Pause Remark
[2023-12-18T21:20:50.689+0100][6573.194s] GC(312) Pause Remark 150M->150M(512M) 3.280ms
[2023-12-18T21:20:50.689+0100][6573.194s] GC(312) User=0.16s Sys=0.00s Real=0.00s
[2023-12-18T21:20:50.689+0100][6573.194s] GC(312) Concurrent Mark 30.843ms
[2023-12-18T21:20:50.689+0100][6573.194s] GC(312) Concurrent Rebuild Remembered Sets
[2023-12-18T21:20:50.703+0100][6573.209s] GC(312) Concurrent Rebuild Remembered Sets 14.339ms
[2023-12-18T21:20:50.703+0100][6573.209s] GC(312) Pause Cleanup
[2023-12-18T21:20:50.704+0100][6573.209s] GC(312) Pause Cleanup 154M->154M(512M) 0.194ms
[2023-12-18T21:20:50.704+0100][6573.209s] GC(312) User=0.02s Sys=0.00s Real=0.00s
[2023-12-18T21:20:50.704+0100][6573.209s] GC(312) Concurrent Cleanup for Next Mark
[2023-12-18T21:20:50.704+0100][6573.210s] GC(312) Concurrent Cleanup for Next Mark 0.782ms
[2023-12-18T21:20:50.704+0100][6573.210s] GC(312) Concurrent Mark Cycle 47.729ms
[2023-12-18T21:20:51.424+0100][6573.930s] GC(313) Pause Young (Prepare Mixed) (G1 Evacuation Pause)
[2023-12-18T21:20:51.424+0100][6573.930s] GC(313) Using 10 workers of 10 for evacuation
[2023-12-18T21:20:51.427+0100][6573.933s] GC(313)   Pre Evacuate Collection Set: 0.1ms
[2023-12-18T21:20:51.427+0100][6573.933s] GC(313)   Merge Heap Roots: 0.1ms
[2023-12-18T21:20:51.427+0100][6573.933s] GC(313)   Evacuate Collection Set: 2.7ms
[2023-12-18T21:20:51.427+0100][6573.933s] GC(313)   Post Evacuate Collection Set: 0.4ms
[2023-12-18T21:20:51.427+0100][6573.933s] GC(313)   Other: 0.1ms
[2023-12-18T21:20:51.427+0100][6573.933s] GC(313) Eden regions: 289->0(8)
[2023-12-18T21:20:51.427+0100][6573.933s] GC(313) Survivor regions: 18->17(39)
[2023-12-18T21:20:51.427+0100][6573.933s] GC(313) Old regions: 123->124
[2023-12-18T21:20:51.427+0100][6573.933s] GC(313) Archive regions: 0->0
[2023-12-18T21:20:51.427+0100][6573.933s] GC(313) Humongous regions: 4->4
[2023-12-18T21:20:51.427+0100][6573.933s] GC(313) Metaspace: 62784K(63488K)->62784K(63488K) NonClass: 55792K(56128K)->55792K(56128K) Class: 6991K(7360K)->6991K(7360K)
[2023-12-18T21:20:51.427+0100][6573.933s] GC(313) Pause Young (Prepare Mixed) (G1 Evacuation Pause) 432M->144M(512M) 3.575ms
[2023-12-18T21:20:51.427+0100][6573.933s] GC(313) User=0.00s Sys=0.00s Real=0.00s
[2023-12-18T21:20:51.447+0100][6573.953s] GC(314) Pause Young (Mixed) (G1 Evacuation Pause)
[2023-12-18T21:20:51.447+0100][6573.953s] GC(314) Using 10 workers of 10 for evacuation
[2023-12-18T21:20:51.450+0100][6573.956s] GC(314)   Pre Evacuate Collection Set: 0.0ms
[2023-12-18T21:20:51.450+0100][6573.956s] GC(314)   Merge Heap Roots: 0.0ms
[2023-12-18T21:20:51.450+0100][6573.956s] GC(314)   Evacuate Collection Set: 2.8ms
[2023-12-18T21:20:51.450+0100][6573.956s] GC(314)   Post Evacuate Collection Set: 0.2ms
[2023-12-18T21:20:51.450+0100][6573.956s] GC(314)   Other: 0.1ms
[2023-12-18T21:20:51.450+0100][6573.956s] GC(314) Eden regions: 8->0(304)
[2023-12-18T21:20:51.450+0100][6573.956s] GC(314) Survivor regions: 17->3(4)
[2023-12-18T21:20:51.450+0100][6573.956s] GC(314) Old regions: 124->133
[2023-12-18T21:20:51.450+0100][6573.956s] GC(314) Archive regions: 0->0
[2023-12-18T21:20:51.450+0100][6573.956s] GC(314) Humongous regions: 4->4
[2023-12-18T21:20:51.450+0100][6573.956s] GC(314) Metaspace: 62784K(63488K)->62784K(63488K) NonClass: 55792K(56128K)->55792K(56128K) Class: 6991K(7360K)->6991K(7360K)
[2023-12-18T21:20:51.450+0100][6573.956s] GC(314) Pause Young (Mixed) (G1 Evacuation Pause) 152M->139M(512M) 3.311ms
[2023-12-18T21:20:51.451+0100][6573.956s] GC(314) User=0.00s Sys=0.00s Real=0.00s
[2023-12-18T21:20:52.238+0100][6574.744s] GC(315) Pause Young (Normal) (G1 Evacuation Pause)
[2023-12-18T21:20:52.238+0100][6574.744s] GC(315) Using 10 workers of 10 for evacuation
[2023-12-18T21:20:52.239+0100][6574.745s] GC(315)   Pre Evacuate Collection Set: 0.1ms
[2023-12-18T21:20:52.239+0100][6574.745s] GC(315)   Merge Heap Roots: 0.1ms
[2023-12-18T21:20:52.239+0100][6574.745s] GC(315)   Evacuate Collection Set: 0.6ms
[2023-12-18T21:20:52.239+0100][6574.745s] GC(315)   Post Evacuate Collection Set: 0.4ms
[2023-12-18T21:20:52.239+0100][6574.745s] GC(315)   Other: 0.1ms
[2023-12-18T21:20:52.239+0100][6574.745s] GC(315) Eden regions: 304->0(303)
[2023-12-18T21:20:52.239+0100][6574.745s] GC(315) Survivor regions: 3->4(39)
[2023-12-18T21:20:52.239+0100][6574.745s] GC(315) Old regions: 133->133
[2023-12-18T21:20:52.239+0100][6574.745s] GC(315) Archive regions: 0->0
[2023-12-18T21:20:52.239+0100][6574.745s] GC(315) Humongous regions: 4->4
[2023-12-18T21:20:52.239+0100][6574.745s] GC(315) Metaspace: 62784K(63488K)->62784K(63488K) NonClass: 55792K(56128K)->55792K(56128K) Class: 6991K(7360K)->6991K(7360K)
[2023-12-18T21:20:52.239+0100][6574.745s] GC(315) Pause Young (Normal) (G1 Evacuation Pause) 443M->139M(512M) 1.445ms
[2023-12-18T21:20:52.239+0100][6574.745s] GC(315) User=0.00s Sys=0.00s Real=0.00s
[2023-12-18T21:20:52.994+0100][6575.499s] GC(316) Pause Young (Normal) (G1 Evacuation Pause)
[2023-12-18T21:20:52.994+0100][6575.499s] GC(316) Using 10 workers of 10 for evacuation
[2023-12-18T21:20:52.996+0100][6575.501s] GC(316)   Pre Evacuate Collection Set: 0.1ms
[2023-12-18T21:20:52.996+0100][6575.501s] GC(316)   Merge Heap Roots: 0.1ms
[2023-12-18T21:20:52.996+0100][6575.501s] GC(316)   Evacuate Collection Set: 1.1ms
[2023-12-18T21:20:52.996+0100][6575.501s] GC(316)   Post Evacuate Collection Set: 0.4ms
[2023-12-18T21:20:52.996+0100][6575.501s] GC(316)   Other: 0.1ms
[2023-12-18T21:20:52.996+0100][6575.501s] GC(316) Eden regions: 303->0(302)
[2023-12-18T21:20:52.996+0100][6575.501s] GC(316) Survivor regions: 4->5(39)
[2023-12-18T21:20:52.996+0100][6575.501s] GC(316) Old regions: 133->133
[2023-12-18T21:20:52.996+0100][6575.501s] GC(316) Archive regions: 0->0
[2023-12-18T21:20:52.996+0100][6575.501s] GC(316) Humongous regions: 4->4
[2023-12-18T21:20:52.996+0100][6575.501s] GC(316) Metaspace: 62784K(63488K)->62784K(63488K) NonClass: 55792K(56128K)->55792K(56128K) Class: 6991K(7360K)->6991K(7360K)
[2023-12-18T21:20:52.996+0100][6575.501s] GC(316) Pause Young (Normal) (G1 Evacuation Pause) 442M->140M(512M) 1.858ms
[2023-12-18T21:20:52.996+0100][6575.501s] GC(316) User=0.00s Sys=0.00s Real=0.00s
[2023-12-18T21:20:53.803+0100][6576.309s] GC(317) Pause Young (Concurrent Start) (G1 Evacuation Pause)
[2023-12-18T21:20:53.803+0100][6576.309s] GC(317) Using 10 workers of 10 for evacuation
[2023-12-18T21:20:53.805+0100][6576.310s] GC(317)   Pre Evacuate Collection Set: 0.1ms
[2023-12-18T21:20:53.805+0100][6576.310s] GC(317)   Merge Heap Roots: 0.0ms
[2023-12-18T21:20:53.805+0100][6576.310s] GC(317)   Evacuate Collection Set: 0.9ms
[2023-12-18T21:20:53.805+0100][6576.310s] GC(317)   Post Evacuate Collection Set: 0.2ms
[2023-12-18T21:20:53.805+0100][6576.310s] GC(317)   Other: 0.1ms
[2023-12-18T21:20:53.805+0100][6576.310s] GC(317) Eden regions: 302->0(301)
[2023-12-18T21:20:53.805+0100][6576.310s] GC(317) Survivor regions: 5->6(39)
[2023-12-18T21:20:53.805+0100][6576.310s] GC(317) Old regions: 133->133
[2023-12-18T21:20:53.805+0100][6576.310s] GC(317) Archive regions: 0->0
[2023-12-18T21:20:53.805+0100][6576.310s] GC(317) Humongous regions: 4->4
[2023-12-18T21:20:53.805+0100][6576.310s] GC(317) Metaspace: 62784K(63488K)->62784K(63488K) NonClass: 55792K(56128K)->55792K(56128K) Class: 6991K(7360K)->6991K(7360K)
[2023-12-18T21:20:53.805+0100][6576.310s] GC(317) Pause Young (Concurrent Start) (G1 Evacuation Pause) 442M->141M(512M) 1.506ms
[2023-12-18T21:20:53.805+0100][6576.310s] GC(318) Concurrent Mark Cycle
[2023-12-18T21:20:53.805+0100][6576.310s] GC(317) User=0.00s Sys=0.00s Real=0.00s
[2023-12-18T21:20:53.805+0100][6576.310s] GC(318) Concurrent Clear Claimed Marks
[2023-12-18T21:20:53.805+0100][6576.310s] GC(318) Concurrent Clear Claimed Marks 0.054ms
[2023-12-18T21:20:53.805+0100][6576.311s] GC(318) Concurrent Scan Root Regions
[2023-12-18T21:20:53.805+0100][6576.311s] GC(318) Concurrent Scan Root Regions 0.493ms
[2023-12-18T21:20:53.805+0100][6576.311s] GC(318) Concurrent Mark
[2023-12-18T21:20:53.805+0100][6576.311s] GC(318) Concurrent Mark From Roots
[2023-12-18T21:20:53.805+0100][6576.311s] GC(318) Using 3 workers of 3 for marking
[2023-12-18T21:20:53.825+0100][6576.330s] GC(318) Concurrent Mark From Roots 19.158ms
[2023-12-18T21:20:53.825+0100][6576.330s] GC(318) Concurrent Preclean
[2023-12-18T21:20:53.825+0100][6576.330s] GC(318) Concurrent Preclean 0.172ms
[2023-12-18T21:20:53.825+0100][6576.331s] GC(318) Pause Remark
[2023-12-18T21:20:53.829+0100][6576.334s] GC(318) Pause Remark 147M->147M(512M) 3.922ms
[2023-12-18T21:20:53.829+0100][6576.335s] GC(318) User=0.16s Sys=0.00s Real=0.00s
[2023-12-18T21:20:53.829+0100][6576.335s] GC(318) Concurrent Mark 23.541ms
[2023-12-18T21:20:53.829+0100][6576.335s] GC(318) Concurrent Rebuild Remembered Sets
[2023-12-18T21:20:53.842+0100][6576.348s] GC(318) Concurrent Rebuild Remembered Sets 12.946ms
[2023-12-18T21:20:53.842+0100][6576.348s] GC(318) Pause Cleanup
[2023-12-18T21:20:53.842+0100][6576.348s] GC(318) Pause Cleanup 153M->153M(512M) 0.175ms
[2023-12-18T21:20:53.843+0100][6576.348s] GC(318) User=0.00s Sys=0.00s Real=0.00s
[2023-12-18T21:20:53.843+0100][6576.348s] GC(318) Concurrent Cleanup for Next Mark
[2023-12-18T21:20:53.843+0100][6576.349s] GC(318) Concurrent Cleanup for Next Mark 0.709ms
[2023-12-18T21:20:53.843+0100][6576.349s] GC(318) Concurrent Mark Cycle 38.215ms
[2023-12-18T21:20:54.648+0100][6577.154s] GC(319) Pause Young (Prepare Mixed) (G1 Evacuation Pause)
[2023-12-18T21:20:54.648+0100][6577.154s] GC(319) Using 10 workers of 10 for evacuation
[2023-12-18T21:20:54.649+0100][6577.155s] GC(319)   Pre Evacuate Collection Set: 0.0ms
[2023-12-18T21:20:54.649+0100][6577.155s] GC(319)   Merge Heap Roots: 0.1ms
[2023-12-18T21:20:54.649+0100][6577.155s] GC(319)   Evacuate Collection Set: 0.9ms
[2023-12-18T21:20:54.649+0100][6577.155s] GC(319)   Post Evacuate Collection Set: 0.3ms
[2023-12-18T21:20:54.649+0100][6577.155s] GC(319)   Other: 0.1ms
[2023-12-18T21:20:54.649+0100][6577.155s] GC(319) Eden regions: 301->0(19)
[2023-12-18T21:20:54.649+0100][6577.155s] GC(319) Survivor regions: 6->6(39)
[2023-12-18T21:20:54.649+0100][6577.155s] GC(319) Old regions: 133->133
[2023-12-18T21:20:54.649+0100][6577.155s] GC(319) Archive regions: 0->0
[2023-12-18T21:20:54.649+0100][6577.155s] GC(319) Humongous regions: 4->4
[2023-12-18T21:20:54.649+0100][6577.155s] GC(319) Metaspace: 62784K(63488K)->62784K(63488K) NonClass: 55792K(56128K)->55792K(56128K) Class: 6991K(7360K)->6991K(7360K)
[2023-12-18T21:20:54.649+0100][6577.155s] GC(319) Pause Young (Prepare Mixed) (G1 Evacuation Pause) 442M->142M(512M) 1.562ms
[2023-12-18T21:20:54.649+0100][6577.155s] GC(319) User=0.00s Sys=0.00s Real=0.00s
[2023-12-18T21:20:54.705+0100][6577.211s] GC(320) Pause Young (Mixed) (G1 Evacuation Pause)
[2023-12-18T21:20:54.705+0100][6577.211s] GC(320) Using 10 workers of 10 for evacuation
[2023-12-18T21:20:54.707+0100][6577.212s] GC(320)   Pre Evacuate Collection Set: 0.0ms
[2023-12-18T21:20:54.707+0100][6577.212s] GC(320)   Merge Heap Roots: 0.0ms
[2023-12-18T21:20:54.707+0100][6577.212s] GC(320)   Evacuate Collection Set: 1.3ms
[2023-12-18T21:20:54.707+0100][6577.212s] GC(320)   Post Evacuate Collection Set: 0.2ms
[2023-12-18T21:20:54.707+0100][6577.212s] GC(320)   Other: 0.1ms
[2023-12-18T21:20:54.707+0100][6577.212s] GC(320) Eden regions: 19->0(304)
[2023-12-18T21:20:54.707+0100][6577.213s] GC(320) Survivor regions: 6->3(4)
[2023-12-18T21:20:54.707+0100][6577.213s] GC(320) Old regions: 133->133
[2023-12-18T21:20:54.707+0100][6577.213s] GC(320) Archive regions: 0->0
[2023-12-18T21:20:54.707+0100][6577.213s] GC(320) Humongous regions: 4->4
[2023-12-18T21:20:54.707+0100][6577.213s] GC(320) Metaspace: 62784K(63488K)->62784K(63488K) NonClass: 55792K(56128K)->55792K(56128K) Class: 6991K(7360K)->6991K(7360K)
[2023-12-18T21:20:54.707+0100][6577.213s] GC(320) Pause Young (Mixed) (G1 Evacuation Pause) 161M->138M(512M) 1.777ms
[2023-12-18T21:20:54.707+0100][6577.213s] GC(320) User=0.00s Sys=0.00s Real=0.00s
[2023-12-18T21:20:55.495+0100][6578.001s] GC(321) Pause Young (Normal) (G1 Evacuation Pause)
[2023-12-18T21:20:55.495+0100][6578.001s] GC(321) Using 10 workers of 10 for evacuation
[2023-12-18T21:20:55.496+0100][6578.002s] GC(321)   Pre Evacuate Collection Set: 0.1ms
[2023-12-18T21:20:55.496+0100][6578.002s] GC(321)   Merge Heap Roots: 0.0ms
[2023-12-18T21:20:55.496+0100][6578.002s] GC(321)   Evacuate Collection Set: 0.5ms
[2023-12-18T21:20:55.496+0100][6578.002s] GC(321)   Post Evacuate Collection Set: 0.3ms
[2023-12-18T21:20:55.496+0100][6578.002s] GC(321)   Other: 0.1ms
[2023-12-18T21:20:55.496+0100][6578.002s] GC(321) Eden regions: 304->0(303)
[2023-12-18T21:20:55.496+0100][6578.002s] GC(321) Survivor regions: 3->4(39)
[2023-12-18T21:20:55.496+0100][6578.002s] GC(321) Old regions: 133->133
[2023-12-18T21:20:55.496+0100][6578.002s] GC(321) Archive regions: 0->0
[2023-12-18T21:20:55.496+0100][6578.002s] GC(321) Humongous regions: 4->4
[2023-12-18T21:20:55.496+0100][6578.002s] GC(321) Metaspace: 62784K(63488K)->62784K(63488K) NonClass: 55792K(56128K)->55792K(56128K) Class: 6991K(7360K)->6991K(7360K)
[2023-12-18T21:20:55.496+0100][6578.002s] GC(321) Pause Young (Normal) (G1 Evacuation Pause) 442M->139M(512M) 1.103ms
[2023-12-18T21:20:55.496+0100][6578.002s] GC(321) User=0.00s Sys=0.00s Real=0.00s
[2023-12-18T21:20:56.284+0100][6578.790s] GC(322) Pause Young (Normal) (G1 Evacuation Pause)
[2023-12-18T21:20:56.284+0100][6578.790s] GC(322) Using 10 workers of 10 for evacuation
[2023-12-18T21:20:56.285+0100][6578.791s] GC(322)   Pre Evacuate Collection Set: 0.1ms
[2023-12-18T21:20:56.285+0100][6578.791s] GC(322)   Merge Heap Roots: 0.1ms
[2023-12-18T21:20:56.285+0100][6578.791s] GC(322)   Evacuate Collection Set: 0.7ms
[2023-12-18T21:20:56.285+0100][6578.791s] GC(322)   Post Evacuate Collection Set: 0.4ms
[2023-12-18T21:20:56.285+0100][6578.791s] GC(322)   Other: 0.1ms
[2023-12-18T21:20:56.285+0100][6578.791s] GC(322) Eden regions: 303->0(302)
[2023-12-18T21:20:56.285+0100][6578.791s] GC(322) Survivor regions: 4->5(39)
[2023-12-18T21:20:56.285+0100][6578.791s] GC(322) Old regions: 133->133
[2023-12-18T21:20:56.285+0100][6578.791s] GC(322) Archive regions: 0->0
[2023-12-18T21:20:56.285+0100][6578.791s] GC(322) Humongous regions: 4->4
[2023-12-18T21:20:56.285+0100][6578.791s] GC(322) Metaspace: 62784K(63488K)->62784K(63488K) NonClass: 55792K(56128K)->55792K(56128K) Class: 6991K(7360K)->6991K(7360K)
[2023-12-18T21:20:56.285+0100][6578.791s] GC(322) Pause Young (Normal) (G1 Evacuation Pause) 442M->140M(512M) 1.547ms
[2023-12-18T21:20:56.285+0100][6578.791s] GC(322) User=0.00s Sys=0.00s Real=0.00s
[2023-12-18T21:20:57.085+0100][6579.591s] GC(323) Pause Young (Concurrent Start) (G1 Evacuation Pause)
[2023-12-18T21:20:57.085+0100][6579.591s] GC(323) Using 10 workers of 10 for evacuation
[2023-12-18T21:20:57.086+0100][6579.592s] GC(323)   Pre Evacuate Collection Set: 0.2ms
[2023-12-18T21:20:57.086+0100][6579.593s] GC(323)   Merge Heap Roots: 0.1ms
[2023-12-18T21:20:57.086+0100][6579.593s] GC(323)   Evacuate Collection Set: 0.9ms
[2023-12-18T21:20:57.086+0100][6579.593s] GC(323)   Post Evacuate Collection Set: 0.4ms
[2023-12-18T21:20:57.086+0100][6579.593s] GC(323)   Other: 0.1ms
[2023-12-18T21:20:57.087+0100][6579.593s] GC(323) Eden regions: 302->0(301)
[2023-12-18T21:20:57.087+0100][6579.593s] GC(323) Survivor regions: 5->6(39)
[2023-12-18T21:20:57.087+0100][6579.593s] GC(323) Old regions: 133->133
[2023-12-18T21:20:57.087+0100][6579.593s] GC(323) Archive regions: 0->0
[2023-12-18T21:20:57.087+0100][6579.593s] GC(323) Humongous regions: 4->4
[2023-12-18T21:20:57.087+0100][6579.593s] GC(323) Metaspace: 62784K(63488K)->62784K(63488K) NonClass: 55792K(56128K)->55792K(56128K) Class: 6991K(7360K)->6991K(7360K)
[2023-12-18T21:20:57.087+0100][6579.593s] GC(323) Pause Young (Concurrent Start) (G1 Evacuation Pause) 442M->141M(512M) 1.808ms
[2023-12-18T21:20:57.087+0100][6579.593s] GC(324) Concurrent Mark Cycle
[2023-12-18T21:20:57.087+0100][6579.593s] GC(323) User=0.00s Sys=0.00s Real=0.00s
[2023-12-18T21:20:57.087+0100][6579.593s] GC(324) Concurrent Clear Claimed Marks
[2023-12-18T21:20:57.087+0100][6579.593s] GC(324) Concurrent Clear Claimed Marks 0.071ms
[2023-12-18T21:20:57.087+0100][6579.593s] GC(324) Concurrent Scan Root Regions
[2023-12-18T21:20:57.087+0100][6579.594s] GC(324) Concurrent Scan Root Regions 0.763ms
[2023-12-18T21:20:57.087+0100][6579.594s] GC(324) Concurrent Mark
[2023-12-18T21:20:57.088+0100][6579.594s] GC(324) Concurrent Mark From Roots
[2023-12-18T21:20:57.088+0100][6579.594s] GC(324) Using 3 workers of 3 for marking
[2023-12-18T21:20:57.114+0100][6579.620s] GC(324) Concurrent Mark From Roots 26.700ms
[2023-12-18T21:20:57.114+0100][6579.620s] GC(324) Concurrent Preclean
[2023-12-18T21:20:57.115+0100][6579.621s] GC(324) Concurrent Preclean 0.295ms
[2023-12-18T21:20:57.115+0100][6579.621s] GC(324) Pause Remark
[2023-12-18T21:20:57.118+0100][6579.624s] GC(324) Pause Remark 151M->151M(512M) 3.407ms
[2023-12-18T21:20:57.118+0100][6579.624s] GC(324) User=0.00s Sys=0.00s Real=0.00s
[2023-12-18T21:20:57.118+0100][6579.624s] GC(324) Concurrent Mark 30.681ms
[2023-12-18T21:20:57.118+0100][6579.624s] GC(324) Concurrent Rebuild Remembered Sets
[2023-12-18T21:20:57.131+0100][6579.637s] GC(324) Concurrent Rebuild Remembered Sets 12.398ms
[2023-12-18T21:20:57.132+0100][6579.637s] GC(324) Pause Cleanup
[2023-12-18T21:20:57.132+0100][6579.637s] GC(324) Pause Cleanup 155M->155M(512M) 0.140ms
[2023-12-18T21:20:57.132+0100][6579.637s] GC(324) User=0.00s Sys=0.00s Real=0.00s
[2023-12-18T21:20:57.132+0100][6579.637s] GC(324) Concurrent Cleanup for Next Mark
[2023-12-18T21:20:57.132+0100][6579.638s] GC(324) Concurrent Cleanup for Next Mark 0.740ms
[2023-12-18T21:20:57.132+0100][6579.638s] GC(324) Concurrent Mark Cycle 45.119ms
[2023-12-18T21:25:45.504+0100][6868.010s] GC(325) Pause Young (Prepare Mixed) (G1 Evacuation Pause)
[2023-12-18T21:25:45.504+0100][6868.010s] GC(325) Using 10 workers of 10 for evacuation
[2023-12-18T21:25:45.507+0100][6868.013s] GC(325)   Pre Evacuate Collection Set: 0.1ms
[2023-12-18T21:25:45.507+0100][6868.013s] GC(325)   Merge Heap Roots: 0.1ms
[2023-12-18T21:25:45.507+0100][6868.013s] GC(325)   Evacuate Collection Set: 1.5ms
[2023-12-18T21:25:45.507+0100][6868.013s] GC(325)   Post Evacuate Collection Set: 0.4ms
[2023-12-18T21:25:45.507+0100][6868.013s] GC(325)   Other: 0.1ms
[2023-12-18T21:25:45.507+0100][6868.013s] GC(325) Eden regions: 301->0(18)
[2023-12-18T21:25:45.507+0100][6868.013s] GC(325) Survivor regions: 6->7(39)
[2023-12-18T21:25:45.507+0100][6868.013s] GC(325) Old regions: 133->133
[2023-12-18T21:25:45.507+0100][6868.013s] GC(325) Archive regions: 0->0
[2023-12-18T21:25:45.507+0100][6868.013s] GC(325) Humongous regions: 4->4
[2023-12-18T21:25:45.507+0100][6868.013s] GC(325) Metaspace: 62859K(63552K)->62859K(63552K) NonClass: 55860K(56192K)->55860K(56192K) Class: 6998K(7360K)->6998K(7360K)
[2023-12-18T21:25:45.507+0100][6868.013s] GC(325) Pause Young (Prepare Mixed) (G1 Evacuation Pause) 442M->142M(512M) 2.341ms
[2023-12-18T21:25:45.507+0100][6868.013s] GC(325) User=0.00s Sys=0.00s Real=0.00s
[2023-12-18T21:25:45.553+0100][6868.059s] GC(326) Pause Young (Mixed) (G1 Evacuation Pause)
[2023-12-18T21:25:45.553+0100][6868.059s] GC(326) Using 10 workers of 10 for evacuation
[2023-12-18T21:25:45.555+0100][6868.061s] GC(326)   Pre Evacuate Collection Set: 0.1ms
[2023-12-18T21:25:45.555+0100][6868.061s] GC(326)   Merge Heap Roots: 0.1ms
[2023-12-18T21:25:45.555+0100][6868.061s] GC(326)   Evacuate Collection Set: 1.6ms
[2023-12-18T21:25:45.555+0100][6868.061s] GC(326)   Post Evacuate Collection Set: 0.4ms
[2023-12-18T21:25:45.555+0100][6868.061s] GC(326)   Other: 0.1ms
[2023-12-18T21:25:45.555+0100][6868.061s] GC(326) Eden regions: 18->0(306)
[2023-12-18T21:25:45.555+0100][6868.061s] GC(326) Survivor regions: 7->1(4)
[2023-12-18T21:25:45.555+0100][6868.061s] GC(326) Old regions: 133->136
[2023-12-18T21:25:45.555+0100][6868.061s] GC(326) Archive regions: 0->0
[2023-12-18T21:25:45.555+0100][6868.061s] GC(326) Humongous regions: 4->4
[2023-12-18T21:25:45.555+0100][6868.061s] GC(326) Metaspace: 62859K(63552K)->62859K(63552K) NonClass: 55860K(56192K)->55860K(56192K) Class: 6998K(7360K)->6998K(7360K)
[2023-12-18T21:25:45.555+0100][6868.061s] GC(326) Pause Young (Mixed) (G1 Evacuation Pause) 160M->139M(512M) 2.402ms
[2023-12-18T21:25:45.556+0100][6868.061s] GC(326) User=0.00s Sys=0.00s Real=0.00s
[2023-12-18T21:25:46.421+0100][6868.926s] GC(327) Pause Young (Normal) (G1 Evacuation Pause)
[2023-12-18T21:25:46.421+0100][6868.926s] GC(327) Using 10 workers of 10 for evacuation
[2023-12-18T21:25:46.421+0100][6868.927s] GC(327)   Pre Evacuate Collection Set: 0.1ms
[2023-12-18T21:25:46.421+0100][6868.927s] GC(327)   Merge Heap Roots: 0.1ms
[2023-12-18T21:25:46.421+0100][6868.927s] GC(327)   Evacuate Collection Set: 0.5ms
[2023-12-18T21:25:46.421+0100][6868.927s] GC(327)   Post Evacuate Collection Set: 0.4ms
[2023-12-18T21:25:46.421+0100][6868.927s] GC(327)   Other: 0.1ms
[2023-12-18T21:25:46.421+0100][6868.927s] GC(327) Eden regions: 306->0(304)
[2023-12-18T21:25:46.421+0100][6868.927s] GC(327) Survivor regions: 1->3(39)
[2023-12-18T21:25:46.421+0100][6868.927s] GC(327) Old regions: 136->136
[2023-12-18T21:25:46.421+0100][6868.927s] GC(327) Archive regions: 0->0
[2023-12-18T21:25:46.421+0100][6868.927s] GC(327) Humongous regions: 4->4
[2023-12-18T21:25:46.421+0100][6868.927s] GC(327) Metaspace: 62859K(63552K)->62859K(63552K) NonClass: 55860K(56192K)->55860K(56192K) Class: 6998K(7360K)->6998K(7360K)
[2023-12-18T21:25:46.421+0100][6868.927s] GC(327) Pause Young (Normal) (G1 Evacuation Pause) 445M->141M(512M) 1.272ms
[2023-12-18T21:25:46.421+0100][6868.927s] GC(327) User=0.00s Sys=0.00s Real=0.00s
[2023-12-18T21:25:47.262+0100][6869.768s] GC(328) Pause Young (Normal) (G1 Evacuation Pause)
[2023-12-18T21:25:47.262+0100][6869.768s] GC(328) Using 10 workers of 10 for evacuation
[2023-12-18T21:25:47.263+0100][6869.769s] GC(328)   Pre Evacuate Collection Set: 0.0ms
[2023-12-18T21:25:47.263+0100][6869.769s] GC(328)   Merge Heap Roots: 0.0ms
[2023-12-18T21:25:47.263+0100][6869.769s] GC(328)   Evacuate Collection Set: 0.6ms
[2023-12-18T21:25:47.263+0100][6869.769s] GC(328)   Post Evacuate Collection Set: 0.4ms
[2023-12-18T21:25:47.263+0100][6869.769s] GC(328)   Other: 0.1ms
[2023-12-18T21:25:47.263+0100][6869.769s] GC(328) Eden regions: 304->0(303)
[2023-12-18T21:25:47.263+0100][6869.769s] GC(328) Survivor regions: 3->4(39)
[2023-12-18T21:25:47.263+0100][6869.769s] GC(328) Old regions: 136->136
[2023-12-18T21:25:47.263+0100][6869.769s] GC(328) Archive regions: 0->0
[2023-12-18T21:25:47.263+0100][6869.769s] GC(328) Humongous regions: 4->4
[2023-12-18T21:25:47.263+0100][6869.769s] GC(328) Metaspace: 62859K(63552K)->62859K(63552K) NonClass: 55860K(56192K)->55860K(56192K) Class: 6998K(7360K)->6998K(7360K)
[2023-12-18T21:25:47.263+0100][6869.769s] GC(328) Pause Young (Normal) (G1 Evacuation Pause) 445M->142M(512M) 1.397ms
[2023-12-18T21:25:47.263+0100][6869.769s] GC(328) User=0.00s Sys=0.00s Real=0.00s
[2023-12-18T21:25:48.094+0100][6870.600s] GC(329) Pause Young (Concurrent Start) (G1 Evacuation Pause)
[2023-12-18T21:25:48.094+0100][6870.600s] GC(329) Using 10 workers of 10 for evacuation
[2023-12-18T21:25:48.096+0100][6870.602s] GC(329)   Pre Evacuate Collection Set: 0.1ms
[2023-12-18T21:25:48.096+0100][6870.602s] GC(329)   Merge Heap Roots: 0.1ms
[2023-12-18T21:25:48.096+0100][6870.602s] GC(329)   Evacuate Collection Set: 0.9ms
[2023-12-18T21:25:48.096+0100][6870.602s] GC(329)   Post Evacuate Collection Set: 0.4ms
[2023-12-18T21:25:48.096+0100][6870.602s] GC(329)   Other: 0.1ms
[2023-12-18T21:25:48.096+0100][6870.602s] GC(329) Eden regions: 303->0(302)
[2023-12-18T21:25:48.096+0100][6870.602s] GC(329) Survivor regions: 4->5(39)
[2023-12-18T21:25:48.096+0100][6870.602s] GC(329) Old regions: 136->136
[2023-12-18T21:25:48.096+0100][6870.602s] GC(329) Archive regions: 0->0
[2023-12-18T21:25:48.096+0100][6870.602s] GC(329) Humongous regions: 4->4
[2023-12-18T21:25:48.096+0100][6870.602s] GC(329) Metaspace: 62859K(63552K)->62859K(63552K) NonClass: 55860K(56192K)->55860K(56192K) Class: 6998K(7360K)->6998K(7360K)
[2023-12-18T21:25:48.096+0100][6870.602s] GC(329) Pause Young (Concurrent Start) (G1 Evacuation Pause) 445M->143M(512M) 1.840ms
[2023-12-18T21:25:48.096+0100][6870.602s] GC(330) Concurrent Mark Cycle
[2023-12-18T21:25:48.096+0100][6870.602s] GC(329) User=0.00s Sys=0.00s Real=0.00s
[2023-12-18T21:25:48.096+0100][6870.602s] GC(330) Concurrent Clear Claimed Marks
[2023-12-18T21:25:48.096+0100][6870.602s] GC(330) Concurrent Clear Claimed Marks 0.067ms
[2023-12-18T21:25:48.096+0100][6870.602s] GC(330) Concurrent Scan Root Regions
[2023-12-18T21:25:48.097+0100][6870.603s] GC(330) Concurrent Scan Root Regions 0.525ms
[2023-12-18T21:25:48.097+0100][6870.603s] GC(330) Concurrent Mark
[2023-12-18T21:25:48.097+0100][6870.603s] GC(330) Concurrent Mark From Roots
[2023-12-18T21:25:48.097+0100][6870.603s] GC(330) Using 3 workers of 3 for marking
[2023-12-18T21:25:48.113+0100][6870.619s] GC(330) Concurrent Mark From Roots 16.067ms
[2023-12-18T21:25:48.113+0100][6870.619s] GC(330) Concurrent Preclean
[2023-12-18T21:25:48.113+0100][6870.619s] GC(330) Concurrent Preclean 0.234ms
[2023-12-18T21:25:48.113+0100][6870.619s] GC(330) Pause Remark
[2023-12-18T21:25:48.120+0100][6870.626s] GC(330) Pause Remark 153M->153M(512M) 6.532ms
[2023-12-18T21:25:48.120+0100][6870.626s] GC(330) User=0.00s Sys=0.00s Real=0.01s
[2023-12-18T21:25:48.120+0100][6870.626s] GC(330) Concurrent Mark 23.066ms
[2023-12-18T21:25:48.120+0100][6870.626s] GC(330) Concurrent Rebuild Remembered Sets
[2023-12-18T21:25:48.135+0100][6870.641s] GC(330) Concurrent Rebuild Remembered Sets 15.128ms
[2023-12-18T21:25:48.135+0100][6870.641s] GC(330) Pause Cleanup
[2023-12-18T21:25:48.135+0100][6870.641s] GC(330) Pause Cleanup 159M->159M(512M) 0.185ms
[2023-12-18T21:25:48.135+0100][6870.641s] GC(330) User=0.00s Sys=0.00s Real=0.00s
[2023-12-18T21:25:48.135+0100][6870.641s] GC(330) Concurrent Cleanup for Next Mark
[2023-12-18T21:25:48.136+0100][6870.642s] GC(330) Concurrent Cleanup for Next Mark 0.721ms
[2023-12-18T21:25:48.136+0100][6870.642s] GC(330) Concurrent Mark Cycle 39.968ms
[2023-12-18T21:25:48.936+0100][6871.443s] GC(331) Pause Young (Prepare Mixed) (G1 Evacuation Pause)
[2023-12-18T21:25:48.937+0100][6871.443s] GC(331) Using 10 workers of 10 for evacuation
[2023-12-18T21:25:48.938+0100][6871.444s] GC(331)   Pre Evacuate Collection Set: 0.1ms
[2023-12-18T21:25:48.938+0100][6871.444s] GC(331)   Merge Heap Roots: 0.1ms
[2023-12-18T21:25:48.938+0100][6871.444s] GC(331)   Evacuate Collection Set: 0.9ms
[2023-12-18T21:25:48.938+0100][6871.444s] GC(331)   Post Evacuate Collection Set: 0.4ms
[2023-12-18T21:25:48.938+0100][6871.444s] GC(331)   Other: 0.1ms
[2023-12-18T21:25:48.938+0100][6871.444s] GC(331) Eden regions: 302->0(19)
[2023-12-18T21:25:48.938+0100][6871.444s] GC(331) Survivor regions: 5->6(39)
[2023-12-18T21:25:48.938+0100][6871.444s] GC(331) Old regions: 136->136
[2023-12-18T21:25:48.938+0100][6871.444s] GC(331) Archive regions: 0->0
[2023-12-18T21:25:48.938+0100][6871.444s] GC(331) Humongous regions: 4->4
[2023-12-18T21:25:48.938+0100][6871.444s] GC(331) Metaspace: 62860K(63616K)->62860K(63616K) NonClass: 55863K(56256K)->55863K(56256K) Class: 6996K(7360K)->6996K(7360K)
[2023-12-18T21:25:48.938+0100][6871.444s] GC(331) Pause Young (Prepare Mixed) (G1 Evacuation Pause) 445M->144M(512M) 1.760ms
[2023-12-18T21:25:48.938+0100][6871.444s] GC(331) User=0.16s Sys=0.00s Real=0.00s
[2023-12-18T21:25:48.975+0100][6871.481s] GC(332) Pause Young (Mixed) (G1 Evacuation Pause)
[2023-12-18T21:25:48.975+0100][6871.481s] GC(332) Using 10 workers of 10 for evacuation
[2023-12-18T21:25:48.977+0100][6871.483s] GC(332)   Pre Evacuate Collection Set: 0.1ms
[2023-12-18T21:25:48.977+0100][6871.483s] GC(332)   Merge Heap Roots: 0.1ms
[2023-12-18T21:25:48.977+0100][6871.483s] GC(332)   Evacuate Collection Set: 1.1ms
[2023-12-18T21:25:48.977+0100][6871.483s] GC(332)   Post Evacuate Collection Set: 0.4ms
[2023-12-18T21:25:48.977+0100][6871.483s] GC(332)   Other: 0.0ms
[2023-12-18T21:25:48.977+0100][6871.483s] GC(332) Eden regions: 19->0(24)
[2023-12-18T21:25:48.977+0100][6871.483s] GC(332) Survivor regions: 6->1(4)
[2023-12-18T21:25:48.977+0100][6871.483s] GC(332) Old regions: 136->89
[2023-12-18T21:25:48.977+0100][6871.483s] GC(332) Archive regions: 0->0
[2023-12-18T21:25:48.977+0100][6871.483s] GC(332) Humongous regions: 4->4
[2023-12-18T21:25:48.977+0100][6871.483s] GC(332) Metaspace: 62860K(63616K)->62860K(63616K) NonClass: 55863K(56256K)->55863K(56256K) Class: 6996K(7360K)->6996K(7360K)
[2023-12-18T21:25:48.977+0100][6871.483s] GC(332) Pause Young (Mixed) (G1 Evacuation Pause) 163M->92M(512M) 2.034ms
[2023-12-18T21:25:48.977+0100][6871.483s] GC(332) User=0.00s Sys=0.00s Real=0.00s
[2023-12-18T21:25:49.052+0100][6871.557s] GC(333) Pause Young (Mixed) (G1 Evacuation Pause)
[2023-12-18T21:25:49.052+0100][6871.557s] GC(333) Using 10 workers of 10 for evacuation
[2023-12-18T21:25:49.053+0100][6871.559s] GC(333)   Pre Evacuate Collection Set: 0.1ms
[2023-12-18T21:25:49.053+0100][6871.559s] GC(333)   Merge Heap Roots: 0.1ms
[2023-12-18T21:25:49.053+0100][6871.559s] GC(333)   Evacuate Collection Set: 0.6ms
[2023-12-18T21:25:49.053+0100][6871.559s] GC(333)   Post Evacuate Collection Set: 0.4ms
[2023-12-18T21:25:49.053+0100][6871.559s] GC(333)   Other: 0.1ms
[2023-12-18T21:25:49.053+0100][6871.559s] GC(333) Eden regions: 24->0(306)
[2023-12-18T21:25:49.053+0100][6871.559s] GC(333) Survivor regions: 1->1(4)
[2023-12-18T21:25:49.053+0100][6871.559s] GC(333) Old regions: 89->73
[2023-12-18T21:25:49.053+0100][6871.559s] GC(333) Archive regions: 0->0
[2023-12-18T21:25:49.053+0100][6871.559s] GC(333) Humongous regions: 4->4
[2023-12-18T21:25:49.053+0100][6871.559s] GC(333) Metaspace: 62860K(63616K)->62860K(63616K) NonClass: 55863K(56256K)->55863K(56256K) Class: 6996K(7360K)->6996K(7360K)
[2023-12-18T21:25:49.053+0100][6871.559s] GC(333) Pause Young (Mixed) (G1 Evacuation Pause) 116M->76M(512M) 1.345ms
[2023-12-18T21:25:49.053+0100][6871.559s] GC(333) User=0.00s Sys=0.00s Real=0.00s
[2023-12-18T21:25:49.900+0100][6872.406s] GC(334) Pause Young (Normal) (G1 Evacuation Pause)
[2023-12-18T21:25:49.900+0100][6872.406s] GC(334) Using 10 workers of 10 for evacuation
[2023-12-18T21:25:49.902+0100][6872.407s] GC(334)   Pre Evacuate Collection Set: 0.1ms
[2023-12-18T21:25:49.902+0100][6872.407s] GC(334)   Merge Heap Roots: 0.1ms
[2023-12-18T21:25:49.902+0100][6872.407s] GC(334)   Evacuate Collection Set: 0.5ms
[2023-12-18T21:25:49.902+0100][6872.407s] GC(334)   Post Evacuate Collection Set: 0.4ms
[2023-12-18T21:25:49.902+0100][6872.407s] GC(334)   Other: 0.1ms
[2023-12-18T21:25:49.902+0100][6872.407s] GC(334) Eden regions: 306->0(304)
[2023-12-18T21:25:49.902+0100][6872.407s] GC(334) Survivor regions: 1->3(39)
[2023-12-18T21:25:49.902+0100][6872.407s] GC(334) Old regions: 73->73
[2023-12-18T21:25:49.902+0100][6872.407s] GC(334) Archive regions: 0->0
[2023-12-18T21:25:49.902+0100][6872.407s] GC(334) Humongous regions: 4->4
[2023-12-18T21:25:49.902+0100][6872.407s] GC(334) Metaspace: 62860K(63616K)->62860K(63616K) NonClass: 55863K(56256K)->55863K(56256K) Class: 6996K(7360K)->6996K(7360K)
[2023-12-18T21:25:49.902+0100][6872.407s] GC(334) Pause Young (Normal) (G1 Evacuation Pause) 382M->79M(512M) 1.321ms
[2023-12-18T21:25:49.902+0100][6872.407s] GC(334) User=0.00s Sys=0.00s Real=0.00s
[2023-12-18T21:25:50.709+0100][6873.214s] GC(335) Pause Young (Normal) (G1 Evacuation Pause)
[2023-12-18T21:25:50.709+0100][6873.214s] GC(335) Using 10 workers of 10 for evacuation
[2023-12-18T21:25:50.710+0100][6873.215s] GC(335)   Pre Evacuate Collection Set: 0.0ms
[2023-12-18T21:25:50.710+0100][6873.215s] GC(335)   Merge Heap Roots: 0.0ms
[2023-12-18T21:25:50.710+0100][6873.215s] GC(335)   Evacuate Collection Set: 0.5ms
[2023-12-18T21:25:50.710+0100][6873.215s] GC(335)   Post Evacuate Collection Set: 0.3ms
[2023-12-18T21:25:50.710+0100][6873.215s] GC(335)   Other: 0.1ms
[2023-12-18T21:25:50.710+0100][6873.215s] GC(335) Eden regions: 304->0(303)
[2023-12-18T21:25:50.710+0100][6873.215s] GC(335) Survivor regions: 3->4(39)
[2023-12-18T21:25:50.710+0100][6873.215s] GC(335) Old regions: 73->73
[2023-12-18T21:25:50.710+0100][6873.215s] GC(335) Archive regions: 0->0
[2023-12-18T21:25:50.710+0100][6873.215s] GC(335) Humongous regions: 4->4
[2023-12-18T21:25:50.710+0100][6873.215s] GC(335) Metaspace: 62860K(63616K)->62860K(63616K) NonClass: 55863K(56256K)->55863K(56256K) Class: 6996K(7360K)->6996K(7360K)
[2023-12-18T21:25:50.710+0100][6873.215s] GC(335) Pause Young (Normal) (G1 Evacuation Pause) 383M->79M(512M) 1.120ms
[2023-12-18T21:25:50.710+0100][6873.215s] GC(335) User=0.00s Sys=0.00s Real=0.00s
[2023-12-18T21:25:51.512+0100][6874.018s] GC(336) Pause Young (Normal) (G1 Evacuation Pause)
[2023-12-18T21:25:51.513+0100][6874.018s] GC(336) Using 10 workers of 10 for evacuation
[2023-12-18T21:25:51.514+0100][6874.020s] GC(336)   Pre Evacuate Collection Set: 0.1ms
[2023-12-18T21:25:51.514+0100][6874.020s] GC(336)   Merge Heap Roots: 0.1ms
[2023-12-18T21:25:51.514+0100][6874.020s] GC(336)   Evacuate Collection Set: 0.6ms
[2023-12-18T21:25:51.514+0100][6874.020s] GC(336)   Post Evacuate Collection Set: 0.4ms
[2023-12-18T21:25:51.514+0100][6874.020s] GC(336)   Other: 0.1ms
[2023-12-18T21:25:51.514+0100][6874.020s] GC(336) Eden regions: 303->0(302)
[2023-12-18T21:25:51.514+0100][6874.020s] GC(336) Survivor regions: 4->5(39)
[2023-12-18T21:25:51.514+0100][6874.020s] GC(336) Old regions: 73->73
[2023-12-18T21:25:51.514+0100][6874.020s] GC(336) Archive regions: 0->0
[2023-12-18T21:25:51.514+0100][6874.020s] GC(336) Humongous regions: 4->4
[2023-12-18T21:25:51.514+0100][6874.020s] GC(336) Metaspace: 62860K(63616K)->62860K(63616K) NonClass: 55863K(56256K)->55863K(56256K) Class: 6996K(7360K)->6996K(7360K)
[2023-12-18T21:25:51.514+0100][6874.020s] GC(336) Pause Young (Normal) (G1 Evacuation Pause) 382M->80M(512M) 1.389ms
[2023-12-18T21:25:51.514+0100][6874.020s] GC(336) User=0.00s Sys=0.00s Real=0.00s
[2023-12-18T21:25:52.314+0100][6874.820s] GC(337) Pause Young (Normal) (G1 Evacuation Pause)
[2023-12-18T21:25:52.314+0100][6874.820s] GC(337) Using 10 workers of 10 for evacuation
[2023-12-18T21:25:52.316+0100][6874.821s] GC(337)   Pre Evacuate Collection Set: 0.1ms
[2023-12-18T21:25:52.316+0100][6874.821s] GC(337)   Merge Heap Roots: 0.0ms
[2023-12-18T21:25:52.316+0100][6874.821s] GC(337)   Evacuate Collection Set: 0.7ms
[2023-12-18T21:25:52.316+0100][6874.821s] GC(337)   Post Evacuate Collection Set: 0.3ms
[2023-12-18T21:25:52.316+0100][6874.821s] GC(337)   Other: 0.1ms
[2023-12-18T21:25:52.316+0100][6874.821s] GC(337) Eden regions: 302->0(301)
[2023-12-18T21:25:52.316+0100][6874.821s] GC(337) Survivor regions: 5->6(39)
[2023-12-18T21:25:52.316+0100][6874.821s] GC(337) Old regions: 73->73
[2023-12-18T21:25:52.316+0100][6874.821s] GC(337) Archive regions: 0->0
[2023-12-18T21:25:52.316+0100][6874.821s] GC(337) Humongous regions: 4->4
[2023-12-18T21:25:52.316+0100][6874.821s] GC(337) Metaspace: 62860K(63616K)->62860K(63616K) NonClass: 55863K(56256K)->55863K(56256K) Class: 6996K(7360K)->6996K(7360K)
[2023-12-18T21:25:52.316+0100][6874.821s] GC(337) Pause Young (Normal) (G1 Evacuation Pause) 382M->81M(512M) 1.451ms
[2023-12-18T21:25:52.316+0100][6874.821s] GC(337) User=0.00s Sys=0.00s Real=0.00s
[2023-12-18T21:25:53.138+0100][6875.644s] GC(338) Pause Young (Normal) (G1 Evacuation Pause)
[2023-12-18T21:25:53.138+0100][6875.644s] GC(338) Using 10 workers of 10 for evacuation
[2023-12-18T21:25:53.140+0100][6875.645s] GC(338)   Pre Evacuate Collection Set: 0.1ms
[2023-12-18T21:25:53.140+0100][6875.645s] GC(338)   Merge Heap Roots: 0.1ms
[2023-12-18T21:25:53.140+0100][6875.645s] GC(338)   Evacuate Collection Set: 0.9ms
[2023-12-18T21:25:53.140+0100][6875.645s] GC(338)   Post Evacuate Collection Set: 0.4ms
[2023-12-18T21:25:53.140+0100][6875.645s] GC(338)   Other: 0.1ms
[2023-12-18T21:25:53.140+0100][6875.645s] GC(338) Eden regions: 301->0(300)
[2023-12-18T21:25:53.140+0100][6875.645s] GC(338) Survivor regions: 6->7(39)
[2023-12-18T21:25:53.140+0100][6875.645s] GC(338) Old regions: 73->73
[2023-12-18T21:25:53.140+0100][6875.645s] GC(338) Archive regions: 0->0
[2023-12-18T21:25:53.140+0100][6875.645s] GC(338) Humongous regions: 4->4
[2023-12-18T21:25:53.140+0100][6875.645s] GC(338) Metaspace: 62860K(63616K)->62860K(63616K) NonClass: 55863K(56256K)->55863K(56256K) Class: 6996K(7360K)->6996K(7360K)
[2023-12-18T21:25:53.140+0100][6875.645s] GC(338) Pause Young (Normal) (G1 Evacuation Pause) 382M->83M(512M) 1.777ms
[2023-12-18T21:25:53.140+0100][6875.645s] GC(338) User=0.00s Sys=0.00s Real=0.00s
[2023-12-18T21:25:53.945+0100][6876.450s] GC(339) Pause Young (Normal) (G1 Evacuation Pause)
[2023-12-18T21:25:53.945+0100][6876.450s] GC(339) Using 10 workers of 10 for evacuation
[2023-12-18T21:25:53.947+0100][6876.452s] GC(339)   Pre Evacuate Collection Set: 0.0ms
[2023-12-18T21:25:53.947+0100][6876.452s] GC(339)   Merge Heap Roots: 0.0ms
[2023-12-18T21:25:53.947+0100][6876.452s] GC(339)   Evacuate Collection Set: 1.1ms
[2023-12-18T21:25:53.947+0100][6876.452s] GC(339)   Post Evacuate Collection Set: 0.4ms
[2023-12-18T21:25:53.947+0100][6876.452s] GC(339)   Other: 0.1ms
[2023-12-18T21:25:53.947+0100][6876.452s] GC(339) Eden regions: 300->0(299)
[2023-12-18T21:25:53.947+0100][6876.452s] GC(339) Survivor regions: 7->8(39)
[2023-12-18T21:25:53.947+0100][6876.452s] GC(339) Old regions: 73->73
[2023-12-18T21:25:53.947+0100][6876.452s] GC(339) Archive regions: 0->0
[2023-12-18T21:25:53.947+0100][6876.452s] GC(339) Humongous regions: 4->4
[2023-12-18T21:25:53.947+0100][6876.452s] GC(339) Metaspace: 62860K(63616K)->62860K(63616K) NonClass: 55863K(56256K)->55863K(56256K) Class: 6996K(7360K)->6996K(7360K)
[2023-12-18T21:25:53.947+0100][6876.452s] GC(339) Pause Young (Normal) (G1 Evacuation Pause) 383M->84M(512M) 1.953ms
[2023-12-18T21:25:53.947+0100][6876.452s] GC(339) User=0.00s Sys=0.00s Real=0.00s
[2023-12-18T21:25:54.708+0100][6877.214s] GC(340) Pause Young (Normal) (G1 Evacuation Pause)
[2023-12-18T21:25:54.708+0100][6877.214s] GC(340) Using 10 workers of 10 for evacuation
[2023-12-18T21:25:54.710+0100][6877.216s] GC(340)   Pre Evacuate Collection Set: 0.1ms
[2023-12-18T21:25:54.710+0100][6877.216s] GC(340)   Merge Heap Roots: 0.1ms
[2023-12-18T21:25:54.710+0100][6877.216s] GC(340)   Evacuate Collection Set: 1.2ms
[2023-12-18T21:25:54.710+0100][6877.216s] GC(340)   Post Evacuate Collection Set: 0.5ms
[2023-12-18T21:25:54.710+0100][6877.216s] GC(340)   Other: 0.1ms
[2023-12-18T21:25:54.710+0100][6877.216s] GC(340) Eden regions: 299->0(298)
[2023-12-18T21:25:54.710+0100][6877.216s] GC(340) Survivor regions: 8->9(39)
[2023-12-18T21:25:54.710+0100][6877.216s] GC(340) Old regions: 73->73
[2023-12-18T21:25:54.710+0100][6877.216s] GC(340) Archive regions: 0->0
[2023-12-18T21:25:54.710+0100][6877.216s] GC(340) Humongous regions: 4->4
[2023-12-18T21:25:54.710+0100][6877.216s] GC(340) Metaspace: 62860K(63616K)->62860K(63616K) NonClass: 55863K(56256K)->55863K(56256K) Class: 6996K(7360K)->6996K(7360K)
[2023-12-18T21:25:54.710+0100][6877.216s] GC(340) Pause Young (Normal) (G1 Evacuation Pause) 383M->84M(512M) 2.155ms
[2023-12-18T21:25:54.710+0100][6877.216s] GC(340) User=0.00s Sys=0.00s Real=0.00s
[2023-12-18T21:25:55.473+0100][6877.979s] GC(341) Pause Young (Normal) (G1 Evacuation Pause)
[2023-12-18T21:25:55.473+0100][6877.979s] GC(341) Using 10 workers of 10 for evacuation
[2023-12-18T21:25:55.475+0100][6877.981s] GC(341)   Pre Evacuate Collection Set: 0.1ms
[2023-12-18T21:25:55.475+0100][6877.981s] GC(341)   Merge Heap Roots: 0.0ms
[2023-12-18T21:25:55.475+0100][6877.981s] GC(341)   Evacuate Collection Set: 1.3ms
[2023-12-18T21:25:55.475+0100][6877.981s] GC(341)   Post Evacuate Collection Set: 0.3ms
[2023-12-18T21:25:55.475+0100][6877.981s] GC(341)   Other: 0.1ms
[2023-12-18T21:25:55.475+0100][6877.981s] GC(341) Eden regions: 298->0(297)
[2023-12-18T21:25:55.475+0100][6877.981s] GC(341) Survivor regions: 9->10(39)
[2023-12-18T21:25:55.475+0100][6877.981s] GC(341) Old regions: 73->73
[2023-12-18T21:25:55.475+0100][6877.981s] GC(341) Archive regions: 0->0
[2023-12-18T21:25:55.475+0100][6877.981s] GC(341) Humongous regions: 4->4
[2023-12-18T21:25:55.475+0100][6877.981s] GC(341) Metaspace: 62860K(63616K)->62860K(63616K) NonClass: 55863K(56256K)->55863K(56256K) Class: 6996K(7360K)->6996K(7360K)
[2023-12-18T21:25:55.475+0100][6877.981s] GC(341) Pause Young (Normal) (G1 Evacuation Pause) 382M->85M(512M) 2.014ms
[2023-12-18T21:25:55.475+0100][6877.981s] GC(341) User=0.00s Sys=0.00s Real=0.00s
[2023-12-18T21:25:56.243+0100][6878.749s] GC(342) Pause Young (Normal) (G1 Evacuation Pause)
[2023-12-18T21:25:56.243+0100][6878.749s] GC(342) Using 10 workers of 10 for evacuation
[2023-12-18T21:25:56.245+0100][6878.751s] GC(342)   Pre Evacuate Collection Set: 0.1ms
[2023-12-18T21:25:56.245+0100][6878.751s] GC(342)   Merge Heap Roots: 0.0ms
[2023-12-18T21:25:56.245+0100][6878.751s] GC(342)   Evacuate Collection Set: 1.4ms
[2023-12-18T21:25:56.245+0100][6878.751s] GC(342)   Post Evacuate Collection Set: 0.5ms
[2023-12-18T21:25:56.245+0100][6878.751s] GC(342)   Other: 0.1ms
[2023-12-18T21:25:56.245+0100][6878.751s] GC(342) Eden regions: 297->0(296)
[2023-12-18T21:25:56.245+0100][6878.751s] GC(342) Survivor regions: 10->11(39)
[2023-12-18T21:25:56.245+0100][6878.751s] GC(342) Old regions: 73->73
[2023-12-18T21:25:56.245+0100][6878.751s] GC(342) Archive regions: 0->0
[2023-12-18T21:25:56.245+0100][6878.751s] GC(342) Humongous regions: 4->4
[2023-12-18T21:25:56.245+0100][6878.751s] GC(342) Metaspace: 62860K(63616K)->62860K(63616K) NonClass: 55863K(56256K)->55863K(56256K) Class: 6996K(7360K)->6996K(7360K)
[2023-12-18T21:25:56.245+0100][6878.751s] GC(342) Pause Young (Normal) (G1 Evacuation Pause) 382M->86M(512M) 2.313ms
[2023-12-18T21:25:56.245+0100][6878.751s] GC(342) User=0.00s Sys=0.00s Real=0.00s
[2023-12-18T21:25:57.004+0100][6879.510s] GC(343) Pause Young (Normal) (G1 Evacuation Pause)
[2023-12-18T21:25:57.004+0100][6879.510s] GC(343) Using 10 workers of 10 for evacuation
[2023-12-18T21:25:57.006+0100][6879.512s] GC(343)   Pre Evacuate Collection Set: 0.1ms
[2023-12-18T21:25:57.006+0100][6879.512s] GC(343)   Merge Heap Roots: 0.0ms
[2023-12-18T21:25:57.006+0100][6879.512s] GC(343)   Evacuate Collection Set: 1.5ms
[2023-12-18T21:25:57.006+0100][6879.512s] GC(343)   Post Evacuate Collection Set: 0.3ms
[2023-12-18T21:25:57.006+0100][6879.512s] GC(343)   Other: 0.1ms
[2023-12-18T21:25:57.006+0100][6879.512s] GC(343) Eden regions: 296->0(295)
[2023-12-18T21:25:57.006+0100][6879.512s] GC(343) Survivor regions: 11->12(39)
[2023-12-18T21:25:57.006+0100][6879.512s] GC(343) Old regions: 73->73
[2023-12-18T21:25:57.006+0100][6879.512s] GC(343) Archive regions: 0->0
[2023-12-18T21:25:57.006+0100][6879.512s] GC(343) Humongous regions: 4->4
[2023-12-18T21:25:57.006+0100][6879.512s] GC(343) Metaspace: 62860K(63616K)->62860K(63616K) NonClass: 55863K(56256K)->55863K(56256K) Class: 6996K(7360K)->6996K(7360K)
[2023-12-18T21:25:57.006+0100][6879.512s] GC(343) Pause Young (Normal) (G1 Evacuation Pause) 382M->87M(512M) 2.115ms
[2023-12-18T21:25:57.006+0100][6879.512s] GC(343) User=0.00s Sys=0.00s Real=0.00s
[2023-12-18T21:25:57.747+0100][6880.252s] GC(344) Pause Young (Normal) (G1 Evacuation Pause)
[2023-12-18T21:25:57.747+0100][6880.252s] GC(344) Using 10 workers of 10 for evacuation
[2023-12-18T21:25:57.749+0100][6880.255s] GC(344)   Pre Evacuate Collection Set: 0.1ms
[2023-12-18T21:25:57.749+0100][6880.255s] GC(344)   Merge Heap Roots: 0.1ms
[2023-12-18T21:25:57.749+0100][6880.255s] GC(344)   Evacuate Collection Set: 2.0ms
[2023-12-18T21:25:57.749+0100][6880.255s] GC(344)   Post Evacuate Collection Set: 0.5ms
[2023-12-18T21:25:57.749+0100][6880.255s] GC(344)   Other: 0.1ms
[2023-12-18T21:25:57.749+0100][6880.255s] GC(344) Eden regions: 295->0(294)
[2023-12-18T21:25:57.749+0100][6880.255s] GC(344) Survivor regions: 12->13(39)
[2023-12-18T21:25:57.749+0100][6880.255s] GC(344) Old regions: 73->73
[2023-12-18T21:25:57.749+0100][6880.255s] GC(344) Archive regions: 0->0
[2023-12-18T21:25:57.749+0100][6880.255s] GC(344) Humongous regions: 4->4
[2023-12-18T21:25:57.750+0100][6880.255s] GC(344) Metaspace: 62860K(63616K)->62860K(63616K) NonClass: 55863K(56256K)->55863K(56256K) Class: 6996K(7360K)->6996K(7360K)
[2023-12-18T21:25:57.750+0100][6880.255s] GC(344) Pause Young (Normal) (G1 Evacuation Pause) 382M->89M(512M) 2.935ms
[2023-12-18T21:25:57.750+0100][6880.255s] GC(344) User=0.00s Sys=0.00s Real=0.00s
[2023-12-18T21:25:58.504+0100][6881.009s] GC(345) Pause Young (Normal) (G1 Evacuation Pause)
[2023-12-18T21:25:58.504+0100][6881.009s] GC(345) Using 10 workers of 10 for evacuation
[2023-12-18T21:25:58.506+0100][6881.012s] GC(345)   Pre Evacuate Collection Set: 0.1ms
[2023-12-18T21:25:58.506+0100][6881.012s] GC(345)   Merge Heap Roots: 0.1ms
[2023-12-18T21:25:58.506+0100][6881.012s] GC(345)   Evacuate Collection Set: 1.7ms
[2023-12-18T21:25:58.506+0100][6881.012s] GC(345)   Post Evacuate Collection Set: 0.5ms
[2023-12-18T21:25:58.506+0100][6881.012s] GC(345)   Other: 0.1ms
[2023-12-18T21:25:58.506+0100][6881.012s] GC(345) Eden regions: 294->0(294)
[2023-12-18T21:25:58.506+0100][6881.012s] GC(345) Survivor regions: 13->13(39)
[2023-12-18T21:25:58.506+0100][6881.012s] GC(345) Old regions: 73->73
[2023-12-18T21:25:58.506+0100][6881.012s] GC(345) Archive regions: 0->0
[2023-12-18T21:25:58.506+0100][6881.012s] GC(345) Humongous regions: 4->4
[2023-12-18T21:25:58.506+0100][6881.012s] GC(345) Metaspace: 62860K(63616K)->62860K(63616K) NonClass: 55863K(56256K)->55863K(56256K) Class: 6996K(7360K)->6996K(7360K)
[2023-12-18T21:25:58.506+0100][6881.012s] GC(345) Pause Young (Normal) (G1 Evacuation Pause) 383M->89M(512M) 2.672ms
[2023-12-18T21:25:58.506+0100][6881.012s] GC(345) User=0.00s Sys=0.00s Real=0.00s
[2023-12-18T21:25:59.260+0100][6881.765s] GC(346) Pause Young (Normal) (G1 Evacuation Pause)
[2023-12-18T21:25:59.260+0100][6881.765s] GC(346) Using 10 workers of 10 for evacuation
[2023-12-18T21:25:59.262+0100][6881.768s] GC(346)   Pre Evacuate Collection Set: 0.1ms
[2023-12-18T21:25:59.262+0100][6881.768s] GC(346)   Merge Heap Roots: 0.2ms
[2023-12-18T21:25:59.262+0100][6881.768s] GC(346)   Evacuate Collection Set: 1.8ms
[2023-12-18T21:25:59.262+0100][6881.768s] GC(346)   Post Evacuate Collection Set: 0.5ms
[2023-12-18T21:25:59.262+0100][6881.768s] GC(346)   Other: 0.1ms
[2023-12-18T21:25:59.262+0100][6881.768s] GC(346) Eden regions: 294->0(293)
[2023-12-18T21:25:59.262+0100][6881.768s] GC(346) Survivor regions: 13->14(39)
[2023-12-18T21:25:59.262+0100][6881.768s] GC(346) Old regions: 73->73
[2023-12-18T21:25:59.262+0100][6881.768s] GC(346) Archive regions: 0->0
[2023-12-18T21:25:59.262+0100][6881.768s] GC(346) Humongous regions: 4->4
[2023-12-18T21:25:59.262+0100][6881.768s] GC(346) Metaspace: 62860K(63616K)->62860K(63616K) NonClass: 55863K(56256K)->55863K(56256K) Class: 6996K(7360K)->6996K(7360K)
[2023-12-18T21:25:59.262+0100][6881.768s] GC(346) Pause Young (Normal) (G1 Evacuation Pause) 383M->90M(512M) 2.852ms
[2023-12-18T21:25:59.262+0100][6881.768s] GC(346) User=0.00s Sys=0.00s Real=0.00s
[2023-12-18T21:26:00.036+0100][6882.541s] GC(347) Pause Young (Normal) (G1 Evacuation Pause)
[2023-12-18T21:26:00.036+0100][6882.541s] GC(347) Using 10 workers of 10 for evacuation
[2023-12-18T21:26:00.039+0100][6882.544s] GC(347)   Pre Evacuate Collection Set: 0.1ms
[2023-12-18T21:26:00.039+0100][6882.544s] GC(347)   Merge Heap Roots: 0.1ms
[2023-12-18T21:26:00.039+0100][6882.544s] GC(347)   Evacuate Collection Set: 2.1ms
[2023-12-18T21:26:00.039+0100][6882.544s] GC(347)   Post Evacuate Collection Set: 0.5ms
[2023-12-18T21:26:00.039+0100][6882.544s] GC(347)   Other: 0.1ms
[2023-12-18T21:26:00.039+0100][6882.544s] GC(347) Eden regions: 293->0(291)
[2023-12-18T21:26:00.039+0100][6882.544s] GC(347) Survivor regions: 14->16(39)
[2023-12-18T21:26:00.039+0100][6882.544s] GC(347) Old regions: 73->73
[2023-12-18T21:26:00.039+0100][6882.544s] GC(347) Archive regions: 0->0
[2023-12-18T21:26:00.039+0100][6882.544s] GC(347) Humongous regions: 4->4
[2023-12-18T21:26:00.039+0100][6882.544s] GC(347) Metaspace: 62860K(63616K)->62860K(63616K) NonClass: 55863K(56256K)->55863K(56256K) Class: 6996K(7360K)->6996K(7360K)
[2023-12-18T21:26:00.039+0100][6882.544s] GC(347) Pause Young (Normal) (G1 Evacuation Pause) 383M->91M(512M) 3.075ms
[2023-12-18T21:26:00.039+0100][6882.544s] GC(347) User=0.00s Sys=0.00s Real=0.00s
[2023-12-18T21:26:00.799+0100][6883.304s] GC(348) Pause Young (Normal) (G1 Evacuation Pause)
[2023-12-18T21:26:00.799+0100][6883.304s] GC(348) Using 10 workers of 10 for evacuation
[2023-12-18T21:26:00.802+0100][6883.307s] GC(348)   Pre Evacuate Collection Set: 0.1ms
[2023-12-18T21:26:00.802+0100][6883.307s] GC(348)   Merge Heap Roots: 0.1ms
[2023-12-18T21:26:00.802+0100][6883.307s] GC(348)   Evacuate Collection Set: 2.3ms
[2023-12-18T21:26:00.802+0100][6883.307s] GC(348)   Post Evacuate Collection Set: 0.3ms
[2023-12-18T21:26:00.802+0100][6883.307s] GC(348)   Other: 0.1ms
[2023-12-18T21:26:00.802+0100][6883.307s] GC(348) Eden regions: 291->0(291)
[2023-12-18T21:26:00.802+0100][6883.307s] GC(348) Survivor regions: 16->16(39)
[2023-12-18T21:26:00.802+0100][6883.307s] GC(348) Old regions: 73->73
[2023-12-18T21:26:00.802+0100][6883.307s] GC(348) Archive regions: 0->0
[2023-12-18T21:26:00.802+0100][6883.307s] GC(348) Humongous regions: 4->4
[2023-12-18T21:26:00.802+0100][6883.307s] GC(348) Metaspace: 62860K(63616K)->62860K(63616K) NonClass: 55863K(56256K)->55863K(56256K) Class: 6996K(7360K)->6996K(7360K)
[2023-12-18T21:26:00.802+0100][6883.307s] GC(348) Pause Young (Normal) (G1 Evacuation Pause) 382M->91M(512M) 3.133ms
[2023-12-18T21:26:00.802+0100][6883.307s] GC(348) User=0.00s Sys=0.00s Real=0.00s
[2023-12-18T21:26:01.547+0100][6884.053s] GC(349) Pause Young (Normal) (G1 Evacuation Pause)
[2023-12-18T21:26:01.547+0100][6884.053s] GC(349) Using 10 workers of 10 for evacuation
[2023-12-18T21:26:01.550+0100][6884.056s] GC(349)   Pre Evacuate Collection Set: 0.1ms
[2023-12-18T21:26:01.550+0100][6884.056s] GC(349)   Merge Heap Roots: 0.1ms
[2023-12-18T21:26:01.550+0100][6884.056s] GC(349)   Evacuate Collection Set: 2.4ms
[2023-12-18T21:26:01.550+0100][6884.056s] GC(349)   Post Evacuate Collection Set: 0.5ms
[2023-12-18T21:26:01.550+0100][6884.056s] GC(349)   Other: 0.1ms
[2023-12-18T21:26:01.550+0100][6884.056s] GC(349) Eden regions: 291->0(291)
[2023-12-18T21:26:01.550+0100][6884.056s] GC(349) Survivor regions: 16->16(39)
[2023-12-18T21:26:01.550+0100][6884.056s] GC(349) Old regions: 73->74
[2023-12-18T21:26:01.550+0100][6884.056s] GC(349) Archive regions: 0->0
[2023-12-18T21:26:01.550+0100][6884.056s] GC(349) Humongous regions: 4->4
[2023-12-18T21:26:01.550+0100][6884.056s] GC(349) Metaspace: 62860K(63616K)->62860K(63616K) NonClass: 55863K(56256K)->55863K(56256K) Class: 6996K(7360K)->6996K(7360K)
[2023-12-18T21:26:01.550+0100][6884.056s] GC(349) Pause Young (Normal) (G1 Evacuation Pause) 382M->93M(512M) 3.338ms
[2023-12-18T21:26:01.550+0100][6884.056s] GC(349) User=0.00s Sys=0.00s Real=0.00s
[2023-12-18T21:26:02.266+0100][6884.771s] GC(350) Pause Young (Normal) (G1 Evacuation Pause)
[2023-12-18T21:26:02.266+0100][6884.771s] GC(350) Using 10 workers of 10 for evacuation
[2023-12-18T21:26:02.269+0100][6884.774s] GC(350)   Pre Evacuate Collection Set: 0.1ms
[2023-12-18T21:26:02.269+0100][6884.774s] GC(350)   Merge Heap Roots: 0.0ms
[2023-12-18T21:26:02.269+0100][6884.774s] GC(350)   Evacuate Collection Set: 2.2ms
[2023-12-18T21:26:02.269+0100][6884.774s] GC(350)   Post Evacuate Collection Set: 0.4ms
[2023-12-18T21:26:02.269+0100][6884.774s] GC(350)   Other: 0.1ms
[2023-12-18T21:26:02.269+0100][6884.774s] GC(350) Eden regions: 291->0(291)
[2023-12-18T21:26:02.269+0100][6884.774s] GC(350) Survivor regions: 16->16(39)
[2023-12-18T21:26:02.269+0100][6884.774s] GC(350) Old regions: 74->75
[2023-12-18T21:26:02.269+0100][6884.774s] GC(350) Archive regions: 0->0
[2023-12-18T21:26:02.269+0100][6884.774s] GC(350) Humongous regions: 4->4
[2023-12-18T21:26:02.269+0100][6884.774s] GC(350) Metaspace: 62860K(63616K)->62860K(63616K) NonClass: 55863K(56256K)->55863K(56256K) Class: 6996K(7360K)->6996K(7360K)
[2023-12-18T21:26:02.269+0100][6884.774s] GC(350) Pause Young (Normal) (G1 Evacuation Pause) 384M->93M(512M) 3.000ms
[2023-12-18T21:26:02.269+0100][6884.774s] GC(350) User=0.00s Sys=0.00s Real=0.00s
[2023-12-18T21:26:03.015+0100][6885.521s] GC(351) Pause Young (Normal) (G1 Evacuation Pause)
[2023-12-18T21:26:03.015+0100][6885.521s] GC(351) Using 10 workers of 10 for evacuation
[2023-12-18T21:26:03.018+0100][6885.524s] GC(351)   Pre Evacuate Collection Set: 0.1ms
[2023-12-18T21:26:03.018+0100][6885.524s] GC(351)   Merge Heap Roots: 0.0ms
[2023-12-18T21:26:03.018+0100][6885.524s] GC(351)   Evacuate Collection Set: 2.2ms
[2023-12-18T21:26:03.018+0100][6885.524s] GC(351)   Post Evacuate Collection Set: 0.3ms
[2023-12-18T21:26:03.018+0100][6885.524s] GC(351)   Other: 0.1ms
[2023-12-18T21:26:03.018+0100][6885.524s] GC(351) Eden regions: 291->0(291)
[2023-12-18T21:26:03.018+0100][6885.524s] GC(351) Survivor regions: 16->16(39)
[2023-12-18T21:26:03.018+0100][6885.524s] GC(351) Old regions: 75->76
[2023-12-18T21:26:03.018+0100][6885.524s] GC(351) Archive regions: 0->0
[2023-12-18T21:26:03.018+0100][6885.524s] GC(351) Humongous regions: 4->4
[2023-12-18T21:26:03.018+0100][6885.524s] GC(351) Metaspace: 62860K(63616K)->62860K(63616K) NonClass: 55863K(56256K)->55863K(56256K) Class: 6996K(7360K)->6996K(7360K)
[2023-12-18T21:26:03.018+0100][6885.524s] GC(351) Pause Young (Normal) (G1 Evacuation Pause) 384M->94M(512M) 2.823ms
[2023-12-18T21:26:03.018+0100][6885.524s] GC(351) User=0.16s Sys=0.00s Real=0.00s
[2023-12-18T21:26:03.787+0100][6886.293s] GC(352) Pause Young (Normal) (G1 Evacuation Pause)
[2023-12-18T21:26:03.787+0100][6886.293s] GC(352) Using 10 workers of 10 for evacuation
[2023-12-18T21:26:03.790+0100][6886.296s] GC(352)   Pre Evacuate Collection Set: 0.1ms
[2023-12-18T21:26:03.790+0100][6886.296s] GC(352)   Merge Heap Roots: 0.1ms
[2023-12-18T21:26:03.790+0100][6886.296s] GC(352)   Evacuate Collection Set: 2.2ms
[2023-12-18T21:26:03.790+0100][6886.296s] GC(352)   Post Evacuate Collection Set: 0.5ms
[2023-12-18T21:26:03.790+0100][6886.296s] GC(352)   Other: 0.1ms
[2023-12-18T21:26:03.790+0100][6886.296s] GC(352) Eden regions: 291->0(291)
[2023-12-18T21:26:03.790+0100][6886.296s] GC(352) Survivor regions: 16->16(39)
[2023-12-18T21:26:03.790+0100][6886.296s] GC(352) Old regions: 76->77
[2023-12-18T21:26:03.790+0100][6886.296s] GC(352) Archive regions: 0->0
[2023-12-18T21:26:03.790+0100][6886.296s] GC(352) Humongous regions: 4->4
[2023-12-18T21:26:03.790+0100][6886.296s] GC(352) Metaspace: 62860K(63616K)->62860K(63616K) NonClass: 55863K(56256K)->55863K(56256K) Class: 6996K(7360K)->6996K(7360K)
[2023-12-18T21:26:03.790+0100][6886.296s] GC(352) Pause Young (Normal) (G1 Evacuation Pause) 385M->95M(512M) 3.084ms
[2023-12-18T21:26:03.790+0100][6886.296s] GC(352) User=0.00s Sys=0.00s Real=0.00s
[2023-12-18T21:26:04.542+0100][6887.047s] GC(353) Pause Young (Normal) (G1 Evacuation Pause)
[2023-12-18T21:26:04.542+0100][6887.047s] GC(353) Using 10 workers of 10 for evacuation
[2023-12-18T21:26:04.545+0100][6887.050s] GC(353)   Pre Evacuate Collection Set: 0.0ms
[2023-12-18T21:26:04.545+0100][6887.050s] GC(353)   Merge Heap Roots: 0.0ms
[2023-12-18T21:26:04.545+0100][6887.050s] GC(353)   Evacuate Collection Set: 2.3ms
[2023-12-18T21:26:04.545+0100][6887.050s] GC(353)   Post Evacuate Collection Set: 0.4ms
[2023-12-18T21:26:04.545+0100][6887.050s] GC(353)   Other: 0.1ms
[2023-12-18T21:26:04.545+0100][6887.050s] GC(353) Eden regions: 291->0(291)
[2023-12-18T21:26:04.545+0100][6887.050s] GC(353) Survivor regions: 16->16(39)
[2023-12-18T21:26:04.545+0100][6887.050s] GC(353) Old regions: 77->78
[2023-12-18T21:26:04.545+0100][6887.050s] GC(353) Archive regions: 0->0
[2023-12-18T21:26:04.545+0100][6887.050s] GC(353) Humongous regions: 4->4
[2023-12-18T21:26:04.545+0100][6887.050s] GC(353) Metaspace: 62860K(63616K)->62860K(63616K) NonClass: 55863K(56256K)->55863K(56256K) Class: 6996K(7360K)->6996K(7360K)
[2023-12-18T21:26:04.545+0100][6887.050s] GC(353) Pause Young (Normal) (G1 Evacuation Pause) 386M->96M(512M) 3.051ms
[2023-12-18T21:26:04.545+0100][6887.050s] GC(353) User=0.00s Sys=0.00s Real=0.00s
[2023-12-18T21:26:05.273+0100][6887.779s] GC(354) Pause Young (Normal) (G1 Evacuation Pause)
[2023-12-18T21:26:05.273+0100][6887.779s] GC(354) Using 10 workers of 10 for evacuation
[2023-12-18T21:26:05.276+0100][6887.782s] GC(354)   Pre Evacuate Collection Set: 0.1ms
[2023-12-18T21:26:05.276+0100][6887.782s] GC(354)   Merge Heap Roots: 0.2ms
[2023-12-18T21:26:05.276+0100][6887.782s] GC(354)   Evacuate Collection Set: 2.3ms
[2023-12-18T21:26:05.276+0100][6887.782s] GC(354)   Post Evacuate Collection Set: 0.5ms
[2023-12-18T21:26:05.276+0100][6887.782s] GC(354)   Other: 0.1ms
[2023-12-18T21:26:05.276+0100][6887.782s] GC(354) Eden regions: 291->0(291)
[2023-12-18T21:26:05.276+0100][6887.782s] GC(354) Survivor regions: 16->16(39)
[2023-12-18T21:26:05.276+0100][6887.782s] GC(354) Old regions: 78->79
[2023-12-18T21:26:05.276+0100][6887.782s] GC(354) Archive regions: 0->0
[2023-12-18T21:26:05.276+0100][6887.782s] GC(354) Humongous regions: 4->4
[2023-12-18T21:26:05.276+0100][6887.782s] GC(354) Metaspace: 62860K(63616K)->62860K(63616K) NonClass: 55863K(56256K)->55863K(56256K) Class: 6996K(7360K)->6996K(7360K)
[2023-12-18T21:26:05.276+0100][6887.782s] GC(354) Pause Young (Normal) (G1 Evacuation Pause) 387M->98M(512M) 3.214ms
[2023-12-18T21:26:05.276+0100][6887.782s] GC(354) User=0.00s Sys=0.00s Real=0.00s
[2023-12-18T21:26:06.008+0100][6888.513s] GC(355) Pause Young (Normal) (G1 Evacuation Pause)
[2023-12-18T21:26:06.008+0100][6888.513s] GC(355) Using 10 workers of 10 for evacuation
[2023-12-18T21:26:06.011+0100][6888.517s] GC(355)   Pre Evacuate Collection Set: 0.1ms
[2023-12-18T21:26:06.011+0100][6888.517s] GC(355)   Merge Heap Roots: 0.1ms
[2023-12-18T21:26:06.011+0100][6888.517s] GC(355)   Evacuate Collection Set: 2.3ms
[2023-12-18T21:26:06.011+0100][6888.517s] GC(355)   Post Evacuate Collection Set: 0.6ms
[2023-12-18T21:26:06.011+0100][6888.517s] GC(355)   Other: 0.1ms
[2023-12-18T21:26:06.011+0100][6888.517s] GC(355) Eden regions: 291->0(291)
[2023-12-18T21:26:06.011+0100][6888.517s] GC(355) Survivor regions: 16->16(39)
[2023-12-18T21:26:06.011+0100][6888.517s] GC(355) Old regions: 79->80
[2023-12-18T21:26:06.012+0100][6888.517s] GC(355) Archive regions: 0->0
[2023-12-18T21:26:06.012+0100][6888.517s] GC(355) Humongous regions: 4->4
[2023-12-18T21:26:06.012+0100][6888.517s] GC(355) Metaspace: 62860K(63616K)->62860K(63616K) NonClass: 55863K(56256K)->55863K(56256K) Class: 6996K(7360K)->6996K(7360K)
[2023-12-18T21:26:06.012+0100][6888.517s] GC(355) Pause Young (Normal) (G1 Evacuation Pause) 389M->99M(512M) 3.377ms
[2023-12-18T21:26:06.012+0100][6888.517s] GC(355) User=0.00s Sys=0.00s Real=0.00s
[2023-12-18T21:26:06.751+0100][6889.256s] GC(356) Pause Young (Normal) (G1 Evacuation Pause)
[2023-12-18T21:26:06.751+0100][6889.256s] GC(356) Using 10 workers of 10 for evacuation
[2023-12-18T21:26:06.753+0100][6889.259s] GC(356)   Pre Evacuate Collection Set: 0.1ms
[2023-12-18T21:26:06.753+0100][6889.259s] GC(356)   Merge Heap Roots: 0.1ms
[2023-12-18T21:26:06.753+0100][6889.259s] GC(356)   Evacuate Collection Set: 2.0ms
[2023-12-18T21:26:06.753+0100][6889.259s] GC(356)   Post Evacuate Collection Set: 0.4ms
[2023-12-18T21:26:06.753+0100][6889.259s] GC(356)   Other: 0.1ms
[2023-12-18T21:26:06.753+0100][6889.259s] GC(356) Eden regions: 291->0(292)
[2023-12-18T21:26:06.753+0100][6889.259s] GC(356) Survivor regions: 16->15(39)
[2023-12-18T21:26:06.753+0100][6889.259s] GC(356) Old regions: 80->81
[2023-12-18T21:26:06.753+0100][6889.259s] GC(356) Archive regions: 0->0
[2023-12-18T21:26:06.753+0100][6889.259s] GC(356) Humongous regions: 4->4
[2023-12-18T21:26:06.753+0100][6889.259s] GC(356) Metaspace: 62860K(63616K)->62860K(63616K) NonClass: 55863K(56256K)->55863K(56256K) Class: 6996K(7360K)->6996K(7360K)
[2023-12-18T21:26:06.753+0100][6889.259s] GC(356) Pause Young (Normal) (G1 Evacuation Pause) 390M->99M(512M) 2.900ms
[2023-12-18T21:26:06.753+0100][6889.259s] GC(356) User=0.00s Sys=0.00s Real=0.00s
[2023-12-18T21:26:07.497+0100][6890.003s] GC(357) Pause Young (Normal) (G1 Evacuation Pause)
[2023-12-18T21:26:07.497+0100][6890.003s] GC(357) Using 10 workers of 10 for evacuation
[2023-12-18T21:26:07.500+0100][6890.006s] GC(357)   Pre Evacuate Collection Set: 0.1ms
[2023-12-18T21:26:07.500+0100][6890.006s] GC(357)   Merge Heap Roots: 0.0ms
[2023-12-18T21:26:07.500+0100][6890.006s] GC(357)   Evacuate Collection Set: 2.3ms
[2023-12-18T21:26:07.500+0100][6890.006s] GC(357)   Post Evacuate Collection Set: 0.5ms
[2023-12-18T21:26:07.500+0100][6890.006s] GC(357)   Other: 0.1ms
[2023-12-18T21:26:07.500+0100][6890.006s] GC(357) Eden regions: 292->0(291)
[2023-12-18T21:26:07.500+0100][6890.006s] GC(357) Survivor regions: 15->16(39)
[2023-12-18T21:26:07.500+0100][6890.006s] GC(357) Old regions: 81->82
[2023-12-18T21:26:07.500+0100][6890.006s] GC(357) Archive regions: 0->0
[2023-12-18T21:26:07.500+0100][6890.006s] GC(357) Humongous regions: 4->4
[2023-12-18T21:26:07.500+0100][6890.006s] GC(357) Metaspace: 62860K(63616K)->62860K(63616K) NonClass: 55863K(56256K)->55863K(56256K) Class: 6996K(7360K)->6996K(7360K)
[2023-12-18T21:26:07.500+0100][6890.006s] GC(357) Pause Young (Normal) (G1 Evacuation Pause) 391M->100M(512M) 3.267ms
[2023-12-18T21:26:07.500+0100][6890.006s] GC(357) User=0.02s Sys=0.00s Real=0.00s
[2023-12-18T21:26:08.257+0100][6890.763s] GC(358) Pause Young (Normal) (G1 Evacuation Pause)
[2023-12-18T21:26:08.257+0100][6890.763s] GC(358) Using 10 workers of 10 for evacuation
[2023-12-18T21:26:08.261+0100][6890.766s] GC(358)   Pre Evacuate Collection Set: 0.1ms
[2023-12-18T21:26:08.261+0100][6890.767s] GC(358)   Merge Heap Roots: 0.1ms
[2023-12-18T21:26:08.261+0100][6890.767s] GC(358)   Evacuate Collection Set: 2.1ms
[2023-12-18T21:26:08.261+0100][6890.767s] GC(358)   Post Evacuate Collection Set: 0.6ms
[2023-12-18T21:26:08.261+0100][6890.767s] GC(358)   Other: 0.1ms
[2023-12-18T21:26:08.261+0100][6890.767s] GC(358) Eden regions: 291->0(291)
[2023-12-18T21:26:08.261+0100][6890.767s] GC(358) Survivor regions: 16->16(39)
[2023-12-18T21:26:08.261+0100][6890.767s] GC(358) Old regions: 82->83
[2023-12-18T21:26:08.261+0100][6890.767s] GC(358) Archive regions: 0->0
[2023-12-18T21:26:08.261+0100][6890.767s] GC(358) Humongous regions: 4->4
[2023-12-18T21:26:08.261+0100][6890.767s] GC(358) Metaspace: 62860K(63616K)->62860K(63616K) NonClass: 55863K(56256K)->55863K(56256K) Class: 6996K(7360K)->6996K(7360K)
[2023-12-18T21:26:08.261+0100][6890.767s] GC(358) Pause Young (Normal) (G1 Evacuation Pause) 391M->101M(512M) 3.199ms
[2023-12-18T21:26:08.261+0100][6890.767s] GC(358) User=0.00s Sys=0.00s Real=0.00s
[2023-12-18T21:26:08.977+0100][6891.483s] GC(359) Pause Young (Normal) (G1 Evacuation Pause)
[2023-12-18T21:26:08.977+0100][6891.483s] GC(359) Using 10 workers of 10 for evacuation
[2023-12-18T21:26:08.980+0100][6891.486s] GC(359)   Pre Evacuate Collection Set: 0.1ms
[2023-12-18T21:26:08.980+0100][6891.486s] GC(359)   Merge Heap Roots: 0.1ms
[2023-12-18T21:26:08.980+0100][6891.486s] GC(359)   Evacuate Collection Set: 2.2ms
[2023-12-18T21:26:08.980+0100][6891.486s] GC(359)   Post Evacuate Collection Set: 0.5ms
[2023-12-18T21:26:08.980+0100][6891.486s] GC(359)   Other: 0.1ms
[2023-12-18T21:26:08.980+0100][6891.486s] GC(359) Eden regions: 291->0(291)
[2023-12-18T21:26:08.980+0100][6891.486s] GC(359) Survivor regions: 16->16(39)
[2023-12-18T21:26:08.980+0100][6891.486s] GC(359) Old regions: 83->84
[2023-12-18T21:26:08.980+0100][6891.486s] GC(359) Archive regions: 0->0
[2023-12-18T21:26:08.980+0100][6891.486s] GC(359) Humongous regions: 4->4
[2023-12-18T21:26:08.980+0100][6891.486s] GC(359) Metaspace: 62860K(63616K)->62860K(63616K) NonClass: 55863K(56256K)->55863K(56256K) Class: 6996K(7360K)->6996K(7360K)
[2023-12-18T21:26:08.981+0100][6891.486s] GC(359) Pause Young (Normal) (G1 Evacuation Pause) 392M->102M(512M) 3.182ms
[2023-12-18T21:26:08.981+0100][6891.486s] GC(359) User=0.00s Sys=0.00s Real=0.00s
[2023-12-18T21:26:09.675+0100][6892.181s] GC(360) Pause Young (Normal) (G1 Evacuation Pause)
[2023-12-18T21:26:09.675+0100][6892.181s] GC(360) Using 10 workers of 10 for evacuation
[2023-12-18T21:26:09.678+0100][6892.184s] GC(360)   Pre Evacuate Collection Set: 0.1ms
[2023-12-18T21:26:09.678+0100][6892.184s] GC(360)   Merge Heap Roots: 0.1ms
[2023-12-18T21:26:09.678+0100][6892.184s] GC(360)   Evacuate Collection Set: 2.0ms
[2023-12-18T21:26:09.678+0100][6892.184s] GC(360)   Post Evacuate Collection Set: 0.4ms
[2023-12-18T21:26:09.678+0100][6892.184s] GC(360)   Other: 0.1ms
[2023-12-18T21:26:09.678+0100][6892.184s] GC(360) Eden regions: 291->0(291)
[2023-12-18T21:26:09.678+0100][6892.184s] GC(360) Survivor regions: 16->16(39)
[2023-12-18T21:26:09.678+0100][6892.184s] GC(360) Old regions: 84->85
[2023-12-18T21:26:09.678+0100][6892.184s] GC(360) Archive regions: 0->0
[2023-12-18T21:26:09.678+0100][6892.184s] GC(360) Humongous regions: 4->4
[2023-12-18T21:26:09.678+0100][6892.184s] GC(360) Metaspace: 62860K(63616K)->62860K(63616K) NonClass: 55863K(56256K)->55863K(56256K) Class: 6996K(7360K)->6996K(7360K)
[2023-12-18T21:26:09.678+0100][6892.184s] GC(360) Pause Young (Normal) (G1 Evacuation Pause) 393M->103M(512M) 2.877ms
[2023-12-18T21:26:09.678+0100][6892.184s] GC(360) User=0.00s Sys=0.00s Real=0.00s
[2023-12-18T21:26:10.385+0100][6892.891s] GC(361) Pause Young (Normal) (G1 Evacuation Pause)
[2023-12-18T21:26:10.385+0100][6892.891s] GC(361) Using 10 workers of 10 for evacuation
[2023-12-18T21:26:10.388+0100][6892.894s] GC(361)   Pre Evacuate Collection Set: 0.1ms
[2023-12-18T21:26:10.388+0100][6892.894s] GC(361)   Merge Heap Roots: 0.1ms
[2023-12-18T21:26:10.388+0100][6892.894s] GC(361)   Evacuate Collection Set: 2.4ms
[2023-12-18T21:26:10.388+0100][6892.894s] GC(361)   Post Evacuate Collection Set: 0.5ms
[2023-12-18T21:26:10.388+0100][6892.894s] GC(361)   Other: 0.1ms
[2023-12-18T21:26:10.388+0100][6892.894s] GC(361) Eden regions: 291->0(291)
[2023-12-18T21:26:10.388+0100][6892.894s] GC(361) Survivor regions: 16->16(39)
[2023-12-18T21:26:10.388+0100][6892.894s] GC(361) Old regions: 85->85
[2023-12-18T21:26:10.388+0100][6892.894s] GC(361) Archive regions: 0->0
[2023-12-18T21:26:10.388+0100][6892.894s] GC(361) Humongous regions: 4->4
[2023-12-18T21:26:10.388+0100][6892.894s] GC(361) Metaspace: 62860K(63616K)->62860K(63616K) NonClass: 55863K(56256K)->55863K(56256K) Class: 6996K(7360K)->6996K(7360K)
[2023-12-18T21:26:10.388+0100][6892.894s] GC(361) Pause Young (Normal) (G1 Evacuation Pause) 394M->104M(512M) 3.335ms
[2023-12-18T21:26:10.388+0100][6892.894s] GC(361) User=0.00s Sys=0.00s Real=0.00s
[2023-12-18T21:26:11.149+0100][6893.655s] GC(362) Pause Young (Normal) (G1 Evacuation Pause)
[2023-12-18T21:26:11.149+0100][6893.655s] GC(362) Using 10 workers of 10 for evacuation
[2023-12-18T21:26:11.152+0100][6893.657s] GC(362)   Pre Evacuate Collection Set: 0.1ms
[2023-12-18T21:26:11.152+0100][6893.657s] GC(362)   Merge Heap Roots: 0.0ms
[2023-12-18T21:26:11.152+0100][6893.657s] GC(362)   Evacuate Collection Set: 2.1ms
[2023-12-18T21:26:11.152+0100][6893.657s] GC(362)   Post Evacuate Collection Set: 0.4ms
[2023-12-18T21:26:11.152+0100][6893.657s] GC(362)   Other: 0.1ms
[2023-12-18T21:26:11.152+0100][6893.657s] GC(362) Eden regions: 291->0(291)
[2023-12-18T21:26:11.152+0100][6893.657s] GC(362) Survivor regions: 16->16(39)
[2023-12-18T21:26:11.152+0100][6893.657s] GC(362) Old regions: 85->86
[2023-12-18T21:26:11.152+0100][6893.657s] GC(362) Archive regions: 0->0
[2023-12-18T21:26:11.152+0100][6893.657s] GC(362) Humongous regions: 4->4
[2023-12-18T21:26:11.152+0100][6893.657s] GC(362) Metaspace: 62860K(63616K)->62860K(63616K) NonClass: 55863K(56256K)->55863K(56256K) Class: 6996K(7360K)->6996K(7360K)
[2023-12-18T21:26:11.152+0100][6893.658s] GC(362) Pause Young (Normal) (G1 Evacuation Pause) 395M->105M(512M) 2.831ms
[2023-12-18T21:26:11.152+0100][6893.658s] GC(362) User=0.00s Sys=0.00s Real=0.00s
[2023-12-18T21:26:11.857+0100][6894.363s] GC(363) Pause Young (Normal) (G1 Evacuation Pause)
[2023-12-18T21:26:11.857+0100][6894.363s] GC(363) Using 10 workers of 10 for evacuation
[2023-12-18T21:26:11.859+0100][6894.365s] GC(363)   Pre Evacuate Collection Set: 0.1ms
[2023-12-18T21:26:11.859+0100][6894.365s] GC(363)   Merge Heap Roots: 0.0ms
[2023-12-18T21:26:11.859+0100][6894.365s] GC(363)   Evacuate Collection Set: 2.0ms
[2023-12-18T21:26:11.859+0100][6894.365s] GC(363)   Post Evacuate Collection Set: 0.3ms
[2023-12-18T21:26:11.859+0100][6894.365s] GC(363)   Other: 0.1ms
[2023-12-18T21:26:11.859+0100][6894.365s] GC(363) Eden regions: 291->0(292)
[2023-12-18T21:26:11.859+0100][6894.365s] GC(363) Survivor regions: 16->15(39)
[2023-12-18T21:26:11.859+0100][6894.365s] GC(363) Old regions: 86->87
[2023-12-18T21:26:11.859+0100][6894.365s] GC(363) Archive regions: 0->0
[2023-12-18T21:26:11.859+0100][6894.365s] GC(363) Humongous regions: 4->4
[2023-12-18T21:26:11.859+0100][6894.365s] GC(363) Metaspace: 62860K(63616K)->62860K(63616K) NonClass: 55863K(56256K)->55863K(56256K) Class: 6996K(7360K)->6996K(7360K)
[2023-12-18T21:26:11.859+0100][6894.365s] GC(363) Pause Young (Normal) (G1 Evacuation Pause) 396M->105M(512M) 2.612ms
[2023-12-18T21:26:11.859+0100][6894.365s] GC(363) User=0.00s Sys=0.00s Real=0.00s
[2023-12-18T21:26:12.574+0100][6895.079s] GC(364) Pause Young (Normal) (G1 Evacuation Pause)
[2023-12-18T21:26:12.574+0100][6895.079s] GC(364) Using 10 workers of 10 for evacuation
[2023-12-18T21:26:12.576+0100][6895.082s] GC(364)   Pre Evacuate Collection Set: 0.1ms
[2023-12-18T21:26:12.576+0100][6895.082s] GC(364)   Merge Heap Roots: 0.1ms
[2023-12-18T21:26:12.576+0100][6895.082s] GC(364)   Evacuate Collection Set: 2.3ms
[2023-12-18T21:26:12.576+0100][6895.082s] GC(364)   Post Evacuate Collection Set: 0.5ms
[2023-12-18T21:26:12.576+0100][6895.082s] GC(364)   Other: 0.1ms
[2023-12-18T21:26:12.576+0100][6895.082s] GC(364) Eden regions: 292->0(291)
[2023-12-18T21:26:12.576+0100][6895.082s] GC(364) Survivor regions: 15->16(39)
[2023-12-18T21:26:12.576+0100][6895.082s] GC(364) Old regions: 87->88
[2023-12-18T21:26:12.576+0100][6895.082s] GC(364) Archive regions: 0->0
[2023-12-18T21:26:12.576+0100][6895.082s] GC(364) Humongous regions: 4->4
[2023-12-18T21:26:12.576+0100][6895.082s] GC(364) Metaspace: 62860K(63616K)->62860K(63616K) NonClass: 55863K(56256K)->55863K(56256K) Class: 6996K(7360K)->6996K(7360K)
[2023-12-18T21:26:12.576+0100][6895.082s] GC(364) Pause Young (Normal) (G1 Evacuation Pause) 397M->106M(512M) 3.228ms
[2023-12-18T21:26:12.576+0100][6895.082s] GC(364) User=0.00s Sys=0.00s Real=0.00s
[2023-12-18T21:26:13.290+0100][6895.795s] GC(365) Pause Young (Normal) (G1 Evacuation Pause)
[2023-12-18T21:26:13.290+0100][6895.795s] GC(365) Using 10 workers of 10 for evacuation
[2023-12-18T21:26:13.293+0100][6895.798s] GC(365)   Pre Evacuate Collection Set: 0.1ms
[2023-12-18T21:26:13.293+0100][6895.798s] GC(365)   Merge Heap Roots: 0.1ms
[2023-12-18T21:26:13.293+0100][6895.798s] GC(365)   Evacuate Collection Set: 2.2ms
[2023-12-18T21:26:13.293+0100][6895.798s] GC(365)   Post Evacuate Collection Set: 0.5ms
[2023-12-18T21:26:13.293+0100][6895.798s] GC(365)   Other: 0.1ms
[2023-12-18T21:26:13.293+0100][6895.798s] GC(365) Eden regions: 291->0(291)
[2023-12-18T21:26:13.293+0100][6895.798s] GC(365) Survivor regions: 16->16(39)
[2023-12-18T21:26:13.293+0100][6895.798s] GC(365) Old regions: 88->89
[2023-12-18T21:26:13.293+0100][6895.798s] GC(365) Archive regions: 0->0
[2023-12-18T21:26:13.293+0100][6895.798s] GC(365) Humongous regions: 4->4
[2023-12-18T21:26:13.293+0100][6895.798s] GC(365) Metaspace: 62860K(63616K)->62860K(63616K) NonClass: 55863K(56256K)->55863K(56256K) Class: 6996K(7360K)->6996K(7360K)
[2023-12-18T21:26:13.293+0100][6895.798s] GC(365) Pause Young (Normal) (G1 Evacuation Pause) 397M->108M(512M) 3.177ms
[2023-12-18T21:26:13.293+0100][6895.798s] GC(365) User=0.00s Sys=0.00s Real=0.00s
[2023-12-18T21:26:13.985+0100][6896.490s] GC(366) Pause Young (Normal) (G1 Evacuation Pause)
[2023-12-18T21:26:13.985+0100][6896.490s] GC(366) Using 10 workers of 10 for evacuation
[2023-12-18T21:26:13.988+0100][6896.493s] GC(366)   Pre Evacuate Collection Set: 0.1ms
[2023-12-18T21:26:13.988+0100][6896.493s] GC(366)   Merge Heap Roots: 0.1ms
[2023-12-18T21:26:13.988+0100][6896.493s] GC(366)   Evacuate Collection Set: 2.1ms
[2023-12-18T21:26:13.988+0100][6896.493s] GC(366)   Post Evacuate Collection Set: 0.4ms
[2023-12-18T21:26:13.988+0100][6896.493s] GC(366)   Other: 0.1ms
[2023-12-18T21:26:13.988+0100][6896.493s] GC(366) Eden regions: 291->0(292)
[2023-12-18T21:26:13.988+0100][6896.493s] GC(366) Survivor regions: 16->15(39)
[2023-12-18T21:26:13.988+0100][6896.493s] GC(366) Old regions: 89->90
[2023-12-18T21:26:13.988+0100][6896.493s] GC(366) Archive regions: 0->0
[2023-12-18T21:26:13.988+0100][6896.493s] GC(366) Humongous regions: 4->4
[2023-12-18T21:26:13.988+0100][6896.493s] GC(366) Metaspace: 62860K(63616K)->62860K(63616K) NonClass: 55863K(56256K)->55863K(56256K) Class: 6996K(7360K)->6996K(7360K)
[2023-12-18T21:26:13.988+0100][6896.493s] GC(366) Pause Young (Normal) (G1 Evacuation Pause) 399M->108M(512M) 3.029ms
[2023-12-18T21:26:13.988+0100][6896.493s] GC(366) User=0.00s Sys=0.00s Real=0.00s
[2023-12-18T21:26:14.710+0100][6897.216s] GC(367) Pause Young (Normal) (G1 Evacuation Pause)
[2023-12-18T21:26:14.710+0100][6897.216s] GC(367) Using 10 workers of 10 for evacuation
[2023-12-18T21:26:14.713+0100][6897.219s] GC(367)   Pre Evacuate Collection Set: 0.0ms
[2023-12-18T21:26:14.713+0100][6897.219s] GC(367)   Merge Heap Roots: 0.0ms
[2023-12-18T21:26:14.713+0100][6897.219s] GC(367)   Evacuate Collection Set: 2.4ms
[2023-12-18T21:26:14.713+0100][6897.219s] GC(367)   Post Evacuate Collection Set: 0.4ms
[2023-12-18T21:26:14.713+0100][6897.219s] GC(367)   Other: 0.1ms
[2023-12-18T21:26:14.713+0100][6897.219s] GC(367) Eden regions: 292->0(291)
[2023-12-18T21:26:14.713+0100][6897.219s] GC(367) Survivor regions: 15->16(39)
[2023-12-18T21:26:14.713+0100][6897.219s] GC(367) Old regions: 90->91
[2023-12-18T21:26:14.713+0100][6897.219s] GC(367) Archive regions: 0->0
[2023-12-18T21:26:14.713+0100][6897.219s] GC(367) Humongous regions: 4->4
[2023-12-18T21:26:14.713+0100][6897.219s] GC(367) Metaspace: 62860K(63616K)->62860K(63616K) NonClass: 55863K(56256K)->55863K(56256K) Class: 6996K(7360K)->6996K(7360K)
[2023-12-18T21:26:14.713+0100][6897.219s] GC(367) Pause Young (Normal) (G1 Evacuation Pause) 400M->109M(512M) 3.112ms
[2023-12-18T21:26:14.713+0100][6897.219s] GC(367) User=0.00s Sys=0.00s Real=0.00s
[2023-12-18T21:26:15.390+0100][6897.896s] GC(368) Pause Young (Normal) (G1 Evacuation Pause)
[2023-12-18T21:26:15.390+0100][6897.896s] GC(368) Using 10 workers of 10 for evacuation
[2023-12-18T21:26:15.393+0100][6897.899s] GC(368)   Pre Evacuate Collection Set: 0.0ms
[2023-12-18T21:26:15.393+0100][6897.899s] GC(368)   Merge Heap Roots: 0.0ms
[2023-12-18T21:26:15.393+0100][6897.899s] GC(368)   Evacuate Collection Set: 2.2ms
[2023-12-18T21:26:15.393+0100][6897.899s] GC(368)   Post Evacuate Collection Set: 0.4ms
[2023-12-18T21:26:15.393+0100][6897.899s] GC(368)   Other: 0.1ms
[2023-12-18T21:26:15.393+0100][6897.899s] GC(368) Eden regions: 291->0(292)
[2023-12-18T21:26:15.393+0100][6897.899s] GC(368) Survivor regions: 16->15(39)
[2023-12-18T21:26:15.393+0100][6897.899s] GC(368) Old regions: 91->92
[2023-12-18T21:26:15.393+0100][6897.899s] GC(368) Archive regions: 0->0
[2023-12-18T21:26:15.393+0100][6897.899s] GC(368) Humongous regions: 4->4
[2023-12-18T21:26:15.393+0100][6897.899s] GC(368) Metaspace: 62860K(63616K)->62860K(63616K) NonClass: 55863K(56256K)->55863K(56256K) Class: 6996K(7360K)->6996K(7360K)
[2023-12-18T21:26:15.393+0100][6897.899s] GC(368) Pause Young (Normal) (G1 Evacuation Pause) 400M->109M(512M) 2.941ms
[2023-12-18T21:26:15.393+0100][6897.899s] GC(368) User=0.16s Sys=0.00s Real=0.00s
[2023-12-18T21:26:16.061+0100][6898.567s] GC(369) Pause Young (Normal) (G1 Evacuation Pause)
[2023-12-18T21:26:16.061+0100][6898.567s] GC(369) Using 10 workers of 10 for evacuation
[2023-12-18T21:26:16.064+0100][6898.570s] GC(369)   Pre Evacuate Collection Set: 0.1ms
[2023-12-18T21:26:16.064+0100][6898.570s] GC(369)   Merge Heap Roots: 0.1ms
[2023-12-18T21:26:16.064+0100][6898.570s] GC(369)   Evacuate Collection Set: 2.3ms
[2023-12-18T21:26:16.064+0100][6898.570s] GC(369)   Post Evacuate Collection Set: 0.4ms
[2023-12-18T21:26:16.064+0100][6898.570s] GC(369)   Other: 0.1ms
[2023-12-18T21:26:16.064+0100][6898.570s] GC(369) Eden regions: 292->0(292)
[2023-12-18T21:26:16.064+0100][6898.570s] GC(369) Survivor regions: 15->15(39)
[2023-12-18T21:26:16.064+0100][6898.570s] GC(369) Old regions: 92->93
[2023-12-18T21:26:16.064+0100][6898.570s] GC(369) Archive regions: 0->0
[2023-12-18T21:26:16.064+0100][6898.570s] GC(369) Humongous regions: 4->4
[2023-12-18T21:26:16.064+0100][6898.570s] GC(369) Metaspace: 62860K(63616K)->62860K(63616K) NonClass: 55863K(56256K)->55863K(56256K) Class: 6996K(7360K)->6996K(7360K)
[2023-12-18T21:26:16.064+0100][6898.570s] GC(369) Pause Young (Normal) (G1 Evacuation Pause) 401M->111M(512M) 3.142ms
[2023-12-18T21:26:16.064+0100][6898.570s] GC(369) User=0.16s Sys=0.00s Real=0.00s
[2023-12-18T21:26:16.774+0100][6899.280s] GC(370) Pause Young (Normal) (G1 Evacuation Pause)
[2023-12-18T21:26:16.774+0100][6899.280s] GC(370) Using 10 workers of 10 for evacuation
[2023-12-18T21:26:16.777+0100][6899.283s] GC(370)   Pre Evacuate Collection Set: 0.1ms
[2023-12-18T21:26:16.777+0100][6899.283s] GC(370)   Merge Heap Roots: 0.1ms
[2023-12-18T21:26:16.777+0100][6899.283s] GC(370)   Evacuate Collection Set: 2.3ms
[2023-12-18T21:26:16.777+0100][6899.283s] GC(370)   Post Evacuate Collection Set: 0.5ms
[2023-12-18T21:26:16.777+0100][6899.283s] GC(370)   Other: 0.1ms
[2023-12-18T21:26:16.777+0100][6899.283s] GC(370) Eden regions: 292->0(292)
[2023-12-18T21:26:16.777+0100][6899.283s] GC(370) Survivor regions: 15->15(39)
[2023-12-18T21:26:16.777+0100][6899.283s] GC(370) Old regions: 93->94
[2023-12-18T21:26:16.777+0100][6899.283s] GC(370) Archive regions: 0->0
[2023-12-18T21:26:16.777+0100][6899.283s] GC(370) Humongous regions: 4->4
[2023-12-18T21:26:16.777+0100][6899.283s] GC(370) Metaspace: 62860K(63616K)->62860K(63616K) NonClass: 55863K(56256K)->55863K(56256K) Class: 6996K(7360K)->6996K(7360K)
[2023-12-18T21:26:16.777+0100][6899.283s] GC(370) Pause Young (Normal) (G1 Evacuation Pause) 403M->111M(512M) 3.203ms
[2023-12-18T21:26:16.777+0100][6899.283s] GC(370) User=0.00s Sys=0.00s Real=0.00s
[2023-12-18T21:26:17.451+0100][6899.957s] GC(371) Pause Young (Normal) (G1 Evacuation Pause)
[2023-12-18T21:26:17.451+0100][6899.957s] GC(371) Using 10 workers of 10 for evacuation
[2023-12-18T21:26:17.454+0100][6899.959s] GC(371)   Pre Evacuate Collection Set: 0.1ms
[2023-12-18T21:26:17.454+0100][6899.959s] GC(371)   Merge Heap Roots: 0.1ms
[2023-12-18T21:26:17.454+0100][6899.959s] GC(371)   Evacuate Collection Set: 2.0ms
[2023-12-18T21:26:17.454+0100][6899.959s] GC(371)   Post Evacuate Collection Set: 0.4ms
[2023-12-18T21:26:17.454+0100][6899.959s] GC(371)   Other: 0.1ms
[2023-12-18T21:26:17.454+0100][6899.959s] GC(371) Eden regions: 292->0(293)
[2023-12-18T21:26:17.454+0100][6899.959s] GC(371) Survivor regions: 15->14(39)
[2023-12-18T21:26:17.454+0100][6899.959s] GC(371) Old regions: 94->94
[2023-12-18T21:26:17.454+0100][6899.959s] GC(371) Archive regions: 0->0
[2023-12-18T21:26:17.454+0100][6899.959s] GC(371) Humongous regions: 4->4
[2023-12-18T21:26:17.454+0100][6899.959s] GC(371) Metaspace: 62860K(63616K)->62860K(63616K) NonClass: 55863K(56256K)->55863K(56256K) Class: 6996K(7360K)->6996K(7360K)
[2023-12-18T21:26:17.454+0100][6899.959s] GC(371) Pause Young (Normal) (G1 Evacuation Pause) 403M->111M(512M) 2.856ms
[2023-12-18T21:26:17.454+0100][6899.959s] GC(371) User=0.02s Sys=0.00s Real=0.00s
[2023-12-18T21:26:18.200+0100][6900.706s] GC(372) Pause Young (Normal) (G1 Evacuation Pause)
[2023-12-18T21:26:18.201+0100][6900.706s] GC(372) Using 10 workers of 10 for evacuation
[2023-12-18T21:26:18.204+0100][6900.709s] GC(372)   Pre Evacuate Collection Set: 0.1ms
[2023-12-18T21:26:18.204+0100][6900.709s] GC(372)   Merge Heap Roots: 0.1ms
[2023-12-18T21:26:18.204+0100][6900.709s] GC(372)   Evacuate Collection Set: 2.2ms
[2023-12-18T21:26:18.204+0100][6900.709s] GC(372)   Post Evacuate Collection Set: 0.5ms
[2023-12-18T21:26:18.204+0100][6900.709s] GC(372)   Other: 0.1ms
[2023-12-18T21:26:18.204+0100][6900.709s] GC(372) Eden regions: 293->0(292)
[2023-12-18T21:26:18.204+0100][6900.709s] GC(372) Survivor regions: 14->15(39)
[2023-12-18T21:26:18.204+0100][6900.709s] GC(372) Old regions: 94->95
[2023-12-18T21:26:18.204+0100][6900.709s] GC(372) Archive regions: 0->0
[2023-12-18T21:26:18.204+0100][6900.709s] GC(372) Humongous regions: 4->4
[2023-12-18T21:26:18.204+0100][6900.709s] GC(372) Metaspace: 62860K(63616K)->62860K(63616K) NonClass: 55863K(56256K)->55863K(56256K) Class: 6996K(7360K)->6996K(7360K)
[2023-12-18T21:26:18.204+0100][6900.709s] GC(372) Pause Young (Normal) (G1 Evacuation Pause) 404M->113M(512M) 3.182ms
[2023-12-18T21:26:18.204+0100][6900.709s] GC(372) User=0.02s Sys=0.00s Real=0.00s
[2023-12-18T21:26:18.867+0100][6901.373s] GC(373) Pause Young (Normal) (G1 Evacuation Pause)
[2023-12-18T21:26:18.867+0100][6901.373s] GC(373) Using 10 workers of 10 for evacuation
[2023-12-18T21:26:18.869+0100][6901.375s] GC(373)   Pre Evacuate Collection Set: 0.1ms
[2023-12-18T21:26:18.869+0100][6901.375s] GC(373)   Merge Heap Roots: 0.0ms
[2023-12-18T21:26:18.869+0100][6901.375s] GC(373)   Evacuate Collection Set: 2.2ms
[2023-12-18T21:26:18.869+0100][6901.375s] GC(373)   Post Evacuate Collection Set: 0.3ms
[2023-12-18T21:26:18.869+0100][6901.375s] GC(373)   Other: 0.1ms
[2023-12-18T21:26:18.870+0100][6901.375s] GC(373) Eden regions: 292->0(291)
[2023-12-18T21:26:18.870+0100][6901.375s] GC(373) Survivor regions: 15->16(39)
[2023-12-18T21:26:18.870+0100][6901.375s] GC(373) Old regions: 95->96
[2023-12-18T21:26:18.870+0100][6901.375s] GC(373) Archive regions: 0->0
[2023-12-18T21:26:18.870+0100][6901.375s] GC(373) Humongous regions: 4->4
[2023-12-18T21:26:18.870+0100][6901.375s] GC(373) Metaspace: 62860K(63616K)->62860K(63616K) NonClass: 55863K(56256K)->55863K(56256K) Class: 6996K(7360K)->6996K(7360K)
[2023-12-18T21:26:18.870+0100][6901.375s] GC(373) Pause Young (Normal) (G1 Evacuation Pause) 405M->114M(512M) 2.868ms
[2023-12-18T21:26:18.870+0100][6901.375s] GC(373) User=0.00s Sys=0.00s Real=0.00s
[2023-12-18T21:26:19.514+0100][6902.019s] GC(374) Pause Young (Normal) (G1 Evacuation Pause)
[2023-12-18T21:26:19.514+0100][6902.019s] GC(374) Using 10 workers of 10 for evacuation
[2023-12-18T21:26:19.516+0100][6902.022s] GC(374)   Pre Evacuate Collection Set: 0.1ms
[2023-12-18T21:26:19.516+0100][6902.022s] GC(374)   Merge Heap Roots: 0.1ms
[2023-12-18T21:26:19.516+0100][6902.022s] GC(374)   Evacuate Collection Set: 1.9ms
[2023-12-18T21:26:19.516+0100][6902.022s] GC(374)   Post Evacuate Collection Set: 0.4ms
[2023-12-18T21:26:19.516+0100][6902.022s] GC(374)   Other: 0.1ms
[2023-12-18T21:26:19.516+0100][6902.022s] GC(374) Eden regions: 291->0(292)
[2023-12-18T21:26:19.516+0100][6902.022s] GC(374) Survivor regions: 16->15(39)
[2023-12-18T21:26:19.516+0100][6902.022s] GC(374) Old regions: 96->97
[2023-12-18T21:26:19.516+0100][6902.022s] GC(374) Archive regions: 0->0
[2023-12-18T21:26:19.516+0100][6902.022s] GC(374) Humongous regions: 4->4
[2023-12-18T21:26:19.516+0100][6902.022s] GC(374) Metaspace: 62860K(63616K)->62860K(63616K) NonClass: 55863K(56256K)->55863K(56256K) Class: 6996K(7360K)->6996K(7360K)
[2023-12-18T21:26:19.516+0100][6902.022s] GC(374) Pause Young (Normal) (G1 Evacuation Pause) 405M->114M(512M) 2.822ms
[2023-12-18T21:26:19.516+0100][6902.022s] GC(374) User=0.16s Sys=0.00s Real=0.00s
[2023-12-18T21:26:20.187+0100][6902.693s] GC(375) Pause Young (Normal) (G1 Evacuation Pause)
[2023-12-18T21:26:20.187+0100][6902.693s] GC(375) Using 10 workers of 10 for evacuation
[2023-12-18T21:26:20.190+0100][6902.696s] GC(375)   Pre Evacuate Collection Set: 0.1ms
[2023-12-18T21:26:20.190+0100][6902.696s] GC(375)   Merge Heap Roots: 0.1ms
[2023-12-18T21:26:20.190+0100][6902.696s] GC(375)   Evacuate Collection Set: 2.4ms
[2023-12-18T21:26:20.190+0100][6902.696s] GC(375)   Post Evacuate Collection Set: 0.5ms
[2023-12-18T21:26:20.190+0100][6902.696s] GC(375)   Other: 0.1ms
[2023-12-18T21:26:20.190+0100][6902.696s] GC(375) Eden regions: 292->0(291)
[2023-12-18T21:26:20.190+0100][6902.696s] GC(375) Survivor regions: 15->16(39)
[2023-12-18T21:26:20.190+0100][6902.696s] GC(375) Old regions: 97->98
[2023-12-18T21:26:20.190+0100][6902.696s] GC(375) Archive regions: 0->0
[2023-12-18T21:26:20.190+0100][6902.696s] GC(375) Humongous regions: 4->4
[2023-12-18T21:26:20.190+0100][6902.696s] GC(375) Metaspace: 62862K(63616K)->62862K(63616K) NonClass: 55865K(56256K)->55865K(56256K) Class: 6997K(7360K)->6997K(7360K)
[2023-12-18T21:26:20.190+0100][6902.696s] GC(375) Pause Young (Normal) (G1 Evacuation Pause) 406M->116M(512M) 3.296ms
[2023-12-18T21:26:20.190+0100][6902.696s] GC(375) User=0.16s Sys=0.00s Real=0.00s
[2023-12-18T21:26:20.876+0100][6903.382s] GC(376) Pause Young (Normal) (G1 Evacuation Pause)
[2023-12-18T21:26:20.877+0100][6903.382s] GC(376) Using 10 workers of 10 for evacuation
[2023-12-18T21:26:20.879+0100][6903.385s] GC(376)   Pre Evacuate Collection Set: 0.1ms
[2023-12-18T21:26:20.879+0100][6903.385s] GC(376)   Merge Heap Roots: 0.1ms
[2023-12-18T21:26:20.879+0100][6903.385s] GC(376)   Evacuate Collection Set: 2.0ms
[2023-12-18T21:26:20.879+0100][6903.385s] GC(376)   Post Evacuate Collection Set: 0.4ms
[2023-12-18T21:26:20.879+0100][6903.385s] GC(376)   Other: 0.1ms
[2023-12-18T21:26:20.879+0100][6903.385s] GC(376) Eden regions: 291->0(292)
[2023-12-18T21:26:20.879+0100][6903.385s] GC(376) Survivor regions: 16->15(39)
[2023-12-18T21:26:20.879+0100][6903.385s] GC(376) Old regions: 98->99
[2023-12-18T21:26:20.879+0100][6903.385s] GC(376) Archive regions: 0->0
[2023-12-18T21:26:20.879+0100][6903.385s] GC(376) Humongous regions: 4->4
[2023-12-18T21:26:20.879+0100][6903.385s] GC(376) Metaspace: 62862K(63616K)->62862K(63616K) NonClass: 55865K(56256K)->55865K(56256K) Class: 6997K(7360K)->6997K(7360K)
[2023-12-18T21:26:20.879+0100][6903.385s] GC(376) Pause Young (Normal) (G1 Evacuation Pause) 407M->117M(512M) 2.900ms
[2023-12-18T21:26:20.879+0100][6903.385s] GC(376) User=0.00s Sys=0.00s Real=0.00s
[2023-12-18T21:26:21.583+0100][6904.088s] GC(377) Pause Young (Normal) (G1 Evacuation Pause)
[2023-12-18T21:26:21.583+0100][6904.088s] GC(377) Using 10 workers of 10 for evacuation
[2023-12-18T21:26:21.585+0100][6904.091s] GC(377)   Pre Evacuate Collection Set: 0.0ms
[2023-12-18T21:26:21.585+0100][6904.091s] GC(377)   Merge Heap Roots: 0.0ms
[2023-12-18T21:26:21.585+0100][6904.091s] GC(377)   Evacuate Collection Set: 2.0ms
[2023-12-18T21:26:21.585+0100][6904.091s] GC(377)   Post Evacuate Collection Set: 0.3ms
[2023-12-18T21:26:21.585+0100][6904.091s] GC(377)   Other: 0.1ms
[2023-12-18T21:26:21.585+0100][6904.091s] GC(377) Eden regions: 292->0(292)
[2023-12-18T21:26:21.585+0100][6904.091s] GC(377) Survivor regions: 15->15(39)
[2023-12-18T21:26:21.585+0100][6904.091s] GC(377) Old regions: 99->100
[2023-12-18T21:26:21.585+0100][6904.091s] GC(377) Archive regions: 0->0
[2023-12-18T21:26:21.585+0100][6904.091s] GC(377) Humongous regions: 4->4
[2023-12-18T21:26:21.585+0100][6904.091s] GC(377) Metaspace: 62862K(63616K)->62862K(63616K) NonClass: 55865K(56256K)->55865K(56256K) Class: 6997K(7360K)->6997K(7360K)
[2023-12-18T21:26:21.585+0100][6904.091s] GC(377) Pause Young (Normal) (G1 Evacuation Pause) 409M->117M(512M) 2.637ms
[2023-12-18T21:26:21.585+0100][6904.091s] GC(377) User=0.00s Sys=0.00s Real=0.00s
[2023-12-18T21:26:22.298+0100][6904.803s] GC(378) Pause Young (Normal) (G1 Evacuation Pause)
[2023-12-18T21:26:22.298+0100][6904.803s] GC(378) Using 10 workers of 10 for evacuation
[2023-12-18T21:26:22.300+0100][6904.806s] GC(378)   Pre Evacuate Collection Set: 0.1ms
[2023-12-18T21:26:22.300+0100][6904.806s] GC(378)   Merge Heap Roots: 0.1ms
[2023-12-18T21:26:22.300+0100][6904.806s] GC(378)   Evacuate Collection Set: 2.2ms
[2023-12-18T21:26:22.301+0100][6904.806s] GC(378)   Post Evacuate Collection Set: 0.4ms
[2023-12-18T21:26:22.301+0100][6904.806s] GC(378)   Other: 0.1ms
[2023-12-18T21:26:22.301+0100][6904.806s] GC(378) Eden regions: 292->0(291)
[2023-12-18T21:26:22.301+0100][6904.806s] GC(378) Survivor regions: 15->16(39)
[2023-12-18T21:26:22.301+0100][6904.806s] GC(378) Old regions: 100->101
[2023-12-18T21:26:22.301+0100][6904.806s] GC(378) Archive regions: 0->0
[2023-12-18T21:26:22.301+0100][6904.806s] GC(378) Humongous regions: 4->4
[2023-12-18T21:26:22.301+0100][6904.806s] GC(378) Metaspace: 62862K(63616K)->62862K(63616K) NonClass: 55865K(56256K)->55865K(56256K) Class: 6997K(7360K)->6997K(7360K)
[2023-12-18T21:26:22.301+0100][6904.806s] GC(378) Pause Young (Normal) (G1 Evacuation Pause) 409M->119M(512M) 3.057ms
[2023-12-18T21:26:22.301+0100][6904.806s] GC(378) User=0.00s Sys=0.00s Real=0.00s
[2023-12-18T21:26:22.944+0100][6905.450s] GC(379) Pause Young (Normal) (G1 Evacuation Pause)
[2023-12-18T21:26:22.944+0100][6905.450s] GC(379) Using 10 workers of 10 for evacuation
[2023-12-18T21:26:22.948+0100][6905.453s] GC(379)   Pre Evacuate Collection Set: 0.1ms
[2023-12-18T21:26:22.948+0100][6905.453s] GC(379)   Merge Heap Roots: 0.1ms
[2023-12-18T21:26:22.948+0100][6905.453s] GC(379)   Evacuate Collection Set: 2.1ms
[2023-12-18T21:26:22.948+0100][6905.453s] GC(379)   Post Evacuate Collection Set: 0.6ms
[2023-12-18T21:26:22.948+0100][6905.453s] GC(379)   Other: 0.1ms
[2023-12-18T21:26:22.948+0100][6905.453s] GC(379) Eden regions: 291->0(292)
[2023-12-18T21:26:22.948+0100][6905.453s] GC(379) Survivor regions: 16->15(39)
[2023-12-18T21:26:22.948+0100][6905.453s] GC(379) Old regions: 101->101
[2023-12-18T21:26:22.948+0100][6905.453s] GC(379) Archive regions: 0->0
[2023-12-18T21:26:22.948+0100][6905.453s] GC(379) Humongous regions: 4->4
[2023-12-18T21:26:22.948+0100][6905.453s] GC(379) Metaspace: 62862K(63616K)->62862K(63616K) NonClass: 55865K(56256K)->55865K(56256K) Class: 6997K(7360K)->6997K(7360K)
[2023-12-18T21:26:22.948+0100][6905.453s] GC(379) Pause Young (Normal) (G1 Evacuation Pause) 410M->119M(512M) 3.283ms
[2023-12-18T21:26:22.948+0100][6905.453s] GC(379) User=0.00s Sys=0.00s Real=0.00s
[2023-12-18T21:26:23.665+0100][6906.171s] GC(380) Pause Young (Normal) (G1 Evacuation Pause)
[2023-12-18T21:26:23.665+0100][6906.171s] GC(380) Using 10 workers of 10 for evacuation
[2023-12-18T21:26:23.669+0100][6906.174s] GC(380)   Pre Evacuate Collection Set: 0.1ms
[2023-12-18T21:26:23.669+0100][6906.174s] GC(380)   Merge Heap Roots: 0.1ms
[2023-12-18T21:26:23.669+0100][6906.174s] GC(380)   Evacuate Collection Set: 2.3ms
[2023-12-18T21:26:23.669+0100][6906.174s] GC(380)   Post Evacuate Collection Set: 0.4ms
[2023-12-18T21:26:23.669+0100][6906.174s] GC(380)   Other: 0.1ms
[2023-12-18T21:26:23.669+0100][6906.174s] GC(380) Eden regions: 292->0(291)
[2023-12-18T21:26:23.669+0100][6906.174s] GC(380) Survivor regions: 15->16(39)
[2023-12-18T21:26:23.669+0100][6906.174s] GC(380) Old regions: 101->102
[2023-12-18T21:26:23.669+0100][6906.174s] GC(380) Archive regions: 0->0
[2023-12-18T21:26:23.669+0100][6906.174s] GC(380) Humongous regions: 4->4
[2023-12-18T21:26:23.669+0100][6906.174s] GC(380) Metaspace: 62862K(63616K)->62862K(63616K) NonClass: 55865K(56256K)->55865K(56256K) Class: 6997K(7360K)->6997K(7360K)
[2023-12-18T21:26:23.669+0100][6906.174s] GC(380) Pause Young (Normal) (G1 Evacuation Pause) 411M->121M(512M) 3.149ms
[2023-12-18T21:26:23.669+0100][6906.174s] GC(380) User=0.00s Sys=0.00s Real=0.00s
[2023-12-18T21:26:24.320+0100][6906.826s] GC(381) Pause Young (Normal) (G1 Evacuation Pause)
[2023-12-18T21:26:24.320+0100][6906.826s] GC(381) Using 10 workers of 10 for evacuation
[2023-12-18T21:26:24.323+0100][6906.829s] GC(381)   Pre Evacuate Collection Set: 0.1ms
[2023-12-18T21:26:24.323+0100][6906.829s] GC(381)   Merge Heap Roots: 0.1ms
[2023-12-18T21:26:24.323+0100][6906.829s] GC(381)   Evacuate Collection Set: 2.1ms
[2023-12-18T21:26:24.323+0100][6906.829s] GC(381)   Post Evacuate Collection Set: 0.6ms
[2023-12-18T21:26:24.323+0100][6906.829s] GC(381)   Other: 0.1ms
[2023-12-18T21:26:24.323+0100][6906.829s] GC(381) Eden regions: 291->0(292)
[2023-12-18T21:26:24.323+0100][6906.829s] GC(381) Survivor regions: 16->15(39)
[2023-12-18T21:26:24.323+0100][6906.829s] GC(381) Old regions: 102->103
[2023-12-18T21:26:24.323+0100][6906.829s] GC(381) Archive regions: 0->0
[2023-12-18T21:26:24.323+0100][6906.829s] GC(381) Humongous regions: 4->4
[2023-12-18T21:26:24.323+0100][6906.829s] GC(381) Metaspace: 62862K(63616K)->62862K(63616K) NonClass: 55865K(56256K)->55865K(56256K) Class: 6997K(7360K)->6997K(7360K)
[2023-12-18T21:26:24.323+0100][6906.829s] GC(381) Pause Young (Normal) (G1 Evacuation Pause) 412M->121M(512M) 3.232ms
[2023-12-18T21:26:24.323+0100][6906.829s] GC(381) User=0.00s Sys=0.00s Real=0.00s
[2023-12-18T21:26:24.988+0100][6907.494s] GC(382) Pause Young (Normal) (G1 Evacuation Pause)
[2023-12-18T21:26:24.988+0100][6907.495s] GC(382) Using 10 workers of 10 for evacuation
[2023-12-18T21:26:24.993+0100][6907.499s] GC(382)   Pre Evacuate Collection Set: 0.1ms
[2023-12-18T21:26:24.993+0100][6907.499s] GC(382)   Merge Heap Roots: 0.0ms
[2023-12-18T21:26:24.993+0100][6907.499s] GC(382)   Evacuate Collection Set: 2.9ms
[2023-12-18T21:26:24.993+0100][6907.499s] GC(382)   Post Evacuate Collection Set: 1.1ms
[2023-12-18T21:26:24.993+0100][6907.499s] GC(382)   Other: 0.1ms
[2023-12-18T21:26:24.993+0100][6907.499s] GC(382) Eden regions: 292->0(292)
[2023-12-18T21:26:24.993+0100][6907.499s] GC(382) Survivor regions: 15->15(39)
[2023-12-18T21:26:24.993+0100][6907.499s] GC(382) Old regions: 103->104
[2023-12-18T21:26:24.993+0100][6907.499s] GC(382) Archive regions: 0->0
[2023-12-18T21:26:24.993+0100][6907.499s] GC(382) Humongous regions: 4->4
[2023-12-18T21:26:24.993+0100][6907.499s] GC(382) Metaspace: 62862K(63616K)->62862K(63616K) NonClass: 55865K(56256K)->55865K(56256K) Class: 6997K(7360K)->6997K(7360K)
[2023-12-18T21:26:24.993+0100][6907.499s] GC(382) Pause Young (Normal) (G1 Evacuation Pause) 413M->122M(512M) 4.496ms
[2023-12-18T21:26:24.993+0100][6907.499s] GC(382) User=0.00s Sys=0.00s Real=0.01s
[2023-12-18T21:26:25.688+0100][6908.193s] GC(383) Pause Young (Normal) (G1 Evacuation Pause)
[2023-12-18T21:26:25.688+0100][6908.193s] GC(383) Using 10 workers of 10 for evacuation
[2023-12-18T21:26:25.691+0100][6908.196s] GC(383)   Pre Evacuate Collection Set: 0.0ms
[2023-12-18T21:26:25.691+0100][6908.196s] GC(383)   Merge Heap Roots: 0.0ms
[2023-12-18T21:26:25.691+0100][6908.196s] GC(383)   Evacuate Collection Set: 2.2ms
[2023-12-18T21:26:25.691+0100][6908.196s] GC(383)   Post Evacuate Collection Set: 0.5ms
[2023-12-18T21:26:25.691+0100][6908.196s] GC(383)   Other: 0.1ms
[2023-12-18T21:26:25.691+0100][6908.196s] GC(383) Eden regions: 292->0(292)
[2023-12-18T21:26:25.691+0100][6908.196s] GC(383) Survivor regions: 15->15(39)
[2023-12-18T21:26:25.691+0100][6908.196s] GC(383) Old regions: 104->105
[2023-12-18T21:26:25.691+0100][6908.196s] GC(383) Archive regions: 0->0
[2023-12-18T21:26:25.691+0100][6908.196s] GC(383) Humongous regions: 4->4
[2023-12-18T21:26:25.691+0100][6908.196s] GC(383) Metaspace: 62862K(63616K)->62862K(63616K) NonClass: 55865K(56256K)->55865K(56256K) Class: 6997K(7360K)->6997K(7360K)
[2023-12-18T21:26:25.691+0100][6908.196s] GC(383) Pause Young (Normal) (G1 Evacuation Pause) 414M->122M(512M) 3.145ms
[2023-12-18T21:26:25.691+0100][6908.196s] GC(383) User=0.16s Sys=0.00s Real=0.00s
[2023-12-18T21:26:26.330+0100][6908.836s] GC(384) Pause Young (Normal) (G1 Evacuation Pause)
[2023-12-18T21:26:26.330+0100][6908.836s] GC(384) Using 10 workers of 10 for evacuation
[2023-12-18T21:26:26.333+0100][6908.839s] GC(384)   Pre Evacuate Collection Set: 0.1ms
[2023-12-18T21:26:26.333+0100][6908.839s] GC(384)   Merge Heap Roots: 0.1ms
[2023-12-18T21:26:26.333+0100][6908.839s] GC(384)   Evacuate Collection Set: 2.2ms
[2023-12-18T21:26:26.333+0100][6908.839s] GC(384)   Post Evacuate Collection Set: 0.6ms
[2023-12-18T21:26:26.333+0100][6908.839s] GC(384)   Other: 0.1ms
[2023-12-18T21:26:26.333+0100][6908.839s] GC(384) Eden regions: 292->0(292)
[2023-12-18T21:26:26.333+0100][6908.839s] GC(384) Survivor regions: 15->15(39)
[2023-12-18T21:26:26.333+0100][6908.839s] GC(384) Old regions: 105->105
[2023-12-18T21:26:26.333+0100][6908.839s] GC(384) Archive regions: 0->0
[2023-12-18T21:26:26.333+0100][6908.839s] GC(384) Humongous regions: 4->4
[2023-12-18T21:26:26.333+0100][6908.839s] GC(384) Metaspace: 62862K(63616K)->62862K(63616K) NonClass: 55865K(56256K)->55865K(56256K) Class: 6997K(7360K)->6997K(7360K)
[2023-12-18T21:26:26.333+0100][6908.839s] GC(384) Pause Young (Normal) (G1 Evacuation Pause) 414M->123M(512M) 3.177ms
[2023-12-18T21:26:26.333+0100][6908.839s] GC(384) User=0.00s Sys=0.00s Real=0.00s
[2023-12-18T21:26:26.981+0100][6909.486s] GC(385) Pause Young (Normal) (G1 Evacuation Pause)
[2023-12-18T21:26:26.981+0100][6909.486s] GC(385) Using 10 workers of 10 for evacuation
[2023-12-18T21:26:26.984+0100][6909.489s] GC(385)   Pre Evacuate Collection Set: 0.1ms
[2023-12-18T21:26:26.984+0100][6909.489s] GC(385)   Merge Heap Roots: 0.1ms
[2023-12-18T21:26:26.984+0100][6909.489s] GC(385)   Evacuate Collection Set: 2.1ms
[2023-12-18T21:26:26.984+0100][6909.489s] GC(385)   Post Evacuate Collection Set: 0.6ms
[2023-12-18T21:26:26.984+0100][6909.489s] GC(385)   Other: 0.1ms
[2023-12-18T21:26:26.984+0100][6909.489s] GC(385) Eden regions: 292->0(292)
[2023-12-18T21:26:26.984+0100][6909.489s] GC(385) Survivor regions: 15->15(39)
[2023-12-18T21:26:26.984+0100][6909.489s] GC(385) Old regions: 105->106
[2023-12-18T21:26:26.984+0100][6909.489s] GC(385) Archive regions: 0->0
[2023-12-18T21:26:26.984+0100][6909.489s] GC(385) Humongous regions: 4->4
[2023-12-18T21:26:26.984+0100][6909.489s] GC(385) Metaspace: 62862K(63616K)->62862K(63616K) NonClass: 55865K(56256K)->55865K(56256K) Class: 6997K(7360K)->6997K(7360K)
[2023-12-18T21:26:26.984+0100][6909.489s] GC(385) Pause Young (Normal) (G1 Evacuation Pause) 415M->124M(512M) 3.158ms
[2023-12-18T21:26:26.984+0100][6909.489s] GC(385) User=0.00s Sys=0.00s Real=0.00s
[2023-12-18T21:26:27.617+0100][6910.122s] GC(386) Pause Young (Normal) (G1 Evacuation Pause)
[2023-12-18T21:26:27.617+0100][6910.122s] GC(386) Using 10 workers of 10 for evacuation
[2023-12-18T21:26:27.619+0100][6910.125s] GC(386)   Pre Evacuate Collection Set: 0.1ms
[2023-12-18T21:26:27.620+0100][6910.125s] GC(386)   Merge Heap Roots: 0.1ms
[2023-12-18T21:26:27.620+0100][6910.125s] GC(386)   Evacuate Collection Set: 2.2ms
[2023-12-18T21:26:27.620+0100][6910.125s] GC(386)   Post Evacuate Collection Set: 0.3ms
[2023-12-18T21:26:27.620+0100][6910.125s] GC(386)   Other: 0.1ms
[2023-12-18T21:26:27.620+0100][6910.125s] GC(386) Eden regions: 292->0(292)
[2023-12-18T21:26:27.620+0100][6910.125s] GC(386) Survivor regions: 15->15(39)
[2023-12-18T21:26:27.620+0100][6910.125s] GC(386) Old regions: 106->107
[2023-12-18T21:26:27.620+0100][6910.125s] GC(386) Archive regions: 0->0
[2023-12-18T21:26:27.620+0100][6910.125s] GC(386) Humongous regions: 4->4
[2023-12-18T21:26:27.620+0100][6910.125s] GC(386) Metaspace: 62862K(63616K)->62862K(63616K) NonClass: 55865K(56256K)->55865K(56256K) Class: 6997K(7360K)->6997K(7360K)
[2023-12-18T21:26:27.620+0100][6910.125s] GC(386) Pause Young (Normal) (G1 Evacuation Pause) 416M->125M(512M) 3.040ms
[2023-12-18T21:26:27.620+0100][6910.125s] GC(386) User=0.00s Sys=0.00s Real=0.00s
[2023-12-18T21:26:28.286+0100][6910.791s] GC(387) Pause Young (Normal) (G1 Evacuation Pause)
[2023-12-18T21:26:28.286+0100][6910.791s] GC(387) Using 10 workers of 10 for evacuation
[2023-12-18T21:26:28.288+0100][6910.794s] GC(387)   Pre Evacuate Collection Set: 0.1ms
[2023-12-18T21:26:28.288+0100][6910.794s] GC(387)   Merge Heap Roots: 0.1ms
[2023-12-18T21:26:28.288+0100][6910.794s] GC(387)   Evacuate Collection Set: 2.1ms
[2023-12-18T21:26:28.288+0100][6910.794s] GC(387)   Post Evacuate Collection Set: 0.4ms
[2023-12-18T21:26:28.288+0100][6910.794s] GC(387)   Other: 0.1ms
[2023-12-18T21:26:28.288+0100][6910.794s] GC(387) Eden regions: 292->0(293)
[2023-12-18T21:26:28.288+0100][6910.794s] GC(387) Survivor regions: 15->14(39)
[2023-12-18T21:26:28.289+0100][6910.794s] GC(387) Old regions: 107->108
[2023-12-18T21:26:28.289+0100][6910.794s] GC(387) Archive regions: 0->0
[2023-12-18T21:26:28.289+0100][6910.794s] GC(387) Humongous regions: 4->4
[2023-12-18T21:26:28.289+0100][6910.794s] GC(387) Metaspace: 62862K(63616K)->62862K(63616K) NonClass: 55865K(56256K)->55865K(56256K) Class: 6997K(7360K)->6997K(7360K)
[2023-12-18T21:26:28.289+0100][6910.794s] GC(387) Pause Young (Normal) (G1 Evacuation Pause) 417M->125M(512M) 3.030ms
[2023-12-18T21:26:28.289+0100][6910.794s] GC(387) User=0.00s Sys=0.00s Real=0.00s
[2023-12-18T21:26:28.952+0100][6911.457s] GC(388) Pause Young (Normal) (G1 Evacuation Pause)
[2023-12-18T21:26:28.952+0100][6911.457s] GC(388) Using 10 workers of 10 for evacuation
[2023-12-18T21:26:28.954+0100][6911.460s] GC(388)   Pre Evacuate Collection Set: 0.1ms
[2023-12-18T21:26:28.954+0100][6911.460s] GC(388)   Merge Heap Roots: 0.1ms
[2023-12-18T21:26:28.954+0100][6911.460s] GC(388)   Evacuate Collection Set: 2.1ms
[2023-12-18T21:26:28.954+0100][6911.460s] GC(388)   Post Evacuate Collection Set: 0.4ms
[2023-12-18T21:26:28.954+0100][6911.460s] GC(388)   Other: 0.1ms
[2023-12-18T21:26:28.954+0100][6911.460s] GC(388) Eden regions: 293->0(292)
[2023-12-18T21:26:28.954+0100][6911.460s] GC(388) Survivor regions: 14->15(39)
[2023-12-18T21:26:28.954+0100][6911.460s] GC(388) Old regions: 108->109
[2023-12-18T21:26:28.954+0100][6911.460s] GC(388) Archive regions: 0->0
[2023-12-18T21:26:28.954+0100][6911.460s] GC(388) Humongous regions: 4->4
[2023-12-18T21:26:28.954+0100][6911.460s] GC(388) Metaspace: 62862K(63616K)->62862K(63616K) NonClass: 55865K(56256K)->55865K(56256K) Class: 6997K(7360K)->6997K(7360K)
[2023-12-18T21:26:28.954+0100][6911.460s] GC(388) Pause Young (Normal) (G1 Evacuation Pause) 418M->126M(512M) 2.968ms
[2023-12-18T21:26:28.954+0100][6911.460s] GC(388) User=0.16s Sys=0.00s Real=0.00s
[2023-12-18T21:26:29.618+0100][6912.123s] GC(389) Pause Young (Normal) (G1 Evacuation Pause)
[2023-12-18T21:26:29.618+0100][6912.123s] GC(389) Using 10 workers of 10 for evacuation
[2023-12-18T21:26:29.621+0100][6912.126s] GC(389)   Pre Evacuate Collection Set: 0.1ms
[2023-12-18T21:26:29.621+0100][6912.126s] GC(389)   Merge Heap Roots: 0.1ms
[2023-12-18T21:26:29.621+0100][6912.126s] GC(389)   Evacuate Collection Set: 2.1ms
[2023-12-18T21:26:29.621+0100][6912.126s] GC(389)   Post Evacuate Collection Set: 0.4ms
[2023-12-18T21:26:29.621+0100][6912.126s] GC(389)   Other: 0.1ms
[2023-12-18T21:26:29.621+0100][6912.126s] GC(389) Eden regions: 292->0(292)
[2023-12-18T21:26:29.621+0100][6912.126s] GC(389) Survivor regions: 15->15(39)
[2023-12-18T21:26:29.621+0100][6912.126s] GC(389) Old regions: 109->110
[2023-12-18T21:26:29.621+0100][6912.126s] GC(389) Archive regions: 0->0
[2023-12-18T21:26:29.621+0100][6912.126s] GC(389) Humongous regions: 4->4
[2023-12-18T21:26:29.621+0100][6912.126s] GC(389) Metaspace: 62862K(63616K)->62862K(63616K) NonClass: 55865K(56256K)->55865K(56256K) Class: 6997K(7360K)->6997K(7360K)
[2023-12-18T21:26:29.621+0100][6912.126s] GC(389) Pause Young (Normal) (G1 Evacuation Pause) 418M->127M(512M) 3.076ms
[2023-12-18T21:26:29.621+0100][6912.126s] GC(389) User=0.00s Sys=0.00s Real=0.00s
[2023-12-18T21:26:30.219+0100][6912.725s] GC(390) Pause Young (Normal) (G1 Evacuation Pause)
[2023-12-18T21:26:30.219+0100][6912.725s] GC(390) Using 10 workers of 10 for evacuation
[2023-12-18T21:26:30.223+0100][6912.728s] GC(390)   Pre Evacuate Collection Set: 0.1ms
[2023-12-18T21:26:30.223+0100][6912.728s] GC(390)   Merge Heap Roots: 0.0ms
[2023-12-18T21:26:30.223+0100][6912.728s] GC(390)   Evacuate Collection Set: 2.5ms
[2023-12-18T21:26:30.223+0100][6912.728s] GC(390)   Post Evacuate Collection Set: 0.7ms
[2023-12-18T21:26:30.223+0100][6912.728s] GC(390)   Other: 0.1ms
[2023-12-18T21:26:30.223+0100][6912.728s] GC(390) Eden regions: 292->0(291)
[2023-12-18T21:26:30.223+0100][6912.728s] GC(390) Survivor regions: 15->16(39)
[2023-12-18T21:26:30.223+0100][6912.728s] GC(390) Old regions: 110->111
[2023-12-18T21:26:30.223+0100][6912.728s] GC(390) Archive regions: 0->0
[2023-12-18T21:26:30.223+0100][6912.728s] GC(390) Humongous regions: 4->4
[2023-12-18T21:26:30.223+0100][6912.728s] GC(390) Metaspace: 62862K(63616K)->62862K(63616K) NonClass: 55865K(56256K)->55865K(56256K) Class: 6997K(7360K)->6997K(7360K)
[2023-12-18T21:26:30.223+0100][6912.728s] GC(390) Pause Young (Normal) (G1 Evacuation Pause) 419M->129M(512M) 3.653ms
[2023-12-18T21:26:30.223+0100][6912.728s] GC(390) User=0.00s Sys=0.00s Real=0.00s
[2023-12-18T21:26:30.872+0100][6913.378s] GC(391) Pause Young (Normal) (G1 Evacuation Pause)
[2023-12-18T21:26:30.872+0100][6913.378s] GC(391) Using 10 workers of 10 for evacuation
[2023-12-18T21:26:30.876+0100][6913.381s] GC(391)   Pre Evacuate Collection Set: 0.1ms
[2023-12-18T21:26:30.876+0100][6913.381s] GC(391)   Merge Heap Roots: 0.1ms
[2023-12-18T21:26:30.876+0100][6913.381s] GC(391)   Evacuate Collection Set: 1.9ms
[2023-12-18T21:26:30.876+0100][6913.381s] GC(391)   Post Evacuate Collection Set: 0.5ms
[2023-12-18T21:26:30.876+0100][6913.381s] GC(391)   Other: 0.1ms
[2023-12-18T21:26:30.876+0100][6913.381s] GC(391) Eden regions: 291->0(293)
[2023-12-18T21:26:30.876+0100][6913.381s] GC(391) Survivor regions: 16->14(39)
[2023-12-18T21:26:30.876+0100][6913.381s] GC(391) Old regions: 111->111
[2023-12-18T21:26:30.876+0100][6913.381s] GC(391) Archive regions: 0->0
[2023-12-18T21:26:30.876+0100][6913.381s] GC(391) Humongous regions: 4->4
[2023-12-18T21:26:30.876+0100][6913.381s] GC(391) Metaspace: 62862K(63616K)->62862K(63616K) NonClass: 55865K(56256K)->55865K(56256K) Class: 6997K(7360K)->6997K(7360K)
[2023-12-18T21:26:30.876+0100][6913.381s] GC(391) Pause Young (Normal) (G1 Evacuation Pause) 420M->128M(512M) 2.842ms
[2023-12-18T21:26:30.876+0100][6913.381s] GC(391) User=0.16s Sys=0.00s Real=0.00s
[2023-12-18T21:26:31.517+0100][6914.023s] GC(392) Pause Young (Normal) (G1 Evacuation Pause)
[2023-12-18T21:26:31.517+0100][6914.023s] GC(392) Using 10 workers of 10 for evacuation
[2023-12-18T21:26:31.521+0100][6914.027s] GC(392)   Pre Evacuate Collection Set: 0.1ms
[2023-12-18T21:26:31.521+0100][6914.027s] GC(392)   Merge Heap Roots: 0.1ms
[2023-12-18T21:26:31.521+0100][6914.027s] GC(392)   Evacuate Collection Set: 2.6ms
[2023-12-18T21:26:31.521+0100][6914.027s] GC(392)   Post Evacuate Collection Set: 0.5ms
[2023-12-18T21:26:31.521+0100][6914.027s] GC(392)   Other: 0.1ms
[2023-12-18T21:26:31.521+0100][6914.027s] GC(392) Eden regions: 293->0(292)
[2023-12-18T21:26:31.521+0100][6914.027s] GC(392) Survivor regions: 14->15(39)
[2023-12-18T21:26:31.521+0100][6914.027s] GC(392) Old regions: 111->112
[2023-12-18T21:26:31.521+0100][6914.027s] GC(392) Archive regions: 0->0
[2023-12-18T21:26:31.521+0100][6914.027s] GC(392) Humongous regions: 4->4
[2023-12-18T21:26:31.521+0100][6914.027s] GC(392) Metaspace: 62863K(63616K)->62863K(63616K) NonClass: 55866K(56256K)->55866K(56256K) Class: 6997K(7360K)->6997K(7360K)
[2023-12-18T21:26:31.521+0100][6914.027s] GC(392) Pause Young (Normal) (G1 Evacuation Pause) 421M->130M(512M) 3.514ms
[2023-12-18T21:26:31.521+0100][6914.027s] GC(392) User=0.00s Sys=0.00s Real=0.00s
[2023-12-18T21:26:32.154+0100][6914.660s] GC(393) Pause Young (Normal) (G1 Evacuation Pause)
[2023-12-18T21:26:32.154+0100][6914.660s] GC(393) Using 10 workers of 10 for evacuation
[2023-12-18T21:26:32.157+0100][6914.663s] GC(393)   Pre Evacuate Collection Set: 0.1ms
[2023-12-18T21:26:32.157+0100][6914.663s] GC(393)   Merge Heap Roots: 0.0ms
[2023-12-18T21:26:32.157+0100][6914.663s] GC(393)   Evacuate Collection Set: 2.0ms
[2023-12-18T21:26:32.157+0100][6914.663s] GC(393)   Post Evacuate Collection Set: 0.5ms
[2023-12-18T21:26:32.157+0100][6914.663s] GC(393)   Other: 0.1ms
[2023-12-18T21:26:32.157+0100][6914.663s] GC(393) Eden regions: 292->0(294)
[2023-12-18T21:26:32.157+0100][6914.663s] GC(393) Survivor regions: 15->13(39)
[2023-12-18T21:26:32.157+0100][6914.663s] GC(393) Old regions: 112->113
[2023-12-18T21:26:32.157+0100][6914.663s] GC(393) Archive regions: 0->0
[2023-12-18T21:26:32.157+0100][6914.663s] GC(393) Humongous regions: 4->4
[2023-12-18T21:26:32.157+0100][6914.663s] GC(393) Metaspace: 62863K(63616K)->62863K(63616K) NonClass: 55866K(56256K)->55866K(56256K) Class: 6997K(7360K)->6997K(7360K)
[2023-12-18T21:26:32.157+0100][6914.663s] GC(393) Pause Young (Normal) (G1 Evacuation Pause) 422M->129M(512M) 2.929ms
[2023-12-18T21:26:32.157+0100][6914.663s] GC(393) User=0.16s Sys=0.00s Real=0.00s
[2023-12-18T21:26:32.795+0100][6915.301s] GC(394) Pause Young (Normal) (G1 Evacuation Pause)
[2023-12-18T21:26:32.795+0100][6915.301s] GC(394) Using 10 workers of 10 for evacuation
[2023-12-18T21:26:32.798+0100][6915.304s] GC(394)   Pre Evacuate Collection Set: 0.0ms
[2023-12-18T21:26:32.798+0100][6915.304s] GC(394)   Merge Heap Roots: 0.1ms
[2023-12-18T21:26:32.798+0100][6915.304s] GC(394)   Evacuate Collection Set: 2.2ms
[2023-12-18T21:26:32.798+0100][6915.304s] GC(394)   Post Evacuate Collection Set: 0.4ms
[2023-12-18T21:26:32.798+0100][6915.304s] GC(394)   Other: 0.1ms
[2023-12-18T21:26:32.798+0100][6915.304s] GC(394) Eden regions: 294->0(293)
[2023-12-18T21:26:32.798+0100][6915.304s] GC(394) Survivor regions: 13->14(39)
[2023-12-18T21:26:32.798+0100][6915.304s] GC(394) Old regions: 113->114
[2023-12-18T21:26:32.798+0100][6915.304s] GC(394) Archive regions: 0->0
[2023-12-18T21:26:32.798+0100][6915.304s] GC(394) Humongous regions: 4->4
[2023-12-18T21:26:32.798+0100][6915.304s] GC(394) Metaspace: 62864K(63616K)->62864K(63616K) NonClass: 55867K(56256K)->55867K(56256K) Class: 6997K(7360K)->6997K(7360K)
[2023-12-18T21:26:32.798+0100][6915.304s] GC(394) Pause Young (Normal) (G1 Evacuation Pause) 423M->131M(512M) 2.997ms
[2023-12-18T21:26:32.798+0100][6915.304s] GC(394) User=0.16s Sys=0.00s Real=0.00s
[2023-12-18T21:26:33.280+0100][6915.786s] GC(395) Pause Young (Concurrent Start) (CodeCache GC Threshold)
[2023-12-18T21:26:33.280+0100][6915.786s] GC(395) Using 10 workers of 10 for evacuation
[2023-12-18T21:26:33.283+0100][6915.789s] GC(395)   Pre Evacuate Collection Set: 0.1ms
[2023-12-18T21:26:33.283+0100][6915.789s] GC(395)   Merge Heap Roots: 0.1ms
[2023-12-18T21:26:33.283+0100][6915.789s] GC(395)   Evacuate Collection Set: 2.2ms
[2023-12-18T21:26:33.283+0100][6915.789s] GC(395)   Post Evacuate Collection Set: 0.5ms
[2023-12-18T21:26:33.283+0100][6915.789s] GC(395)   Other: 0.1ms
[2023-12-18T21:26:33.283+0100][6915.789s] GC(395) Eden regions: 229->0(293)
[2023-12-18T21:26:33.283+0100][6915.789s] GC(395) Survivor regions: 14->14(39)
[2023-12-18T21:26:33.283+0100][6915.789s] GC(395) Old regions: 114->115
[2023-12-18T21:26:33.283+0100][6915.789s] GC(395) Archive regions: 0->0
[2023-12-18T21:26:33.283+0100][6915.789s] GC(395) Humongous regions: 4->4
[2023-12-18T21:26:33.283+0100][6915.789s] GC(395) Metaspace: 62866K(63616K)->62866K(63616K) NonClass: 55869K(56256K)->55869K(56256K) Class: 6997K(7360K)->6997K(7360K)
[2023-12-18T21:26:33.283+0100][6915.789s] GC(395) Pause Young (Concurrent Start) (CodeCache GC Threshold) 360M->132M(512M) 3.259ms
[2023-12-18T21:26:33.283+0100][6915.789s] GC(396) Concurrent Mark Cycle
[2023-12-18T21:26:33.283+0100][6915.789s] GC(395) User=0.16s Sys=0.00s Real=0.00s
[2023-12-18T21:26:33.283+0100][6915.789s] GC(396) Concurrent Clear Claimed Marks
[2023-12-18T21:26:33.283+0100][6915.789s] GC(396) Concurrent Clear Claimed Marks 0.048ms
[2023-12-18T21:26:33.283+0100][6915.789s] GC(396) Concurrent Scan Root Regions
[2023-12-18T21:26:33.285+0100][6915.790s] GC(396) Concurrent Scan Root Regions 1.148ms
[2023-12-18T21:26:33.285+0100][6915.791s] GC(396) Concurrent Mark
[2023-12-18T21:26:33.285+0100][6915.791s] GC(396) Concurrent Mark From Roots
[2023-12-18T21:26:33.285+0100][6915.791s] GC(396) Using 3 workers of 3 for marking
[2023-12-18T21:26:33.311+0100][6915.817s] GC(396) Concurrent Mark From Roots 26.689ms
[2023-12-18T21:26:33.311+0100][6915.817s] GC(396) Concurrent Preclean
[2023-12-18T21:26:33.312+0100][6915.818s] GC(396) Concurrent Preclean 0.277ms
[2023-12-18T21:26:33.312+0100][6915.818s] GC(396) Pause Remark
[2023-12-18T21:26:33.315+0100][6915.821s] GC(396) Pause Remark 159M->159M(512M) 3.185ms
[2023-12-18T21:26:33.315+0100][6915.821s] GC(396) User=0.16s Sys=0.00s Real=0.00s
[2023-12-18T21:26:33.315+0100][6915.821s] GC(396) Concurrent Mark 30.385ms
[2023-12-18T21:26:33.315+0100][6915.821s] GC(396) Concurrent Rebuild Remembered Sets
[2023-12-18T21:26:33.328+0100][6915.834s] GC(396) Concurrent Rebuild Remembered Sets 13.091ms
[2023-12-18T21:26:33.328+0100][6915.834s] GC(396) Pause Cleanup
[2023-12-18T21:26:33.329+0100][6915.834s] GC(396) Pause Cleanup 163M->163M(512M) 0.156ms
[2023-12-18T21:26:33.329+0100][6915.834s] GC(396) User=0.17s Sys=0.00s Real=0.00s
[2023-12-18T21:26:33.329+0100][6915.834s] GC(396) Concurrent Cleanup for Next Mark
[2023-12-18T21:26:33.329+0100][6915.835s] GC(396) Concurrent Cleanup for Next Mark 0.819ms
[2023-12-18T21:26:33.330+0100][6915.835s] GC(396) Concurrent Mark Cycle 46.098ms
[2023-12-18T21:26:33.881+0100][6916.386s] GC(397) Pause Young (Prepare Mixed) (G1 Evacuation Pause)
[2023-12-18T21:26:33.881+0100][6916.386s] GC(397) Using 10 workers of 10 for evacuation
[2023-12-18T21:26:33.883+0100][6916.388s] GC(397)   Pre Evacuate Collection Set: 0.1ms
[2023-12-18T21:26:33.883+0100][6916.389s] GC(397)   Merge Heap Roots: 0.1ms
[2023-12-18T21:26:33.883+0100][6916.389s] GC(397)   Evacuate Collection Set: 1.9ms
[2023-12-18T21:26:33.883+0100][6916.389s] GC(397)   Post Evacuate Collection Set: 0.5ms
[2023-12-18T21:26:33.883+0100][6916.389s] GC(397)   Other: 0.1ms
[2023-12-18T21:26:33.883+0100][6916.389s] GC(397) Eden regions: 293->0(12)
[2023-12-18T21:26:33.883+0100][6916.389s] GC(397) Survivor regions: 14->13(39)
[2023-12-18T21:26:33.883+0100][6916.389s] GC(397) Old regions: 115->115
[2023-12-18T21:26:33.883+0100][6916.389s] GC(397) Archive regions: 0->0
[2023-12-18T21:26:33.883+0100][6916.389s] GC(397) Humongous regions: 4->4
[2023-12-18T21:26:33.883+0100][6916.389s] GC(397) Metaspace: 62866K(63616K)->62866K(63616K) NonClass: 55869K(56256K)->55869K(56256K) Class: 6997K(7360K)->6997K(7360K)
[2023-12-18T21:26:33.883+0100][6916.389s] GC(397) Pause Young (Prepare Mixed) (G1 Evacuation Pause) 425M->131M(512M) 2.894ms
[2023-12-18T21:26:33.883+0100][6916.389s] GC(397) User=0.00s Sys=0.00s Real=0.00s
[2023-12-18T21:26:33.904+0100][6916.410s] GC(398) Pause Young (Mixed) (G1 Evacuation Pause)
[2023-12-18T21:26:33.905+0100][6916.410s] GC(398) Using 10 workers of 10 for evacuation
[2023-12-18T21:26:33.907+0100][6916.412s] GC(398)   Pre Evacuate Collection Set: 0.1ms
[2023-12-18T21:26:33.907+0100][6916.413s] GC(398)   Merge Heap Roots: 0.1ms
[2023-12-18T21:26:33.907+0100][6916.413s] GC(398)   Evacuate Collection Set: 2.0ms
[2023-12-18T21:26:33.907+0100][6916.413s] GC(398)   Post Evacuate Collection Set: 0.4ms
[2023-12-18T21:26:33.907+0100][6916.413s] GC(398)   Other: 0.0ms
[2023-12-18T21:26:33.907+0100][6916.413s] GC(398) Eden regions: 12->0(304)
[2023-12-18T21:26:33.907+0100][6916.413s] GC(398) Survivor regions: 13->3(4)
[2023-12-18T21:26:33.907+0100][6916.413s] GC(398) Old regions: 115->120
[2023-12-18T21:26:33.907+0100][6916.413s] GC(398) Archive regions: 0->0
[2023-12-18T21:26:33.907+0100][6916.413s] GC(398) Humongous regions: 4->4
[2023-12-18T21:26:33.907+0100][6916.413s] GC(398) Metaspace: 62866K(63616K)->62866K(63616K) NonClass: 55869K(56256K)->55869K(56256K) Class: 6997K(7360K)->6997K(7360K)
[2023-12-18T21:26:33.907+0100][6916.413s] GC(398) Pause Young (Mixed) (G1 Evacuation Pause) 143M->126M(512M) 2.851ms
[2023-12-18T21:26:33.907+0100][6916.413s] GC(398) User=0.16s Sys=0.00s Real=0.00s
[2023-12-18T21:26:34.564+0100][6917.070s] GC(399) Pause Young (Normal) (G1 Evacuation Pause)
[2023-12-18T21:26:34.564+0100][6917.070s] GC(399) Using 10 workers of 10 for evacuation
[2023-12-18T21:26:34.566+0100][6917.071s] GC(399)   Pre Evacuate Collection Set: 0.1ms
[2023-12-18T21:26:34.566+0100][6917.072s] GC(399)   Merge Heap Roots: 0.1ms
[2023-12-18T21:26:34.566+0100][6917.072s] GC(399)   Evacuate Collection Set: 0.9ms
[2023-12-18T21:26:34.566+0100][6917.072s] GC(399)   Post Evacuate Collection Set: 0.5ms
[2023-12-18T21:26:34.566+0100][6917.072s] GC(399)   Other: 0.1ms
[2023-12-18T21:26:34.566+0100][6917.072s] GC(399) Eden regions: 304->0(302)
[2023-12-18T21:26:34.566+0100][6917.072s] GC(399) Survivor regions: 3->5(39)
[2023-12-18T21:26:34.566+0100][6917.072s] GC(399) Old regions: 120->120
[2023-12-18T21:26:34.566+0100][6917.072s] GC(399) Archive regions: 0->0
[2023-12-18T21:26:34.566+0100][6917.072s] GC(399) Humongous regions: 4->4
[2023-12-18T21:26:34.566+0100][6917.072s] GC(399) Metaspace: 62866K(63616K)->62866K(63616K) NonClass: 55869K(56256K)->55869K(56256K) Class: 6997K(7360K)->6997K(7360K)
[2023-12-18T21:26:34.566+0100][6917.072s] GC(399) Pause Young (Normal) (G1 Evacuation Pause) 430M->127M(512M) 1.903ms
[2023-12-18T21:26:34.566+0100][6917.072s] GC(399) User=0.00s Sys=0.00s Real=0.00s
[2023-12-18T21:26:35.159+0100][6917.664s] GC(400) Pause Young (Normal) (G1 Evacuation Pause)
[2023-12-18T21:26:35.159+0100][6917.664s] GC(400) Using 10 workers of 10 for evacuation
[2023-12-18T21:26:35.160+0100][6917.665s] GC(400)   Pre Evacuate Collection Set: 0.1ms
[2023-12-18T21:26:35.160+0100][6917.666s] GC(400)   Merge Heap Roots: 0.1ms
[2023-12-18T21:26:35.160+0100][6917.666s] GC(400)   Evacuate Collection Set: 0.6ms
[2023-12-18T21:26:35.160+0100][6917.666s] GC(400)   Post Evacuate Collection Set: 0.2ms
[2023-12-18T21:26:35.160+0100][6917.666s] GC(400)   Other: 0.1ms
[2023-12-18T21:26:35.160+0100][6917.666s] GC(400) Eden regions: 302->0(303)
[2023-12-18T21:26:35.160+0100][6917.666s] GC(400) Survivor regions: 5->4(39)
[2023-12-18T21:26:35.160+0100][6917.666s] GC(400) Old regions: 120->120
[2023-12-18T21:26:35.160+0100][6917.666s] GC(400) Archive regions: 0->0
[2023-12-18T21:26:35.160+0100][6917.666s] GC(400) Humongous regions: 4->4
[2023-12-18T21:26:35.160+0100][6917.666s] GC(400) Metaspace: 62866K(63616K)->62866K(63616K) NonClass: 55869K(56256K)->55869K(56256K) Class: 6997K(7360K)->6997K(7360K)
[2023-12-18T21:26:35.160+0100][6917.666s] GC(400) Pause Young (Normal) (G1 Evacuation Pause) 429M->126M(512M) 1.210ms
[2023-12-18T21:26:35.160+0100][6917.666s] GC(400) User=0.00s Sys=0.00s Real=0.00s
[2023-12-18T21:26:35.853+0100][6918.359s] GC(401) Pause Young (Concurrent Start) (G1 Evacuation Pause)
[2023-12-18T21:26:35.853+0100][6918.359s] GC(401) Using 10 workers of 10 for evacuation
[2023-12-18T21:26:35.855+0100][6918.360s] GC(401)   Pre Evacuate Collection Set: 0.1ms
[2023-12-18T21:26:35.855+0100][6918.360s] GC(401)   Merge Heap Roots: 0.1ms
[2023-12-18T21:26:35.855+0100][6918.361s] GC(401)   Evacuate Collection Set: 1.0ms
[2023-12-18T21:26:35.855+0100][6918.361s] GC(401)   Post Evacuate Collection Set: 0.5ms
[2023-12-18T21:26:35.855+0100][6918.361s] GC(401)   Other: 0.1ms
[2023-12-18T21:26:35.855+0100][6918.361s] GC(401) Eden regions: 303->0(302)
[2023-12-18T21:26:35.855+0100][6918.361s] GC(401) Survivor regions: 4->5(39)
[2023-12-18T21:26:35.855+0100][6918.361s] GC(401) Old regions: 120->120
[2023-12-18T21:26:35.855+0100][6918.361s] GC(401) Archive regions: 0->0
[2023-12-18T21:26:35.855+0100][6918.361s] GC(401) Humongous regions: 4->4
[2023-12-18T21:26:35.855+0100][6918.361s] GC(401) Metaspace: 62866K(63616K)->62866K(63616K) NonClass: 55869K(56256K)->55869K(56256K) Class: 6997K(7360K)->6997K(7360K)
[2023-12-18T21:26:35.855+0100][6918.361s] GC(401) Pause Young (Concurrent Start) (G1 Evacuation Pause) 429M->128M(512M) 1.940ms
[2023-12-18T21:26:35.855+0100][6918.361s] GC(402) Concurrent Mark Cycle
[2023-12-18T21:26:35.855+0100][6918.361s] GC(401) User=0.00s Sys=0.00s Real=0.00s
[2023-12-18T21:26:35.855+0100][6918.361s] GC(402) Concurrent Clear Claimed Marks
[2023-12-18T21:26:35.855+0100][6918.361s] GC(402) Concurrent Clear Claimed Marks 0.069ms
[2023-12-18T21:26:35.855+0100][6918.361s] GC(402) Concurrent Scan Root Regions
[2023-12-18T21:26:35.856+0100][6918.361s] GC(402) Concurrent Scan Root Regions 0.731ms
[2023-12-18T21:26:35.856+0100][6918.361s] GC(402) Concurrent Mark
[2023-12-18T21:26:35.856+0100][6918.361s] GC(402) Concurrent Mark From Roots
[2023-12-18T21:26:35.856+0100][6918.362s] GC(402) Using 3 workers of 3 for marking
[2023-12-18T21:26:35.878+0100][6918.384s] GC(402) Concurrent Mark From Roots 22.386ms
[2023-12-18T21:26:35.878+0100][6918.384s] GC(402) Concurrent Preclean
[2023-12-18T21:26:35.879+0100][6918.384s] GC(402) Concurrent Preclean 0.190ms
[2023-12-18T21:26:35.879+0100][6918.384s] GC(402) Pause Remark
[2023-12-18T21:26:35.882+0100][6918.388s] GC(402) Pause Remark 135M->135M(512M) 3.387ms
[2023-12-18T21:26:35.882+0100][6918.388s] GC(402) User=0.00s Sys=0.00s Real=0.00s
[2023-12-18T21:26:35.882+0100][6918.388s] GC(402) Concurrent Mark 26.188ms
[2023-12-18T21:26:35.882+0100][6918.388s] GC(402) Concurrent Rebuild Remembered Sets
[2023-12-18T21:26:35.897+0100][6918.402s] GC(402) Concurrent Rebuild Remembered Sets 14.414ms
[2023-12-18T21:26:35.897+0100][6918.402s] GC(402) Pause Cleanup
[2023-12-18T21:26:35.897+0100][6918.402s] GC(402) Pause Cleanup 143M->143M(512M) 0.134ms
[2023-12-18T21:26:35.897+0100][6918.402s] GC(402) User=0.00s Sys=0.00s Real=0.00s
[2023-12-18T21:26:35.897+0100][6918.402s] GC(402) Concurrent Cleanup for Next Mark
[2023-12-18T21:26:35.898+0100][6918.403s] GC(402) Concurrent Cleanup for Next Mark 0.730ms
[2023-12-18T21:26:35.898+0100][6918.403s] GC(402) Concurrent Mark Cycle 42.643ms
[2023-12-18T21:26:36.535+0100][6919.041s] GC(403) Pause Young (Prepare Mixed) (G1 Evacuation Pause)
[2023-12-18T21:26:36.535+0100][6919.041s] GC(403) Using 10 workers of 10 for evacuation
[2023-12-18T21:26:36.538+0100][6919.043s] GC(403)   Pre Evacuate Collection Set: 0.1ms
[2023-12-18T21:26:36.538+0100][6919.043s] GC(403)   Merge Heap Roots: 0.1ms
[2023-12-18T21:26:36.538+0100][6919.043s] GC(403)   Evacuate Collection Set: 1.3ms
[2023-12-18T21:26:36.538+0100][6919.043s] GC(403)   Post Evacuate Collection Set: 0.4ms
[2023-12-18T21:26:36.538+0100][6919.043s] GC(403)   Other: 0.1ms
[2023-12-18T21:26:36.538+0100][6919.043s] GC(403) Eden regions: 302->0(18)
[2023-12-18T21:26:36.538+0100][6919.043s] GC(403) Survivor regions: 5->7(39)
[2023-12-18T21:26:36.538+0100][6919.043s] GC(403) Old regions: 120->120
[2023-12-18T21:26:36.538+0100][6919.043s] GC(403) Archive regions: 0->0
[2023-12-18T21:26:36.538+0100][6919.043s] GC(403) Humongous regions: 4->4
[2023-12-18T21:26:36.538+0100][6919.043s] GC(403) Metaspace: 62866K(63616K)->62866K(63616K) NonClass: 55869K(56256K)->55869K(56256K) Class: 6997K(7360K)->6997K(7360K)
[2023-12-18T21:26:36.538+0100][6919.043s] GC(403) Pause Young (Prepare Mixed) (G1 Evacuation Pause) 430M->130M(512M) 2.174ms
[2023-12-18T21:26:36.538+0100][6919.043s] GC(403) User=0.00s Sys=0.00s Real=0.00s
[2023-12-18T21:26:36.563+0100][6919.068s] GC(404) Pause Young (Mixed) (G1 Evacuation Pause)
[2023-12-18T21:26:36.563+0100][6919.068s] GC(404) Using 10 workers of 10 for evacuation
[2023-12-18T21:26:36.564+0100][6919.070s] GC(404)   Pre Evacuate Collection Set: 0.1ms
[2023-12-18T21:26:36.564+0100][6919.070s] GC(404)   Merge Heap Roots: 0.1ms
[2023-12-18T21:26:36.564+0100][6919.070s] GC(404)   Evacuate Collection Set: 1.1ms
[2023-12-18T21:26:36.564+0100][6919.070s] GC(404)   Post Evacuate Collection Set: 0.4ms
[2023-12-18T21:26:36.564+0100][6919.070s] GC(404)   Other: 0.1ms
[2023-12-18T21:26:36.564+0100][6919.070s] GC(404) Eden regions: 18->0(306)
[2023-12-18T21:26:36.564+0100][6919.070s] GC(404) Survivor regions: 7->1(4)
[2023-12-18T21:26:36.564+0100][6919.070s] GC(404) Old regions: 120->121
[2023-12-18T21:26:36.564+0100][6919.070s] GC(404) Archive regions: 0->0
[2023-12-18T21:26:36.564+0100][6919.070s] GC(404) Humongous regions: 4->4
[2023-12-18T21:26:36.564+0100][6919.070s] GC(404) Metaspace: 62866K(63616K)->62866K(63616K) NonClass: 55869K(56256K)->55869K(56256K) Class: 6997K(7360K)->6997K(7360K)
[2023-12-18T21:26:36.564+0100][6919.070s] GC(404) Pause Young (Mixed) (G1 Evacuation Pause) 148M->125M(512M) 1.921ms
[2023-12-18T21:26:36.564+0100][6919.070s] GC(404) User=0.00s Sys=0.00s Real=0.00s
[2023-12-18T21:26:37.194+0100][6919.700s] GC(405) Pause Young (Normal) (G1 Evacuation Pause)
[2023-12-18T21:26:37.194+0100][6919.700s] GC(405) Using 10 workers of 10 for evacuation
[2023-12-18T21:26:37.196+0100][6919.701s] GC(405)   Pre Evacuate Collection Set: 0.1ms
[2023-12-18T21:26:37.196+0100][6919.701s] GC(405)   Merge Heap Roots: 0.1ms
[2023-12-18T21:26:37.196+0100][6919.701s] GC(405)   Evacuate Collection Set: 0.7ms
[2023-12-18T21:26:37.196+0100][6919.701s] GC(405)   Post Evacuate Collection Set: 0.4ms
[2023-12-18T21:26:37.196+0100][6919.701s] GC(405)   Other: 0.1ms
[2023-12-18T21:26:37.196+0100][6919.701s] GC(405) Eden regions: 306->0(303)
[2023-12-18T21:26:37.196+0100][6919.701s] GC(405) Survivor regions: 1->4(39)
[2023-12-18T21:26:37.196+0100][6919.701s] GC(405) Old regions: 121->121
[2023-12-18T21:26:37.196+0100][6919.701s] GC(405) Archive regions: 0->0
[2023-12-18T21:26:37.196+0100][6919.701s] GC(405) Humongous regions: 4->4
[2023-12-18T21:26:37.196+0100][6919.701s] GC(405) Metaspace: 62866K(63616K)->62866K(63616K) NonClass: 55869K(56256K)->55869K(56256K) Class: 6997K(7360K)->6997K(7360K)
[2023-12-18T21:26:37.196+0100][6919.701s] GC(405) Pause Young (Normal) (G1 Evacuation Pause) 431M->127M(512M) 1.535ms
[2023-12-18T21:26:37.196+0100][6919.701s] GC(405) User=0.00s Sys=0.00s Real=0.00s
[2023-12-18T21:26:37.791+0100][6920.297s] GC(406) Pause Young (Normal) (G1 Evacuation Pause)
[2023-12-18T21:26:37.791+0100][6920.298s] GC(406) Using 10 workers of 10 for evacuation
[2023-12-18T21:26:37.793+0100][6920.299s] GC(406)   Pre Evacuate Collection Set: 0.1ms
[2023-12-18T21:26:37.793+0100][6920.299s] GC(406)   Merge Heap Roots: 0.1ms
[2023-12-18T21:26:37.793+0100][6920.299s] GC(406)   Evacuate Collection Set: 0.9ms
[2023-12-18T21:26:37.793+0100][6920.299s] GC(406)   Post Evacuate Collection Set: 0.4ms
[2023-12-18T21:26:37.793+0100][6920.299s] GC(406)   Other: 0.1ms
[2023-12-18T21:26:37.793+0100][6920.299s] GC(406) Eden regions: 303->0(303)
[2023-12-18T21:26:37.793+0100][6920.299s] GC(406) Survivor regions: 4->4(39)
[2023-12-18T21:26:37.793+0100][6920.299s] GC(406) Old regions: 121->121
[2023-12-18T21:26:37.793+0100][6920.299s] GC(406) Archive regions: 0->0
[2023-12-18T21:26:37.793+0100][6920.299s] GC(406) Humongous regions: 4->4
[2023-12-18T21:26:37.793+0100][6920.299s] GC(406) Metaspace: 62866K(63616K)->62866K(63616K) NonClass: 55869K(56256K)->55869K(56256K) Class: 6997K(7360K)->6997K(7360K)
[2023-12-18T21:26:37.793+0100][6920.299s] GC(406) Pause Young (Normal) (G1 Evacuation Pause) 430M->128M(512M) 1.713ms
[2023-12-18T21:26:37.793+0100][6920.299s] GC(406) User=0.00s Sys=0.00s Real=0.00s
[2023-12-18T21:26:38.267+0100][6920.773s] GC(407) Pause Young (Concurrent Start) (CodeCache GC Threshold)
[2023-12-18T21:26:38.268+0100][6920.773s] GC(407) Using 10 workers of 10 for evacuation
[2023-12-18T21:26:38.269+0100][6920.774s] GC(407)   Pre Evacuate Collection Set: 0.1ms
[2023-12-18T21:26:38.269+0100][6920.774s] GC(407)   Merge Heap Roots: 0.1ms
[2023-12-18T21:26:38.269+0100][6920.774s] GC(407)   Evacuate Collection Set: 0.8ms
[2023-12-18T21:26:38.269+0100][6920.774s] GC(407)   Post Evacuate Collection Set: 0.3ms
[2023-12-18T21:26:38.269+0100][6920.774s] GC(407)   Other: 0.1ms
[2023-12-18T21:26:38.269+0100][6920.774s] GC(407) Eden regions: 232->0(303)
[2023-12-18T21:26:38.269+0100][6920.774s] GC(407) Survivor regions: 4->4(39)
[2023-12-18T21:26:38.269+0100][6920.774s] GC(407) Old regions: 121->121
[2023-12-18T21:26:38.269+0100][6920.774s] GC(407) Archive regions: 0->0
[2023-12-18T21:26:38.269+0100][6920.774s] GC(407) Humongous regions: 4->4
[2023-12-18T21:26:38.269+0100][6920.774s] GC(407) Metaspace: 62866K(63616K)->62866K(63616K) NonClass: 55869K(56256K)->55869K(56256K) Class: 6997K(7360K)->6997K(7360K)
[2023-12-18T21:26:38.269+0100][6920.774s] GC(407) Pause Young (Concurrent Start) (CodeCache GC Threshold) 359M->128M(512M) 1.603ms
[2023-12-18T21:26:38.269+0100][6920.774s] GC(408) Concurrent Mark Cycle
[2023-12-18T21:26:38.269+0100][6920.774s] GC(407) User=0.00s Sys=0.00s Real=0.00s
[2023-12-18T21:26:38.269+0100][6920.774s] GC(408) Concurrent Clear Claimed Marks
[2023-12-18T21:26:38.269+0100][6920.775s] GC(408) Concurrent Clear Claimed Marks 0.043ms
[2023-12-18T21:26:38.269+0100][6920.775s] GC(408) Concurrent Scan Root Regions
[2023-12-18T21:26:38.269+0100][6920.775s] GC(408) Concurrent Scan Root Regions 0.626ms
[2023-12-18T21:26:38.269+0100][6920.775s] GC(408) Concurrent Mark
[2023-12-18T21:26:38.269+0100][6920.775s] GC(408) Concurrent Mark From Roots
[2023-12-18T21:26:38.269+0100][6920.775s] GC(408) Using 3 workers of 3 for marking
[2023-12-18T21:26:38.294+0100][6920.799s] GC(408) Concurrent Mark From Roots 24.256ms
[2023-12-18T21:26:38.294+0100][6920.799s] GC(408) Concurrent Preclean
[2023-12-18T21:26:38.294+0100][6920.800s] GC(408) Concurrent Preclean 0.201ms
[2023-12-18T21:26:38.294+0100][6920.800s] GC(408) Pause Remark
[2023-12-18T21:26:38.297+0100][6920.803s] GC(408) Pause Remark 140M->140M(512M) 3.070ms
[2023-12-18T21:26:38.297+0100][6920.803s] GC(408) User=0.16s Sys=0.00s Real=0.00s
[2023-12-18T21:26:38.297+0100][6920.803s] GC(408) Concurrent Mark 27.762ms
[2023-12-18T21:26:38.297+0100][6920.803s] GC(408) Concurrent Rebuild Remembered Sets
[2023-12-18T21:26:38.310+0100][6920.815s] GC(408) Concurrent Rebuild Remembered Sets 12.379ms
[2023-12-18T21:26:38.310+0100][6920.815s] GC(408) Pause Cleanup
[2023-12-18T21:26:38.310+0100][6920.816s] GC(408) Pause Cleanup 144M->144M(512M) 0.218ms
[2023-12-18T21:26:38.310+0100][6920.816s] GC(408) User=0.00s Sys=0.00s Real=0.00s
[2023-12-18T21:26:38.310+0100][6920.816s] GC(408) Concurrent Cleanup for Next Mark
[2023-12-18T21:26:38.310+0100][6920.816s] GC(408) Concurrent Cleanup for Next Mark 0.601ms
[2023-12-18T21:26:38.310+0100][6920.816s] GC(408) Concurrent Mark Cycle 41.890ms
[2023-12-18T21:26:38.911+0100][6921.417s] GC(409) Pause Young (Prepare Mixed) (G1 Evacuation Pause)
[2023-12-18T21:26:38.911+0100][6921.417s] GC(409) Using 10 workers of 10 for evacuation
[2023-12-18T21:26:38.912+0100][6921.419s] GC(409)   Pre Evacuate Collection Set: 0.1ms
[2023-12-18T21:26:38.912+0100][6921.419s] GC(409)   Merge Heap Roots: 0.0ms
[2023-12-18T21:26:38.912+0100][6921.419s] GC(409)   Evacuate Collection Set: 1.2ms
[2023-12-18T21:26:38.912+0100][6921.419s] GC(409)   Post Evacuate Collection Set: 0.3ms
[2023-12-18T21:26:38.912+0100][6921.419s] GC(409)   Other: 0.1ms
[2023-12-18T21:26:38.912+0100][6921.419s] GC(409) Eden regions: 303->0(19)
[2023-12-18T21:26:38.912+0100][6921.419s] GC(409) Survivor regions: 4->6(39)
[2023-12-18T21:26:38.912+0100][6921.419s] GC(409) Old regions: 121->121
[2023-12-18T21:26:38.912+0100][6921.419s] GC(409) Archive regions: 0->0
[2023-12-18T21:26:38.912+0100][6921.419s] GC(409) Humongous regions: 4->4
[2023-12-18T21:26:38.913+0100][6921.419s] GC(409) Metaspace: 62866K(63616K)->62866K(63616K) NonClass: 55869K(56256K)->55869K(56256K) Class: 6997K(7360K)->6997K(7360K)
[2023-12-18T21:26:38.913+0100][6921.419s] GC(409) Pause Young (Prepare Mixed) (G1 Evacuation Pause) 431M->130M(512M) 1.804ms
[2023-12-18T21:26:38.913+0100][6921.419s] GC(409) User=0.00s Sys=0.00s Real=0.00s
[2023-12-18T21:26:38.961+0100][6921.467s] GC(410) Pause Young (Mixed) (G1 Evacuation Pause)
[2023-12-18T21:26:38.961+0100][6921.467s] GC(410) Using 10 workers of 10 for evacuation
[2023-12-18T21:26:38.963+0100][6921.469s] GC(410)   Pre Evacuate Collection Set: 0.1ms
[2023-12-18T21:26:38.963+0100][6921.469s] GC(410)   Merge Heap Roots: 0.1ms
[2023-12-18T21:26:38.963+0100][6921.469s] GC(410)   Evacuate Collection Set: 1.4ms
[2023-12-18T21:26:38.963+0100][6921.469s] GC(410)   Post Evacuate Collection Set: 0.4ms
[2023-12-18T21:26:38.963+0100][6921.469s] GC(410)   Other: 0.1ms
[2023-12-18T21:26:38.963+0100][6921.469s] GC(410) Eden regions: 19->0(305)
[2023-12-18T21:26:38.963+0100][6921.469s] GC(410) Survivor regions: 6->2(4)
[2023-12-18T21:26:38.963+0100][6921.469s] GC(410) Old regions: 121->122
[2023-12-18T21:26:38.963+0100][6921.469s] GC(410) Archive regions: 0->0
[2023-12-18T21:26:38.963+0100][6921.469s] GC(410) Humongous regions: 4->4
[2023-12-18T21:26:38.963+0100][6921.469s] GC(410) Metaspace: 62866K(63616K)->62866K(63616K) NonClass: 55869K(56256K)->55869K(56256K) Class: 6997K(7360K)->6997K(7360K)
[2023-12-18T21:26:38.963+0100][6921.469s] GC(410) Pause Young (Mixed) (G1 Evacuation Pause) 149M->126M(512M) 2.195ms
[2023-12-18T21:26:38.963+0100][6921.469s] GC(410) User=0.00s Sys=0.00s Real=0.00s
[2023-12-18T21:26:39.553+0100][6922.059s] GC(411) Pause Young (Normal) (G1 Evacuation Pause)
[2023-12-18T21:26:39.553+0100][6922.059s] GC(411) Using 10 workers of 10 for evacuation
[2023-12-18T21:26:39.554+0100][6922.060s] GC(411)   Pre Evacuate Collection Set: 0.0ms
[2023-12-18T21:26:39.554+0100][6922.060s] GC(411)   Merge Heap Roots: 0.1ms
[2023-12-18T21:26:39.554+0100][6922.060s] GC(411)   Evacuate Collection Set: 0.6ms
[2023-12-18T21:26:39.554+0100][6922.060s] GC(411)   Post Evacuate Collection Set: 0.3ms
[2023-12-18T21:26:39.554+0100][6922.060s] GC(411)   Other: 0.1ms
[2023-12-18T21:26:39.554+0100][6922.060s] GC(411) Eden regions: 305->0(304)
[2023-12-18T21:26:39.554+0100][6922.060s] GC(411) Survivor regions: 2->3(39)
[2023-12-18T21:26:39.554+0100][6922.060s] GC(411) Old regions: 122->122
[2023-12-18T21:26:39.554+0100][6922.060s] GC(411) Archive regions: 0->0
[2023-12-18T21:26:39.554+0100][6922.060s] GC(411) Humongous regions: 4->4
[2023-12-18T21:26:39.555+0100][6922.060s] GC(411) Metaspace: 62866K(63616K)->62866K(63616K) NonClass: 55869K(56256K)->55869K(56256K) Class: 6997K(7360K)->6997K(7360K)
[2023-12-18T21:26:39.555+0100][6922.060s] GC(411) Pause Young (Normal) (G1 Evacuation Pause) 431M->127M(512M) 1.204ms
[2023-12-18T21:26:39.555+0100][6922.060s] GC(411) User=0.00s Sys=0.00s Real=0.00s
[2023-12-18T21:26:40.201+0100][6922.706s] GC(412) Pause Young (Normal) (G1 Evacuation Pause)
[2023-12-18T21:26:40.201+0100][6922.706s] GC(412) Using 10 workers of 10 for evacuation
[2023-12-18T21:26:40.203+0100][6922.708s] GC(412)   Pre Evacuate Collection Set: 0.1ms
[2023-12-18T21:26:40.203+0100][6922.708s] GC(412)   Merge Heap Roots: 0.1ms
[2023-12-18T21:26:40.203+0100][6922.708s] GC(412)   Evacuate Collection Set: 0.9ms
[2023-12-18T21:26:40.203+0100][6922.708s] GC(412)   Post Evacuate Collection Set: 0.3ms
[2023-12-18T21:26:40.203+0100][6922.708s] GC(412)   Other: 0.1ms
[2023-12-18T21:26:40.203+0100][6922.708s] GC(412) Eden regions: 304->0(302)
[2023-12-18T21:26:40.203+0100][6922.708s] GC(412) Survivor regions: 3->5(39)
[2023-12-18T21:26:40.203+0100][6922.708s] GC(412) Old regions: 122->122
[2023-12-18T21:26:40.203+0100][6922.708s] GC(412) Archive regions: 0->0
[2023-12-18T21:26:40.203+0100][6922.708s] GC(412) Humongous regions: 4->4
[2023-12-18T21:26:40.203+0100][6922.708s] GC(412) Metaspace: 62866K(63616K)->62866K(63616K) NonClass: 55869K(56256K)->55869K(56256K) Class: 6997K(7360K)->6997K(7360K)
[2023-12-18T21:26:40.203+0100][6922.708s] GC(412) Pause Young (Normal) (G1 Evacuation Pause) 431M->129M(512M) 1.641ms
[2023-12-18T21:26:40.203+0100][6922.708s] GC(412) User=0.00s Sys=0.00s Real=0.00s
[2023-12-18T21:26:40.796+0100][6923.301s] GC(413) Pause Young (Concurrent Start) (G1 Evacuation Pause)
[2023-12-18T21:26:40.796+0100][6923.302s] GC(413) Using 10 workers of 10 for evacuation
[2023-12-18T21:26:40.797+0100][6923.303s] GC(413)   Pre Evacuate Collection Set: 0.2ms
[2023-12-18T21:26:40.797+0100][6923.303s] GC(413)   Merge Heap Roots: 0.1ms
[2023-12-18T21:26:40.797+0100][6923.303s] GC(413)   Evacuate Collection Set: 0.8ms
[2023-12-18T21:26:40.797+0100][6923.303s] GC(413)   Post Evacuate Collection Set: 0.4ms
[2023-12-18T21:26:40.797+0100][6923.303s] GC(413)   Other: 0.1ms
[2023-12-18T21:26:40.797+0100][6923.303s] GC(413) Eden regions: 302->0(303)
[2023-12-18T21:26:40.797+0100][6923.303s] GC(413) Survivor regions: 5->4(39)
[2023-12-18T21:26:40.797+0100][6923.303s] GC(413) Old regions: 122->122
[2023-12-18T21:26:40.797+0100][6923.303s] GC(413) Archive regions: 0->0
[2023-12-18T21:26:40.797+0100][6923.303s] GC(413) Humongous regions: 4->4
[2023-12-18T21:26:40.797+0100][6923.303s] GC(413) Metaspace: 62866K(63616K)->62866K(63616K) NonClass: 55869K(56256K)->55869K(56256K) Class: 6997K(7360K)->6997K(7360K)
[2023-12-18T21:26:40.798+0100][6923.303s] GC(413) Pause Young (Concurrent Start) (G1 Evacuation Pause) 431M->128M(512M) 1.637ms
[2023-12-18T21:26:40.798+0100][6923.303s] GC(414) Concurrent Mark Cycle
[2023-12-18T21:26:40.798+0100][6923.303s] GC(413) User=0.16s Sys=0.00s Real=0.00s
[2023-12-18T21:26:40.798+0100][6923.303s] GC(414) Concurrent Clear Claimed Marks
[2023-12-18T21:26:40.798+0100][6923.303s] GC(414) Concurrent Clear Claimed Marks 0.040ms
[2023-12-18T21:26:40.798+0100][6923.303s] GC(414) Concurrent Scan Root Regions
[2023-12-18T21:26:40.798+0100][6923.304s] GC(414) Concurrent Scan Root Regions 0.646ms
[2023-12-18T21:26:40.798+0100][6923.304s] GC(414) Concurrent Mark
[2023-12-18T21:26:40.798+0100][6923.304s] GC(414) Concurrent Mark From Roots
[2023-12-18T21:26:40.798+0100][6923.304s] GC(414) Using 3 workers of 3 for marking
[2023-12-18T21:26:40.823+0100][6923.329s] GC(414) Concurrent Mark From Roots 24.715ms
[2023-12-18T21:26:40.823+0100][6923.329s] GC(414) Concurrent Preclean
[2023-12-18T21:26:40.823+0100][6923.329s] GC(414) Concurrent Preclean 0.161ms
[2023-12-18T21:26:40.823+0100][6923.329s] GC(414) Pause Remark
[2023-12-18T21:26:40.826+0100][6923.332s] GC(414) Pause Remark 140M->140M(512M) 2.852ms
[2023-12-18T21:26:40.826+0100][6923.332s] GC(414) User=0.00s Sys=0.00s Real=0.00s
[2023-12-18T21:26:40.826+0100][6923.332s] GC(414) Concurrent Mark 27.939ms
[2023-12-18T21:26:40.826+0100][6923.332s] GC(414) Concurrent Rebuild Remembered Sets
[2023-12-18T21:26:40.839+0100][6923.344s] GC(414) Concurrent Rebuild Remembered Sets 12.171ms
[2023-12-18T21:26:40.839+0100][6923.344s] GC(414) Pause Cleanup
[2023-12-18T21:26:40.839+0100][6923.344s] GC(414) Pause Cleanup 143M->143M(512M) 0.139ms
[2023-12-18T21:26:40.839+0100][6923.344s] GC(414) User=0.00s Sys=0.00s Real=0.00s
[2023-12-18T21:26:40.839+0100][6923.344s] GC(414) Concurrent Cleanup for Next Mark
[2023-12-18T21:26:40.839+0100][6923.345s] GC(414) Concurrent Cleanup for Next Mark 0.654ms
[2023-12-18T21:26:40.839+0100][6923.345s] GC(414) Concurrent Mark Cycle 41.813ms
[2023-12-18T21:26:40.986+0100][6923.492s] GC(415) Pause Young (Concurrent Start) (CodeCache GC Threshold)
[2023-12-18T21:26:40.986+0100][6923.492s] GC(415) Using 10 workers of 10 for evacuation
[2023-12-18T21:26:40.988+0100][6923.494s] GC(415)   Pre Evacuate Collection Set: 0.1ms
[2023-12-18T21:26:40.988+0100][6923.494s] GC(415)   Merge Heap Roots: 0.1ms
[2023-12-18T21:26:40.988+0100][6923.494s] GC(415)   Evacuate Collection Set: 1.0ms
[2023-12-18T21:26:40.988+0100][6923.494s] GC(415)   Post Evacuate Collection Set: 0.4ms
[2023-12-18T21:26:40.988+0100][6923.494s] GC(415)   Other: 0.1ms
[2023-12-18T21:26:40.988+0100][6923.494s] GC(415) Eden regions: 79->0(302)
[2023-12-18T21:26:40.988+0100][6923.494s] GC(415) Survivor regions: 4->5(39)
[2023-12-18T21:26:40.988+0100][6923.494s] GC(415) Old regions: 122->122
[2023-12-18T21:26:40.988+0100][6923.494s] GC(415) Archive regions: 0->0
[2023-12-18T21:26:40.988+0100][6923.494s] GC(415) Humongous regions: 4->4
[2023-12-18T21:26:40.988+0100][6923.494s] GC(415) Metaspace: 62866K(63616K)->62866K(63616K) NonClass: 55869K(56256K)->55869K(56256K) Class: 6997K(7360K)->6997K(7360K)
[2023-12-18T21:26:40.988+0100][6923.494s] GC(415) Pause Young (Concurrent Start) (CodeCache GC Threshold) 207M->130M(512M) 1.894ms
[2023-12-18T21:26:40.988+0100][6923.494s] GC(416) Concurrent Mark Cycle
[2023-12-18T21:26:40.988+0100][6923.494s] GC(415) User=0.00s Sys=0.00s Real=0.00s
[2023-12-18T21:26:40.988+0100][6923.494s] GC(416) Concurrent Clear Claimed Marks
[2023-12-18T21:26:40.988+0100][6923.494s] GC(416) Concurrent Clear Claimed Marks 0.049ms
[2023-12-18T21:26:40.988+0100][6923.494s] GC(416) Concurrent Scan Root Regions
[2023-12-18T21:26:40.989+0100][6923.495s] GC(416) Concurrent Scan Root Regions 0.981ms
[2023-12-18T21:26:40.989+0100][6923.495s] GC(416) Concurrent Mark
[2023-12-18T21:26:40.989+0100][6923.495s] GC(416) Concurrent Mark From Roots
[2023-12-18T21:26:40.989+0100][6923.495s] GC(416) Using 3 workers of 3 for marking
[2023-12-18T21:26:41.022+0100][6923.527s] GC(416) Concurrent Mark From Roots 32.691ms
[2023-12-18T21:26:41.022+0100][6923.528s] GC(416) Concurrent Preclean
[2023-12-18T21:26:41.022+0100][6923.528s] GC(416) Concurrent Preclean 0.219ms
[2023-12-18T21:26:41.022+0100][6923.528s] GC(416) Pause Remark
[2023-12-18T21:26:41.025+0100][6923.530s] GC(416) Pause Remark 141M->141M(512M) 2.559ms
[2023-12-18T21:26:41.025+0100][6923.530s] GC(416) User=0.00s Sys=0.00s Real=0.00s
[2023-12-18T21:26:41.025+0100][6923.530s] GC(416) Concurrent Mark 35.688ms
[2023-12-18T21:26:41.025+0100][6923.530s] GC(416) Concurrent Rebuild Remembered Sets
[2023-12-18T21:26:41.038+0100][6923.544s] GC(416) Concurrent Rebuild Remembered Sets 13.271ms
[2023-12-18T21:26:41.038+0100][6923.544s] GC(416) Pause Cleanup
[2023-12-18T21:26:41.038+0100][6923.544s] GC(416) Pause Cleanup 145M->145M(512M) 0.152ms
[2023-12-18T21:26:41.038+0100][6923.544s] GC(416) User=0.00s Sys=0.00s Real=0.00s
[2023-12-18T21:26:41.038+0100][6923.544s] GC(416) Concurrent Cleanup for Next Mark
[2023-12-18T21:26:41.039+0100][6923.545s] GC(416) Concurrent Cleanup for Next Mark 0.839ms
[2023-12-18T21:26:41.039+0100][6923.545s] GC(416) Concurrent Mark Cycle 51.290ms
[2023-12-18T21:26:41.600+0100][6924.105s] GC(417) Pause Young (Prepare Mixed) (G1 Evacuation Pause)
[2023-12-18T21:26:41.600+0100][6924.105s] GC(417) Using 10 workers of 10 for evacuation
[2023-12-18T21:26:41.602+0100][6924.107s] GC(417)   Pre Evacuate Collection Set: 0.1ms
[2023-12-18T21:26:41.602+0100][6924.107s] GC(417)   Merge Heap Roots: 0.1ms
[2023-12-18T21:26:41.602+0100][6924.107s] GC(417)   Evacuate Collection Set: 1.2ms
[2023-12-18T21:26:41.602+0100][6924.107s] GC(417)   Post Evacuate Collection Set: 0.4ms
[2023-12-18T21:26:41.602+0100][6924.107s] GC(417)   Other: 0.1ms
[2023-12-18T21:26:41.602+0100][6924.107s] GC(417) Eden regions: 302->0(19)
[2023-12-18T21:26:41.602+0100][6924.107s] GC(417) Survivor regions: 5->6(39)
[2023-12-18T21:26:41.602+0100][6924.107s] GC(417) Old regions: 122->122
[2023-12-18T21:26:41.602+0100][6924.107s] GC(417) Archive regions: 0->0
[2023-12-18T21:26:41.602+0100][6924.107s] GC(417) Humongous regions: 4->4
[2023-12-18T21:26:41.602+0100][6924.107s] GC(417) Metaspace: 62866K(63616K)->62866K(63616K) NonClass: 55869K(56256K)->55869K(56256K) Class: 6997K(7360K)->6997K(7360K)
[2023-12-18T21:26:41.602+0100][6924.107s] GC(417) Pause Young (Prepare Mixed) (G1 Evacuation Pause) 432M->130M(512M) 2.051ms
[2023-12-18T21:26:41.602+0100][6924.107s] GC(417) User=0.00s Sys=0.00s Real=0.00s
[2023-12-18T21:26:41.633+0100][6924.138s] GC(418) Pause Young (Mixed) (G1 Evacuation Pause)
[2023-12-18T21:26:41.633+0100][6924.138s] GC(418) Using 10 workers of 10 for evacuation
[2023-12-18T21:26:41.635+0100][6924.140s] GC(418)   Pre Evacuate Collection Set: 0.0ms
[2023-12-18T21:26:41.635+0100][6924.140s] GC(418)   Merge Heap Roots: 0.0ms
[2023-12-18T21:26:41.635+0100][6924.140s] GC(418)   Evacuate Collection Set: 1.3ms
[2023-12-18T21:26:41.635+0100][6924.140s] GC(418)   Post Evacuate Collection Set: 0.2ms
[2023-12-18T21:26:41.635+0100][6924.140s] GC(418)   Other: 0.1ms
[2023-12-18T21:26:41.635+0100][6924.140s] GC(418) Eden regions: 19->0(306)
[2023-12-18T21:26:41.635+0100][6924.140s] GC(418) Survivor regions: 6->1(4)
[2023-12-18T21:26:41.635+0100][6924.140s] GC(418) Old regions: 122->123
[2023-12-18T21:26:41.635+0100][6924.140s] GC(418) Archive regions: 0->0
[2023-12-18T21:26:41.635+0100][6924.140s] GC(418) Humongous regions: 4->4
[2023-12-18T21:26:41.635+0100][6924.140s] GC(418) Metaspace: 62866K(63616K)->62866K(63616K) NonClass: 55869K(56256K)->55869K(56256K) Class: 6997K(7360K)->6997K(7360K)
[2023-12-18T21:26:41.635+0100][6924.140s] GC(418) Pause Young (Mixed) (G1 Evacuation Pause) 149M->126M(512M) 1.843ms
[2023-12-18T21:26:41.635+0100][6924.140s] GC(418) User=0.00s Sys=0.00s Real=0.00s
[2023-12-18T21:26:42.283+0100][6924.788s] GC(419) Pause Young (Normal) (G1 Evacuation Pause)
[2023-12-18T21:26:42.283+0100][6924.789s] GC(419) Using 10 workers of 10 for evacuation
[2023-12-18T21:26:42.284+0100][6924.790s] GC(419)   Pre Evacuate Collection Set: 0.1ms
[2023-12-18T21:26:42.284+0100][6924.790s] GC(419)   Merge Heap Roots: 0.1ms
[2023-12-18T21:26:42.284+0100][6924.790s] GC(419)   Evacuate Collection Set: 0.7ms
[2023-12-18T21:26:42.284+0100][6924.790s] GC(419)   Post Evacuate Collection Set: 0.4ms
[2023-12-18T21:26:42.284+0100][6924.790s] GC(419)   Other: 0.1ms
[2023-12-18T21:26:42.284+0100][6924.790s] GC(419) Eden regions: 306->0(304)
[2023-12-18T21:26:42.284+0100][6924.790s] GC(419) Survivor regions: 1->3(39)
[2023-12-18T21:26:42.284+0100][6924.790s] GC(419) Old regions: 123->123
[2023-12-18T21:26:42.284+0100][6924.790s] GC(419) Archive regions: 0->0
[2023-12-18T21:26:42.284+0100][6924.790s] GC(419) Humongous regions: 4->4
[2023-12-18T21:26:42.284+0100][6924.790s] GC(419) Metaspace: 62866K(63616K)->62866K(63616K) NonClass: 55869K(56256K)->55869K(56256K) Class: 6997K(7360K)->6997K(7360K)
[2023-12-18T21:26:42.284+0100][6924.790s] GC(419) Pause Young (Normal) (G1 Evacuation Pause) 432M->129M(512M) 1.573ms
[2023-12-18T21:26:42.284+0100][6924.790s] GC(419) User=0.00s Sys=0.00s Real=0.00s
[2023-12-18T21:26:42.876+0100][6925.381s] GC(420) Pause Young (Normal) (G1 Evacuation Pause)
[2023-12-18T21:26:42.876+0100][6925.381s] GC(420) Using 10 workers of 10 for evacuation
[2023-12-18T21:26:42.877+0100][6925.383s] GC(420)   Pre Evacuate Collection Set: 0.1ms
[2023-12-18T21:26:42.877+0100][6925.383s] GC(420)   Merge Heap Roots: 0.1ms
[2023-12-18T21:26:42.877+0100][6925.383s] GC(420)   Evacuate Collection Set: 0.9ms
[2023-12-18T21:26:42.877+0100][6925.383s] GC(420)   Post Evacuate Collection Set: 0.4ms
[2023-12-18T21:26:42.877+0100][6925.383s] GC(420)   Other: 0.1ms
[2023-12-18T21:26:42.877+0100][6925.383s] GC(420) Eden regions: 304->0(302)
[2023-12-18T21:26:42.877+0100][6925.383s] GC(420) Survivor regions: 3->5(39)
[2023-12-18T21:26:42.877+0100][6925.383s] GC(420) Old regions: 123->123
[2023-12-18T21:26:42.877+0100][6925.383s] GC(420) Archive regions: 0->0
[2023-12-18T21:26:42.877+0100][6925.383s] GC(420) Humongous regions: 4->4
[2023-12-18T21:26:42.877+0100][6925.383s] GC(420) Metaspace: 62866K(63616K)->62866K(63616K) NonClass: 55869K(56256K)->55869K(56256K) Class: 6997K(7360K)->6997K(7360K)
[2023-12-18T21:26:42.877+0100][6925.383s] GC(420) Pause Young (Normal) (G1 Evacuation Pause) 433M->130M(512M) 1.753ms
[2023-12-18T21:26:42.877+0100][6925.383s] GC(420) User=0.00s Sys=0.00s Real=0.00s
[2023-12-18T21:26:43.527+0100][6926.033s] GC(421) Pause Young (Concurrent Start) (G1 Evacuation Pause)
[2023-12-18T21:26:43.527+0100][6926.033s] GC(421) Using 10 workers of 10 for evacuation
[2023-12-18T21:26:43.529+0100][6926.035s] GC(421)   Pre Evacuate Collection Set: 0.1ms
[2023-12-18T21:26:43.529+0100][6926.035s] GC(421)   Merge Heap Roots: 0.1ms
[2023-12-18T21:26:43.529+0100][6926.035s] GC(421)   Evacuate Collection Set: 0.9ms
[2023-12-18T21:26:43.529+0100][6926.035s] GC(421)   Post Evacuate Collection Set: 0.4ms
[2023-12-18T21:26:43.529+0100][6926.035s] GC(421)   Other: 0.1ms
[2023-12-18T21:26:43.529+0100][6926.035s] GC(421) Eden regions: 302->0(302)
[2023-12-18T21:26:43.529+0100][6926.035s] GC(421) Survivor regions: 5->5(39)
[2023-12-18T21:26:43.529+0100][6926.035s] GC(421) Old regions: 123->123
[2023-12-18T21:26:43.529+0100][6926.035s] GC(421) Archive regions: 0->0
[2023-12-18T21:26:43.529+0100][6926.035s] GC(421) Humongous regions: 4->4
[2023-12-18T21:26:43.529+0100][6926.035s] GC(421) Metaspace: 62866K(63616K)->62866K(63616K) NonClass: 55869K(56256K)->55869K(56256K) Class: 6997K(7360K)->6997K(7360K)
[2023-12-18T21:26:43.529+0100][6926.035s] GC(421) Pause Young (Concurrent Start) (G1 Evacuation Pause) 432M->131M(512M) 1.768ms
[2023-12-18T21:26:43.529+0100][6926.035s] GC(422) Concurrent Mark Cycle
[2023-12-18T21:26:43.529+0100][6926.035s] GC(421) User=0.00s Sys=0.00s Real=0.00s
[2023-12-18T21:26:43.529+0100][6926.035s] GC(422) Concurrent Clear Claimed Marks
[2023-12-18T21:26:43.529+0100][6926.035s] GC(422) Concurrent Clear Claimed Marks 0.049ms
[2023-12-18T21:26:43.529+0100][6926.035s] GC(422) Concurrent Scan Root Regions
[2023-12-18T21:26:43.529+0100][6926.035s] GC(422) Concurrent Scan Root Regions 0.657ms
[2023-12-18T21:26:43.529+0100][6926.036s] GC(422) Concurrent Mark
[2023-12-18T21:26:43.529+0100][6926.036s] GC(422) Concurrent Mark From Roots
[2023-12-18T21:26:43.529+0100][6926.036s] GC(422) Using 3 workers of 3 for marking
[2023-12-18T21:26:43.552+0100][6926.058s] GC(422) Concurrent Mark From Roots 22.773ms
[2023-12-18T21:26:43.552+0100][6926.058s] GC(422) Concurrent Preclean
[2023-12-18T21:26:43.552+0100][6926.058s] GC(422) Concurrent Preclean 0.155ms
[2023-12-18T21:26:43.553+0100][6926.059s] GC(422) Pause Remark
[2023-12-18T21:26:43.557+0100][6926.063s] GC(422) Pause Remark 140M->140M(512M) 3.905ms
[2023-12-18T21:26:43.557+0100][6926.063s] GC(422) User=0.00s Sys=0.00s Real=0.00s
[2023-12-18T21:26:43.557+0100][6926.063s] GC(422) Concurrent Mark 27.144ms
[2023-12-18T21:26:43.557+0100][6926.063s] GC(422) Concurrent Rebuild Remembered Sets
[2023-12-18T21:26:43.572+0100][6926.077s] GC(422) Concurrent Rebuild Remembered Sets 14.809ms
[2023-12-18T21:26:43.572+0100][6926.078s] GC(422) Pause Cleanup
[2023-12-18T21:26:43.572+0100][6926.078s] GC(422) Pause Cleanup 144M->144M(512M) 0.150ms
[2023-12-18T21:26:43.572+0100][6926.078s] GC(422) User=0.00s Sys=0.00s Real=0.00s
[2023-12-18T21:26:43.572+0100][6926.078s] GC(422) Concurrent Cleanup for Next Mark
[2023-12-18T21:26:43.573+0100][6926.079s] GC(422) Concurrent Cleanup for Next Mark 0.873ms
[2023-12-18T21:26:43.573+0100][6926.079s] GC(422) Concurrent Mark Cycle 44.011ms
[2023-12-18T21:26:44.184+0100][6926.689s] GC(423) Pause Young (Prepare Mixed) (G1 Evacuation Pause)
[2023-12-18T21:26:44.184+0100][6926.689s] GC(423) Using 10 workers of 10 for evacuation
[2023-12-18T21:26:44.186+0100][6926.691s] GC(423)   Pre Evacuate Collection Set: 0.1ms
[2023-12-18T21:26:44.186+0100][6926.691s] GC(423)   Merge Heap Roots: 0.1ms
[2023-12-18T21:26:44.186+0100][6926.691s] GC(423)   Evacuate Collection Set: 1.3ms
[2023-12-18T21:26:44.186+0100][6926.691s] GC(423)   Post Evacuate Collection Set: 0.4ms
[2023-12-18T21:26:44.186+0100][6926.691s] GC(423)   Other: 0.1ms
[2023-12-18T21:26:44.186+0100][6926.691s] GC(423) Eden regions: 302->0(18)
[2023-12-18T21:26:44.186+0100][6926.691s] GC(423) Survivor regions: 5->7(39)
[2023-12-18T21:26:44.186+0100][6926.691s] GC(423) Old regions: 122->122
[2023-12-18T21:26:44.186+0100][6926.691s] GC(423) Archive regions: 0->0
[2023-12-18T21:26:44.186+0100][6926.691s] GC(423) Humongous regions: 4->4
[2023-12-18T21:26:44.186+0100][6926.691s] GC(423) Metaspace: 62866K(63616K)->62866K(63616K) NonClass: 55869K(56256K)->55869K(56256K) Class: 6997K(7360K)->6997K(7360K)
[2023-12-18T21:26:44.186+0100][6926.691s] GC(423) Pause Young (Prepare Mixed) (G1 Evacuation Pause) 432M->132M(512M) 2.089ms
[2023-12-18T21:26:44.186+0100][6926.691s] GC(423) User=0.00s Sys=0.00s Real=0.00s
[2023-12-18T21:26:44.196+0100][6926.701s] GC(424) Pause Young (Mixed) (G1 Evacuation Pause)
[2023-12-18T21:26:44.196+0100][6926.701s] GC(424) Using 10 workers of 10 for evacuation
[2023-12-18T21:26:44.199+0100][6926.704s] GC(424)   Pre Evacuate Collection Set: 0.1ms
[2023-12-18T21:26:44.199+0100][6926.704s] GC(424)   Merge Heap Roots: 0.1ms
[2023-12-18T21:26:44.199+0100][6926.704s] GC(424)   Evacuate Collection Set: 1.9ms
[2023-12-18T21:26:44.199+0100][6926.704s] GC(424)   Post Evacuate Collection Set: 0.4ms
[2023-12-18T21:26:44.199+0100][6926.704s] GC(424)   Other: 0.1ms
[2023-12-18T21:26:44.199+0100][6926.704s] GC(424) Eden regions: 18->0(306)
[2023-12-18T21:26:44.199+0100][6926.704s] GC(424) Survivor regions: 7->1(4)
[2023-12-18T21:26:44.199+0100][6926.704s] GC(424) Old regions: 122->124
[2023-12-18T21:26:44.199+0100][6926.704s] GC(424) Archive regions: 0->0
[2023-12-18T21:26:44.199+0100][6926.704s] GC(424) Humongous regions: 4->4
[2023-12-18T21:26:44.199+0100][6926.704s] GC(424) Metaspace: 62866K(63616K)->62866K(63616K) NonClass: 55869K(56256K)->55869K(56256K) Class: 6997K(7360K)->6997K(7360K)
[2023-12-18T21:26:44.199+0100][6926.704s] GC(424) Pause Young (Mixed) (G1 Evacuation Pause) 150M->128M(512M) 2.697ms
[2023-12-18T21:26:44.199+0100][6926.704s] GC(424) User=0.00s Sys=0.00s Real=0.00s
[2023-12-18T21:26:44.813+0100][6927.318s] GC(425) Pause Young (Normal) (G1 Evacuation Pause)
[2023-12-18T21:26:44.813+0100][6927.318s] GC(425) Using 10 workers of 10 for evacuation
[2023-12-18T21:26:44.814+0100][6927.319s] GC(425)   Pre Evacuate Collection Set: 0.0ms
[2023-12-18T21:26:44.814+0100][6927.319s] GC(425)   Merge Heap Roots: 0.0ms
[2023-12-18T21:26:44.814+0100][6927.320s] GC(425)   Evacuate Collection Set: 0.7ms
[2023-12-18T21:26:44.814+0100][6927.320s] GC(425)   Post Evacuate Collection Set: 0.3ms
[2023-12-18T21:26:44.814+0100][6927.320s] GC(425)   Other: 0.1ms
[2023-12-18T21:26:44.814+0100][6927.320s] GC(425) Eden regions: 306->0(303)
[2023-12-18T21:26:44.814+0100][6927.320s] GC(425) Survivor regions: 1->4(39)
[2023-12-18T21:26:44.814+0100][6927.320s] GC(425) Old regions: 124->124
[2023-12-18T21:26:44.814+0100][6927.320s] GC(425) Archive regions: 0->0
[2023-12-18T21:26:44.814+0100][6927.320s] GC(425) Humongous regions: 4->4
[2023-12-18T21:26:44.814+0100][6927.320s] GC(425) Metaspace: 62866K(63616K)->62866K(63616K) NonClass: 55869K(56256K)->55869K(56256K) Class: 6997K(7360K)->6997K(7360K)
[2023-12-18T21:26:44.814+0100][6927.320s] GC(425) Pause Young (Normal) (G1 Evacuation Pause) 434M->130M(512M) 1.264ms
[2023-12-18T21:26:44.814+0100][6927.320s] GC(425) User=0.00s Sys=0.00s Real=0.00s
[2023-12-18T21:26:45.452+0100][6927.957s] GC(426) Pause Young (Normal) (G1 Evacuation Pause)
[2023-12-18T21:26:45.452+0100][6927.957s] GC(426) Using 10 workers of 10 for evacuation
[2023-12-18T21:26:45.453+0100][6927.959s] GC(426)   Pre Evacuate Collection Set: 0.1ms
[2023-12-18T21:26:45.453+0100][6927.959s] GC(426)   Merge Heap Roots: 0.1ms
[2023-12-18T21:26:45.453+0100][6927.959s] GC(426)   Evacuate Collection Set: 1.0ms
[2023-12-18T21:26:45.453+0100][6927.959s] GC(426)   Post Evacuate Collection Set: 0.5ms
[2023-12-18T21:26:45.453+0100][6927.959s] GC(426)   Other: 0.1ms
[2023-12-18T21:26:45.453+0100][6927.959s] GC(426) Eden regions: 303->0(302)
[2023-12-18T21:26:45.453+0100][6927.959s] GC(426) Survivor regions: 4->5(39)
[2023-12-18T21:26:45.453+0100][6927.959s] GC(426) Old regions: 124->124
[2023-12-18T21:26:45.453+0100][6927.959s] GC(426) Archive regions: 0->0
[2023-12-18T21:26:45.453+0100][6927.959s] GC(426) Humongous regions: 4->4
[2023-12-18T21:26:45.453+0100][6927.959s] GC(426) Metaspace: 62866K(63616K)->62866K(63616K) NonClass: 55869K(56256K)->55869K(56256K) Class: 6997K(7360K)->6997K(7360K)
[2023-12-18T21:26:45.453+0100][6927.959s] GC(426) Pause Young (Normal) (G1 Evacuation Pause) 433M->131M(512M) 1.907ms
[2023-12-18T21:26:45.453+0100][6927.959s] GC(426) User=0.00s Sys=0.00s Real=0.00s
[2023-12-18T21:26:46.031+0100][6928.536s] GC(427) Pause Young (Concurrent Start) (G1 Evacuation Pause)
[2023-12-18T21:26:46.031+0100][6928.536s] GC(427) Using 10 workers of 10 for evacuation
[2023-12-18T21:26:46.032+0100][6928.538s] GC(427)   Pre Evacuate Collection Set: 0.1ms
[2023-12-18T21:26:46.032+0100][6928.538s] GC(427)   Merge Heap Roots: 0.1ms
[2023-12-18T21:26:46.032+0100][6928.538s] GC(427)   Evacuate Collection Set: 1.0ms
[2023-12-18T21:26:46.032+0100][6928.538s] GC(427)   Post Evacuate Collection Set: 0.5ms
[2023-12-18T21:26:46.032+0100][6928.538s] GC(427)   Other: 0.1ms
[2023-12-18T21:26:46.032+0100][6928.538s] GC(427) Eden regions: 302->0(302)
[2023-12-18T21:26:46.032+0100][6928.538s] GC(427) Survivor regions: 5->5(39)
[2023-12-18T21:26:46.032+0100][6928.538s] GC(427) Old regions: 124->124
[2023-12-18T21:26:46.032+0100][6928.538s] GC(427) Archive regions: 0->0
[2023-12-18T21:26:46.032+0100][6928.538s] GC(427) Humongous regions: 4->4
[2023-12-18T21:26:46.032+0100][6928.538s] GC(427) Metaspace: 62866K(63616K)->62866K(63616K) NonClass: 55869K(56256K)->55869K(56256K) Class: 6997K(7360K)->6997K(7360K)
[2023-12-18T21:26:46.032+0100][6928.538s] GC(427) Pause Young (Concurrent Start) (G1 Evacuation Pause) 433M->131M(512M) 1.887ms
[2023-12-18T21:26:46.032+0100][6928.538s] GC(428) Concurrent Mark Cycle
[2023-12-18T21:26:46.032+0100][6928.538s] GC(427) User=0.16s Sys=0.00s Real=0.00s
[2023-12-18T21:26:46.032+0100][6928.538s] GC(428) Concurrent Clear Claimed Marks
[2023-12-18T21:26:46.033+0100][6928.538s] GC(428) Concurrent Clear Claimed Marks 0.096ms
[2023-12-18T21:26:46.033+0100][6928.538s] GC(428) Concurrent Scan Root Regions
[2023-12-18T21:26:46.033+0100][6928.539s] GC(428) Concurrent Scan Root Regions 0.870ms
[2023-12-18T21:26:46.033+0100][6928.539s] GC(428) Concurrent Mark
[2023-12-18T21:26:46.033+0100][6928.539s] GC(428) Concurrent Mark From Roots
[2023-12-18T21:26:46.033+0100][6928.539s] GC(428) Using 3 workers of 3 for marking
[2023-12-18T21:26:46.055+0100][6928.561s] GC(428) Concurrent Mark From Roots 21.534ms
[2023-12-18T21:26:46.055+0100][6928.561s] GC(428) Concurrent Preclean
[2023-12-18T21:26:46.055+0100][6928.561s] GC(428) Concurrent Preclean 0.162ms
[2023-12-18T21:26:46.055+0100][6928.561s] GC(428) Pause Remark
[2023-12-18T21:26:46.059+0100][6928.564s] GC(428) Pause Remark 143M->143M(512M) 3.341ms
[2023-12-18T21:26:46.059+0100][6928.564s] GC(428) User=0.00s Sys=0.00s Real=0.00s
[2023-12-18T21:26:46.059+0100][6928.565s] GC(428) Concurrent Mark 25.297ms
[2023-12-18T21:26:46.059+0100][6928.565s] GC(428) Concurrent Rebuild Remembered Sets
[2023-12-18T21:26:46.071+0100][6928.577s] GC(428) Concurrent Rebuild Remembered Sets 12.405ms
[2023-12-18T21:26:46.072+0100][6928.577s] GC(428) Pause Cleanup
[2023-12-18T21:26:46.072+0100][6928.577s] GC(428) Pause Cleanup 146M->146M(512M) 0.167ms
[2023-12-18T21:26:46.072+0100][6928.577s] GC(428) User=0.00s Sys=0.00s Real=0.00s
[2023-12-18T21:26:46.072+0100][6928.577s] GC(428) Concurrent Cleanup for Next Mark
[2023-12-18T21:26:46.072+0100][6928.578s] GC(428) Concurrent Cleanup for Next Mark 0.654ms
[2023-12-18T21:26:46.072+0100][6928.578s] GC(428) Concurrent Mark Cycle 39.840ms
[2023-12-18T21:26:46.674+0100][6929.179s] GC(429) Pause Young (Prepare Mixed) (G1 Evacuation Pause)
[2023-12-18T21:26:46.674+0100][6929.179s] GC(429) Using 10 workers of 10 for evacuation
[2023-12-18T21:26:46.675+0100][6929.180s] GC(429)   Pre Evacuate Collection Set: 0.0ms
[2023-12-18T21:26:46.675+0100][6929.180s] GC(429)   Merge Heap Roots: 0.0ms
[2023-12-18T21:26:46.675+0100][6929.180s] GC(429)   Evacuate Collection Set: 1.0ms
[2023-12-18T21:26:46.675+0100][6929.180s] GC(429)   Post Evacuate Collection Set: 0.3ms
[2023-12-18T21:26:46.675+0100][6929.180s] GC(429)   Other: 0.1ms
[2023-12-18T21:26:46.675+0100][6929.180s] GC(429) Eden regions: 302->0(20)
[2023-12-18T21:26:46.675+0100][6929.180s] GC(429) Survivor regions: 5->5(39)
[2023-12-18T21:26:46.675+0100][6929.181s] GC(429) Old regions: 124->124
[2023-12-18T21:26:46.675+0100][6929.181s] GC(429) Archive regions: 0->0
[2023-12-18T21:26:46.675+0100][6929.181s] GC(429) Humongous regions: 4->4
[2023-12-18T21:26:46.675+0100][6929.181s] GC(429) Metaspace: 62866K(63616K)->62866K(63616K) NonClass: 55869K(56256K)->55869K(56256K) Class: 6997K(7360K)->6997K(7360K)
[2023-12-18T21:26:46.675+0100][6929.181s] GC(429) Pause Young (Prepare Mixed) (G1 Evacuation Pause) 433M->132M(512M) 1.593ms
[2023-12-18T21:26:46.675+0100][6929.181s] GC(429) User=0.00s Sys=0.00s Real=0.00s
[2023-12-18T21:26:46.725+0100][6929.230s] GC(430) Pause Young (Mixed) (G1 Evacuation Pause)
[2023-12-18T21:26:46.725+0100][6929.230s] GC(430) Using 10 workers of 10 for evacuation
[2023-12-18T21:26:46.727+0100][6929.232s] GC(430)   Pre Evacuate Collection Set: 0.0ms
[2023-12-18T21:26:46.727+0100][6929.232s] GC(430)   Merge Heap Roots: 0.0ms
[2023-12-18T21:26:46.727+0100][6929.232s] GC(430)   Evacuate Collection Set: 1.6ms
[2023-12-18T21:26:46.727+0100][6929.232s] GC(430)   Post Evacuate Collection Set: 0.2ms
[2023-12-18T21:26:46.727+0100][6929.232s] GC(430)   Other: 0.1ms
[2023-12-18T21:26:46.727+0100][6929.232s] GC(430) Eden regions: 20->0(306)
[2023-12-18T21:26:46.727+0100][6929.232s] GC(430) Survivor regions: 5->1(4)
[2023-12-18T21:26:46.727+0100][6929.232s] GC(430) Old regions: 124->126
[2023-12-18T21:26:46.727+0100][6929.232s] GC(430) Archive regions: 0->0
[2023-12-18T21:26:46.727+0100][6929.232s] GC(430) Humongous regions: 4->4
[2023-12-18T21:26:46.727+0100][6929.232s] GC(430) Metaspace: 62866K(63616K)->62866K(63616K) NonClass: 55869K(56256K)->55869K(56256K) Class: 6997K(7360K)->6997K(7360K)
[2023-12-18T21:26:46.727+0100][6929.232s] GC(430) Pause Young (Mixed) (G1 Evacuation Pause) 152M->129M(512M) 2.241ms
[2023-12-18T21:26:46.727+0100][6929.232s] GC(430) User=0.00s Sys=0.00s Real=0.00s
[2023-12-18T21:26:47.339+0100][6929.845s] GC(431) Pause Young (Normal) (G1 Evacuation Pause)
[2023-12-18T21:26:47.339+0100][6929.845s] GC(431) Using 10 workers of 10 for evacuation
[2023-12-18T21:26:47.341+0100][6929.846s] GC(431)   Pre Evacuate Collection Set: 0.1ms
[2023-12-18T21:26:47.341+0100][6929.847s] GC(431)   Merge Heap Roots: 0.1ms
[2023-12-18T21:26:47.341+0100][6929.847s] GC(431)   Evacuate Collection Set: 0.9ms
[2023-12-18T21:26:47.341+0100][6929.847s] GC(431)   Post Evacuate Collection Set: 0.4ms
[2023-12-18T21:26:47.341+0100][6929.847s] GC(431)   Other: 0.1ms
[2023-12-18T21:26:47.341+0100][6929.847s] GC(431) Eden regions: 306->0(303)
[2023-12-18T21:26:47.341+0100][6929.847s] GC(431) Survivor regions: 1->4(39)
[2023-12-18T21:26:47.341+0100][6929.847s] GC(431) Old regions: 126->126
[2023-12-18T21:26:47.341+0100][6929.847s] GC(431) Archive regions: 0->0
[2023-12-18T21:26:47.341+0100][6929.847s] GC(431) Humongous regions: 4->4
[2023-12-18T21:26:47.341+0100][6929.847s] GC(431) Metaspace: 62866K(63616K)->62866K(63616K) NonClass: 55869K(56256K)->55869K(56256K) Class: 6997K(7360K)->6997K(7360K)
[2023-12-18T21:26:47.341+0100][6929.847s] GC(431) Pause Young (Normal) (G1 Evacuation Pause) 435M->132M(512M) 1.765ms
[2023-12-18T21:26:47.341+0100][6929.847s] GC(431) User=0.00s Sys=0.00s Real=0.00s
[2023-12-18T21:26:47.974+0100][6930.480s] GC(432) Pause Young (Normal) (G1 Evacuation Pause)
[2023-12-18T21:26:47.974+0100][6930.480s] GC(432) Using 10 workers of 10 for evacuation
[2023-12-18T21:26:47.976+0100][6930.481s] GC(432)   Pre Evacuate Collection Set: 0.1ms
[2023-12-18T21:26:47.976+0100][6930.481s] GC(432)   Merge Heap Roots: 0.1ms
[2023-12-18T21:26:47.976+0100][6930.481s] GC(432)   Evacuate Collection Set: 0.8ms
[2023-12-18T21:26:47.976+0100][6930.481s] GC(432)   Post Evacuate Collection Set: 0.4ms
[2023-12-18T21:26:47.976+0100][6930.481s] GC(432)   Other: 0.1ms
[2023-12-18T21:26:47.976+0100][6930.481s] GC(432) Eden regions: 303->0(303)
[2023-12-18T21:26:47.976+0100][6930.481s] GC(432) Survivor regions: 4->4(39)
[2023-12-18T21:26:47.976+0100][6930.481s] GC(432) Old regions: 126->126
[2023-12-18T21:26:47.976+0100][6930.481s] GC(432) Archive regions: 0->0
[2023-12-18T21:26:47.976+0100][6930.481s] GC(432) Humongous regions: 4->4
[2023-12-18T21:26:47.976+0100][6930.481s] GC(432) Metaspace: 62866K(63616K)->62866K(63616K) NonClass: 55869K(56256K)->55869K(56256K) Class: 6997K(7360K)->6997K(7360K)
[2023-12-18T21:26:47.976+0100][6930.481s] GC(432) Pause Young (Normal) (G1 Evacuation Pause) 435M->133M(512M) 1.611ms
[2023-12-18T21:26:47.976+0100][6930.481s] GC(432) User=0.00s Sys=0.00s Real=0.00s
[2023-12-18T21:26:48.591+0100][6931.097s] GC(433) Pause Young (Concurrent Start) (G1 Evacuation Pause)
[2023-12-18T21:26:48.591+0100][6931.097s] GC(433) Using 10 workers of 10 for evacuation
[2023-12-18T21:26:48.592+0100][6931.098s] GC(433)   Pre Evacuate Collection Set: 0.1ms
[2023-12-18T21:26:48.592+0100][6931.098s] GC(433)   Merge Heap Roots: 0.0ms
[2023-12-18T21:26:48.592+0100][6931.098s] GC(433)   Evacuate Collection Set: 1.1ms
[2023-12-18T21:26:48.592+0100][6931.098s] GC(433)   Post Evacuate Collection Set: 0.3ms
[2023-12-18T21:26:48.592+0100][6931.098s] GC(433)   Other: 0.1ms
[2023-12-18T21:26:48.592+0100][6931.098s] GC(433) Eden regions: 303->0(301)
[2023-12-18T21:26:48.593+0100][6931.098s] GC(433) Survivor regions: 4->6(39)
[2023-12-18T21:26:48.593+0100][6931.098s] GC(433) Old regions: 126->126
[2023-12-18T21:26:48.593+0100][6931.098s] GC(433) Archive regions: 0->0
[2023-12-18T21:26:48.593+0100][6931.098s] GC(433) Humongous regions: 4->4
[2023-12-18T21:26:48.593+0100][6931.098s] GC(433) Metaspace: 62866K(63616K)->62866K(63616K) NonClass: 55869K(56256K)->55869K(56256K) Class: 6997K(7360K)->6997K(7360K)
[2023-12-18T21:26:48.593+0100][6931.099s] GC(433) Pause Young (Concurrent Start) (G1 Evacuation Pause) 436M->134M(512M) 1.910ms
[2023-12-18T21:26:48.593+0100][6931.099s] GC(434) Concurrent Mark Cycle
[2023-12-18T21:26:48.593+0100][6931.099s] GC(433) User=0.00s Sys=0.00s Real=0.00s
[2023-12-18T21:26:48.593+0100][6931.099s] GC(434) Concurrent Clear Claimed Marks
[2023-12-18T21:26:48.593+0100][6931.099s] GC(434) Concurrent Clear Claimed Marks 0.050ms
[2023-12-18T21:26:48.593+0100][6931.099s] GC(434) Concurrent Scan Root Regions
[2023-12-18T21:26:48.593+0100][6931.099s] GC(434) Concurrent Scan Root Regions 0.726ms
[2023-12-18T21:26:48.593+0100][6931.099s] GC(434) Concurrent Mark
[2023-12-18T21:26:48.593+0100][6931.099s] GC(434) Concurrent Mark From Roots
[2023-12-18T21:26:48.593+0100][6931.099s] GC(434) Using 3 workers of 3 for marking
[2023-12-18T21:26:48.614+0100][6931.119s] GC(434) Concurrent Mark From Roots 20.013ms
[2023-12-18T21:26:48.614+0100][6931.119s] GC(434) Concurrent Preclean
[2023-12-18T21:26:48.614+0100][6931.120s] GC(434) Concurrent Preclean 0.156ms
[2023-12-18T21:26:48.614+0100][6931.120s] GC(434) Pause Remark
[2023-12-18T21:26:48.618+0100][6931.124s] GC(434) Pause Remark 165M->165M(512M) 4.262ms
[2023-12-18T21:26:48.618+0100][6931.124s] GC(434) User=0.00s Sys=0.00s Real=0.00s
[2023-12-18T21:26:48.619+0100][6931.124s] GC(434) Concurrent Mark 24.762ms
[2023-12-18T21:26:48.619+0100][6931.124s] GC(434) Concurrent Rebuild Remembered Sets
[2023-12-18T21:26:48.631+0100][6931.137s] GC(434) Concurrent Rebuild Remembered Sets 12.828ms
[2023-12-18T21:26:48.632+0100][6931.137s] GC(434) Pause Cleanup
[2023-12-18T21:26:48.632+0100][6931.137s] GC(434) Pause Cleanup 169M->169M(512M) 0.166ms
[2023-12-18T21:26:48.632+0100][6931.137s] GC(434) User=0.00s Sys=0.00s Real=0.00s
[2023-12-18T21:26:48.632+0100][6931.137s] GC(434) Concurrent Cleanup for Next Mark
[2023-12-18T21:26:48.632+0100][6931.138s] GC(434) Concurrent Cleanup for Next Mark 0.670ms
[2023-12-18T21:26:48.633+0100][6931.138s] GC(434) Concurrent Mark Cycle 39.544ms
[2023-12-18T21:26:49.168+0100][6931.674s] GC(435) Pause Young (Prepare Mixed) (G1 Evacuation Pause)
[2023-12-18T21:26:49.168+0100][6931.674s] GC(435) Using 10 workers of 10 for evacuation
[2023-12-18T21:26:49.169+0100][6931.675s] GC(435)   Pre Evacuate Collection Set: 0.0ms
[2023-12-18T21:26:49.169+0100][6931.675s] GC(435)   Merge Heap Roots: 0.0ms
[2023-12-18T21:26:49.169+0100][6931.675s] GC(435)   Evacuate Collection Set: 0.8ms
[2023-12-18T21:26:49.169+0100][6931.675s] GC(435)   Post Evacuate Collection Set: 0.2ms
[2023-12-18T21:26:49.169+0100][6931.675s] GC(435)   Other: 0.1ms
[2023-12-18T21:26:49.169+0100][6931.675s] GC(435) Eden regions: 301->0(20)
[2023-12-18T21:26:49.169+0100][6931.675s] GC(435) Survivor regions: 6->5(39)
[2023-12-18T21:26:49.169+0100][6931.675s] GC(435) Old regions: 126->126
[2023-12-18T21:26:49.169+0100][6931.675s] GC(435) Archive regions: 0->0
[2023-12-18T21:26:49.169+0100][6931.675s] GC(435) Humongous regions: 4->4
[2023-12-18T21:26:49.170+0100][6931.675s] GC(435) Metaspace: 62866K(63616K)->62866K(63616K) NonClass: 55869K(56256K)->55869K(56256K) Class: 6997K(7360K)->6997K(7360K)
[2023-12-18T21:26:49.170+0100][6931.675s] GC(435) Pause Young (Prepare Mixed) (G1 Evacuation Pause) 435M->133M(512M) 1.338ms
[2023-12-18T21:26:49.170+0100][6931.675s] GC(435) User=0.00s Sys=0.00s Real=0.00s
[2023-12-18T21:26:49.218+0100][6931.724s] GC(436) Pause Young (Mixed) (G1 Evacuation Pause)
[2023-12-18T21:26:49.218+0100][6931.724s] GC(436) Using 10 workers of 10 for evacuation
[2023-12-18T21:26:49.221+0100][6931.726s] GC(436)   Pre Evacuate Collection Set: 0.1ms
[2023-12-18T21:26:49.221+0100][6931.726s] GC(436)   Merge Heap Roots: 0.1ms
[2023-12-18T21:26:49.221+0100][6931.726s] GC(436)   Evacuate Collection Set: 1.6ms
[2023-12-18T21:26:49.221+0100][6931.726s] GC(436)   Post Evacuate Collection Set: 0.3ms
[2023-12-18T21:26:49.221+0100][6931.726s] GC(436)   Other: 0.1ms
[2023-12-18T21:26:49.221+0100][6931.726s] GC(436) Eden regions: 20->0(304)
[2023-12-18T21:26:49.221+0100][6931.726s] GC(436) Survivor regions: 5->3(4)
[2023-12-18T21:26:49.221+0100][6931.726s] GC(436) Old regions: 126->125
[2023-12-18T21:26:49.221+0100][6931.726s] GC(436) Archive regions: 0->0
[2023-12-18T21:26:49.221+0100][6931.726s] GC(436) Humongous regions: 4->4
[2023-12-18T21:26:49.221+0100][6931.726s] GC(436) Metaspace: 62866K(63616K)->62866K(63616K) NonClass: 55869K(56256K)->55869K(56256K) Class: 6997K(7360K)->6997K(7360K)
[2023-12-18T21:26:49.221+0100][6931.726s] GC(436) Pause Young (Mixed) (G1 Evacuation Pause) 153M->131M(512M) 2.392ms
[2023-12-18T21:26:49.221+0100][6931.726s] GC(436) User=0.16s Sys=0.00s Real=0.00s
[2023-12-18T21:26:49.852+0100][6932.358s] GC(437) Pause Young (Normal) (G1 Evacuation Pause)
[2023-12-18T21:26:49.852+0100][6932.358s] GC(437) Using 10 workers of 10 for evacuation
[2023-12-18T21:26:49.854+0100][6932.359s] GC(437)   Pre Evacuate Collection Set: 0.1ms
[2023-12-18T21:26:49.854+0100][6932.359s] GC(437)   Merge Heap Roots: 0.1ms
[2023-12-18T21:26:49.854+0100][6932.359s] GC(437)   Evacuate Collection Set: 0.9ms
[2023-12-18T21:26:49.854+0100][6932.359s] GC(437)   Post Evacuate Collection Set: 0.4ms
[2023-12-18T21:26:49.854+0100][6932.359s] GC(437)   Other: 0.1ms
[2023-12-18T21:26:49.854+0100][6932.359s] GC(437) Eden regions: 304->0(303)
[2023-12-18T21:26:49.854+0100][6932.359s] GC(437) Survivor regions: 3->4(39)
[2023-12-18T21:26:49.854+0100][6932.359s] GC(437) Old regions: 125->125
[2023-12-18T21:26:49.854+0100][6932.359s] GC(437) Archive regions: 0->0
[2023-12-18T21:26:49.854+0100][6932.359s] GC(437) Humongous regions: 4->4
[2023-12-18T21:26:49.854+0100][6932.359s] GC(437) Metaspace: 62866K(63616K)->62866K(63616K) NonClass: 55869K(56256K)->55869K(56256K) Class: 6997K(7360K)->6997K(7360K)
[2023-12-18T21:26:49.854+0100][6932.359s] GC(437) Pause Young (Normal) (G1 Evacuation Pause) 435M->132M(512M) 1.822ms
[2023-12-18T21:26:49.854+0100][6932.359s] GC(437) User=0.00s Sys=0.00s Real=0.00s
[2023-12-18T21:26:50.462+0100][6932.968s] GC(438) Pause Young (Normal) (G1 Evacuation Pause)
[2023-12-18T21:26:50.463+0100][6932.968s] GC(438) Using 10 workers of 10 for evacuation
[2023-12-18T21:26:50.464+0100][6932.969s] GC(438)   Pre Evacuate Collection Set: 0.1ms
[2023-12-18T21:26:50.464+0100][6932.969s] GC(438)   Merge Heap Roots: 0.1ms
[2023-12-18T21:26:50.464+0100][6932.969s] GC(438)   Evacuate Collection Set: 0.9ms
[2023-12-18T21:26:50.464+0100][6932.969s] GC(438)   Post Evacuate Collection Set: 0.4ms
[2023-12-18T21:26:50.464+0100][6932.969s] GC(438)   Other: 0.1ms
[2023-12-18T21:26:50.464+0100][6932.969s] GC(438) Eden regions: 303->0(302)
[2023-12-18T21:26:50.464+0100][6932.969s] GC(438) Survivor regions: 4->5(39)
[2023-12-18T21:26:50.464+0100][6932.969s] GC(438) Old regions: 125->125
[2023-12-18T21:26:50.464+0100][6932.969s] GC(438) Archive regions: 0->0
[2023-12-18T21:26:50.464+0100][6932.969s] GC(438) Humongous regions: 4->4
[2023-12-18T21:26:50.464+0100][6932.969s] GC(438) Metaspace: 62866K(63616K)->62866K(63616K) NonClass: 55869K(56256K)->55869K(56256K) Class: 6997K(7360K)->6997K(7360K)
[2023-12-18T21:26:50.464+0100][6932.969s] GC(438) Pause Young (Normal) (G1 Evacuation Pause) 435M->133M(512M) 1.754ms
[2023-12-18T21:26:50.464+0100][6932.969s] GC(438) User=0.00s Sys=0.00s Real=0.00s
[2023-12-18T21:26:51.072+0100][6933.577s] GC(439) Pause Young (Concurrent Start) (G1 Evacuation Pause)
[2023-12-18T21:26:51.072+0100][6933.577s] GC(439) Using 10 workers of 10 for evacuation
[2023-12-18T21:26:51.073+0100][6933.579s] GC(439)   Pre Evacuate Collection Set: 0.1ms
[2023-12-18T21:26:51.073+0100][6933.579s] GC(439)   Merge Heap Roots: 0.0ms
[2023-12-18T21:26:51.073+0100][6933.579s] GC(439)   Evacuate Collection Set: 0.9ms
[2023-12-18T21:26:51.073+0100][6933.579s] GC(439)   Post Evacuate Collection Set: 0.3ms
[2023-12-18T21:26:51.073+0100][6933.579s] GC(439)   Other: 0.1ms
[2023-12-18T21:26:51.073+0100][6933.579s] GC(439) Eden regions: 302->0(302)
[2023-12-18T21:26:51.073+0100][6933.579s] GC(439) Survivor regions: 5->5(39)
[2023-12-18T21:26:51.073+0100][6933.579s] GC(439) Old regions: 125->125
[2023-12-18T21:26:51.073+0100][6933.579s] GC(439) Archive regions: 0->0
[2023-12-18T21:26:51.073+0100][6933.579s] GC(439) Humongous regions: 4->4
[2023-12-18T21:26:51.073+0100][6933.579s] GC(439) Metaspace: 62866K(63616K)->62866K(63616K) NonClass: 55869K(56256K)->55869K(56256K) Class: 6997K(7360K)->6997K(7360K)
[2023-12-18T21:26:51.073+0100][6933.579s] GC(439) Pause Young (Concurrent Start) (G1 Evacuation Pause) 435M->133M(512M) 1.650ms
[2023-12-18T21:26:51.073+0100][6933.579s] GC(440) Concurrent Mark Cycle
[2023-12-18T21:26:51.073+0100][6933.579s] GC(439) User=0.00s Sys=0.00s Real=0.00s
[2023-12-18T21:26:51.073+0100][6933.579s] GC(440) Concurrent Clear Claimed Marks
[2023-12-18T21:26:51.073+0100][6933.579s] GC(440) Concurrent Clear Claimed Marks 0.044ms
[2023-12-18T21:26:51.073+0100][6933.579s] GC(440) Concurrent Scan Root Regions
[2023-12-18T21:26:51.074+0100][6933.580s] GC(440) Concurrent Scan Root Regions 0.796ms
[2023-12-18T21:26:51.074+0100][6933.580s] GC(440) Concurrent Mark
[2023-12-18T21:26:51.074+0100][6933.580s] GC(440) Concurrent Mark From Roots
[2023-12-18T21:26:51.074+0100][6933.580s] GC(440) Using 3 workers of 3 for marking
[2023-12-18T21:26:51.094+0100][6933.599s] GC(440) Concurrent Mark From Roots 19.478ms
[2023-12-18T21:26:51.094+0100][6933.599s] GC(440) Concurrent Preclean
[2023-12-18T21:26:51.094+0100][6933.599s] GC(440) Concurrent Preclean 0.149ms
[2023-12-18T21:26:51.094+0100][6933.599s] GC(440) Pause Remark
[2023-12-18T21:26:51.098+0100][6933.603s] GC(440) Pause Remark 140M->140M(512M) 3.857ms
[2023-12-18T21:26:51.098+0100][6933.603s] GC(440) User=0.00s Sys=0.00s Real=0.00s
[2023-12-18T21:26:51.098+0100][6933.603s] GC(440) Concurrent Mark 23.709ms
[2023-12-18T21:26:51.098+0100][6933.603s] GC(440) Concurrent Rebuild Remembered Sets
[2023-12-18T21:26:51.110+0100][6933.616s] GC(440) Concurrent Rebuild Remembered Sets 12.455ms
[2023-12-18T21:26:51.110+0100][6933.616s] GC(440) Pause Cleanup
[2023-12-18T21:26:51.110+0100][6933.616s] GC(440) Pause Cleanup 144M->144M(512M) 0.172ms
[2023-12-18T21:26:51.110+0100][6933.616s] GC(440) User=0.00s Sys=0.00s Real=0.00s
[2023-12-18T21:26:51.110+0100][6933.616s] GC(440) Concurrent Cleanup for Next Mark
[2023-12-18T21:26:51.111+0100][6933.617s] GC(440) Concurrent Cleanup for Next Mark 0.707ms
[2023-12-18T21:26:51.111+0100][6933.617s] GC(440) Concurrent Mark Cycle 38.160ms
[2023-12-18T21:26:51.710+0100][6934.216s] GC(441) Pause Young (Prepare Mixed) (G1 Evacuation Pause)
[2023-12-18T21:26:51.710+0100][6934.216s] GC(441) Using 10 workers of 10 for evacuation
[2023-12-18T21:26:51.712+0100][6934.218s] GC(441)   Pre Evacuate Collection Set: 0.1ms
[2023-12-18T21:26:51.712+0100][6934.218s] GC(441)   Merge Heap Roots: 0.1ms
[2023-12-18T21:26:51.712+0100][6934.218s] GC(441)   Evacuate Collection Set: 1.3ms
[2023-12-18T21:26:51.712+0100][6934.218s] GC(441)   Post Evacuate Collection Set: 0.4ms
[2023-12-18T21:26:51.712+0100][6934.218s] GC(441)   Other: 0.1ms
[2023-12-18T21:26:51.712+0100][6934.218s] GC(441) Eden regions: 302->0(18)
[2023-12-18T21:26:51.712+0100][6934.218s] GC(441) Survivor regions: 5->7(39)
[2023-12-18T21:26:51.712+0100][6934.218s] GC(441) Old regions: 125->125
[2023-12-18T21:26:51.712+0100][6934.218s] GC(441) Archive regions: 0->0
[2023-12-18T21:26:51.712+0100][6934.218s] GC(441) Humongous regions: 4->4
[2023-12-18T21:26:51.712+0100][6934.218s] GC(441) Metaspace: 62866K(63616K)->62866K(63616K) NonClass: 55869K(56256K)->55869K(56256K) Class: 6997K(7360K)->6997K(7360K)
[2023-12-18T21:26:51.712+0100][6934.218s] GC(441) Pause Young (Prepare Mixed) (G1 Evacuation Pause) 435M->135M(512M) 2.109ms
[2023-12-18T21:26:51.712+0100][6934.218s] GC(441) User=0.00s Sys=0.00s Real=0.00s
[2023-12-18T21:26:51.726+0100][6934.232s] GC(442) Pause Young (Mixed) (G1 Evacuation Pause)
[2023-12-18T21:26:51.726+0100][6934.232s] GC(442) Using 10 workers of 10 for evacuation
[2023-12-18T21:26:51.728+0100][6934.234s] GC(442)   Pre Evacuate Collection Set: 0.1ms
[2023-12-18T21:26:51.728+0100][6934.234s] GC(442)   Merge Heap Roots: 0.1ms
[2023-12-18T21:26:51.728+0100][6934.234s] GC(442)   Evacuate Collection Set: 1.9ms
[2023-12-18T21:26:51.728+0100][6934.234s] GC(442)   Post Evacuate Collection Set: 0.3ms
[2023-12-18T21:26:51.728+0100][6934.234s] GC(442)   Other: 0.1ms
[2023-12-18T21:26:51.728+0100][6934.234s] GC(442) Eden regions: 18->0(305)
[2023-12-18T21:26:51.728+0100][6934.234s] GC(442) Survivor regions: 7->2(4)
[2023-12-18T21:26:51.728+0100][6934.234s] GC(442) Old regions: 125->129
[2023-12-18T21:26:51.729+0100][6934.234s] GC(442) Archive regions: 0->0
[2023-12-18T21:26:51.729+0100][6934.235s] GC(442) Humongous regions: 4->4
[2023-12-18T21:26:51.729+0100][6934.235s] GC(442) Metaspace: 62866K(63616K)->62866K(63616K) NonClass: 55869K(56256K)->55869K(56256K) Class: 6997K(7360K)->6997K(7360K)
[2023-12-18T21:26:51.729+0100][6934.235s] GC(442) Pause Young (Mixed) (G1 Evacuation Pause) 153M->134M(512M) 2.675ms
[2023-12-18T21:26:51.729+0100][6934.235s] GC(442) User=0.00s Sys=0.00s Real=0.00s
[2023-12-18T21:26:52.313+0100][6934.819s] GC(443) Pause Young (Normal) (G1 Evacuation Pause)
[2023-12-18T21:26:52.313+0100][6934.819s] GC(443) Using 10 workers of 10 for evacuation
[2023-12-18T21:26:52.314+0100][6934.820s] GC(443)   Pre Evacuate Collection Set: 0.1ms
[2023-12-18T21:26:52.314+0100][6934.820s] GC(443)   Merge Heap Roots: 0.1ms
[2023-12-18T21:26:52.314+0100][6934.820s] GC(443)   Evacuate Collection Set: 0.6ms
[2023-12-18T21:26:52.314+0100][6934.820s] GC(443)   Post Evacuate Collection Set: 0.4ms
[2023-12-18T21:26:52.314+0100][6934.820s] GC(443)   Other: 0.1ms
[2023-12-18T21:26:52.314+0100][6934.820s] GC(443) Eden regions: 305->0(304)
[2023-12-18T21:26:52.314+0100][6934.820s] GC(443) Survivor regions: 2->3(39)
[2023-12-18T21:26:52.314+0100][6934.820s] GC(443) Old regions: 129->129
[2023-12-18T21:26:52.314+0100][6934.820s] GC(443) Archive regions: 0->0
[2023-12-18T21:26:52.314+0100][6934.820s] GC(443) Humongous regions: 4->4
[2023-12-18T21:26:52.314+0100][6934.820s] GC(443) Metaspace: 62875K(63616K)->62875K(63616K) NonClass: 55876K(56256K)->55876K(56256K) Class: 6999K(7360K)->6999K(7360K)
[2023-12-18T21:26:52.314+0100][6934.820s] GC(443) Pause Young (Normal) (G1 Evacuation Pause) 439M->135M(512M) 1.374ms
[2023-12-18T21:26:52.314+0100][6934.820s] GC(443) User=0.00s Sys=0.00s Real=0.00s
[2023-12-18T21:26:52.875+0100][6935.381s] GC(444) Pause Young (Normal) (G1 Evacuation Pause)
[2023-12-18T21:26:52.875+0100][6935.381s] GC(444) Using 10 workers of 10 for evacuation
[2023-12-18T21:26:52.877+0100][6935.383s] GC(444)   Pre Evacuate Collection Set: 0.1ms
[2023-12-18T21:26:52.877+0100][6935.383s] GC(444)   Merge Heap Roots: 0.0ms
[2023-12-18T21:26:52.877+0100][6935.383s] GC(444)   Evacuate Collection Set: 0.7ms
[2023-12-18T21:26:52.877+0100][6935.383s] GC(444)   Post Evacuate Collection Set: 0.3ms
[2023-12-18T21:26:52.877+0100][6935.383s] GC(444)   Other: 0.1ms
[2023-12-18T21:26:52.877+0100][6935.383s] GC(444) Eden regions: 304->0(303)
[2023-12-18T21:26:52.877+0100][6935.383s] GC(444) Survivor regions: 3->4(39)
[2023-12-18T21:26:52.877+0100][6935.383s] GC(444) Old regions: 129->129
[2023-12-18T21:26:52.877+0100][6935.383s] GC(444) Archive regions: 0->0
[2023-12-18T21:26:52.877+0100][6935.383s] GC(444) Humongous regions: 4->4
[2023-12-18T21:26:52.877+0100][6935.383s] GC(444) Metaspace: 62883K(63616K)->62883K(63616K) NonClass: 55883K(56256K)->55883K(56256K) Class: 6999K(7360K)->6999K(7360K)
[2023-12-18T21:26:52.877+0100][6935.383s] GC(444) Pause Young (Normal) (G1 Evacuation Pause) 439M->135M(512M) 1.334ms
[2023-12-18T21:26:52.877+0100][6935.383s] GC(444) User=0.00s Sys=0.00s Real=0.00s
[2023-12-18T21:26:53.457+0100][6935.962s] GC(445) Pause Young (Concurrent Start) (G1 Evacuation Pause)
[2023-12-18T21:26:53.457+0100][6935.962s] GC(445) Using 10 workers of 10 for evacuation
[2023-12-18T21:26:53.458+0100][6935.963s] GC(445)   Pre Evacuate Collection Set: 0.1ms
[2023-12-18T21:26:53.458+0100][6935.963s] GC(445)   Merge Heap Roots: 0.1ms
[2023-12-18T21:26:53.458+0100][6935.964s] GC(445)   Evacuate Collection Set: 0.9ms
[2023-12-18T21:26:53.458+0100][6935.964s] GC(445)   Post Evacuate Collection Set: 0.3ms
[2023-12-18T21:26:53.458+0100][6935.964s] GC(445)   Other: 0.1ms
[2023-12-18T21:26:53.458+0100][6935.964s] GC(445) Eden regions: 303->0(303)
[2023-12-18T21:26:53.458+0100][6935.964s] GC(445) Survivor regions: 4->4(39)
[2023-12-18T21:26:53.458+0100][6935.964s] GC(445) Old regions: 129->129
[2023-12-18T21:26:53.458+0100][6935.964s] GC(445) Archive regions: 0->0
[2023-12-18T21:26:53.458+0100][6935.964s] GC(445) Humongous regions: 4->4
[2023-12-18T21:26:53.458+0100][6935.964s] GC(445) Metaspace: 62888K(63616K)->62888K(63616K) NonClass: 55888K(56256K)->55888K(56256K) Class: 6999K(7360K)->6999K(7360K)
[2023-12-18T21:26:53.458+0100][6935.964s] GC(445) Pause Young (Concurrent Start) (G1 Evacuation Pause) 438M->136M(512M) 1.635ms
[2023-12-18T21:26:53.458+0100][6935.964s] GC(446) Concurrent Mark Cycle
[2023-12-18T21:26:53.458+0100][6935.964s] GC(445) User=0.00s Sys=0.00s Real=0.00s
[2023-12-18T21:26:53.458+0100][6935.964s] GC(446) Concurrent Clear Claimed Marks
[2023-12-18T21:26:53.459+0100][6935.964s] GC(446) Concurrent Clear Claimed Marks 0.055ms
[2023-12-18T21:26:53.459+0100][6935.964s] GC(446) Concurrent Scan Root Regions
[2023-12-18T21:26:53.459+0100][6935.965s] GC(446) Concurrent Scan Root Regions 0.889ms
[2023-12-18T21:26:53.459+0100][6935.965s] GC(446) Concurrent Mark
[2023-12-18T21:26:53.459+0100][6935.965s] GC(446) Concurrent Mark From Roots
[2023-12-18T21:26:53.459+0100][6935.965s] GC(446) Using 3 workers of 3 for marking
[2023-12-18T21:26:53.483+0100][6935.989s] GC(446) Concurrent Mark From Roots 24.168ms
[2023-12-18T21:26:53.483+0100][6935.989s] GC(446) Concurrent Preclean
[2023-12-18T21:26:53.483+0100][6935.989s] GC(446) Concurrent Preclean 0.209ms
[2023-12-18T21:26:53.483+0100][6935.989s] GC(446) Pause Remark
[2023-12-18T21:26:53.486+0100][6935.992s] GC(446) Pause Remark 145M->145M(512M) 2.718ms
[2023-12-18T21:26:53.486+0100][6935.992s] GC(446) User=0.12s Sys=0.00s Real=0.00s
[2023-12-18T21:26:53.486+0100][6935.992s] GC(446) Concurrent Mark 27.309ms
[2023-12-18T21:26:53.486+0100][6935.992s] GC(446) Concurrent Rebuild Remembered Sets
[2023-12-18T21:26:53.502+0100][6936.008s] GC(446) Concurrent Rebuild Remembered Sets 15.970ms
[2023-12-18T21:26:53.502+0100][6936.008s] GC(446) Pause Cleanup
[2023-12-18T21:26:53.502+0100][6936.008s] GC(446) Pause Cleanup 154M->154M(512M) 0.154ms
[2023-12-18T21:26:53.502+0100][6936.008s] GC(446) User=0.00s Sys=0.00s Real=0.00s
[2023-12-18T21:26:53.502+0100][6936.008s] GC(446) Concurrent Cleanup for Next Mark
[2023-12-18T21:26:53.503+0100][6936.009s] GC(446) Concurrent Cleanup for Next Mark 0.743ms
[2023-12-18T21:26:53.503+0100][6936.009s] GC(446) Concurrent Mark Cycle 45.432ms
[2023-12-18T21:26:54.094+0100][6936.599s] GC(447) Pause Young (Prepare Mixed) (G1 Evacuation Pause)
[2023-12-18T21:26:54.094+0100][6936.599s] GC(447) Using 10 workers of 10 for evacuation
[2023-12-18T21:26:54.096+0100][6936.601s] GC(447)   Pre Evacuate Collection Set: 0.1ms
[2023-12-18T21:26:54.096+0100][6936.601s] GC(447)   Merge Heap Roots: 0.1ms
[2023-12-18T21:26:54.096+0100][6936.601s] GC(447)   Evacuate Collection Set: 1.1ms
[2023-12-18T21:26:54.096+0100][6936.601s] GC(447)   Post Evacuate Collection Set: 0.5ms
[2023-12-18T21:26:54.096+0100][6936.601s] GC(447)   Other: 0.1ms
[2023-12-18T21:26:54.096+0100][6936.601s] GC(447) Eden regions: 303->0(19)
[2023-12-18T21:26:54.096+0100][6936.601s] GC(447) Survivor regions: 4->6(39)
[2023-12-18T21:26:54.096+0100][6936.601s] GC(447) Old regions: 129->129
[2023-12-18T21:26:54.096+0100][6936.601s] GC(447) Archive regions: 0->0
[2023-12-18T21:26:54.096+0100][6936.601s] GC(447) Humongous regions: 4->4
[2023-12-18T21:26:54.096+0100][6936.601s] GC(447) Metaspace: 62888K(63616K)->62888K(63616K) NonClass: 55888K(56256K)->55888K(56256K) Class: 6999K(7360K)->6999K(7360K)
[2023-12-18T21:26:54.096+0100][6936.601s] GC(447) Pause Young (Prepare Mixed) (G1 Evacuation Pause) 439M->138M(512M) 2.032ms
[2023-12-18T21:26:54.096+0100][6936.601s] GC(447) User=0.00s Sys=0.00s Real=0.00s
[2023-12-18T21:26:54.133+0100][6936.638s] GC(448) Pause Young (Mixed) (G1 Evacuation Pause)
[2023-12-18T21:26:54.133+0100][6936.638s] GC(448) Using 10 workers of 10 for evacuation
[2023-12-18T21:26:54.135+0100][6936.641s] GC(448)   Pre Evacuate Collection Set: 0.1ms
[2023-12-18T21:26:54.135+0100][6936.641s] GC(448)   Merge Heap Roots: 0.1ms
[2023-12-18T21:26:54.135+0100][6936.641s] GC(448)   Evacuate Collection Set: 1.4ms
[2023-12-18T21:26:54.135+0100][6936.641s] GC(448)   Post Evacuate Collection Set: 0.3ms
[2023-12-18T21:26:54.135+0100][6936.641s] GC(448)   Other: 0.1ms
[2023-12-18T21:26:54.135+0100][6936.641s] GC(448) Eden regions: 19->0(306)
[2023-12-18T21:26:54.135+0100][6936.641s] GC(448) Survivor regions: 6->1(4)
[2023-12-18T21:26:54.135+0100][6936.641s] GC(448) Old regions: 129->132
[2023-12-18T21:26:54.135+0100][6936.641s] GC(448) Archive regions: 0->0
[2023-12-18T21:26:54.135+0100][6936.641s] GC(448) Humongous regions: 4->4
[2023-12-18T21:26:54.135+0100][6936.641s] GC(448) Metaspace: 62888K(63616K)->62888K(63616K) NonClass: 55888K(56256K)->55888K(56256K) Class: 6999K(7360K)->6999K(7360K)
[2023-12-18T21:26:54.135+0100][6936.641s] GC(448) Pause Young (Mixed) (G1 Evacuation Pause) 157M->136M(512M) 2.234ms
[2023-12-18T21:26:54.135+0100][6936.641s] GC(448) User=0.00s Sys=0.00s Real=0.00s
[2023-12-18T21:26:54.668+0100][6937.174s] GC(449) Pause Young (Normal) (G1 Evacuation Pause)
[2023-12-18T21:26:54.668+0100][6937.174s] GC(449) Using 10 workers of 10 for evacuation
[2023-12-18T21:26:54.669+0100][6937.175s] GC(449)   Pre Evacuate Collection Set: 0.1ms
[2023-12-18T21:26:54.669+0100][6937.175s] GC(449)   Merge Heap Roots: 0.1ms
[2023-12-18T21:26:54.669+0100][6937.175s] GC(449)   Evacuate Collection Set: 0.8ms
[2023-12-18T21:26:54.669+0100][6937.175s] GC(449)   Post Evacuate Collection Set: 0.4ms
[2023-12-18T21:26:54.669+0100][6937.175s] GC(449)   Other: 0.1ms
[2023-12-18T21:26:54.669+0100][6937.175s] GC(449) Eden regions: 306->0(304)
[2023-12-18T21:26:54.669+0100][6937.175s] GC(449) Survivor regions: 1->3(39)
[2023-12-18T21:26:54.669+0100][6937.175s] GC(449) Old regions: 132->132
[2023-12-18T21:26:54.669+0100][6937.175s] GC(449) Archive regions: 0->0
[2023-12-18T21:26:54.669+0100][6937.175s] GC(449) Humongous regions: 4->4
[2023-12-18T21:26:54.669+0100][6937.175s] GC(449) Metaspace: 62894K(63616K)->62894K(63616K) NonClass: 55895K(56256K)->55895K(56256K) Class: 6999K(7360K)->6999K(7360K)
[2023-12-18T21:26:54.669+0100][6937.175s] GC(449) Pause Young (Normal) (G1 Evacuation Pause) 442M->138M(512M) 1.685ms
[2023-12-18T21:26:54.669+0100][6937.175s] GC(449) User=0.00s Sys=0.00s Real=0.00s
[2023-12-18T21:26:55.293+0100][6937.799s] GC(450) Pause Young (Normal) (G1 Evacuation Pause)
[2023-12-18T21:26:55.293+0100][6937.799s] GC(450) Using 10 workers of 10 for evacuation
[2023-12-18T21:26:55.295+0100][6937.801s] GC(450)   Pre Evacuate Collection Set: 0.0ms
[2023-12-18T21:26:55.295+0100][6937.801s] GC(450)   Merge Heap Roots: 0.0ms
[2023-12-18T21:26:55.295+0100][6937.801s] GC(450)   Evacuate Collection Set: 1.1ms
[2023-12-18T21:26:55.295+0100][6937.801s] GC(450)   Post Evacuate Collection Set: 0.4ms
[2023-12-18T21:26:55.295+0100][6937.801s] GC(450)   Other: 0.1ms
[2023-12-18T21:26:55.295+0100][6937.801s] GC(450) Eden regions: 304->0(302)
[2023-12-18T21:26:55.295+0100][6937.801s] GC(450) Survivor regions: 3->5(39)
[2023-12-18T21:26:55.295+0100][6937.801s] GC(450) Old regions: 132->132
[2023-12-18T21:26:55.295+0100][6937.801s] GC(450) Archive regions: 0->0
[2023-12-18T21:26:55.295+0100][6937.801s] GC(450) Humongous regions: 4->4
[2023-12-18T21:26:55.295+0100][6937.801s] GC(450) Metaspace: 62897K(63616K)->62897K(63616K) NonClass: 55897K(56256K)->55897K(56256K) Class: 6999K(7360K)->6999K(7360K)
[2023-12-18T21:26:55.295+0100][6937.801s] GC(450) Pause Young (Normal) (G1 Evacuation Pause) 442M->140M(512M) 1.904ms
[2023-12-18T21:26:55.295+0100][6937.801s] GC(450) User=0.00s Sys=0.00s Real=0.00s
[2023-12-18T21:37:46.113+0100][7588.618s] GC(451) Pause Young (Concurrent Start) (G1 Evacuation Pause)
[2023-12-18T21:37:46.113+0100][7588.618s] GC(451) Using 10 workers of 10 for evacuation
[2023-12-18T21:37:46.115+0100][7588.620s] GC(451)   Pre Evacuate Collection Set: 0.1ms
[2023-12-18T21:37:46.115+0100][7588.621s] GC(451)   Merge Heap Roots: 0.1ms
[2023-12-18T21:37:46.115+0100][7588.621s] GC(451)   Evacuate Collection Set: 1.2ms
[2023-12-18T21:37:46.115+0100][7588.621s] GC(451)   Post Evacuate Collection Set: 0.5ms
[2023-12-18T21:37:46.115+0100][7588.621s] GC(451)   Other: 0.1ms
[2023-12-18T21:37:46.115+0100][7588.621s] GC(451) Eden regions: 302->0(303)
[2023-12-18T21:37:46.115+0100][7588.621s] GC(451) Survivor regions: 5->4(39)
[2023-12-18T21:37:46.115+0100][7588.621s] GC(451) Old regions: 132->132
[2023-12-18T21:37:46.115+0100][7588.621s] GC(451) Archive regions: 0->0
[2023-12-18T21:37:46.115+0100][7588.621s] GC(451) Humongous regions: 4->4
[2023-12-18T21:37:46.115+0100][7588.621s] GC(451) Metaspace: 62917K(63616K)->62917K(63616K) NonClass: 55917K(56256K)->55917K(56256K) Class: 6999K(7360K)->6999K(7360K)
[2023-12-18T21:37:46.115+0100][7588.621s] GC(451) Pause Young (Concurrent Start) (G1 Evacuation Pause) 442M->139M(512M) 2.265ms
[2023-12-18T21:37:46.115+0100][7588.621s] GC(451) User=0.00s Sys=0.00s Real=0.00s
[2023-12-18T21:37:46.115+0100][7588.621s] GC(452) Concurrent Mark Cycle
[2023-12-18T21:37:46.115+0100][7588.621s] GC(452) Concurrent Clear Claimed Marks
[2023-12-18T21:37:46.115+0100][7588.621s] GC(452) Concurrent Clear Claimed Marks 0.031ms
[2023-12-18T21:37:46.115+0100][7588.621s] GC(452) Concurrent Scan Root Regions
[2023-12-18T21:37:46.116+0100][7588.621s] GC(452) Concurrent Scan Root Regions 0.606ms
[2023-12-18T21:37:46.116+0100][7588.621s] GC(452) Concurrent Mark
[2023-12-18T21:37:46.116+0100][7588.621s] GC(452) Concurrent Mark From Roots
[2023-12-18T21:37:46.116+0100][7588.621s] GC(452) Using 3 workers of 3 for marking
[2023-12-18T21:37:46.133+0100][7588.638s] GC(452) Concurrent Mark From Roots 16.906ms
[2023-12-18T21:37:46.133+0100][7588.638s] GC(452) Concurrent Preclean
[2023-12-18T21:37:46.133+0100][7588.639s] GC(452) Concurrent Preclean 0.139ms
[2023-12-18T21:37:46.133+0100][7588.639s] GC(452) Pause Remark
[2023-12-18T21:37:46.140+0100][7588.646s] GC(452) Pause Remark 144M->144M(512M) 6.965ms
[2023-12-18T21:37:46.140+0100][7588.646s] GC(452) User=0.00s Sys=0.00s Real=0.01s
[2023-12-18T21:37:46.140+0100][7588.646s] GC(452) Concurrent Mark 24.265ms
[2023-12-18T21:37:46.140+0100][7588.646s] GC(452) Concurrent Rebuild Remembered Sets
[2023-12-18T21:37:46.154+0100][7588.659s] GC(452) Concurrent Rebuild Remembered Sets 13.691ms
[2023-12-18T21:37:46.154+0100][7588.660s] GC(452) Pause Cleanup
[2023-12-18T21:37:46.154+0100][7588.660s] GC(452) Pause Cleanup 147M->147M(512M) 0.212ms
[2023-12-18T21:37:46.154+0100][7588.660s] GC(452) User=0.00s Sys=0.00s Real=0.00s
[2023-12-18T21:37:46.154+0100][7588.660s] GC(452) Concurrent Cleanup for Next Mark
[2023-12-18T21:37:46.156+0100][7588.661s] GC(452) Concurrent Cleanup for Next Mark 1.058ms
[2023-12-18T21:37:46.156+0100][7588.661s] GC(452) Concurrent Mark Cycle 40.317ms
[2023-12-18T21:38:58.022+0100][7660.527s] GC(453) Pause Young (Prepare Mixed) (G1 Evacuation Pause)
[2023-12-18T21:38:58.022+0100][7660.527s] GC(453) Using 10 workers of 10 for evacuation
[2023-12-18T21:38:58.023+0100][7660.529s] GC(453)   Pre Evacuate Collection Set: 0.1ms
[2023-12-18T21:38:58.023+0100][7660.529s] GC(453)   Merge Heap Roots: 0.1ms
[2023-12-18T21:38:58.023+0100][7660.529s] GC(453)   Evacuate Collection Set: 0.8ms
[2023-12-18T21:38:58.023+0100][7660.529s] GC(453)   Post Evacuate Collection Set: 0.5ms
[2023-12-18T21:38:58.023+0100][7660.529s] GC(453)   Other: 0.1ms
[2023-12-18T21:38:58.023+0100][7660.529s] GC(453) Eden regions: 303->0(21)
[2023-12-18T21:38:58.023+0100][7660.529s] GC(453) Survivor regions: 4->4(39)
[2023-12-18T21:38:58.023+0100][7660.529s] GC(453) Old regions: 132->132
[2023-12-18T21:38:58.023+0100][7660.529s] GC(453) Archive regions: 0->0
[2023-12-18T21:38:58.023+0100][7660.529s] GC(453) Humongous regions: 4->4
[2023-12-18T21:38:58.023+0100][7660.529s] GC(453) Metaspace: 62887K(63616K)->62887K(63616K) NonClass: 55895K(56256K)->55895K(56256K) Class: 6991K(7360K)->6991K(7360K)
[2023-12-18T21:38:58.023+0100][7660.529s] GC(453) Pause Young (Prepare Mixed) (G1 Evacuation Pause) 442M->139M(512M) 1.792ms
[2023-12-18T21:38:58.023+0100][7660.529s] GC(453) User=0.00s Sys=0.00s Real=0.00s
[2023-12-18T21:39:00.921+0100][7663.427s] GC(454) Pause Young (Mixed) (G1 Evacuation Pause)
[2023-12-18T21:39:00.921+0100][7663.427s] GC(454) Using 10 workers of 10 for evacuation
[2023-12-18T21:39:00.923+0100][7663.429s] GC(454)   Pre Evacuate Collection Set: 0.1ms
[2023-12-18T21:39:00.923+0100][7663.429s] GC(454)   Merge Heap Roots: 0.1ms
[2023-12-18T21:39:00.923+0100][7663.429s] GC(454)   Evacuate Collection Set: 0.8ms
[2023-12-18T21:39:00.923+0100][7663.429s] GC(454)   Post Evacuate Collection Set: 0.5ms
[2023-12-18T21:39:00.923+0100][7663.429s] GC(454)   Other: 0.1ms
[2023-12-18T21:39:00.923+0100][7663.429s] GC(454) Eden regions: 21->0(22)
[2023-12-18T21:39:00.923+0100][7663.429s] GC(454) Survivor regions: 4->3(4)
[2023-12-18T21:39:00.923+0100][7663.429s] GC(454) Old regions: 132->81
[2023-12-18T21:39:00.923+0100][7663.429s] GC(454) Archive regions: 0->0
[2023-12-18T21:39:00.923+0100][7663.429s] GC(454) Humongous regions: 4->4
[2023-12-18T21:39:00.923+0100][7663.429s] GC(454) Metaspace: 62887K(63616K)->62887K(63616K) NonClass: 55895K(56256K)->55895K(56256K) Class: 6991K(7360K)->6991K(7360K)
[2023-12-18T21:39:00.923+0100][7663.429s] GC(454) Pause Young (Mixed) (G1 Evacuation Pause) 160M->86M(512M) 1.792ms
[2023-12-18T21:39:00.923+0100][7663.429s] GC(454) User=0.16s Sys=0.00s Real=0.00s
[2023-12-18T21:39:06.672+0100][7669.178s] GC(455) Pause Young (Mixed) (G1 Evacuation Pause)
[2023-12-18T21:39:06.672+0100][7669.178s] GC(455) Using 10 workers of 10 for evacuation
[2023-12-18T21:39:06.674+0100][7669.179s] GC(455)   Pre Evacuate Collection Set: 0.1ms
[2023-12-18T21:39:06.674+0100][7669.179s] GC(455)   Merge Heap Roots: 0.1ms
[2023-12-18T21:39:06.674+0100][7669.179s] GC(455)   Evacuate Collection Set: 1.0ms
[2023-12-18T21:39:06.674+0100][7669.179s] GC(455)   Post Evacuate Collection Set: 0.3ms
[2023-12-18T21:39:06.674+0100][7669.179s] GC(455)   Other: 0.0ms
[2023-12-18T21:39:06.674+0100][7669.179s] GC(455) Eden regions: 22->0(304)
[2023-12-18T21:39:06.674+0100][7669.179s] GC(455) Survivor regions: 3->3(4)
[2023-12-18T21:39:06.674+0100][7669.179s] GC(455) Old regions: 81->68
[2023-12-18T21:39:06.674+0100][7669.179s] GC(455) Archive regions: 0->0
[2023-12-18T21:39:06.674+0100][7669.179s] GC(455) Humongous regions: 4->4
[2023-12-18T21:39:06.674+0100][7669.179s] GC(455) Metaspace: 62887K(63616K)->62887K(63616K) NonClass: 55895K(56256K)->55895K(56256K) Class: 6991K(7360K)->6991K(7360K)
[2023-12-18T21:39:06.674+0100][7669.179s] GC(455) Pause Young (Mixed) (G1 Evacuation Pause) 108M->73M(512M) 1.720ms
[2023-12-18T21:39:06.674+0100][7669.179s] GC(455) User=0.00s Sys=0.00s Real=0.00s
[2023-12-18T21:57:07.512+0100][8750.018s] GC(456) Pause Young (Normal) (G1 Evacuation Pause)
[2023-12-18T21:57:07.512+0100][8750.018s] GC(456) Using 10 workers of 10 for evacuation
[2023-12-18T21:57:07.514+0100][8750.019s] GC(456)   Pre Evacuate Collection Set: 0.1ms
[2023-12-18T21:57:07.514+0100][8750.019s] GC(456)   Merge Heap Roots: 0.1ms
[2023-12-18T21:57:07.514+0100][8750.019s] GC(456)   Evacuate Collection Set: 0.9ms
[2023-12-18T21:57:07.514+0100][8750.019s] GC(456)   Post Evacuate Collection Set: 0.4ms
[2023-12-18T21:57:07.514+0100][8750.019s] GC(456)   Other: 0.1ms
[2023-12-18T21:57:07.514+0100][8750.019s] GC(456) Eden regions: 304->0(303)
[2023-12-18T21:57:07.514+0100][8750.019s] GC(456) Survivor regions: 3->4(39)
[2023-12-18T21:57:07.514+0100][8750.019s] GC(456) Old regions: 68->68
[2023-12-18T21:57:07.514+0100][8750.019s] GC(456) Archive regions: 0->0
[2023-12-18T21:57:07.514+0100][8750.019s] GC(456) Humongous regions: 4->4
[2023-12-18T21:57:07.514+0100][8750.019s] GC(456) Metaspace: 62919K(63616K)->62919K(63616K) NonClass: 55921K(56256K)->55921K(56256K) Class: 6997K(7360K)->6997K(7360K)
[2023-12-18T21:57:07.514+0100][8750.019s] GC(456) Pause Young (Normal) (G1 Evacuation Pause) 377M->74M(512M) 1.863ms
[2023-12-18T21:57:07.514+0100][8750.019s] GC(456) User=0.00s Sys=0.00s Real=0.00s
[2023-12-18T21:57:08.397+0100][8750.902s] GC(457) Pause Young (Normal) (G1 Evacuation Pause)
[2023-12-18T21:57:08.397+0100][8750.903s] GC(457) Using 10 workers of 10 for evacuation
[2023-12-18T21:57:08.398+0100][8750.904s] GC(457)   Pre Evacuate Collection Set: 0.0ms
[2023-12-18T21:57:08.398+0100][8750.904s] GC(457)   Merge Heap Roots: 0.0ms
[2023-12-18T21:57:08.398+0100][8750.904s] GC(457)   Evacuate Collection Set: 0.8ms
[2023-12-18T21:57:08.398+0100][8750.904s] GC(457)   Post Evacuate Collection Set: 0.2ms
[2023-12-18T21:57:08.398+0100][8750.904s] GC(457)   Other: 0.1ms
[2023-12-18T21:57:08.398+0100][8750.904s] GC(457) Eden regions: 303->0(303)
[2023-12-18T21:57:08.398+0100][8750.904s] GC(457) Survivor regions: 4->4(39)
[2023-12-18T21:57:08.398+0100][8750.904s] GC(457) Old regions: 68->68
[2023-12-18T21:57:08.398+0100][8750.904s] GC(457) Archive regions: 0->0
[2023-12-18T21:57:08.398+0100][8750.904s] GC(457) Humongous regions: 4->4
[2023-12-18T21:57:08.398+0100][8750.904s] GC(457) Metaspace: 62919K(63616K)->62919K(63616K) NonClass: 55921K(56256K)->55921K(56256K) Class: 6997K(7360K)->6997K(7360K)
[2023-12-18T21:57:08.398+0100][8750.904s] GC(457) Pause Young (Normal) (G1 Evacuation Pause) 377M->75M(512M) 1.354ms
[2023-12-18T21:57:08.398+0100][8750.904s] GC(457) User=0.00s Sys=0.00s Real=0.00s
[2023-12-18T21:57:09.255+0100][8751.761s] GC(458) Pause Young (Normal) (G1 Evacuation Pause)
[2023-12-18T21:57:09.255+0100][8751.761s] GC(458) Using 10 workers of 10 for evacuation
[2023-12-18T21:57:09.256+0100][8751.762s] GC(458)   Pre Evacuate Collection Set: 0.1ms
[2023-12-18T21:57:09.256+0100][8751.762s] GC(458)   Merge Heap Roots: 0.0ms
[2023-12-18T21:57:09.256+0100][8751.762s] GC(458)   Evacuate Collection Set: 1.0ms
[2023-12-18T21:57:09.256+0100][8751.762s] GC(458)   Post Evacuate Collection Set: 0.4ms
[2023-12-18T21:57:09.256+0100][8751.762s] GC(458)   Other: 0.1ms
[2023-12-18T21:57:09.256+0100][8751.762s] GC(458) Eden regions: 303->0(302)
[2023-12-18T21:57:09.256+0100][8751.762s] GC(458) Survivor regions: 4->5(39)
[2023-12-18T21:57:09.256+0100][8751.762s] GC(458) Old regions: 68->68
[2023-12-18T21:57:09.256+0100][8751.762s] GC(458) Archive regions: 0->0
[2023-12-18T21:57:09.256+0100][8751.762s] GC(458) Humongous regions: 4->4
[2023-12-18T21:57:09.256+0100][8751.762s] GC(458) Metaspace: 62920K(63616K)->62920K(63616K) NonClass: 55923K(56256K)->55923K(56256K) Class: 6997K(7360K)->6997K(7360K)
[2023-12-18T21:57:09.256+0100][8751.762s] GC(458) Pause Young (Normal) (G1 Evacuation Pause) 378M->75M(512M) 1.756ms
[2023-12-18T21:57:09.256+0100][8751.762s] GC(458) User=0.00s Sys=0.00s Real=0.00s
[2023-12-18T21:57:10.071+0100][8752.577s] GC(459) Pause Young (Normal) (G1 Evacuation Pause)
[2023-12-18T21:57:10.071+0100][8752.577s] GC(459) Using 10 workers of 10 for evacuation
[2023-12-18T21:57:10.073+0100][8752.578s] GC(459)   Pre Evacuate Collection Set: 0.0ms
[2023-12-18T21:57:10.073+0100][8752.578s] GC(459)   Merge Heap Roots: 0.0ms
[2023-12-18T21:57:10.073+0100][8752.578s] GC(459)   Evacuate Collection Set: 1.1ms
[2023-12-18T21:57:10.073+0100][8752.578s] GC(459)   Post Evacuate Collection Set: 0.3ms
[2023-12-18T21:57:10.073+0100][8752.578s] GC(459)   Other: 0.1ms
[2023-12-18T21:57:10.073+0100][8752.578s] GC(459) Eden regions: 302->0(301)
[2023-12-18T21:57:10.073+0100][8752.578s] GC(459) Survivor regions: 5->6(39)
[2023-12-18T21:57:10.073+0100][8752.579s] GC(459) Old regions: 68->68
[2023-12-18T21:57:10.073+0100][8752.579s] GC(459) Archive regions: 0->0
[2023-12-18T21:57:10.073+0100][8752.579s] GC(459) Humongous regions: 4->4
[2023-12-18T21:57:10.073+0100][8752.579s] GC(459) Metaspace: 62921K(63616K)->62921K(63616K) NonClass: 55924K(56256K)->55924K(56256K) Class: 6997K(7360K)->6997K(7360K)
[2023-12-18T21:57:10.073+0100][8752.579s] GC(459) Pause Young (Normal) (G1 Evacuation Pause) 377M->77M(512M) 1.670ms
[2023-12-18T21:57:10.073+0100][8752.579s] GC(459) User=0.00s Sys=0.00s Real=0.00s
[2023-12-18T21:57:10.929+0100][8753.434s] GC(460) Pause Young (Normal) (G1 Evacuation Pause)
[2023-12-18T21:57:10.929+0100][8753.434s] GC(460) Using 10 workers of 10 for evacuation
[2023-12-18T21:57:10.931+0100][8753.436s] GC(460)   Pre Evacuate Collection Set: 0.1ms
[2023-12-18T21:57:10.931+0100][8753.437s] GC(460)   Merge Heap Roots: 0.1ms
[2023-12-18T21:57:10.931+0100][8753.437s] GC(460)   Evacuate Collection Set: 1.2ms
[2023-12-18T21:57:10.931+0100][8753.437s] GC(460)   Post Evacuate Collection Set: 0.6ms
[2023-12-18T21:57:10.931+0100][8753.437s] GC(460)   Other: 0.1ms
[2023-12-18T21:57:10.931+0100][8753.437s] GC(460) Eden regions: 301->0(300)
[2023-12-18T21:57:10.931+0100][8753.437s] GC(460) Survivor regions: 6->7(39)
[2023-12-18T21:57:10.931+0100][8753.437s] GC(460) Old regions: 68->68
[2023-12-18T21:57:10.931+0100][8753.437s] GC(460) Archive regions: 0->0
[2023-12-18T21:57:10.931+0100][8753.437s] GC(460) Humongous regions: 4->4
[2023-12-18T21:57:10.931+0100][8753.437s] GC(460) Metaspace: 62921K(63616K)->62921K(63616K) NonClass: 55924K(56256K)->55924K(56256K) Class: 6997K(7360K)->6997K(7360K)
[2023-12-18T21:57:10.931+0100][8753.437s] GC(460) Pause Young (Normal) (G1 Evacuation Pause) 378M->78M(512M) 2.247ms
[2023-12-18T21:57:10.931+0100][8753.437s] GC(460) User=0.00s Sys=0.00s Real=0.00s
[2023-12-18T21:57:11.808+0100][8754.314s] GC(461) Pause Young (Normal) (G1 Evacuation Pause)
[2023-12-18T21:57:11.808+0100][8754.314s] GC(461) Using 10 workers of 10 for evacuation
[2023-12-18T21:57:11.810+0100][8754.316s] GC(461)   Pre Evacuate Collection Set: 0.1ms
[2023-12-18T21:57:11.810+0100][8754.316s] GC(461)   Merge Heap Roots: 0.1ms
[2023-12-18T21:57:11.810+0100][8754.316s] GC(461)   Evacuate Collection Set: 1.3ms
[2023-12-18T21:57:11.810+0100][8754.316s] GC(461)   Post Evacuate Collection Set: 0.5ms
[2023-12-18T21:57:11.810+0100][8754.316s] GC(461)   Other: 0.1ms
[2023-12-18T21:57:11.810+0100][8754.316s] GC(461) Eden regions: 300->0(299)
[2023-12-18T21:57:11.810+0100][8754.316s] GC(461) Survivor regions: 7->8(39)
[2023-12-18T21:57:11.810+0100][8754.316s] GC(461) Old regions: 68->68
[2023-12-18T21:57:11.810+0100][8754.316s] GC(461) Archive regions: 0->0
[2023-12-18T21:57:11.810+0100][8754.316s] GC(461) Humongous regions: 4->4
[2023-12-18T21:57:11.810+0100][8754.316s] GC(461) Metaspace: 62921K(63616K)->62921K(63616K) NonClass: 55924K(56256K)->55924K(56256K) Class: 6997K(7360K)->6997K(7360K)
[2023-12-18T21:57:11.810+0100][8754.316s] GC(461) Pause Young (Normal) (G1 Evacuation Pause) 378M->78M(512M) 2.281ms
[2023-12-18T21:57:11.810+0100][8754.316s] GC(461) User=0.00s Sys=0.00s Real=0.00s
[2023-12-18T21:57:12.603+0100][8755.109s] GC(462) Pause Young (Normal) (G1 Evacuation Pause)
[2023-12-18T21:57:12.603+0100][8755.109s] GC(462) Using 10 workers of 10 for evacuation
[2023-12-18T21:57:12.605+0100][8755.111s] GC(462)   Pre Evacuate Collection Set: 0.0ms
[2023-12-18T21:57:12.605+0100][8755.111s] GC(462)   Merge Heap Roots: 0.0ms
[2023-12-18T21:57:12.605+0100][8755.111s] GC(462)   Evacuate Collection Set: 1.3ms
[2023-12-18T21:57:12.605+0100][8755.111s] GC(462)   Post Evacuate Collection Set: 0.4ms
[2023-12-18T21:57:12.605+0100][8755.111s] GC(462)   Other: 0.1ms
[2023-12-18T21:57:12.605+0100][8755.111s] GC(462) Eden regions: 299->0(298)
[2023-12-18T21:57:12.605+0100][8755.111s] GC(462) Survivor regions: 8->9(39)
[2023-12-18T21:57:12.605+0100][8755.111s] GC(462) Old regions: 68->68
[2023-12-18T21:57:12.605+0100][8755.111s] GC(462) Archive regions: 0->0
[2023-12-18T21:57:12.605+0100][8755.111s] GC(462) Humongous regions: 4->4
[2023-12-18T21:57:12.605+0100][8755.111s] GC(462) Metaspace: 62921K(63616K)->62921K(63616K) NonClass: 55924K(56256K)->55924K(56256K) Class: 6997K(7360K)->6997K(7360K)
[2023-12-18T21:57:12.605+0100][8755.111s] GC(462) Pause Young (Normal) (G1 Evacuation Pause) 377M->79M(512M) 2.086ms
[2023-12-18T21:57:12.605+0100][8755.111s] GC(462) User=0.00s Sys=0.00s Real=0.00s
[2023-12-18T21:57:13.407+0100][8755.913s] GC(463) Pause Young (Normal) (G1 Evacuation Pause)
[2023-12-18T21:57:13.407+0100][8755.913s] GC(463) Using 10 workers of 10 for evacuation
[2023-12-18T21:57:13.409+0100][8755.915s] GC(463)   Pre Evacuate Collection Set: 0.1ms
[2023-12-18T21:57:13.409+0100][8755.915s] GC(463)   Merge Heap Roots: 0.1ms
[2023-12-18T21:57:13.409+0100][8755.915s] GC(463)   Evacuate Collection Set: 1.4ms
[2023-12-18T21:57:13.409+0100][8755.915s] GC(463)   Post Evacuate Collection Set: 0.4ms
[2023-12-18T21:57:13.409+0100][8755.915s] GC(463)   Other: 0.1ms
[2023-12-18T21:57:13.409+0100][8755.915s] GC(463) Eden regions: 298->0(297)
[2023-12-18T21:57:13.409+0100][8755.915s] GC(463) Survivor regions: 9->10(39)
[2023-12-18T21:57:13.409+0100][8755.915s] GC(463) Old regions: 68->68
[2023-12-18T21:57:13.409+0100][8755.915s] GC(463) Archive regions: 0->0
[2023-12-18T21:57:13.409+0100][8755.915s] GC(463) Humongous regions: 4->4
[2023-12-18T21:57:13.409+0100][8755.915s] GC(463) Metaspace: 62921K(63616K)->62921K(63616K) NonClass: 55924K(56256K)->55924K(56256K) Class: 6997K(7360K)->6997K(7360K)
[2023-12-18T21:57:13.409+0100][8755.915s] GC(463) Pause Young (Normal) (G1 Evacuation Pause) 377M->80M(512M) 2.283ms
[2023-12-18T21:57:13.409+0100][8755.915s] GC(463) User=0.00s Sys=0.00s Real=0.00s
[2023-12-18T21:57:14.224+0100][8756.729s] GC(464) Pause Young (Normal) (G1 Evacuation Pause)
[2023-12-18T21:57:14.224+0100][8756.729s] GC(464) Using 10 workers of 10 for evacuation
[2023-12-18T21:57:14.226+0100][8756.731s] GC(464)   Pre Evacuate Collection Set: 0.1ms
[2023-12-18T21:57:14.226+0100][8756.732s] GC(464)   Merge Heap Roots: 0.1ms
[2023-12-18T21:57:14.226+0100][8756.732s] GC(464)   Evacuate Collection Set: 1.7ms
[2023-12-18T21:57:14.226+0100][8756.732s] GC(464)   Post Evacuate Collection Set: 0.5ms
[2023-12-18T21:57:14.226+0100][8756.732s] GC(464)   Other: 0.1ms
[2023-12-18T21:57:14.226+0100][8756.732s] GC(464) Eden regions: 297->0(296)
[2023-12-18T21:57:14.226+0100][8756.732s] GC(464) Survivor regions: 10->11(39)
[2023-12-18T21:57:14.226+0100][8756.732s] GC(464) Old regions: 68->68
[2023-12-18T21:57:14.226+0100][8756.732s] GC(464) Archive regions: 0->0
[2023-12-18T21:57:14.226+0100][8756.732s] GC(464) Humongous regions: 4->4
[2023-12-18T21:57:14.226+0100][8756.732s] GC(464) Metaspace: 62921K(63616K)->62921K(63616K) NonClass: 55924K(56256K)->55924K(56256K) Class: 6997K(7360K)->6997K(7360K)
[2023-12-18T21:57:14.226+0100][8756.732s] GC(464) Pause Young (Normal) (G1 Evacuation Pause) 377M->81M(512M) 2.673ms
[2023-12-18T21:57:14.226+0100][8756.732s] GC(464) User=0.00s Sys=0.00s Real=0.00s
[2023-12-18T21:57:15.060+0100][8757.565s] GC(465) Pause Young (Normal) (G1 Evacuation Pause)
[2023-12-18T21:57:15.060+0100][8757.566s] GC(465) Using 10 workers of 10 for evacuation
[2023-12-18T21:57:15.063+0100][8757.568s] GC(465)   Pre Evacuate Collection Set: 0.1ms
[2023-12-18T21:57:15.063+0100][8757.568s] GC(465)   Merge Heap Roots: 0.1ms
[2023-12-18T21:57:15.063+0100][8757.568s] GC(465)   Evacuate Collection Set: 1.8ms
[2023-12-18T21:57:15.063+0100][8757.568s] GC(465)   Post Evacuate Collection Set: 0.5ms
[2023-12-18T21:57:15.063+0100][8757.568s] GC(465)   Other: 0.1ms
[2023-12-18T21:57:15.063+0100][8757.568s] GC(465) Eden regions: 296->0(294)
[2023-12-18T21:57:15.063+0100][8757.568s] GC(465) Survivor regions: 11->13(39)
[2023-12-18T21:57:15.063+0100][8757.568s] GC(465) Old regions: 68->68
[2023-12-18T21:57:15.063+0100][8757.568s] GC(465) Archive regions: 0->0
[2023-12-18T21:57:15.063+0100][8757.568s] GC(465) Humongous regions: 4->4
[2023-12-18T21:57:15.063+0100][8757.568s] GC(465) Metaspace: 62921K(63616K)->62921K(63616K) NonClass: 55924K(56256K)->55924K(56256K) Class: 6997K(7360K)->6997K(7360K)
[2023-12-18T21:57:15.063+0100][8757.568s] GC(465) Pause Young (Normal) (G1 Evacuation Pause) 377M->83M(512M) 2.741ms
[2023-12-18T21:57:15.063+0100][8757.568s] GC(465) User=0.03s Sys=0.00s Real=0.00s
[2023-12-18T21:57:15.840+0100][8758.345s] GC(466) Pause Young (Normal) (G1 Evacuation Pause)
[2023-12-18T21:57:15.840+0100][8758.346s] GC(466) Using 10 workers of 10 for evacuation
[2023-12-18T21:57:15.843+0100][8758.348s] GC(466)   Pre Evacuate Collection Set: 0.1ms
[2023-12-18T21:57:15.843+0100][8758.348s] GC(466)   Merge Heap Roots: 0.1ms
[2023-12-18T21:57:15.843+0100][8758.348s] GC(466)   Evacuate Collection Set: 1.8ms
[2023-12-18T21:57:15.843+0100][8758.348s] GC(466)   Post Evacuate Collection Set: 0.6ms
[2023-12-18T21:57:15.843+0100][8758.348s] GC(466)   Other: 0.1ms
[2023-12-18T21:57:15.843+0100][8758.348s] GC(466) Eden regions: 294->0(294)
[2023-12-18T21:57:15.843+0100][8758.348s] GC(466) Survivor regions: 13->13(39)
[2023-12-18T21:57:15.843+0100][8758.348s] GC(466) Old regions: 68->68
[2023-12-18T21:57:15.843+0100][8758.348s] GC(466) Archive regions: 0->0
[2023-12-18T21:57:15.843+0100][8758.348s] GC(466) Humongous regions: 4->4
[2023-12-18T21:57:15.843+0100][8758.348s] GC(466) Metaspace: 62921K(63616K)->62921K(63616K) NonClass: 55924K(56256K)->55924K(56256K) Class: 6997K(7360K)->6997K(7360K)
[2023-12-18T21:57:15.843+0100][8758.348s] GC(466) Pause Young (Normal) (G1 Evacuation Pause) 377M->83M(512M) 2.901ms
[2023-12-18T21:57:15.843+0100][8758.348s] GC(466) User=0.00s Sys=0.00s Real=0.00s
[2023-12-18T21:57:16.572+0100][8759.078s] GC(467) Pause Young (Normal) (G1 Evacuation Pause)
[2023-12-18T21:57:16.572+0100][8759.078s] GC(467) Using 10 workers of 10 for evacuation
[2023-12-18T21:57:16.575+0100][8759.080s] GC(467)   Pre Evacuate Collection Set: 0.1ms
[2023-12-18T21:57:16.575+0100][8759.081s] GC(467)   Merge Heap Roots: 0.1ms
[2023-12-18T21:57:16.575+0100][8759.081s] GC(467)   Evacuate Collection Set: 1.9ms
[2023-12-18T21:57:16.575+0100][8759.081s] GC(467)   Post Evacuate Collection Set: 0.5ms
[2023-12-18T21:57:16.575+0100][8759.081s] GC(467)   Other: 0.1ms
[2023-12-18T21:57:16.575+0100][8759.081s] GC(467) Eden regions: 294->0(294)
[2023-12-18T21:57:16.575+0100][8759.081s] GC(467) Survivor regions: 13->13(39)
[2023-12-18T21:57:16.575+0100][8759.081s] GC(467) Old regions: 68->68
[2023-12-18T21:57:16.575+0100][8759.081s] GC(467) Archive regions: 0->0
[2023-12-18T21:57:16.575+0100][8759.081s] GC(467) Humongous regions: 4->4
[2023-12-18T21:57:16.575+0100][8759.081s] GC(467) Metaspace: 62921K(63616K)->62921K(63616K) NonClass: 55924K(56256K)->55924K(56256K) Class: 6997K(7360K)->6997K(7360K)
[2023-12-18T21:57:16.575+0100][8759.081s] GC(467) Pause Young (Normal) (G1 Evacuation Pause) 377M->84M(512M) 2.838ms
[2023-12-18T21:57:16.575+0100][8759.081s] GC(467) User=0.00s Sys=0.00s Real=0.00s
[2023-12-18T21:57:17.343+0100][8759.849s] GC(468) Pause Young (Normal) (G1 Evacuation Pause)
[2023-12-18T21:57:17.343+0100][8759.849s] GC(468) Using 10 workers of 10 for evacuation
[2023-12-18T21:57:17.346+0100][8759.852s] GC(468)   Pre Evacuate Collection Set: 0.1ms
[2023-12-18T21:57:17.346+0100][8759.852s] GC(468)   Merge Heap Roots: 0.1ms
[2023-12-18T21:57:17.346+0100][8759.852s] GC(468)   Evacuate Collection Set: 2.0ms
[2023-12-18T21:57:17.346+0100][8759.852s] GC(468)   Post Evacuate Collection Set: 0.4ms
[2023-12-18T21:57:17.346+0100][8759.852s] GC(468)   Other: 0.1ms
[2023-12-18T21:57:17.346+0100][8759.852s] GC(468) Eden regions: 294->0(292)
[2023-12-18T21:57:17.346+0100][8759.852s] GC(468) Survivor regions: 13->15(39)
[2023-12-18T21:57:17.346+0100][8759.852s] GC(468) Old regions: 68->68
[2023-12-18T21:57:17.346+0100][8759.852s] GC(468) Archive regions: 0->0
[2023-12-18T21:57:17.346+0100][8759.852s] GC(468) Humongous regions: 4->4
[2023-12-18T21:57:17.346+0100][8759.852s] GC(468) Metaspace: 62921K(63616K)->62921K(63616K) NonClass: 55924K(56256K)->55924K(56256K) Class: 6997K(7360K)->6997K(7360K)
[2023-12-18T21:57:17.346+0100][8759.852s] GC(468) Pause Young (Normal) (G1 Evacuation Pause) 378M->85M(512M) 2.922ms
[2023-12-18T21:57:17.346+0100][8759.852s] GC(468) User=0.02s Sys=0.00s Real=0.00s
[2023-12-18T21:57:18.135+0100][8760.641s] GC(469) Pause Young (Normal) (G1 Evacuation Pause)
[2023-12-18T21:57:18.135+0100][8760.641s] GC(469) Using 10 workers of 10 for evacuation
[2023-12-18T21:57:18.138+0100][8760.644s] GC(469)   Pre Evacuate Collection Set: 0.1ms
[2023-12-18T21:57:18.138+0100][8760.644s] GC(469)   Merge Heap Roots: 0.1ms
[2023-12-18T21:57:18.138+0100][8760.644s] GC(469)   Evacuate Collection Set: 2.6ms
[2023-12-18T21:57:18.138+0100][8760.644s] GC(469)   Post Evacuate Collection Set: 0.6ms
[2023-12-18T21:57:18.138+0100][8760.644s] GC(469)   Other: 0.1ms
[2023-12-18T21:57:18.138+0100][8760.644s] GC(469) Eden regions: 292->0(291)
[2023-12-18T21:57:18.138+0100][8760.644s] GC(469) Survivor regions: 15->16(39)
[2023-12-18T21:57:18.138+0100][8760.644s] GC(469) Old regions: 68->68
[2023-12-18T21:57:18.138+0100][8760.644s] GC(469) Archive regions: 0->0
[2023-12-18T21:57:18.138+0100][8760.644s] GC(469) Humongous regions: 4->4
[2023-12-18T21:57:18.138+0100][8760.644s] GC(469) Metaspace: 62921K(63616K)->62921K(63616K) NonClass: 55924K(56256K)->55924K(56256K) Class: 6997K(7360K)->6997K(7360K)
[2023-12-18T21:57:18.138+0100][8760.644s] GC(469) Pause Young (Normal) (G1 Evacuation Pause) 377M->86M(512M) 3.692ms
[2023-12-18T21:57:18.138+0100][8760.644s] GC(469) User=0.00s Sys=0.00s Real=0.00s
[2023-12-18T21:57:18.953+0100][8761.459s] GC(470) Pause Young (Normal) (G1 Evacuation Pause)
[2023-12-18T21:57:18.953+0100][8761.459s] GC(470) Using 10 workers of 10 for evacuation
[2023-12-18T21:57:18.956+0100][8761.462s] GC(470)   Pre Evacuate Collection Set: 0.1ms
[2023-12-18T21:57:18.956+0100][8761.462s] GC(470)   Merge Heap Roots: 0.1ms
[2023-12-18T21:57:18.956+0100][8761.462s] GC(470)   Evacuate Collection Set: 2.2ms
[2023-12-18T21:57:18.956+0100][8761.462s] GC(470)   Post Evacuate Collection Set: 0.5ms
[2023-12-18T21:57:18.956+0100][8761.462s] GC(470)   Other: 0.1ms
[2023-12-18T21:57:18.956+0100][8761.462s] GC(470) Eden regions: 291->0(291)
[2023-12-18T21:57:18.956+0100][8761.462s] GC(470) Survivor regions: 16->16(39)
[2023-12-18T21:57:18.956+0100][8761.462s] GC(470) Old regions: 68->68
[2023-12-18T21:57:18.956+0100][8761.462s] GC(470) Archive regions: 0->0
[2023-12-18T21:57:18.956+0100][8761.462s] GC(470) Humongous regions: 4->4
[2023-12-18T21:57:18.956+0100][8761.462s] GC(470) Metaspace: 62921K(63616K)->62921K(63616K) NonClass: 55924K(56256K)->55924K(56256K) Class: 6997K(7360K)->6997K(7360K)
[2023-12-18T21:57:18.956+0100][8761.462s] GC(470) Pause Young (Normal) (G1 Evacuation Pause) 377M->87M(512M) 3.185ms
[2023-12-18T21:57:18.956+0100][8761.462s] GC(470) User=0.16s Sys=0.00s Real=0.00s
[2023-12-18T21:57:19.686+0100][8762.192s] GC(471) Pause Young (Normal) (G1 Evacuation Pause)
[2023-12-18T21:57:19.687+0100][8762.192s] GC(471) Using 10 workers of 10 for evacuation
[2023-12-18T21:57:19.689+0100][8762.195s] GC(471)   Pre Evacuate Collection Set: 0.1ms
[2023-12-18T21:57:19.689+0100][8762.195s] GC(471)   Merge Heap Roots: 0.1ms
[2023-12-18T21:57:19.689+0100][8762.195s] GC(471)   Evacuate Collection Set: 2.3ms
[2023-12-18T21:57:19.689+0100][8762.195s] GC(471)   Post Evacuate Collection Set: 0.3ms
[2023-12-18T21:57:19.689+0100][8762.195s] GC(471)   Other: 0.1ms
[2023-12-18T21:57:19.690+0100][8762.195s] GC(471) Eden regions: 291->0(291)
[2023-12-18T21:57:19.690+0100][8762.195s] GC(471) Survivor regions: 16->16(39)
[2023-12-18T21:57:19.690+0100][8762.195s] GC(471) Old regions: 68->69
[2023-12-18T21:57:19.690+0100][8762.195s] GC(471) Archive regions: 0->0
[2023-12-18T21:57:19.690+0100][8762.195s] GC(471) Humongous regions: 4->4
[2023-12-18T21:57:19.690+0100][8762.195s] GC(471) Metaspace: 62921K(63616K)->62921K(63616K) NonClass: 55924K(56256K)->55924K(56256K) Class: 6997K(7360K)->6997K(7360K)
[2023-12-18T21:57:19.690+0100][8762.195s] GC(471) Pause Young (Normal) (G1 Evacuation Pause) 378M->88M(512M) 3.077ms
[2023-12-18T21:57:19.690+0100][8762.195s] GC(471) User=0.16s Sys=0.00s Real=0.00s
[2023-12-18T21:57:20.442+0100][8762.948s] GC(472) Pause Young (Normal) (G1 Evacuation Pause)
[2023-12-18T21:57:20.442+0100][8762.948s] GC(472) Using 10 workers of 10 for evacuation
[2023-12-18T21:57:20.445+0100][8762.950s] GC(472)   Pre Evacuate Collection Set: 0.1ms
[2023-12-18T21:57:20.445+0100][8762.950s] GC(472)   Merge Heap Roots: 0.1ms
[2023-12-18T21:57:20.445+0100][8762.950s] GC(472)   Evacuate Collection Set: 2.1ms
[2023-12-18T21:57:20.445+0100][8762.950s] GC(472)   Post Evacuate Collection Set: 0.4ms
[2023-12-18T21:57:20.445+0100][8762.950s] GC(472)   Other: 0.1ms
[2023-12-18T21:57:20.445+0100][8762.950s] GC(472) Eden regions: 291->0(290)
[2023-12-18T21:57:20.445+0100][8762.950s] GC(472) Survivor regions: 16->17(39)
[2023-12-18T21:57:20.445+0100][8762.950s] GC(472) Old regions: 69->70
[2023-12-18T21:57:20.445+0100][8762.950s] GC(472) Archive regions: 0->0
[2023-12-18T21:57:20.445+0100][8762.950s] GC(472) Humongous regions: 4->4
[2023-12-18T21:57:20.445+0100][8762.951s] GC(472) Metaspace: 62921K(63616K)->62921K(63616K) NonClass: 55924K(56256K)->55924K(56256K) Class: 6997K(7360K)->6997K(7360K)
[2023-12-18T21:57:20.445+0100][8762.951s] GC(472) Pause Young (Normal) (G1 Evacuation Pause) 379M->89M(512M) 2.907ms
[2023-12-18T21:57:20.445+0100][8762.951s] GC(472) User=0.00s Sys=0.00s Real=0.00s
[2023-12-18T21:57:21.134+0100][8763.640s] GC(473) Pause Young (Normal) (G1 Evacuation Pause)
[2023-12-18T21:57:21.134+0100][8763.640s] GC(473) Using 10 workers of 10 for evacuation
[2023-12-18T21:57:21.137+0100][8763.642s] GC(473)   Pre Evacuate Collection Set: 0.1ms
[2023-12-18T21:57:21.137+0100][8763.642s] GC(473)   Merge Heap Roots: 0.0ms
[2023-12-18T21:57:21.137+0100][8763.642s] GC(473)   Evacuate Collection Set: 2.1ms
[2023-12-18T21:57:21.137+0100][8763.642s] GC(473)   Post Evacuate Collection Set: 0.3ms
[2023-12-18T21:57:21.137+0100][8763.642s] GC(473)   Other: 0.1ms
[2023-12-18T21:57:21.137+0100][8763.642s] GC(473) Eden regions: 290->0(291)
[2023-12-18T21:57:21.137+0100][8763.642s] GC(473) Survivor regions: 17->16(39)
[2023-12-18T21:57:21.137+0100][8763.642s] GC(473) Old regions: 70->71
[2023-12-18T21:57:21.137+0100][8763.643s] GC(473) Archive regions: 0->0
[2023-12-18T21:57:21.137+0100][8763.643s] GC(473) Humongous regions: 4->4
[2023-12-18T21:57:21.137+0100][8763.643s] GC(473) Metaspace: 62921K(63616K)->62921K(63616K) NonClass: 55924K(56256K)->55924K(56256K) Class: 6997K(7360K)->6997K(7360K)
[2023-12-18T21:57:21.137+0100][8763.643s] GC(473) Pause Young (Normal) (G1 Evacuation Pause) 379M->89M(512M) 2.790ms
[2023-12-18T21:57:21.137+0100][8763.643s] GC(473) User=0.00s Sys=0.00s Real=0.00s
[2023-12-18T21:57:21.891+0100][8764.397s] GC(474) Pause Young (Normal) (G1 Evacuation Pause)
[2023-12-18T21:57:21.891+0100][8764.397s] GC(474) Using 10 workers of 10 for evacuation
[2023-12-18T21:57:21.894+0100][8764.400s] GC(474)   Pre Evacuate Collection Set: 0.0ms
[2023-12-18T21:57:21.894+0100][8764.400s] GC(474)   Merge Heap Roots: 0.0ms
[2023-12-18T21:57:21.894+0100][8764.400s] GC(474)   Evacuate Collection Set: 2.3ms
[2023-12-18T21:57:21.894+0100][8764.400s] GC(474)   Post Evacuate Collection Set: 0.5ms
[2023-12-18T21:57:21.894+0100][8764.400s] GC(474)   Other: 0.1ms
[2023-12-18T21:57:21.894+0100][8764.400s] GC(474) Eden regions: 291->0(292)
[2023-12-18T21:57:21.894+0100][8764.400s] GC(474) Survivor regions: 16->15(39)
[2023-12-18T21:57:21.894+0100][8764.400s] GC(474) Old regions: 71->72
[2023-12-18T21:57:21.894+0100][8764.400s] GC(474) Archive regions: 0->0
[2023-12-18T21:57:21.894+0100][8764.400s] GC(474) Humongous regions: 4->4
[2023-12-18T21:57:21.894+0100][8764.400s] GC(474) Metaspace: 62921K(63616K)->62921K(63616K) NonClass: 55924K(56256K)->55924K(56256K) Class: 6997K(7360K)->6997K(7360K)
[2023-12-18T21:57:21.894+0100][8764.400s] GC(474) Pause Young (Normal) (G1 Evacuation Pause) 380M->90M(512M) 3.220ms
[2023-12-18T21:57:21.894+0100][8764.400s] GC(474) User=0.00s Sys=0.00s Real=0.00s
[2023-12-18T21:57:22.749+0100][8765.255s] GC(475) Pause Young (Normal) (G1 Evacuation Pause)
[2023-12-18T21:57:22.749+0100][8765.255s] GC(475) Using 10 workers of 10 for evacuation
[2023-12-18T21:57:22.753+0100][8765.258s] GC(475)   Pre Evacuate Collection Set: 0.0ms
[2023-12-18T21:57:22.753+0100][8765.258s] GC(475)   Merge Heap Roots: 0.0ms
[2023-12-18T21:57:22.753+0100][8765.258s] GC(475)   Evacuate Collection Set: 2.4ms
[2023-12-18T21:57:22.753+0100][8765.258s] GC(475)   Post Evacuate Collection Set: 0.6ms
[2023-12-18T21:57:22.753+0100][8765.258s] GC(475)   Other: 0.2ms
[2023-12-18T21:57:22.753+0100][8765.258s] GC(475) Eden regions: 292->0(291)
[2023-12-18T21:57:22.753+0100][8765.258s] GC(475) Survivor regions: 15->16(39)
[2023-12-18T21:57:22.753+0100][8765.258s] GC(475) Old regions: 72->73
[2023-12-18T21:57:22.753+0100][8765.258s] GC(475) Archive regions: 0->0
[2023-12-18T21:57:22.753+0100][8765.258s] GC(475) Humongous regions: 4->4
[2023-12-18T21:57:22.753+0100][8765.258s] GC(475) Metaspace: 62921K(63616K)->62921K(63616K) NonClass: 55924K(56256K)->55924K(56256K) Class: 6997K(7360K)->6997K(7360K)
[2023-12-18T21:57:22.753+0100][8765.258s] GC(475) Pause Young (Normal) (G1 Evacuation Pause) 382M->91M(512M) 3.710ms
[2023-12-18T21:57:22.753+0100][8765.258s] GC(475) User=0.14s Sys=0.00s Real=0.00s
[2023-12-18T21:57:23.481+0100][8765.986s] GC(476) Pause Young (Normal) (G1 Evacuation Pause)
[2023-12-18T21:57:23.481+0100][8765.986s] GC(476) Using 10 workers of 10 for evacuation
[2023-12-18T21:57:23.484+0100][8765.989s] GC(476)   Pre Evacuate Collection Set: 0.1ms
[2023-12-18T21:57:23.484+0100][8765.989s] GC(476)   Merge Heap Roots: 0.1ms
[2023-12-18T21:57:23.484+0100][8765.989s] GC(476)   Evacuate Collection Set: 2.2ms
[2023-12-18T21:57:23.484+0100][8765.989s] GC(476)   Post Evacuate Collection Set: 0.5ms
[2023-12-18T21:57:23.484+0100][8765.989s] GC(476)   Other: 0.1ms
[2023-12-18T21:57:23.484+0100][8765.989s] GC(476) Eden regions: 291->0(292)
[2023-12-18T21:57:23.484+0100][8765.989s] GC(476) Survivor regions: 16->15(39)
[2023-12-18T21:57:23.484+0100][8765.989s] GC(476) Old regions: 73->74
[2023-12-18T21:57:23.484+0100][8765.989s] GC(476) Archive regions: 0->0
[2023-12-18T21:57:23.484+0100][8765.989s] GC(476) Humongous regions: 4->4
[2023-12-18T21:57:23.484+0100][8765.989s] GC(476) Metaspace: 62921K(63616K)->62921K(63616K) NonClass: 55924K(56256K)->55924K(56256K) Class: 6997K(7360K)->6997K(7360K)
[2023-12-18T21:57:23.484+0100][8765.989s] GC(476) Pause Young (Normal) (G1 Evacuation Pause) 382M->92M(512M) 3.073ms
[2023-12-18T21:57:23.484+0100][8765.989s] GC(476) User=0.00s Sys=0.00s Real=0.00s
[2023-12-18T21:57:24.248+0100][8766.753s] GC(477) Pause Young (Normal) (G1 Evacuation Pause)
[2023-12-18T21:57:24.248+0100][8766.753s] GC(477) Using 10 workers of 10 for evacuation
[2023-12-18T21:57:24.251+0100][8766.757s] GC(477)   Pre Evacuate Collection Set: 0.1ms
[2023-12-18T21:57:24.251+0100][8766.757s] GC(477)   Merge Heap Roots: 0.1ms
[2023-12-18T21:57:24.251+0100][8766.757s] GC(477)   Evacuate Collection Set: 2.5ms
[2023-12-18T21:57:24.251+0100][8766.757s] GC(477)   Post Evacuate Collection Set: 0.6ms
[2023-12-18T21:57:24.251+0100][8766.757s] GC(477)   Other: 0.1ms
[2023-12-18T21:57:24.251+0100][8766.757s] GC(477) Eden regions: 292->0(291)
[2023-12-18T21:57:24.251+0100][8766.757s] GC(477) Survivor regions: 15->16(39)
[2023-12-18T21:57:24.251+0100][8766.757s] GC(477) Old regions: 74->75
[2023-12-18T21:57:24.251+0100][8766.757s] GC(477) Archive regions: 0->0
[2023-12-18T21:57:24.251+0100][8766.757s] GC(477) Humongous regions: 4->4
[2023-12-18T21:57:24.251+0100][8766.757s] GC(477) Metaspace: 62921K(63616K)->62921K(63616K) NonClass: 55924K(56256K)->55924K(56256K) Class: 6997K(7360K)->6997K(7360K)
[2023-12-18T21:57:24.251+0100][8766.757s] GC(477) Pause Young (Normal) (G1 Evacuation Pause) 384M->94M(512M) 3.587ms
[2023-12-18T21:57:24.251+0100][8766.757s] GC(477) User=0.00s Sys=0.02s Real=0.00s
[2023-12-18T21:57:24.962+0100][8767.468s] GC(478) Pause Young (Normal) (G1 Evacuation Pause)
[2023-12-18T21:57:24.962+0100][8767.468s] GC(478) Using 10 workers of 10 for evacuation
[2023-12-18T21:57:24.966+0100][8767.471s] GC(478)   Pre Evacuate Collection Set: 0.1ms
[2023-12-18T21:57:24.966+0100][8767.471s] GC(478)   Merge Heap Roots: 0.1ms
[2023-12-18T21:57:24.966+0100][8767.471s] GC(478)   Evacuate Collection Set: 2.0ms
[2023-12-18T21:57:24.966+0100][8767.471s] GC(478)   Post Evacuate Collection Set: 0.4ms
[2023-12-18T21:57:24.966+0100][8767.471s] GC(478)   Other: 0.1ms
[2023-12-18T21:57:24.966+0100][8767.471s] GC(478) Eden regions: 291->0(292)
[2023-12-18T21:57:24.966+0100][8767.471s] GC(478) Survivor regions: 16->15(39)
[2023-12-18T21:57:24.966+0100][8767.471s] GC(478) Old regions: 75->76
[2023-12-18T21:57:24.966+0100][8767.471s] GC(478) Archive regions: 0->0
[2023-12-18T21:57:24.966+0100][8767.471s] GC(478) Humongous regions: 4->4
[2023-12-18T21:57:24.966+0100][8767.471s] GC(478) Metaspace: 62921K(63616K)->62921K(63616K) NonClass: 55924K(56256K)->55924K(56256K) Class: 6997K(7360K)->6997K(7360K)
[2023-12-18T21:57:24.966+0100][8767.471s] GC(478) Pause Young (Normal) (G1 Evacuation Pause) 385M->94M(512M) 2.829ms
[2023-12-18T21:57:24.966+0100][8767.471s] GC(478) User=0.00s Sys=0.00s Real=0.00s
[2023-12-18T21:57:25.714+0100][8768.219s] GC(479) Pause Young (Normal) (G1 Evacuation Pause)
[2023-12-18T21:57:25.714+0100][8768.219s] GC(479) Using 10 workers of 10 for evacuation
[2023-12-18T21:57:25.716+0100][8768.222s] GC(479)   Pre Evacuate Collection Set: 0.0ms
[2023-12-18T21:57:25.716+0100][8768.222s] GC(479)   Merge Heap Roots: 0.0ms
[2023-12-18T21:57:25.716+0100][8768.222s] GC(479)   Evacuate Collection Set: 2.0ms
[2023-12-18T21:57:25.716+0100][8768.222s] GC(479)   Post Evacuate Collection Set: 0.4ms
[2023-12-18T21:57:25.716+0100][8768.222s] GC(479)   Other: 0.1ms
[2023-12-18T21:57:25.716+0100][8768.222s] GC(479) Eden regions: 292->0(292)
[2023-12-18T21:57:25.716+0100][8768.222s] GC(479) Survivor regions: 15->15(39)
[2023-12-18T21:57:25.716+0100][8768.222s] GC(479) Old regions: 76->77
[2023-12-18T21:57:25.716+0100][8768.222s] GC(479) Archive regions: 0->0
[2023-12-18T21:57:25.716+0100][8768.222s] GC(479) Humongous regions: 4->4
[2023-12-18T21:57:25.716+0100][8768.222s] GC(479) Metaspace: 62921K(63616K)->62921K(63616K) NonClass: 55924K(56256K)->55924K(56256K) Class: 6997K(7360K)->6997K(7360K)
[2023-12-18T21:57:25.716+0100][8768.222s] GC(479) Pause Young (Normal) (G1 Evacuation Pause) 386M->94M(512M) 2.745ms
[2023-12-18T21:57:25.716+0100][8768.222s] GC(479) User=0.00s Sys=0.00s Real=0.00s
[2023-12-18T21:57:26.465+0100][8768.971s] GC(480) Pause Young (Normal) (G1 Evacuation Pause)
[2023-12-18T21:57:26.465+0100][8768.971s] GC(480) Using 10 workers of 10 for evacuation
[2023-12-18T21:57:26.468+0100][8768.974s] GC(480)   Pre Evacuate Collection Set: 0.0ms
[2023-12-18T21:57:26.468+0100][8768.974s] GC(480)   Merge Heap Roots: 0.0ms
[2023-12-18T21:57:26.468+0100][8768.974s] GC(480)   Evacuate Collection Set: 2.3ms
[2023-12-18T21:57:26.468+0100][8768.974s] GC(480)   Post Evacuate Collection Set: 0.5ms
[2023-12-18T21:57:26.468+0100][8768.974s] GC(480)   Other: 0.1ms
[2023-12-18T21:57:26.468+0100][8768.974s] GC(480) Eden regions: 292->0(292)
[2023-12-18T21:57:26.468+0100][8768.974s] GC(480) Survivor regions: 15->15(39)
[2023-12-18T21:57:26.468+0100][8768.974s] GC(480) Old regions: 77->78
[2023-12-18T21:57:26.468+0100][8768.974s] GC(480) Archive regions: 0->0
[2023-12-18T21:57:26.468+0100][8768.974s] GC(480) Humongous regions: 4->4
[2023-12-18T21:57:26.468+0100][8768.974s] GC(480) Metaspace: 62921K(63616K)->62921K(63616K) NonClass: 55924K(56256K)->55924K(56256K) Class: 6997K(7360K)->6997K(7360K)
[2023-12-18T21:57:26.468+0100][8768.974s] GC(480) Pause Young (Normal) (G1 Evacuation Pause) 386M->95M(512M) 3.142ms
[2023-12-18T21:57:26.468+0100][8768.974s] GC(480) User=0.00s Sys=0.00s Real=0.00s
[2023-12-18T21:57:27.234+0100][8769.739s] GC(481) Pause Young (Normal) (G1 Evacuation Pause)
[2023-12-18T21:57:27.234+0100][8769.739s] GC(481) Using 10 workers of 10 for evacuation
[2023-12-18T21:57:27.237+0100][8769.742s] GC(481)   Pre Evacuate Collection Set: 0.1ms
[2023-12-18T21:57:27.237+0100][8769.742s] GC(481)   Merge Heap Roots: 0.1ms
[2023-12-18T21:57:27.237+0100][8769.742s] GC(481)   Evacuate Collection Set: 2.1ms
[2023-12-18T21:57:27.237+0100][8769.742s] GC(481)   Post Evacuate Collection Set: 0.4ms
[2023-12-18T21:57:27.237+0100][8769.742s] GC(481)   Other: 0.1ms
[2023-12-18T21:57:27.237+0100][8769.742s] GC(481) Eden regions: 292->0(292)
[2023-12-18T21:57:27.237+0100][8769.742s] GC(481) Survivor regions: 15->15(39)
[2023-12-18T21:57:27.237+0100][8769.742s] GC(481) Old regions: 78->78
[2023-12-18T21:57:27.237+0100][8769.742s] GC(481) Archive regions: 0->0
[2023-12-18T21:57:27.237+0100][8769.742s] GC(481) Humongous regions: 4->4
[2023-12-18T21:57:27.237+0100][8769.742s] GC(481) Metaspace: 62921K(63616K)->62921K(63616K) NonClass: 55924K(56256K)->55924K(56256K) Class: 6997K(7360K)->6997K(7360K)
[2023-12-18T21:57:27.237+0100][8769.742s] GC(481) Pause Young (Normal) (G1 Evacuation Pause) 387M->96M(512M) 2.994ms
[2023-12-18T21:57:27.237+0100][8769.742s] GC(481) User=0.16s Sys=0.00s Real=0.00s
[2023-12-18T21:57:27.918+0100][8770.424s] GC(482) Pause Young (Normal) (G1 Evacuation Pause)
[2023-12-18T21:57:27.918+0100][8770.424s] GC(482) Using 10 workers of 10 for evacuation
[2023-12-18T21:57:27.922+0100][8770.427s] GC(482)   Pre Evacuate Collection Set: 0.1ms
[2023-12-18T21:57:27.922+0100][8770.427s] GC(482)   Merge Heap Roots: 0.1ms
[2023-12-18T21:57:27.922+0100][8770.427s] GC(482)   Evacuate Collection Set: 2.1ms
[2023-12-18T21:57:27.922+0100][8770.427s] GC(482)   Post Evacuate Collection Set: 0.8ms
[2023-12-18T21:57:27.922+0100][8770.427s] GC(482)   Other: 0.1ms
[2023-12-18T21:57:27.922+0100][8770.427s] GC(482) Eden regions: 292->0(292)
[2023-12-18T21:57:27.922+0100][8770.427s] GC(482) Survivor regions: 15->15(39)
[2023-12-18T21:57:27.922+0100][8770.427s] GC(482) Old regions: 78->79
[2023-12-18T21:57:27.922+0100][8770.427s] GC(482) Archive regions: 0->0
[2023-12-18T21:57:27.922+0100][8770.427s] GC(482) Humongous regions: 4->4
[2023-12-18T21:57:27.922+0100][8770.427s] GC(482) Metaspace: 62921K(63616K)->62921K(63616K) NonClass: 55924K(56256K)->55924K(56256K) Class: 6997K(7360K)->6997K(7360K)
[2023-12-18T21:57:27.922+0100][8770.427s] GC(482) Pause Young (Normal) (G1 Evacuation Pause) 388M->97M(512M) 3.483ms
[2023-12-18T21:57:27.922+0100][8770.427s] GC(482) User=0.00s Sys=0.00s Real=0.00s
[2023-12-18T21:57:28.681+0100][8771.187s] GC(483) Pause Young (Normal) (G1 Evacuation Pause)
[2023-12-18T21:57:28.681+0100][8771.187s] GC(483) Using 10 workers of 10 for evacuation
[2023-12-18T21:57:28.684+0100][8771.190s] GC(483)   Pre Evacuate Collection Set: 0.1ms
[2023-12-18T21:57:28.684+0100][8771.190s] GC(483)   Merge Heap Roots: 0.1ms
[2023-12-18T21:57:28.684+0100][8771.190s] GC(483)   Evacuate Collection Set: 2.2ms
[2023-12-18T21:57:28.684+0100][8771.190s] GC(483)   Post Evacuate Collection Set: 0.6ms
[2023-12-18T21:57:28.684+0100][8771.190s] GC(483)   Other: 0.1ms
[2023-12-18T21:57:28.684+0100][8771.190s] GC(483) Eden regions: 292->0(292)
[2023-12-18T21:57:28.685+0100][8771.190s] GC(483) Survivor regions: 15->15(39)
[2023-12-18T21:57:28.685+0100][8771.190s] GC(483) Old regions: 79->80
[2023-12-18T21:57:28.685+0100][8771.190s] GC(483) Archive regions: 0->0
[2023-12-18T21:57:28.685+0100][8771.190s] GC(483) Humongous regions: 4->4
[2023-12-18T21:57:28.685+0100][8771.190s] GC(483) Metaspace: 62921K(63616K)->62921K(63616K) NonClass: 55924K(56256K)->55924K(56256K) Class: 6997K(7360K)->6997K(7360K)
[2023-12-18T21:57:28.685+0100][8771.190s] GC(483) Pause Young (Normal) (G1 Evacuation Pause) 389M->98M(512M) 3.257ms
[2023-12-18T21:57:28.685+0100][8771.190s] GC(483) User=0.00s Sys=0.00s Real=0.00s
[2023-12-18T21:57:29.371+0100][8771.877s] GC(484) Pause Young (Normal) (G1 Evacuation Pause)
[2023-12-18T21:57:29.371+0100][8771.877s] GC(484) Using 10 workers of 10 for evacuation
[2023-12-18T21:57:29.374+0100][8771.879s] GC(484)   Pre Evacuate Collection Set: 0.1ms
[2023-12-18T21:57:29.374+0100][8771.879s] GC(484)   Merge Heap Roots: 0.0ms
[2023-12-18T21:57:29.374+0100][8771.879s] GC(484)   Evacuate Collection Set: 2.1ms
[2023-12-18T21:57:29.374+0100][8771.879s] GC(484)   Post Evacuate Collection Set: 0.3ms
[2023-12-18T21:57:29.374+0100][8771.879s] GC(484)   Other: 0.1ms
[2023-12-18T21:57:29.374+0100][8771.879s] GC(484) Eden regions: 292->0(292)
[2023-12-18T21:57:29.374+0100][8771.879s] GC(484) Survivor regions: 15->15(39)
[2023-12-18T21:57:29.374+0100][8771.879s] GC(484) Old regions: 80->81
[2023-12-18T21:57:29.374+0100][8771.879s] GC(484) Archive regions: 0->0
[2023-12-18T21:57:29.374+0100][8771.879s] GC(484) Humongous regions: 4->4
[2023-12-18T21:57:29.374+0100][8771.879s] GC(484) Metaspace: 62921K(63616K)->62921K(63616K) NonClass: 55924K(56256K)->55924K(56256K) Class: 6997K(7360K)->6997K(7360K)
[2023-12-18T21:57:29.374+0100][8771.879s] GC(484) Pause Young (Normal) (G1 Evacuation Pause) 390M->98M(512M) 2.774ms
[2023-12-18T21:57:29.374+0100][8771.879s] GC(484) User=0.00s Sys=0.00s Real=0.00s
[2023-12-18T21:57:30.194+0100][8772.699s] GC(485) Pause Young (Normal) (G1 Evacuation Pause)
[2023-12-18T21:57:30.194+0100][8772.699s] GC(485) Using 10 workers of 10 for evacuation
[2023-12-18T21:57:30.197+0100][8772.702s] GC(485)   Pre Evacuate Collection Set: 0.1ms
[2023-12-18T21:57:30.197+0100][8772.702s] GC(485)   Merge Heap Roots: 0.1ms
[2023-12-18T21:57:30.197+0100][8772.702s] GC(485)   Evacuate Collection Set: 2.1ms
[2023-12-18T21:57:30.197+0100][8772.702s] GC(485)   Post Evacuate Collection Set: 0.5ms
[2023-12-18T21:57:30.197+0100][8772.702s] GC(485)   Other: 0.1ms
[2023-12-18T21:57:30.197+0100][8772.702s] GC(485) Eden regions: 292->0(292)
[2023-12-18T21:57:30.197+0100][8772.702s] GC(485) Survivor regions: 15->15(39)
[2023-12-18T21:57:30.197+0100][8772.702s] GC(485) Old regions: 81->82
[2023-12-18T21:57:30.197+0100][8772.702s] GC(485) Archive regions: 0->0
[2023-12-18T21:57:30.197+0100][8772.702s] GC(485) Humongous regions: 4->4
[2023-12-18T21:57:30.197+0100][8772.702s] GC(485) Metaspace: 62921K(63616K)->62921K(63616K) NonClass: 55924K(56256K)->55924K(56256K) Class: 6997K(7360K)->6997K(7360K)
[2023-12-18T21:57:30.197+0100][8772.702s] GC(485) Pause Young (Normal) (G1 Evacuation Pause) 390M->100M(512M) 3.168ms
[2023-12-18T21:57:30.197+0100][8772.702s] GC(485) User=0.00s Sys=0.00s Real=0.00s
[2023-12-18T21:57:30.891+0100][8773.397s] GC(486) Pause Young (Normal) (G1 Evacuation Pause)
[2023-12-18T21:57:30.891+0100][8773.397s] GC(486) Using 10 workers of 10 for evacuation
[2023-12-18T21:57:30.894+0100][8773.399s] GC(486)   Pre Evacuate Collection Set: 0.0ms
[2023-12-18T21:57:30.894+0100][8773.399s] GC(486)   Merge Heap Roots: 0.0ms
[2023-12-18T21:57:30.894+0100][8773.399s] GC(486)   Evacuate Collection Set: 2.0ms
[2023-12-18T21:57:30.894+0100][8773.399s] GC(486)   Post Evacuate Collection Set: 0.3ms
[2023-12-18T21:57:30.894+0100][8773.399s] GC(486)   Other: 0.1ms
[2023-12-18T21:57:30.894+0100][8773.399s] GC(486) Eden regions: 292->0(292)
[2023-12-18T21:57:30.894+0100][8773.399s] GC(486) Survivor regions: 15->15(39)
[2023-12-18T21:57:30.894+0100][8773.399s] GC(486) Old regions: 82->83
[2023-12-18T21:57:30.894+0100][8773.399s] GC(486) Archive regions: 0->0
[2023-12-18T21:57:30.894+0100][8773.399s] GC(486) Humongous regions: 4->4
[2023-12-18T21:57:30.894+0100][8773.399s] GC(486) Metaspace: 62921K(63616K)->62921K(63616K) NonClass: 55924K(56256K)->55924K(56256K) Class: 6997K(7360K)->6997K(7360K)
[2023-12-18T21:57:30.894+0100][8773.399s] GC(486) Pause Young (Normal) (G1 Evacuation Pause) 392M->100M(512M) 2.623ms
[2023-12-18T21:57:30.894+0100][8773.399s] GC(486) User=0.00s Sys=0.00s Real=0.00s
[2023-12-18T21:57:31.586+0100][8774.092s] GC(487) Pause Young (Normal) (G1 Evacuation Pause)
[2023-12-18T21:57:31.586+0100][8774.092s] GC(487) Using 10 workers of 10 for evacuation
[2023-12-18T21:57:31.589+0100][8774.095s] GC(487)   Pre Evacuate Collection Set: 0.1ms
[2023-12-18T21:57:31.589+0100][8774.095s] GC(487)   Merge Heap Roots: 0.1ms
[2023-12-18T21:57:31.589+0100][8774.095s] GC(487)   Evacuate Collection Set: 2.5ms
[2023-12-18T21:57:31.589+0100][8774.095s] GC(487)   Post Evacuate Collection Set: 0.6ms
[2023-12-18T21:57:31.589+0100][8774.095s] GC(487)   Other: 0.1ms
[2023-12-18T21:57:31.589+0100][8774.095s] GC(487) Eden regions: 292->0(292)
[2023-12-18T21:57:31.589+0100][8774.095s] GC(487) Survivor regions: 15->15(39)
[2023-12-18T21:57:31.589+0100][8774.095s] GC(487) Old regions: 83->84
[2023-12-18T21:57:31.589+0100][8774.095s] GC(487) Archive regions: 0->0
[2023-12-18T21:57:31.589+0100][8774.095s] GC(487) Humongous regions: 4->4
[2023-12-18T21:57:31.589+0100][8774.095s] GC(487) Metaspace: 62921K(63616K)->62921K(63616K) NonClass: 55924K(56256K)->55924K(56256K) Class: 6997K(7360K)->6997K(7360K)
[2023-12-18T21:57:31.589+0100][8774.095s] GC(487) Pause Young (Normal) (G1 Evacuation Pause) 392M->102M(512M) 3.547ms
[2023-12-18T21:57:31.589+0100][8774.095s] GC(487) User=0.00s Sys=0.00s Real=0.00s
[2023-12-18T21:57:32.286+0100][8774.792s] GC(488) Pause Young (Normal) (G1 Evacuation Pause)
[2023-12-18T21:57:32.286+0100][8774.792s] GC(488) Using 10 workers of 10 for evacuation
[2023-12-18T21:57:32.289+0100][8774.795s] GC(488)   Pre Evacuate Collection Set: 0.1ms
[2023-12-18T21:57:32.289+0100][8774.795s] GC(488)   Merge Heap Roots: 0.0ms
[2023-12-18T21:57:32.289+0100][8774.795s] GC(488)   Evacuate Collection Set: 2.2ms
[2023-12-18T21:57:32.289+0100][8774.795s] GC(488)   Post Evacuate Collection Set: 0.7ms
[2023-12-18T21:57:32.289+0100][8774.795s] GC(488)   Other: 0.1ms
[2023-12-18T21:57:32.289+0100][8774.795s] GC(488) Eden regions: 292->0(292)
[2023-12-18T21:57:32.289+0100][8774.795s] GC(488) Survivor regions: 15->15(39)
[2023-12-18T21:57:32.289+0100][8774.795s] GC(488) Old regions: 84->84
[2023-12-18T21:57:32.289+0100][8774.795s] GC(488) Archive regions: 0->0
[2023-12-18T21:57:32.289+0100][8774.795s] GC(488) Humongous regions: 4->4
[2023-12-18T21:57:32.289+0100][8774.795s] GC(488) Metaspace: 62921K(63616K)->62921K(63616K) NonClass: 55924K(56256K)->55924K(56256K) Class: 6997K(7360K)->6997K(7360K)
[2023-12-18T21:57:32.289+0100][8774.795s] GC(488) Pause Young (Normal) (G1 Evacuation Pause) 394M->102M(512M) 3.471ms
[2023-12-18T21:57:32.289+0100][8774.795s] GC(488) User=0.00s Sys=0.00s Real=0.00s
[2023-12-18T21:57:32.968+0100][8775.474s] GC(489) Pause Young (Normal) (G1 Evacuation Pause)
[2023-12-18T21:57:32.968+0100][8775.474s] GC(489) Using 10 workers of 10 for evacuation
[2023-12-18T21:57:32.971+0100][8775.477s] GC(489)   Pre Evacuate Collection Set: 0.1ms
[2023-12-18T21:57:32.971+0100][8775.477s] GC(489)   Merge Heap Roots: 0.1ms
[2023-12-18T21:57:32.971+0100][8775.477s] GC(489)   Evacuate Collection Set: 2.1ms
[2023-12-18T21:57:32.971+0100][8775.477s] GC(489)   Post Evacuate Collection Set: 0.6ms
[2023-12-18T21:57:32.971+0100][8775.477s] GC(489)   Other: 0.1ms
[2023-12-18T21:57:32.971+0100][8775.477s] GC(489) Eden regions: 292->0(292)
[2023-12-18T21:57:32.971+0100][8775.477s] GC(489) Survivor regions: 15->15(39)
[2023-12-18T21:57:32.971+0100][8775.477s] GC(489) Old regions: 84->85
[2023-12-18T21:57:32.971+0100][8775.477s] GC(489) Archive regions: 0->0
[2023-12-18T21:57:32.971+0100][8775.477s] GC(489) Humongous regions: 4->4
[2023-12-18T21:57:32.971+0100][8775.477s] GC(489) Metaspace: 62921K(63616K)->62921K(63616K) NonClass: 55924K(56256K)->55924K(56256K) Class: 6997K(7360K)->6997K(7360K)
[2023-12-18T21:57:32.971+0100][8775.477s] GC(489) Pause Young (Normal) (G1 Evacuation Pause) 394M->103M(512M) 3.104ms
[2023-12-18T21:57:32.971+0100][8775.477s] GC(489) User=0.16s Sys=0.00s Real=0.00s
[2023-12-18T21:57:33.659+0100][8776.164s] GC(490) Pause Young (Normal) (G1 Evacuation Pause)
[2023-12-18T21:57:33.659+0100][8776.164s] GC(490) Using 10 workers of 10 for evacuation
[2023-12-18T21:57:33.662+0100][8776.167s] GC(490)   Pre Evacuate Collection Set: 0.0ms
[2023-12-18T21:57:33.662+0100][8776.167s] GC(490)   Merge Heap Roots: 0.0ms
[2023-12-18T21:57:33.662+0100][8776.167s] GC(490)   Evacuate Collection Set: 2.2ms
[2023-12-18T21:57:33.662+0100][8776.167s] GC(490)   Post Evacuate Collection Set: 0.3ms
[2023-12-18T21:57:33.662+0100][8776.167s] GC(490)   Other: 0.1ms
[2023-12-18T21:57:33.662+0100][8776.167s] GC(490) Eden regions: 292->0(292)
[2023-12-18T21:57:33.662+0100][8776.167s] GC(490) Survivor regions: 15->15(39)
[2023-12-18T21:57:33.662+0100][8776.167s] GC(490) Old regions: 85->86
[2023-12-18T21:57:33.662+0100][8776.167s] GC(490) Archive regions: 0->0
[2023-12-18T21:57:33.662+0100][8776.167s] GC(490) Humongous regions: 4->4
[2023-12-18T21:57:33.662+0100][8776.167s] GC(490) Metaspace: 62921K(63616K)->62921K(63616K) NonClass: 55924K(56256K)->55924K(56256K) Class: 6997K(7360K)->6997K(7360K)
[2023-12-18T21:57:33.662+0100][8776.167s] GC(490) Pause Young (Normal) (G1 Evacuation Pause) 395M->104M(512M) 2.826ms
[2023-12-18T21:57:33.662+0100][8776.167s] GC(490) User=0.00s Sys=0.00s Real=0.00s
[2023-12-18T21:57:34.444+0100][8776.950s] GC(491) Pause Young (Normal) (G1 Evacuation Pause)
[2023-12-18T21:57:34.444+0100][8776.950s] GC(491) Using 10 workers of 10 for evacuation
[2023-12-18T21:57:34.447+0100][8776.953s] GC(491)   Pre Evacuate Collection Set: 0.1ms
[2023-12-18T21:57:34.447+0100][8776.953s] GC(491)   Merge Heap Roots: 0.0ms
[2023-12-18T21:57:34.447+0100][8776.953s] GC(491)   Evacuate Collection Set: 2.1ms
[2023-12-18T21:57:34.447+0100][8776.953s] GC(491)   Post Evacuate Collection Set: 0.5ms
[2023-12-18T21:57:34.447+0100][8776.953s] GC(491)   Other: 0.1ms
[2023-12-18T21:57:34.447+0100][8776.953s] GC(491) Eden regions: 292->0(292)
[2023-12-18T21:57:34.447+0100][8776.953s] GC(491) Survivor regions: 15->15(39)
[2023-12-18T21:57:34.447+0100][8776.953s] GC(491) Old regions: 86->87
[2023-12-18T21:57:34.447+0100][8776.953s] GC(491) Archive regions: 0->0
[2023-12-18T21:57:34.447+0100][8776.953s] GC(491) Humongous regions: 4->4
[2023-12-18T21:57:34.447+0100][8776.953s] GC(491) Metaspace: 62921K(63616K)->62921K(63616K) NonClass: 55924K(56256K)->55924K(56256K) Class: 6997K(7360K)->6997K(7360K)
[2023-12-18T21:57:34.447+0100][8776.953s] GC(491) Pause Young (Normal) (G1 Evacuation Pause) 396M->105M(512M) 2.938ms
[2023-12-18T21:57:34.447+0100][8776.953s] GC(491) User=0.00s Sys=0.00s Real=0.00s
[2023-12-18T21:57:35.216+0100][8777.722s] GC(492) Pause Young (Normal) (G1 Evacuation Pause)
[2023-12-18T21:57:35.217+0100][8777.722s] GC(492) Using 10 workers of 10 for evacuation
[2023-12-18T21:57:35.220+0100][8777.725s] GC(492)   Pre Evacuate Collection Set: 0.1ms
[2023-12-18T21:57:35.220+0100][8777.725s] GC(492)   Merge Heap Roots: 0.1ms
[2023-12-18T21:57:35.220+0100][8777.725s] GC(492)   Evacuate Collection Set: 2.2ms
[2023-12-18T21:57:35.220+0100][8777.725s] GC(492)   Post Evacuate Collection Set: 0.6ms
[2023-12-18T21:57:35.220+0100][8777.725s] GC(492)   Other: 0.1ms
[2023-12-18T21:57:35.220+0100][8777.725s] GC(492) Eden regions: 292->0(292)
[2023-12-18T21:57:35.220+0100][8777.725s] GC(492) Survivor regions: 15->15(39)
[2023-12-18T21:57:35.220+0100][8777.725s] GC(492) Old regions: 87->88
[2023-12-18T21:57:35.220+0100][8777.725s] GC(492) Archive regions: 0->0
[2023-12-18T21:57:35.220+0100][8777.725s] GC(492) Humongous regions: 4->4
[2023-12-18T21:57:35.220+0100][8777.725s] GC(492) Metaspace: 62921K(63616K)->62921K(63616K) NonClass: 55924K(56256K)->55924K(56256K) Class: 6997K(7360K)->6997K(7360K)
[2023-12-18T21:57:35.220+0100][8777.725s] GC(492) Pause Young (Normal) (G1 Evacuation Pause) 397M->105M(512M) 3.232ms
[2023-12-18T21:57:35.220+0100][8777.725s] GC(492) User=0.16s Sys=0.00s Real=0.00s
[2023-12-18T21:57:35.847+0100][8778.352s] GC(493) Pause Young (Normal) (G1 Evacuation Pause)
[2023-12-18T21:57:35.847+0100][8778.352s] GC(493) Using 10 workers of 10 for evacuation
[2023-12-18T21:57:35.850+0100][8778.355s] GC(493)   Pre Evacuate Collection Set: 0.1ms
[2023-12-18T21:57:35.850+0100][8778.355s] GC(493)   Merge Heap Roots: 0.1ms
[2023-12-18T21:57:35.850+0100][8778.355s] GC(493)   Evacuate Collection Set: 1.9ms
[2023-12-18T21:57:35.850+0100][8778.355s] GC(493)   Post Evacuate Collection Set: 0.5ms
[2023-12-18T21:57:35.850+0100][8778.355s] GC(493)   Other: 0.1ms
[2023-12-18T21:57:35.850+0100][8778.355s] GC(493) Eden regions: 292->0(292)
[2023-12-18T21:57:35.850+0100][8778.355s] GC(493) Survivor regions: 15->15(39)
[2023-12-18T21:57:35.850+0100][8778.355s] GC(493) Old regions: 88->89
[2023-12-18T21:57:35.850+0100][8778.355s] GC(493) Archive regions: 0->0
[2023-12-18T21:57:35.850+0100][8778.355s] GC(493) Humongous regions: 4->4
[2023-12-18T21:57:35.850+0100][8778.355s] GC(493) Metaspace: 62921K(63616K)->62921K(63616K) NonClass: 55924K(56256K)->55924K(56256K) Class: 6997K(7360K)->6997K(7360K)
[2023-12-18T21:57:35.850+0100][8778.355s] GC(493) Pause Young (Normal) (G1 Evacuation Pause) 397M->106M(512M) 3.044ms
[2023-12-18T21:57:35.850+0100][8778.355s] GC(493) User=0.00s Sys=0.00s Real=0.00s
[2023-12-18T21:57:36.530+0100][8779.035s] GC(494) Pause Young (Normal) (G1 Evacuation Pause)
[2023-12-18T21:57:36.530+0100][8779.035s] GC(494) Using 10 workers of 10 for evacuation
[2023-12-18T21:57:36.533+0100][8779.038s] GC(494)   Pre Evacuate Collection Set: 0.1ms
[2023-12-18T21:57:36.533+0100][8779.038s] GC(494)   Merge Heap Roots: 0.1ms
[2023-12-18T21:57:36.533+0100][8779.038s] GC(494)   Evacuate Collection Set: 2.2ms
[2023-12-18T21:57:36.533+0100][8779.038s] GC(494)   Post Evacuate Collection Set: 0.4ms
[2023-12-18T21:57:36.533+0100][8779.038s] GC(494)   Other: 0.1ms
[2023-12-18T21:57:36.533+0100][8779.038s] GC(494) Eden regions: 292->0(292)
[2023-12-18T21:57:36.533+0100][8779.038s] GC(494) Survivor regions: 15->15(39)
[2023-12-18T21:57:36.533+0100][8779.038s] GC(494) Old regions: 89->89
[2023-12-18T21:57:36.533+0100][8779.038s] GC(494) Archive regions: 0->0
[2023-12-18T21:57:36.533+0100][8779.038s] GC(494) Humongous regions: 4->4
[2023-12-18T21:57:36.533+0100][8779.038s] GC(494) Metaspace: 62921K(63616K)->62921K(63616K) NonClass: 55924K(56256K)->55924K(56256K) Class: 6997K(7360K)->6997K(7360K)
[2023-12-18T21:57:36.533+0100][8779.038s] GC(494) Pause Young (Normal) (G1 Evacuation Pause) 398M->107M(512M) 3.082ms
[2023-12-18T21:57:36.533+0100][8779.038s] GC(494) User=0.16s Sys=0.00s Real=0.00s
[2023-12-18T21:57:37.178+0100][8779.683s] GC(495) Pause Young (Normal) (G1 Evacuation Pause)
[2023-12-18T21:57:37.178+0100][8779.683s] GC(495) Using 10 workers of 10 for evacuation
[2023-12-18T21:57:37.180+0100][8779.686s] GC(495)   Pre Evacuate Collection Set: 0.1ms
[2023-12-18T21:57:37.180+0100][8779.686s] GC(495)   Merge Heap Roots: 0.0ms
[2023-12-18T21:57:37.180+0100][8779.686s] GC(495)   Evacuate Collection Set: 2.0ms
[2023-12-18T21:57:37.180+0100][8779.686s] GC(495)   Post Evacuate Collection Set: 0.4ms
[2023-12-18T21:57:37.180+0100][8779.686s] GC(495)   Other: 0.1ms
[2023-12-18T21:57:37.180+0100][8779.686s] GC(495) Eden regions: 292->0(293)
[2023-12-18T21:57:37.180+0100][8779.686s] GC(495) Survivor regions: 15->14(39)
[2023-12-18T21:57:37.180+0100][8779.686s] GC(495) Old regions: 89->90
[2023-12-18T21:57:37.180+0100][8779.686s] GC(495) Archive regions: 0->0
[2023-12-18T21:57:37.180+0100][8779.686s] GC(495) Humongous regions: 4->4
[2023-12-18T21:57:37.180+0100][8779.686s] GC(495) Metaspace: 62921K(63616K)->62921K(63616K) NonClass: 55924K(56256K)->55924K(56256K) Class: 6997K(7360K)->6997K(7360K)
[2023-12-18T21:57:37.180+0100][8779.686s] GC(495) Pause Young (Normal) (G1 Evacuation Pause) 399M->107M(512M) 2.825ms
[2023-12-18T21:57:37.180+0100][8779.686s] GC(495) User=0.00s Sys=0.00s Real=0.00s
[2023-12-18T21:57:37.916+0100][8780.421s] GC(496) Pause Young (Normal) (G1 Evacuation Pause)
[2023-12-18T21:57:37.916+0100][8780.422s] GC(496) Using 10 workers of 10 for evacuation
[2023-12-18T21:57:37.919+0100][8780.424s] GC(496)   Pre Evacuate Collection Set: 0.0ms
[2023-12-18T21:57:37.919+0100][8780.424s] GC(496)   Merge Heap Roots: 0.0ms
[2023-12-18T21:57:37.919+0100][8780.424s] GC(496)   Evacuate Collection Set: 2.1ms
[2023-12-18T21:57:37.919+0100][8780.424s] GC(496)   Post Evacuate Collection Set: 0.4ms
[2023-12-18T21:57:37.919+0100][8780.424s] GC(496)   Other: 0.1ms
[2023-12-18T21:57:37.919+0100][8780.424s] GC(496) Eden regions: 293->0(293)
[2023-12-18T21:57:37.919+0100][8780.424s] GC(496) Survivor regions: 14->14(39)
[2023-12-18T21:57:37.919+0100][8780.424s] GC(496) Old regions: 90->91
[2023-12-18T21:57:37.919+0100][8780.424s] GC(496) Archive regions: 0->0
[2023-12-18T21:57:37.919+0100][8780.424s] GC(496) Humongous regions: 4->4
[2023-12-18T21:57:37.919+0100][8780.424s] GC(496) Metaspace: 62921K(63616K)->62921K(63616K) NonClass: 55924K(56256K)->55924K(56256K) Class: 6997K(7360K)->6997K(7360K)
[2023-12-18T21:57:37.919+0100][8780.424s] GC(496) Pause Young (Normal) (G1 Evacuation Pause) 400M->108M(512M) 2.802ms
[2023-12-18T21:57:37.919+0100][8780.424s] GC(496) User=0.00s Sys=0.00s Real=0.00s
[2023-12-18T21:57:38.587+0100][8781.093s] GC(497) Pause Young (Normal) (G1 Evacuation Pause)
[2023-12-18T21:57:38.587+0100][8781.093s] GC(497) Using 10 workers of 10 for evacuation
[2023-12-18T21:57:38.589+0100][8781.095s] GC(497)   Pre Evacuate Collection Set: 0.1ms
[2023-12-18T21:57:38.589+0100][8781.095s] GC(497)   Merge Heap Roots: 0.1ms
[2023-12-18T21:57:38.589+0100][8781.095s] GC(497)   Evacuate Collection Set: 1.9ms
[2023-12-18T21:57:38.589+0100][8781.095s] GC(497)   Post Evacuate Collection Set: 0.5ms
[2023-12-18T21:57:38.589+0100][8781.095s] GC(497)   Other: 0.1ms
[2023-12-18T21:57:38.589+0100][8781.095s] GC(497) Eden regions: 293->0(293)
[2023-12-18T21:57:38.589+0100][8781.095s] GC(497) Survivor regions: 14->14(39)
[2023-12-18T21:57:38.589+0100][8781.095s] GC(497) Old regions: 91->92
[2023-12-18T21:57:38.589+0100][8781.095s] GC(497) Archive regions: 0->0
[2023-12-18T21:57:38.589+0100][8781.095s] GC(497) Humongous regions: 4->4
[2023-12-18T21:57:38.589+0100][8781.095s] GC(497) Metaspace: 62921K(63616K)->62921K(63616K) NonClass: 55924K(56256K)->55924K(56256K) Class: 6997K(7360K)->6997K(7360K)
[2023-12-18T21:57:38.589+0100][8781.095s] GC(497) Pause Young (Normal) (G1 Evacuation Pause) 401M->108M(512M) 2.820ms
[2023-12-18T21:57:38.589+0100][8781.095s] GC(497) User=0.00s Sys=0.00s Real=0.00s
[2023-12-18T21:57:39.263+0100][8781.768s] GC(498) Pause Young (Normal) (G1 Evacuation Pause)
[2023-12-18T21:57:39.263+0100][8781.768s] GC(498) Using 10 workers of 10 for evacuation
[2023-12-18T21:57:39.265+0100][8781.771s] GC(498)   Pre Evacuate Collection Set: 0.0ms
[2023-12-18T21:57:39.265+0100][8781.771s] GC(498)   Merge Heap Roots: 0.0ms
[2023-12-18T21:57:39.265+0100][8781.771s] GC(498)   Evacuate Collection Set: 2.1ms
[2023-12-18T21:57:39.265+0100][8781.771s] GC(498)   Post Evacuate Collection Set: 0.4ms
[2023-12-18T21:57:39.265+0100][8781.771s] GC(498)   Other: 0.1ms
[2023-12-18T21:57:39.265+0100][8781.771s] GC(498) Eden regions: 293->0(292)
[2023-12-18T21:57:39.266+0100][8781.771s] GC(498) Survivor regions: 14->15(39)
[2023-12-18T21:57:39.266+0100][8781.771s] GC(498) Old regions: 92->93
[2023-12-18T21:57:39.266+0100][8781.771s] GC(498) Archive regions: 0->0
[2023-12-18T21:57:39.266+0100][8781.771s] GC(498) Humongous regions: 4->4
[2023-12-18T21:57:39.266+0100][8781.771s] GC(498) Metaspace: 62921K(63616K)->62921K(63616K) NonClass: 55924K(56256K)->55924K(56256K) Class: 6997K(7360K)->6997K(7360K)
[2023-12-18T21:57:39.266+0100][8781.771s] GC(498) Pause Young (Normal) (G1 Evacuation Pause) 401M->110M(512M) 2.794ms
[2023-12-18T21:57:39.266+0100][8781.771s] GC(498) User=0.00s Sys=0.00s Real=0.00s
[2023-12-18T21:57:39.904+0100][8782.409s] GC(499) Pause Young (Normal) (G1 Evacuation Pause)
[2023-12-18T21:57:39.904+0100][8782.409s] GC(499) Using 10 workers of 10 for evacuation
[2023-12-18T21:57:39.906+0100][8782.412s] GC(499)   Pre Evacuate Collection Set: 0.0ms
[2023-12-18T21:57:39.906+0100][8782.412s] GC(499)   Merge Heap Roots: 0.0ms
[2023-12-18T21:57:39.906+0100][8782.412s] GC(499)   Evacuate Collection Set: 1.8ms
[2023-12-18T21:57:39.906+0100][8782.412s] GC(499)   Post Evacuate Collection Set: 0.3ms
[2023-12-18T21:57:39.906+0100][8782.412s] GC(499)   Other: 0.1ms
[2023-12-18T21:57:39.906+0100][8782.412s] GC(499) Eden regions: 292->0(293)
[2023-12-18T21:57:39.906+0100][8782.412s] GC(499) Survivor regions: 15->14(39)
[2023-12-18T21:57:39.906+0100][8782.412s] GC(499) Old regions: 93->93
[2023-12-18T21:57:39.906+0100][8782.412s] GC(499) Archive regions: 0->0
[2023-12-18T21:57:39.906+0100][8782.412s] GC(499) Humongous regions: 4->4
[2023-12-18T21:57:39.906+0100][8782.412s] GC(499) Metaspace: 62921K(63616K)->62921K(63616K) NonClass: 55924K(56256K)->55924K(56256K) Class: 6997K(7360K)->6997K(7360K)
[2023-12-18T21:57:39.906+0100][8782.412s] GC(499) Pause Young (Normal) (G1 Evacuation Pause) 402M->110M(512M) 2.517ms
[2023-12-18T21:57:39.906+0100][8782.412s] GC(499) User=0.00s Sys=0.00s Real=0.00s
[2023-12-18T21:57:40.658+0100][8783.164s] GC(500) Pause Young (Normal) (G1 Evacuation Pause)
[2023-12-18T21:57:40.658+0100][8783.164s] GC(500) Using 10 workers of 10 for evacuation
[2023-12-18T21:57:40.661+0100][8783.167s] GC(500)   Pre Evacuate Collection Set: 0.1ms
[2023-12-18T21:57:40.661+0100][8783.167s] GC(500)   Merge Heap Roots: 0.1ms
[2023-12-18T21:57:40.661+0100][8783.167s] GC(500)   Evacuate Collection Set: 2.3ms
[2023-12-18T21:57:40.661+0100][8783.167s] GC(500)   Post Evacuate Collection Set: 0.5ms
[2023-12-18T21:57:40.661+0100][8783.167s] GC(500)   Other: 0.1ms
[2023-12-18T21:57:40.661+0100][8783.167s] GC(500) Eden regions: 293->0(293)
[2023-12-18T21:57:40.661+0100][8783.167s] GC(500) Survivor regions: 14->14(39)
[2023-12-18T21:57:40.661+0100][8783.167s] GC(500) Old regions: 93->94
[2023-12-18T21:57:40.661+0100][8783.167s] GC(500) Archive regions: 0->0
[2023-12-18T21:57:40.661+0100][8783.167s] GC(500) Humongous regions: 4->4
[2023-12-18T21:57:40.661+0100][8783.167s] GC(500) Metaspace: 62921K(63616K)->62921K(63616K) NonClass: 55924K(56256K)->55924K(56256K) Class: 6997K(7360K)->6997K(7360K)
[2023-12-18T21:57:40.661+0100][8783.167s] GC(500) Pause Young (Normal) (G1 Evacuation Pause) 403M->111M(512M) 3.292ms
[2023-12-18T21:57:40.661+0100][8783.167s] GC(500) User=0.00s Sys=0.00s Real=0.00s
[2023-12-18T21:57:41.338+0100][8783.844s] GC(501) Pause Young (Normal) (G1 Evacuation Pause)
[2023-12-18T21:57:41.339+0100][8783.844s] GC(501) Using 10 workers of 10 for evacuation
[2023-12-18T21:57:41.342+0100][8783.847s] GC(501)   Pre Evacuate Collection Set: 0.1ms
[2023-12-18T21:57:41.342+0100][8783.847s] GC(501)   Merge Heap Roots: 0.1ms
[2023-12-18T21:57:41.342+0100][8783.847s] GC(501)   Evacuate Collection Set: 2.4ms
[2023-12-18T21:57:41.342+0100][8783.847s] GC(501)   Post Evacuate Collection Set: 0.4ms
[2023-12-18T21:57:41.342+0100][8783.847s] GC(501)   Other: 0.1ms
[2023-12-18T21:57:41.342+0100][8783.847s] GC(501) Eden regions: 293->0(293)
[2023-12-18T21:57:41.342+0100][8783.847s] GC(501) Survivor regions: 14->14(39)
[2023-12-18T21:57:41.342+0100][8783.847s] GC(501) Old regions: 94->95
[2023-12-18T21:57:41.342+0100][8783.847s] GC(501) Archive regions: 0->0
[2023-12-18T21:57:41.342+0100][8783.847s] GC(501) Humongous regions: 4->4
[2023-12-18T21:57:41.342+0100][8783.847s] GC(501) Metaspace: 62921K(63616K)->62921K(63616K) NonClass: 55924K(56256K)->55924K(56256K) Class: 6997K(7360K)->6997K(7360K)
[2023-12-18T21:57:41.342+0100][8783.848s] GC(501) Pause Young (Normal) (G1 Evacuation Pause) 404M->112M(512M) 3.293ms
[2023-12-18T21:57:41.342+0100][8783.848s] GC(501) User=0.00s Sys=0.00s Real=0.00s
[2023-12-18T21:57:42.058+0100][8784.563s] GC(502) Pause Young (Normal) (G1 Evacuation Pause)
[2023-12-18T21:57:42.058+0100][8784.563s] GC(502) Using 10 workers of 10 for evacuation
[2023-12-18T21:57:42.061+0100][8784.566s] GC(502)   Pre Evacuate Collection Set: 0.1ms
[2023-12-18T21:57:42.061+0100][8784.566s] GC(502)   Merge Heap Roots: 0.1ms
[2023-12-18T21:57:42.061+0100][8784.566s] GC(502)   Evacuate Collection Set: 2.1ms
[2023-12-18T21:57:42.061+0100][8784.566s] GC(502)   Post Evacuate Collection Set: 0.5ms
[2023-12-18T21:57:42.061+0100][8784.566s] GC(502)   Other: 0.1ms
[2023-12-18T21:57:42.061+0100][8784.566s] GC(502) Eden regions: 293->0(293)
[2023-12-18T21:57:42.061+0100][8784.566s] GC(502) Survivor regions: 14->14(39)
[2023-12-18T21:57:42.061+0100][8784.566s] GC(502) Old regions: 95->96
[2023-12-18T21:57:42.061+0100][8784.566s] GC(502) Archive regions: 0->0
[2023-12-18T21:57:42.061+0100][8784.566s] GC(502) Humongous regions: 4->4
[2023-12-18T21:57:42.061+0100][8784.566s] GC(502) Metaspace: 62921K(63616K)->62921K(63616K) NonClass: 55924K(56256K)->55924K(56256K) Class: 6997K(7360K)->6997K(7360K)
[2023-12-18T21:57:42.061+0100][8784.566s] GC(502) Pause Young (Normal) (G1 Evacuation Pause) 405M->113M(512M) 2.992ms
[2023-12-18T21:57:42.061+0100][8784.566s] GC(502) User=0.00s Sys=0.00s Real=0.00s
[2023-12-18T21:57:42.796+0100][8785.302s] GC(503) Pause Young (Normal) (G1 Evacuation Pause)
[2023-12-18T21:57:42.797+0100][8785.302s] GC(503) Using 10 workers of 10 for evacuation
[2023-12-18T21:57:42.800+0100][8785.306s] GC(503)   Pre Evacuate Collection Set: 0.7ms
[2023-12-18T21:57:42.800+0100][8785.306s] GC(503)   Merge Heap Roots: 0.8ms
[2023-12-18T21:57:42.800+0100][8785.306s] GC(503)   Evacuate Collection Set: 1.8ms
[2023-12-18T21:57:42.800+0100][8785.306s] GC(503)   Post Evacuate Collection Set: 0.4ms
[2023-12-18T21:57:42.800+0100][8785.306s] GC(503)   Other: 0.1ms
[2023-12-18T21:57:42.800+0100][8785.306s] GC(503) Eden regions: 293->0(293)
[2023-12-18T21:57:42.800+0100][8785.306s] GC(503) Survivor regions: 14->14(39)
[2023-12-18T21:57:42.800+0100][8785.306s] GC(503) Old regions: 96->97
[2023-12-18T21:57:42.800+0100][8785.306s] GC(503) Archive regions: 0->0
[2023-12-18T21:57:42.800+0100][8785.306s] GC(503) Humongous regions: 4->4
[2023-12-18T21:57:42.800+0100][8785.306s] GC(503) Metaspace: 62921K(63616K)->62921K(63616K) NonClass: 55924K(56256K)->55924K(56256K) Class: 6997K(7360K)->6997K(7360K)
[2023-12-18T21:57:42.800+0100][8785.306s] GC(503) Pause Young (Normal) (G1 Evacuation Pause) 406M->113M(512M) 3.912ms
[2023-12-18T21:57:42.800+0100][8785.306s] GC(503) User=0.02s Sys=0.00s Real=0.00s
[2023-12-18T21:57:43.470+0100][8785.976s] GC(504) Pause Young (Normal) (G1 Evacuation Pause)
[2023-12-18T21:57:43.470+0100][8785.976s] GC(504) Using 10 workers of 10 for evacuation
[2023-12-18T21:57:43.473+0100][8785.979s] GC(504)   Pre Evacuate Collection Set: 0.0ms
[2023-12-18T21:57:43.473+0100][8785.979s] GC(504)   Merge Heap Roots: 0.0ms
[2023-12-18T21:57:43.473+0100][8785.979s] GC(504)   Evacuate Collection Set: 2.1ms
[2023-12-18T21:57:43.473+0100][8785.979s] GC(504)   Post Evacuate Collection Set: 0.5ms
[2023-12-18T21:57:43.473+0100][8785.979s] GC(504)   Other: 0.1ms
[2023-12-18T21:57:43.473+0100][8785.979s] GC(504) Eden regions: 293->0(293)
[2023-12-18T21:57:43.473+0100][8785.979s] GC(504) Survivor regions: 14->14(39)
[2023-12-18T21:57:43.473+0100][8785.979s] GC(504) Old regions: 97->97
[2023-12-18T21:57:43.473+0100][8785.979s] GC(504) Archive regions: 0->0
[2023-12-18T21:57:43.473+0100][8785.979s] GC(504) Humongous regions: 4->4
[2023-12-18T21:57:43.473+0100][8785.979s] GC(504) Metaspace: 62921K(63616K)->62921K(63616K) NonClass: 55924K(56256K)->55924K(56256K) Class: 6997K(7360K)->6997K(7360K)
[2023-12-18T21:57:43.473+0100][8785.979s] GC(504) Pause Young (Normal) (G1 Evacuation Pause) 406M->114M(512M) 2.918ms
[2023-12-18T21:57:43.473+0100][8785.979s] GC(504) User=0.00s Sys=0.00s Real=0.00s
[2023-12-18T21:57:44.112+0100][8786.617s] GC(505) Pause Young (Normal) (G1 Evacuation Pause)
[2023-12-18T21:57:44.112+0100][8786.617s] GC(505) Using 10 workers of 10 for evacuation
[2023-12-18T21:57:44.115+0100][8786.620s] GC(505)   Pre Evacuate Collection Set: 0.1ms
[2023-12-18T21:57:44.115+0100][8786.620s] GC(505)   Merge Heap Roots: 0.1ms
[2023-12-18T21:57:44.115+0100][8786.620s] GC(505)   Evacuate Collection Set: 2.1ms
[2023-12-18T21:57:44.115+0100][8786.620s] GC(505)   Post Evacuate Collection Set: 0.4ms
[2023-12-18T21:57:44.115+0100][8786.620s] GC(505)   Other: 0.1ms
[2023-12-18T21:57:44.115+0100][8786.620s] GC(505) Eden regions: 293->0(293)
[2023-12-18T21:57:44.115+0100][8786.620s] GC(505) Survivor regions: 14->14(39)
[2023-12-18T21:57:44.115+0100][8786.620s] GC(505) Old regions: 97->98
[2023-12-18T21:57:44.115+0100][8786.620s] GC(505) Archive regions: 0->0
[2023-12-18T21:57:44.115+0100][8786.620s] GC(505) Humongous regions: 4->4
[2023-12-18T21:57:44.115+0100][8786.620s] GC(505) Metaspace: 62921K(63616K)->62921K(63616K) NonClass: 55924K(56256K)->55924K(56256K) Class: 6997K(7360K)->6997K(7360K)
[2023-12-18T21:57:44.115+0100][8786.620s] GC(505) Pause Young (Normal) (G1 Evacuation Pause) 407M->115M(512M) 3.035ms
[2023-12-18T21:57:44.115+0100][8786.620s] GC(505) User=0.00s Sys=0.00s Real=0.00s
[2023-12-18T21:57:44.847+0100][8787.352s] GC(506) Pause Young (Normal) (G1 Evacuation Pause)
[2023-12-18T21:57:44.847+0100][8787.352s] GC(506) Using 10 workers of 10 for evacuation
[2023-12-18T21:57:44.849+0100][8787.355s] GC(506)   Pre Evacuate Collection Set: 0.1ms
[2023-12-18T21:57:44.849+0100][8787.355s] GC(506)   Merge Heap Roots: 0.1ms
[2023-12-18T21:57:44.849+0100][8787.355s] GC(506)   Evacuate Collection Set: 1.9ms
[2023-12-18T21:57:44.849+0100][8787.355s] GC(506)   Post Evacuate Collection Set: 0.4ms
[2023-12-18T21:57:44.849+0100][8787.355s] GC(506)   Other: 0.1ms
[2023-12-18T21:57:44.849+0100][8787.355s] GC(506) Eden regions: 293->0(293)
[2023-12-18T21:57:44.849+0100][8787.355s] GC(506) Survivor regions: 14->14(39)
[2023-12-18T21:57:44.849+0100][8787.355s] GC(506) Old regions: 98->99
[2023-12-18T21:57:44.849+0100][8787.355s] GC(506) Archive regions: 0->0
[2023-12-18T21:57:44.849+0100][8787.355s] GC(506) Humongous regions: 4->4
[2023-12-18T21:57:44.849+0100][8787.355s] GC(506) Metaspace: 62921K(63616K)->62921K(63616K) NonClass: 55924K(56256K)->55924K(56256K) Class: 6997K(7360K)->6997K(7360K)
[2023-12-18T21:57:44.849+0100][8787.355s] GC(506) Pause Young (Normal) (G1 Evacuation Pause) 408M->116M(512M) 2.802ms
[2023-12-18T21:57:44.849+0100][8787.355s] GC(506) User=0.00s Sys=0.00s Real=0.00s
[2023-12-18T21:57:45.568+0100][8788.074s] GC(507) Pause Young (Normal) (G1 Evacuation Pause)
[2023-12-18T21:57:45.568+0100][8788.074s] GC(507) Using 10 workers of 10 for evacuation
[2023-12-18T21:57:45.573+0100][8788.078s] GC(507)   Pre Evacuate Collection Set: 0.1ms
[2023-12-18T21:57:45.573+0100][8788.078s] GC(507)   Merge Heap Roots: 0.1ms
[2023-12-18T21:57:45.573+0100][8788.078s] GC(507)   Evacuate Collection Set: 3.1ms
[2023-12-18T21:57:45.573+0100][8788.078s] GC(507)   Post Evacuate Collection Set: 0.8ms
[2023-12-18T21:57:45.573+0100][8788.078s] GC(507)   Other: 0.1ms
[2023-12-18T21:57:45.573+0100][8788.078s] GC(507) Eden regions: 293->0(292)
[2023-12-18T21:57:45.573+0100][8788.078s] GC(507) Survivor regions: 14->15(39)
[2023-12-18T21:57:45.573+0100][8788.078s] GC(507) Old regions: 99->100
[2023-12-18T21:57:45.573+0100][8788.078s] GC(507) Archive regions: 0->0
[2023-12-18T21:57:45.573+0100][8788.078s] GC(507) Humongous regions: 4->4
[2023-12-18T21:57:45.573+0100][8788.078s] GC(507) Metaspace: 62921K(63616K)->62921K(63616K) NonClass: 55924K(56256K)->55924K(56256K) Class: 6997K(7360K)->6997K(7360K)
[2023-12-18T21:57:45.573+0100][8788.078s] GC(507) Pause Young (Normal) (G1 Evacuation Pause) 409M->118M(512M) 4.392ms
[2023-12-18T21:57:45.573+0100][8788.078s] GC(507) User=0.00s Sys=0.00s Real=0.00s
[2023-12-18T21:57:46.223+0100][8788.729s] GC(508) Pause Young (Normal) (G1 Evacuation Pause)
[2023-12-18T21:57:46.223+0100][8788.729s] GC(508) Using 10 workers of 10 for evacuation
[2023-12-18T21:57:46.226+0100][8788.732s] GC(508)   Pre Evacuate Collection Set: 0.1ms
[2023-12-18T21:57:46.226+0100][8788.732s] GC(508)   Merge Heap Roots: 0.1ms
[2023-12-18T21:57:46.226+0100][8788.732s] GC(508)   Evacuate Collection Set: 2.0ms
[2023-12-18T21:57:46.226+0100][8788.732s] GC(508)   Post Evacuate Collection Set: 0.4ms
[2023-12-18T21:57:46.226+0100][8788.732s] GC(508)   Other: 0.1ms
[2023-12-18T21:57:46.226+0100][8788.732s] GC(508) Eden regions: 292->0(293)
[2023-12-18T21:57:46.226+0100][8788.732s] GC(508) Survivor regions: 15->14(39)
[2023-12-18T21:57:46.226+0100][8788.732s] GC(508) Old regions: 100->101
[2023-12-18T21:57:46.226+0100][8788.732s] GC(508) Archive regions: 0->0
[2023-12-18T21:57:46.226+0100][8788.732s] GC(508) Humongous regions: 4->4
[2023-12-18T21:57:46.226+0100][8788.732s] GC(508) Metaspace: 62921K(63616K)->62921K(63616K) NonClass: 55924K(56256K)->55924K(56256K) Class: 6997K(7360K)->6997K(7360K)
[2023-12-18T21:57:46.226+0100][8788.732s] GC(508) Pause Young (Normal) (G1 Evacuation Pause) 410M->118M(512M) 2.949ms
[2023-12-18T21:57:46.226+0100][8788.732s] GC(508) User=0.00s Sys=0.00s Real=0.00s
[2023-12-18T21:57:46.946+0100][8789.452s] GC(509) Pause Young (Normal) (G1 Evacuation Pause)
[2023-12-18T21:57:46.946+0100][8789.452s] GC(509) Using 10 workers of 10 for evacuation
[2023-12-18T21:57:46.950+0100][8789.455s] GC(509)   Pre Evacuate Collection Set: 0.0ms
[2023-12-18T21:57:46.950+0100][8789.456s] GC(509)   Merge Heap Roots: 0.0ms
[2023-12-18T21:57:46.950+0100][8789.456s] GC(509)   Evacuate Collection Set: 3.0ms
[2023-12-18T21:57:46.950+0100][8789.456s] GC(509)   Post Evacuate Collection Set: 0.6ms
[2023-12-18T21:57:46.950+0100][8789.456s] GC(509)   Other: 0.1ms
[2023-12-18T21:57:46.950+0100][8789.456s] GC(509) Eden regions: 293->0(293)
[2023-12-18T21:57:46.950+0100][8789.456s] GC(509) Survivor regions: 14->14(39)
[2023-12-18T21:57:46.950+0100][8789.456s] GC(509) Old regions: 101->101
[2023-12-18T21:57:46.950+0100][8789.456s] GC(509) Archive regions: 0->0
[2023-12-18T21:57:46.950+0100][8789.456s] GC(509) Humongous regions: 4->4
[2023-12-18T21:57:46.950+0100][8789.456s] GC(509) Metaspace: 62921K(63616K)->62921K(63616K) NonClass: 55924K(56256K)->55924K(56256K) Class: 6997K(7360K)->6997K(7360K)
[2023-12-18T21:57:46.951+0100][8789.456s] GC(509) Pause Young (Normal) (G1 Evacuation Pause) 411M->118M(512M) 4.200ms
[2023-12-18T21:57:46.951+0100][8789.456s] GC(509) User=0.00s Sys=0.00s Real=0.00s
[2023-12-18T21:57:47.588+0100][8790.094s] GC(510) Pause Young (Normal) (G1 Evacuation Pause)
[2023-12-18T21:57:47.588+0100][8790.094s] GC(510) Using 10 workers of 10 for evacuation
[2023-12-18T21:57:47.590+0100][8790.096s] GC(510)   Pre Evacuate Collection Set: 0.0ms
[2023-12-18T21:57:47.590+0100][8790.096s] GC(510)   Merge Heap Roots: 0.0ms
[2023-12-18T21:57:47.590+0100][8790.096s] GC(510)   Evacuate Collection Set: 1.7ms
[2023-12-18T21:57:47.590+0100][8790.096s] GC(510)   Post Evacuate Collection Set: 0.3ms
[2023-12-18T21:57:47.590+0100][8790.096s] GC(510)   Other: 0.1ms
[2023-12-18T21:57:47.590+0100][8790.096s] GC(510) Eden regions: 293->0(294)
[2023-12-18T21:57:47.590+0100][8790.096s] GC(510) Survivor regions: 14->13(39)
[2023-12-18T21:57:47.590+0100][8790.096s] GC(510) Old regions: 101->102
[2023-12-18T21:57:47.590+0100][8790.096s] GC(510) Archive regions: 0->0
[2023-12-18T21:57:47.590+0100][8790.096s] GC(510) Humongous regions: 4->4
[2023-12-18T21:57:47.590+0100][8790.096s] GC(510) Metaspace: 62921K(63616K)->62921K(63616K) NonClass: 55924K(56256K)->55924K(56256K) Class: 6997K(7360K)->6997K(7360K)
[2023-12-18T21:57:47.590+0100][8790.096s] GC(510) Pause Young (Normal) (G1 Evacuation Pause) 411M->118M(512M) 2.332ms
[2023-12-18T21:57:47.590+0100][8790.096s] GC(510) User=0.00s Sys=0.00s Real=0.00s
[2023-12-18T21:57:48.252+0100][8790.757s] GC(511) Pause Young (Normal) (G1 Evacuation Pause)
[2023-12-18T21:57:48.252+0100][8790.757s] GC(511) Using 10 workers of 10 for evacuation
[2023-12-18T21:57:48.254+0100][8790.760s] GC(511)   Pre Evacuate Collection Set: 0.1ms
[2023-12-18T21:57:48.254+0100][8790.760s] GC(511)   Merge Heap Roots: 0.1ms
[2023-12-18T21:57:48.254+0100][8790.760s] GC(511)   Evacuate Collection Set: 1.9ms
[2023-12-18T21:57:48.254+0100][8790.760s] GC(511)   Post Evacuate Collection Set: 0.4ms
[2023-12-18T21:57:48.254+0100][8790.760s] GC(511)   Other: 0.1ms
[2023-12-18T21:57:48.254+0100][8790.760s] GC(511) Eden regions: 294->0(293)
[2023-12-18T21:57:48.254+0100][8790.760s] GC(511) Survivor regions: 13->14(39)
[2023-12-18T21:57:48.254+0100][8790.760s] GC(511) Old regions: 102->103
[2023-12-18T21:57:48.254+0100][8790.760s] GC(511) Archive regions: 0->0
[2023-12-18T21:57:48.254+0100][8790.760s] GC(511) Humongous regions: 4->4
[2023-12-18T21:57:48.254+0100][8790.760s] GC(511) Metaspace: 62921K(63616K)->62921K(63616K) NonClass: 55924K(56256K)->55924K(56256K) Class: 6997K(7360K)->6997K(7360K)
[2023-12-18T21:57:48.254+0100][8790.760s] GC(511) Pause Young (Normal) (G1 Evacuation Pause) 412M->119M(512M) 2.818ms
[2023-12-18T21:57:48.254+0100][8790.760s] GC(511) User=0.00s Sys=0.00s Real=0.00s
[2023-12-18T21:57:48.944+0100][8791.449s] GC(512) Pause Young (Normal) (G1 Evacuation Pause)
[2023-12-18T21:57:48.944+0100][8791.449s] GC(512) Using 10 workers of 10 for evacuation
[2023-12-18T21:57:48.949+0100][8791.454s] GC(512)   Pre Evacuate Collection Set: 0.1ms
[2023-12-18T21:57:48.949+0100][8791.454s] GC(512)   Merge Heap Roots: 0.1ms
[2023-12-18T21:57:48.949+0100][8791.454s] GC(512)   Evacuate Collection Set: 2.8ms
[2023-12-18T21:57:48.949+0100][8791.454s] GC(512)   Post Evacuate Collection Set: 1.2ms
[2023-12-18T21:57:48.949+0100][8791.454s] GC(512)   Other: 0.1ms
[2023-12-18T21:57:48.949+0100][8791.454s] GC(512) Eden regions: 293->0(292)
[2023-12-18T21:57:48.949+0100][8791.454s] GC(512) Survivor regions: 14->15(39)
[2023-12-18T21:57:48.949+0100][8791.454s] GC(512) Old regions: 103->104
[2023-12-18T21:57:48.949+0100][8791.454s] GC(512) Archive regions: 0->0
[2023-12-18T21:57:48.949+0100][8791.454s] GC(512) Humongous regions: 4->4
[2023-12-18T21:57:48.949+0100][8791.454s] GC(512) Metaspace: 62921K(63616K)->62921K(63616K) NonClass: 55924K(56256K)->55924K(56256K) Class: 6997K(7360K)->6997K(7360K)
[2023-12-18T21:57:48.949+0100][8791.454s] GC(512) Pause Young (Normal) (G1 Evacuation Pause) 412M->121M(512M) 4.560ms
[2023-12-18T21:57:48.949+0100][8791.454s] GC(512) User=0.00s Sys=0.00s Real=0.00s
[2023-12-18T21:57:49.596+0100][8792.101s] GC(513) Pause Young (Normal) (G1 Evacuation Pause)
[2023-12-18T21:57:49.596+0100][8792.101s] GC(513) Using 10 workers of 10 for evacuation
[2023-12-18T21:57:49.599+0100][8792.105s] GC(513)   Pre Evacuate Collection Set: 0.1ms
[2023-12-18T21:57:49.599+0100][8792.105s] GC(513)   Merge Heap Roots: 0.1ms
[2023-12-18T21:57:49.599+0100][8792.105s] GC(513)   Evacuate Collection Set: 2.5ms
[2023-12-18T21:57:49.599+0100][8792.105s] GC(513)   Post Evacuate Collection Set: 0.5ms
[2023-12-18T21:57:49.599+0100][8792.105s] GC(513)   Other: 0.1ms
[2023-12-18T21:57:49.599+0100][8792.105s] GC(513) Eden regions: 292->0(293)
[2023-12-18T21:57:49.599+0100][8792.105s] GC(513) Survivor regions: 15->14(39)
[2023-12-18T21:57:49.599+0100][8792.105s] GC(513) Old regions: 104->104
[2023-12-18T21:57:49.599+0100][8792.105s] GC(513) Archive regions: 0->0
[2023-12-18T21:57:49.599+0100][8792.105s] GC(513) Humongous regions: 4->4
[2023-12-18T21:57:49.599+0100][8792.105s] GC(513) Metaspace: 62921K(63616K)->62921K(63616K) NonClass: 55924K(56256K)->55924K(56256K) Class: 6997K(7360K)->6997K(7360K)
[2023-12-18T21:57:49.599+0100][8792.105s] GC(513) Pause Young (Normal) (G1 Evacuation Pause) 413M->121M(512M) 3.398ms
[2023-12-18T21:57:49.599+0100][8792.105s] GC(513) User=0.00s Sys=0.00s Real=0.00s
[2023-12-18T21:57:50.318+0100][8792.823s] GC(514) Pause Young (Normal) (G1 Evacuation Pause)
[2023-12-18T21:57:50.318+0100][8792.823s] GC(514) Using 10 workers of 10 for evacuation
[2023-12-18T21:57:50.321+0100][8792.827s] GC(514)   Pre Evacuate Collection Set: 0.1ms
[2023-12-18T21:57:50.321+0100][8792.827s] GC(514)   Merge Heap Roots: 0.1ms
[2023-12-18T21:57:50.321+0100][8792.827s] GC(514)   Evacuate Collection Set: 3.7ms
[2023-12-18T21:57:50.321+0100][8792.827s] GC(514)   Post Evacuate Collection Set: 0.5ms
[2023-12-18T21:57:50.321+0100][8792.827s] GC(514)   Other: 0.1ms
[2023-12-18T21:57:50.321+0100][8792.827s] GC(514) Eden regions: 293->0(293)
[2023-12-18T21:57:50.321+0100][8792.827s] GC(514) Survivor regions: 14->14(39)
[2023-12-18T21:57:50.321+0100][8792.827s] GC(514) Old regions: 104->105
[2023-12-18T21:57:50.321+0100][8792.828s] GC(514) Archive regions: 0->0
[2023-12-18T21:57:50.321+0100][8792.828s] GC(514) Humongous regions: 4->4
[2023-12-18T21:57:50.321+0100][8792.828s] GC(514) Metaspace: 62921K(63616K)->62921K(63616K) NonClass: 55924K(56256K)->55924K(56256K) Class: 6997K(7360K)->6997K(7360K)
[2023-12-18T21:57:50.321+0100][8792.828s] GC(514) Pause Young (Normal) (G1 Evacuation Pause) 414M->122M(512M) 4.694ms
[2023-12-18T21:57:50.321+0100][8792.828s] GC(514) User=0.00s Sys=0.00s Real=0.00s
[2023-12-18T21:57:50.906+0100][8793.412s] GC(515) Pause Young (Normal) (G1 Evacuation Pause)
[2023-12-18T21:57:50.906+0100][8793.412s] GC(515) Using 10 workers of 10 for evacuation
[2023-12-18T21:57:50.909+0100][8793.415s] GC(515)   Pre Evacuate Collection Set: 0.1ms
[2023-12-18T21:57:50.909+0100][8793.415s] GC(515)   Merge Heap Roots: 0.1ms
[2023-12-18T21:57:50.909+0100][8793.415s] GC(515)   Evacuate Collection Set: 1.8ms
[2023-12-18T21:57:50.909+0100][8793.415s] GC(515)   Post Evacuate Collection Set: 0.4ms
[2023-12-18T21:57:50.909+0100][8793.415s] GC(515)   Other: 0.1ms
[2023-12-18T21:57:50.909+0100][8793.415s] GC(515) Eden regions: 293->0(294)
[2023-12-18T21:57:50.909+0100][8793.415s] GC(515) Survivor regions: 14->13(39)
[2023-12-18T21:57:50.909+0100][8793.415s] GC(515) Old regions: 105->106
[2023-12-18T21:57:50.909+0100][8793.415s] GC(515) Archive regions: 0->0
[2023-12-18T21:57:50.909+0100][8793.415s] GC(515) Humongous regions: 4->4
[2023-12-18T21:57:50.909+0100][8793.415s] GC(515) Metaspace: 62921K(63616K)->62921K(63616K) NonClass: 55924K(56256K)->55924K(56256K) Class: 6997K(7360K)->6997K(7360K)
[2023-12-18T21:57:50.909+0100][8793.415s] GC(515) Pause Young (Normal) (G1 Evacuation Pause) 415M->122M(512M) 2.617ms
[2023-12-18T21:57:50.909+0100][8793.415s] GC(515) User=0.00s Sys=0.00s Real=0.00s
[2023-12-18T21:57:51.558+0100][8794.063s] GC(516) Pause Young (Normal) (G1 Evacuation Pause)
[2023-12-18T21:57:51.558+0100][8794.063s] GC(516) Using 10 workers of 10 for evacuation
[2023-12-18T21:57:51.560+0100][8794.065s] GC(516)   Pre Evacuate Collection Set: 0.1ms
[2023-12-18T21:57:51.560+0100][8794.066s] GC(516)   Merge Heap Roots: 0.1ms
[2023-12-18T21:57:51.560+0100][8794.066s] GC(516)   Evacuate Collection Set: 1.8ms
[2023-12-18T21:57:51.560+0100][8794.066s] GC(516)   Post Evacuate Collection Set: 0.4ms
[2023-12-18T21:57:51.560+0100][8794.066s] GC(516)   Other: 0.1ms
[2023-12-18T21:57:51.560+0100][8794.066s] GC(516) Eden regions: 294->0(294)
[2023-12-18T21:57:51.560+0100][8794.066s] GC(516) Survivor regions: 13->13(39)
[2023-12-18T21:57:51.560+0100][8794.066s] GC(516) Old regions: 106->107
[2023-12-18T21:57:51.560+0100][8794.066s] GC(516) Archive regions: 0->0
[2023-12-18T21:57:51.560+0100][8794.066s] GC(516) Humongous regions: 4->4
[2023-12-18T21:57:51.560+0100][8794.066s] GC(516) Metaspace: 62921K(63616K)->62921K(63616K) NonClass: 55924K(56256K)->55924K(56256K) Class: 6997K(7360K)->6997K(7360K)
[2023-12-18T21:57:51.560+0100][8794.066s] GC(516) Pause Young (Normal) (G1 Evacuation Pause) 416M->122M(512M) 2.738ms
[2023-12-18T21:57:51.560+0100][8794.066s] GC(516) User=0.00s Sys=0.00s Real=0.00s
[2023-12-18T21:57:52.174+0100][8794.680s] GC(517) Pause Young (Normal) (G1 Evacuation Pause)
[2023-12-18T21:57:52.174+0100][8794.680s] GC(517) Using 10 workers of 10 for evacuation
[2023-12-18T21:57:52.177+0100][8794.683s] GC(517)   Pre Evacuate Collection Set: 0.0ms
[2023-12-18T21:57:52.177+0100][8794.683s] GC(517)   Merge Heap Roots: 0.0ms
[2023-12-18T21:57:52.177+0100][8794.683s] GC(517)   Evacuate Collection Set: 2.4ms
[2023-12-18T21:57:52.177+0100][8794.683s] GC(517)   Post Evacuate Collection Set: 0.4ms
[2023-12-18T21:57:52.177+0100][8794.683s] GC(517)   Other: 0.1ms
[2023-12-18T21:57:52.177+0100][8794.683s] GC(517) Eden regions: 294->0(292)
[2023-12-18T21:57:52.177+0100][8794.683s] GC(517) Survivor regions: 13->15(39)
[2023-12-18T21:57:52.177+0100][8794.683s] GC(517) Old regions: 107->107
[2023-12-18T21:57:52.177+0100][8794.683s] GC(517) Archive regions: 0->0
[2023-12-18T21:57:52.177+0100][8794.683s] GC(517) Humongous regions: 4->4
[2023-12-18T21:57:52.177+0100][8794.683s] GC(517) Metaspace: 62921K(63616K)->62921K(63616K) NonClass: 55924K(56256K)->55924K(56256K) Class: 6997K(7360K)->6997K(7360K)
[2023-12-18T21:57:52.177+0100][8794.683s] GC(517) Pause Young (Normal) (G1 Evacuation Pause) 416M->125M(512M) 3.185ms
[2023-12-18T21:57:52.177+0100][8794.683s] GC(517) User=0.00s Sys=0.00s Real=0.00s
[2023-12-18T21:57:52.724+0100][8795.230s] GC(518) Pause Young (Normal) (G1 Evacuation Pause)
[2023-12-18T21:57:52.724+0100][8795.230s] GC(518) Using 10 workers of 10 for evacuation
[2023-12-18T21:57:52.726+0100][8795.232s] GC(518)   Pre Evacuate Collection Set: 0.0ms
[2023-12-18T21:57:52.726+0100][8795.232s] GC(518)   Merge Heap Roots: 0.0ms
[2023-12-18T21:57:52.726+0100][8795.232s] GC(518)   Evacuate Collection Set: 1.8ms
[2023-12-18T21:57:52.726+0100][8795.232s] GC(518)   Post Evacuate Collection Set: 0.3ms
[2023-12-18T21:57:52.726+0100][8795.233s] GC(518)   Other: 0.1ms
[2023-12-18T21:57:52.726+0100][8795.233s] GC(518) Eden regions: 292->0(294)
[2023-12-18T21:57:52.726+0100][8795.233s] GC(518) Survivor regions: 15->13(39)
[2023-12-18T21:57:52.726+0100][8795.233s] GC(518) Old regions: 107->108
[2023-12-18T21:57:52.726+0100][8795.233s] GC(518) Archive regions: 0->0
[2023-12-18T21:57:52.726+0100][8795.233s] GC(518) Humongous regions: 4->4
[2023-12-18T21:57:52.726+0100][8795.233s] GC(518) Metaspace: 62921K(63616K)->62921K(63616K) NonClass: 55924K(56256K)->55924K(56256K) Class: 6997K(7360K)->6997K(7360K)
[2023-12-18T21:57:52.726+0100][8795.233s] GC(518) Pause Young (Normal) (G1 Evacuation Pause) 417M->124M(512M) 2.468ms
[2023-12-18T21:57:52.727+0100][8795.233s] GC(518) User=0.00s Sys=0.00s Real=0.00s
[2023-12-18T21:57:53.319+0100][8795.825s] GC(519) Pause Young (Normal) (G1 Evacuation Pause)
[2023-12-18T21:57:53.320+0100][8795.825s] GC(519) Using 10 workers of 10 for evacuation
[2023-12-18T21:57:53.322+0100][8795.827s] GC(519)   Pre Evacuate Collection Set: 0.1ms
[2023-12-18T21:57:53.322+0100][8795.827s] GC(519)   Merge Heap Roots: 0.1ms
[2023-12-18T21:57:53.322+0100][8795.827s] GC(519)   Evacuate Collection Set: 2.0ms
[2023-12-18T21:57:53.322+0100][8795.828s] GC(519)   Post Evacuate Collection Set: 0.4ms
[2023-12-18T21:57:53.322+0100][8795.828s] GC(519)   Other: 0.1ms
[2023-12-18T21:57:53.322+0100][8795.828s] GC(519) Eden regions: 294->0(293)
[2023-12-18T21:57:53.322+0100][8795.828s] GC(519) Survivor regions: 13->14(39)
[2023-12-18T21:57:53.322+0100][8795.828s] GC(519) Old regions: 108->109
[2023-12-18T21:57:53.322+0100][8795.828s] GC(519) Archive regions: 0->0
[2023-12-18T21:57:53.322+0100][8795.828s] GC(519) Humongous regions: 4->4
[2023-12-18T21:57:53.322+0100][8795.828s] GC(519) Metaspace: 62921K(63616K)->62921K(63616K) NonClass: 55924K(56256K)->55924K(56256K) Class: 6997K(7360K)->6997K(7360K)
[2023-12-18T21:57:53.322+0100][8795.828s] GC(519) Pause Young (Normal) (G1 Evacuation Pause) 418M->125M(512M) 2.856ms
[2023-12-18T21:57:53.322+0100][8795.828s] GC(519) User=0.00s Sys=0.00s Real=0.00s
[2023-12-18T21:57:53.940+0100][8796.445s] GC(520) Pause Young (Normal) (G1 Evacuation Pause)
[2023-12-18T21:57:53.940+0100][8796.445s] GC(520) Using 10 workers of 10 for evacuation
[2023-12-18T21:57:53.943+0100][8796.448s] GC(520)   Pre Evacuate Collection Set: 0.1ms
[2023-12-18T21:57:53.943+0100][8796.448s] GC(520)   Merge Heap Roots: 0.1ms
[2023-12-18T21:57:53.943+0100][8796.448s] GC(520)   Evacuate Collection Set: 2.0ms
[2023-12-18T21:57:53.943+0100][8796.448s] GC(520)   Post Evacuate Collection Set: 0.5ms
[2023-12-18T21:57:53.943+0100][8796.448s] GC(520)   Other: 0.1ms
[2023-12-18T21:57:53.943+0100][8796.448s] GC(520) Eden regions: 293->0(293)
[2023-12-18T21:57:53.943+0100][8796.448s] GC(520) Survivor regions: 14->14(39)
[2023-12-18T21:57:53.943+0100][8796.448s] GC(520) Old regions: 109->110
[2023-12-18T21:57:53.943+0100][8796.448s] GC(520) Archive regions: 0->0
[2023-12-18T21:57:53.943+0100][8796.448s] GC(520) Humongous regions: 4->4
[2023-12-18T21:57:53.943+0100][8796.448s] GC(520) Metaspace: 62921K(63616K)->62921K(63616K) NonClass: 55924K(56256K)->55924K(56256K) Class: 6997K(7360K)->6997K(7360K)
[2023-12-18T21:57:53.943+0100][8796.448s] GC(520) Pause Young (Normal) (G1 Evacuation Pause) 418M->126M(512M) 2.954ms
[2023-12-18T21:57:53.943+0100][8796.448s] GC(520) User=0.00s Sys=0.00s Real=0.00s
[2023-12-18T21:57:54.553+0100][8797.058s] GC(521) Pause Young (Normal) (G1 Evacuation Pause)
[2023-12-18T21:57:54.553+0100][8797.058s] GC(521) Using 10 workers of 10 for evacuation
[2023-12-18T21:57:54.556+0100][8797.062s] GC(521)   Pre Evacuate Collection Set: 0.0ms
[2023-12-18T21:57:54.556+0100][8797.062s] GC(521)   Merge Heap Roots: 0.1ms
[2023-12-18T21:57:54.556+0100][8797.062s] GC(521)   Evacuate Collection Set: 2.5ms
[2023-12-18T21:57:54.556+0100][8797.062s] GC(521)   Post Evacuate Collection Set: 0.6ms
[2023-12-18T21:57:54.556+0100][8797.062s] GC(521)   Other: 0.1ms
[2023-12-18T21:57:54.556+0100][8797.062s] GC(521) Eden regions: 293->0(293)
[2023-12-18T21:57:54.556+0100][8797.062s] GC(521) Survivor regions: 14->14(39)
[2023-12-18T21:57:54.556+0100][8797.062s] GC(521) Old regions: 110->110
[2023-12-18T21:57:54.556+0100][8797.062s] GC(521) Archive regions: 0->0
[2023-12-18T21:57:54.556+0100][8797.062s] GC(521) Humongous regions: 4->4
[2023-12-18T21:57:54.556+0100][8797.062s] GC(521) Metaspace: 62921K(63616K)->62921K(63616K) NonClass: 55924K(56256K)->55924K(56256K) Class: 6997K(7360K)->6997K(7360K)
[2023-12-18T21:57:54.556+0100][8797.062s] GC(521) Pause Young (Normal) (G1 Evacuation Pause) 419M->127M(512M) 3.629ms
[2023-12-18T21:57:54.556+0100][8797.062s] GC(521) User=0.00s Sys=0.00s Real=0.00s
[2023-12-18T21:57:55.215+0100][8797.721s] GC(522) Pause Young (Normal) (G1 Evacuation Pause)
[2023-12-18T21:57:55.215+0100][8797.721s] GC(522) Using 10 workers of 10 for evacuation
[2023-12-18T21:57:55.218+0100][8797.724s] GC(522)   Pre Evacuate Collection Set: 0.1ms
[2023-12-18T21:57:55.218+0100][8797.724s] GC(522)   Merge Heap Roots: 0.1ms
[2023-12-18T21:57:55.218+0100][8797.724s] GC(522)   Evacuate Collection Set: 2.4ms
[2023-12-18T21:57:55.218+0100][8797.724s] GC(522)   Post Evacuate Collection Set: 0.5ms
[2023-12-18T21:57:55.218+0100][8797.724s] GC(522)   Other: 0.1ms
[2023-12-18T21:57:55.218+0100][8797.724s] GC(522) Eden regions: 293->0(294)
[2023-12-18T21:57:55.218+0100][8797.724s] GC(522) Survivor regions: 14->13(39)
[2023-12-18T21:57:55.218+0100][8797.724s] GC(522) Old regions: 110->111
[2023-12-18T21:57:55.218+0100][8797.724s] GC(522) Archive regions: 0->0
[2023-12-18T21:57:55.218+0100][8797.724s] GC(522) Humongous regions: 4->4
[2023-12-18T21:57:55.218+0100][8797.724s] GC(522) Metaspace: 62921K(63616K)->62921K(63616K) NonClass: 55924K(56256K)->55924K(56256K) Class: 6997K(7360K)->6997K(7360K)
[2023-12-18T21:57:55.218+0100][8797.724s] GC(522) Pause Young (Normal) (G1 Evacuation Pause) 420M->126M(512M) 3.537ms
[2023-12-18T21:57:55.218+0100][8797.724s] GC(522) User=0.00s Sys=0.00s Real=0.00s
[2023-12-18T21:57:55.900+0100][8798.406s] GC(523) Pause Young (Normal) (G1 Evacuation Pause)
[2023-12-18T21:57:55.900+0100][8798.407s] GC(523) Using 10 workers of 10 for evacuation
[2023-12-18T21:57:55.903+0100][8798.409s] GC(523)   Pre Evacuate Collection Set: 0.0ms
[2023-12-18T21:57:55.903+0100][8798.409s] GC(523)   Merge Heap Roots: 0.0ms
[2023-12-18T21:57:55.903+0100][8798.409s] GC(523)   Evacuate Collection Set: 2.3ms
[2023-12-18T21:57:55.903+0100][8798.409s] GC(523)   Post Evacuate Collection Set: 0.4ms
[2023-12-18T21:57:55.903+0100][8798.409s] GC(523)   Other: 0.1ms
[2023-12-18T21:57:55.903+0100][8798.409s] GC(523) Eden regions: 294->0(293)
[2023-12-18T21:57:55.903+0100][8798.410s] GC(523) Survivor regions: 13->14(39)
[2023-12-18T21:57:55.903+0100][8798.410s] GC(523) Old regions: 111->112
[2023-12-18T21:57:55.903+0100][8798.410s] GC(523) Archive regions: 0->0
[2023-12-18T21:57:55.903+0100][8798.410s] GC(523) Humongous regions: 4->4
[2023-12-18T21:57:55.903+0100][8798.410s] GC(523) Metaspace: 62921K(63616K)->62921K(63616K) NonClass: 55924K(56256K)->55924K(56256K) Class: 6997K(7360K)->6997K(7360K)
[2023-12-18T21:57:55.903+0100][8798.410s] GC(523) Pause Young (Normal) (G1 Evacuation Pause) 420M->128M(512M) 3.075ms
[2023-12-18T21:57:55.903+0100][8798.410s] GC(523) User=0.00s Sys=0.00s Real=0.00s
[2023-12-18T21:57:56.506+0100][8799.011s] GC(524) Pause Young (Normal) (G1 Evacuation Pause)
[2023-12-18T21:57:56.506+0100][8799.011s] GC(524) Using 10 workers of 10 for evacuation
[2023-12-18T21:57:56.509+0100][8799.015s] GC(524)   Pre Evacuate Collection Set: 0.1ms
[2023-12-18T21:57:56.509+0100][8799.015s] GC(524)   Merge Heap Roots: 0.1ms
[2023-12-18T21:57:56.509+0100][8799.015s] GC(524)   Evacuate Collection Set: 2.7ms
[2023-12-18T21:57:56.509+0100][8799.015s] GC(524)   Post Evacuate Collection Set: 0.5ms
[2023-12-18T21:57:56.509+0100][8799.015s] GC(524)   Other: 0.1ms
[2023-12-18T21:57:56.509+0100][8799.015s] GC(524) Eden regions: 293->0(292)
[2023-12-18T21:57:56.509+0100][8799.015s] GC(524) Survivor regions: 14->15(39)
[2023-12-18T21:57:56.509+0100][8799.015s] GC(524) Old regions: 112->112
[2023-12-18T21:57:56.509+0100][8799.015s] GC(524) Archive regions: 0->0
[2023-12-18T21:57:56.509+0100][8799.015s] GC(524) Humongous regions: 4->4
[2023-12-18T21:57:56.509+0100][8799.015s] GC(524) Metaspace: 62921K(63616K)->62921K(63616K) NonClass: 55924K(56256K)->55924K(56256K) Class: 6997K(7360K)->6997K(7360K)
[2023-12-18T21:57:56.509+0100][8799.015s] GC(524) Pause Young (Normal) (G1 Evacuation Pause) 421M->130M(512M) 3.716ms
[2023-12-18T21:57:56.509+0100][8799.015s] GC(524) User=0.00s Sys=0.00s Real=0.00s
[2023-12-18T21:57:57.158+0100][8799.663s] GC(525) Pause Young (Normal) (G1 Evacuation Pause)
[2023-12-18T21:57:57.158+0100][8799.663s] GC(525) Using 10 workers of 10 for evacuation
[2023-12-18T21:57:57.160+0100][8799.665s] GC(525)   Pre Evacuate Collection Set: 0.1ms
[2023-12-18T21:57:57.160+0100][8799.665s] GC(525)   Merge Heap Roots: 0.1ms
[2023-12-18T21:57:57.160+0100][8799.665s] GC(525)   Evacuate Collection Set: 1.6ms
[2023-12-18T21:57:57.160+0100][8799.666s] GC(525)   Post Evacuate Collection Set: 0.4ms
[2023-12-18T21:57:57.160+0100][8799.666s] GC(525)   Other: 0.1ms
[2023-12-18T21:57:57.160+0100][8799.666s] GC(525) Eden regions: 292->0(294)
[2023-12-18T21:57:57.160+0100][8799.666s] GC(525) Survivor regions: 15->13(39)
[2023-12-18T21:57:57.160+0100][8799.666s] GC(525) Old regions: 112->113
[2023-12-18T21:57:57.160+0100][8799.666s] GC(525) Archive regions: 0->0
[2023-12-18T21:57:57.160+0100][8799.666s] GC(525) Humongous regions: 4->4
[2023-12-18T21:57:57.160+0100][8799.666s] GC(525) Metaspace: 62921K(63616K)->62921K(63616K) NonClass: 55924K(56256K)->55924K(56256K) Class: 6997K(7360K)->6997K(7360K)
[2023-12-18T21:57:57.160+0100][8799.666s] GC(525) Pause Young (Normal) (G1 Evacuation Pause) 422M->128M(512M) 2.395ms
[2023-12-18T21:57:57.160+0100][8799.666s] GC(525) User=0.00s Sys=0.00s Real=0.00s
[2023-12-18T21:57:57.754+0100][8800.260s] GC(526) Pause Young (Normal) (G1 Evacuation Pause)
[2023-12-18T21:57:57.754+0100][8800.260s] GC(526) Using 10 workers of 10 for evacuation
[2023-12-18T21:57:57.757+0100][8800.263s] GC(526)   Pre Evacuate Collection Set: 0.1ms
[2023-12-18T21:57:57.757+0100][8800.263s] GC(526)   Merge Heap Roots: 0.1ms
[2023-12-18T21:57:57.757+0100][8800.263s] GC(526)   Evacuate Collection Set: 2.1ms
[2023-12-18T21:57:57.757+0100][8800.263s] GC(526)   Post Evacuate Collection Set: 0.6ms
[2023-12-18T21:57:57.757+0100][8800.263s] GC(526)   Other: 0.1ms
[2023-12-18T21:57:57.757+0100][8800.263s] GC(526) Eden regions: 294->0(294)
[2023-12-18T21:57:57.757+0100][8800.263s] GC(526) Survivor regions: 13->13(39)
[2023-12-18T21:57:57.757+0100][8800.263s] GC(526) Old regions: 113->114
[2023-12-18T21:57:57.757+0100][8800.263s] GC(526) Archive regions: 0->0
[2023-12-18T21:57:57.757+0100][8800.263s] GC(526) Humongous regions: 4->4
[2023-12-18T21:57:57.757+0100][8800.263s] GC(526) Metaspace: 62921K(63616K)->62921K(63616K) NonClass: 55924K(56256K)->55924K(56256K) Class: 6997K(7360K)->6997K(7360K)
[2023-12-18T21:57:57.757+0100][8800.263s] GC(526) Pause Young (Normal) (G1 Evacuation Pause) 422M->129M(512M) 3.107ms
[2023-12-18T21:57:57.757+0100][8800.263s] GC(526) User=0.00s Sys=0.00s Real=0.00s
[2023-12-18T21:57:58.369+0100][8800.874s] GC(527) Pause Young (Normal) (G1 Evacuation Pause)
[2023-12-18T21:57:58.369+0100][8800.874s] GC(527) Using 10 workers of 10 for evacuation
[2023-12-18T21:57:58.371+0100][8800.877s] GC(527)   Pre Evacuate Collection Set: 0.1ms
[2023-12-18T21:57:58.371+0100][8800.877s] GC(527)   Merge Heap Roots: 0.1ms
[2023-12-18T21:57:58.371+0100][8800.877s] GC(527)   Evacuate Collection Set: 2.0ms
[2023-12-18T21:57:58.371+0100][8800.877s] GC(527)   Post Evacuate Collection Set: 0.4ms
[2023-12-18T21:57:58.371+0100][8800.877s] GC(527)   Other: 0.1ms
[2023-12-18T21:57:58.371+0100][8800.877s] GC(527) Eden regions: 294->0(294)
[2023-12-18T21:57:58.371+0100][8800.877s] GC(527) Survivor regions: 13->13(39)
[2023-12-18T21:57:58.371+0100][8800.877s] GC(527) Old regions: 114->115
[2023-12-18T21:57:58.371+0100][8800.877s] GC(527) Archive regions: 0->0
[2023-12-18T21:57:58.371+0100][8800.877s] GC(527) Humongous regions: 4->4
[2023-12-18T21:57:58.371+0100][8800.877s] GC(527) Metaspace: 62921K(63616K)->62921K(63616K) NonClass: 55924K(56256K)->55924K(56256K) Class: 6997K(7360K)->6997K(7360K)
[2023-12-18T21:57:58.371+0100][8800.877s] GC(527) Pause Young (Normal) (G1 Evacuation Pause) 423M->131M(512M) 2.848ms
[2023-12-18T21:57:58.371+0100][8800.877s] GC(527) User=0.00s Sys=0.00s Real=0.00s
[2023-12-18T21:57:58.945+0100][8801.450s] GC(528) Pause Young (Normal) (G1 Evacuation Pause)
[2023-12-18T21:57:58.945+0100][8801.450s] GC(528) Using 10 workers of 10 for evacuation
[2023-12-18T21:57:58.948+0100][8801.453s] GC(528)   Pre Evacuate Collection Set: 0.1ms
[2023-12-18T21:57:58.948+0100][8801.453s] GC(528)   Merge Heap Roots: 0.0ms
[2023-12-18T21:57:58.948+0100][8801.453s] GC(528)   Evacuate Collection Set: 1.9ms
[2023-12-18T21:57:58.948+0100][8801.453s] GC(528)   Post Evacuate Collection Set: 0.3ms
[2023-12-18T21:57:58.948+0100][8801.453s] GC(528)   Other: 0.1ms
[2023-12-18T21:57:58.948+0100][8801.453s] GC(528) Eden regions: 294->0(293)
[2023-12-18T21:57:58.948+0100][8801.453s] GC(528) Survivor regions: 13->14(39)
[2023-12-18T21:57:58.948+0100][8801.453s] GC(528) Old regions: 115->115
[2023-12-18T21:57:58.948+0100][8801.453s] GC(528) Archive regions: 0->0
[2023-12-18T21:57:58.948+0100][8801.453s] GC(528) Humongous regions: 4->4
[2023-12-18T21:57:58.948+0100][8801.453s] GC(528) Metaspace: 62921K(63616K)->62921K(63616K) NonClass: 55924K(56256K)->55924K(56256K) Class: 6997K(7360K)->6997K(7360K)
[2023-12-18T21:57:58.948+0100][8801.453s] GC(528) Pause Young (Normal) (G1 Evacuation Pause) 425M->131M(512M) 2.569ms
[2023-12-18T21:57:58.948+0100][8801.453s] GC(528) User=0.00s Sys=0.00s Real=0.00s
[2023-12-18T21:57:59.611+0100][8802.117s] GC(529) Pause Young (Normal) (G1 Evacuation Pause)
[2023-12-18T21:57:59.611+0100][8802.117s] GC(529) Using 10 workers of 10 for evacuation
[2023-12-18T21:57:59.614+0100][8802.120s] GC(529)   Pre Evacuate Collection Set: 0.1ms
[2023-12-18T21:57:59.614+0100][8802.120s] GC(529)   Merge Heap Roots: 0.0ms
[2023-12-18T21:57:59.614+0100][8802.120s] GC(529)   Evacuate Collection Set: 2.1ms
[2023-12-18T21:57:59.614+0100][8802.120s] GC(529)   Post Evacuate Collection Set: 0.5ms
[2023-12-18T21:57:59.614+0100][8802.120s] GC(529)   Other: 0.1ms
[2023-12-18T21:57:59.614+0100][8802.120s] GC(529) Eden regions: 293->0(295)
[2023-12-18T21:57:59.614+0100][8802.120s] GC(529) Survivor regions: 14->12(39)
[2023-12-18T21:57:59.614+0100][8802.120s] GC(529) Old regions: 115->116
[2023-12-18T21:57:59.614+0100][8802.120s] GC(529) Archive regions: 0->0
[2023-12-18T21:57:59.614+0100][8802.120s] GC(529) Humongous regions: 4->4
[2023-12-18T21:57:59.614+0100][8802.120s] GC(529) Metaspace: 62921K(63616K)->62921K(63616K) NonClass: 55924K(56256K)->55924K(56256K) Class: 6997K(7360K)->6997K(7360K)
[2023-12-18T21:57:59.614+0100][8802.120s] GC(529) Pause Young (Normal) (G1 Evacuation Pause) 424M->131M(512M) 3.000ms
[2023-12-18T21:57:59.614+0100][8802.120s] GC(529) User=0.00s Sys=0.00s Real=0.00s
[2023-12-18T21:58:00.268+0100][8802.773s] GC(530) Pause Young (Normal) (G1 Evacuation Pause)
[2023-12-18T21:58:00.268+0100][8802.773s] GC(530) Using 10 workers of 10 for evacuation
[2023-12-18T21:58:00.271+0100][8802.776s] GC(530)   Pre Evacuate Collection Set: 0.1ms
[2023-12-18T21:58:00.271+0100][8802.776s] GC(530)   Merge Heap Roots: 0.1ms
[2023-12-18T21:58:00.271+0100][8802.776s] GC(530)   Evacuate Collection Set: 2.0ms
[2023-12-18T21:58:00.271+0100][8802.776s] GC(530)   Post Evacuate Collection Set: 0.5ms
[2023-12-18T21:58:00.271+0100][8802.776s] GC(530)   Other: 0.1ms
[2023-12-18T21:58:00.271+0100][8802.776s] GC(530) Eden regions: 295->0(294)
[2023-12-18T21:58:00.271+0100][8802.776s] GC(530) Survivor regions: 12->13(39)
[2023-12-18T21:58:00.271+0100][8802.776s] GC(530) Old regions: 116->117
[2023-12-18T21:58:00.271+0100][8802.776s] GC(530) Archive regions: 0->0
[2023-12-18T21:58:00.271+0100][8802.776s] GC(530) Humongous regions: 4->4
[2023-12-18T21:58:00.271+0100][8802.776s] GC(530) Metaspace: 62921K(63616K)->62921K(63616K) NonClass: 55924K(56256K)->55924K(56256K) Class: 6997K(7360K)->6997K(7360K)
[2023-12-18T21:58:00.271+0100][8802.776s] GC(530) Pause Young (Normal) (G1 Evacuation Pause) 426M->132M(512M) 2.951ms
[2023-12-18T21:58:00.271+0100][8802.776s] GC(530) User=0.00s Sys=0.00s Real=0.00s
[2023-12-18T21:58:00.805+0100][8803.311s] GC(531) Pause Young (Normal) (G1 Evacuation Pause)
[2023-12-18T21:58:00.805+0100][8803.311s] GC(531) Using 10 workers of 10 for evacuation
[2023-12-18T21:58:00.809+0100][8803.314s] GC(531)   Pre Evacuate Collection Set: 0.1ms
[2023-12-18T21:58:00.809+0100][8803.314s] GC(531)   Merge Heap Roots: 0.1ms
[2023-12-18T21:58:00.809+0100][8803.314s] GC(531)   Evacuate Collection Set: 2.0ms
[2023-12-18T21:58:00.809+0100][8803.314s] GC(531)   Post Evacuate Collection Set: 0.4ms
[2023-12-18T21:58:00.809+0100][8803.314s] GC(531)   Other: 0.1ms
[2023-12-18T21:58:00.809+0100][8803.314s] GC(531) Eden regions: 294->0(294)
[2023-12-18T21:58:00.809+0100][8803.314s] GC(531) Survivor regions: 13->13(39)
[2023-12-18T21:58:00.809+0100][8803.314s] GC(531) Old regions: 117->117
[2023-12-18T21:58:00.809+0100][8803.314s] GC(531) Archive regions: 0->0
[2023-12-18T21:58:00.809+0100][8803.314s] GC(531) Humongous regions: 4->4
[2023-12-18T21:58:00.809+0100][8803.314s] GC(531) Metaspace: 62930K(63616K)->62930K(63616K) NonClass: 55931K(56256K)->55931K(56256K) Class: 6999K(7360K)->6999K(7360K)
[2023-12-18T21:58:00.809+0100][8803.314s] GC(531) Pause Young (Normal) (G1 Evacuation Pause) 426M->133M(512M) 2.797ms
[2023-12-18T21:58:00.809+0100][8803.314s] GC(531) User=0.00s Sys=0.00s Real=0.00s
[2023-12-18T21:58:01.364+0100][8803.869s] GC(532) Pause Young (Normal) (G1 Evacuation Pause)
[2023-12-18T21:58:01.364+0100][8803.869s] GC(532) Using 10 workers of 10 for evacuation
[2023-12-18T21:58:01.366+0100][8803.872s] GC(532)   Pre Evacuate Collection Set: 0.1ms
[2023-12-18T21:58:01.366+0100][8803.872s] GC(532)   Merge Heap Roots: 0.1ms
[2023-12-18T21:58:01.366+0100][8803.872s] GC(532)   Evacuate Collection Set: 1.9ms
[2023-12-18T21:58:01.366+0100][8803.872s] GC(532)   Post Evacuate Collection Set: 0.5ms
[2023-12-18T21:58:01.366+0100][8803.872s] GC(532)   Other: 0.1ms
[2023-12-18T21:58:01.366+0100][8803.872s] GC(532) Eden regions: 294->0(294)
[2023-12-18T21:58:01.366+0100][8803.872s] GC(532) Survivor regions: 13->13(39)
[2023-12-18T21:58:01.366+0100][8803.872s] GC(532) Old regions: 117->118
[2023-12-18T21:58:01.366+0100][8803.872s] GC(532) Archive regions: 0->0
[2023-12-18T21:58:01.366+0100][8803.872s] GC(532) Humongous regions: 4->4
[2023-12-18T21:58:01.366+0100][8803.872s] GC(532) Metaspace: 62939K(63616K)->62939K(63616K) NonClass: 55939K(56256K)->55939K(56256K) Class: 6999K(7360K)->6999K(7360K)
[2023-12-18T21:58:01.366+0100][8803.872s] GC(532) Pause Young (Normal) (G1 Evacuation Pause) 427M->134M(512M) 3.004ms
[2023-12-18T21:58:01.366+0100][8803.872s] GC(532) User=0.00s Sys=0.00s Real=0.00s
[2023-12-18T21:58:02.012+0100][8804.518s] GC(533) Pause Young (Concurrent Start) (G1 Evacuation Pause)
[2023-12-18T21:58:02.012+0100][8804.518s] GC(533) Using 10 workers of 10 for evacuation
[2023-12-18T21:58:02.015+0100][8804.521s] GC(533)   Pre Evacuate Collection Set: 0.2ms
[2023-12-18T21:58:02.015+0100][8804.521s] GC(533)   Merge Heap Roots: 0.1ms
[2023-12-18T21:58:02.015+0100][8804.521s] GC(533)   Evacuate Collection Set: 2.4ms
[2023-12-18T21:58:02.015+0100][8804.521s] GC(533)   Post Evacuate Collection Set: 0.5ms
[2023-12-18T21:58:02.015+0100][8804.521s] GC(533)   Other: 0.0ms
[2023-12-18T21:58:02.015+0100][8804.521s] GC(533) Eden regions: 294->0(293)
[2023-12-18T21:58:02.015+0100][8804.521s] GC(533) Survivor regions: 13->14(39)
[2023-12-18T21:58:02.015+0100][8804.521s] GC(533) Old regions: 118->119
[2023-12-18T21:58:02.015+0100][8804.521s] GC(533) Archive regions: 0->0
[2023-12-18T21:58:02.015+0100][8804.521s] GC(533) Humongous regions: 4->4
[2023-12-18T21:58:02.015+0100][8804.521s] GC(533) Metaspace: 62939K(63616K)->62939K(63616K) NonClass: 55939K(56256K)->55939K(56256K) Class: 6999K(7360K)->6999K(7360K)
[2023-12-18T21:58:02.015+0100][8804.521s] GC(533) Pause Young (Concurrent Start) (G1 Evacuation Pause) 428M->135M(512M) 3.381ms
[2023-12-18T21:58:02.015+0100][8804.521s] GC(533) User=0.00s Sys=0.00s Real=0.00s
[2023-12-18T21:58:02.015+0100][8804.522s] GC(534) Concurrent Mark Cycle
[2023-12-18T21:58:02.015+0100][8804.522s] GC(534) Concurrent Clear Claimed Marks
[2023-12-18T21:58:02.016+0100][8804.522s] GC(534) Concurrent Clear Claimed Marks 0.036ms
[2023-12-18T21:58:02.016+0100][8804.522s] GC(534) Concurrent Scan Root Regions
[2023-12-18T21:58:02.017+0100][8804.523s] GC(534) Concurrent Scan Root Regions 1.305ms
[2023-12-18T21:58:02.017+0100][8804.523s] GC(534) Concurrent Mark
[2023-12-18T21:58:02.017+0100][8804.523s] GC(534) Concurrent Mark From Roots
[2023-12-18T21:58:02.017+0100][8804.523s] GC(534) Using 3 workers of 3 for marking
[2023-12-18T21:58:02.037+0100][8804.543s] GC(534) Concurrent Mark From Roots 19.802ms
[2023-12-18T21:58:02.037+0100][8804.543s] GC(534) Concurrent Preclean
[2023-12-18T21:58:02.037+0100][8804.543s] GC(534) Concurrent Preclean 0.146ms
[2023-12-18T21:58:02.037+0100][8804.543s] GC(534) Pause Remark
[2023-12-18T21:58:02.043+0100][8804.549s] GC(534) Pause Remark 148M->148M(512M) 6.328ms
[2023-12-18T21:58:02.043+0100][8804.549s] GC(534) User=0.00s Sys=0.00s Real=0.01s
[2023-12-18T21:58:02.043+0100][8804.549s] GC(534) Concurrent Mark 26.530ms
[2023-12-18T21:58:02.043+0100][8804.549s] GC(534) Concurrent Rebuild Remembered Sets
[2023-12-18T21:58:02.060+0100][8804.566s] GC(534) Concurrent Rebuild Remembered Sets 16.353ms
[2023-12-18T21:58:02.060+0100][8804.566s] GC(534) Pause Cleanup
[2023-12-18T21:58:02.060+0100][8804.566s] GC(534) Pause Cleanup 157M->157M(512M) 0.127ms
[2023-12-18T21:58:02.060+0100][8804.566s] GC(534) User=0.00s Sys=0.00s Real=0.00s
[2023-12-18T21:58:02.060+0100][8804.566s] GC(534) Concurrent Cleanup for Next Mark
[2023-12-18T21:58:02.061+0100][8804.567s] GC(534) Concurrent Cleanup for Next Mark 0.678ms
[2023-12-18T21:58:02.061+0100][8804.567s] GC(534) Concurrent Mark Cycle 45.339ms
[2023-12-18T21:58:02.604+0100][8805.110s] GC(535) Pause Young (Prepare Mixed) (G1 Evacuation Pause)
[2023-12-18T21:58:02.604+0100][8805.110s] GC(535) Using 10 workers of 10 for evacuation
[2023-12-18T21:58:02.607+0100][8805.113s] GC(535)   Pre Evacuate Collection Set: 0.1ms
[2023-12-18T21:58:02.607+0100][8805.113s] GC(535)   Merge Heap Roots: 0.1ms
[2023-12-18T21:58:02.607+0100][8805.113s] GC(535)   Evacuate Collection Set: 2.4ms
[2023-12-18T21:58:02.607+0100][8805.113s] GC(535)   Post Evacuate Collection Set: 0.6ms
[2023-12-18T21:58:02.607+0100][8805.113s] GC(535)   Other: 0.1ms
[2023-12-18T21:58:02.607+0100][8805.113s] GC(535) Eden regions: 293->0(11)
[2023-12-18T21:58:02.607+0100][8805.113s] GC(535) Survivor regions: 14->14(39)
[2023-12-18T21:58:02.607+0100][8805.113s] GC(535) Old regions: 119->119
[2023-12-18T21:58:02.607+0100][8805.113s] GC(535) Archive regions: 0->0
[2023-12-18T21:58:02.607+0100][8805.113s] GC(535) Humongous regions: 4->4
[2023-12-18T21:58:02.607+0100][8805.113s] GC(535) Metaspace: 62922K(63616K)->62922K(63616K) NonClass: 55927K(56256K)->55927K(56256K) Class: 6995K(7360K)->6995K(7360K)
[2023-12-18T21:58:02.607+0100][8805.113s] GC(535) Pause Young (Prepare Mixed) (G1 Evacuation Pause) 428M->136M(512M) 3.402ms
[2023-12-18T21:58:02.607+0100][8805.113s] GC(535) User=0.00s Sys=0.00s Real=0.00s
[2023-12-18T21:58:02.626+0100][8805.131s] GC(536) Pause Young (Mixed) (G1 Evacuation Pause)
[2023-12-18T21:58:02.626+0100][8805.131s] GC(536) Using 10 workers of 10 for evacuation
[2023-12-18T21:58:02.629+0100][8805.134s] GC(536)   Pre Evacuate Collection Set: 0.0ms
[2023-12-18T21:58:02.629+0100][8805.134s] GC(536)   Merge Heap Roots: 0.0ms
[2023-12-18T21:58:02.629+0100][8805.134s] GC(536)   Evacuate Collection Set: 2.3ms
[2023-12-18T21:58:02.629+0100][8805.134s] GC(536)   Post Evacuate Collection Set: 0.5ms
[2023-12-18T21:58:02.629+0100][8805.134s] GC(536)   Other: 0.1ms
[2023-12-18T21:58:02.629+0100][8805.134s] GC(536) Eden regions: 11->0(305)
[2023-12-18T21:58:02.629+0100][8805.134s] GC(536) Survivor regions: 14->2(4)
[2023-12-18T21:58:02.629+0100][8805.134s] GC(536) Old regions: 119->126
[2023-12-18T21:58:02.629+0100][8805.134s] GC(536) Archive regions: 0->0
[2023-12-18T21:58:02.629+0100][8805.134s] GC(536) Humongous regions: 4->4
[2023-12-18T21:58:02.629+0100][8805.134s] GC(536) Metaspace: 62922K(63616K)->62922K(63616K) NonClass: 55927K(56256K)->55927K(56256K) Class: 6995K(7360K)->6995K(7360K)
[2023-12-18T21:58:02.629+0100][8805.134s] GC(536) Pause Young (Mixed) (G1 Evacuation Pause) 147M->130M(512M) 3.176ms
[2023-12-18T21:58:02.629+0100][8805.135s] GC(536) User=0.00s Sys=0.00s Real=0.00s
[2023-12-18T21:58:03.240+0100][8805.746s] GC(537) Pause Young (Normal) (G1 Evacuation Pause)
[2023-12-18T21:58:03.240+0100][8805.746s] GC(537) Using 10 workers of 10 for evacuation
[2023-12-18T21:58:03.243+0100][8805.749s] GC(537)   Pre Evacuate Collection Set: 0.1ms
[2023-12-18T21:58:03.243+0100][8805.749s] GC(537)   Merge Heap Roots: 0.0ms
[2023-12-18T21:58:03.243+0100][8805.749s] GC(537)   Evacuate Collection Set: 2.4ms
[2023-12-18T21:58:03.243+0100][8805.749s] GC(537)   Post Evacuate Collection Set: 0.5ms
[2023-12-18T21:58:03.243+0100][8805.749s] GC(537)   Other: 0.1ms
[2023-12-18T21:58:03.243+0100][8805.749s] GC(537) Eden regions: 305->0(303)
[2023-12-18T21:58:03.243+0100][8805.749s] GC(537) Survivor regions: 2->4(39)
[2023-12-18T21:58:03.243+0100][8805.749s] GC(537) Old regions: 126->126
[2023-12-18T21:58:03.243+0100][8805.749s] GC(537) Archive regions: 0->0
[2023-12-18T21:58:03.243+0100][8805.749s] GC(537) Humongous regions: 4->4
[2023-12-18T21:58:03.243+0100][8805.749s] GC(537) Metaspace: 62922K(63616K)->62922K(63616K) NonClass: 55927K(56256K)->55927K(56256K) Class: 6995K(7360K)->6995K(7360K)
[2023-12-18T21:58:03.243+0100][8805.750s] GC(537) Pause Young (Normal) (G1 Evacuation Pause) 435M->133M(512M) 3.385ms
[2023-12-18T21:58:03.244+0100][8805.750s] GC(537) User=0.00s Sys=0.00s Real=0.00s
[2023-12-18T21:58:03.898+0100][8806.404s] GC(538) Pause Young (Normal) (G1 Evacuation Pause)
[2023-12-18T21:58:03.899+0100][8806.404s] GC(538) Using 10 workers of 10 for evacuation
[2023-12-18T21:58:03.900+0100][8806.405s] GC(538)   Pre Evacuate Collection Set: 0.1ms
[2023-12-18T21:58:03.900+0100][8806.405s] GC(538)   Merge Heap Roots: 0.1ms
[2023-12-18T21:58:03.900+0100][8806.406s] GC(538)   Evacuate Collection Set: 1.1ms
[2023-12-18T21:58:03.900+0100][8806.406s] GC(538)   Post Evacuate Collection Set: 0.4ms
[2023-12-18T21:58:03.900+0100][8806.406s] GC(538)   Other: 0.1ms
[2023-12-18T21:58:03.900+0100][8806.406s] GC(538) Eden regions: 303->0(302)
[2023-12-18T21:58:03.900+0100][8806.406s] GC(538) Survivor regions: 4->5(39)
[2023-12-18T21:58:03.900+0100][8806.406s] GC(538) Old regions: 126->126
[2023-12-18T21:58:03.900+0100][8806.406s] GC(538) Archive regions: 0->0
[2023-12-18T21:58:03.900+0100][8806.406s] GC(538) Humongous regions: 4->4
[2023-12-18T21:58:03.900+0100][8806.406s] GC(538) Metaspace: 62924K(63616K)->62924K(63616K) NonClass: 55929K(56256K)->55929K(56256K) Class: 6995K(7360K)->6995K(7360K)
[2023-12-18T21:58:03.900+0100][8806.406s] GC(538) Pause Young (Normal) (G1 Evacuation Pause) 436M->134M(512M) 1.954ms
[2023-12-18T21:58:03.900+0100][8806.406s] GC(538) User=0.00s Sys=0.00s Real=0.00s
[2023-12-18T21:58:04.549+0100][8807.054s] GC(539) Pause Young (Concurrent Start) (G1 Evacuation Pause)
[2023-12-18T21:58:04.549+0100][8807.054s] GC(539) Using 10 workers of 10 for evacuation
[2023-12-18T21:58:04.550+0100][8807.056s] GC(539)   Pre Evacuate Collection Set: 0.1ms
[2023-12-18T21:58:04.550+0100][8807.056s] GC(539)   Merge Heap Roots: 0.1ms
[2023-12-18T21:58:04.550+0100][8807.056s] GC(539)   Evacuate Collection Set: 1.0ms
[2023-12-18T21:58:04.550+0100][8807.056s] GC(539)   Post Evacuate Collection Set: 0.4ms
[2023-12-18T21:58:04.550+0100][8807.056s] GC(539)   Other: 0.0ms
[2023-12-18T21:58:04.550+0100][8807.056s] GC(539) Eden regions: 302->0(302)
[2023-12-18T21:58:04.550+0100][8807.056s] GC(539) Survivor regions: 5->5(39)
[2023-12-18T21:58:04.550+0100][8807.056s] GC(539) Old regions: 126->126
[2023-12-18T21:58:04.550+0100][8807.056s] GC(539) Archive regions: 0->0
[2023-12-18T21:58:04.550+0100][8807.056s] GC(539) Humongous regions: 4->4
[2023-12-18T21:58:04.550+0100][8807.056s] GC(539) Metaspace: 62924K(63616K)->62924K(63616K) NonClass: 55929K(56256K)->55929K(56256K) Class: 6995K(7360K)->6995K(7360K)
[2023-12-18T21:58:04.550+0100][8807.056s] GC(539) Pause Young (Concurrent Start) (G1 Evacuation Pause) 436M->134M(512M) 1.788ms
[2023-12-18T21:58:04.550+0100][8807.056s] GC(540) Concurrent Mark Cycle
[2023-12-18T21:58:04.550+0100][8807.056s] GC(539) User=0.00s Sys=0.00s Real=0.00s
[2023-12-18T21:58:04.550+0100][8807.056s] GC(540) Concurrent Clear Claimed Marks
[2023-12-18T21:58:04.550+0100][8807.056s] GC(540) Concurrent Clear Claimed Marks 0.045ms
[2023-12-18T21:58:04.550+0100][8807.056s] GC(540) Concurrent Scan Root Regions
[2023-12-18T21:58:04.551+0100][8807.057s] GC(540) Concurrent Scan Root Regions 0.746ms
[2023-12-18T21:58:04.551+0100][8807.057s] GC(540) Concurrent Mark
[2023-12-18T21:58:04.551+0100][8807.057s] GC(540) Concurrent Mark From Roots
[2023-12-18T21:58:04.551+0100][8807.057s] GC(540) Using 3 workers of 3 for marking
[2023-12-18T21:58:04.572+0100][8807.078s] GC(540) Concurrent Mark From Roots 20.901ms
[2023-12-18T21:58:04.572+0100][8807.078s] GC(540) Concurrent Preclean
[2023-12-18T21:58:04.572+0100][8807.078s] GC(540) Concurrent Preclean 0.155ms
[2023-12-18T21:58:04.573+0100][8807.078s] GC(540) Pause Remark
[2023-12-18T21:58:04.576+0100][8807.081s] GC(540) Pause Remark 146M->146M(512M) 3.019ms
[2023-12-18T21:58:04.576+0100][8807.081s] GC(540) User=0.00s Sys=0.00s Real=0.00s
[2023-12-18T21:58:04.576+0100][8807.081s] GC(540) Concurrent Mark 24.352ms
[2023-12-18T21:58:04.576+0100][8807.081s] GC(540) Concurrent Rebuild Remembered Sets
[2023-12-18T21:58:04.588+0100][8807.093s] GC(540) Concurrent Rebuild Remembered Sets 12.314ms
[2023-12-18T21:58:04.588+0100][8807.093s] GC(540) Pause Cleanup
[2023-12-18T21:58:04.588+0100][8807.094s] GC(540) Pause Cleanup 150M->150M(512M) 0.136ms
[2023-12-18T21:58:04.588+0100][8807.094s] GC(540) User=0.00s Sys=0.00s Real=0.00s
[2023-12-18T21:58:04.588+0100][8807.094s] GC(540) Concurrent Cleanup for Next Mark
[2023-12-18T21:58:04.589+0100][8807.094s] GC(540) Concurrent Cleanup for Next Mark 0.563ms
[2023-12-18T21:58:04.589+0100][8807.094s] GC(540) Concurrent Mark Cycle 38.417ms
[2023-12-18T21:58:05.223+0100][8807.729s] GC(541) Pause Young (Prepare Mixed) (G1 Evacuation Pause)
[2023-12-18T21:58:05.223+0100][8807.729s] GC(541) Using 10 workers of 10 for evacuation
[2023-12-18T21:58:05.225+0100][8807.730s] GC(541)   Pre Evacuate Collection Set: 0.0ms
[2023-12-18T21:58:05.225+0100][8807.730s] GC(541)   Merge Heap Roots: 0.0ms
[2023-12-18T21:58:05.225+0100][8807.730s] GC(541)   Evacuate Collection Set: 1.3ms
[2023-12-18T21:58:05.225+0100][8807.730s] GC(541)   Post Evacuate Collection Set: 0.3ms
[2023-12-18T21:58:05.225+0100][8807.730s] GC(541)   Other: 0.1ms
[2023-12-18T21:58:05.225+0100][8807.730s] GC(541) Eden regions: 302->0(18)
[2023-12-18T21:58:05.225+0100][8807.730s] GC(541) Survivor regions: 5->7(39)
[2023-12-18T21:58:05.225+0100][8807.731s] GC(541) Old regions: 126->126
[2023-12-18T21:58:05.225+0100][8807.731s] GC(541) Archive regions: 0->0
[2023-12-18T21:58:05.225+0100][8807.731s] GC(541) Humongous regions: 4->4
[2023-12-18T21:58:05.225+0100][8807.731s] GC(541) Metaspace: 62924K(63616K)->62924K(63616K) NonClass: 55929K(56256K)->55929K(56256K) Class: 6995K(7360K)->6995K(7360K)
[2023-12-18T21:58:05.225+0100][8807.731s] GC(541) Pause Young (Prepare Mixed) (G1 Evacuation Pause) 436M->135M(512M) 1.950ms
[2023-12-18T21:58:05.225+0100][8807.731s] GC(541) User=0.00s Sys=0.00s Real=0.00s
[2023-12-18T21:58:05.272+0100][8807.777s] GC(542) Pause Young (Mixed) (G1 Evacuation Pause)
[2023-12-18T21:58:05.272+0100][8807.777s] GC(542) Using 10 workers of 10 for evacuation
[2023-12-18T21:58:05.275+0100][8807.780s] GC(542)   Pre Evacuate Collection Set: 0.1ms
[2023-12-18T21:58:05.275+0100][8807.780s] GC(542)   Merge Heap Roots: 0.1ms
[2023-12-18T21:58:05.275+0100][8807.780s] GC(542)   Evacuate Collection Set: 1.7ms
[2023-12-18T21:58:05.275+0100][8807.780s] GC(542)   Post Evacuate Collection Set: 0.8ms
[2023-12-18T21:58:05.275+0100][8807.780s] GC(542)   Other: 0.1ms
[2023-12-18T21:58:05.275+0100][8807.780s] GC(542) Eden regions: 18->0(306)
[2023-12-18T21:58:05.275+0100][8807.780s] GC(542) Survivor regions: 7->1(4)
[2023-12-18T21:58:05.275+0100][8807.780s] GC(542) Old regions: 126->127
[2023-12-18T21:58:05.275+0100][8807.780s] GC(542) Archive regions: 0->0
[2023-12-18T21:58:05.275+0100][8807.780s] GC(542) Humongous regions: 4->4
[2023-12-18T21:58:05.275+0100][8807.780s] GC(542) Metaspace: 62924K(63616K)->62924K(63616K) NonClass: 55929K(56256K)->55929K(56256K) Class: 6995K(7360K)->6995K(7360K)
[2023-12-18T21:58:05.275+0100][8807.780s] GC(542) Pause Young (Mixed) (G1 Evacuation Pause) 153M->131M(512M) 3.087ms
[2023-12-18T21:58:05.275+0100][8807.780s] GC(542) User=0.00s Sys=0.00s Real=0.00s
[2023-12-18T21:58:05.867+0100][8808.372s] GC(543) Pause Young (Normal) (G1 Evacuation Pause)
[2023-12-18T21:58:05.867+0100][8808.372s] GC(543) Using 10 workers of 10 for evacuation
[2023-12-18T21:58:05.869+0100][8808.374s] GC(543)   Pre Evacuate Collection Set: 0.1ms
[2023-12-18T21:58:05.869+0100][8808.374s] GC(543)   Merge Heap Roots: 0.1ms
[2023-12-18T21:58:05.869+0100][8808.374s] GC(543)   Evacuate Collection Set: 1.2ms
[2023-12-18T21:58:05.869+0100][8808.374s] GC(543)   Post Evacuate Collection Set: 0.4ms
[2023-12-18T21:58:05.869+0100][8808.374s] GC(543)   Other: 0.1ms
[2023-12-18T21:58:05.869+0100][8808.374s] GC(543) Eden regions: 306->0(302)
[2023-12-18T21:58:05.869+0100][8808.374s] GC(543) Survivor regions: 1->5(39)
[2023-12-18T21:58:05.869+0100][8808.374s] GC(543) Old regions: 127->127
[2023-12-18T21:58:05.869+0100][8808.374s] GC(543) Archive regions: 0->0
[2023-12-18T21:58:05.869+0100][8808.374s] GC(543) Humongous regions: 4->4
[2023-12-18T21:58:05.869+0100][8808.374s] GC(543) Metaspace: 62924K(63616K)->62924K(63616K) NonClass: 55929K(56256K)->55929K(56256K) Class: 6995K(7360K)->6995K(7360K)
[2023-12-18T21:58:05.869+0100][8808.374s] GC(543) Pause Young (Normal) (G1 Evacuation Pause) 437M->135M(512M) 2.064ms
[2023-12-18T21:58:05.869+0100][8808.374s] GC(543) User=0.00s Sys=0.00s Real=0.00s
[2023-12-18T21:58:06.469+0100][8808.974s] GC(544) Pause Young (Normal) (G1 Evacuation Pause)
[2023-12-18T21:58:06.469+0100][8808.974s] GC(544) Using 10 workers of 10 for evacuation
[2023-12-18T21:58:06.470+0100][8808.975s] GC(544)   Pre Evacuate Collection Set: 0.0ms
[2023-12-18T21:58:06.470+0100][8808.975s] GC(544)   Merge Heap Roots: 0.0ms
[2023-12-18T21:58:06.470+0100][8808.975s] GC(544)   Evacuate Collection Set: 0.6ms
[2023-12-18T21:58:06.470+0100][8808.975s] GC(544)   Post Evacuate Collection Set: 0.3ms
[2023-12-18T21:58:06.470+0100][8808.975s] GC(544)   Other: 0.1ms
[2023-12-18T21:58:06.470+0100][8808.975s] GC(544) Eden regions: 302->0(303)
[2023-12-18T21:58:06.470+0100][8808.975s] GC(544) Survivor regions: 5->4(39)
[2023-12-18T21:58:06.470+0100][8808.976s] GC(544) Old regions: 127->127
[2023-12-18T21:58:06.470+0100][8808.976s] GC(544) Archive regions: 0->0
[2023-12-18T21:58:06.470+0100][8808.976s] GC(544) Humongous regions: 4->4
[2023-12-18T21:58:06.470+0100][8808.976s] GC(544) Metaspace: 62924K(63616K)->62924K(63616K) NonClass: 55929K(56256K)->55929K(56256K) Class: 6995K(7360K)->6995K(7360K)
[2023-12-18T21:58:06.470+0100][8808.976s] GC(544) Pause Young (Normal) (G1 Evacuation Pause) 437M->133M(512M) 1.167ms
[2023-12-18T21:58:06.470+0100][8808.976s] GC(544) User=0.00s Sys=0.00s Real=0.00s
[2023-12-18T21:58:07.076+0100][8809.582s] GC(545) Pause Young (Concurrent Start) (G1 Evacuation Pause)
[2023-12-18T21:58:07.076+0100][8809.582s] GC(545) Using 10 workers of 10 for evacuation
[2023-12-18T21:58:07.078+0100][8809.584s] GC(545)   Pre Evacuate Collection Set: 0.2ms
[2023-12-18T21:58:07.078+0100][8809.584s] GC(545)   Merge Heap Roots: 0.1ms
[2023-12-18T21:58:07.078+0100][8809.584s] GC(545)   Evacuate Collection Set: 1.1ms
[2023-12-18T21:58:07.078+0100][8809.584s] GC(545)   Post Evacuate Collection Set: 0.4ms
[2023-12-18T21:58:07.078+0100][8809.584s] GC(545)   Other: 0.1ms
[2023-12-18T21:58:07.078+0100][8809.584s] GC(545) Eden regions: 303->0(302)
[2023-12-18T21:58:07.078+0100][8809.584s] GC(545) Survivor regions: 4->5(39)
[2023-12-18T21:58:07.078+0100][8809.584s] GC(545) Old regions: 127->127
[2023-12-18T21:58:07.078+0100][8809.584s] GC(545) Archive regions: 0->0
[2023-12-18T21:58:07.078+0100][8809.584s] GC(545) Humongous regions: 4->4
[2023-12-18T21:58:07.078+0100][8809.584s] GC(545) Metaspace: 62924K(63616K)->62924K(63616K) NonClass: 55929K(56256K)->55929K(56256K) Class: 6995K(7360K)->6995K(7360K)
[2023-12-18T21:58:07.078+0100][8809.584s] GC(545) Pause Young (Concurrent Start) (G1 Evacuation Pause) 436M->135M(512M) 1.981ms
[2023-12-18T21:58:07.078+0100][8809.584s] GC(546) Concurrent Mark Cycle
[2023-12-18T21:58:07.078+0100][8809.584s] GC(545) User=0.16s Sys=0.00s Real=0.00s
[2023-12-18T21:58:07.078+0100][8809.584s] GC(546) Concurrent Clear Claimed Marks
[2023-12-18T21:58:07.078+0100][8809.584s] GC(546) Concurrent Clear Claimed Marks 0.053ms
[2023-12-18T21:58:07.078+0100][8809.584s] GC(546) Concurrent Scan Root Regions
[2023-12-18T21:58:07.079+0100][8809.585s] GC(546) Concurrent Scan Root Regions 0.686ms
[2023-12-18T21:58:07.079+0100][8809.585s] GC(546) Concurrent Mark
[2023-12-18T21:58:07.079+0100][8809.585s] GC(546) Concurrent Mark From Roots
[2023-12-18T21:58:07.079+0100][8809.585s] GC(546) Using 3 workers of 3 for marking
[2023-12-18T21:58:07.104+0100][8809.610s] GC(546) Concurrent Mark From Roots 24.945ms
[2023-12-18T21:58:07.104+0100][8809.610s] GC(546) Concurrent Preclean
[2023-12-18T21:58:07.104+0100][8809.610s] GC(546) Concurrent Preclean 0.151ms
[2023-12-18T21:58:07.104+0100][8809.610s] GC(546) Pause Remark
[2023-12-18T21:58:07.107+0100][8809.613s] GC(546) Pause Remark 147M->147M(512M) 3.176ms
[2023-12-18T21:58:07.108+0100][8809.613s] GC(546) User=0.00s Sys=0.00s Real=0.00s
[2023-12-18T21:58:07.108+0100][8809.613s] GC(546) Concurrent Mark 28.476ms
[2023-12-18T21:58:07.108+0100][8809.613s] GC(546) Concurrent Rebuild Remembered Sets
[2023-12-18T21:58:07.120+0100][8809.626s] GC(546) Concurrent Rebuild Remembered Sets 12.659ms
[2023-12-18T21:58:07.120+0100][8809.626s] GC(546) Pause Cleanup
[2023-12-18T21:58:07.120+0100][8809.626s] GC(546) Pause Cleanup 150M->150M(512M) 0.114ms
[2023-12-18T21:58:07.120+0100][8809.626s] GC(546) User=0.00s Sys=0.00s Real=0.00s
[2023-12-18T21:58:07.121+0100][8809.626s] GC(546) Concurrent Cleanup for Next Mark
[2023-12-18T21:58:07.121+0100][8809.627s] GC(546) Concurrent Cleanup for Next Mark 0.608ms
[2023-12-18T21:58:07.121+0100][8809.627s] GC(546) Concurrent Mark Cycle 42.828ms
[2023-12-18T21:58:07.663+0100][8810.169s] GC(547) Pause Young (Prepare Mixed) (G1 Evacuation Pause)
[2023-12-18T21:58:07.664+0100][8810.169s] GC(547) Using 10 workers of 10 for evacuation
[2023-12-18T21:58:07.665+0100][8810.170s] GC(547)   Pre Evacuate Collection Set: 0.1ms
[2023-12-18T21:58:07.665+0100][8810.170s] GC(547)   Merge Heap Roots: 0.1ms
[2023-12-18T21:58:07.665+0100][8810.170s] GC(547)   Evacuate Collection Set: 1.1ms
[2023-12-18T21:58:07.665+0100][8810.170s] GC(547)   Post Evacuate Collection Set: 0.3ms
[2023-12-18T21:58:07.665+0100][8810.170s] GC(547)   Other: 0.1ms
[2023-12-18T21:58:07.665+0100][8810.170s] GC(547) Eden regions: 302->0(19)
[2023-12-18T21:58:07.665+0100][8810.170s] GC(547) Survivor regions: 5->6(39)
[2023-12-18T21:58:07.665+0100][8810.170s] GC(547) Old regions: 127->127
[2023-12-18T21:58:07.665+0100][8810.170s] GC(547) Archive regions: 0->0
[2023-12-18T21:58:07.665+0100][8810.170s] GC(547) Humongous regions: 4->4
[2023-12-18T21:58:07.665+0100][8810.170s] GC(547) Metaspace: 62925K(63616K)->62925K(63616K) NonClass: 55930K(56256K)->55930K(56256K) Class: 6995K(7360K)->6995K(7360K)
[2023-12-18T21:58:07.665+0100][8810.170s] GC(547) Pause Young (Prepare Mixed) (G1 Evacuation Pause) 437M->136M(512M) 1.798ms
[2023-12-18T21:58:07.665+0100][8810.170s] GC(547) User=0.00s Sys=0.00s Real=0.00s
[2023-12-18T21:58:07.710+0100][8810.216s] GC(548) Pause Young (Mixed) (G1 Evacuation Pause)
[2023-12-18T21:58:07.710+0100][8810.216s] GC(548) Using 10 workers of 10 for evacuation
[2023-12-18T21:58:07.712+0100][8810.218s] GC(548)   Pre Evacuate Collection Set: 0.1ms
[2023-12-18T21:58:07.712+0100][8810.218s] GC(548)   Merge Heap Roots: 0.1ms
[2023-12-18T21:58:07.712+0100][8810.218s] GC(548)   Evacuate Collection Set: 1.5ms
[2023-12-18T21:58:07.712+0100][8810.218s] GC(548)   Post Evacuate Collection Set: 0.3ms
[2023-12-18T21:58:07.712+0100][8810.218s] GC(548)   Other: 0.1ms
[2023-12-18T21:58:07.712+0100][8810.218s] GC(548) Eden regions: 19->0(306)
[2023-12-18T21:58:07.712+0100][8810.218s] GC(548) Survivor regions: 6->1(4)
[2023-12-18T21:58:07.712+0100][8810.218s] GC(548) Old regions: 127->128
[2023-12-18T21:58:07.712+0100][8810.218s] GC(548) Archive regions: 0->0
[2023-12-18T21:58:07.713+0100][8810.218s] GC(548) Humongous regions: 4->4
[2023-12-18T21:58:07.713+0100][8810.218s] GC(548) Metaspace: 62925K(63616K)->62925K(63616K) NonClass: 55930K(56256K)->55930K(56256K) Class: 6995K(7360K)->6995K(7360K)
[2023-12-18T21:58:07.713+0100][8810.218s] GC(548) Pause Young (Mixed) (G1 Evacuation Pause) 155M->131M(512M) 2.270ms
[2023-12-18T21:58:07.713+0100][8810.218s] GC(548) User=0.00s Sys=0.00s Real=0.00s
[2023-12-18T21:58:08.288+0100][8810.794s] GC(549) Pause Young (Normal) (G1 Evacuation Pause)
[2023-12-18T21:58:08.288+0100][8810.794s] GC(549) Using 10 workers of 10 for evacuation
[2023-12-18T21:58:08.290+0100][8810.796s] GC(549)   Pre Evacuate Collection Set: 0.1ms
[2023-12-18T21:58:08.290+0100][8810.796s] GC(549)   Merge Heap Roots: 0.1ms
[2023-12-18T21:58:08.290+0100][8810.796s] GC(549)   Evacuate Collection Set: 1.4ms
[2023-12-18T21:58:08.290+0100][8810.796s] GC(549)   Post Evacuate Collection Set: 0.6ms
[2023-12-18T21:58:08.290+0100][8810.796s] GC(549)   Other: 0.1ms
[2023-12-18T21:58:08.290+0100][8810.796s] GC(549) Eden regions: 306->0(302)
[2023-12-18T21:58:08.290+0100][8810.796s] GC(549) Survivor regions: 1->5(39)
[2023-12-18T21:58:08.290+0100][8810.796s] GC(549) Old regions: 128->128
[2023-12-18T21:58:08.290+0100][8810.796s] GC(549) Archive regions: 0->0
[2023-12-18T21:58:08.290+0100][8810.796s] GC(549) Humongous regions: 4->4
[2023-12-18T21:58:08.290+0100][8810.796s] GC(549) Metaspace: 62925K(63616K)->62925K(63616K) NonClass: 55930K(56256K)->55930K(56256K) Class: 6995K(7360K)->6995K(7360K)
[2023-12-18T21:58:08.290+0100][8810.796s] GC(549) Pause Young (Normal) (G1 Evacuation Pause) 437M->135M(512M) 2.412ms
[2023-12-18T21:58:08.290+0100][8810.797s] GC(549) User=0.00s Sys=0.00s Real=0.00s
[2023-12-18T21:58:08.845+0100][8811.351s] GC(550) Pause Young (Normal) (G1 Evacuation Pause)
[2023-12-18T21:58:08.845+0100][8811.352s] GC(550) Using 10 workers of 10 for evacuation
[2023-12-18T21:58:08.847+0100][8811.353s] GC(550)   Pre Evacuate Collection Set: 0.1ms
[2023-12-18T21:58:08.847+0100][8811.353s] GC(550)   Merge Heap Roots: 0.1ms
[2023-12-18T21:58:08.847+0100][8811.353s] GC(550)   Evacuate Collection Set: 0.6ms
[2023-12-18T21:58:08.847+0100][8811.353s] GC(550)   Post Evacuate Collection Set: 0.4ms
[2023-12-18T21:58:08.847+0100][8811.353s] GC(550)   Other: 0.1ms
[2023-12-18T21:58:08.847+0100][8811.353s] GC(550) Eden regions: 302->0(303)
[2023-12-18T21:58:08.847+0100][8811.353s] GC(550) Survivor regions: 5->4(39)
[2023-12-18T21:58:08.847+0100][8811.353s] GC(550) Old regions: 128->128
[2023-12-18T21:58:08.847+0100][8811.353s] GC(550) Archive regions: 0->0
[2023-12-18T21:58:08.847+0100][8811.353s] GC(550) Humongous regions: 4->4
[2023-12-18T21:58:08.847+0100][8811.353s] GC(550) Metaspace: 62925K(63616K)->62925K(63616K) NonClass: 55930K(56256K)->55930K(56256K) Class: 6995K(7360K)->6995K(7360K)
[2023-12-18T21:58:08.847+0100][8811.353s] GC(550) Pause Young (Normal) (G1 Evacuation Pause) 437M->134M(512M) 1.432ms
[2023-12-18T21:58:08.847+0100][8811.353s] GC(550) User=0.00s Sys=0.00s Real=0.00s
[2023-12-18T21:58:09.488+0100][8811.994s] GC(551) Pause Young (Concurrent Start) (G1 Evacuation Pause)
[2023-12-18T21:58:09.488+0100][8811.994s] GC(551) Using 10 workers of 10 for evacuation
[2023-12-18T21:58:09.490+0100][8811.996s] GC(551)   Pre Evacuate Collection Set: 0.1ms
[2023-12-18T21:58:09.490+0100][8811.996s] GC(551)   Merge Heap Roots: 0.1ms
[2023-12-18T21:58:09.490+0100][8811.996s] GC(551)   Evacuate Collection Set: 1.1ms
[2023-12-18T21:58:09.490+0100][8811.996s] GC(551)   Post Evacuate Collection Set: 0.5ms
[2023-12-18T21:58:09.490+0100][8811.996s] GC(551)   Other: 0.1ms
[2023-12-18T21:58:09.490+0100][8811.996s] GC(551) Eden regions: 303->0(302)
[2023-12-18T21:58:09.490+0100][8811.996s] GC(551) Survivor regions: 4->5(39)
[2023-12-18T21:58:09.490+0100][8811.996s] GC(551) Old regions: 128->128
[2023-12-18T21:58:09.490+0100][8811.996s] GC(551) Archive regions: 0->0
[2023-12-18T21:58:09.490+0100][8811.996s] GC(551) Humongous regions: 4->4
[2023-12-18T21:58:09.490+0100][8811.996s] GC(551) Metaspace: 62925K(63616K)->62925K(63616K) NonClass: 55930K(56256K)->55930K(56256K) Class: 6995K(7360K)->6995K(7360K)
[2023-12-18T21:58:09.490+0100][8811.996s] GC(551) Pause Young (Concurrent Start) (G1 Evacuation Pause) 437M->135M(512M) 2.104ms
[2023-12-18T21:58:09.490+0100][8811.996s] GC(552) Concurrent Mark Cycle
[2023-12-18T21:58:09.490+0100][8811.996s] GC(551) User=0.00s Sys=0.00s Real=0.00s
[2023-12-18T21:58:09.490+0100][8811.996s] GC(552) Concurrent Clear Claimed Marks
[2023-12-18T21:58:09.490+0100][8811.996s] GC(552) Concurrent Clear Claimed Marks 0.068ms
[2023-12-18T21:58:09.490+0100][8811.996s] GC(552) Concurrent Scan Root Regions
[2023-12-18T21:58:09.491+0100][8811.997s] GC(552) Concurrent Scan Root Regions 0.973ms
[2023-12-18T21:58:09.491+0100][8811.997s] GC(552) Concurrent Mark
[2023-12-18T21:58:09.491+0100][8811.997s] GC(552) Concurrent Mark From Roots
[2023-12-18T21:58:09.491+0100][8811.997s] GC(552) Using 3 workers of 3 for marking
[2023-12-18T21:58:09.514+0100][8812.020s] GC(552) Concurrent Mark From Roots 22.580ms
[2023-12-18T21:58:09.514+0100][8812.020s] GC(552) Concurrent Preclean
[2023-12-18T21:58:09.514+0100][8812.020s] GC(552) Concurrent Preclean 0.168ms
[2023-12-18T21:58:09.514+0100][8812.020s] GC(552) Pause Remark
[2023-12-18T21:58:09.517+0100][8812.023s] GC(552) Pause Remark 144M->144M(512M) 3.190ms
[2023-12-18T21:58:09.517+0100][8812.023s] GC(552) User=0.00s Sys=0.00s Real=0.00s
[2023-12-18T21:58:09.517+0100][8812.023s] GC(552) Concurrent Mark 26.132ms
[2023-12-18T21:58:09.517+0100][8812.023s] GC(552) Concurrent Rebuild Remembered Sets
[2023-12-18T21:58:09.531+0100][8812.036s] GC(552) Concurrent Rebuild Remembered Sets 13.390ms
[2023-12-18T21:58:09.531+0100][8812.037s] GC(552) Pause Cleanup
[2023-12-18T21:58:09.531+0100][8812.037s] GC(552) Pause Cleanup 149M->149M(512M) 0.119ms
[2023-12-18T21:58:09.531+0100][8812.037s] GC(552) User=0.00s Sys=0.00s Real=0.00s
[2023-12-18T21:58:09.531+0100][8812.037s] GC(552) Concurrent Cleanup for Next Mark
[2023-12-18T21:58:09.532+0100][8812.038s] GC(552) Concurrent Cleanup for Next Mark 0.866ms
[2023-12-18T21:58:09.532+0100][8812.038s] GC(552) Concurrent Mark Cycle 41.852ms
[2023-12-18T21:58:10.108+0100][8812.614s] GC(553) Pause Young (Prepare Mixed) (G1 Evacuation Pause)
[2023-12-18T21:58:10.108+0100][8812.614s] GC(553) Using 10 workers of 10 for evacuation
[2023-12-18T21:58:10.110+0100][8812.616s] GC(553)   Pre Evacuate Collection Set: 0.1ms
[2023-12-18T21:58:10.110+0100][8812.616s] GC(553)   Merge Heap Roots: 0.1ms
[2023-12-18T21:58:10.110+0100][8812.616s] GC(553)   Evacuate Collection Set: 1.2ms
[2023-12-18T21:58:10.110+0100][8812.616s] GC(553)   Post Evacuate Collection Set: 0.5ms
[2023-12-18T21:58:10.110+0100][8812.616s] GC(553)   Other: 0.1ms
[2023-12-18T21:58:10.110+0100][8812.616s] GC(553) Eden regions: 302->0(19)
[2023-12-18T21:58:10.110+0100][8812.616s] GC(553) Survivor regions: 5->6(39)
[2023-12-18T21:58:10.110+0100][8812.616s] GC(553) Old regions: 128->128
[2023-12-18T21:58:10.110+0100][8812.616s] GC(553) Archive regions: 0->0
[2023-12-18T21:58:10.110+0100][8812.616s] GC(553) Humongous regions: 4->4
[2023-12-18T21:58:10.110+0100][8812.616s] GC(553) Metaspace: 62925K(63616K)->62925K(63616K) NonClass: 55930K(56256K)->55930K(56256K) Class: 6995K(7360K)->6995K(7360K)
[2023-12-18T21:58:10.110+0100][8812.616s] GC(553) Pause Young (Prepare Mixed) (G1 Evacuation Pause) 437M->137M(512M) 2.189ms
[2023-12-18T21:58:10.110+0100][8812.616s] GC(553) User=0.02s Sys=0.00s Real=0.00s
[2023-12-18T21:58:10.155+0100][8812.660s] GC(554) Pause Young (Mixed) (G1 Evacuation Pause)
[2023-12-18T21:58:10.155+0100][8812.660s] GC(554) Using 10 workers of 10 for evacuation
[2023-12-18T21:58:10.157+0100][8812.662s] GC(554)   Pre Evacuate Collection Set: 0.1ms
[2023-12-18T21:58:10.157+0100][8812.662s] GC(554)   Merge Heap Roots: 0.1ms
[2023-12-18T21:58:10.157+0100][8812.662s] GC(554)   Evacuate Collection Set: 1.5ms
[2023-12-18T21:58:10.157+0100][8812.662s] GC(554)   Post Evacuate Collection Set: 0.4ms
[2023-12-18T21:58:10.157+0100][8812.662s] GC(554)   Other: 0.1ms
[2023-12-18T21:58:10.157+0100][8812.662s] GC(554) Eden regions: 19->0(306)
[2023-12-18T21:58:10.157+0100][8812.662s] GC(554) Survivor regions: 6->1(4)
[2023-12-18T21:58:10.157+0100][8812.662s] GC(554) Old regions: 128->129
[2023-12-18T21:58:10.157+0100][8812.662s] GC(554) Archive regions: 0->0
[2023-12-18T21:58:10.157+0100][8812.662s] GC(554) Humongous regions: 4->4
[2023-12-18T21:58:10.157+0100][8812.662s] GC(554) Metaspace: 62925K(63616K)->62925K(63616K) NonClass: 55930K(56256K)->55930K(56256K) Class: 6995K(7360K)->6995K(7360K)
[2023-12-18T21:58:10.157+0100][8812.662s] GC(554) Pause Young (Mixed) (G1 Evacuation Pause) 156M->132M(512M) 2.282ms
[2023-12-18T21:58:10.157+0100][8812.662s] GC(554) User=0.16s Sys=0.00s Real=0.00s
[2023-12-18T21:58:10.683+0100][8813.189s] GC(555) Pause Young (Normal) (G1 Evacuation Pause)
[2023-12-18T21:58:10.683+0100][8813.190s] GC(555) Using 10 workers of 10 for evacuation
[2023-12-18T21:58:10.686+0100][8813.192s] GC(555)   Pre Evacuate Collection Set: 0.1ms
[2023-12-18T21:58:10.686+0100][8813.192s] GC(555)   Merge Heap Roots: 0.2ms
[2023-12-18T21:58:10.686+0100][8813.192s] GC(555)   Evacuate Collection Set: 1.2ms
[2023-12-18T21:58:10.686+0100][8813.192s] GC(555)   Post Evacuate Collection Set: 0.6ms
[2023-12-18T21:58:10.686+0100][8813.192s] GC(555)   Other: 0.1ms
[2023-12-18T21:58:10.686+0100][8813.192s] GC(555) Eden regions: 306->0(302)
[2023-12-18T21:58:10.686+0100][8813.192s] GC(555) Survivor regions: 1->5(39)
[2023-12-18T21:58:10.686+0100][8813.192s] GC(555) Old regions: 129->129
[2023-12-18T21:58:10.686+0100][8813.192s] GC(555) Archive regions: 0->0
[2023-12-18T21:58:10.686+0100][8813.192s] GC(555) Humongous regions: 4->4
[2023-12-18T21:58:10.686+0100][8813.192s] GC(555) Metaspace: 62925K(63616K)->62925K(63616K) NonClass: 55930K(56256K)->55930K(56256K) Class: 6995K(7360K)->6995K(7360K)
[2023-12-18T21:58:10.686+0100][8813.192s] GC(555) Pause Young (Normal) (G1 Evacuation Pause) 438M->136M(512M) 2.351ms
[2023-12-18T21:58:10.686+0100][8813.192s] GC(555) User=0.00s Sys=0.00s Real=0.00s
[2023-12-18T21:58:11.220+0100][8813.725s] GC(556) Pause Young (Normal) (G1 Evacuation Pause)
[2023-12-18T21:58:11.220+0100][8813.725s] GC(556) Using 10 workers of 10 for evacuation
[2023-12-18T21:58:11.221+0100][8813.727s] GC(556)   Pre Evacuate Collection Set: 0.0ms
[2023-12-18T21:58:11.221+0100][8813.727s] GC(556)   Merge Heap Roots: 0.0ms
[2023-12-18T21:58:11.221+0100][8813.727s] GC(556)   Evacuate Collection Set: 0.7ms
[2023-12-18T21:58:11.221+0100][8813.727s] GC(556)   Post Evacuate Collection Set: 0.2ms
[2023-12-18T21:58:11.221+0100][8813.727s] GC(556)   Other: 0.1ms
[2023-12-18T21:58:11.221+0100][8813.727s] GC(556) Eden regions: 302->0(303)
[2023-12-18T21:58:11.221+0100][8813.727s] GC(556) Survivor regions: 5->4(39)
[2023-12-18T21:58:11.221+0100][8813.727s] GC(556) Old regions: 129->129
[2023-12-18T21:58:11.221+0100][8813.727s] GC(556) Archive regions: 0->0
[2023-12-18T21:58:11.221+0100][8813.727s] GC(556) Humongous regions: 4->4
[2023-12-18T21:58:11.221+0100][8813.727s] GC(556) Metaspace: 62925K(63616K)->62925K(63616K) NonClass: 55930K(56256K)->55930K(56256K) Class: 6995K(7360K)->6995K(7360K)
[2023-12-18T21:58:11.221+0100][8813.727s] GC(556) Pause Young (Normal) (G1 Evacuation Pause) 438M->135M(512M) 1.288ms
[2023-12-18T21:58:11.221+0100][8813.727s] GC(556) User=0.00s Sys=0.00s Real=0.00s
[2023-12-18T21:58:11.818+0100][8814.324s] GC(557) Pause Young (Concurrent Start) (G1 Evacuation Pause)
[2023-12-18T21:58:11.818+0100][8814.324s] GC(557) Using 10 workers of 10 for evacuation
[2023-12-18T21:58:11.820+0100][8814.326s] GC(557)   Pre Evacuate Collection Set: 0.1ms
[2023-12-18T21:58:11.820+0100][8814.326s] GC(557)   Merge Heap Roots: 0.1ms
[2023-12-18T21:58:11.820+0100][8814.326s] GC(557)   Evacuate Collection Set: 1.2ms
[2023-12-18T21:58:11.820+0100][8814.326s] GC(557)   Post Evacuate Collection Set: 0.5ms
[2023-12-18T21:58:11.820+0100][8814.326s] GC(557)   Other: 0.1ms
[2023-12-18T21:58:11.820+0100][8814.326s] GC(557) Eden regions: 303->0(301)
[2023-12-18T21:58:11.820+0100][8814.326s] GC(557) Survivor regions: 4->6(39)
[2023-12-18T21:58:11.820+0100][8814.326s] GC(557) Old regions: 129->129
[2023-12-18T21:58:11.820+0100][8814.326s] GC(557) Archive regions: 0->0
[2023-12-18T21:58:11.820+0100][8814.326s] GC(557) Humongous regions: 4->4
[2023-12-18T21:58:11.820+0100][8814.326s] GC(557) Metaspace: 62925K(63616K)->62925K(63616K) NonClass: 55930K(56256K)->55930K(56256K) Class: 6995K(7360K)->6995K(7360K)
[2023-12-18T21:58:11.820+0100][8814.326s] GC(557) Pause Young (Concurrent Start) (G1 Evacuation Pause) 438M->137M(512M) 2.210ms
[2023-12-18T21:58:11.820+0100][8814.326s] GC(558) Concurrent Mark Cycle
[2023-12-18T21:58:11.820+0100][8814.326s] GC(557) User=0.00s Sys=0.00s Real=0.00s
[2023-12-18T21:58:11.820+0100][8814.326s] GC(558) Concurrent Clear Claimed Marks
[2023-12-18T21:58:11.820+0100][8814.326s] GC(558) Concurrent Clear Claimed Marks 0.071ms
[2023-12-18T21:58:11.820+0100][8814.326s] GC(558) Concurrent Scan Root Regions
[2023-12-18T21:58:11.821+0100][8814.327s] GC(558) Concurrent Scan Root Regions 1.254ms
[2023-12-18T21:58:11.821+0100][8814.327s] GC(558) Concurrent Mark
[2023-12-18T21:58:11.821+0100][8814.327s] GC(558) Concurrent Mark From Roots
[2023-12-18T21:58:11.821+0100][8814.327s] GC(558) Using 3 workers of 3 for marking
[2023-12-18T21:58:11.847+0100][8814.353s] GC(558) Concurrent Mark From Roots 25.253ms
[2023-12-18T21:58:11.847+0100][8814.353s] GC(558) Concurrent Preclean
[2023-12-18T21:58:11.847+0100][8814.353s] GC(558) Concurrent Preclean 0.164ms
[2023-12-18T21:58:11.847+0100][8814.353s] GC(558) Pause Remark
[2023-12-18T21:58:11.850+0100][8814.356s] GC(558) Pause Remark 151M->151M(512M) 3.357ms
[2023-12-18T21:58:11.850+0100][8814.356s] GC(558) User=0.00s Sys=0.00s Real=0.00s
[2023-12-18T21:58:11.850+0100][8814.356s] GC(558) Concurrent Mark 28.998ms
[2023-12-18T21:58:11.850+0100][8814.356s] GC(558) Concurrent Rebuild Remembered Sets
[2023-12-18T21:58:11.864+0100][8814.369s] GC(558) Concurrent Rebuild Remembered Sets 13.159ms
[2023-12-18T21:58:11.864+0100][8814.370s] GC(558) Pause Cleanup
[2023-12-18T21:58:11.864+0100][8814.370s] GC(558) Pause Cleanup 155M->155M(512M) 0.136ms
[2023-12-18T21:58:11.864+0100][8814.370s] GC(558) User=0.00s Sys=0.00s Real=0.00s
[2023-12-18T21:58:11.864+0100][8814.370s] GC(558) Concurrent Cleanup for Next Mark
[2023-12-18T21:58:11.864+0100][8814.370s] GC(558) Concurrent Cleanup for Next Mark 0.614ms
[2023-12-18T21:58:11.864+0100][8814.370s] GC(558) Concurrent Mark Cycle 44.526ms
[2023-12-18T21:58:12.342+0100][8814.847s] GC(559) Pause Young (Prepare Mixed) (G1 Evacuation Pause)
[2023-12-18T21:58:12.342+0100][8814.847s] GC(559) Using 10 workers of 10 for evacuation
[2023-12-18T21:58:12.344+0100][8814.849s] GC(559)   Pre Evacuate Collection Set: 0.1ms
[2023-12-18T21:58:12.344+0100][8814.849s] GC(559)   Merge Heap Roots: 0.1ms
[2023-12-18T21:58:12.344+0100][8814.849s] GC(559)   Evacuate Collection Set: 1.3ms
[2023-12-18T21:58:12.344+0100][8814.849s] GC(559)   Post Evacuate Collection Set: 0.5ms
[2023-12-18T21:58:12.344+0100][8814.849s] GC(559)   Other: 0.1ms
[2023-12-18T21:58:12.344+0100][8814.849s] GC(559) Eden regions: 301->0(19)
[2023-12-18T21:58:12.344+0100][8814.849s] GC(559) Survivor regions: 6->6(39)
[2023-12-18T21:58:12.344+0100][8814.850s] GC(559) Old regions: 129->129
[2023-12-18T21:58:12.344+0100][8814.850s] GC(559) Archive regions: 0->0
[2023-12-18T21:58:12.344+0100][8814.850s] GC(559) Humongous regions: 4->4
[2023-12-18T21:58:12.344+0100][8814.850s] GC(559) Metaspace: 62925K(63616K)->62925K(63616K) NonClass: 55930K(56256K)->55930K(56256K) Class: 6995K(7360K)->6995K(7360K)
[2023-12-18T21:58:12.344+0100][8814.850s] GC(559) Pause Young (Prepare Mixed) (G1 Evacuation Pause) 438M->138M(512M) 2.206ms
[2023-12-18T21:58:12.344+0100][8814.850s] GC(559) User=0.00s Sys=0.00s Real=0.00s
[2023-12-18T21:58:12.373+0100][8814.879s] GC(560) Pause Young (Mixed) (G1 Evacuation Pause)
[2023-12-18T21:58:12.373+0100][8814.879s] GC(560) Using 10 workers of 10 for evacuation
[2023-12-18T21:58:12.375+0100][8814.881s] GC(560)   Pre Evacuate Collection Set: 0.0ms
[2023-12-18T21:58:12.375+0100][8814.881s] GC(560)   Merge Heap Roots: 0.0ms
[2023-12-18T21:58:12.375+0100][8814.881s] GC(560)   Evacuate Collection Set: 1.4ms
[2023-12-18T21:58:12.375+0100][8814.881s] GC(560)   Post Evacuate Collection Set: 0.3ms
[2023-12-18T21:58:12.375+0100][8814.881s] GC(560)   Other: 0.1ms
[2023-12-18T21:58:12.375+0100][8814.881s] GC(560) Eden regions: 19->0(306)
[2023-12-18T21:58:12.375+0100][8814.881s] GC(560) Survivor regions: 6->1(4)
[2023-12-18T21:58:12.375+0100][8814.881s] GC(560) Old regions: 129->130
[2023-12-18T21:58:12.375+0100][8814.881s] GC(560) Archive regions: 0->0
[2023-12-18T21:58:12.375+0100][8814.881s] GC(560) Humongous regions: 4->4
[2023-12-18T21:58:12.375+0100][8814.881s] GC(560) Metaspace: 62925K(63616K)->62925K(63616K) NonClass: 55930K(56256K)->55930K(56256K) Class: 6995K(7360K)->6995K(7360K)
[2023-12-18T21:58:12.375+0100][8814.881s] GC(560) Pause Young (Mixed) (G1 Evacuation Pause) 157M->133M(512M) 2.010ms
[2023-12-18T21:58:12.375+0100][8814.881s] GC(560) User=0.16s Sys=0.00s Real=0.00s
[2023-12-18T21:58:12.973+0100][8815.479s] GC(561) Pause Young (Normal) (G1 Evacuation Pause)
[2023-12-18T21:58:12.973+0100][8815.479s] GC(561) Using 10 workers of 10 for evacuation
[2023-12-18T21:58:12.974+0100][8815.480s] GC(561)   Pre Evacuate Collection Set: 0.1ms
[2023-12-18T21:58:12.974+0100][8815.480s] GC(561)   Merge Heap Roots: 0.1ms
[2023-12-18T21:58:12.974+0100][8815.480s] GC(561)   Evacuate Collection Set: 0.8ms
[2023-12-18T21:58:12.974+0100][8815.480s] GC(561)   Post Evacuate Collection Set: 0.2ms
[2023-12-18T21:58:12.974+0100][8815.480s] GC(561)   Other: 0.1ms
[2023-12-18T21:58:12.974+0100][8815.480s] GC(561) Eden regions: 306->0(303)
[2023-12-18T21:58:12.974+0100][8815.480s] GC(561) Survivor regions: 1->4(39)
[2023-12-18T21:58:12.974+0100][8815.480s] GC(561) Old regions: 130->130
[2023-12-18T21:58:12.974+0100][8815.480s] GC(561) Archive regions: 0->0
[2023-12-18T21:58:12.974+0100][8815.480s] GC(561) Humongous regions: 4->4
[2023-12-18T21:58:12.974+0100][8815.480s] GC(561) Metaspace: 62925K(63616K)->62925K(63616K) NonClass: 55930K(56256K)->55930K(56256K) Class: 6995K(7360K)->6995K(7360K)
[2023-12-18T21:58:12.974+0100][8815.480s] GC(561) Pause Young (Normal) (G1 Evacuation Pause) 439M->136M(512M) 1.433ms
[2023-12-18T21:58:12.974+0100][8815.480s] GC(561) User=0.00s Sys=0.00s Real=0.00s
[2023-12-18T21:58:13.560+0100][8816.066s] GC(562) Pause Young (Normal) (G1 Evacuation Pause)
[2023-12-18T21:58:13.560+0100][8816.066s] GC(562) Using 10 workers of 10 for evacuation
[2023-12-18T21:58:13.562+0100][8816.068s] GC(562)   Pre Evacuate Collection Set: 0.1ms
[2023-12-18T21:58:13.562+0100][8816.068s] GC(562)   Merge Heap Roots: 0.1ms
[2023-12-18T21:58:13.562+0100][8816.068s] GC(562)   Evacuate Collection Set: 1.3ms
[2023-12-18T21:58:13.562+0100][8816.068s] GC(562)   Post Evacuate Collection Set: 0.4ms
[2023-12-18T21:58:13.562+0100][8816.068s] GC(562)   Other: 0.1ms
[2023-12-18T21:58:13.562+0100][8816.068s] GC(562) Eden regions: 303->0(301)
[2023-12-18T21:58:13.562+0100][8816.068s] GC(562) Survivor regions: 4->6(39)
[2023-12-18T21:58:13.562+0100][8816.068s] GC(562) Old regions: 130->130
[2023-12-18T21:58:13.562+0100][8816.068s] GC(562) Archive regions: 0->0
[2023-12-18T21:58:13.562+0100][8816.068s] GC(562) Humongous regions: 4->4
[2023-12-18T21:58:13.562+0100][8816.068s] GC(562) Metaspace: 62925K(63616K)->62925K(63616K) NonClass: 55930K(56256K)->55930K(56256K) Class: 6995K(7360K)->6995K(7360K)
[2023-12-18T21:58:13.562+0100][8816.068s] GC(562) Pause Young (Normal) (G1 Evacuation Pause) 439M->138M(512M) 1.979ms
[2023-12-18T21:58:13.562+0100][8816.068s] GC(562) User=0.00s Sys=0.00s Real=0.00s
[2023-12-18T21:58:14.100+0100][8816.605s] GC(563) Pause Young (Concurrent Start) (G1 Evacuation Pause)
[2023-12-18T21:58:14.100+0100][8816.605s] GC(563) Using 10 workers of 10 for evacuation
[2023-12-18T21:58:14.101+0100][8816.607s] GC(563)   Pre Evacuate Collection Set: 0.1ms
[2023-12-18T21:58:14.101+0100][8816.607s] GC(563)   Merge Heap Roots: 0.1ms
[2023-12-18T21:58:14.101+0100][8816.607s] GC(563)   Evacuate Collection Set: 1.3ms
[2023-12-18T21:58:14.101+0100][8816.607s] GC(563)   Post Evacuate Collection Set: 0.3ms
[2023-12-18T21:58:14.101+0100][8816.607s] GC(563)   Other: 0.1ms
[2023-12-18T21:58:14.101+0100][8816.607s] GC(563) Eden regions: 301->0(301)
[2023-12-18T21:58:14.101+0100][8816.607s] GC(563) Survivor regions: 6->6(39)
[2023-12-18T21:58:14.101+0100][8816.607s] GC(563) Old regions: 130->130
[2023-12-18T21:58:14.102+0100][8816.607s] GC(563) Archive regions: 0->0
[2023-12-18T21:58:14.102+0100][8816.607s] GC(563) Humongous regions: 4->4
[2023-12-18T21:58:14.102+0100][8816.607s] GC(563) Metaspace: 62925K(63616K)->62925K(63616K) NonClass: 55930K(56256K)->55930K(56256K) Class: 6995K(7360K)->6995K(7360K)
[2023-12-18T21:58:14.102+0100][8816.607s] GC(563) Pause Young (Concurrent Start) (G1 Evacuation Pause) 439M->139M(512M) 2.021ms
[2023-12-18T21:58:14.102+0100][8816.607s] GC(564) Concurrent Mark Cycle
[2023-12-18T21:58:14.102+0100][8816.607s] GC(563) User=0.00s Sys=0.00s Real=0.00s
[2023-12-18T21:58:14.102+0100][8816.607s] GC(564) Concurrent Clear Claimed Marks
[2023-12-18T21:58:14.102+0100][8816.607s] GC(564) Concurrent Clear Claimed Marks 0.097ms
[2023-12-18T21:58:14.102+0100][8816.607s] GC(564) Concurrent Scan Root Regions
[2023-12-18T21:58:14.103+0100][8816.608s] GC(564) Concurrent Scan Root Regions 0.962ms
[2023-12-18T21:58:14.103+0100][8816.608s] GC(564) Concurrent Mark
[2023-12-18T21:58:14.103+0100][8816.608s] GC(564) Concurrent Mark From Roots
[2023-12-18T21:58:14.103+0100][8816.608s] GC(564) Using 3 workers of 3 for marking
[2023-12-18T21:58:14.128+0100][8816.634s] GC(564) Concurrent Mark From Roots 25.314ms
[2023-12-18T21:58:14.128+0100][8816.634s] GC(564) Concurrent Preclean
[2023-12-18T21:58:14.128+0100][8816.634s] GC(564) Concurrent Preclean 0.156ms
[2023-12-18T21:58:14.128+0100][8816.634s] GC(564) Pause Remark
[2023-12-18T21:58:14.132+0100][8816.637s] GC(564) Pause Remark 148M->148M(512M) 3.090ms
[2023-12-18T21:58:14.132+0100][8816.637s] GC(564) User=0.00s Sys=0.00s Real=0.00s
[2023-12-18T21:58:14.132+0100][8816.637s] GC(564) Concurrent Mark 28.743ms
[2023-12-18T21:58:14.132+0100][8816.637s] GC(564) Concurrent Rebuild Remembered Sets
[2023-12-18T21:58:14.144+0100][8816.650s] GC(564) Concurrent Rebuild Remembered Sets 12.727ms
[2023-12-18T21:58:14.145+0100][8816.650s] GC(564) Pause Cleanup
[2023-12-18T21:58:14.145+0100][8816.650s] GC(564) Pause Cleanup 155M->155M(512M) 0.123ms
[2023-12-18T21:58:14.145+0100][8816.650s] GC(564) User=0.00s Sys=0.00s Real=0.00s
[2023-12-18T21:58:14.145+0100][8816.650s] GC(564) Concurrent Cleanup for Next Mark
[2023-12-18T21:58:14.145+0100][8816.651s] GC(564) Concurrent Cleanup for Next Mark 0.621ms
[2023-12-18T21:58:14.145+0100][8816.651s] GC(564) Concurrent Mark Cycle 43.669ms
[2023-12-18T21:58:14.733+0100][8817.238s] GC(565) Pause Young (Prepare Mixed) (G1 Evacuation Pause)
[2023-12-18T21:58:14.733+0100][8817.238s] GC(565) Using 10 workers of 10 for evacuation
[2023-12-18T21:58:14.735+0100][8817.240s] GC(565)   Pre Evacuate Collection Set: 0.1ms
[2023-12-18T21:58:14.735+0100][8817.240s] GC(565)   Merge Heap Roots: 0.1ms
[2023-12-18T21:58:14.735+0100][8817.240s] GC(565)   Evacuate Collection Set: 1.1ms
[2023-12-18T21:58:14.735+0100][8817.240s] GC(565)   Post Evacuate Collection Set: 0.5ms
[2023-12-18T21:58:14.735+0100][8817.240s] GC(565)   Other: 0.1ms
[2023-12-18T21:58:14.735+0100][8817.240s] GC(565) Eden regions: 301->0(19)
[2023-12-18T21:58:14.735+0100][8817.240s] GC(565) Survivor regions: 6->6(39)
[2023-12-18T21:58:14.735+0100][8817.240s] GC(565) Old regions: 129->129
[2023-12-18T21:58:14.735+0100][8817.240s] GC(565) Archive regions: 0->0
[2023-12-18T21:58:14.735+0100][8817.240s] GC(565) Humongous regions: 4->4
[2023-12-18T21:58:14.735+0100][8817.240s] GC(565) Metaspace: 62925K(63616K)->62925K(63616K) NonClass: 55930K(56256K)->55930K(56256K) Class: 6995K(7360K)->6995K(7360K)
[2023-12-18T21:58:14.735+0100][8817.240s] GC(565) Pause Young (Prepare Mixed) (G1 Evacuation Pause) 439M->138M(512M) 2.118ms
[2023-12-18T21:58:14.735+0100][8817.240s] GC(565) User=0.00s Sys=0.02s Real=0.00s
[2023-12-18T21:58:14.777+0100][8817.283s] GC(566) Pause Young (Mixed) (G1 Evacuation Pause)
[2023-12-18T21:58:14.777+0100][8817.283s] GC(566) Using 10 workers of 10 for evacuation
[2023-12-18T21:58:14.779+0100][8817.285s] GC(566)   Pre Evacuate Collection Set: 0.1ms
[2023-12-18T21:58:14.779+0100][8817.285s] GC(566)   Merge Heap Roots: 0.1ms
[2023-12-18T21:58:14.779+0100][8817.285s] GC(566)   Evacuate Collection Set: 1.3ms
[2023-12-18T21:58:14.779+0100][8817.285s] GC(566)   Post Evacuate Collection Set: 0.2ms
[2023-12-18T21:58:14.779+0100][8817.285s] GC(566)   Other: 0.1ms
[2023-12-18T21:58:14.779+0100][8817.285s] GC(566) Eden regions: 19->0(305)
[2023-12-18T21:58:14.779+0100][8817.285s] GC(566) Survivor regions: 6->2(4)
[2023-12-18T21:58:14.779+0100][8817.285s] GC(566) Old regions: 129->130
[2023-12-18T21:58:14.779+0100][8817.285s] GC(566) Archive regions: 0->0
[2023-12-18T21:58:14.779+0100][8817.285s] GC(566) Humongous regions: 4->4
[2023-12-18T21:58:14.779+0100][8817.285s] GC(566) Metaspace: 62925K(63616K)->62925K(63616K) NonClass: 55930K(56256K)->55930K(56256K) Class: 6995K(7360K)->6995K(7360K)
[2023-12-18T21:58:14.779+0100][8817.285s] GC(566) Pause Young (Mixed) (G1 Evacuation Pause) 157M->134M(512M) 1.895ms
[2023-12-18T21:58:14.779+0100][8817.285s] GC(566) User=0.00s Sys=0.00s Real=0.00s
[2023-12-18T21:58:15.316+0100][8817.822s] GC(567) Pause Young (Normal) (G1 Evacuation Pause)
[2023-12-18T21:58:15.316+0100][8817.822s] GC(567) Using 10 workers of 10 for evacuation
[2023-12-18T21:58:15.318+0100][8817.823s] GC(567)   Pre Evacuate Collection Set: 0.1ms
[2023-12-18T21:58:15.318+0100][8817.823s] GC(567)   Merge Heap Roots: 0.2ms
[2023-12-18T21:58:15.318+0100][8817.823s] GC(567)   Evacuate Collection Set: 0.8ms
[2023-12-18T21:58:15.318+0100][8817.823s] GC(567)   Post Evacuate Collection Set: 0.5ms
[2023-12-18T21:58:15.318+0100][8817.823s] GC(567)   Other: 0.1ms
[2023-12-18T21:58:15.318+0100][8817.823s] GC(567) Eden regions: 305->0(303)
[2023-12-18T21:58:15.318+0100][8817.823s] GC(567) Survivor regions: 2->4(39)
[2023-12-18T21:58:15.318+0100][8817.823s] GC(567) Old regions: 130->130
[2023-12-18T21:58:15.318+0100][8817.823s] GC(567) Archive regions: 0->0
[2023-12-18T21:58:15.318+0100][8817.823s] GC(567) Humongous regions: 4->4
[2023-12-18T21:58:15.318+0100][8817.823s] GC(567) Metaspace: 62925K(63616K)->62925K(63616K) NonClass: 55930K(56256K)->55930K(56256K) Class: 6995K(7360K)->6995K(7360K)
[2023-12-18T21:58:15.318+0100][8817.823s] GC(567) Pause Young (Normal) (G1 Evacuation Pause) 439M->136M(512M) 1.774ms
[2023-12-18T21:58:15.318+0100][8817.823s] GC(567) User=0.00s Sys=0.00s Real=0.00s
[2023-12-18T21:58:15.874+0100][8818.380s] GC(568) Pause Young (Normal) (G1 Evacuation Pause)
[2023-12-18T21:58:15.874+0100][8818.380s] GC(568) Using 10 workers of 10 for evacuation
[2023-12-18T21:58:15.875+0100][8818.381s] GC(568)   Pre Evacuate Collection Set: 0.1ms
[2023-12-18T21:58:15.875+0100][8818.381s] GC(568)   Merge Heap Roots: 0.1ms
[2023-12-18T21:58:15.875+0100][8818.381s] GC(568)   Evacuate Collection Set: 0.9ms
[2023-12-18T21:58:15.875+0100][8818.381s] GC(568)   Post Evacuate Collection Set: 0.3ms
[2023-12-18T21:58:15.875+0100][8818.381s] GC(568)   Other: 0.1ms
[2023-12-18T21:58:15.875+0100][8818.381s] GC(568) Eden regions: 303->0(303)
[2023-12-18T21:58:15.875+0100][8818.381s] GC(568) Survivor regions: 4->4(39)
[2023-12-18T21:58:15.875+0100][8818.381s] GC(568) Old regions: 130->130
[2023-12-18T21:58:15.875+0100][8818.381s] GC(568) Archive regions: 0->0
[2023-12-18T21:58:15.875+0100][8818.381s] GC(568) Humongous regions: 4->4
[2023-12-18T21:58:15.876+0100][8818.381s] GC(568) Metaspace: 62928K(63616K)->62928K(63616K) NonClass: 55932K(56256K)->55932K(56256K) Class: 6995K(7360K)->6995K(7360K)
[2023-12-18T21:58:15.876+0100][8818.381s] GC(568) Pause Young (Normal) (G1 Evacuation Pause) 439M->137M(512M) 1.515ms
[2023-12-18T21:58:15.876+0100][8818.381s] GC(568) User=0.16s Sys=0.00s Real=0.00s
[2023-12-18T21:58:16.232+0100][8818.738s] GC(569) Pause Young (Concurrent Start) (CodeCache GC Threshold)
[2023-12-18T21:58:16.232+0100][8818.738s] GC(569) Using 10 workers of 10 for evacuation
[2023-12-18T21:58:16.233+0100][8818.739s] GC(569)   Pre Evacuate Collection Set: 0.1ms
[2023-12-18T21:58:16.233+0100][8818.739s] GC(569)   Merge Heap Roots: 0.1ms
[2023-12-18T21:58:16.233+0100][8818.739s] GC(569)   Evacuate Collection Set: 0.8ms
[2023-12-18T21:58:16.233+0100][8818.739s] GC(569)   Post Evacuate Collection Set: 0.3ms
[2023-12-18T21:58:16.233+0100][8818.739s] GC(569)   Other: 0.1ms
[2023-12-18T21:58:16.233+0100][8818.739s] GC(569) Eden regions: 175->0(303)
[2023-12-18T21:58:16.233+0100][8818.739s] GC(569) Survivor regions: 4->4(39)
[2023-12-18T21:58:16.233+0100][8818.739s] GC(569) Old regions: 130->130
[2023-12-18T21:58:16.233+0100][8818.739s] GC(569) Archive regions: 0->0
[2023-12-18T21:58:16.233+0100][8818.739s] GC(569) Humongous regions: 4->4
[2023-12-18T21:58:16.233+0100][8818.739s] GC(569) Metaspace: 62928K(63616K)->62928K(63616K) NonClass: 55932K(56256K)->55932K(56256K) Class: 6995K(7360K)->6995K(7360K)
[2023-12-18T21:58:16.233+0100][8818.739s] GC(569) Pause Young (Concurrent Start) (CodeCache GC Threshold) 312M->136M(512M) 1.414ms
[2023-12-18T21:58:16.234+0100][8818.739s] GC(570) Concurrent Mark Cycle
[2023-12-18T21:58:16.234+0100][8818.739s] GC(569) User=0.00s Sys=0.00s Real=0.00s
[2023-12-18T21:58:16.234+0100][8818.740s] GC(570) Concurrent Clear Claimed Marks
[2023-12-18T21:58:16.234+0100][8818.740s] GC(570) Concurrent Clear Claimed Marks 0.047ms
[2023-12-18T21:58:16.234+0100][8818.740s] GC(570) Concurrent Scan Root Regions
[2023-12-18T21:58:16.234+0100][8818.740s] GC(570) Concurrent Scan Root Regions 0.594ms
[2023-12-18T21:58:16.234+0100][8818.740s] GC(570) Concurrent Mark
[2023-12-18T21:58:16.234+0100][8818.740s] GC(570) Concurrent Mark From Roots
[2023-12-18T21:58:16.234+0100][8818.740s] GC(570) Using 3 workers of 3 for marking
[2023-12-18T21:58:16.255+0100][8818.761s] GC(570) Concurrent Mark From Roots 20.818ms
[2023-12-18T21:58:16.255+0100][8818.761s] GC(570) Concurrent Preclean
[2023-12-18T21:58:16.255+0100][8818.761s] GC(570) Concurrent Preclean 0.161ms
[2023-12-18T21:58:16.256+0100][8818.761s] GC(570) Pause Remark
[2023-12-18T21:58:16.259+0100][8818.764s] GC(570) Pause Remark 148M->148M(512M) 3.075ms
[2023-12-18T21:58:16.259+0100][8818.764s] GC(570) User=0.00s Sys=0.00s Real=0.00s
[2023-12-18T21:58:16.259+0100][8818.764s] GC(570) Concurrent Mark 24.258ms
[2023-12-18T21:58:16.259+0100][8818.765s] GC(570) Concurrent Rebuild Remembered Sets
[2023-12-18T21:58:16.272+0100][8818.778s] GC(570) Concurrent Rebuild Remembered Sets 13.087ms
[2023-12-18T21:58:16.272+0100][8818.778s] GC(570) Pause Cleanup
[2023-12-18T21:58:16.272+0100][8818.778s] GC(570) Pause Cleanup 152M->152M(512M) 0.136ms
[2023-12-18T21:58:16.272+0100][8818.778s] GC(570) User=0.00s Sys=0.00s Real=0.00s
[2023-12-18T21:58:16.272+0100][8818.778s] GC(570) Concurrent Cleanup for Next Mark
[2023-12-18T21:58:16.273+0100][8818.779s] GC(570) Concurrent Cleanup for Next Mark 0.598ms
[2023-12-18T21:58:16.273+0100][8818.779s] GC(570) Concurrent Mark Cycle 39.118ms
[2023-12-18T21:58:16.827+0100][8819.333s] GC(571) Pause Young (Prepare Mixed) (G1 Evacuation Pause)
[2023-12-18T21:58:16.827+0100][8819.333s] GC(571) Using 10 workers of 10 for evacuation
[2023-12-18T21:58:16.828+0100][8819.334s] GC(571)   Pre Evacuate Collection Set: 0.0ms
[2023-12-18T21:58:16.828+0100][8819.334s] GC(571)   Merge Heap Roots: 0.0ms
[2023-12-18T21:58:16.828+0100][8819.334s] GC(571)   Evacuate Collection Set: 1.0ms
[2023-12-18T21:58:16.828+0100][8819.334s] GC(571)   Post Evacuate Collection Set: 0.3ms
[2023-12-18T21:58:16.828+0100][8819.334s] GC(571)   Other: 0.1ms
[2023-12-18T21:58:16.828+0100][8819.334s] GC(571) Eden regions: 303->0(19)
[2023-12-18T21:58:16.828+0100][8819.334s] GC(571) Survivor regions: 4->6(39)
[2023-12-18T21:58:16.828+0100][8819.334s] GC(571) Old regions: 130->130
[2023-12-18T21:58:16.828+0100][8819.334s] GC(571) Archive regions: 0->0
[2023-12-18T21:58:16.828+0100][8819.334s] GC(571) Humongous regions: 4->4
[2023-12-18T21:58:16.828+0100][8819.334s] GC(571) Metaspace: 62928K(63616K)->62928K(63616K) NonClass: 55932K(56256K)->55932K(56256K) Class: 6995K(7360K)->6995K(7360K)
[2023-12-18T21:58:16.828+0100][8819.334s] GC(571) Pause Young (Prepare Mixed) (G1 Evacuation Pause) 439M->138M(512M) 1.646ms
[2023-12-18T21:58:16.828+0100][8819.334s] GC(571) User=0.16s Sys=0.00s Real=0.00s
[2023-12-18T21:58:16.869+0100][8819.375s] GC(572) Pause Young (Mixed) (G1 Evacuation Pause)
[2023-12-18T21:58:16.869+0100][8819.375s] GC(572) Using 10 workers of 10 for evacuation
[2023-12-18T21:58:16.871+0100][8819.377s] GC(572)   Pre Evacuate Collection Set: 0.0ms
[2023-12-18T21:58:16.871+0100][8819.377s] GC(572)   Merge Heap Roots: 0.0ms
[2023-12-18T21:58:16.871+0100][8819.377s] GC(572)   Evacuate Collection Set: 2.0ms
[2023-12-18T21:58:16.871+0100][8819.377s] GC(572)   Post Evacuate Collection Set: 0.2ms
[2023-12-18T21:58:16.871+0100][8819.377s] GC(572)   Other: 0.0ms
[2023-12-18T21:58:16.871+0100][8819.377s] GC(572) Eden regions: 19->0(305)
[2023-12-18T21:58:16.871+0100][8819.377s] GC(572) Survivor regions: 6->2(4)
[2023-12-18T21:58:16.871+0100][8819.377s] GC(572) Old regions: 130->130
[2023-12-18T21:58:16.871+0100][8819.377s] GC(572) Archive regions: 0->0
[2023-12-18T21:58:16.871+0100][8819.377s] GC(572) Humongous regions: 4->4
[2023-12-18T21:58:16.871+0100][8819.377s] GC(572) Metaspace: 62928K(63616K)->62928K(63616K) NonClass: 55932K(56256K)->55932K(56256K) Class: 6995K(7360K)->6995K(7360K)
[2023-12-18T21:58:16.871+0100][8819.377s] GC(572) Pause Young (Mixed) (G1 Evacuation Pause) 157M->135M(512M) 2.526ms
[2023-12-18T21:58:16.871+0100][8819.377s] GC(572) User=0.00s Sys=0.00s Real=0.00s
[2023-12-18T21:58:17.442+0100][8819.947s] GC(573) Pause Young (Normal) (G1 Evacuation Pause)
[2023-12-18T21:58:17.442+0100][8819.947s] GC(573) Using 10 workers of 10 for evacuation
[2023-12-18T21:58:17.443+0100][8819.948s] GC(573)   Pre Evacuate Collection Set: 0.1ms
[2023-12-18T21:58:17.443+0100][8819.948s] GC(573)   Merge Heap Roots: 0.1ms
[2023-12-18T21:58:17.443+0100][8819.948s] GC(573)   Evacuate Collection Set: 1.0ms
[2023-12-18T21:58:17.443+0100][8819.948s] GC(573)   Post Evacuate Collection Set: 0.4ms
[2023-12-18T21:58:17.443+0100][8819.948s] GC(573)   Other: 0.1ms
[2023-12-18T21:58:17.443+0100][8819.949s] GC(573) Eden regions: 305->0(303)
[2023-12-18T21:58:17.443+0100][8819.949s] GC(573) Survivor regions: 2->4(39)
[2023-12-18T21:58:17.443+0100][8819.949s] GC(573) Old regions: 130->130
[2023-12-18T21:58:17.443+0100][8819.949s] GC(573) Archive regions: 0->0
[2023-12-18T21:58:17.443+0100][8819.949s] GC(573) Humongous regions: 4->4
[2023-12-18T21:58:17.443+0100][8819.949s] GC(573) Metaspace: 62928K(63616K)->62928K(63616K) NonClass: 55932K(56256K)->55932K(56256K) Class: 6995K(7360K)->6995K(7360K)
[2023-12-18T21:58:17.443+0100][8819.949s] GC(573) Pause Young (Normal) (G1 Evacuation Pause) 440M->137M(512M) 1.814ms
[2023-12-18T21:58:17.443+0100][8819.949s] GC(573) User=0.00s Sys=0.00s Real=0.00s
[2023-12-18T21:58:18.015+0100][8820.520s] GC(574) Pause Young (Normal) (G1 Evacuation Pause)
[2023-12-18T21:58:18.015+0100][8820.521s] GC(574) Using 10 workers of 10 for evacuation
[2023-12-18T21:58:18.017+0100][8820.523s] GC(574)   Pre Evacuate Collection Set: 0.1ms
[2023-12-18T21:58:18.017+0100][8820.523s] GC(574)   Merge Heap Roots: 0.1ms
[2023-12-18T21:58:18.017+0100][8820.523s] GC(574)   Evacuate Collection Set: 1.3ms
[2023-12-18T21:58:18.017+0100][8820.523s] GC(574)   Post Evacuate Collection Set: 0.5ms
[2023-12-18T21:58:18.017+0100][8820.523s] GC(574)   Other: 0.1ms
[2023-12-18T21:58:18.017+0100][8820.523s] GC(574) Eden regions: 303->0(301)
[2023-12-18T21:58:18.017+0100][8820.523s] GC(574) Survivor regions: 4->6(39)
[2023-12-18T21:58:18.017+0100][8820.523s] GC(574) Old regions: 130->130
[2023-12-18T21:58:18.017+0100][8820.523s] GC(574) Archive regions: 0->0
[2023-12-18T21:58:18.017+0100][8820.523s] GC(574) Humongous regions: 4->4
[2023-12-18T21:58:18.017+0100][8820.523s] GC(574) Metaspace: 62928K(63616K)->62928K(63616K) NonClass: 55932K(56256K)->55932K(56256K) Class: 6995K(7360K)->6995K(7360K)
[2023-12-18T21:58:18.017+0100][8820.523s] GC(574) Pause Young (Normal) (G1 Evacuation Pause) 440M->139M(512M) 2.348ms
[2023-12-18T21:58:18.017+0100][8820.523s] GC(574) User=0.16s Sys=0.00s Real=0.00s
[2023-12-18T21:58:18.561+0100][8821.066s] GC(575) Pause Young (Concurrent Start) (G1 Evacuation Pause)
[2023-12-18T21:58:18.561+0100][8821.066s] GC(575) Using 10 workers of 10 for evacuation
[2023-12-18T21:58:18.563+0100][8821.069s] GC(575)   Pre Evacuate Collection Set: 0.1ms
[2023-12-18T21:58:18.563+0100][8821.069s] GC(575)   Merge Heap Roots: 0.0ms
[2023-12-18T21:58:18.563+0100][8821.069s] GC(575)   Evacuate Collection Set: 1.5ms
[2023-12-18T21:58:18.563+0100][8821.069s] GC(575)   Post Evacuate Collection Set: 0.5ms
[2023-12-18T21:58:18.563+0100][8821.069s] GC(575)   Other: 0.1ms
[2023-12-18T21:58:18.563+0100][8821.069s] GC(575) Eden regions: 301->0(301)
[2023-12-18T21:58:18.563+0100][8821.069s] GC(575) Survivor regions: 6->6(39)
[2023-12-18T21:58:18.563+0100][8821.069s] GC(575) Old regions: 130->130
[2023-12-18T21:58:18.563+0100][8821.069s] GC(575) Archive regions: 0->0
[2023-12-18T21:58:18.563+0100][8821.069s] GC(575) Humongous regions: 4->4
[2023-12-18T21:58:18.563+0100][8821.069s] GC(575) Metaspace: 62930K(63616K)->62930K(63616K) NonClass: 55935K(56256K)->55935K(56256K) Class: 6995K(7360K)->6995K(7360K)
[2023-12-18T21:58:18.563+0100][8821.069s] GC(575) Pause Young (Concurrent Start) (G1 Evacuation Pause) 440M->139M(512M) 2.336ms
[2023-12-18T21:58:18.563+0100][8821.069s] GC(576) Concurrent Mark Cycle
[2023-12-18T21:58:18.563+0100][8821.069s] GC(575) User=0.00s Sys=0.02s Real=0.00s
[2023-12-18T21:58:18.563+0100][8821.069s] GC(576) Concurrent Clear Claimed Marks
[2023-12-18T21:58:18.563+0100][8821.069s] GC(576) Concurrent Clear Claimed Marks 0.058ms
[2023-12-18T21:58:18.563+0100][8821.069s] GC(576) Concurrent Scan Root Regions
[2023-12-18T21:58:18.564+0100][8821.070s] GC(576) Concurrent Scan Root Regions 1.024ms
[2023-12-18T21:58:18.564+0100][8821.070s] GC(576) Concurrent Mark
[2023-12-18T21:58:18.564+0100][8821.070s] GC(576) Concurrent Mark From Roots
[2023-12-18T21:58:18.564+0100][8821.070s] GC(576) Using 3 workers of 3 for marking
[2023-12-18T21:58:18.595+0100][8821.101s] GC(576) Concurrent Mark From Roots 31.046ms
[2023-12-18T21:58:18.595+0100][8821.101s] GC(576) Concurrent Preclean
[2023-12-18T21:58:18.595+0100][8821.101s] GC(576) Concurrent Preclean 0.185ms
[2023-12-18T21:58:18.596+0100][8821.101s] GC(576) Pause Remark
[2023-12-18T21:58:18.599+0100][8821.104s] GC(576) Pause Remark 148M->148M(512M) 3.181ms
[2023-12-18T21:58:18.599+0100][8821.104s] GC(576) User=0.00s Sys=0.00s Real=0.00s
[2023-12-18T21:58:18.599+0100][8821.105s] GC(576) Concurrent Mark 34.627ms
[2023-12-18T21:58:18.599+0100][8821.105s] GC(576) Concurrent Rebuild Remembered Sets
[2023-12-18T21:58:18.614+0100][8821.120s] GC(576) Concurrent Rebuild Remembered Sets 14.976ms
[2023-12-18T21:58:18.614+0100][8821.120s] GC(576) Pause Cleanup
[2023-12-18T21:58:18.614+0100][8821.120s] GC(576) Pause Cleanup 152M->152M(512M) 0.124ms
[2023-12-18T21:58:18.614+0100][8821.120s] GC(576) User=0.00s Sys=0.00s Real=0.00s
[2023-12-18T21:58:18.614+0100][8821.120s] GC(576) Concurrent Cleanup for Next Mark
[2023-12-18T21:58:18.615+0100][8821.121s] GC(576) Concurrent Cleanup for Next Mark 0.735ms
[2023-12-18T21:58:18.615+0100][8821.121s] GC(576) Concurrent Mark Cycle 51.852ms
[2023-12-18T21:58:19.121+0100][8821.627s] GC(577) Pause Young (Prepare Mixed) (G1 Evacuation Pause)
[2023-12-18T21:58:19.121+0100][8821.627s] GC(577) Using 10 workers of 10 for evacuation
[2023-12-18T21:58:19.122+0100][8821.628s] GC(577)   Pre Evacuate Collection Set: 0.1ms
[2023-12-18T21:58:19.122+0100][8821.628s] GC(577)   Merge Heap Roots: 0.1ms
[2023-12-18T21:58:19.122+0100][8821.628s] GC(577)   Evacuate Collection Set: 1.2ms
[2023-12-18T21:58:19.122+0100][8821.628s] GC(577)   Post Evacuate Collection Set: 0.3ms
[2023-12-18T21:58:19.122+0100][8821.628s] GC(577)   Other: 0.1ms
[2023-12-18T21:58:19.122+0100][8821.628s] GC(577) Eden regions: 301->0(19)
[2023-12-18T21:58:19.122+0100][8821.628s] GC(577) Survivor regions: 6->6(39)
[2023-12-18T21:58:19.122+0100][8821.628s] GC(577) Old regions: 130->130
[2023-12-18T21:58:19.122+0100][8821.628s] GC(577) Archive regions: 0->0
[2023-12-18T21:58:19.123+0100][8821.628s] GC(577) Humongous regions: 4->4
[2023-12-18T21:58:19.123+0100][8821.628s] GC(577) Metaspace: 62930K(63616K)->62930K(63616K) NonClass: 55935K(56256K)->55935K(56256K) Class: 6995K(7360K)->6995K(7360K)
[2023-12-18T21:58:19.123+0100][8821.628s] GC(577) Pause Young (Prepare Mixed) (G1 Evacuation Pause) 440M->139M(512M) 1.923ms
[2023-12-18T21:58:19.123+0100][8821.628s] GC(577) User=0.00s Sys=0.00s Real=0.00s
[2023-12-18T21:58:19.165+0100][8821.671s] GC(578) Pause Young (Mixed) (G1 Evacuation Pause)
[2023-12-18T21:58:19.166+0100][8821.671s] GC(578) Using 10 workers of 10 for evacuation
[2023-12-18T21:58:19.168+0100][8821.673s] GC(578)   Pre Evacuate Collection Set: 0.1ms
[2023-12-18T21:58:19.168+0100][8821.674s] GC(578)   Merge Heap Roots: 0.1ms
[2023-12-18T21:58:19.168+0100][8821.674s] GC(578)   Evacuate Collection Set: 1.6ms
[2023-12-18T21:58:19.168+0100][8821.674s] GC(578)   Post Evacuate Collection Set: 0.4ms
[2023-12-18T21:58:19.168+0100][8821.674s] GC(578)   Other: 0.0ms
[2023-12-18T21:58:19.168+0100][8821.674s] GC(578) Eden regions: 19->0(305)
[2023-12-18T21:58:19.168+0100][8821.674s] GC(578) Survivor regions: 6->1(4)
[2023-12-18T21:58:19.168+0100][8821.674s] GC(578) Old regions: 130->132
[2023-12-18T21:58:19.168+0100][8821.674s] GC(578) Archive regions: 0->0
[2023-12-18T21:58:19.168+0100][8821.674s] GC(578) Humongous regions: 4->4
[2023-12-18T21:58:19.168+0100][8821.674s] GC(578) Metaspace: 62930K(63616K)->62930K(63616K) NonClass: 55935K(56256K)->55935K(56256K) Class: 6995K(7360K)->6995K(7360K)
[2023-12-18T21:58:19.168+0100][8821.674s] GC(578) Pause Young (Mixed) (G1 Evacuation Pause) 158M->136M(512M) 2.463ms
[2023-12-18T21:58:19.168+0100][8821.674s] GC(578) User=0.00s Sys=0.00s Real=0.00s
[2023-12-18T21:58:19.746+0100][8822.251s] GC(579) Pause Young (Normal) (G1 Evacuation Pause)
[2023-12-18T21:58:19.746+0100][8822.252s] GC(579) Using 10 workers of 10 for evacuation
[2023-12-18T21:58:19.747+0100][8822.253s] GC(579)   Pre Evacuate Collection Set: 0.1ms
[2023-12-18T21:58:19.747+0100][8822.253s] GC(579)   Merge Heap Roots: 0.1ms
[2023-12-18T21:58:19.747+0100][8822.253s] GC(579)   Evacuate Collection Set: 0.6ms
[2023-12-18T21:58:19.747+0100][8822.253s] GC(579)   Post Evacuate Collection Set: 0.4ms
[2023-12-18T21:58:19.747+0100][8822.253s] GC(579)   Other: 0.1ms
[2023-12-18T21:58:19.747+0100][8822.253s] GC(579) Eden regions: 305->0(304)
[2023-12-18T21:58:19.747+0100][8822.253s] GC(579) Survivor regions: 1->3(39)
[2023-12-18T21:58:19.747+0100][8822.253s] GC(579) Old regions: 132->132
[2023-12-18T21:58:19.747+0100][8822.253s] GC(579) Archive regions: 0->0
[2023-12-18T21:58:19.747+0100][8822.253s] GC(579) Humongous regions: 4->4
[2023-12-18T21:58:19.747+0100][8822.253s] GC(579) Metaspace: 62930K(63616K)->62930K(63616K) NonClass: 55935K(56256K)->55935K(56256K) Class: 6995K(7360K)->6995K(7360K)
[2023-12-18T21:58:19.747+0100][8822.253s] GC(579) Pause Young (Normal) (G1 Evacuation Pause) 441M->138M(512M) 1.443ms
[2023-12-18T21:58:19.747+0100][8822.253s] GC(579) User=0.00s Sys=0.00s Real=0.00s
[2023-12-18T21:58:20.341+0100][8822.846s] GC(580) Pause Young (Normal) (G1 Evacuation Pause)
[2023-12-18T21:58:20.341+0100][8822.846s] GC(580) Using 10 workers of 10 for evacuation
[2023-12-18T21:58:20.342+0100][8822.848s] GC(580)   Pre Evacuate Collection Set: 0.1ms
[2023-12-18T21:58:20.342+0100][8822.848s] GC(580)   Merge Heap Roots: 0.1ms
[2023-12-18T21:58:20.342+0100][8822.848s] GC(580)   Evacuate Collection Set: 1.0ms
[2023-12-18T21:58:20.342+0100][8822.848s] GC(580)   Post Evacuate Collection Set: 0.4ms
[2023-12-18T21:58:20.342+0100][8822.848s] GC(580)   Other: 0.1ms
[2023-12-18T21:58:20.342+0100][8822.848s] GC(580) Eden regions: 304->0(302)
[2023-12-18T21:58:20.342+0100][8822.848s] GC(580) Survivor regions: 3->5(39)
[2023-12-18T21:58:20.342+0100][8822.848s] GC(580) Old regions: 132->132
[2023-12-18T21:58:20.342+0100][8822.848s] GC(580) Archive regions: 0->0
[2023-12-18T21:58:20.342+0100][8822.848s] GC(580) Humongous regions: 4->4
[2023-12-18T21:58:20.342+0100][8822.848s] GC(580) Metaspace: 62930K(63616K)->62930K(63616K) NonClass: 55935K(56256K)->55935K(56256K) Class: 6995K(7360K)->6995K(7360K)
[2023-12-18T21:58:20.342+0100][8822.848s] GC(580) Pause Young (Normal) (G1 Evacuation Pause) 442M->139M(512M) 1.780ms
[2023-12-18T21:58:20.342+0100][8822.848s] GC(580) User=0.00s Sys=0.00s Real=0.00s
[2023-12-18T21:58:20.980+0100][8823.485s] GC(581) Pause Young (Concurrent Start) (G1 Evacuation Pause)
[2023-12-18T21:58:20.980+0100][8823.485s] GC(581) Using 10 workers of 10 for evacuation
[2023-12-18T21:58:20.982+0100][8823.488s] GC(581)   Pre Evacuate Collection Set: 0.1ms
[2023-12-18T21:58:20.982+0100][8823.488s] GC(581)   Merge Heap Roots: 0.1ms
[2023-12-18T21:58:20.982+0100][8823.488s] GC(581)   Evacuate Collection Set: 1.8ms
[2023-12-18T21:58:20.982+0100][8823.488s] GC(581)   Post Evacuate Collection Set: 0.5ms
[2023-12-18T21:58:20.982+0100][8823.488s] GC(581)   Other: 0.1ms
[2023-12-18T21:58:20.982+0100][8823.488s] GC(581) Eden regions: 302->0(300)
[2023-12-18T21:58:20.982+0100][8823.488s] GC(581) Survivor regions: 5->7(39)
[2023-12-18T21:58:20.982+0100][8823.488s] GC(581) Old regions: 132->132
[2023-12-18T21:58:20.982+0100][8823.488s] GC(581) Archive regions: 0->0
[2023-12-18T21:58:20.982+0100][8823.488s] GC(581) Humongous regions: 4->4
[2023-12-18T21:58:20.982+0100][8823.488s] GC(581) Metaspace: 62930K(63616K)->62930K(63616K) NonClass: 55935K(56256K)->55935K(56256K) Class: 6995K(7360K)->6995K(7360K)
[2023-12-18T21:58:20.983+0100][8823.488s] GC(581) Pause Young (Concurrent Start) (G1 Evacuation Pause) 441M->141M(512M) 2.748ms
[2023-12-18T21:58:20.983+0100][8823.488s] GC(582) Concurrent Mark Cycle
[2023-12-18T21:58:20.983+0100][8823.488s] GC(581) User=0.00s Sys=0.00s Real=0.00s
[2023-12-18T21:58:20.983+0100][8823.488s] GC(582) Concurrent Clear Claimed Marks
[2023-12-18T21:58:20.983+0100][8823.488s] GC(582) Concurrent Clear Claimed Marks 0.071ms
[2023-12-18T21:58:20.983+0100][8823.488s] GC(582) Concurrent Scan Root Regions
[2023-12-18T21:58:20.984+0100][8823.489s] GC(582) Concurrent Scan Root Regions 1.097ms
[2023-12-18T21:58:20.984+0100][8823.489s] GC(582) Concurrent Mark
[2023-12-18T21:58:20.984+0100][8823.489s] GC(582) Concurrent Mark From Roots
[2023-12-18T21:58:20.984+0100][8823.489s] GC(582) Using 3 workers of 3 for marking
[2023-12-18T21:58:21.013+0100][8823.519s] GC(582) Concurrent Mark From Roots 29.104ms
[2023-12-18T21:58:21.013+0100][8823.519s] GC(582) Concurrent Preclean
[2023-12-18T21:58:21.013+0100][8823.519s] GC(582) Concurrent Preclean 0.219ms
[2023-12-18T21:58:21.013+0100][8823.519s] GC(582) Pause Remark
[2023-12-18T21:58:21.018+0100][8823.523s] GC(582) Pause Remark 158M->158M(512M) 4.373ms
[2023-12-18T21:58:21.018+0100][8823.523s] GC(582) User=0.16s Sys=0.00s Real=0.00s
[2023-12-18T21:58:21.018+0100][8823.523s] GC(582) Concurrent Mark 33.987ms
[2023-12-18T21:58:21.018+0100][8823.523s] GC(582) Concurrent Rebuild Remembered Sets
[2023-12-18T21:58:21.035+0100][8823.540s] GC(582) Concurrent Rebuild Remembered Sets 16.902ms
[2023-12-18T21:58:21.035+0100][8823.540s] GC(582) Pause Cleanup
[2023-12-18T21:58:21.035+0100][8823.541s] GC(582) Pause Cleanup 161M->161M(512M) 0.149ms
[2023-12-18T21:58:21.035+0100][8823.541s] GC(582) User=0.00s Sys=0.00s Real=0.00s
[2023-12-18T21:58:21.035+0100][8823.541s] GC(582) Concurrent Cleanup for Next Mark
[2023-12-18T21:58:21.036+0100][8823.541s] GC(582) Concurrent Cleanup for Next Mark 0.723ms
[2023-12-18T21:58:21.036+0100][8823.541s] GC(582) Concurrent Mark Cycle 53.209ms
[2023-12-18T21:58:21.601+0100][8824.107s] GC(583) Pause Young (Prepare Mixed) (G1 Evacuation Pause)
[2023-12-18T21:58:21.601+0100][8824.107s] GC(583) Using 10 workers of 10 for evacuation
[2023-12-18T21:58:21.603+0100][8824.108s] GC(583)   Pre Evacuate Collection Set: 0.1ms
[2023-12-18T21:58:21.603+0100][8824.108s] GC(583)   Merge Heap Roots: 0.1ms
[2023-12-18T21:58:21.603+0100][8824.108s] GC(583)   Evacuate Collection Set: 0.9ms
[2023-12-18T21:58:21.603+0100][8824.108s] GC(583)   Post Evacuate Collection Set: 0.4ms
[2023-12-18T21:58:21.603+0100][8824.108s] GC(583)   Other: 0.1ms
[2023-12-18T21:58:21.603+0100][8824.108s] GC(583) Eden regions: 300->0(20)
[2023-12-18T21:58:21.603+0100][8824.108s] GC(583) Survivor regions: 7->5(39)
[2023-12-18T21:58:21.603+0100][8824.108s] GC(583) Old regions: 132->132
[2023-12-18T21:58:21.603+0100][8824.108s] GC(583) Archive regions: 0->0
[2023-12-18T21:58:21.603+0100][8824.108s] GC(583) Humongous regions: 4->4
[2023-12-18T21:58:21.603+0100][8824.108s] GC(583) Metaspace: 62930K(63616K)->62930K(63616K) NonClass: 55935K(56256K)->55935K(56256K) Class: 6995K(7360K)->6995K(7360K)
[2023-12-18T21:58:21.603+0100][8824.108s] GC(583) Pause Young (Prepare Mixed) (G1 Evacuation Pause) 441M->139M(512M) 1.721ms
[2023-12-18T21:58:21.603+0100][8824.108s] GC(583) User=0.00s Sys=0.00s Real=0.00s
[2023-12-18T21:58:21.647+0100][8824.153s] GC(584) Pause Young (Mixed) (G1 Evacuation Pause)
[2023-12-18T21:58:21.647+0100][8824.153s] GC(584) Using 10 workers of 10 for evacuation
[2023-12-18T21:58:21.649+0100][8824.155s] GC(584)   Pre Evacuate Collection Set: 0.1ms
[2023-12-18T21:58:21.649+0100][8824.155s] GC(584)   Merge Heap Roots: 0.1ms
[2023-12-18T21:58:21.649+0100][8824.155s] GC(584)   Evacuate Collection Set: 1.1ms
[2023-12-18T21:58:21.649+0100][8824.155s] GC(584)   Post Evacuate Collection Set: 0.3ms
[2023-12-18T21:58:21.649+0100][8824.155s] GC(584)   Other: 0.1ms
[2023-12-18T21:58:21.649+0100][8824.155s] GC(584) Eden regions: 20->0(306)
[2023-12-18T21:58:21.649+0100][8824.155s] GC(584) Survivor regions: 5->1(4)
[2023-12-18T21:58:21.649+0100][8824.155s] GC(584) Old regions: 132->132
[2023-12-18T21:58:21.649+0100][8824.155s] GC(584) Archive regions: 0->0
[2023-12-18T21:58:21.649+0100][8824.155s] GC(584) Humongous regions: 4->4
[2023-12-18T21:58:21.649+0100][8824.155s] GC(584) Metaspace: 62930K(63616K)->62930K(63616K) NonClass: 55935K(56256K)->55935K(56256K) Class: 6995K(7360K)->6995K(7360K)
[2023-12-18T21:58:21.649+0100][8824.155s] GC(584) Pause Young (Mixed) (G1 Evacuation Pause) 159M->136M(512M) 1.687ms
[2023-12-18T21:58:21.649+0100][8824.155s] GC(584) User=0.00s Sys=0.00s Real=0.00s
[2023-12-18T21:58:22.209+0100][8824.715s] GC(585) Pause Young (Normal) (G1 Evacuation Pause)
[2023-12-18T21:58:22.209+0100][8824.715s] GC(585) Using 10 workers of 10 for evacuation
[2023-12-18T21:58:22.210+0100][8824.716s] GC(585)   Pre Evacuate Collection Set: 0.1ms
[2023-12-18T21:58:22.210+0100][8824.716s] GC(585)   Merge Heap Roots: 0.1ms
[2023-12-18T21:58:22.210+0100][8824.716s] GC(585)   Evacuate Collection Set: 0.8ms
[2023-12-18T21:58:22.210+0100][8824.716s] GC(585)   Post Evacuate Collection Set: 0.3ms
[2023-12-18T21:58:22.210+0100][8824.716s] GC(585)   Other: 0.1ms
[2023-12-18T21:58:22.210+0100][8824.716s] GC(585) Eden regions: 306->0(304)
[2023-12-18T21:58:22.210+0100][8824.716s] GC(585) Survivor regions: 1->3(39)
[2023-12-18T21:58:22.210+0100][8824.716s] GC(585) Old regions: 132->132
[2023-12-18T21:58:22.210+0100][8824.716s] GC(585) Archive regions: 0->0
[2023-12-18T21:58:22.210+0100][8824.716s] GC(585) Humongous regions: 4->4
[2023-12-18T21:58:22.210+0100][8824.716s] GC(585) Metaspace: 62930K(63616K)->62930K(63616K) NonClass: 55935K(56256K)->55935K(56256K) Class: 6995K(7360K)->6995K(7360K)
[2023-12-18T21:58:22.210+0100][8824.716s] GC(585) Pause Young (Normal) (G1 Evacuation Pause) 442M->138M(512M) 1.505ms
[2023-12-18T21:58:22.210+0100][8824.716s] GC(585) User=0.00s Sys=0.00s Real=0.00s
[2023-12-18T21:58:22.745+0100][8825.251s] GC(586) Pause Young (Normal) (G1 Evacuation Pause)
[2023-12-18T21:58:22.745+0100][8825.251s] GC(586) Using 10 workers of 10 for evacuation
[2023-12-18T21:58:22.747+0100][8825.252s] GC(586)   Pre Evacuate Collection Set: 0.1ms
[2023-12-18T21:58:22.747+0100][8825.252s] GC(586)   Merge Heap Roots: 0.1ms
[2023-12-18T21:58:22.747+0100][8825.252s] GC(586)   Evacuate Collection Set: 1.1ms
[2023-12-18T21:58:22.747+0100][8825.252s] GC(586)   Post Evacuate Collection Set: 0.4ms
[2023-12-18T21:58:22.747+0100][8825.252s] GC(586)   Other: 0.1ms
[2023-12-18T21:58:22.747+0100][8825.253s] GC(586) Eden regions: 304->0(302)
[2023-12-18T21:58:22.747+0100][8825.253s] GC(586) Survivor regions: 3->5(39)
[2023-12-18T21:58:22.747+0100][8825.253s] GC(586) Old regions: 132->132
[2023-12-18T21:58:22.747+0100][8825.253s] GC(586) Archive regions: 0->0
[2023-12-18T21:58:22.747+0100][8825.253s] GC(586) Humongous regions: 4->4
[2023-12-18T21:58:22.747+0100][8825.253s] GC(586) Metaspace: 62934K(63616K)->62934K(63616K) NonClass: 55938K(56256K)->55938K(56256K) Class: 6995K(7360K)->6995K(7360K)
[2023-12-18T21:58:22.747+0100][8825.253s] GC(586) Pause Young (Normal) (G1 Evacuation Pause) 442M->139M(512M) 1.842ms
[2023-12-18T21:58:22.747+0100][8825.253s] GC(586) User=0.00s Sys=0.00s Real=0.00s
[2023-12-18T21:58:23.333+0100][8825.838s] GC(587) Pause Young (Concurrent Start) (G1 Evacuation Pause)
[2023-12-18T21:58:23.333+0100][8825.838s] GC(587) Using 10 workers of 10 for evacuation
[2023-12-18T21:58:23.335+0100][8825.841s] GC(587)   Pre Evacuate Collection Set: 0.4ms
[2023-12-18T21:58:23.335+0100][8825.841s] GC(587)   Merge Heap Roots: 0.1ms
[2023-12-18T21:58:23.335+0100][8825.841s] GC(587)   Evacuate Collection Set: 1.5ms
[2023-12-18T21:58:23.335+0100][8825.841s] GC(587)   Post Evacuate Collection Set: 0.4ms
[2023-12-18T21:58:23.335+0100][8825.841s] GC(587)   Other: 0.0ms
[2023-12-18T21:58:23.335+0100][8825.841s] GC(587) Eden regions: 302->0(302)
[2023-12-18T21:58:23.335+0100][8825.841s] GC(587) Survivor regions: 5->5(39)
[2023-12-18T21:58:23.335+0100][8825.841s] GC(587) Old regions: 132->132
[2023-12-18T21:58:23.335+0100][8825.841s] GC(587) Archive regions: 0->0
[2023-12-18T21:58:23.335+0100][8825.841s] GC(587) Humongous regions: 4->4
[2023-12-18T21:58:23.335+0100][8825.841s] GC(587) Metaspace: 62934K(63616K)->62934K(63616K) NonClass: 55938K(56256K)->55938K(56256K) Class: 6995K(7360K)->6995K(7360K)
[2023-12-18T21:58:23.335+0100][8825.841s] GC(587) Pause Young (Concurrent Start) (G1 Evacuation Pause) 441M->139M(512M) 2.621ms
[2023-12-18T21:58:23.335+0100][8825.841s] GC(588) Concurrent Mark Cycle
[2023-12-18T21:58:23.335+0100][8825.841s] GC(587) User=0.00s Sys=0.00s Real=0.00s
[2023-12-18T21:58:23.336+0100][8825.841s] GC(588) Concurrent Clear Claimed Marks
[2023-12-18T21:58:23.336+0100][8825.841s] GC(588) Concurrent Clear Claimed Marks 0.052ms
[2023-12-18T21:58:23.336+0100][8825.841s] GC(588) Concurrent Scan Root Regions
[2023-12-18T21:58:23.336+0100][8825.842s] GC(588) Concurrent Scan Root Regions 0.716ms
[2023-12-18T21:58:23.336+0100][8825.842s] GC(588) Concurrent Mark
[2023-12-18T21:58:23.336+0100][8825.842s] GC(588) Concurrent Mark From Roots
[2023-12-18T21:58:23.336+0100][8825.842s] GC(588) Using 3 workers of 3 for marking
[2023-12-18T21:58:23.365+0100][8825.870s] GC(588) Concurrent Mark From Roots 28.662ms
[2023-12-18T21:58:23.365+0100][8825.870s] GC(588) Concurrent Preclean
[2023-12-18T21:58:23.365+0100][8825.871s] GC(588) Concurrent Preclean 0.202ms
[2023-12-18T21:58:23.365+0100][8825.871s] GC(588) Pause Remark
[2023-12-18T21:58:23.369+0100][8825.875s] GC(588) Pause Remark 154M->154M(512M) 3.854ms
[2023-12-18T21:58:23.369+0100][8825.875s] GC(588) User=0.00s Sys=0.00s Real=0.00s
[2023-12-18T21:58:23.369+0100][8825.875s] GC(588) Concurrent Mark 32.940ms
[2023-12-18T21:58:23.369+0100][8825.875s] GC(588) Concurrent Rebuild Remembered Sets
[2023-12-18T21:58:23.385+0100][8825.890s] GC(588) Concurrent Rebuild Remembered Sets 15.664ms
[2023-12-18T21:58:23.385+0100][8825.890s] GC(588) Pause Cleanup
[2023-12-18T21:58:23.385+0100][8825.891s] GC(588) Pause Cleanup 157M->157M(512M) 0.120ms
[2023-12-18T21:58:23.385+0100][8825.891s] GC(588) User=0.00s Sys=0.00s Real=0.00s
[2023-12-18T21:58:23.385+0100][8825.891s] GC(588) Concurrent Cleanup for Next Mark
[2023-12-18T21:58:23.386+0100][8825.891s] GC(588) Concurrent Cleanup for Next Mark 0.673ms
[2023-12-18T21:58:23.386+0100][8825.891s] GC(588) Concurrent Mark Cycle 50.582ms
[2023-12-18T22:15:07.558+0100][9830.064s] GC(589) Pause Young (Prepare Mixed) (G1 Evacuation Pause)
[2023-12-18T22:15:07.558+0100][9830.064s] GC(589) Using 10 workers of 10 for evacuation
[2023-12-18T22:15:07.561+0100][9830.066s] GC(589)   Pre Evacuate Collection Set: 0.1ms
[2023-12-18T22:15:07.561+0100][9830.066s] GC(589)   Merge Heap Roots: 0.1ms
[2023-12-18T22:15:07.561+0100][9830.066s] GC(589)   Evacuate Collection Set: 1.5ms
[2023-12-18T22:15:07.561+0100][9830.066s] GC(589)   Post Evacuate Collection Set: 0.5ms
[2023-12-18T22:15:07.561+0100][9830.066s] GC(589)   Other: 0.1ms
[2023-12-18T22:15:07.561+0100][9830.066s] GC(589) Eden regions: 302->0(20)
[2023-12-18T22:15:07.561+0100][9830.067s] GC(589) Survivor regions: 5->5(39)
[2023-12-18T22:15:07.561+0100][9830.067s] GC(589) Old regions: 132->132
[2023-12-18T22:15:07.561+0100][9830.067s] GC(589) Archive regions: 0->0
[2023-12-18T22:15:07.561+0100][9830.067s] GC(589) Humongous regions: 4->4
[2023-12-18T22:15:07.561+0100][9830.067s] GC(589) Metaspace: 62996K(63680K)->62996K(63680K) NonClass: 55996K(56320K)->55996K(56320K) Class: 7000K(7360K)->7000K(7360K)
[2023-12-18T22:15:07.561+0100][9830.067s] GC(589) Pause Young (Prepare Mixed) (G1 Evacuation Pause) 441M->139M(512M) 2.652ms
[2023-12-18T22:15:07.561+0100][9830.067s] GC(589) User=0.00s Sys=0.00s Real=0.00s
[2023-12-18T22:15:07.624+0100][9830.130s] GC(590) Pause Young (Mixed) (G1 Evacuation Pause)
[2023-12-18T22:15:07.624+0100][9830.130s] GC(590) Using 10 workers of 10 for evacuation
[2023-12-18T22:15:07.626+0100][9830.132s] GC(590)   Pre Evacuate Collection Set: 0.1ms
[2023-12-18T22:15:07.626+0100][9830.132s] GC(590)   Merge Heap Roots: 0.1ms
[2023-12-18T22:15:07.626+0100][9830.132s] GC(590)   Evacuate Collection Set: 1.2ms
[2023-12-18T22:15:07.626+0100][9830.132s] GC(590)   Post Evacuate Collection Set: 0.5ms
[2023-12-18T22:15:07.626+0100][9830.132s] GC(590)   Other: 0.1ms
[2023-12-18T22:15:07.626+0100][9830.132s] GC(590) Eden regions: 20->0(304)
[2023-12-18T22:15:07.626+0100][9830.132s] GC(590) Survivor regions: 5->3(4)
[2023-12-18T22:15:07.626+0100][9830.132s] GC(590) Old regions: 132->131
[2023-12-18T22:15:07.626+0100][9830.132s] GC(590) Archive regions: 0->0
[2023-12-18T22:15:07.626+0100][9830.132s] GC(590) Humongous regions: 4->4
[2023-12-18T22:15:07.626+0100][9830.132s] GC(590) Metaspace: 62996K(63680K)->62996K(63680K) NonClass: 55996K(56320K)->55996K(56320K) Class: 7000K(7360K)->7000K(7360K)
[2023-12-18T22:15:07.626+0100][9830.132s] GC(590) Pause Young (Mixed) (G1 Evacuation Pause) 159M->136M(512M) 2.261ms
[2023-12-18T22:15:07.626+0100][9830.132s] GC(590) User=0.16s Sys=0.00s Real=0.00s
[2023-12-18T22:15:08.508+0100][9831.013s] GC(591) Pause Young (Normal) (G1 Evacuation Pause)
[2023-12-18T22:15:08.508+0100][9831.013s] GC(591) Using 10 workers of 10 for evacuation
[2023-12-18T22:15:08.509+0100][9831.014s] GC(591)   Pre Evacuate Collection Set: 0.1ms
[2023-12-18T22:15:08.509+0100][9831.014s] GC(591)   Merge Heap Roots: 0.1ms
[2023-12-18T22:15:08.509+0100][9831.014s] GC(591)   Evacuate Collection Set: 0.6ms
[2023-12-18T22:15:08.509+0100][9831.014s] GC(591)   Post Evacuate Collection Set: 0.4ms
[2023-12-18T22:15:08.509+0100][9831.014s] GC(591)   Other: 0.1ms
[2023-12-18T22:15:08.509+0100][9831.014s] GC(591) Eden regions: 304->0(303)
[2023-12-18T22:15:08.509+0100][9831.014s] GC(591) Survivor regions: 3->4(39)
[2023-12-18T22:15:08.509+0100][9831.014s] GC(591) Old regions: 131->131
[2023-12-18T22:15:08.509+0100][9831.014s] GC(591) Archive regions: 0->0
[2023-12-18T22:15:08.509+0100][9831.014s] GC(591) Humongous regions: 4->4
[2023-12-18T22:15:08.509+0100][9831.014s] GC(591) Metaspace: 62996K(63680K)->62996K(63680K) NonClass: 55996K(56320K)->55996K(56320K) Class: 7000K(7360K)->7000K(7360K)
[2023-12-18T22:15:08.509+0100][9831.015s] GC(591) Pause Young (Normal) (G1 Evacuation Pause) 440M->137M(512M) 1.351ms
[2023-12-18T22:15:08.509+0100][9831.015s] GC(591) User=0.00s Sys=0.00s Real=0.00s
[2023-12-18T22:15:09.378+0100][9831.883s] GC(592) Pause Young (Normal) (G1 Evacuation Pause)
[2023-12-18T22:15:09.378+0100][9831.883s] GC(592) Using 10 workers of 10 for evacuation
[2023-12-18T22:15:09.379+0100][9831.885s] GC(592)   Pre Evacuate Collection Set: 0.0ms
[2023-12-18T22:15:09.379+0100][9831.885s] GC(592)   Merge Heap Roots: 0.1ms
[2023-12-18T22:15:09.379+0100][9831.885s] GC(592)   Evacuate Collection Set: 0.7ms
[2023-12-18T22:15:09.379+0100][9831.885s] GC(592)   Post Evacuate Collection Set: 0.3ms
[2023-12-18T22:15:09.379+0100][9831.885s] GC(592)   Other: 0.1ms
[2023-12-18T22:15:09.379+0100][9831.885s] GC(592) Eden regions: 303->0(302)
[2023-12-18T22:15:09.379+0100][9831.885s] GC(592) Survivor regions: 4->5(39)
[2023-12-18T22:15:09.379+0100][9831.885s] GC(592) Old regions: 131->131
[2023-12-18T22:15:09.379+0100][9831.885s] GC(592) Archive regions: 0->0
[2023-12-18T22:15:09.379+0100][9831.885s] GC(592) Humongous regions: 4->4
[2023-12-18T22:15:09.379+0100][9831.885s] GC(592) Metaspace: 62996K(63680K)->62996K(63680K) NonClass: 55996K(56320K)->55996K(56320K) Class: 7000K(7360K)->7000K(7360K)
[2023-12-18T22:15:09.379+0100][9831.885s] GC(592) Pause Young (Normal) (G1 Evacuation Pause) 440M->139M(512M) 1.376ms
[2023-12-18T22:15:09.379+0100][9831.885s] GC(592) User=0.00s Sys=0.00s Real=0.00s
[2023-12-18T22:15:10.219+0100][9832.725s] GC(593) Pause Young (Concurrent Start) (G1 Evacuation Pause)
[2023-12-18T22:15:10.219+0100][9832.725s] GC(593) Using 10 workers of 10 for evacuation
[2023-12-18T22:15:10.221+0100][9832.727s] GC(593)   Pre Evacuate Collection Set: 0.1ms
[2023-12-18T22:15:10.221+0100][9832.727s] GC(593)   Merge Heap Roots: 0.0ms
[2023-12-18T22:15:10.221+0100][9832.727s] GC(593)   Evacuate Collection Set: 1.0ms
[2023-12-18T22:15:10.221+0100][9832.727s] GC(593)   Post Evacuate Collection Set: 0.3ms
[2023-12-18T22:15:10.221+0100][9832.727s] GC(593)   Other: 0.0ms
[2023-12-18T22:15:10.221+0100][9832.727s] GC(593) Eden regions: 302->0(301)
[2023-12-18T22:15:10.221+0100][9832.727s] GC(593) Survivor regions: 5->6(39)
[2023-12-18T22:15:10.221+0100][9832.727s] GC(593) Old regions: 131->131
[2023-12-18T22:15:10.221+0100][9832.727s] GC(593) Archive regions: 0->0
[2023-12-18T22:15:10.221+0100][9832.727s] GC(593) Humongous regions: 4->4
[2023-12-18T22:15:10.221+0100][9832.727s] GC(593) Metaspace: 62996K(63680K)->62996K(63680K) NonClass: 55996K(56320K)->55996K(56320K) Class: 7000K(7360K)->7000K(7360K)
[2023-12-18T22:15:10.221+0100][9832.727s] GC(593) Pause Young (Concurrent Start) (G1 Evacuation Pause) 441M->140M(512M) 1.720ms
[2023-12-18T22:15:10.221+0100][9832.727s] GC(593) User=0.00s Sys=0.00s Real=0.00s
[2023-12-18T22:15:10.221+0100][9832.727s] GC(594) Concurrent Mark Cycle
[2023-12-18T22:15:10.221+0100][9832.727s] GC(594) Concurrent Clear Claimed Marks
[2023-12-18T22:15:10.221+0100][9832.727s] GC(594) Concurrent Clear Claimed Marks 0.030ms
[2023-12-18T22:15:10.221+0100][9832.727s] GC(594) Concurrent Scan Root Regions
[2023-12-18T22:15:10.222+0100][9832.728s] GC(594) Concurrent Scan Root Regions 0.650ms
[2023-12-18T22:15:10.222+0100][9832.728s] GC(594) Concurrent Mark
[2023-12-18T22:15:10.222+0100][9832.728s] GC(594) Concurrent Mark From Roots
[2023-12-18T22:15:10.222+0100][9832.728s] GC(594) Using 3 workers of 3 for marking
[2023-12-18T22:15:10.242+0100][9832.748s] GC(594) Concurrent Mark From Roots 20.318ms
[2023-12-18T22:15:10.242+0100][9832.748s] GC(594) Concurrent Preclean
[2023-12-18T22:15:10.243+0100][9832.748s] GC(594) Concurrent Preclean 0.271ms
[2023-12-18T22:15:10.243+0100][9832.748s] GC(594) Pause Remark
[2023-12-18T22:15:10.250+0100][9832.755s] GC(594) Pause Remark 149M->149M(512M) 6.900ms
[2023-12-18T22:15:10.250+0100][9832.755s] GC(594) User=0.00s Sys=0.00s Real=0.01s
[2023-12-18T22:15:10.250+0100][9832.755s] GC(594) Concurrent Mark 27.801ms
[2023-12-18T22:15:10.250+0100][9832.755s] GC(594) Concurrent Rebuild Remembered Sets
[2023-12-18T22:15:10.265+0100][9832.771s] GC(594) Concurrent Rebuild Remembered Sets 15.613ms
[2023-12-18T22:15:10.266+0100][9832.771s] GC(594) Pause Cleanup
[2023-12-18T22:15:10.266+0100][9832.771s] GC(594) Pause Cleanup 153M->153M(512M) 0.162ms
[2023-12-18T22:15:10.266+0100][9832.771s] GC(594) User=0.00s Sys=0.00s Real=0.00s
[2023-12-18T22:15:10.266+0100][9832.771s] GC(594) Concurrent Cleanup for Next Mark
[2023-12-18T22:15:10.266+0100][9832.772s] GC(594) Concurrent Cleanup for Next Mark 0.702ms
[2023-12-18T22:15:10.266+0100][9832.772s] GC(594) Concurrent Mark Cycle 45.252ms
[2023-12-18T22:15:11.082+0100][9833.587s] GC(595) Pause Young (Prepare Mixed) (G1 Evacuation Pause)
[2023-12-18T22:15:11.082+0100][9833.587s] GC(595) Using 10 workers of 10 for evacuation
[2023-12-18T22:15:11.084+0100][9833.589s] GC(595)   Pre Evacuate Collection Set: 0.1ms
[2023-12-18T22:15:11.084+0100][9833.589s] GC(595)   Merge Heap Roots: 0.1ms
[2023-12-18T22:15:11.084+0100][9833.589s] GC(595)   Evacuate Collection Set: 1.1ms
[2023-12-18T22:15:11.084+0100][9833.589s] GC(595)   Post Evacuate Collection Set: 0.4ms
[2023-12-18T22:15:11.084+0100][9833.589s] GC(595)   Other: 0.1ms
[2023-12-18T22:15:11.084+0100][9833.589s] GC(595) Eden regions: 301->0(18)
[2023-12-18T22:15:11.084+0100][9833.589s] GC(595) Survivor regions: 6->7(39)
[2023-12-18T22:15:11.084+0100][9833.589s] GC(595) Old regions: 131->131
[2023-12-18T22:15:11.084+0100][9833.589s] GC(595) Archive regions: 0->0
[2023-12-18T22:15:11.084+0100][9833.589s] GC(595) Humongous regions: 4->4
[2023-12-18T22:15:11.084+0100][9833.589s] GC(595) Metaspace: 62985K(63680K)->62985K(63680K) NonClass: 55988K(56320K)->55988K(56320K) Class: 6997K(7360K)->6997K(7360K)
[2023-12-18T22:15:11.084+0100][9833.589s] GC(595) Pause Young (Prepare Mixed) (G1 Evacuation Pause) 441M->141M(512M) 1.908ms
[2023-12-18T22:15:11.084+0100][9833.589s] GC(595) User=0.00s Sys=0.00s Real=0.00s
[2023-12-18T22:15:11.115+0100][9833.620s] GC(596) Pause Young (Mixed) (G1 Evacuation Pause)
[2023-12-18T22:15:11.115+0100][9833.620s] GC(596) Using 10 workers of 10 for evacuation
[2023-12-18T22:15:11.117+0100][9833.622s] GC(596)   Pre Evacuate Collection Set: 0.1ms
[2023-12-18T22:15:11.117+0100][9833.622s] GC(596)   Merge Heap Roots: 0.1ms
[2023-12-18T22:15:11.117+0100][9833.622s] GC(596)   Evacuate Collection Set: 1.2ms
[2023-12-18T22:15:11.117+0100][9833.622s] GC(596)   Post Evacuate Collection Set: 0.3ms
[2023-12-18T22:15:11.117+0100][9833.622s] GC(596)   Other: 0.1ms
[2023-12-18T22:15:11.117+0100][9833.622s] GC(596) Eden regions: 18->0(24)
[2023-12-18T22:15:11.117+0100][9833.622s] GC(596) Survivor regions: 7->1(4)
[2023-12-18T22:15:11.117+0100][9833.622s] GC(596) Old regions: 131->85
[2023-12-18T22:15:11.117+0100][9833.622s] GC(596) Archive regions: 0->0
[2023-12-18T22:15:11.117+0100][9833.622s] GC(596) Humongous regions: 4->4
[2023-12-18T22:15:11.117+0100][9833.622s] GC(596) Metaspace: 62985K(63680K)->62985K(63680K) NonClass: 55988K(56320K)->55988K(56320K) Class: 6997K(7360K)->6997K(7360K)
[2023-12-18T22:15:11.117+0100][9833.622s] GC(596) Pause Young (Mixed) (G1 Evacuation Pause) 159M->89M(512M) 1.898ms
[2023-12-18T22:15:11.117+0100][9833.622s] GC(596) User=0.00s Sys=0.00s Real=0.00s
[2023-12-18T22:15:11.197+0100][9833.704s] GC(597) Pause Young (Mixed) (G1 Evacuation Pause)
[2023-12-18T22:15:11.197+0100][9833.704s] GC(597) Using 10 workers of 10 for evacuation
[2023-12-18T22:15:11.198+0100][9833.705s] GC(597)   Pre Evacuate Collection Set: 0.0ms
[2023-12-18T22:15:11.198+0100][9833.705s] GC(597)   Merge Heap Roots: 0.0ms
[2023-12-18T22:15:11.198+0100][9833.705s] GC(597)   Evacuate Collection Set: 0.7ms
[2023-12-18T22:15:11.198+0100][9833.705s] GC(597)   Post Evacuate Collection Set: 0.2ms
[2023-12-18T22:15:11.199+0100][9833.705s] GC(597)   Other: 0.0ms
[2023-12-18T22:15:11.199+0100][9833.705s] GC(597) Eden regions: 24->0(306)
[2023-12-18T22:15:11.199+0100][9833.705s] GC(597) Survivor regions: 1->1(4)
[2023-12-18T22:15:11.199+0100][9833.705s] GC(597) Old regions: 85->73
[2023-12-18T22:15:11.199+0100][9833.705s] GC(597) Archive regions: 0->0
[2023-12-18T22:15:11.199+0100][9833.705s] GC(597) Humongous regions: 4->4
[2023-12-18T22:15:11.199+0100][9833.705s] GC(597) Metaspace: 62985K(63680K)->62985K(63680K) NonClass: 55988K(56320K)->55988K(56320K) Class: 6997K(7360K)->6997K(7360K)
[2023-12-18T22:15:11.199+0100][9833.705s] GC(597) Pause Young (Mixed) (G1 Evacuation Pause) 113M->76M(512M) 1.128ms
[2023-12-18T22:15:11.199+0100][9833.705s] GC(597) User=0.00s Sys=0.00s Real=0.00s
[2023-12-18T22:15:12.045+0100][9834.552s] GC(598) Pause Young (Normal) (G1 Evacuation Pause)
[2023-12-18T22:15:12.046+0100][9834.552s] GC(598) Using 10 workers of 10 for evacuation
[2023-12-18T22:15:12.047+0100][9834.553s] GC(598)   Pre Evacuate Collection Set: 0.1ms
[2023-12-18T22:15:12.047+0100][9834.553s] GC(598)   Merge Heap Roots: 0.1ms
[2023-12-18T22:15:12.047+0100][9834.553s] GC(598)   Evacuate Collection Set: 0.4ms
[2023-12-18T22:15:12.047+0100][9834.553s] GC(598)   Post Evacuate Collection Set: 0.5ms
[2023-12-18T22:15:12.047+0100][9834.553s] GC(598)   Other: 0.1ms
[2023-12-18T22:15:12.047+0100][9834.553s] GC(598) Eden regions: 306->0(304)
[2023-12-18T22:15:12.047+0100][9834.553s] GC(598) Survivor regions: 1->3(39)
[2023-12-18T22:15:12.047+0100][9834.553s] GC(598) Old regions: 73->73
[2023-12-18T22:15:12.047+0100][9834.553s] GC(598) Archive regions: 0->0
[2023-12-18T22:15:12.047+0100][9834.553s] GC(598) Humongous regions: 4->4
[2023-12-18T22:15:12.047+0100][9834.553s] GC(598) Metaspace: 62985K(63680K)->62985K(63680K) NonClass: 55988K(56320K)->55988K(56320K) Class: 6997K(7360K)->6997K(7360K)
[2023-12-18T22:15:12.047+0100][9834.553s] GC(598) Pause Young (Normal) (G1 Evacuation Pause) 382M->78M(512M) 1.345ms
[2023-12-18T22:15:12.047+0100][9834.553s] GC(598) User=0.09s Sys=0.00s Real=0.00s
[2023-12-18T22:15:12.875+0100][9835.380s] GC(599) Pause Young (Normal) (G1 Evacuation Pause)
[2023-12-18T22:15:12.875+0100][9835.380s] GC(599) Using 10 workers of 10 for evacuation
[2023-12-18T22:15:12.876+0100][9835.381s] GC(599)   Pre Evacuate Collection Set: 0.1ms
[2023-12-18T22:15:12.876+0100][9835.381s] GC(599)   Merge Heap Roots: 0.1ms
[2023-12-18T22:15:12.876+0100][9835.381s] GC(599)   Evacuate Collection Set: 0.5ms
[2023-12-18T22:15:12.876+0100][9835.381s] GC(599)   Post Evacuate Collection Set: 0.4ms
[2023-12-18T22:15:12.876+0100][9835.381s] GC(599)   Other: 0.0ms
[2023-12-18T22:15:12.876+0100][9835.381s] GC(599) Eden regions: 304->0(303)
[2023-12-18T22:15:12.876+0100][9835.381s] GC(599) Survivor regions: 3->4(39)
[2023-12-18T22:15:12.876+0100][9835.381s] GC(599) Old regions: 73->73
[2023-12-18T22:15:12.876+0100][9835.381s] GC(599) Archive regions: 0->0
[2023-12-18T22:15:12.876+0100][9835.381s] GC(599) Humongous regions: 4->4
[2023-12-18T22:15:12.876+0100][9835.381s] GC(599) Metaspace: 62985K(63680K)->62985K(63680K) NonClass: 55988K(56320K)->55988K(56320K) Class: 6997K(7360K)->6997K(7360K)
[2023-12-18T22:15:12.876+0100][9835.381s] GC(599) Pause Young (Normal) (G1 Evacuation Pause) 382M->79M(512M) 1.293ms
[2023-12-18T22:15:12.876+0100][9835.381s] GC(599) User=0.03s Sys=0.00s Real=0.00s
[2023-12-18T22:15:13.684+0100][9836.190s] GC(600) Pause Young (Normal) (G1 Evacuation Pause)
[2023-12-18T22:15:13.684+0100][9836.190s] GC(600) Using 10 workers of 10 for evacuation
[2023-12-18T22:15:13.685+0100][9836.191s] GC(600)   Pre Evacuate Collection Set: 0.0ms
[2023-12-18T22:15:13.685+0100][9836.191s] GC(600)   Merge Heap Roots: 0.0ms
[2023-12-18T22:15:13.685+0100][9836.191s] GC(600)   Evacuate Collection Set: 0.7ms
[2023-12-18T22:15:13.685+0100][9836.191s] GC(600)   Post Evacuate Collection Set: 0.3ms
[2023-12-18T22:15:13.685+0100][9836.191s] GC(600)   Other: 0.1ms
[2023-12-18T22:15:13.685+0100][9836.191s] GC(600) Eden regions: 303->0(302)
[2023-12-18T22:15:13.685+0100][9836.191s] GC(600) Survivor regions: 4->5(39)
[2023-12-18T22:15:13.685+0100][9836.191s] GC(600) Old regions: 73->73
[2023-12-18T22:15:13.685+0100][9836.191s] GC(600) Archive regions: 0->0
[2023-12-18T22:15:13.685+0100][9836.191s] GC(600) Humongous regions: 4->4
[2023-12-18T22:15:13.685+0100][9836.191s] GC(600) Metaspace: 62985K(63680K)->62985K(63680K) NonClass: 55988K(56320K)->55988K(56320K) Class: 6997K(7360K)->6997K(7360K)
[2023-12-18T22:15:13.685+0100][9836.191s] GC(600) Pause Young (Normal) (G1 Evacuation Pause) 382M->80M(512M) 1.300ms
[2023-12-18T22:15:13.685+0100][9836.191s] GC(600) User=0.00s Sys=0.00s Real=0.00s
[2023-12-18T22:15:14.465+0100][9836.971s] GC(601) Pause Young (Normal) (G1 Evacuation Pause)
[2023-12-18T22:15:14.465+0100][9836.971s] GC(601) Using 10 workers of 10 for evacuation
[2023-12-18T22:15:14.467+0100][9836.973s] GC(601)   Pre Evacuate Collection Set: 0.1ms
[2023-12-18T22:15:14.467+0100][9836.973s] GC(601)   Merge Heap Roots: 0.1ms
[2023-12-18T22:15:14.467+0100][9836.973s] GC(601)   Evacuate Collection Set: 0.9ms
[2023-12-18T22:15:14.467+0100][9836.973s] GC(601)   Post Evacuate Collection Set: 0.6ms
[2023-12-18T22:15:14.467+0100][9836.973s] GC(601)   Other: 0.1ms
[2023-12-18T22:15:14.467+0100][9836.973s] GC(601) Eden regions: 302->0(301)
[2023-12-18T22:15:14.467+0100][9836.973s] GC(601) Survivor regions: 5->6(39)
[2023-12-18T22:15:14.467+0100][9836.973s] GC(601) Old regions: 73->73
[2023-12-18T22:15:14.467+0100][9836.973s] GC(601) Archive regions: 0->0
[2023-12-18T22:15:14.467+0100][9836.973s] GC(601) Humongous regions: 4->4
[2023-12-18T22:15:14.467+0100][9836.973s] GC(601) Metaspace: 62985K(63680K)->62985K(63680K) NonClass: 55988K(56320K)->55988K(56320K) Class: 6997K(7360K)->6997K(7360K)
[2023-12-18T22:15:14.467+0100][9836.973s] GC(601) Pause Young (Normal) (G1 Evacuation Pause) 382M->81M(512M) 1.937ms
[2023-12-18T22:15:14.467+0100][9836.973s] GC(601) User=0.00s Sys=0.00s Real=0.00s
[2023-12-18T22:15:15.234+0100][9837.739s] GC(602) Pause Young (Normal) (G1 Evacuation Pause)
[2023-12-18T22:15:15.234+0100][9837.740s] GC(602) Using 10 workers of 10 for evacuation
[2023-12-18T22:15:15.236+0100][9837.741s] GC(602)   Pre Evacuate Collection Set: 0.0ms
[2023-12-18T22:15:15.236+0100][9837.741s] GC(602)   Merge Heap Roots: 0.0ms
[2023-12-18T22:15:15.236+0100][9837.741s] GC(602)   Evacuate Collection Set: 0.9ms
[2023-12-18T22:15:15.236+0100][9837.741s] GC(602)   Post Evacuate Collection Set: 0.2ms
[2023-12-18T22:15:15.236+0100][9837.741s] GC(602)   Other: 0.1ms
[2023-12-18T22:15:15.236+0100][9837.741s] GC(602) Eden regions: 301->0(300)
[2023-12-18T22:15:15.236+0100][9837.741s] GC(602) Survivor regions: 6->7(39)
[2023-12-18T22:15:15.236+0100][9837.741s] GC(602) Old regions: 73->73
[2023-12-18T22:15:15.236+0100][9837.741s] GC(602) Archive regions: 0->0
[2023-12-18T22:15:15.236+0100][9837.741s] GC(602) Humongous regions: 4->4
[2023-12-18T22:15:15.236+0100][9837.741s] GC(602) Metaspace: 62985K(63680K)->62985K(63680K) NonClass: 55988K(56320K)->55988K(56320K) Class: 6997K(7360K)->6997K(7360K)
[2023-12-18T22:15:15.236+0100][9837.741s] GC(602) Pause Young (Normal) (G1 Evacuation Pause) 382M->82M(512M) 1.508ms
[2023-12-18T22:15:15.236+0100][9837.741s] GC(602) User=0.16s Sys=0.00s Real=0.00s
[2023-12-18T22:15:15.997+0100][9838.502s] GC(603) Pause Young (Normal) (G1 Evacuation Pause)
[2023-12-18T22:15:15.997+0100][9838.502s] GC(603) Using 10 workers of 10 for evacuation
[2023-12-18T22:15:15.998+0100][9838.504s] GC(603)   Pre Evacuate Collection Set: 0.0ms
[2023-12-18T22:15:15.999+0100][9838.504s] GC(603)   Merge Heap Roots: 0.0ms
[2023-12-18T22:15:15.999+0100][9838.504s] GC(603)   Evacuate Collection Set: 1.1ms
[2023-12-18T22:15:15.999+0100][9838.504s] GC(603)   Post Evacuate Collection Set: 0.3ms
[2023-12-18T22:15:15.999+0100][9838.504s] GC(603)   Other: 0.1ms
[2023-12-18T22:15:15.999+0100][9838.504s] GC(603) Eden regions: 300->0(299)
[2023-12-18T22:15:15.999+0100][9838.504s] GC(603) Survivor regions: 7->8(39)
[2023-12-18T22:15:15.999+0100][9838.504s] GC(603) Old regions: 73->73
[2023-12-18T22:15:15.999+0100][9838.504s] GC(603) Archive regions: 0->0
[2023-12-18T22:15:15.999+0100][9838.504s] GC(603) Humongous regions: 4->4
[2023-12-18T22:15:15.999+0100][9838.504s] GC(603) Metaspace: 62985K(63680K)->62985K(63680K) NonClass: 55988K(56320K)->55988K(56320K) Class: 6997K(7360K)->6997K(7360K)
[2023-12-18T22:15:15.999+0100][9838.504s] GC(603) Pause Young (Normal) (G1 Evacuation Pause) 382M->83M(512M) 1.736ms
[2023-12-18T22:15:15.999+0100][9838.504s] GC(603) User=0.00s Sys=0.00s Real=0.00s
[2023-12-18T22:15:16.737+0100][9839.242s] GC(604) Pause Young (Normal) (G1 Evacuation Pause)
[2023-12-18T22:15:16.737+0100][9839.242s] GC(604) Using 10 workers of 10 for evacuation
[2023-12-18T22:15:16.738+0100][9839.243s] GC(604)   Pre Evacuate Collection Set: 0.0ms
[2023-12-18T22:15:16.738+0100][9839.243s] GC(604)   Merge Heap Roots: 0.0ms
[2023-12-18T22:15:16.738+0100][9839.243s] GC(604)   Evacuate Collection Set: 1.1ms
[2023-12-18T22:15:16.738+0100][9839.243s] GC(604)   Post Evacuate Collection Set: 0.2ms
[2023-12-18T22:15:16.738+0100][9839.243s] GC(604)   Other: 0.1ms
[2023-12-18T22:15:16.738+0100][9839.243s] GC(604) Eden regions: 299->0(298)
[2023-12-18T22:15:16.738+0100][9839.243s] GC(604) Survivor regions: 8->9(39)
[2023-12-18T22:15:16.738+0100][9839.243s] GC(604) Old regions: 73->73
[2023-12-18T22:15:16.738+0100][9839.244s] GC(604) Archive regions: 0->0
[2023-12-18T22:15:16.738+0100][9839.244s] GC(604) Humongous regions: 4->4
[2023-12-18T22:15:16.738+0100][9839.244s] GC(604) Metaspace: 62985K(63680K)->62985K(63680K) NonClass: 55988K(56320K)->55988K(56320K) Class: 6997K(7360K)->6997K(7360K)
[2023-12-18T22:15:16.738+0100][9839.244s] GC(604) Pause Young (Normal) (G1 Evacuation Pause) 382M->84M(512M) 1.722ms
[2023-12-18T22:15:16.738+0100][9839.244s] GC(604) User=0.00s Sys=0.00s Real=0.00s
[2023-12-18T22:15:17.486+0100][9839.992s] GC(605) Pause Young (Normal) (G1 Evacuation Pause)
[2023-12-18T22:15:17.486+0100][9839.992s] GC(605) Using 10 workers of 10 for evacuation
[2023-12-18T22:15:17.488+0100][9839.994s] GC(605)   Pre Evacuate Collection Set: 0.1ms
[2023-12-18T22:15:17.488+0100][9839.994s] GC(605)   Merge Heap Roots: 0.1ms
[2023-12-18T22:15:17.488+0100][9839.994s] GC(605)   Evacuate Collection Set: 1.5ms
[2023-12-18T22:15:17.488+0100][9839.994s] GC(605)   Post Evacuate Collection Set: 0.5ms
[2023-12-18T22:15:17.488+0100][9839.994s] GC(605)   Other: 0.1ms
[2023-12-18T22:15:17.488+0100][9839.994s] GC(605) Eden regions: 298->0(297)
[2023-12-18T22:15:17.488+0100][9839.994s] GC(605) Survivor regions: 9->10(39)
[2023-12-18T22:15:17.488+0100][9839.994s] GC(605) Old regions: 73->73
[2023-12-18T22:15:17.489+0100][9839.994s] GC(605) Archive regions: 0->0
[2023-12-18T22:15:17.489+0100][9839.994s] GC(605) Humongous regions: 4->4
[2023-12-18T22:15:17.489+0100][9839.994s] GC(605) Metaspace: 62985K(63680K)->62985K(63680K) NonClass: 55988K(56320K)->55988K(56320K) Class: 6997K(7360K)->6997K(7360K)
[2023-12-18T22:15:17.489+0100][9839.994s] GC(605) Pause Young (Normal) (G1 Evacuation Pause) 382M->85M(512M) 2.422ms
[2023-12-18T22:15:17.489+0100][9839.994s] GC(605) User=0.00s Sys=0.00s Real=0.00s
[2023-12-18T22:15:18.220+0100][9840.726s] GC(606) Pause Young (Normal) (G1 Evacuation Pause)
[2023-12-18T22:15:18.220+0100][9840.726s] GC(606) Using 10 workers of 10 for evacuation
[2023-12-18T22:15:18.223+0100][9840.728s] GC(606)   Pre Evacuate Collection Set: 0.1ms
[2023-12-18T22:15:18.223+0100][9840.728s] GC(606)   Merge Heap Roots: 0.0ms
[2023-12-18T22:15:18.223+0100][9840.728s] GC(606)   Evacuate Collection Set: 1.5ms
[2023-12-18T22:15:18.223+0100][9840.728s] GC(606)   Post Evacuate Collection Set: 0.3ms
[2023-12-18T22:15:18.223+0100][9840.728s] GC(606)   Other: 0.1ms
[2023-12-18T22:15:18.223+0100][9840.728s] GC(606) Eden regions: 297->0(296)
[2023-12-18T22:15:18.223+0100][9840.728s] GC(606) Survivor regions: 10->11(39)
[2023-12-18T22:15:18.223+0100][9840.728s] GC(606) Old regions: 73->73
[2023-12-18T22:15:18.223+0100][9840.728s] GC(606) Archive regions: 0->0
[2023-12-18T22:15:18.223+0100][9840.728s] GC(606) Humongous regions: 4->4
[2023-12-18T22:15:18.223+0100][9840.728s] GC(606) Metaspace: 62985K(63680K)->62985K(63680K) NonClass: 55988K(56320K)->55988K(56320K) Class: 6997K(7360K)->6997K(7360K)
[2023-12-18T22:15:18.223+0100][9840.728s] GC(606) Pause Young (Normal) (G1 Evacuation Pause) 382M->86M(512M) 2.257ms
[2023-12-18T22:15:18.223+0100][9840.728s] GC(606) User=0.00s Sys=0.00s Real=0.00s
[2023-12-18T22:15:18.938+0100][9841.443s] GC(607) Pause Young (Normal) (G1 Evacuation Pause)
[2023-12-18T22:15:18.938+0100][9841.443s] GC(607) Using 10 workers of 10 for evacuation
[2023-12-18T22:15:18.940+0100][9841.446s] GC(607)   Pre Evacuate Collection Set: 0.0ms
[2023-12-18T22:15:18.940+0100][9841.446s] GC(607)   Merge Heap Roots: 0.0ms
[2023-12-18T22:15:18.940+0100][9841.446s] GC(607)   Evacuate Collection Set: 1.5ms
[2023-12-18T22:15:18.940+0100][9841.446s] GC(607)   Post Evacuate Collection Set: 0.5ms
[2023-12-18T22:15:18.940+0100][9841.446s] GC(607)   Other: 0.1ms
[2023-12-18T22:15:18.940+0100][9841.446s] GC(607) Eden regions: 296->0(295)
[2023-12-18T22:15:18.940+0100][9841.446s] GC(607) Survivor regions: 11->12(39)
[2023-12-18T22:15:18.940+0100][9841.446s] GC(607) Old regions: 73->73
[2023-12-18T22:15:18.940+0100][9841.446s] GC(607) Archive regions: 0->0
[2023-12-18T22:15:18.940+0100][9841.446s] GC(607) Humongous regions: 4->4
[2023-12-18T22:15:18.940+0100][9841.446s] GC(607) Metaspace: 62987K(63680K)->62987K(63680K) NonClass: 55989K(56320K)->55989K(56320K) Class: 6997K(7360K)->6997K(7360K)
[2023-12-18T22:15:18.940+0100][9841.446s] GC(607) Pause Young (Normal) (G1 Evacuation Pause) 382M->87M(512M) 2.345ms
[2023-12-18T22:15:18.940+0100][9841.446s] GC(607) User=0.00s Sys=0.00s Real=0.00s
[2023-12-18T22:15:19.684+0100][9842.190s] GC(608) Pause Young (Normal) (G1 Evacuation Pause)
[2023-12-18T22:15:19.684+0100][9842.190s] GC(608) Using 10 workers of 10 for evacuation
[2023-12-18T22:15:19.686+0100][9842.192s] GC(608)   Pre Evacuate Collection Set: 0.0ms
[2023-12-18T22:15:19.686+0100][9842.192s] GC(608)   Merge Heap Roots: 0.0ms
[2023-12-18T22:15:19.686+0100][9842.192s] GC(608)   Evacuate Collection Set: 1.8ms
[2023-12-18T22:15:19.686+0100][9842.192s] GC(608)   Post Evacuate Collection Set: 0.4ms
[2023-12-18T22:15:19.686+0100][9842.192s] GC(608)   Other: 0.1ms
[2023-12-18T22:15:19.686+0100][9842.192s] GC(608) Eden regions: 295->0(294)
[2023-12-18T22:15:19.686+0100][9842.192s] GC(608) Survivor regions: 12->13(39)
[2023-12-18T22:15:19.686+0100][9842.192s] GC(608) Old regions: 73->73
[2023-12-18T22:15:19.686+0100][9842.192s] GC(608) Archive regions: 0->0
[2023-12-18T22:15:19.686+0100][9842.192s] GC(608) Humongous regions: 4->4
[2023-12-18T22:15:19.686+0100][9842.192s] GC(608) Metaspace: 62987K(63680K)->62987K(63680K) NonClass: 55989K(56320K)->55989K(56320K) Class: 6997K(7360K)->6997K(7360K)
[2023-12-18T22:15:19.686+0100][9842.192s] GC(608) Pause Young (Normal) (G1 Evacuation Pause) 382M->88M(512M) 2.569ms
[2023-12-18T22:15:19.686+0100][9842.193s] GC(608) User=0.00s Sys=0.00s Real=0.00s
[2023-12-18T22:15:20.439+0100][9842.945s] GC(609) Pause Young (Normal) (G1 Evacuation Pause)
[2023-12-18T22:15:20.439+0100][9842.945s] GC(609) Using 10 workers of 10 for evacuation
[2023-12-18T22:15:20.442+0100][9842.947s] GC(609)   Pre Evacuate Collection Set: 0.1ms
[2023-12-18T22:15:20.442+0100][9842.947s] GC(609)   Merge Heap Roots: 0.1ms
[2023-12-18T22:15:20.442+0100][9842.947s] GC(609)   Evacuate Collection Set: 1.8ms
[2023-12-18T22:15:20.442+0100][9842.947s] GC(609)   Post Evacuate Collection Set: 0.4ms
[2023-12-18T22:15:20.442+0100][9842.947s] GC(609)   Other: 0.1ms
[2023-12-18T22:15:20.442+0100][9842.947s] GC(609) Eden regions: 294->0(294)
[2023-12-18T22:15:20.442+0100][9842.947s] GC(609) Survivor regions: 13->13(39)
[2023-12-18T22:15:20.442+0100][9842.947s] GC(609) Old regions: 73->73
[2023-12-18T22:15:20.442+0100][9842.947s] GC(609) Archive regions: 0->0
[2023-12-18T22:15:20.442+0100][9842.947s] GC(609) Humongous regions: 4->4
[2023-12-18T22:15:20.442+0100][9842.947s] GC(609) Metaspace: 62987K(63680K)->62987K(63680K) NonClass: 55989K(56320K)->55989K(56320K) Class: 6997K(7360K)->6997K(7360K)
[2023-12-18T22:15:20.442+0100][9842.947s] GC(609) Pause Young (Normal) (G1 Evacuation Pause) 382M->89M(512M) 2.706ms
[2023-12-18T22:15:20.442+0100][9842.948s] GC(609) User=0.00s Sys=0.00s Real=0.00s
[2023-12-18T22:15:21.134+0100][9843.639s] GC(610) Pause Young (Normal) (G1 Evacuation Pause)
[2023-12-18T22:15:21.134+0100][9843.639s] GC(610) Using 10 workers of 10 for evacuation
[2023-12-18T22:15:21.137+0100][9843.642s] GC(610)   Pre Evacuate Collection Set: 0.1ms
[2023-12-18T22:15:21.137+0100][9843.642s] GC(610)   Merge Heap Roots: 0.1ms
[2023-12-18T22:15:21.137+0100][9843.642s] GC(610)   Evacuate Collection Set: 1.9ms
[2023-12-18T22:15:21.137+0100][9843.642s] GC(610)   Post Evacuate Collection Set: 0.5ms
[2023-12-18T22:15:21.137+0100][9843.642s] GC(610)   Other: 0.1ms
[2023-12-18T22:15:21.137+0100][9843.642s] GC(610) Eden regions: 294->0(293)
[2023-12-18T22:15:21.137+0100][9843.642s] GC(610) Survivor regions: 13->14(39)
[2023-12-18T22:15:21.137+0100][9843.642s] GC(610) Old regions: 73->73
[2023-12-18T22:15:21.137+0100][9843.642s] GC(610) Archive regions: 0->0
[2023-12-18T22:15:21.137+0100][9843.642s] GC(610) Humongous regions: 4->4
[2023-12-18T22:15:21.137+0100][9843.642s] GC(610) Metaspace: 62987K(63680K)->62987K(63680K) NonClass: 55989K(56320K)->55989K(56320K) Class: 6997K(7360K)->6997K(7360K)
[2023-12-18T22:15:21.137+0100][9843.642s] GC(610) Pause Young (Normal) (G1 Evacuation Pause) 383M->90M(512M) 2.789ms
[2023-12-18T22:15:21.137+0100][9843.642s] GC(610) User=0.00s Sys=0.00s Real=0.00s
[2023-12-18T22:15:21.833+0100][9844.339s] GC(611) Pause Young (Normal) (G1 Evacuation Pause)
[2023-12-18T22:15:21.833+0100][9844.339s] GC(611) Using 10 workers of 10 for evacuation
[2023-12-18T22:15:21.837+0100][9844.342s] GC(611)   Pre Evacuate Collection Set: 0.1ms
[2023-12-18T22:15:21.837+0100][9844.342s] GC(611)   Merge Heap Roots: 0.1ms
[2023-12-18T22:15:21.837+0100][9844.342s] GC(611)   Evacuate Collection Set: 2.1ms
[2023-12-18T22:15:21.837+0100][9844.342s] GC(611)   Post Evacuate Collection Set: 0.4ms
[2023-12-18T22:15:21.837+0100][9844.342s] GC(611)   Other: 0.1ms
[2023-12-18T22:15:21.837+0100][9844.342s] GC(611) Eden regions: 293->0(292)
[2023-12-18T22:15:21.837+0100][9844.342s] GC(611) Survivor regions: 14->15(39)
[2023-12-18T22:15:21.837+0100][9844.342s] GC(611) Old regions: 73->73
[2023-12-18T22:15:21.837+0100][9844.342s] GC(611) Archive regions: 0->0
[2023-12-18T22:15:21.837+0100][9844.342s] GC(611) Humongous regions: 4->4
[2023-12-18T22:15:21.837+0100][9844.342s] GC(611) Metaspace: 62987K(63680K)->62987K(63680K) NonClass: 55989K(56320K)->55989K(56320K) Class: 6997K(7360K)->6997K(7360K)
[2023-12-18T22:15:21.837+0100][9844.342s] GC(611) Pause Young (Normal) (G1 Evacuation Pause) 383M->91M(512M) 2.940ms
[2023-12-18T22:15:21.837+0100][9844.342s] GC(611) User=0.00s Sys=0.00s Real=0.00s
[2023-12-18T22:15:22.562+0100][9845.067s] GC(612) Pause Young (Normal) (G1 Evacuation Pause)
[2023-12-18T22:15:22.562+0100][9845.067s] GC(612) Using 10 workers of 10 for evacuation
[2023-12-18T22:15:22.564+0100][9845.070s] GC(612)   Pre Evacuate Collection Set: 0.0ms
[2023-12-18T22:15:22.564+0100][9845.070s] GC(612)   Merge Heap Roots: 0.0ms
[2023-12-18T22:15:22.564+0100][9845.070s] GC(612)   Evacuate Collection Set: 2.2ms
[2023-12-18T22:15:22.564+0100][9845.070s] GC(612)   Post Evacuate Collection Set: 0.3ms
[2023-12-18T22:15:22.564+0100][9845.070s] GC(612)   Other: 0.1ms
[2023-12-18T22:15:22.564+0100][9845.070s] GC(612) Eden regions: 292->0(291)
[2023-12-18T22:15:22.564+0100][9845.070s] GC(612) Survivor regions: 15->16(39)
[2023-12-18T22:15:22.564+0100][9845.070s] GC(612) Old regions: 73->73
[2023-12-18T22:15:22.564+0100][9845.070s] GC(612) Archive regions: 0->0
[2023-12-18T22:15:22.564+0100][9845.070s] GC(612) Humongous regions: 4->4
[2023-12-18T22:15:22.564+0100][9845.070s] GC(612) Metaspace: 62987K(63680K)->62987K(63680K) NonClass: 55989K(56320K)->55989K(56320K) Class: 6997K(7360K)->6997K(7360K)
[2023-12-18T22:15:22.564+0100][9845.070s] GC(612) Pause Young (Normal) (G1 Evacuation Pause) 383M->92M(512M) 2.812ms
[2023-12-18T22:15:22.564+0100][9845.070s] GC(612) User=0.16s Sys=0.00s Real=0.00s
[2023-12-18T22:15:23.261+0100][9845.766s] GC(613) Pause Young (Normal) (G1 Evacuation Pause)
[2023-12-18T22:15:23.261+0100][9845.766s] GC(613) Using 10 workers of 10 for evacuation
[2023-12-18T22:15:23.263+0100][9845.769s] GC(613)   Pre Evacuate Collection Set: 0.0ms
[2023-12-18T22:15:23.264+0100][9845.769s] GC(613)   Merge Heap Roots: 0.0ms
[2023-12-18T22:15:23.264+0100][9845.769s] GC(613)   Evacuate Collection Set: 2.2ms
[2023-12-18T22:15:23.264+0100][9845.769s] GC(613)   Post Evacuate Collection Set: 0.4ms
[2023-12-18T22:15:23.264+0100][9845.769s] GC(613)   Other: 0.1ms
[2023-12-18T22:15:23.264+0100][9845.769s] GC(613) Eden regions: 291->0(291)
[2023-12-18T22:15:23.264+0100][9845.769s] GC(613) Survivor regions: 16->16(39)
[2023-12-18T22:15:23.264+0100][9845.769s] GC(613) Old regions: 73->74
[2023-12-18T22:15:23.264+0100][9845.769s] GC(613) Archive regions: 0->0
[2023-12-18T22:15:23.264+0100][9845.769s] GC(613) Humongous regions: 4->4
[2023-12-18T22:15:23.264+0100][9845.769s] GC(613) Metaspace: 62987K(63680K)->62987K(63680K) NonClass: 55989K(56320K)->55989K(56320K) Class: 6997K(7360K)->6997K(7360K)
[2023-12-18T22:15:23.264+0100][9845.769s] GC(613) Pause Young (Normal) (G1 Evacuation Pause) 383M->92M(512M) 2.943ms
[2023-12-18T22:15:23.264+0100][9845.769s] GC(613) User=0.00s Sys=0.00s Real=0.00s
[2023-12-18T22:15:23.995+0100][9846.501s] GC(614) Pause Young (Normal) (G1 Evacuation Pause)
[2023-12-18T22:15:23.995+0100][9846.501s] GC(614) Using 10 workers of 10 for evacuation
[2023-12-18T22:15:23.999+0100][9846.504s] GC(614)   Pre Evacuate Collection Set: 0.1ms
[2023-12-18T22:15:23.999+0100][9846.504s] GC(614)   Merge Heap Roots: 0.1ms
[2023-12-18T22:15:23.999+0100][9846.504s] GC(614)   Evacuate Collection Set: 2.6ms
[2023-12-18T22:15:23.999+0100][9846.504s] GC(614)   Post Evacuate Collection Set: 0.5ms
[2023-12-18T22:15:23.999+0100][9846.504s] GC(614)   Other: 0.1ms
[2023-12-18T22:15:23.999+0100][9846.504s] GC(614) Eden regions: 291->0(290)
[2023-12-18T22:15:23.999+0100][9846.504s] GC(614) Survivor regions: 16->17(39)
[2023-12-18T22:15:23.999+0100][9846.504s] GC(614) Old regions: 74->75
[2023-12-18T22:15:23.999+0100][9846.504s] GC(614) Archive regions: 0->0
[2023-12-18T22:15:23.999+0100][9846.504s] GC(614) Humongous regions: 4->4
[2023-12-18T22:15:23.999+0100][9846.504s] GC(614) Metaspace: 62987K(63680K)->62987K(63680K) NonClass: 55989K(56320K)->55989K(56320K) Class: 6997K(7360K)->6997K(7360K)
[2023-12-18T22:15:23.999+0100][9846.504s] GC(614) Pause Young (Normal) (G1 Evacuation Pause) 383M->94M(512M) 3.499ms
[2023-12-18T22:15:23.999+0100][9846.504s] GC(614) User=0.00s Sys=0.00s Real=0.00s
[2023-12-18T22:15:24.672+0100][9847.178s] GC(615) Pause Young (Normal) (G1 Evacuation Pause)
[2023-12-18T22:15:24.672+0100][9847.178s] GC(615) Using 10 workers of 10 for evacuation
[2023-12-18T22:15:24.675+0100][9847.181s] GC(615)   Pre Evacuate Collection Set: 0.1ms
[2023-12-18T22:15:24.675+0100][9847.181s] GC(615)   Merge Heap Roots: 0.1ms
[2023-12-18T22:15:24.675+0100][9847.181s] GC(615)   Evacuate Collection Set: 2.3ms
[2023-12-18T22:15:24.675+0100][9847.181s] GC(615)   Post Evacuate Collection Set: 0.5ms
[2023-12-18T22:15:24.675+0100][9847.181s] GC(615)   Other: 0.1ms
[2023-12-18T22:15:24.675+0100][9847.181s] GC(615) Eden regions: 290->0(291)
[2023-12-18T22:15:24.675+0100][9847.181s] GC(615) Survivor regions: 17->16(39)
[2023-12-18T22:15:24.675+0100][9847.181s] GC(615) Old regions: 75->76
[2023-12-18T22:15:24.675+0100][9847.181s] GC(615) Archive regions: 0->0
[2023-12-18T22:15:24.675+0100][9847.181s] GC(615) Humongous regions: 4->4
[2023-12-18T22:15:24.675+0100][9847.181s] GC(615) Metaspace: 62987K(63680K)->62987K(63680K) NonClass: 55989K(56320K)->55989K(56320K) Class: 6997K(7360K)->6997K(7360K)
[2023-12-18T22:15:24.675+0100][9847.181s] GC(615) Pause Young (Normal) (G1 Evacuation Pause) 384M->94M(512M) 3.220ms
[2023-12-18T22:15:24.675+0100][9847.181s] GC(615) User=0.00s Sys=0.00s Real=0.00s
[2023-12-18T22:15:25.333+0100][9847.839s] GC(616) Pause Young (Normal) (G1 Evacuation Pause)
[2023-12-18T22:15:25.333+0100][9847.839s] GC(616) Using 10 workers of 10 for evacuation
[2023-12-18T22:15:25.336+0100][9847.841s] GC(616)   Pre Evacuate Collection Set: 0.0ms
[2023-12-18T22:15:25.336+0100][9847.841s] GC(616)   Merge Heap Roots: 0.0ms
[2023-12-18T22:15:25.336+0100][9847.841s] GC(616)   Evacuate Collection Set: 2.1ms
[2023-12-18T22:15:25.336+0100][9847.841s] GC(616)   Post Evacuate Collection Set: 0.4ms
[2023-12-18T22:15:25.336+0100][9847.841s] GC(616)   Other: 0.1ms
[2023-12-18T22:15:25.336+0100][9847.841s] GC(616) Eden regions: 291->0(292)
[2023-12-18T22:15:25.336+0100][9847.841s] GC(616) Survivor regions: 16->15(39)
[2023-12-18T22:15:25.336+0100][9847.841s] GC(616) Old regions: 76->77
[2023-12-18T22:15:25.336+0100][9847.841s] GC(616) Archive regions: 0->0
[2023-12-18T22:15:25.336+0100][9847.841s] GC(616) Humongous regions: 4->4
[2023-12-18T22:15:25.336+0100][9847.841s] GC(616) Metaspace: 62987K(63680K)->62987K(63680K) NonClass: 55989K(56320K)->55989K(56320K) Class: 6997K(7360K)->6997K(7360K)
[2023-12-18T22:15:25.336+0100][9847.842s] GC(616) Pause Young (Normal) (G1 Evacuation Pause) 385M->94M(512M) 2.841ms
[2023-12-18T22:15:25.336+0100][9847.842s] GC(616) User=0.00s Sys=0.00s Real=0.00s
[2023-12-18T22:15:26.062+0100][9848.567s] GC(617) Pause Young (Normal) (G1 Evacuation Pause)
[2023-12-18T22:15:26.062+0100][9848.567s] GC(617) Using 10 workers of 10 for evacuation
[2023-12-18T22:15:26.064+0100][9848.570s] GC(617)   Pre Evacuate Collection Set: 0.0ms
[2023-12-18T22:15:26.064+0100][9848.570s] GC(617)   Merge Heap Roots: 0.0ms
[2023-12-18T22:15:26.064+0100][9848.570s] GC(617)   Evacuate Collection Set: 2.2ms
[2023-12-18T22:15:26.064+0100][9848.570s] GC(617)   Post Evacuate Collection Set: 0.3ms
[2023-12-18T22:15:26.064+0100][9848.570s] GC(617)   Other: 0.1ms
[2023-12-18T22:15:26.064+0100][9848.570s] GC(617) Eden regions: 292->0(291)
[2023-12-18T22:15:26.064+0100][9848.570s] GC(617) Survivor regions: 15->16(39)
[2023-12-18T22:15:26.064+0100][9848.570s] GC(617) Old regions: 77->78
[2023-12-18T22:15:26.064+0100][9848.570s] GC(617) Archive regions: 0->0
[2023-12-18T22:15:26.064+0100][9848.570s] GC(617) Humongous regions: 4->4
[2023-12-18T22:15:26.064+0100][9848.570s] GC(617) Metaspace: 62987K(63680K)->62987K(63680K) NonClass: 55989K(56320K)->55989K(56320K) Class: 6997K(7360K)->6997K(7360K)
[2023-12-18T22:15:26.064+0100][9848.570s] GC(617) Pause Young (Normal) (G1 Evacuation Pause) 386M->96M(512M) 2.791ms
[2023-12-18T22:15:26.064+0100][9848.570s] GC(617) User=0.16s Sys=0.00s Real=0.00s
[2023-12-18T22:15:26.773+0100][9849.278s] GC(618) Pause Young (Normal) (G1 Evacuation Pause)
[2023-12-18T22:15:26.773+0100][9849.278s] GC(618) Using 10 workers of 10 for evacuation
[2023-12-18T22:15:26.776+0100][9849.281s] GC(618)   Pre Evacuate Collection Set: 0.0ms
[2023-12-18T22:15:26.776+0100][9849.281s] GC(618)   Merge Heap Roots: 0.0ms
[2023-12-18T22:15:26.776+0100][9849.281s] GC(618)   Evacuate Collection Set: 2.3ms
[2023-12-18T22:15:26.776+0100][9849.281s] GC(618)   Post Evacuate Collection Set: 0.4ms
[2023-12-18T22:15:26.776+0100][9849.281s] GC(618)   Other: 0.1ms
[2023-12-18T22:15:26.776+0100][9849.281s] GC(618) Eden regions: 291->0(291)
[2023-12-18T22:15:26.776+0100][9849.281s] GC(618) Survivor regions: 16->16(39)
[2023-12-18T22:15:26.776+0100][9849.281s] GC(618) Old regions: 78->79
[2023-12-18T22:15:26.776+0100][9849.281s] GC(618) Archive regions: 0->0
[2023-12-18T22:15:26.776+0100][9849.281s] GC(618) Humongous regions: 4->4
[2023-12-18T22:15:26.776+0100][9849.281s] GC(618) Metaspace: 62987K(63680K)->62987K(63680K) NonClass: 55989K(56320K)->55989K(56320K) Class: 6997K(7360K)->6997K(7360K)
[2023-12-18T22:15:26.776+0100][9849.281s] GC(618) Pause Young (Normal) (G1 Evacuation Pause) 387M->97M(512M) 3.181ms
[2023-12-18T22:15:26.776+0100][9849.281s] GC(618) User=0.00s Sys=0.00s Real=0.00s
[2023-12-18T22:15:27.463+0100][9849.969s] GC(619) Pause Young (Normal) (G1 Evacuation Pause)
[2023-12-18T22:15:27.463+0100][9849.969s] GC(619) Using 10 workers of 10 for evacuation
[2023-12-18T22:15:27.467+0100][9849.973s] GC(619)   Pre Evacuate Collection Set: 0.1ms
[2023-12-18T22:15:27.467+0100][9849.973s] GC(619)   Merge Heap Roots: 0.0ms
[2023-12-18T22:15:27.467+0100][9849.973s] GC(619)   Evacuate Collection Set: 2.7ms
[2023-12-18T22:15:27.467+0100][9849.973s] GC(619)   Post Evacuate Collection Set: 0.8ms
[2023-12-18T22:15:27.467+0100][9849.973s] GC(619)   Other: 0.1ms
[2023-12-18T22:15:27.467+0100][9849.973s] GC(619) Eden regions: 291->0(291)
[2023-12-18T22:15:27.467+0100][9849.973s] GC(619) Survivor regions: 16->16(39)
[2023-12-18T22:15:27.467+0100][9849.973s] GC(619) Old regions: 79->80
[2023-12-18T22:15:27.467+0100][9849.973s] GC(619) Archive regions: 0->0
[2023-12-18T22:15:27.467+0100][9849.973s] GC(619) Humongous regions: 4->4
[2023-12-18T22:15:27.467+0100][9849.973s] GC(619) Metaspace: 62987K(63680K)->62987K(63680K) NonClass: 55989K(56320K)->55989K(56320K) Class: 6997K(7360K)->6997K(7360K)
[2023-12-18T22:15:27.467+0100][9849.973s] GC(619) Pause Young (Normal) (G1 Evacuation Pause) 388M->98M(512M) 3.887ms
[2023-12-18T22:15:27.467+0100][9849.973s] GC(619) User=0.00s Sys=0.00s Real=0.00s
[2023-12-18T22:15:28.156+0100][9850.662s] GC(620) Pause Young (Normal) (G1 Evacuation Pause)
[2023-12-18T22:15:28.156+0100][9850.662s] GC(620) Using 10 workers of 10 for evacuation
[2023-12-18T22:15:28.159+0100][9850.665s] GC(620)   Pre Evacuate Collection Set: 0.1ms
[2023-12-18T22:15:28.159+0100][9850.665s] GC(620)   Merge Heap Roots: 0.1ms
[2023-12-18T22:15:28.159+0100][9850.665s] GC(620)   Evacuate Collection Set: 2.2ms
[2023-12-18T22:15:28.159+0100][9850.665s] GC(620)   Post Evacuate Collection Set: 0.4ms
[2023-12-18T22:15:28.159+0100][9850.665s] GC(620)   Other: 0.1ms
[2023-12-18T22:15:28.159+0100][9850.665s] GC(620) Eden regions: 291->0(291)
[2023-12-18T22:15:28.159+0100][9850.665s] GC(620) Survivor regions: 16->16(39)
[2023-12-18T22:15:28.159+0100][9850.665s] GC(620) Old regions: 80->81
[2023-12-18T22:15:28.159+0100][9850.665s] GC(620) Archive regions: 0->0
[2023-12-18T22:15:28.159+0100][9850.665s] GC(620) Humongous regions: 4->4
[2023-12-18T22:15:28.159+0100][9850.665s] GC(620) Metaspace: 62987K(63680K)->62987K(63680K) NonClass: 55989K(56320K)->55989K(56320K) Class: 6997K(7360K)->6997K(7360K)
[2023-12-18T22:15:28.159+0100][9850.665s] GC(620) Pause Young (Normal) (G1 Evacuation Pause) 389M->99M(512M) 3.084ms
[2023-12-18T22:15:28.159+0100][9850.665s] GC(620) User=0.12s Sys=0.00s Real=0.00s
[2023-12-18T22:15:28.830+0100][9851.336s] GC(621) Pause Young (Normal) (G1 Evacuation Pause)
[2023-12-18T22:15:28.830+0100][9851.336s] GC(621) Using 10 workers of 10 for evacuation
[2023-12-18T22:15:28.833+0100][9851.338s] GC(621)   Pre Evacuate Collection Set: 0.0ms
[2023-12-18T22:15:28.833+0100][9851.339s] GC(621)   Merge Heap Roots: 0.0ms
[2023-12-18T22:15:28.833+0100][9851.339s] GC(621)   Evacuate Collection Set: 2.2ms
[2023-12-18T22:15:28.833+0100][9851.339s] GC(621)   Post Evacuate Collection Set: 0.4ms
[2023-12-18T22:15:28.833+0100][9851.339s] GC(621)   Other: 0.1ms
[2023-12-18T22:15:28.833+0100][9851.339s] GC(621) Eden regions: 291->0(292)
[2023-12-18T22:15:28.833+0100][9851.339s] GC(621) Survivor regions: 16->15(39)
[2023-12-18T22:15:28.833+0100][9851.339s] GC(621) Old regions: 81->81
[2023-12-18T22:15:28.833+0100][9851.339s] GC(621) Archive regions: 0->0
[2023-12-18T22:15:28.833+0100][9851.339s] GC(621) Humongous regions: 4->4
[2023-12-18T22:15:28.833+0100][9851.339s] GC(621) Metaspace: 62987K(63680K)->62987K(63680K) NonClass: 55989K(56320K)->55989K(56320K) Class: 6997K(7360K)->6997K(7360K)
[2023-12-18T22:15:28.833+0100][9851.339s] GC(621) Pause Young (Normal) (G1 Evacuation Pause) 390M->99M(512M) 2.892ms
[2023-12-18T22:15:28.833+0100][9851.339s] GC(621) User=0.00s Sys=0.00s Real=0.00s
[2023-12-18T22:15:29.557+0100][9852.062s] GC(622) Pause Young (Normal) (G1 Evacuation Pause)
[2023-12-18T22:15:29.557+0100][9852.063s] GC(622) Using 10 workers of 10 for evacuation
[2023-12-18T22:15:29.560+0100][9852.066s] GC(622)   Pre Evacuate Collection Set: 0.0ms
[2023-12-18T22:15:29.560+0100][9852.066s] GC(622)   Merge Heap Roots: 0.1ms
[2023-12-18T22:15:29.560+0100][9852.066s] GC(622)   Evacuate Collection Set: 2.4ms
[2023-12-18T22:15:29.560+0100][9852.066s] GC(622)   Post Evacuate Collection Set: 0.5ms
[2023-12-18T22:15:29.560+0100][9852.066s] GC(622)   Other: 0.1ms
[2023-12-18T22:15:29.560+0100][9852.066s] GC(622) Eden regions: 292->0(291)
[2023-12-18T22:15:29.560+0100][9852.066s] GC(622) Survivor regions: 15->16(39)
[2023-12-18T22:15:29.560+0100][9852.066s] GC(622) Old regions: 81->82
[2023-12-18T22:15:29.560+0100][9852.066s] GC(622) Archive regions: 0->0
[2023-12-18T22:15:29.560+0100][9852.066s] GC(622) Humongous regions: 4->4
[2023-12-18T22:15:29.560+0100][9852.066s] GC(622) Metaspace: 62988K(63680K)->62988K(63680K) NonClass: 55991K(56320K)->55991K(56320K) Class: 6997K(7360K)->6997K(7360K)
[2023-12-18T22:15:29.560+0100][9852.066s] GC(622) Pause Young (Normal) (G1 Evacuation Pause) 391M->101M(512M) 3.275ms
[2023-12-18T22:15:29.560+0100][9852.066s] GC(622) User=0.00s Sys=0.00s Real=0.00s
[2023-12-18T22:15:30.269+0100][9852.775s] GC(623) Pause Young (Normal) (G1 Evacuation Pause)
[2023-12-18T22:15:30.269+0100][9852.775s] GC(623) Using 10 workers of 10 for evacuation
[2023-12-18T22:15:30.272+0100][9852.778s] GC(623)   Pre Evacuate Collection Set: 0.1ms
[2023-12-18T22:15:30.272+0100][9852.778s] GC(623)   Merge Heap Roots: 0.1ms
[2023-12-18T22:15:30.272+0100][9852.778s] GC(623)   Evacuate Collection Set: 2.1ms
[2023-12-18T22:15:30.272+0100][9852.778s] GC(623)   Post Evacuate Collection Set: 0.5ms
[2023-12-18T22:15:30.272+0100][9852.778s] GC(623)   Other: 0.1ms
[2023-12-18T22:15:30.272+0100][9852.778s] GC(623) Eden regions: 291->0(292)
[2023-12-18T22:15:30.272+0100][9852.778s] GC(623) Survivor regions: 16->15(39)
[2023-12-18T22:15:30.272+0100][9852.778s] GC(623) Old regions: 82->83
[2023-12-18T22:15:30.272+0100][9852.778s] GC(623) Archive regions: 0->0
[2023-12-18T22:15:30.272+0100][9852.778s] GC(623) Humongous regions: 4->4
[2023-12-18T22:15:30.272+0100][9852.778s] GC(623) Metaspace: 62988K(63680K)->62988K(63680K) NonClass: 55991K(56320K)->55991K(56320K) Class: 6997K(7360K)->6997K(7360K)
[2023-12-18T22:15:30.272+0100][9852.778s] GC(623) Pause Young (Normal) (G1 Evacuation Pause) 392M->101M(512M) 3.010ms
[2023-12-18T22:15:30.272+0100][9852.778s] GC(623) User=0.00s Sys=0.00s Real=0.00s
[2023-12-18T22:15:30.988+0100][9853.493s] GC(624) Pause Young (Normal) (G1 Evacuation Pause)
[2023-12-18T22:15:30.988+0100][9853.493s] GC(624) Using 10 workers of 10 for evacuation
[2023-12-18T22:15:30.991+0100][9853.496s] GC(624)   Pre Evacuate Collection Set: 0.1ms
[2023-12-18T22:15:30.991+0100][9853.497s] GC(624)   Merge Heap Roots: 0.1ms
[2023-12-18T22:15:30.991+0100][9853.497s] GC(624)   Evacuate Collection Set: 2.6ms
[2023-12-18T22:15:30.991+0100][9853.497s] GC(624)   Post Evacuate Collection Set: 0.6ms
[2023-12-18T22:15:30.991+0100][9853.497s] GC(624)   Other: 0.1ms
[2023-12-18T22:15:30.991+0100][9853.497s] GC(624) Eden regions: 292->0(291)
[2023-12-18T22:15:30.991+0100][9853.497s] GC(624) Survivor regions: 15->16(39)
[2023-12-18T22:15:30.991+0100][9853.497s] GC(624) Old regions: 83->84
[2023-12-18T22:15:30.991+0100][9853.497s] GC(624) Archive regions: 0->0
[2023-12-18T22:15:30.991+0100][9853.497s] GC(624) Humongous regions: 4->4
[2023-12-18T22:15:30.991+0100][9853.497s] GC(624) Metaspace: 62988K(63680K)->62988K(63680K) NonClass: 55991K(56320K)->55991K(56320K) Class: 6997K(7360K)->6997K(7360K)
[2023-12-18T22:15:30.991+0100][9853.497s] GC(624) Pause Young (Normal) (G1 Evacuation Pause) 393M->103M(512M) 3.664ms
[2023-12-18T22:15:30.991+0100][9853.497s] GC(624) User=0.00s Sys=0.00s Real=0.00s
[2023-12-18T22:15:31.648+0100][9854.154s] GC(625) Pause Young (Normal) (G1 Evacuation Pause)
[2023-12-18T22:15:31.648+0100][9854.154s] GC(625) Using 10 workers of 10 for evacuation
[2023-12-18T22:15:31.651+0100][9854.157s] GC(625)   Pre Evacuate Collection Set: 0.1ms
[2023-12-18T22:15:31.651+0100][9854.157s] GC(625)   Merge Heap Roots: 0.1ms
[2023-12-18T22:15:31.651+0100][9854.157s] GC(625)   Evacuate Collection Set: 2.1ms
[2023-12-18T22:15:31.651+0100][9854.157s] GC(625)   Post Evacuate Collection Set: 0.4ms
[2023-12-18T22:15:31.651+0100][9854.157s] GC(625)   Other: 0.1ms
[2023-12-18T22:15:31.651+0100][9854.157s] GC(625) Eden regions: 291->0(292)
[2023-12-18T22:15:31.651+0100][9854.157s] GC(625) Survivor regions: 16->15(39)
[2023-12-18T22:15:31.651+0100][9854.157s] GC(625) Old regions: 84->85
[2023-12-18T22:15:31.651+0100][9854.157s] GC(625) Archive regions: 0->0
[2023-12-18T22:15:31.651+0100][9854.157s] GC(625) Humongous regions: 4->4
[2023-12-18T22:15:31.651+0100][9854.157s] GC(625) Metaspace: 62988K(63680K)->62988K(63680K) NonClass: 55991K(56320K)->55991K(56320K) Class: 6997K(7360K)->6997K(7360K)
[2023-12-18T22:15:31.651+0100][9854.157s] GC(625) Pause Young (Normal) (G1 Evacuation Pause) 394M->103M(512M) 2.968ms
[2023-12-18T22:15:31.651+0100][9854.157s] GC(625) User=0.00s Sys=0.00s Real=0.00s
[2023-12-18T22:15:32.330+0100][9854.836s] GC(626) Pause Young (Normal) (G1 Evacuation Pause)
[2023-12-18T22:15:32.330+0100][9854.836s] GC(626) Using 10 workers of 10 for evacuation
[2023-12-18T22:15:32.334+0100][9854.839s] GC(626)   Pre Evacuate Collection Set: 0.1ms
[2023-12-18T22:15:32.334+0100][9854.839s] GC(626)   Merge Heap Roots: 0.1ms
[2023-12-18T22:15:32.334+0100][9854.839s] GC(626)   Evacuate Collection Set: 2.2ms
[2023-12-18T22:15:32.334+0100][9854.839s] GC(626)   Post Evacuate Collection Set: 0.4ms
[2023-12-18T22:15:32.334+0100][9854.839s] GC(626)   Other: 0.1ms
[2023-12-18T22:15:32.334+0100][9854.839s] GC(626) Eden regions: 292->0(292)
[2023-12-18T22:15:32.334+0100][9854.839s] GC(626) Survivor regions: 15->15(39)
[2023-12-18T22:15:32.334+0100][9854.839s] GC(626) Old regions: 85->86
[2023-12-18T22:15:32.334+0100][9854.839s] GC(626) Archive regions: 0->0
[2023-12-18T22:15:32.334+0100][9854.839s] GC(626) Humongous regions: 4->4
[2023-12-18T22:15:32.334+0100][9854.839s] GC(626) Metaspace: 62988K(63680K)->62988K(63680K) NonClass: 55991K(56320K)->55991K(56320K) Class: 6997K(7360K)->6997K(7360K)
[2023-12-18T22:15:32.334+0100][9854.839s] GC(626) Pause Young (Normal) (G1 Evacuation Pause) 395M->104M(512M) 3.080ms
[2023-12-18T22:15:32.334+0100][9854.839s] GC(626) User=0.00s Sys=0.00s Real=0.00s
[2023-12-18T22:15:33.038+0100][9855.543s] GC(627) Pause Young (Normal) (G1 Evacuation Pause)
[2023-12-18T22:15:33.038+0100][9855.543s] GC(627) Using 10 workers of 10 for evacuation
[2023-12-18T22:15:33.040+0100][9855.546s] GC(627)   Pre Evacuate Collection Set: 0.1ms
[2023-12-18T22:15:33.040+0100][9855.546s] GC(627)   Merge Heap Roots: 0.1ms
[2023-12-18T22:15:33.040+0100][9855.546s] GC(627)   Evacuate Collection Set: 2.2ms
[2023-12-18T22:15:33.040+0100][9855.546s] GC(627)   Post Evacuate Collection Set: 0.5ms
[2023-12-18T22:15:33.040+0100][9855.546s] GC(627)   Other: 0.1ms
[2023-12-18T22:15:33.040+0100][9855.546s] GC(627) Eden regions: 292->0(292)
[2023-12-18T22:15:33.040+0100][9855.546s] GC(627) Survivor regions: 15->15(39)
[2023-12-18T22:15:33.040+0100][9855.546s] GC(627) Old regions: 86->87
[2023-12-18T22:15:33.040+0100][9855.546s] GC(627) Archive regions: 0->0
[2023-12-18T22:15:33.040+0100][9855.546s] GC(627) Humongous regions: 4->4
[2023-12-18T22:15:33.040+0100][9855.546s] GC(627) Metaspace: 62988K(63680K)->62988K(63680K) NonClass: 55991K(56320K)->55991K(56320K) Class: 6997K(7360K)->6997K(7360K)
[2023-12-18T22:15:33.040+0100][9855.546s] GC(627) Pause Young (Normal) (G1 Evacuation Pause) 396M->105M(512M) 3.158ms
[2023-12-18T22:15:33.040+0100][9855.546s] GC(627) User=0.00s Sys=0.00s Real=0.00s
[2023-12-18T22:15:33.688+0100][9856.193s] GC(628) Pause Young (Normal) (G1 Evacuation Pause)
[2023-12-18T22:15:33.688+0100][9856.193s] GC(628) Using 10 workers of 10 for evacuation
[2023-12-18T22:15:33.691+0100][9856.196s] GC(628)   Pre Evacuate Collection Set: 0.1ms
[2023-12-18T22:15:33.691+0100][9856.196s] GC(628)   Merge Heap Roots: 0.1ms
[2023-12-18T22:15:33.691+0100][9856.196s] GC(628)   Evacuate Collection Set: 2.0ms
[2023-12-18T22:15:33.691+0100][9856.196s] GC(628)   Post Evacuate Collection Set: 0.5ms
[2023-12-18T22:15:33.691+0100][9856.196s] GC(628)   Other: 0.1ms
[2023-12-18T22:15:33.691+0100][9856.196s] GC(628) Eden regions: 292->0(292)
[2023-12-18T22:15:33.691+0100][9856.196s] GC(628) Survivor regions: 15->15(39)
[2023-12-18T22:15:33.691+0100][9856.196s] GC(628) Old regions: 87->88
[2023-12-18T22:15:33.691+0100][9856.196s] GC(628) Archive regions: 0->0
[2023-12-18T22:15:33.691+0100][9856.196s] GC(628) Humongous regions: 4->4
[2023-12-18T22:15:33.691+0100][9856.196s] GC(628) Metaspace: 62988K(63680K)->62988K(63680K) NonClass: 55991K(56320K)->55991K(56320K) Class: 6997K(7360K)->6997K(7360K)
[2023-12-18T22:15:33.691+0100][9856.196s] GC(628) Pause Young (Normal) (G1 Evacuation Pause) 397M->105M(512M) 2.898ms
[2023-12-18T22:15:33.691+0100][9856.196s] GC(628) User=0.00s Sys=0.00s Real=0.00s
[2023-12-18T22:15:34.395+0100][9856.900s] GC(629) Pause Young (Normal) (G1 Evacuation Pause)
[2023-12-18T22:15:34.395+0100][9856.900s] GC(629) Using 10 workers of 10 for evacuation
[2023-12-18T22:15:34.397+0100][9856.903s] GC(629)   Pre Evacuate Collection Set: 0.1ms
[2023-12-18T22:15:34.397+0100][9856.903s] GC(629)   Merge Heap Roots: 0.1ms
[2023-12-18T22:15:34.397+0100][9856.903s] GC(629)   Evacuate Collection Set: 2.2ms
[2023-12-18T22:15:34.397+0100][9856.903s] GC(629)   Post Evacuate Collection Set: 0.5ms
[2023-12-18T22:15:34.397+0100][9856.903s] GC(629)   Other: 0.1ms
[2023-12-18T22:15:34.397+0100][9856.903s] GC(629) Eden regions: 292->0(292)
[2023-12-18T22:15:34.397+0100][9856.903s] GC(629) Survivor regions: 15->15(39)
[2023-12-18T22:15:34.397+0100][9856.903s] GC(629) Old regions: 88->89
[2023-12-18T22:15:34.397+0100][9856.903s] GC(629) Archive regions: 0->0
[2023-12-18T22:15:34.397+0100][9856.903s] GC(629) Humongous regions: 4->4
[2023-12-18T22:15:34.397+0100][9856.903s] GC(629) Metaspace: 62988K(63680K)->62988K(63680K) NonClass: 55991K(56320K)->55991K(56320K) Class: 6997K(7360K)->6997K(7360K)
[2023-12-18T22:15:34.397+0100][9856.903s] GC(629) Pause Young (Normal) (G1 Evacuation Pause) 397M->106M(512M) 3.271ms
[2023-12-18T22:15:34.397+0100][9856.903s] GC(629) User=0.00s Sys=0.00s Real=0.00s
[2023-12-18T22:15:35.031+0100][9857.537s] GC(630) Pause Young (Normal) (G1 Evacuation Pause)
[2023-12-18T22:15:35.032+0100][9857.537s] GC(630) Using 10 workers of 10 for evacuation
[2023-12-18T22:15:35.034+0100][9857.540s] GC(630)   Pre Evacuate Collection Set: 0.1ms
[2023-12-18T22:15:35.034+0100][9857.540s] GC(630)   Merge Heap Roots: 0.1ms
[2023-12-18T22:15:35.034+0100][9857.540s] GC(630)   Evacuate Collection Set: 2.1ms
[2023-12-18T22:15:35.034+0100][9857.540s] GC(630)   Post Evacuate Collection Set: 0.4ms
[2023-12-18T22:15:35.034+0100][9857.540s] GC(630)   Other: 0.1ms
[2023-12-18T22:15:35.034+0100][9857.540s] GC(630) Eden regions: 292->0(292)
[2023-12-18T22:15:35.034+0100][9857.540s] GC(630) Survivor regions: 15->15(39)
[2023-12-18T22:15:35.034+0100][9857.540s] GC(630) Old regions: 89->89
[2023-12-18T22:15:35.034+0100][9857.540s] GC(630) Archive regions: 0->0
[2023-12-18T22:15:35.034+0100][9857.540s] GC(630) Humongous regions: 4->4
[2023-12-18T22:15:35.034+0100][9857.540s] GC(630) Metaspace: 62988K(63680K)->62988K(63680K) NonClass: 55991K(56320K)->55991K(56320K) Class: 6997K(7360K)->6997K(7360K)
[2023-12-18T22:15:35.034+0100][9857.540s] GC(630) Pause Young (Normal) (G1 Evacuation Pause) 398M->107M(512M) 3.013ms
[2023-12-18T22:15:35.034+0100][9857.540s] GC(630) User=0.02s Sys=0.00s Real=0.00s
[2023-12-18T22:15:35.709+0100][9858.215s] GC(631) Pause Young (Normal) (G1 Evacuation Pause)
[2023-12-18T22:15:35.709+0100][9858.215s] GC(631) Using 10 workers of 10 for evacuation
[2023-12-18T22:15:35.712+0100][9858.218s] GC(631)   Pre Evacuate Collection Set: 0.1ms
[2023-12-18T22:15:35.712+0100][9858.218s] GC(631)   Merge Heap Roots: 0.1ms
[2023-12-18T22:15:35.712+0100][9858.218s] GC(631)   Evacuate Collection Set: 2.2ms
[2023-12-18T22:15:35.712+0100][9858.218s] GC(631)   Post Evacuate Collection Set: 0.5ms
[2023-12-18T22:15:35.712+0100][9858.218s] GC(631)   Other: 0.1ms
[2023-12-18T22:15:35.712+0100][9858.218s] GC(631) Eden regions: 292->0(291)
[2023-12-18T22:15:35.712+0100][9858.218s] GC(631) Survivor regions: 15->16(39)
[2023-12-18T22:15:35.712+0100][9858.218s] GC(631) Old regions: 89->90
[2023-12-18T22:15:35.712+0100][9858.218s] GC(631) Archive regions: 0->0
[2023-12-18T22:15:35.712+0100][9858.218s] GC(631) Humongous regions: 4->4
[2023-12-18T22:15:35.712+0100][9858.218s] GC(631) Metaspace: 62988K(63680K)->62988K(63680K) NonClass: 55991K(56320K)->55991K(56320K) Class: 6997K(7360K)->6997K(7360K)
[2023-12-18T22:15:35.712+0100][9858.218s] GC(631) Pause Young (Normal) (G1 Evacuation Pause) 399M->108M(512M) 3.179ms
[2023-12-18T22:15:35.712+0100][9858.218s] GC(631) User=0.00s Sys=0.00s Real=0.00s
[2023-12-18T22:15:36.339+0100][9858.844s] GC(632) Pause Young (Normal) (G1 Evacuation Pause)
[2023-12-18T22:15:36.339+0100][9858.844s] GC(632) Using 10 workers of 10 for evacuation
[2023-12-18T22:15:36.341+0100][9858.847s] GC(632)   Pre Evacuate Collection Set: 0.0ms
[2023-12-18T22:15:36.341+0100][9858.847s] GC(632)   Merge Heap Roots: 0.0ms
[2023-12-18T22:15:36.341+0100][9858.847s] GC(632)   Evacuate Collection Set: 2.1ms
[2023-12-18T22:15:36.341+0100][9858.847s] GC(632)   Post Evacuate Collection Set: 0.3ms
[2023-12-18T22:15:36.341+0100][9858.847s] GC(632)   Other: 0.1ms
[2023-12-18T22:15:36.341+0100][9858.847s] GC(632) Eden regions: 291->0(292)
[2023-12-18T22:15:36.341+0100][9858.847s] GC(632) Survivor regions: 16->15(39)
[2023-12-18T22:15:36.341+0100][9858.847s] GC(632) Old regions: 90->91
[2023-12-18T22:15:36.341+0100][9858.847s] GC(632) Archive regions: 0->0
[2023-12-18T22:15:36.341+0100][9858.847s] GC(632) Humongous regions: 4->4
[2023-12-18T22:15:36.341+0100][9858.847s] GC(632) Metaspace: 62988K(63680K)->62988K(63680K) NonClass: 55991K(56320K)->55991K(56320K) Class: 6997K(7360K)->6997K(7360K)
[2023-12-18T22:15:36.342+0100][9858.847s] GC(632) Pause Young (Normal) (G1 Evacuation Pause) 399M->109M(512M) 2.699ms
[2023-12-18T22:15:36.342+0100][9858.847s] GC(632) User=0.00s Sys=0.00s Real=0.00s
[2023-12-18T22:15:37.050+0100][9859.555s] GC(633) Pause Young (Normal) (G1 Evacuation Pause)
[2023-12-18T22:15:37.050+0100][9859.555s] GC(633) Using 10 workers of 10 for evacuation
[2023-12-18T22:15:37.052+0100][9859.558s] GC(633)   Pre Evacuate Collection Set: 0.0ms
[2023-12-18T22:15:37.052+0100][9859.558s] GC(633)   Merge Heap Roots: 0.0ms
[2023-12-18T22:15:37.052+0100][9859.558s] GC(633)   Evacuate Collection Set: 2.4ms
[2023-12-18T22:15:37.052+0100][9859.558s] GC(633)   Post Evacuate Collection Set: 0.3ms
[2023-12-18T22:15:37.052+0100][9859.558s] GC(633)   Other: 0.1ms
[2023-12-18T22:15:37.052+0100][9859.558s] GC(633) Eden regions: 292->0(292)
[2023-12-18T22:15:37.052+0100][9859.558s] GC(633) Survivor regions: 15->15(39)
[2023-12-18T22:15:37.052+0100][9859.558s] GC(633) Old regions: 91->92
[2023-12-18T22:15:37.052+0100][9859.558s] GC(633) Archive regions: 0->0
[2023-12-18T22:15:37.052+0100][9859.558s] GC(633) Humongous regions: 4->4
[2023-12-18T22:15:37.052+0100][9859.558s] GC(633) Metaspace: 62988K(63680K)->62988K(63680K) NonClass: 55991K(56320K)->55991K(56320K) Class: 6997K(7360K)->6997K(7360K)
[2023-12-18T22:15:37.052+0100][9859.558s] GC(633) Pause Young (Normal) (G1 Evacuation Pause) 401M->110M(512M) 3.047ms
[2023-12-18T22:15:37.052+0100][9859.558s] GC(633) User=0.00s Sys=0.00s Real=0.00s
[2023-12-18T22:15:37.699+0100][9860.205s] GC(634) Pause Young (Normal) (G1 Evacuation Pause)
[2023-12-18T22:15:37.699+0100][9860.205s] GC(634) Using 10 workers of 10 for evacuation
[2023-12-18T22:15:37.702+0100][9860.208s] GC(634)   Pre Evacuate Collection Set: 0.0ms
[2023-12-18T22:15:37.702+0100][9860.208s] GC(634)   Merge Heap Roots: 0.0ms
[2023-12-18T22:15:37.702+0100][9860.208s] GC(634)   Evacuate Collection Set: 2.1ms
[2023-12-18T22:15:37.702+0100][9860.208s] GC(634)   Post Evacuate Collection Set: 0.3ms
[2023-12-18T22:15:37.702+0100][9860.208s] GC(634)   Other: 0.1ms
[2023-12-18T22:15:37.702+0100][9860.208s] GC(634) Eden regions: 292->0(293)
[2023-12-18T22:15:37.702+0100][9860.208s] GC(634) Survivor regions: 15->14(39)
[2023-12-18T22:15:37.702+0100][9860.208s] GC(634) Old regions: 92->93
[2023-12-18T22:15:37.702+0100][9860.208s] GC(634) Archive regions: 0->0
[2023-12-18T22:15:37.702+0100][9860.208s] GC(634) Humongous regions: 4->4
[2023-12-18T22:15:37.702+0100][9860.208s] GC(634) Metaspace: 62990K(63680K)->62990K(63680K) NonClass: 55992K(56320K)->55992K(56320K) Class: 6997K(7360K)->6997K(7360K)
[2023-12-18T22:15:37.702+0100][9860.208s] GC(634) Pause Young (Normal) (G1 Evacuation Pause) 402M->110M(512M) 2.727ms
[2023-12-18T22:15:37.702+0100][9860.208s] GC(634) User=0.00s Sys=0.00s Real=0.00s
[2023-12-18T22:15:38.388+0100][9860.894s] GC(635) Pause Young (Normal) (G1 Evacuation Pause)
[2023-12-18T22:15:38.388+0100][9860.894s] GC(635) Using 10 workers of 10 for evacuation
[2023-12-18T22:15:38.391+0100][9860.897s] GC(635)   Pre Evacuate Collection Set: 0.0ms
[2023-12-18T22:15:38.391+0100][9860.897s] GC(635)   Merge Heap Roots: 0.0ms
[2023-12-18T22:15:38.391+0100][9860.897s] GC(635)   Evacuate Collection Set: 2.4ms
[2023-12-18T22:15:38.391+0100][9860.897s] GC(635)   Post Evacuate Collection Set: 0.4ms
[2023-12-18T22:15:38.391+0100][9860.897s] GC(635)   Other: 0.1ms
[2023-12-18T22:15:38.391+0100][9860.897s] GC(635) Eden regions: 293->0(292)
[2023-12-18T22:15:38.391+0100][9860.897s] GC(635) Survivor regions: 14->15(39)
[2023-12-18T22:15:38.391+0100][9860.897s] GC(635) Old regions: 93->94
[2023-12-18T22:15:38.391+0100][9860.897s] GC(635) Archive regions: 0->0
[2023-12-18T22:15:38.391+0100][9860.897s] GC(635) Humongous regions: 4->4
[2023-12-18T22:15:38.391+0100][9860.897s] GC(635) Metaspace: 62990K(63680K)->62990K(63680K) NonClass: 55992K(56320K)->55992K(56320K) Class: 6997K(7360K)->6997K(7360K)
[2023-12-18T22:15:38.391+0100][9860.897s] GC(635) Pause Young (Normal) (G1 Evacuation Pause) 403M->112M(512M) 3.168ms
[2023-12-18T22:15:38.391+0100][9860.897s] GC(635) User=0.16s Sys=0.00s Real=0.00s
[2023-12-18T22:15:39.015+0100][9861.521s] GC(636) Pause Young (Normal) (G1 Evacuation Pause)
[2023-12-18T22:15:39.015+0100][9861.521s] GC(636) Using 10 workers of 10 for evacuation
[2023-12-18T22:15:39.017+0100][9861.523s] GC(636)   Pre Evacuate Collection Set: 0.0ms
[2023-12-18T22:15:39.017+0100][9861.523s] GC(636)   Merge Heap Roots: 0.0ms
[2023-12-18T22:15:39.017+0100][9861.523s] GC(636)   Evacuate Collection Set: 2.1ms
[2023-12-18T22:15:39.017+0100][9861.523s] GC(636)   Post Evacuate Collection Set: 0.4ms
[2023-12-18T22:15:39.017+0100][9861.523s] GC(636)   Other: 0.1ms
[2023-12-18T22:15:39.017+0100][9861.523s] GC(636) Eden regions: 292->0(293)
[2023-12-18T22:15:39.017+0100][9861.523s] GC(636) Survivor regions: 15->14(39)
[2023-12-18T22:15:39.017+0100][9861.523s] GC(636) Old regions: 94->94
[2023-12-18T22:15:39.017+0100][9861.523s] GC(636) Archive regions: 0->0
[2023-12-18T22:15:39.017+0100][9861.523s] GC(636) Humongous regions: 4->4
[2023-12-18T22:15:39.017+0100][9861.523s] GC(636) Metaspace: 62990K(63680K)->62990K(63680K) NonClass: 55992K(56320K)->55992K(56320K) Class: 6997K(7360K)->6997K(7360K)
[2023-12-18T22:15:39.017+0100][9861.524s] GC(636) Pause Young (Normal) (G1 Evacuation Pause) 404M->111M(512M) 2.850ms
[2023-12-18T22:15:39.017+0100][9861.524s] GC(636) User=0.16s Sys=0.00s Real=0.00s
[2023-12-18T22:15:39.695+0100][9862.201s] GC(637) Pause Young (Normal) (G1 Evacuation Pause)
[2023-12-18T22:15:39.695+0100][9862.201s] GC(637) Using 10 workers of 10 for evacuation
[2023-12-18T22:15:39.699+0100][9862.204s] GC(637)   Pre Evacuate Collection Set: 0.0ms
[2023-12-18T22:15:39.699+0100][9862.204s] GC(637)   Merge Heap Roots: 0.1ms
[2023-12-18T22:15:39.699+0100][9862.204s] GC(637)   Evacuate Collection Set: 2.3ms
[2023-12-18T22:15:39.699+0100][9862.204s] GC(637)   Post Evacuate Collection Set: 0.5ms
[2023-12-18T22:15:39.699+0100][9862.204s] GC(637)   Other: 0.1ms
[2023-12-18T22:15:39.699+0100][9862.204s] GC(637) Eden regions: 293->0(292)
[2023-12-18T22:15:39.699+0100][9862.204s] GC(637) Survivor regions: 14->15(39)
[2023-12-18T22:15:39.699+0100][9862.204s] GC(637) Old regions: 94->95
[2023-12-18T22:15:39.699+0100][9862.204s] GC(637) Archive regions: 0->0
[2023-12-18T22:15:39.699+0100][9862.204s] GC(637) Humongous regions: 4->4
[2023-12-18T22:15:39.699+0100][9862.204s] GC(637) Metaspace: 62990K(63680K)->62990K(63680K) NonClass: 55992K(56320K)->55992K(56320K) Class: 6997K(7360K)->6997K(7360K)
[2023-12-18T22:15:39.699+0100][9862.204s] GC(637) Pause Young (Normal) (G1 Evacuation Pause) 404M->113M(512M) 3.248ms
[2023-12-18T22:15:39.699+0100][9862.204s] GC(637) User=0.00s Sys=0.00s Real=0.00s
[2023-12-18T22:15:40.327+0100][9862.833s] GC(638) Pause Young (Concurrent Start) (G1 Evacuation Pause)
[2023-12-18T22:15:40.328+0100][9862.833s] GC(638) Using 10 workers of 10 for evacuation
[2023-12-18T22:15:40.331+0100][9862.836s] GC(638)   Pre Evacuate Collection Set: 0.1ms
[2023-12-18T22:15:40.331+0100][9862.836s] GC(638)   Merge Heap Roots: 0.1ms
[2023-12-18T22:15:40.331+0100][9862.836s] GC(638)   Evacuate Collection Set: 2.0ms
[2023-12-18T22:15:40.331+0100][9862.836s] GC(638)   Post Evacuate Collection Set: 0.5ms
[2023-12-18T22:15:40.331+0100][9862.836s] GC(638)   Other: 0.1ms
[2023-12-18T22:15:40.331+0100][9862.836s] GC(638) Eden regions: 292->0(292)
[2023-12-18T22:15:40.331+0100][9862.836s] GC(638) Survivor regions: 15->15(39)
[2023-12-18T22:15:40.331+0100][9862.836s] GC(638) Old regions: 95->96
[2023-12-18T22:15:40.331+0100][9862.836s] GC(638) Archive regions: 0->0
[2023-12-18T22:15:40.331+0100][9862.836s] GC(638) Humongous regions: 4->4
[2023-12-18T22:15:40.331+0100][9862.836s] GC(638) Metaspace: 62990K(63680K)->62990K(63680K) NonClass: 55992K(56320K)->55992K(56320K) Class: 6997K(7360K)->6997K(7360K)
[2023-12-18T22:15:40.331+0100][9862.836s] GC(638) Pause Young (Concurrent Start) (G1 Evacuation Pause) 405M->113M(512M) 3.030ms
[2023-12-18T22:15:40.331+0100][9862.836s] GC(639) Concurrent Mark Cycle
[2023-12-18T22:15:40.331+0100][9862.836s] GC(638) User=0.00s Sys=0.02s Real=0.00s
[2023-12-18T22:15:40.331+0100][9862.836s] GC(639) Concurrent Clear Claimed Marks
[2023-12-18T22:15:40.331+0100][9862.837s] GC(639) Concurrent Clear Claimed Marks 0.056ms
[2023-12-18T22:15:40.331+0100][9862.837s] GC(639) Concurrent Scan Root Regions
[2023-12-18T22:15:40.332+0100][9862.838s] GC(639) Concurrent Scan Root Regions 0.984ms
[2023-12-18T22:15:40.332+0100][9862.838s] GC(639) Concurrent Mark
[2023-12-18T22:15:40.332+0100][9862.838s] GC(639) Concurrent Mark From Roots
[2023-12-18T22:15:40.332+0100][9862.838s] GC(639) Using 3 workers of 3 for marking
[2023-12-18T22:15:40.350+0100][9862.856s] GC(639) Concurrent Mark From Roots 18.401ms
[2023-12-18T22:15:40.350+0100][9862.856s] GC(639) Concurrent Preclean
[2023-12-18T22:15:40.351+0100][9862.856s] GC(639) Concurrent Preclean 0.246ms
[2023-12-18T22:15:40.351+0100][9862.856s] GC(639) Pause Remark
[2023-12-18T22:15:40.357+0100][9862.863s] GC(639) Pause Remark 121M->121M(512M) 6.222ms
[2023-12-18T22:15:40.357+0100][9862.863s] GC(639) User=0.00s Sys=0.00s Real=0.01s
[2023-12-18T22:15:40.357+0100][9862.863s] GC(639) Concurrent Mark 25.117ms
[2023-12-18T22:15:40.357+0100][9862.863s] GC(639) Concurrent Rebuild Remembered Sets
[2023-12-18T22:15:40.373+0100][9862.879s] GC(639) Concurrent Rebuild Remembered Sets 16.399ms
[2023-12-18T22:15:40.374+0100][9862.879s] GC(639) Pause Cleanup
[2023-12-18T22:15:40.374+0100][9862.879s] GC(639) Pause Cleanup 125M->125M(512M) 0.171ms
[2023-12-18T22:15:40.374+0100][9862.879s] GC(639) User=0.00s Sys=0.00s Real=0.00s
[2023-12-18T22:15:40.374+0100][9862.879s] GC(639) Concurrent Cleanup for Next Mark
[2023-12-18T22:15:40.375+0100][9862.880s] GC(639) Concurrent Cleanup for Next Mark 0.830ms
[2023-12-18T22:15:40.375+0100][9862.880s] GC(639) Concurrent Mark Cycle 43.880ms
[2023-12-18T22:15:41.032+0100][9863.537s] GC(640) Pause Young (Prepare Mixed) (G1 Evacuation Pause)
[2023-12-18T22:15:41.032+0100][9863.538s] GC(640) Using 10 workers of 10 for evacuation
[2023-12-18T22:15:41.035+0100][9863.540s] GC(640)   Pre Evacuate Collection Set: 0.0ms
[2023-12-18T22:15:41.035+0100][9863.540s] GC(640)   Merge Heap Roots: 0.1ms
[2023-12-18T22:15:41.035+0100][9863.540s] GC(640)   Evacuate Collection Set: 2.3ms
[2023-12-18T22:15:41.035+0100][9863.540s] GC(640)   Post Evacuate Collection Set: 0.4ms
[2023-12-18T22:15:41.035+0100][9863.540s] GC(640)   Other: 0.1ms
[2023-12-18T22:15:41.035+0100][9863.540s] GC(640) Eden regions: 292->0(10)
[2023-12-18T22:15:41.035+0100][9863.540s] GC(640) Survivor regions: 15->15(39)
[2023-12-18T22:15:41.035+0100][9863.540s] GC(640) Old regions: 96->97
[2023-12-18T22:15:41.035+0100][9863.540s] GC(640) Archive regions: 0->0
[2023-12-18T22:15:41.035+0100][9863.540s] GC(640) Humongous regions: 4->4
[2023-12-18T22:15:41.035+0100][9863.540s] GC(640) Metaspace: 62973K(63680K)->62973K(63680K) NonClass: 55980K(56320K)->55980K(56320K) Class: 6993K(7360K)->6993K(7360K)
[2023-12-18T22:15:41.035+0100][9863.541s] GC(640) Pause Young (Prepare Mixed) (G1 Evacuation Pause) 405M->114M(512M) 3.037ms
[2023-12-18T22:15:41.035+0100][9863.541s] GC(640) User=0.00s Sys=0.00s Real=0.00s
[2023-12-18T22:15:41.070+0100][9863.575s] GC(641) Pause Young (Mixed) (G1 Evacuation Pause)
[2023-12-18T22:15:41.070+0100][9863.575s] GC(641) Using 10 workers of 10 for evacuation
[2023-12-18T22:15:41.073+0100][9863.578s] GC(641)   Pre Evacuate Collection Set: 0.1ms
[2023-12-18T22:15:41.073+0100][9863.578s] GC(641)   Merge Heap Roots: 0.0ms
[2023-12-18T22:15:41.073+0100][9863.578s] GC(641)   Evacuate Collection Set: 2.6ms
[2023-12-18T22:15:41.073+0100][9863.578s] GC(641)   Post Evacuate Collection Set: 0.5ms
[2023-12-18T22:15:41.073+0100][9863.578s] GC(641)   Other: 0.1ms
[2023-12-18T22:15:41.073+0100][9863.578s] GC(641) Eden regions: 10->0(305)
[2023-12-18T22:15:41.073+0100][9863.578s] GC(641) Survivor regions: 15->2(4)
[2023-12-18T22:15:41.073+0100][9863.578s] GC(641) Old regions: 97->105
[2023-12-18T22:15:41.073+0100][9863.578s] GC(641) Archive regions: 0->0
[2023-12-18T22:15:41.073+0100][9863.578s] GC(641) Humongous regions: 4->4
[2023-12-18T22:15:41.073+0100][9863.578s] GC(641) Metaspace: 62973K(63680K)->62973K(63680K) NonClass: 55980K(56320K)->55980K(56320K) Class: 6993K(7360K)->6993K(7360K)
[2023-12-18T22:15:41.073+0100][9863.578s] GC(641) Pause Young (Mixed) (G1 Evacuation Pause) 124M->109M(512M) 3.441ms
[2023-12-18T22:15:41.073+0100][9863.578s] GC(641) User=0.00s Sys=0.00s Real=0.00s
[2023-12-18T22:15:41.719+0100][9864.225s] GC(642) Pause Young (Normal) (G1 Evacuation Pause)
[2023-12-18T22:15:41.719+0100][9864.225s] GC(642) Using 10 workers of 10 for evacuation
[2023-12-18T22:15:41.721+0100][9864.227s] GC(642)   Pre Evacuate Collection Set: 0.1ms
[2023-12-18T22:15:41.721+0100][9864.227s] GC(642)   Merge Heap Roots: 0.1ms
[2023-12-18T22:15:41.721+0100][9864.227s] GC(642)   Evacuate Collection Set: 0.6ms
[2023-12-18T22:15:41.721+0100][9864.227s] GC(642)   Post Evacuate Collection Set: 0.4ms
[2023-12-18T22:15:41.721+0100][9864.227s] GC(642)   Other: 0.1ms
[2023-12-18T22:15:41.721+0100][9864.227s] GC(642) Eden regions: 305->0(304)
[2023-12-18T22:15:41.721+0100][9864.227s] GC(642) Survivor regions: 2->3(39)
[2023-12-18T22:15:41.721+0100][9864.227s] GC(642) Old regions: 105->105
[2023-12-18T22:15:41.721+0100][9864.227s] GC(642) Archive regions: 0->0
[2023-12-18T22:15:41.721+0100][9864.227s] GC(642) Humongous regions: 4->4
[2023-12-18T22:15:41.721+0100][9864.227s] GC(642) Metaspace: 62973K(63680K)->62973K(63680K) NonClass: 55980K(56320K)->55980K(56320K) Class: 6993K(7360K)->6993K(7360K)
[2023-12-18T22:15:41.721+0100][9864.227s] GC(642) Pause Young (Normal) (G1 Evacuation Pause) 414M->111M(512M) 1.363ms
[2023-12-18T22:15:41.721+0100][9864.227s] GC(642) User=0.00s Sys=0.00s Real=0.00s
[2023-12-18T22:15:42.388+0100][9864.894s] GC(643) Pause Young (Normal) (G1 Evacuation Pause)
[2023-12-18T22:15:42.388+0100][9864.894s] GC(643) Using 10 workers of 10 for evacuation
[2023-12-18T22:15:42.390+0100][9864.895s] GC(643)   Pre Evacuate Collection Set: 0.1ms
[2023-12-18T22:15:42.390+0100][9864.895s] GC(643)   Merge Heap Roots: 0.1ms
[2023-12-18T22:15:42.390+0100][9864.895s] GC(643)   Evacuate Collection Set: 0.8ms
[2023-12-18T22:15:42.390+0100][9864.895s] GC(643)   Post Evacuate Collection Set: 0.4ms
[2023-12-18T22:15:42.390+0100][9864.895s] GC(643)   Other: 0.1ms
[2023-12-18T22:15:42.390+0100][9864.895s] GC(643) Eden regions: 304->0(303)
[2023-12-18T22:15:42.390+0100][9864.895s] GC(643) Survivor regions: 3->4(39)
[2023-12-18T22:15:42.390+0100][9864.895s] GC(643) Old regions: 105->105
[2023-12-18T22:15:42.390+0100][9864.895s] GC(643) Archive regions: 0->0
[2023-12-18T22:15:42.390+0100][9864.895s] GC(643) Humongous regions: 4->4
[2023-12-18T22:15:42.390+0100][9864.895s] GC(643) Metaspace: 62973K(63680K)->62973K(63680K) NonClass: 55980K(56320K)->55980K(56320K) Class: 6993K(7360K)->6993K(7360K)
[2023-12-18T22:15:42.390+0100][9864.895s] GC(643) Pause Young (Normal) (G1 Evacuation Pause) 415M->112M(512M) 1.691ms
[2023-12-18T22:15:42.390+0100][9864.895s] GC(643) User=0.00s Sys=0.00s Real=0.00s
[2023-12-18T22:15:43.022+0100][9865.527s] GC(644) Pause Young (Concurrent Start) (G1 Evacuation Pause)
[2023-12-18T22:15:43.022+0100][9865.527s] GC(644) Using 10 workers of 10 for evacuation
[2023-12-18T22:15:43.023+0100][9865.529s] GC(644)   Pre Evacuate Collection Set: 0.1ms
[2023-12-18T22:15:43.023+0100][9865.529s] GC(644)   Merge Heap Roots: 0.1ms
[2023-12-18T22:15:43.024+0100][9865.529s] GC(644)   Evacuate Collection Set: 0.9ms
[2023-12-18T22:15:43.024+0100][9865.529s] GC(644)   Post Evacuate Collection Set: 0.4ms
[2023-12-18T22:15:43.024+0100][9865.529s] GC(644)   Other: 0.1ms
[2023-12-18T22:15:43.024+0100][9865.529s] GC(644) Eden regions: 303->0(302)
[2023-12-18T22:15:43.024+0100][9865.529s] GC(644) Survivor regions: 4->5(39)
[2023-12-18T22:15:43.024+0100][9865.529s] GC(644) Old regions: 105->105
[2023-12-18T22:15:43.024+0100][9865.529s] GC(644) Archive regions: 0->0
[2023-12-18T22:15:43.024+0100][9865.529s] GC(644) Humongous regions: 4->4
[2023-12-18T22:15:43.024+0100][9865.529s] GC(644) Metaspace: 62973K(63680K)->62973K(63680K) NonClass: 55980K(56320K)->55980K(56320K) Class: 6993K(7360K)->6993K(7360K)
[2023-12-18T22:15:43.024+0100][9865.529s] GC(644) Pause Young (Concurrent Start) (G1 Evacuation Pause) 415M->112M(512M) 1.693ms
[2023-12-18T22:15:43.024+0100][9865.529s] GC(644) User=0.00s Sys=0.00s Real=0.00s
[2023-12-18T22:15:43.024+0100][9865.529s] GC(645) Concurrent Mark Cycle
[2023-12-18T22:15:43.024+0100][9865.529s] GC(645) Concurrent Clear Claimed Marks
[2023-12-18T22:15:43.024+0100][9865.529s] GC(645) Concurrent Clear Claimed Marks 0.026ms
[2023-12-18T22:15:43.024+0100][9865.529s] GC(645) Concurrent Scan Root Regions
[2023-12-18T22:15:43.024+0100][9865.530s] GC(645) Concurrent Scan Root Regions 0.616ms
[2023-12-18T22:15:43.024+0100][9865.530s] GC(645) Concurrent Mark
[2023-12-18T22:15:43.024+0100][9865.530s] GC(645) Concurrent Mark From Roots
[2023-12-18T22:15:43.024+0100][9865.530s] GC(645) Using 3 workers of 3 for marking
[2023-12-18T22:15:43.042+0100][9865.548s] GC(645) Concurrent Mark From Roots 17.866ms
[2023-12-18T22:15:43.042+0100][9865.548s] GC(645) Concurrent Preclean
[2023-12-18T22:15:43.042+0100][9865.548s] GC(645) Concurrent Preclean 0.151ms
[2023-12-18T22:15:43.043+0100][9865.548s] GC(645) Pause Remark
[2023-12-18T22:15:43.047+0100][9865.552s] GC(645) Pause Remark 120M->120M(512M) 3.953ms
[2023-12-18T22:15:43.047+0100][9865.552s] GC(645) User=0.00s Sys=0.00s Real=0.00s
[2023-12-18T22:15:43.047+0100][9865.552s] GC(645) Concurrent Mark 22.199ms
[2023-12-18T22:15:43.047+0100][9865.552s] GC(645) Concurrent Rebuild Remembered Sets
[2023-12-18T22:15:43.060+0100][9865.565s] GC(645) Concurrent Rebuild Remembered Sets 13.120ms
[2023-12-18T22:15:43.060+0100][9865.565s] GC(645) Pause Cleanup
[2023-12-18T22:15:43.060+0100][9865.565s] GC(645) Pause Cleanup 124M->124M(512M) 0.152ms
[2023-12-18T22:15:43.060+0100][9865.565s] GC(645) User=0.00s Sys=0.00s Real=0.00s
[2023-12-18T22:15:43.060+0100][9865.565s] GC(645) Concurrent Cleanup for Next Mark
[2023-12-18T22:15:43.061+0100][9865.566s] GC(645) Concurrent Cleanup for Next Mark 0.882ms
[2023-12-18T22:15:43.061+0100][9865.566s] GC(645) Concurrent Mark Cycle 37.338ms
[2023-12-18T22:15:43.713+0100][9866.218s] GC(646) Pause Young (Prepare Mixed) (G1 Evacuation Pause)
[2023-12-18T22:15:43.713+0100][9866.219s] GC(646) Using 10 workers of 10 for evacuation
[2023-12-18T22:15:43.714+0100][9866.220s] GC(646)   Pre Evacuate Collection Set: 0.0ms
[2023-12-18T22:15:43.714+0100][9866.220s] GC(646)   Merge Heap Roots: 0.0ms
[2023-12-18T22:15:43.714+0100][9866.220s] GC(646)   Evacuate Collection Set: 1.0ms
[2023-12-18T22:15:43.714+0100][9866.220s] GC(646)   Post Evacuate Collection Set: 0.3ms
[2023-12-18T22:15:43.714+0100][9866.220s] GC(646)   Other: 0.1ms
[2023-12-18T22:15:43.714+0100][9866.220s] GC(646) Eden regions: 302->0(19)
[2023-12-18T22:15:43.714+0100][9866.220s] GC(646) Survivor regions: 5->6(39)
[2023-12-18T22:15:43.714+0100][9866.220s] GC(646) Old regions: 105->105
[2023-12-18T22:15:43.714+0100][9866.220s] GC(646) Archive regions: 0->0
[2023-12-18T22:15:43.714+0100][9866.220s] GC(646) Humongous regions: 4->4
[2023-12-18T22:15:43.714+0100][9866.220s] GC(646) Metaspace: 62973K(63680K)->62973K(63680K) NonClass: 55980K(56320K)->55980K(56320K) Class: 6993K(7360K)->6993K(7360K)
[2023-12-18T22:15:43.714+0100][9866.220s] GC(646) Pause Young (Prepare Mixed) (G1 Evacuation Pause) 414M->113M(512M) 1.562ms
[2023-12-18T22:15:43.714+0100][9866.220s] GC(646) User=0.00s Sys=0.00s Real=0.00s
[2023-12-18T22:15:43.765+0100][9866.270s] GC(647) Pause Young (Mixed) (G1 Evacuation Pause)
[2023-12-18T22:15:43.765+0100][9866.270s] GC(647) Using 10 workers of 10 for evacuation
[2023-12-18T22:15:43.767+0100][9866.272s] GC(647)   Pre Evacuate Collection Set: 0.0ms
[2023-12-18T22:15:43.767+0100][9866.272s] GC(647)   Merge Heap Roots: 0.0ms
[2023-12-18T22:15:43.767+0100][9866.272s] GC(647)   Evacuate Collection Set: 1.3ms
[2023-12-18T22:15:43.767+0100][9866.272s] GC(647)   Post Evacuate Collection Set: 0.2ms
[2023-12-18T22:15:43.767+0100][9866.272s] GC(647)   Other: 0.0ms
[2023-12-18T22:15:43.767+0100][9866.272s] GC(647) Eden regions: 19->0(306)
[2023-12-18T22:15:43.767+0100][9866.272s] GC(647) Survivor regions: 6->1(4)
[2023-12-18T22:15:43.767+0100][9866.272s] GC(647) Old regions: 105->105
[2023-12-18T22:15:43.767+0100][9866.272s] GC(647) Archive regions: 0->0
[2023-12-18T22:15:43.767+0100][9866.272s] GC(647) Humongous regions: 4->4
[2023-12-18T22:15:43.767+0100][9866.272s] GC(647) Metaspace: 62973K(63680K)->62973K(63680K) NonClass: 55980K(56320K)->55980K(56320K) Class: 6993K(7360K)->6993K(7360K)
[2023-12-18T22:15:43.767+0100][9866.272s] GC(647) Pause Young (Mixed) (G1 Evacuation Pause) 132M->108M(512M) 1.752ms
[2023-12-18T22:15:43.767+0100][9866.272s] GC(647) User=0.00s Sys=0.00s Real=0.00s
[2023-12-18T22:15:44.423+0100][9866.929s] GC(648) Pause Young (Normal) (G1 Evacuation Pause)
[2023-12-18T22:15:44.423+0100][9866.929s] GC(648) Using 10 workers of 10 for evacuation
[2023-12-18T22:15:44.424+0100][9866.930s] GC(648)   Pre Evacuate Collection Set: 0.1ms
[2023-12-18T22:15:44.424+0100][9866.930s] GC(648)   Merge Heap Roots: 0.2ms
[2023-12-18T22:15:44.424+0100][9866.930s] GC(648)   Evacuate Collection Set: 0.5ms
[2023-12-18T22:15:44.424+0100][9866.930s] GC(648)   Post Evacuate Collection Set: 0.4ms
[2023-12-18T22:15:44.424+0100][9866.930s] GC(648)   Other: 0.1ms
[2023-12-18T22:15:44.424+0100][9866.930s] GC(648) Eden regions: 306->0(304)
[2023-12-18T22:15:44.424+0100][9866.930s] GC(648) Survivor regions: 1->3(39)
[2023-12-18T22:15:44.424+0100][9866.930s] GC(648) Old regions: 105->105
[2023-12-18T22:15:44.424+0100][9866.930s] GC(648) Archive regions: 0->0
[2023-12-18T22:15:44.424+0100][9866.930s] GC(648) Humongous regions: 4->4
[2023-12-18T22:15:44.424+0100][9866.930s] GC(648) Metaspace: 62973K(63680K)->62973K(63680K) NonClass: 55980K(56320K)->55980K(56320K) Class: 6993K(7360K)->6993K(7360K)
[2023-12-18T22:15:44.424+0100][9866.930s] GC(648) Pause Young (Normal) (G1 Evacuation Pause) 414M->110M(512M) 1.368ms
[2023-12-18T22:15:44.424+0100][9866.930s] GC(648) User=0.00s Sys=0.00s Real=0.00s
[2023-12-18T22:15:45.127+0100][9867.633s] GC(649) Pause Young (Normal) (G1 Evacuation Pause)
[2023-12-18T22:15:45.127+0100][9867.633s] GC(649) Using 10 workers of 10 for evacuation
[2023-12-18T22:15:45.129+0100][9867.635s] GC(649)   Pre Evacuate Collection Set: 0.1ms
[2023-12-18T22:15:45.129+0100][9867.635s] GC(649)   Merge Heap Roots: 0.1ms
[2023-12-18T22:15:45.129+0100][9867.635s] GC(649)   Evacuate Collection Set: 0.9ms
[2023-12-18T22:15:45.129+0100][9867.635s] GC(649)   Post Evacuate Collection Set: 0.5ms
[2023-12-18T22:15:45.129+0100][9867.635s] GC(649)   Other: 0.1ms
[2023-12-18T22:15:45.129+0100][9867.635s] GC(649) Eden regions: 304->0(302)
[2023-12-18T22:15:45.129+0100][9867.635s] GC(649) Survivor regions: 3->5(39)
[2023-12-18T22:15:45.129+0100][9867.635s] GC(649) Old regions: 105->105
[2023-12-18T22:15:45.129+0100][9867.635s] GC(649) Archive regions: 0->0
[2023-12-18T22:15:45.129+0100][9867.635s] GC(649) Humongous regions: 4->4
[2023-12-18T22:15:45.129+0100][9867.635s] GC(649) Metaspace: 62973K(63680K)->62973K(63680K) NonClass: 55980K(56320K)->55980K(56320K) Class: 6993K(7360K)->6993K(7360K)
[2023-12-18T22:15:45.129+0100][9867.635s] GC(649) Pause Young (Normal) (G1 Evacuation Pause) 414M->112M(512M) 1.838ms
[2023-12-18T22:15:45.129+0100][9867.635s] GC(649) User=0.00s Sys=0.00s Real=0.00s
[2023-12-18T22:15:45.738+0100][9868.244s] GC(650) Pause Young (Concurrent Start) (G1 Evacuation Pause)
[2023-12-18T22:15:45.738+0100][9868.244s] GC(650) Using 10 workers of 10 for evacuation
[2023-12-18T22:15:45.739+0100][9868.245s] GC(650)   Pre Evacuate Collection Set: 0.1ms
[2023-12-18T22:15:45.739+0100][9868.245s] GC(650)   Merge Heap Roots: 0.0ms
[2023-12-18T22:15:45.739+0100][9868.245s] GC(650)   Evacuate Collection Set: 0.7ms
[2023-12-18T22:15:45.739+0100][9868.245s] GC(650)   Post Evacuate Collection Set: 0.2ms
[2023-12-18T22:15:45.739+0100][9868.245s] GC(650)   Other: 0.1ms
[2023-12-18T22:15:45.739+0100][9868.245s] GC(650) Eden regions: 302->0(303)
[2023-12-18T22:15:45.739+0100][9868.245s] GC(650) Survivor regions: 5->4(39)
[2023-12-18T22:15:45.739+0100][9868.245s] GC(650) Old regions: 105->105
[2023-12-18T22:15:45.739+0100][9868.245s] GC(650) Archive regions: 0->0
[2023-12-18T22:15:45.739+0100][9868.245s] GC(650) Humongous regions: 4->4
[2023-12-18T22:15:45.739+0100][9868.245s] GC(650) Metaspace: 62973K(63680K)->62973K(63680K) NonClass: 55980K(56320K)->55980K(56320K) Class: 6993K(7360K)->6993K(7360K)
[2023-12-18T22:15:45.739+0100][9868.245s] GC(650) Pause Young (Concurrent Start) (G1 Evacuation Pause) 414M->111M(512M) 1.293ms
[2023-12-18T22:15:45.739+0100][9868.245s] GC(651) Concurrent Mark Cycle
[2023-12-18T22:15:45.739+0100][9868.245s] GC(650) User=0.00s Sys=0.00s Real=0.00s
[2023-12-18T22:15:45.739+0100][9868.245s] GC(651) Concurrent Clear Claimed Marks
[2023-12-18T22:15:45.739+0100][9868.245s] GC(651) Concurrent Clear Claimed Marks 0.043ms
[2023-12-18T22:15:45.739+0100][9868.245s] GC(651) Concurrent Scan Root Regions
[2023-12-18T22:15:45.740+0100][9868.246s] GC(651) Concurrent Scan Root Regions 0.484ms
[2023-12-18T22:15:45.740+0100][9868.246s] GC(651) Concurrent Mark
[2023-12-18T22:15:45.740+0100][9868.246s] GC(651) Concurrent Mark From Roots
[2023-12-18T22:15:45.740+0100][9868.246s] GC(651) Using 3 workers of 3 for marking
[2023-12-18T22:15:45.763+0100][9868.269s] GC(651) Concurrent Mark From Roots 23.007ms
[2023-12-18T22:15:45.763+0100][9868.269s] GC(651) Concurrent Preclean
[2023-12-18T22:15:45.763+0100][9868.269s] GC(651) Concurrent Preclean 0.162ms
[2023-12-18T22:15:45.763+0100][9868.269s] GC(651) Pause Remark
[2023-12-18T22:15:45.767+0100][9868.272s] GC(651) Pause Remark 123M->123M(512M) 3.281ms
[2023-12-18T22:15:45.767+0100][9868.272s] GC(651) User=0.16s Sys=0.00s Real=0.00s
[2023-12-18T22:15:45.767+0100][9868.272s] GC(651) Concurrent Mark 26.638ms
[2023-12-18T22:15:45.767+0100][9868.272s] GC(651) Concurrent Rebuild Remembered Sets
[2023-12-18T22:15:45.778+0100][9868.284s] GC(651) Concurrent Rebuild Remembered Sets 11.452ms
[2023-12-18T22:15:45.779+0100][9868.284s] GC(651) Pause Cleanup
[2023-12-18T22:15:45.779+0100][9868.284s] GC(651) Pause Cleanup 126M->126M(512M) 0.187ms
[2023-12-18T22:15:45.779+0100][9868.284s] GC(651) User=0.00s Sys=0.00s Real=0.00s
[2023-12-18T22:15:45.779+0100][9868.284s] GC(651) Concurrent Cleanup for Next Mark
[2023-12-18T22:15:45.779+0100][9868.285s] GC(651) Concurrent Cleanup for Next Mark 0.624ms
[2023-12-18T22:15:45.779+0100][9868.285s] GC(651) Concurrent Mark Cycle 39.707ms
[2023-12-18T22:15:46.402+0100][9868.908s] GC(652) Pause Young (Prepare Mixed) (G1 Evacuation Pause)
[2023-12-18T22:15:46.402+0100][9868.908s] GC(652) Using 10 workers of 10 for evacuation
[2023-12-18T22:15:46.404+0100][9868.910s] GC(652)   Pre Evacuate Collection Set: 0.1ms
[2023-12-18T22:15:46.404+0100][9868.910s] GC(652)   Merge Heap Roots: 0.1ms
[2023-12-18T22:15:46.404+0100][9868.910s] GC(652)   Evacuate Collection Set: 1.1ms
[2023-12-18T22:15:46.404+0100][9868.910s] GC(652)   Post Evacuate Collection Set: 0.3ms
[2023-12-18T22:15:46.404+0100][9868.910s] GC(652)   Other: 0.1ms
[2023-12-18T22:15:46.404+0100][9868.910s] GC(652) Eden regions: 303->0(19)
[2023-12-18T22:15:46.404+0100][9868.910s] GC(652) Survivor regions: 4->6(39)
[2023-12-18T22:15:46.404+0100][9868.910s] GC(652) Old regions: 105->105
[2023-12-18T22:15:46.404+0100][9868.910s] GC(652) Archive regions: 0->0
[2023-12-18T22:15:46.404+0100][9868.910s] GC(652) Humongous regions: 4->4
[2023-12-18T22:15:46.404+0100][9868.910s] GC(652) Metaspace: 62973K(63680K)->62973K(63680K) NonClass: 55980K(56320K)->55980K(56320K) Class: 6993K(7360K)->6993K(7360K)
[2023-12-18T22:15:46.404+0100][9868.910s] GC(652) Pause Young (Prepare Mixed) (G1 Evacuation Pause) 414M->113M(512M) 1.798ms
[2023-12-18T22:15:46.404+0100][9868.910s] GC(652) User=0.00s Sys=0.00s Real=0.00s
[2023-12-18T22:15:46.452+0100][9868.958s] GC(653) Pause Young (Mixed) (G1 Evacuation Pause)
[2023-12-18T22:15:46.452+0100][9868.958s] GC(653) Using 10 workers of 10 for evacuation
[2023-12-18T22:15:46.454+0100][9868.960s] GC(653)   Pre Evacuate Collection Set: 0.1ms
[2023-12-18T22:15:46.454+0100][9868.960s] GC(653)   Merge Heap Roots: 0.1ms
[2023-12-18T22:15:46.454+0100][9868.960s] GC(653)   Evacuate Collection Set: 1.4ms
[2023-12-18T22:15:46.454+0100][9868.960s] GC(653)   Post Evacuate Collection Set: 0.3ms
[2023-12-18T22:15:46.454+0100][9868.960s] GC(653)   Other: 0.1ms
[2023-12-18T22:15:46.454+0100][9868.960s] GC(653) Eden regions: 19->0(306)
[2023-12-18T22:15:46.454+0100][9868.960s] GC(653) Survivor regions: 6->1(4)
[2023-12-18T22:15:46.454+0100][9868.960s] GC(653) Old regions: 105->104
[2023-12-18T22:15:46.454+0100][9868.960s] GC(653) Archive regions: 0->0
[2023-12-18T22:15:46.454+0100][9868.960s] GC(653) Humongous regions: 4->4
[2023-12-18T22:15:46.454+0100][9868.960s] GC(653) Metaspace: 62973K(63680K)->62973K(63680K) NonClass: 55980K(56320K)->55980K(56320K) Class: 6993K(7360K)->6993K(7360K)
[2023-12-18T22:15:46.454+0100][9868.960s] GC(653) Pause Young (Mixed) (G1 Evacuation Pause) 132M->108M(512M) 2.133ms
[2023-12-18T22:15:46.454+0100][9868.960s] GC(653) User=0.02s Sys=0.00s Real=0.00s
[2023-12-18T22:15:47.072+0100][9869.578s] GC(654) Pause Young (Normal) (G1 Evacuation Pause)
[2023-12-18T22:15:47.072+0100][9869.578s] GC(654) Using 10 workers of 10 for evacuation
[2023-12-18T22:15:47.073+0100][9869.579s] GC(654)   Pre Evacuate Collection Set: 0.1ms
[2023-12-18T22:15:47.073+0100][9869.579s] GC(654)   Merge Heap Roots: 0.0ms
[2023-12-18T22:15:47.073+0100][9869.579s] GC(654)   Evacuate Collection Set: 0.5ms
[2023-12-18T22:15:47.073+0100][9869.579s] GC(654)   Post Evacuate Collection Set: 0.4ms
[2023-12-18T22:15:47.073+0100][9869.579s] GC(654)   Other: 0.1ms
[2023-12-18T22:15:47.073+0100][9869.579s] GC(654) Eden regions: 306->0(304)
[2023-12-18T22:15:47.073+0100][9869.579s] GC(654) Survivor regions: 1->3(39)
[2023-12-18T22:15:47.073+0100][9869.579s] GC(654) Old regions: 104->104
[2023-12-18T22:15:47.073+0100][9869.579s] GC(654) Archive regions: 0->0
[2023-12-18T22:15:47.073+0100][9869.579s] GC(654) Humongous regions: 4->4
[2023-12-18T22:15:47.073+0100][9869.579s] GC(654) Metaspace: 62973K(63680K)->62973K(63680K) NonClass: 55980K(56320K)->55980K(56320K) Class: 6993K(7360K)->6993K(7360K)
[2023-12-18T22:15:47.073+0100][9869.579s] GC(654) Pause Young (Normal) (G1 Evacuation Pause) 414M->110M(512M) 1.276ms
[2023-12-18T22:15:47.074+0100][9869.579s] GC(654) User=0.00s Sys=0.00s Real=0.00s
[2023-12-18T22:15:47.753+0100][9870.258s] GC(655) Pause Young (Normal) (G1 Evacuation Pause)
[2023-12-18T22:15:47.753+0100][9870.258s] GC(655) Using 10 workers of 10 for evacuation
[2023-12-18T22:15:47.754+0100][9870.260s] GC(655)   Pre Evacuate Collection Set: 0.0ms
[2023-12-18T22:15:47.754+0100][9870.260s] GC(655)   Merge Heap Roots: 0.0ms
[2023-12-18T22:15:47.754+0100][9870.260s] GC(655)   Evacuate Collection Set: 0.8ms
[2023-12-18T22:15:47.754+0100][9870.260s] GC(655)   Post Evacuate Collection Set: 0.3ms
[2023-12-18T22:15:47.754+0100][9870.260s] GC(655)   Other: 0.1ms
[2023-12-18T22:15:47.754+0100][9870.260s] GC(655) Eden regions: 304->0(303)
[2023-12-18T22:15:47.754+0100][9870.260s] GC(655) Survivor regions: 3->4(39)
[2023-12-18T22:15:47.754+0100][9870.260s] GC(655) Old regions: 104->104
[2023-12-18T22:15:47.754+0100][9870.260s] GC(655) Archive regions: 0->0
[2023-12-18T22:15:47.754+0100][9870.260s] GC(655) Humongous regions: 4->4
[2023-12-18T22:15:47.754+0100][9870.260s] GC(655) Metaspace: 62973K(63680K)->62973K(63680K) NonClass: 55980K(56320K)->55980K(56320K) Class: 6993K(7360K)->6993K(7360K)
[2023-12-18T22:15:47.754+0100][9870.260s] GC(655) Pause Young (Normal) (G1 Evacuation Pause) 414M->111M(512M) 1.404ms
[2023-12-18T22:15:47.754+0100][9870.260s] GC(655) User=0.00s Sys=0.00s Real=0.00s
[2023-12-18T22:15:48.397+0100][9870.902s] GC(656) Pause Young (Concurrent Start) (G1 Evacuation Pause)
[2023-12-18T22:15:48.397+0100][9870.902s] GC(656) Using 10 workers of 10 for evacuation
[2023-12-18T22:15:48.398+0100][9870.904s] GC(656)   Pre Evacuate Collection Set: 0.1ms
[2023-12-18T22:15:48.398+0100][9870.904s] GC(656)   Merge Heap Roots: 0.1ms
[2023-12-18T22:15:48.398+0100][9870.904s] GC(656)   Evacuate Collection Set: 1.0ms
[2023-12-18T22:15:48.398+0100][9870.904s] GC(656)   Post Evacuate Collection Set: 0.4ms
[2023-12-18T22:15:48.398+0100][9870.904s] GC(656)   Other: 0.1ms
[2023-12-18T22:15:48.398+0100][9870.904s] GC(656) Eden regions: 303->0(302)
[2023-12-18T22:15:48.398+0100][9870.904s] GC(656) Survivor regions: 4->5(39)
[2023-12-18T22:15:48.398+0100][9870.904s] GC(656) Old regions: 104->104
[2023-12-18T22:15:48.398+0100][9870.904s] GC(656) Archive regions: 0->0
[2023-12-18T22:15:48.398+0100][9870.904s] GC(656) Humongous regions: 4->4
[2023-12-18T22:15:48.398+0100][9870.904s] GC(656) Metaspace: 62973K(63680K)->62973K(63680K) NonClass: 55980K(56320K)->55980K(56320K) Class: 6993K(7360K)->6993K(7360K)
[2023-12-18T22:15:48.398+0100][9870.904s] GC(656) Pause Young (Concurrent Start) (G1 Evacuation Pause) 414M->112M(512M) 1.890ms
[2023-12-18T22:15:48.398+0100][9870.904s] GC(657) Concurrent Mark Cycle
[2023-12-18T22:15:48.398+0100][9870.904s] GC(656) User=0.00s Sys=0.00s Real=0.00s
[2023-12-18T22:15:48.398+0100][9870.904s] GC(657) Concurrent Clear Claimed Marks
[2023-12-18T22:15:48.399+0100][9870.904s] GC(657) Concurrent Clear Claimed Marks 0.046ms
[2023-12-18T22:15:48.399+0100][9870.904s] GC(657) Concurrent Scan Root Regions
[2023-12-18T22:15:48.399+0100][9870.905s] GC(657) Concurrent Scan Root Regions 0.877ms
[2023-12-18T22:15:48.399+0100][9870.905s] GC(657) Concurrent Mark
[2023-12-18T22:15:48.399+0100][9870.905s] GC(657) Concurrent Mark From Roots
[2023-12-18T22:15:48.399+0100][9870.905s] GC(657) Using 3 workers of 3 for marking
[2023-12-18T22:15:48.420+0100][9870.925s] GC(657) Concurrent Mark From Roots 20.098ms
[2023-12-18T22:15:48.420+0100][9870.925s] GC(657) Concurrent Preclean
[2023-12-18T22:15:48.420+0100][9870.925s] GC(657) Concurrent Preclean 0.226ms
[2023-12-18T22:15:48.420+0100][9870.926s] GC(657) Pause Remark
[2023-12-18T22:15:48.423+0100][9870.929s] GC(657) Pause Remark 122M->122M(512M) 3.199ms
[2023-12-18T22:15:48.423+0100][9870.929s] GC(657) User=0.03s Sys=0.00s Real=0.00s
[2023-12-18T22:15:48.423+0100][9870.929s] GC(657) Concurrent Mark 23.726ms
[2023-12-18T22:15:48.423+0100][9870.929s] GC(657) Concurrent Rebuild Remembered Sets
[2023-12-18T22:15:48.436+0100][9870.942s] GC(657) Concurrent Rebuild Remembered Sets 13.167ms
[2023-12-18T22:15:48.437+0100][9870.942s] GC(657) Pause Cleanup
[2023-12-18T22:15:48.437+0100][9870.942s] GC(657) Pause Cleanup 128M->128M(512M) 0.126ms
[2023-12-18T22:15:48.437+0100][9870.942s] GC(657) User=0.00s Sys=0.00s Real=0.00s
[2023-12-18T22:15:48.437+0100][9870.942s] GC(657) Concurrent Cleanup for Next Mark
[2023-12-18T22:15:48.437+0100][9870.943s] GC(657) Concurrent Cleanup for Next Mark 0.631ms
[2023-12-18T22:15:48.437+0100][9870.943s] GC(657) Concurrent Mark Cycle 38.822ms
[2023-12-18T22:15:49.061+0100][9871.567s] GC(658) Pause Young (Prepare Mixed) (G1 Evacuation Pause)
[2023-12-18T22:15:49.061+0100][9871.567s] GC(658) Using 10 workers of 10 for evacuation
[2023-12-18T22:15:49.063+0100][9871.569s] GC(658)   Pre Evacuate Collection Set: 0.1ms
[2023-12-18T22:15:49.063+0100][9871.569s] GC(658)   Merge Heap Roots: 0.1ms
[2023-12-18T22:15:49.063+0100][9871.569s] GC(658)   Evacuate Collection Set: 1.0ms
[2023-12-18T22:15:49.063+0100][9871.569s] GC(658)   Post Evacuate Collection Set: 0.4ms
[2023-12-18T22:15:49.063+0100][9871.569s] GC(658)   Other: 0.1ms
[2023-12-18T22:15:49.063+0100][9871.569s] GC(658) Eden regions: 302->0(19)
[2023-12-18T22:15:49.063+0100][9871.569s] GC(658) Survivor regions: 5->6(39)
[2023-12-18T22:15:49.063+0100][9871.569s] GC(658) Old regions: 104->104
[2023-12-18T22:15:49.063+0100][9871.569s] GC(658) Archive regions: 0->0
[2023-12-18T22:15:49.063+0100][9871.569s] GC(658) Humongous regions: 4->4
[2023-12-18T22:15:49.063+0100][9871.569s] GC(658) Metaspace: 62973K(63680K)->62973K(63680K) NonClass: 55980K(56320K)->55980K(56320K) Class: 6993K(7360K)->6993K(7360K)
[2023-12-18T22:15:49.063+0100][9871.569s] GC(658) Pause Young (Prepare Mixed) (G1 Evacuation Pause) 414M->112M(512M) 1.925ms
[2023-12-18T22:15:49.063+0100][9871.569s] GC(658) User=0.02s Sys=0.00s Real=0.00s
[2023-12-18T22:15:49.106+0100][9871.612s] GC(659) Pause Young (Mixed) (G1 Evacuation Pause)
[2023-12-18T22:15:49.106+0100][9871.612s] GC(659) Using 10 workers of 10 for evacuation
[2023-12-18T22:15:49.108+0100][9871.614s] GC(659)   Pre Evacuate Collection Set: 0.1ms
[2023-12-18T22:15:49.108+0100][9871.614s] GC(659)   Merge Heap Roots: 0.1ms
[2023-12-18T22:15:49.108+0100][9871.614s] GC(659)   Evacuate Collection Set: 1.3ms
[2023-12-18T22:15:49.108+0100][9871.614s] GC(659)   Post Evacuate Collection Set: 0.4ms
[2023-12-18T22:15:49.108+0100][9871.614s] GC(659)   Other: 0.1ms
[2023-12-18T22:15:49.108+0100][9871.614s] GC(659) Eden regions: 19->0(306)
[2023-12-18T22:15:49.108+0100][9871.614s] GC(659) Survivor regions: 6->1(4)
[2023-12-18T22:15:49.108+0100][9871.614s] GC(659) Old regions: 104->105
[2023-12-18T22:15:49.108+0100][9871.614s] GC(659) Archive regions: 0->0
[2023-12-18T22:15:49.108+0100][9871.614s] GC(659) Humongous regions: 4->4
[2023-12-18T22:15:49.108+0100][9871.614s] GC(659) Metaspace: 62973K(63680K)->62973K(63680K) NonClass: 55980K(56320K)->55980K(56320K) Class: 6993K(7360K)->6993K(7360K)
[2023-12-18T22:15:49.109+0100][9871.615s] GC(659) Pause Young (Mixed) (G1 Evacuation Pause) 131M->108M(512M) 2.194ms
[2023-12-18T22:15:49.109+0100][9871.615s] GC(659) User=0.00s Sys=0.00s Real=0.00s
[2023-12-18T22:15:49.706+0100][9872.211s] GC(660) Pause Young (Normal) (G1 Evacuation Pause)
[2023-12-18T22:15:49.706+0100][9872.211s] GC(660) Using 10 workers of 10 for evacuation
[2023-12-18T22:15:49.707+0100][9872.213s] GC(660)   Pre Evacuate Collection Set: 0.1ms
[2023-12-18T22:15:49.707+0100][9872.213s] GC(660)   Merge Heap Roots: 0.0ms
[2023-12-18T22:15:49.707+0100][9872.213s] GC(660)   Evacuate Collection Set: 0.9ms
[2023-12-18T22:15:49.707+0100][9872.213s] GC(660)   Post Evacuate Collection Set: 0.3ms
[2023-12-18T22:15:49.707+0100][9872.213s] GC(660)   Other: 0.1ms
[2023-12-18T22:15:49.707+0100][9872.213s] GC(660) Eden regions: 306->0(303)
[2023-12-18T22:15:49.707+0100][9872.213s] GC(660) Survivor regions: 1->4(39)
[2023-12-18T22:15:49.707+0100][9872.213s] GC(660) Old regions: 105->105
[2023-12-18T22:15:49.707+0100][9872.213s] GC(660) Archive regions: 0->0
[2023-12-18T22:15:49.708+0100][9872.213s] GC(660) Humongous regions: 4->4
[2023-12-18T22:15:49.708+0100][9872.213s] GC(660) Metaspace: 62973K(63680K)->62973K(63680K) NonClass: 55980K(56320K)->55980K(56320K) Class: 6993K(7360K)->6993K(7360K)
[2023-12-18T22:15:49.708+0100][9872.213s] GC(660) Pause Young (Normal) (G1 Evacuation Pause) 414M->111M(512M) 1.666ms
[2023-12-18T22:15:49.708+0100][9872.213s] GC(660) User=0.00s Sys=0.00s Real=0.00s
[2023-12-18T22:15:50.345+0100][9872.850s] GC(661) Pause Young (Normal) (G1 Evacuation Pause)
[2023-12-18T22:15:50.345+0100][9872.850s] GC(661) Using 10 workers of 10 for evacuation
[2023-12-18T22:15:50.347+0100][9872.852s] GC(661)   Pre Evacuate Collection Set: 0.1ms
[2023-12-18T22:15:50.347+0100][9872.852s] GC(661)   Merge Heap Roots: 0.1ms
[2023-12-18T22:15:50.347+0100][9872.852s] GC(661)   Evacuate Collection Set: 0.7ms
[2023-12-18T22:15:50.347+0100][9872.852s] GC(661)   Post Evacuate Collection Set: 0.5ms
[2023-12-18T22:15:50.347+0100][9872.852s] GC(661)   Other: 0.1ms
[2023-12-18T22:15:50.347+0100][9872.852s] GC(661) Eden regions: 303->0(303)
[2023-12-18T22:15:50.347+0100][9872.852s] GC(661) Survivor regions: 4->4(39)
[2023-12-18T22:15:50.347+0100][9872.852s] GC(661) Old regions: 105->105
[2023-12-18T22:15:50.347+0100][9872.852s] GC(661) Archive regions: 0->0
[2023-12-18T22:15:50.347+0100][9872.852s] GC(661) Humongous regions: 4->4
[2023-12-18T22:15:50.347+0100][9872.852s] GC(661) Metaspace: 62973K(63680K)->62973K(63680K) NonClass: 55980K(56320K)->55980K(56320K) Class: 6993K(7360K)->6993K(7360K)
[2023-12-18T22:15:50.347+0100][9872.852s] GC(661) Pause Young (Normal) (G1 Evacuation Pause) 414M->111M(512M) 1.623ms
[2023-12-18T22:15:50.347+0100][9872.852s] GC(661) User=0.00s Sys=0.00s Real=0.00s
[2023-12-18T22:15:50.991+0100][9873.496s] GC(662) Pause Young (Normal) (G1 Evacuation Pause)
[2023-12-18T22:15:50.991+0100][9873.496s] GC(662) Using 10 workers of 10 for evacuation
[2023-12-18T22:15:50.992+0100][9873.498s] GC(662)   Pre Evacuate Collection Set: 0.1ms
[2023-12-18T22:15:50.992+0100][9873.498s] GC(662)   Merge Heap Roots: 0.0ms
[2023-12-18T22:15:50.992+0100][9873.498s] GC(662)   Evacuate Collection Set: 1.0ms
[2023-12-18T22:15:50.992+0100][9873.498s] GC(662)   Post Evacuate Collection Set: 0.3ms
[2023-12-18T22:15:50.992+0100][9873.498s] GC(662)   Other: 0.1ms
[2023-12-18T22:15:50.992+0100][9873.498s] GC(662) Eden regions: 303->0(302)
[2023-12-18T22:15:50.992+0100][9873.498s] GC(662) Survivor regions: 4->5(39)
[2023-12-18T22:15:50.992+0100][9873.498s] GC(662) Old regions: 105->105
[2023-12-18T22:15:50.992+0100][9873.498s] GC(662) Archive regions: 0->0
[2023-12-18T22:15:50.992+0100][9873.498s] GC(662) Humongous regions: 4->4
[2023-12-18T22:15:50.992+0100][9873.498s] GC(662) Metaspace: 62973K(63680K)->62973K(63680K) NonClass: 55980K(56320K)->55980K(56320K) Class: 6993K(7360K)->6993K(7360K)
[2023-12-18T22:15:50.992+0100][9873.498s] GC(662) Pause Young (Normal) (G1 Evacuation Pause) 414M->113M(512M) 1.634ms
[2023-12-18T22:15:50.992+0100][9873.498s] GC(662) User=0.00s Sys=0.00s Real=0.00s
[2023-12-18T22:15:51.591+0100][9874.097s] GC(663) Pause Young (Normal) (G1 Evacuation Pause)
[2023-12-18T22:15:51.592+0100][9874.097s] GC(663) Using 10 workers of 10 for evacuation
[2023-12-18T22:15:51.593+0100][9874.098s] GC(663)   Pre Evacuate Collection Set: 0.1ms
[2023-12-18T22:15:51.593+0100][9874.098s] GC(663)   Merge Heap Roots: 0.1ms
[2023-12-18T22:15:51.593+0100][9874.098s] GC(663)   Evacuate Collection Set: 1.1ms
[2023-12-18T22:15:51.593+0100][9874.098s] GC(663)   Post Evacuate Collection Set: 0.3ms
[2023-12-18T22:15:51.593+0100][9874.098s] GC(663)   Other: 0.1ms
[2023-12-18T22:15:51.593+0100][9874.098s] GC(663) Eden regions: 302->0(301)
[2023-12-18T22:15:51.593+0100][9874.099s] GC(663) Survivor regions: 5->6(39)
[2023-12-18T22:15:51.593+0100][9874.099s] GC(663) Old regions: 105->105
[2023-12-18T22:15:51.593+0100][9874.099s] GC(663) Archive regions: 0->0
[2023-12-18T22:15:51.593+0100][9874.099s] GC(663) Humongous regions: 4->4
[2023-12-18T22:15:51.593+0100][9874.099s] GC(663) Metaspace: 62973K(63680K)->62973K(63680K) NonClass: 55980K(56320K)->55980K(56320K) Class: 6993K(7360K)->6993K(7360K)
[2023-12-18T22:15:51.593+0100][9874.099s] GC(663) Pause Young (Normal) (G1 Evacuation Pause) 415M->113M(512M) 1.968ms
[2023-12-18T22:15:51.593+0100][9874.099s] GC(663) User=0.00s Sys=0.00s Real=0.00s
[2023-12-18T22:15:52.219+0100][9874.725s] GC(664) Pause Young (Normal) (G1 Evacuation Pause)
[2023-12-18T22:15:52.219+0100][9874.725s] GC(664) Using 10 workers of 10 for evacuation
[2023-12-18T22:15:52.220+0100][9874.726s] GC(664)   Pre Evacuate Collection Set: 0.1ms
[2023-12-18T22:15:52.220+0100][9874.726s] GC(664)   Merge Heap Roots: 0.1ms
[2023-12-18T22:15:52.220+0100][9874.726s] GC(664)   Evacuate Collection Set: 1.1ms
[2023-12-18T22:15:52.220+0100][9874.726s] GC(664)   Post Evacuate Collection Set: 0.3ms
[2023-12-18T22:15:52.220+0100][9874.726s] GC(664)   Other: 0.1ms
[2023-12-18T22:15:52.220+0100][9874.726s] GC(664) Eden regions: 301->0(300)
[2023-12-18T22:15:52.220+0100][9874.726s] GC(664) Survivor regions: 6->7(39)
[2023-12-18T22:15:52.220+0100][9874.726s] GC(664) Old regions: 105->105
[2023-12-18T22:15:52.220+0100][9874.726s] GC(664) Archive regions: 0->0
[2023-12-18T22:15:52.221+0100][9874.726s] GC(664) Humongous regions: 4->4
[2023-12-18T22:15:52.221+0100][9874.726s] GC(664) Metaspace: 62973K(63680K)->62973K(63680K) NonClass: 55980K(56320K)->55980K(56320K) Class: 6993K(7360K)->6993K(7360K)
[2023-12-18T22:15:52.221+0100][9874.726s] GC(664) Pause Young (Normal) (G1 Evacuation Pause) 414M->114M(512M) 1.753ms
[2023-12-18T22:15:52.221+0100][9874.726s] GC(664) User=0.00s Sys=0.00s Real=0.00s
[2023-12-18T22:15:52.829+0100][9875.335s] GC(665) Pause Young (Normal) (G1 Evacuation Pause)
[2023-12-18T22:15:52.829+0100][9875.335s] GC(665) Using 10 workers of 10 for evacuation
[2023-12-18T22:15:52.831+0100][9875.337s] GC(665)   Pre Evacuate Collection Set: 0.0ms
[2023-12-18T22:15:52.831+0100][9875.337s] GC(665)   Merge Heap Roots: 0.0ms
[2023-12-18T22:15:52.831+0100][9875.337s] GC(665)   Evacuate Collection Set: 1.3ms
[2023-12-18T22:15:52.831+0100][9875.337s] GC(665)   Post Evacuate Collection Set: 0.3ms
[2023-12-18T22:15:52.831+0100][9875.337s] GC(665)   Other: 0.1ms
[2023-12-18T22:15:52.831+0100][9875.337s] GC(665) Eden regions: 300->0(299)
[2023-12-18T22:15:52.831+0100][9875.337s] GC(665) Survivor regions: 7->8(39)
[2023-12-18T22:15:52.831+0100][9875.337s] GC(665) Old regions: 105->105
[2023-12-18T22:15:52.831+0100][9875.337s] GC(665) Archive regions: 0->0
[2023-12-18T22:15:52.831+0100][9875.337s] GC(665) Humongous regions: 4->4
[2023-12-18T22:15:52.831+0100][9875.337s] GC(665) Metaspace: 62973K(63680K)->62973K(63680K) NonClass: 55980K(56320K)->55980K(56320K) Class: 6993K(7360K)->6993K(7360K)
[2023-12-18T22:15:52.831+0100][9875.337s] GC(665) Pause Young (Normal) (G1 Evacuation Pause) 414M->115M(512M) 2.010ms
[2023-12-18T22:15:52.831+0100][9875.337s] GC(665) User=0.00s Sys=0.00s Real=0.00s
[2023-12-18T22:15:53.402+0100][9875.908s] GC(666) Pause Young (Normal) (G1 Evacuation Pause)
[2023-12-18T22:15:53.402+0100][9875.908s] GC(666) Using 10 workers of 10 for evacuation
[2023-12-18T22:15:53.404+0100][9875.910s] GC(666)   Pre Evacuate Collection Set: 0.0ms
[2023-12-18T22:15:53.404+0100][9875.910s] GC(666)   Merge Heap Roots: 0.0ms
[2023-12-18T22:15:53.404+0100][9875.910s] GC(666)   Evacuate Collection Set: 1.4ms
[2023-12-18T22:15:53.404+0100][9875.910s] GC(666)   Post Evacuate Collection Set: 0.4ms
[2023-12-18T22:15:53.404+0100][9875.910s] GC(666)   Other: 0.1ms
[2023-12-18T22:15:53.404+0100][9875.910s] GC(666) Eden regions: 299->0(299)
[2023-12-18T22:15:53.404+0100][9875.910s] GC(666) Survivor regions: 8->8(39)
[2023-12-18T22:15:53.404+0100][9875.910s] GC(666) Old regions: 105->105
[2023-12-18T22:15:53.404+0100][9875.910s] GC(666) Archive regions: 0->0
[2023-12-18T22:15:53.404+0100][9875.910s] GC(666) Humongous regions: 4->4
[2023-12-18T22:15:53.404+0100][9875.910s] GC(666) Metaspace: 62973K(63680K)->62973K(63680K) NonClass: 55980K(56320K)->55980K(56320K) Class: 6993K(7360K)->6993K(7360K)
[2023-12-18T22:15:53.404+0100][9875.910s] GC(666) Pause Young (Normal) (G1 Evacuation Pause) 414M->115M(512M) 2.205ms
[2023-12-18T22:15:53.404+0100][9875.910s] GC(666) User=0.00s Sys=0.00s Real=0.00s
[2023-12-18T22:15:54.004+0100][9876.510s] GC(667) Pause Young (Normal) (G1 Evacuation Pause)
[2023-12-18T22:15:54.004+0100][9876.510s] GC(667) Using 10 workers of 10 for evacuation
[2023-12-18T22:15:54.006+0100][9876.511s] GC(667)   Pre Evacuate Collection Set: 0.1ms
[2023-12-18T22:15:54.006+0100][9876.511s] GC(667)   Merge Heap Roots: 0.1ms
[2023-12-18T22:15:54.006+0100][9876.512s] GC(667)   Evacuate Collection Set: 1.2ms
[2023-12-18T22:15:54.006+0100][9876.512s] GC(667)   Post Evacuate Collection Set: 0.4ms
[2023-12-18T22:15:54.006+0100][9876.512s] GC(667)   Other: 0.1ms
[2023-12-18T22:15:54.006+0100][9876.512s] GC(667) Eden regions: 299->0(299)
[2023-12-18T22:15:54.006+0100][9876.512s] GC(667) Survivor regions: 8->8(39)
[2023-12-18T22:15:54.006+0100][9876.512s] GC(667) Old regions: 105->105
[2023-12-18T22:15:54.006+0100][9876.512s] GC(667) Archive regions: 0->0
[2023-12-18T22:15:54.006+0100][9876.512s] GC(667) Humongous regions: 4->4
[2023-12-18T22:15:54.006+0100][9876.512s] GC(667) Metaspace: 62973K(63680K)->62973K(63680K) NonClass: 55980K(56320K)->55980K(56320K) Class: 6993K(7360K)->6993K(7360K)
[2023-12-18T22:15:54.006+0100][9876.512s] GC(667) Pause Young (Normal) (G1 Evacuation Pause) 414M->115M(512M) 2.012ms
[2023-12-18T22:15:54.006+0100][9876.512s] GC(667) User=0.00s Sys=0.00s Real=0.00s
[2023-12-18T22:15:54.640+0100][9877.145s] GC(668) Pause Young (Normal) (G1 Evacuation Pause)
[2023-12-18T22:15:54.640+0100][9877.145s] GC(668) Using 10 workers of 10 for evacuation
[2023-12-18T22:15:54.642+0100][9877.147s] GC(668)   Pre Evacuate Collection Set: 0.0ms
[2023-12-18T22:15:54.642+0100][9877.148s] GC(668)   Merge Heap Roots: 0.0ms
[2023-12-18T22:15:54.642+0100][9877.148s] GC(668)   Evacuate Collection Set: 1.5ms
[2023-12-18T22:15:54.642+0100][9877.148s] GC(668)   Post Evacuate Collection Set: 0.4ms
[2023-12-18T22:15:54.642+0100][9877.148s] GC(668)   Other: 0.1ms
[2023-12-18T22:15:54.642+0100][9877.148s] GC(668) Eden regions: 299->0(298)
[2023-12-18T22:15:54.642+0100][9877.148s] GC(668) Survivor regions: 8->9(39)
[2023-12-18T22:15:54.642+0100][9877.148s] GC(668) Old regions: 105->105
[2023-12-18T22:15:54.642+0100][9877.148s] GC(668) Archive regions: 0->0
[2023-12-18T22:15:54.642+0100][9877.148s] GC(668) Humongous regions: 4->4
[2023-12-18T22:15:54.642+0100][9877.148s] GC(668) Metaspace: 62973K(63680K)->62973K(63680K) NonClass: 55980K(56320K)->55980K(56320K) Class: 6993K(7360K)->6993K(7360K)
[2023-12-18T22:15:54.642+0100][9877.148s] GC(668) Pause Young (Normal) (G1 Evacuation Pause) 414M->117M(512M) 2.281ms
[2023-12-18T22:15:54.642+0100][9877.148s] GC(668) User=0.16s Sys=0.00s Real=0.00s
[2023-12-18T22:15:55.200+0100][9877.705s] GC(669) Pause Young (Normal) (G1 Evacuation Pause)
[2023-12-18T22:15:55.200+0100][9877.705s] GC(669) Using 10 workers of 10 for evacuation
[2023-12-18T22:15:55.202+0100][9877.707s] GC(669)   Pre Evacuate Collection Set: 0.1ms
[2023-12-18T22:15:55.202+0100][9877.707s] GC(669)   Merge Heap Roots: 0.1ms
[2023-12-18T22:15:55.202+0100][9877.707s] GC(669)   Evacuate Collection Set: 1.6ms
[2023-12-18T22:15:55.202+0100][9877.707s] GC(669)   Post Evacuate Collection Set: 0.5ms
[2023-12-18T22:15:55.202+0100][9877.707s] GC(669)   Other: 0.1ms
[2023-12-18T22:15:55.202+0100][9877.707s] GC(669) Eden regions: 298->0(297)
[2023-12-18T22:15:55.202+0100][9877.707s] GC(669) Survivor regions: 9->10(39)
[2023-12-18T22:15:55.202+0100][9877.707s] GC(669) Old regions: 105->105
[2023-12-18T22:15:55.202+0100][9877.708s] GC(669) Archive regions: 0->0
[2023-12-18T22:15:55.202+0100][9877.708s] GC(669) Humongous regions: 4->4
[2023-12-18T22:15:55.202+0100][9877.708s] GC(669) Metaspace: 62973K(63680K)->62973K(63680K) NonClass: 55980K(56320K)->55980K(56320K) Class: 6993K(7360K)->6993K(7360K)
[2023-12-18T22:15:55.202+0100][9877.708s] GC(669) Pause Young (Normal) (G1 Evacuation Pause) 415M->117M(512M) 2.603ms
[2023-12-18T22:15:55.202+0100][9877.708s] GC(669) User=0.00s Sys=0.00s Real=0.00s
[2023-12-18T22:15:55.820+0100][9878.325s] GC(670) Pause Young (Normal) (G1 Evacuation Pause)
[2023-12-18T22:15:55.820+0100][9878.325s] GC(670) Using 10 workers of 10 for evacuation
[2023-12-18T22:15:55.822+0100][9878.327s] GC(670)   Pre Evacuate Collection Set: 0.1ms
[2023-12-18T22:15:55.822+0100][9878.327s] GC(670)   Merge Heap Roots: 0.1ms
[2023-12-18T22:15:55.822+0100][9878.327s] GC(670)   Evacuate Collection Set: 1.4ms
[2023-12-18T22:15:55.822+0100][9878.327s] GC(670)   Post Evacuate Collection Set: 0.5ms
[2023-12-18T22:15:55.822+0100][9878.327s] GC(670)   Other: 0.1ms
[2023-12-18T22:15:55.822+0100][9878.327s] GC(670) Eden regions: 297->0(297)
[2023-12-18T22:15:55.822+0100][9878.327s] GC(670) Survivor regions: 10->10(39)
[2023-12-18T22:15:55.822+0100][9878.327s] GC(670) Old regions: 105->105
[2023-12-18T22:15:55.822+0100][9878.327s] GC(670) Archive regions: 0->0
[2023-12-18T22:15:55.822+0100][9878.327s] GC(670) Humongous regions: 4->4
[2023-12-18T22:15:55.822+0100][9878.327s] GC(670) Metaspace: 62973K(63680K)->62973K(63680K) NonClass: 55980K(56320K)->55980K(56320K) Class: 6993K(7360K)->6993K(7360K)
[2023-12-18T22:15:55.822+0100][9878.327s] GC(670) Pause Young (Normal) (G1 Evacuation Pause) 414M->117M(512M) 2.348ms
[2023-12-18T22:15:55.822+0100][9878.327s] GC(670) User=0.00s Sys=0.00s Real=0.00s
[2023-12-18T22:15:56.423+0100][9878.929s] GC(671) Pause Young (Normal) (G1 Evacuation Pause)
[2023-12-18T22:15:56.423+0100][9878.929s] GC(671) Using 10 workers of 10 for evacuation
[2023-12-18T22:15:56.425+0100][9878.931s] GC(671)   Pre Evacuate Collection Set: 0.0ms
[2023-12-18T22:15:56.425+0100][9878.931s] GC(671)   Merge Heap Roots: 0.0ms
[2023-12-18T22:15:56.425+0100][9878.931s] GC(671)   Evacuate Collection Set: 1.7ms
[2023-12-18T22:15:56.425+0100][9878.931s] GC(671)   Post Evacuate Collection Set: 0.3ms
[2023-12-18T22:15:56.425+0100][9878.931s] GC(671)   Other: 0.1ms
[2023-12-18T22:15:56.425+0100][9878.931s] GC(671) Eden regions: 297->0(295)
[2023-12-18T22:15:56.425+0100][9878.931s] GC(671) Survivor regions: 10->12(39)
[2023-12-18T22:15:56.425+0100][9878.931s] GC(671) Old regions: 105->105
[2023-12-18T22:15:56.425+0100][9878.931s] GC(671) Archive regions: 0->0
[2023-12-18T22:15:56.425+0100][9878.931s] GC(671) Humongous regions: 4->4
[2023-12-18T22:15:56.425+0100][9878.931s] GC(671) Metaspace: 62973K(63680K)->62973K(63680K) NonClass: 55980K(56320K)->55980K(56320K) Class: 6993K(7360K)->6993K(7360K)
[2023-12-18T22:15:56.425+0100][9878.931s] GC(671) Pause Young (Normal) (G1 Evacuation Pause) 414M->119M(512M) 2.383ms
[2023-12-18T22:15:56.425+0100][9878.931s] GC(671) User=0.00s Sys=0.00s Real=0.00s
[2023-12-18T22:15:56.994+0100][9879.499s] GC(672) Pause Young (Normal) (G1 Evacuation Pause)
[2023-12-18T22:15:56.994+0100][9879.499s] GC(672) Using 10 workers of 10 for evacuation
[2023-12-18T22:15:56.997+0100][9879.502s] GC(672)   Pre Evacuate Collection Set: 0.1ms
[2023-12-18T22:15:56.997+0100][9879.503s] GC(672)   Merge Heap Roots: 0.1ms
[2023-12-18T22:15:56.997+0100][9879.503s] GC(672)   Evacuate Collection Set: 2.5ms
[2023-12-18T22:15:56.997+0100][9879.503s] GC(672)   Post Evacuate Collection Set: 0.8ms
[2023-12-18T22:15:56.997+0100][9879.503s] GC(672)   Other: 0.1ms
[2023-12-18T22:15:56.997+0100][9879.503s] GC(672) Eden regions: 295->0(293)
[2023-12-18T22:15:56.997+0100][9879.503s] GC(672) Survivor regions: 12->14(39)
[2023-12-18T22:15:56.997+0100][9879.503s] GC(672) Old regions: 105->105
[2023-12-18T22:15:56.997+0100][9879.503s] GC(672) Archive regions: 0->0
[2023-12-18T22:15:56.997+0100][9879.503s] GC(672) Humongous regions: 4->4
[2023-12-18T22:15:56.997+0100][9879.503s] GC(672) Metaspace: 62973K(63680K)->62973K(63680K) NonClass: 55980K(56320K)->55980K(56320K) Class: 6993K(7360K)->6993K(7360K)
[2023-12-18T22:15:56.997+0100][9879.503s] GC(672) Pause Young (Normal) (G1 Evacuation Pause) 414M->121M(512M) 3.723ms
[2023-12-18T22:15:56.997+0100][9879.503s] GC(672) User=0.00s Sys=0.00s Real=0.00s
[2023-12-18T22:15:57.563+0100][9880.069s] GC(673) Pause Young (Normal) (G1 Evacuation Pause)
[2023-12-18T22:15:57.563+0100][9880.069s] GC(673) Using 10 workers of 10 for evacuation
[2023-12-18T22:15:57.566+0100][9880.071s] GC(673)   Pre Evacuate Collection Set: 0.1ms
[2023-12-18T22:15:57.566+0100][9880.071s] GC(673)   Merge Heap Roots: 0.1ms
[2023-12-18T22:15:57.566+0100][9880.071s] GC(673)   Evacuate Collection Set: 1.5ms
[2023-12-18T22:15:57.566+0100][9880.071s] GC(673)   Post Evacuate Collection Set: 0.4ms
[2023-12-18T22:15:57.566+0100][9880.071s] GC(673)   Other: 0.1ms
[2023-12-18T22:15:57.566+0100][9880.071s] GC(673) Eden regions: 293->0(295)
[2023-12-18T22:15:57.566+0100][9880.071s] GC(673) Survivor regions: 14->12(39)
[2023-12-18T22:15:57.566+0100][9880.071s] GC(673) Old regions: 105->105
[2023-12-18T22:15:57.566+0100][9880.071s] GC(673) Archive regions: 0->0
[2023-12-18T22:15:57.566+0100][9880.071s] GC(673) Humongous regions: 4->4
[2023-12-18T22:15:57.566+0100][9880.071s] GC(673) Metaspace: 62973K(63680K)->62973K(63680K) NonClass: 55980K(56320K)->55980K(56320K) Class: 6993K(7360K)->6993K(7360K)
[2023-12-18T22:15:57.566+0100][9880.071s] GC(673) Pause Young (Normal) (G1 Evacuation Pause) 414M->119M(512M) 2.420ms
[2023-12-18T22:15:57.566+0100][9880.071s] GC(673) User=0.00s Sys=0.00s Real=0.00s
[2023-12-18T22:15:58.174+0100][9880.679s] GC(674) Pause Young (Normal) (G1 Evacuation Pause)
[2023-12-18T22:15:58.174+0100][9880.679s] GC(674) Using 10 workers of 10 for evacuation
[2023-12-18T22:15:58.177+0100][9880.682s] GC(674)   Pre Evacuate Collection Set: 0.1ms
[2023-12-18T22:15:58.177+0100][9880.682s] GC(674)   Merge Heap Roots: 0.1ms
[2023-12-18T22:15:58.177+0100][9880.682s] GC(674)   Evacuate Collection Set: 2.1ms
[2023-12-18T22:15:58.177+0100][9880.682s] GC(674)   Post Evacuate Collection Set: 0.5ms
[2023-12-18T22:15:58.177+0100][9880.682s] GC(674)   Other: 0.1ms
[2023-12-18T22:15:58.177+0100][9880.682s] GC(674) Eden regions: 295->0(294)
[2023-12-18T22:15:58.177+0100][9880.682s] GC(674) Survivor regions: 12->13(39)
[2023-12-18T22:15:58.177+0100][9880.682s] GC(674) Old regions: 105->105
[2023-12-18T22:15:58.177+0100][9880.682s] GC(674) Archive regions: 0->0
[2023-12-18T22:15:58.177+0100][9880.682s] GC(674) Humongous regions: 4->4
[2023-12-18T22:15:58.177+0100][9880.682s] GC(674) Metaspace: 62973K(63680K)->62973K(63680K) NonClass: 55980K(56320K)->55980K(56320K) Class: 6993K(7360K)->6993K(7360K)
[2023-12-18T22:15:58.177+0100][9880.682s] GC(674) Pause Young (Normal) (G1 Evacuation Pause) 414M->121M(512M) 3.065ms
[2023-12-18T22:15:58.177+0100][9880.682s] GC(674) User=0.00s Sys=0.00s Real=0.00s
[2023-12-18T22:15:58.769+0100][9881.274s] GC(675) Pause Young (Normal) (G1 Evacuation Pause)
[2023-12-18T22:15:58.769+0100][9881.274s] GC(675) Using 10 workers of 10 for evacuation
[2023-12-18T22:15:58.772+0100][9881.277s] GC(675)   Pre Evacuate Collection Set: 0.1ms
[2023-12-18T22:15:58.772+0100][9881.277s] GC(675)   Merge Heap Roots: 0.1ms
[2023-12-18T22:15:58.772+0100][9881.277s] GC(675)   Evacuate Collection Set: 2.3ms
[2023-12-18T22:15:58.772+0100][9881.277s] GC(675)   Post Evacuate Collection Set: 0.5ms
[2023-12-18T22:15:58.772+0100][9881.277s] GC(675)   Other: 0.1ms
[2023-12-18T22:15:58.772+0100][9881.277s] GC(675) Eden regions: 294->0(293)
[2023-12-18T22:15:58.772+0100][9881.277s] GC(675) Survivor regions: 13->14(39)
[2023-12-18T22:15:58.772+0100][9881.277s] GC(675) Old regions: 105->105
[2023-12-18T22:15:58.772+0100][9881.277s] GC(675) Archive regions: 0->0
[2023-12-18T22:15:58.772+0100][9881.277s] GC(675) Humongous regions: 4->4
[2023-12-18T22:15:58.772+0100][9881.277s] GC(675) Metaspace: 62973K(63680K)->62973K(63680K) NonClass: 55980K(56320K)->55980K(56320K) Class: 6993K(7360K)->6993K(7360K)
[2023-12-18T22:15:58.772+0100][9881.278s] GC(675) Pause Young (Normal) (G1 Evacuation Pause) 415M->122M(512M) 3.145ms
[2023-12-18T22:15:58.772+0100][9881.278s] GC(675) User=0.00s Sys=0.00s Real=0.00s
[2023-12-18T22:15:59.330+0100][9881.836s] GC(676) Pause Young (Normal) (G1 Evacuation Pause)
[2023-12-18T22:15:59.330+0100][9881.836s] GC(676) Using 10 workers of 10 for evacuation
[2023-12-18T22:15:59.334+0100][9881.839s] GC(676)   Pre Evacuate Collection Set: 0.1ms
[2023-12-18T22:15:59.334+0100][9881.839s] GC(676)   Merge Heap Roots: 0.1ms
[2023-12-18T22:15:59.334+0100][9881.839s] GC(676)   Evacuate Collection Set: 2.6ms
[2023-12-18T22:15:59.334+0100][9881.839s] GC(676)   Post Evacuate Collection Set: 0.8ms
[2023-12-18T22:15:59.334+0100][9881.839s] GC(676)   Other: 0.1ms
[2023-12-18T22:15:59.334+0100][9881.839s] GC(676) Eden regions: 293->0(292)
[2023-12-18T22:15:59.334+0100][9881.839s] GC(676) Survivor regions: 14->15(39)
[2023-12-18T22:15:59.334+0100][9881.839s] GC(676) Old regions: 105->106
[2023-12-18T22:15:59.334+0100][9881.839s] GC(676) Archive regions: 0->0
[2023-12-18T22:15:59.334+0100][9881.839s] GC(676) Humongous regions: 4->4
[2023-12-18T22:15:59.334+0100][9881.839s] GC(676) Metaspace: 62973K(63680K)->62973K(63680K) NonClass: 55980K(56320K)->55980K(56320K) Class: 6993K(7360K)->6993K(7360K)
[2023-12-18T22:15:59.334+0100][9881.839s] GC(676) Pause Young (Normal) (G1 Evacuation Pause) 415M->124M(512M) 3.845ms
[2023-12-18T22:15:59.334+0100][9881.840s] GC(676) User=0.00s Sys=0.00s Real=0.00s
[2023-12-18T22:15:59.894+0100][9882.399s] GC(677) Pause Young (Normal) (G1 Evacuation Pause)
[2023-12-18T22:15:59.894+0100][9882.399s] GC(677) Using 10 workers of 10 for evacuation
[2023-12-18T22:15:59.896+0100][9882.402s] GC(677)   Pre Evacuate Collection Set: 0.1ms
[2023-12-18T22:15:59.896+0100][9882.402s] GC(677)   Merge Heap Roots: 0.0ms
[2023-12-18T22:15:59.896+0100][9882.402s] GC(677)   Evacuate Collection Set: 1.7ms
[2023-12-18T22:15:59.896+0100][9882.402s] GC(677)   Post Evacuate Collection Set: 0.3ms
[2023-12-18T22:15:59.896+0100][9882.402s] GC(677)   Other: 0.1ms
[2023-12-18T22:15:59.896+0100][9882.402s] GC(677) Eden regions: 292->0(294)
[2023-12-18T22:15:59.896+0100][9882.402s] GC(677) Survivor regions: 15->13(39)
[2023-12-18T22:15:59.896+0100][9882.402s] GC(677) Old regions: 106->107
[2023-12-18T22:15:59.896+0100][9882.402s] GC(677) Archive regions: 0->0
[2023-12-18T22:15:59.896+0100][9882.402s] GC(677) Humongous regions: 4->4
[2023-12-18T22:15:59.896+0100][9882.402s] GC(677) Metaspace: 62973K(63680K)->62973K(63680K) NonClass: 55980K(56320K)->55980K(56320K) Class: 6993K(7360K)->6993K(7360K)
[2023-12-18T22:15:59.896+0100][9882.402s] GC(677) Pause Young (Normal) (G1 Evacuation Pause) 416M->122M(512M) 2.394ms
[2023-12-18T22:15:59.896+0100][9882.402s] GC(677) User=0.00s Sys=0.00s Real=0.00s
[2023-12-18T22:16:00.474+0100][9882.980s] GC(678) Pause Young (Normal) (G1 Evacuation Pause)
[2023-12-18T22:16:00.474+0100][9882.980s] GC(678) Using 10 workers of 10 for evacuation
[2023-12-18T22:16:00.476+0100][9882.982s] GC(678)   Pre Evacuate Collection Set: 0.0ms
[2023-12-18T22:16:00.476+0100][9882.982s] GC(678)   Merge Heap Roots: 0.0ms
[2023-12-18T22:16:00.476+0100][9882.982s] GC(678)   Evacuate Collection Set: 1.9ms
[2023-12-18T22:16:00.476+0100][9882.982s] GC(678)   Post Evacuate Collection Set: 0.5ms
[2023-12-18T22:16:00.476+0100][9882.982s] GC(678)   Other: 0.1ms
[2023-12-18T22:16:00.476+0100][9882.982s] GC(678) Eden regions: 294->0(294)
[2023-12-18T22:16:00.476+0100][9882.982s] GC(678) Survivor regions: 13->13(39)
[2023-12-18T22:16:00.476+0100][9882.982s] GC(678) Old regions: 107->107
[2023-12-18T22:16:00.476+0100][9882.982s] GC(678) Archive regions: 0->0
[2023-12-18T22:16:00.476+0100][9882.982s] GC(678) Humongous regions: 4->4
[2023-12-18T22:16:00.476+0100][9882.982s] GC(678) Metaspace: 62973K(63680K)->62973K(63680K) NonClass: 55980K(56320K)->55980K(56320K) Class: 6993K(7360K)->6993K(7360K)
[2023-12-18T22:16:00.476+0100][9882.982s] GC(678) Pause Young (Normal) (G1 Evacuation Pause) 416M->123M(512M) 2.690ms
[2023-12-18T22:16:00.476+0100][9882.982s] GC(678) User=0.00s Sys=0.00s Real=0.00s
[2023-12-18T22:16:01.067+0100][9883.572s] GC(679) Pause Young (Normal) (G1 Evacuation Pause)
[2023-12-18T22:16:01.067+0100][9883.572s] GC(679) Using 10 workers of 10 for evacuation
[2023-12-18T22:16:01.070+0100][9883.575s] GC(679)   Pre Evacuate Collection Set: 0.1ms
[2023-12-18T22:16:01.070+0100][9883.575s] GC(679)   Merge Heap Roots: 0.1ms
[2023-12-18T22:16:01.070+0100][9883.575s] GC(679)   Evacuate Collection Set: 2.1ms
[2023-12-18T22:16:01.070+0100][9883.575s] GC(679)   Post Evacuate Collection Set: 0.6ms
[2023-12-18T22:16:01.070+0100][9883.575s] GC(679)   Other: 0.1ms
[2023-12-18T22:16:01.070+0100][9883.575s] GC(679) Eden regions: 294->0(293)
[2023-12-18T22:16:01.070+0100][9883.575s] GC(679) Survivor regions: 13->14(39)
[2023-12-18T22:16:01.070+0100][9883.575s] GC(679) Old regions: 107->108
[2023-12-18T22:16:01.070+0100][9883.575s] GC(679) Archive regions: 0->0
[2023-12-18T22:16:01.070+0100][9883.575s] GC(679) Humongous regions: 4->4
[2023-12-18T22:16:01.070+0100][9883.575s] GC(679) Metaspace: 62973K(63680K)->62973K(63680K) NonClass: 55980K(56320K)->55980K(56320K) Class: 6993K(7360K)->6993K(7360K)
[2023-12-18T22:16:01.070+0100][9883.575s] GC(679) Pause Young (Normal) (G1 Evacuation Pause) 417M->125M(512M) 3.153ms
[2023-12-18T22:16:01.070+0100][9883.575s] GC(679) User=0.00s Sys=0.00s Real=0.00s
[2023-12-18T22:16:01.612+0100][9884.118s] GC(680) Pause Young (Normal) (G1 Evacuation Pause)
[2023-12-18T22:16:01.612+0100][9884.118s] GC(680) Using 10 workers of 10 for evacuation
[2023-12-18T22:16:01.616+0100][9884.122s] GC(680)   Pre Evacuate Collection Set: 0.1ms
[2023-12-18T22:16:01.616+0100][9884.122s] GC(680)   Merge Heap Roots: 0.1ms
[2023-12-18T22:16:01.616+0100][9884.122s] GC(680)   Evacuate Collection Set: 2.5ms
[2023-12-18T22:16:01.616+0100][9884.122s] GC(680)   Post Evacuate Collection Set: 0.5ms
[2023-12-18T22:16:01.616+0100][9884.122s] GC(680)   Other: 0.1ms
[2023-12-18T22:16:01.616+0100][9884.122s] GC(680) Eden regions: 293->0(292)
[2023-12-18T22:16:01.616+0100][9884.122s] GC(680) Survivor regions: 14->15(39)
[2023-12-18T22:16:01.616+0100][9884.122s] GC(680) Old regions: 108->109
[2023-12-18T22:16:01.616+0100][9884.122s] GC(680) Archive regions: 0->0
[2023-12-18T22:16:01.616+0100][9884.122s] GC(680) Humongous regions: 4->4
[2023-12-18T22:16:01.616+0100][9884.122s] GC(680) Metaspace: 62973K(63680K)->62973K(63680K) NonClass: 55980K(56320K)->55980K(56320K) Class: 6993K(7360K)->6993K(7360K)
[2023-12-18T22:16:01.616+0100][9884.122s] GC(680) Pause Young (Normal) (G1 Evacuation Pause) 418M->126M(512M) 3.527ms
[2023-12-18T22:16:01.616+0100][9884.122s] GC(680) User=0.00s Sys=0.00s Real=0.00s
[2023-12-18T22:16:02.199+0100][9884.704s] GC(681) Pause Young (Concurrent Start) (G1 Evacuation Pause)
[2023-12-18T22:16:02.199+0100][9884.704s] GC(681) Using 10 workers of 10 for evacuation
[2023-12-18T22:16:02.203+0100][9884.708s] GC(681)   Pre Evacuate Collection Set: 0.1ms
[2023-12-18T22:16:02.203+0100][9884.709s] GC(681)   Merge Heap Roots: 0.0ms
[2023-12-18T22:16:02.203+0100][9884.709s] GC(681)   Evacuate Collection Set: 2.1ms
[2023-12-18T22:16:02.203+0100][9884.709s] GC(681)   Post Evacuate Collection Set: 0.9ms
[2023-12-18T22:16:02.203+0100][9884.709s] GC(681)   Other: 0.9ms
[2023-12-18T22:16:02.203+0100][9884.709s] GC(681) Eden regions: 292->0(295)
[2023-12-18T22:16:02.203+0100][9884.709s] GC(681) Survivor regions: 15->12(39)
[2023-12-18T22:16:02.203+0100][9884.709s] GC(681) Old regions: 109->109
[2023-12-18T22:16:02.203+0100][9884.709s] GC(681) Archive regions: 0->0
[2023-12-18T22:16:02.203+0100][9884.709s] GC(681) Humongous regions: 4->4
[2023-12-18T22:16:02.203+0100][9884.709s] GC(681) Metaspace: 62973K(63680K)->62973K(63680K) NonClass: 55980K(56320K)->55980K(56320K) Class: 6993K(7360K)->6993K(7360K)
[2023-12-18T22:16:02.203+0100][9884.709s] GC(681) Pause Young (Concurrent Start) (G1 Evacuation Pause) 418M->124M(512M) 4.453ms
[2023-12-18T22:16:02.203+0100][9884.709s] GC(682) Concurrent Mark Cycle
[2023-12-18T22:16:02.203+0100][9884.709s] GC(681) User=0.00s Sys=0.00s Real=0.00s
[2023-12-18T22:16:02.204+0100][9884.709s] GC(682) Concurrent Clear Claimed Marks
[2023-12-18T22:16:02.204+0100][9884.709s] GC(682) Concurrent Clear Claimed Marks 0.198ms
[2023-12-18T22:16:02.204+0100][9884.709s] GC(682) Concurrent Scan Root Regions
[2023-12-18T22:16:02.206+0100][9884.711s] GC(682) Concurrent Scan Root Regions 1.904ms
[2023-12-18T22:16:02.206+0100][9884.711s] GC(682) Concurrent Mark
[2023-12-18T22:16:02.206+0100][9884.711s] GC(682) Concurrent Mark From Roots
[2023-12-18T22:16:02.206+0100][9884.711s] GC(682) Using 3 workers of 3 for marking
[2023-12-18T22:16:02.239+0100][9884.744s] GC(682) Concurrent Mark From Roots 32.954ms
[2023-12-18T22:16:02.239+0100][9884.744s] GC(682) Concurrent Preclean
[2023-12-18T22:16:02.239+0100][9884.744s] GC(682) Concurrent Preclean 0.329ms
[2023-12-18T22:16:02.239+0100][9884.745s] GC(682) Pause Remark
[2023-12-18T22:16:02.242+0100][9884.748s] GC(682) Pause Remark 134M->134M(512M) 3.000ms
[2023-12-18T22:16:02.242+0100][9884.748s] GC(682) User=0.00s Sys=0.00s Real=0.00s
[2023-12-18T22:16:02.242+0100][9884.748s] GC(682) Concurrent Mark 36.599ms
[2023-12-18T22:16:02.242+0100][9884.748s] GC(682) Concurrent Rebuild Remembered Sets
[2023-12-18T22:16:02.256+0100][9884.761s] GC(682) Concurrent Rebuild Remembered Sets 13.640ms
[2023-12-18T22:16:02.256+0100][9884.762s] GC(682) Pause Cleanup
[2023-12-18T22:16:02.256+0100][9884.762s] GC(682) Pause Cleanup 138M->138M(512M) 0.193ms
[2023-12-18T22:16:02.256+0100][9884.762s] GC(682) User=0.00s Sys=0.00s Real=0.00s
[2023-12-18T22:16:02.256+0100][9884.762s] GC(682) Concurrent Cleanup for Next Mark
[2023-12-18T22:16:02.257+0100][9884.763s] GC(682) Concurrent Cleanup for Next Mark 0.789ms
[2023-12-18T22:16:02.257+0100][9884.763s] GC(682) Concurrent Mark Cycle 53.855ms
[2023-12-18T22:16:02.844+0100][9885.350s] GC(683) Pause Young (Prepare Mixed) (G1 Evacuation Pause)
[2023-12-18T22:16:02.844+0100][9885.350s] GC(683) Using 10 workers of 10 for evacuation
[2023-12-18T22:16:02.847+0100][9885.353s] GC(683)   Pre Evacuate Collection Set: 0.1ms
[2023-12-18T22:16:02.847+0100][9885.353s] GC(683)   Merge Heap Roots: 0.1ms
[2023-12-18T22:16:02.847+0100][9885.353s] GC(683)   Evacuate Collection Set: 2.1ms
[2023-12-18T22:16:02.847+0100][9885.353s] GC(683)   Post Evacuate Collection Set: 0.6ms
[2023-12-18T22:16:02.847+0100][9885.353s] GC(683)   Other: 0.1ms
[2023-12-18T22:16:02.847+0100][9885.353s] GC(683) Eden regions: 295->0(12)
[2023-12-18T22:16:02.847+0100][9885.353s] GC(683) Survivor regions: 12->13(39)
[2023-12-18T22:16:02.847+0100][9885.353s] GC(683) Old regions: 109->110
[2023-12-18T22:16:02.847+0100][9885.353s] GC(683) Archive regions: 0->0
[2023-12-18T22:16:02.847+0100][9885.353s] GC(683) Humongous regions: 4->4
[2023-12-18T22:16:02.847+0100][9885.353s] GC(683) Metaspace: 62973K(63680K)->62973K(63680K) NonClass: 55980K(56320K)->55980K(56320K) Class: 6993K(7360K)->6993K(7360K)
[2023-12-18T22:16:02.847+0100][9885.353s] GC(683) Pause Young (Prepare Mixed) (G1 Evacuation Pause) 419M->125M(512M) 3.175ms
[2023-12-18T22:16:02.847+0100][9885.353s] GC(683) User=0.11s Sys=0.00s Real=0.00s
[2023-12-18T22:16:02.866+0100][9885.371s] GC(684) Pause Young (Mixed) (G1 Evacuation Pause)
[2023-12-18T22:16:02.866+0100][9885.371s] GC(684) Using 10 workers of 10 for evacuation
[2023-12-18T22:16:02.869+0100][9885.375s] GC(684)   Pre Evacuate Collection Set: 0.0ms
[2023-12-18T22:16:02.869+0100][9885.375s] GC(684)   Merge Heap Roots: 0.0ms
[2023-12-18T22:16:02.869+0100][9885.375s] GC(684)   Evacuate Collection Set: 3.0ms
[2023-12-18T22:16:02.869+0100][9885.375s] GC(684)   Post Evacuate Collection Set: 0.4ms
[2023-12-18T22:16:02.869+0100][9885.375s] GC(684)   Other: 0.1ms
[2023-12-18T22:16:02.869+0100][9885.375s] GC(684) Eden regions: 12->0(305)
[2023-12-18T22:16:02.869+0100][9885.375s] GC(684) Survivor regions: 13->2(4)
[2023-12-18T22:16:02.869+0100][9885.375s] GC(684) Old regions: 110->117
[2023-12-18T22:16:02.869+0100][9885.375s] GC(684) Archive regions: 0->0
[2023-12-18T22:16:02.869+0100][9885.375s] GC(684) Humongous regions: 4->4
[2023-12-18T22:16:02.869+0100][9885.375s] GC(684) Metaspace: 62973K(63680K)->62973K(63680K) NonClass: 55980K(56320K)->55980K(56320K) Class: 6993K(7360K)->6993K(7360K)
[2023-12-18T22:16:02.869+0100][9885.375s] GC(684) Pause Young (Mixed) (G1 Evacuation Pause) 137M->122M(512M) 3.779ms
[2023-12-18T22:16:02.869+0100][9885.375s] GC(684) User=0.00s Sys=0.00s Real=0.00s
[2023-12-18T22:16:03.484+0100][9885.989s] GC(685) Pause Young (Normal) (G1 Evacuation Pause)
[2023-12-18T22:16:03.484+0100][9885.989s] GC(685) Using 10 workers of 10 for evacuation
[2023-12-18T22:16:03.486+0100][9885.991s] GC(685)   Pre Evacuate Collection Set: 0.1ms
[2023-12-18T22:16:03.486+0100][9885.991s] GC(685)   Merge Heap Roots: 0.1ms
[2023-12-18T22:16:03.486+0100][9885.991s] GC(685)   Evacuate Collection Set: 0.9ms
[2023-12-18T22:16:03.486+0100][9885.991s] GC(685)   Post Evacuate Collection Set: 0.4ms
[2023-12-18T22:16:03.486+0100][9885.991s] GC(685)   Other: 0.1ms
[2023-12-18T22:16:03.486+0100][9885.991s] GC(685) Eden regions: 305->0(303)
[2023-12-18T22:16:03.486+0100][9885.991s] GC(685) Survivor regions: 2->4(39)
[2023-12-18T22:16:03.486+0100][9885.991s] GC(685) Old regions: 117->117
[2023-12-18T22:16:03.486+0100][9885.991s] GC(685) Archive regions: 0->0
[2023-12-18T22:16:03.486+0100][9885.991s] GC(685) Humongous regions: 4->4
[2023-12-18T22:16:03.486+0100][9885.991s] GC(685) Metaspace: 62973K(63680K)->62973K(63680K) NonClass: 55980K(56320K)->55980K(56320K) Class: 6993K(7360K)->6993K(7360K)
[2023-12-18T22:16:03.486+0100][9885.991s] GC(685) Pause Young (Normal) (G1 Evacuation Pause) 427M->124M(512M) 1.793ms
[2023-12-18T22:16:03.486+0100][9885.991s] GC(685) User=0.16s Sys=0.00s Real=0.00s
[2023-12-18T22:16:04.059+0100][9886.565s] GC(686) Pause Young (Normal) (G1 Evacuation Pause)
[2023-12-18T22:16:04.059+0100][9886.565s] GC(686) Using 10 workers of 10 for evacuation
[2023-12-18T22:16:04.061+0100][9886.567s] GC(686)   Pre Evacuate Collection Set: 0.1ms
[2023-12-18T22:16:04.061+0100][9886.567s] GC(686)   Merge Heap Roots: 0.1ms
[2023-12-18T22:16:04.061+0100][9886.567s] GC(686)   Evacuate Collection Set: 1.0ms
[2023-12-18T22:16:04.061+0100][9886.567s] GC(686)   Post Evacuate Collection Set: 0.5ms
[2023-12-18T22:16:04.061+0100][9886.567s] GC(686)   Other: 0.1ms
[2023-12-18T22:16:04.061+0100][9886.567s] GC(686) Eden regions: 303->0(302)
[2023-12-18T22:16:04.061+0100][9886.567s] GC(686) Survivor regions: 4->5(39)
[2023-12-18T22:16:04.061+0100][9886.567s] GC(686) Old regions: 117->117
[2023-12-18T22:16:04.061+0100][9886.567s] GC(686) Archive regions: 0->0
[2023-12-18T22:16:04.061+0100][9886.567s] GC(686) Humongous regions: 4->4
[2023-12-18T22:16:04.061+0100][9886.567s] GC(686) Metaspace: 62973K(63680K)->62973K(63680K) NonClass: 55980K(56320K)->55980K(56320K) Class: 6993K(7360K)->6993K(7360K)
[2023-12-18T22:16:04.061+0100][9886.567s] GC(686) Pause Young (Normal) (G1 Evacuation Pause) 427M->125M(512M) 1.954ms
[2023-12-18T22:16:04.061+0100][9886.567s] GC(686) User=0.00s Sys=0.00s Real=0.00s
[2023-12-18T22:16:04.651+0100][9887.156s] GC(687) Pause Young (Concurrent Start) (G1 Evacuation Pause)
[2023-12-18T22:16:04.651+0100][9887.157s] GC(687) Using 10 workers of 10 for evacuation
[2023-12-18T22:16:04.653+0100][9887.158s] GC(687)   Pre Evacuate Collection Set: 0.1ms
[2023-12-18T22:16:04.653+0100][9887.158s] GC(687)   Merge Heap Roots: 0.0ms
[2023-12-18T22:16:04.653+0100][9887.158s] GC(687)   Evacuate Collection Set: 0.8ms
[2023-12-18T22:16:04.653+0100][9887.158s] GC(687)   Post Evacuate Collection Set: 0.2ms
[2023-12-18T22:16:04.653+0100][9887.158s] GC(687)   Other: 0.0ms
[2023-12-18T22:16:04.653+0100][9887.158s] GC(687) Eden regions: 302->0(303)
[2023-12-18T22:16:04.653+0100][9887.158s] GC(687) Survivor regions: 5->4(39)
[2023-12-18T22:16:04.653+0100][9887.158s] GC(687) Old regions: 117->117
[2023-12-18T22:16:04.653+0100][9887.158s] GC(687) Archive regions: 0->0
[2023-12-18T22:16:04.653+0100][9887.158s] GC(687) Humongous regions: 4->4
[2023-12-18T22:16:04.653+0100][9887.158s] GC(687) Metaspace: 62973K(63680K)->62973K(63680K) NonClass: 55980K(56320K)->55980K(56320K) Class: 6993K(7360K)->6993K(7360K)
[2023-12-18T22:16:04.653+0100][9887.158s] GC(687) Pause Young (Concurrent Start) (G1 Evacuation Pause) 427M->124M(512M) 1.388ms
[2023-12-18T22:16:04.653+0100][9887.158s] GC(688) Concurrent Mark Cycle
[2023-12-18T22:16:04.653+0100][9887.158s] GC(687) User=0.00s Sys=0.00s Real=0.00s
[2023-12-18T22:16:04.653+0100][9887.158s] GC(688) Concurrent Clear Claimed Marks
[2023-12-18T22:16:04.653+0100][9887.158s] GC(688) Concurrent Clear Claimed Marks 0.040ms
[2023-12-18T22:16:04.653+0100][9887.158s] GC(688) Concurrent Scan Root Regions
[2023-12-18T22:16:04.653+0100][9887.158s] GC(688) Concurrent Scan Root Regions 0.506ms
[2023-12-18T22:16:04.653+0100][9887.158s] GC(688) Concurrent Mark
[2023-12-18T22:16:04.653+0100][9887.159s] GC(688) Concurrent Mark From Roots
[2023-12-18T22:16:04.653+0100][9887.159s] GC(688) Using 3 workers of 3 for marking
[2023-12-18T22:16:04.672+0100][9887.178s] GC(688) Concurrent Mark From Roots 19.839ms
[2023-12-18T22:16:04.672+0100][9887.178s] GC(688) Concurrent Preclean
[2023-12-18T22:16:04.673+0100][9887.179s] GC(688) Concurrent Preclean 0.295ms
[2023-12-18T22:16:04.673+0100][9887.179s] GC(688) Pause Remark
[2023-12-18T22:16:04.676+0100][9887.182s] GC(688) Pause Remark 131M->131M(512M) 2.989ms
[2023-12-18T22:16:04.676+0100][9887.182s] GC(688) User=0.00s Sys=0.00s Real=0.00s
[2023-12-18T22:16:04.676+0100][9887.182s] GC(688) Concurrent Mark 23.402ms
[2023-12-18T22:16:04.676+0100][9887.182s] GC(688) Concurrent Rebuild Remembered Sets
[2023-12-18T22:16:04.689+0100][9887.196s] GC(688) Concurrent Rebuild Remembered Sets 13.584ms
[2023-12-18T22:16:04.690+0100][9887.196s] GC(688) Pause Cleanup
[2023-12-18T22:16:04.690+0100][9887.196s] GC(688) Pause Cleanup 140M->140M(512M) 0.173ms
[2023-12-18T22:16:04.690+0100][9887.196s] GC(688) User=0.00s Sys=0.00s Real=0.00s
[2023-12-18T22:16:04.690+0100][9887.196s] GC(688) Concurrent Cleanup for Next Mark
[2023-12-18T22:16:04.691+0100][9887.197s] GC(688) Concurrent Cleanup for Next Mark 0.894ms
[2023-12-18T22:16:04.691+0100][9887.197s] GC(688) Concurrent Mark Cycle 38.972ms
[2023-12-18T22:16:05.258+0100][9887.763s] GC(689) Pause Young (Prepare Mixed) (G1 Evacuation Pause)
[2023-12-18T22:16:05.258+0100][9887.763s] GC(689) Using 10 workers of 10 for evacuation
[2023-12-18T22:16:05.260+0100][9887.765s] GC(689)   Pre Evacuate Collection Set: 0.1ms
[2023-12-18T22:16:05.260+0100][9887.765s] GC(689)   Merge Heap Roots: 0.1ms
[2023-12-18T22:16:05.260+0100][9887.765s] GC(689)   Evacuate Collection Set: 1.1ms
[2023-12-18T22:16:05.260+0100][9887.765s] GC(689)   Post Evacuate Collection Set: 0.6ms
[2023-12-18T22:16:05.260+0100][9887.765s] GC(689)   Other: 0.1ms
[2023-12-18T22:16:05.260+0100][9887.765s] GC(689) Eden regions: 303->0(19)
[2023-12-18T22:16:05.260+0100][9887.765s] GC(689) Survivor regions: 4->6(39)
[2023-12-18T22:16:05.260+0100][9887.765s] GC(689) Old regions: 117->117
[2023-12-18T22:16:05.260+0100][9887.765s] GC(689) Archive regions: 0->0
[2023-12-18T22:16:05.260+0100][9887.765s] GC(689) Humongous regions: 4->4
[2023-12-18T22:16:05.260+0100][9887.765s] GC(689) Metaspace: 62973K(63680K)->62973K(63680K) NonClass: 55980K(56320K)->55980K(56320K) Class: 6993K(7360K)->6993K(7360K)
[2023-12-18T22:16:05.260+0100][9887.765s] GC(689) Pause Young (Prepare Mixed) (G1 Evacuation Pause) 427M->126M(512M) 2.102ms
[2023-12-18T22:16:05.260+0100][9887.765s] GC(689) User=0.00s Sys=0.00s Real=0.00s
[2023-12-18T22:16:05.298+0100][9887.803s] GC(690) Pause Young (Mixed) (G1 Evacuation Pause)
[2023-12-18T22:16:05.298+0100][9887.803s] GC(690) Using 10 workers of 10 for evacuation
[2023-12-18T22:16:05.301+0100][9887.806s] GC(690)   Pre Evacuate Collection Set: 0.1ms
[2023-12-18T22:16:05.301+0100][9887.806s] GC(690)   Merge Heap Roots: 0.1ms
[2023-12-18T22:16:05.301+0100][9887.806s] GC(690)   Evacuate Collection Set: 2.5ms
[2023-12-18T22:16:05.301+0100][9887.806s] GC(690)   Post Evacuate Collection Set: 0.4ms
[2023-12-18T22:16:05.301+0100][9887.806s] GC(690)   Other: 0.1ms
[2023-12-18T22:16:05.301+0100][9887.806s] GC(690) Eden regions: 19->0(306)
[2023-12-18T22:16:05.301+0100][9887.806s] GC(690) Survivor regions: 6->1(4)
[2023-12-18T22:16:05.301+0100][9887.806s] GC(690) Old regions: 117->120
[2023-12-18T22:16:05.301+0100][9887.806s] GC(690) Archive regions: 0->0
[2023-12-18T22:16:05.301+0100][9887.806s] GC(690) Humongous regions: 4->4
[2023-12-18T22:16:05.301+0100][9887.806s] GC(690) Metaspace: 62973K(63680K)->62973K(63680K) NonClass: 55980K(56320K)->55980K(56320K) Class: 6993K(7360K)->6993K(7360K)
[2023-12-18T22:16:05.301+0100][9887.806s] GC(690) Pause Young (Mixed) (G1 Evacuation Pause) 145M->124M(512M) 3.271ms
[2023-12-18T22:16:05.301+0100][9887.806s] GC(690) User=0.00s Sys=0.00s Real=0.00s
[2023-12-18T22:16:05.873+0100][9888.379s] GC(691) Pause Young (Normal) (G1 Evacuation Pause)
[2023-12-18T22:16:05.873+0100][9888.379s] GC(691) Using 10 workers of 10 for evacuation
[2023-12-18T22:16:05.876+0100][9888.381s] GC(691)   Pre Evacuate Collection Set: 0.1ms
[2023-12-18T22:16:05.876+0100][9888.381s] GC(691)   Merge Heap Roots: 0.2ms
[2023-12-18T22:16:05.876+0100][9888.381s] GC(691)   Evacuate Collection Set: 1.4ms
[2023-12-18T22:16:05.876+0100][9888.381s] GC(691)   Post Evacuate Collection Set: 0.7ms
[2023-12-18T22:16:05.876+0100][9888.381s] GC(691)   Other: 0.0ms
[2023-12-18T22:16:05.876+0100][9888.381s] GC(691) Eden regions: 306->0(301)
[2023-12-18T22:16:05.876+0100][9888.381s] GC(691) Survivor regions: 1->6(39)
[2023-12-18T22:16:05.876+0100][9888.382s] GC(691) Old regions: 120->120
[2023-12-18T22:16:05.876+0100][9888.382s] GC(691) Archive regions: 0->0
[2023-12-18T22:16:05.876+0100][9888.382s] GC(691) Humongous regions: 4->4
[2023-12-18T22:16:05.876+0100][9888.382s] GC(691) Metaspace: 62973K(63680K)->62973K(63680K) NonClass: 55980K(56320K)->55980K(56320K) Class: 6993K(7360K)->6993K(7360K)
[2023-12-18T22:16:05.876+0100][9888.382s] GC(691) Pause Young (Normal) (G1 Evacuation Pause) 430M->128M(512M) 2.560ms
[2023-12-18T22:16:05.876+0100][9888.382s] GC(691) User=0.05s Sys=0.00s Real=0.00s
[2023-12-18T22:16:06.438+0100][9888.944s] GC(692) Pause Young (Normal) (G1 Evacuation Pause)
[2023-12-18T22:16:06.438+0100][9888.944s] GC(692) Using 10 workers of 10 for evacuation
[2023-12-18T22:16:06.439+0100][9888.945s] GC(692)   Pre Evacuate Collection Set: 0.0ms
[2023-12-18T22:16:06.439+0100][9888.945s] GC(692)   Merge Heap Roots: 0.0ms
[2023-12-18T22:16:06.439+0100][9888.945s] GC(692)   Evacuate Collection Set: 0.5ms
[2023-12-18T22:16:06.439+0100][9888.945s] GC(692)   Post Evacuate Collection Set: 0.3ms
[2023-12-18T22:16:06.439+0100][9888.945s] GC(692)   Other: 0.1ms
[2023-12-18T22:16:06.439+0100][9888.945s] GC(692) Eden regions: 301->0(304)
[2023-12-18T22:16:06.439+0100][9888.945s] GC(692) Survivor regions: 6->3(39)
[2023-12-18T22:16:06.439+0100][9888.945s] GC(692) Old regions: 120->120
[2023-12-18T22:16:06.439+0100][9888.945s] GC(692) Archive regions: 0->0
[2023-12-18T22:16:06.439+0100][9888.945s] GC(692) Humongous regions: 4->4
[2023-12-18T22:16:06.439+0100][9888.945s] GC(692) Metaspace: 62973K(63680K)->62973K(63680K) NonClass: 55980K(56320K)->55980K(56320K) Class: 6993K(7360K)->6993K(7360K)
[2023-12-18T22:16:06.439+0100][9888.945s] GC(692) Pause Young (Normal) (G1 Evacuation Pause) 429M->126M(512M) 1.118ms
[2023-12-18T22:16:06.439+0100][9888.945s] GC(692) User=0.00s Sys=0.00s Real=0.00s
[2023-12-18T22:16:07.029+0100][9889.535s] GC(693) Pause Young (Concurrent Start) (G1 Evacuation Pause)
[2023-12-18T22:16:07.029+0100][9889.535s] GC(693) Using 10 workers of 10 for evacuation
[2023-12-18T22:16:07.031+0100][9889.536s] GC(693)   Pre Evacuate Collection Set: 0.1ms
[2023-12-18T22:16:07.031+0100][9889.536s] GC(693)   Merge Heap Roots: 0.0ms
[2023-12-18T22:16:07.031+0100][9889.536s] GC(693)   Evacuate Collection Set: 1.0ms
[2023-12-18T22:16:07.031+0100][9889.536s] GC(693)   Post Evacuate Collection Set: 0.2ms
[2023-12-18T22:16:07.031+0100][9889.536s] GC(693)   Other: 0.0ms
[2023-12-18T22:16:07.031+0100][9889.536s] GC(693) Eden regions: 304->0(302)
[2023-12-18T22:16:07.031+0100][9889.536s] GC(693) Survivor regions: 3->5(39)
[2023-12-18T22:16:07.031+0100][9889.536s] GC(693) Old regions: 120->120
[2023-12-18T22:16:07.031+0100][9889.536s] GC(693) Archive regions: 0->0
[2023-12-18T22:16:07.031+0100][9889.536s] GC(693) Humongous regions: 4->4
[2023-12-18T22:16:07.031+0100][9889.536s] GC(693) Metaspace: 62973K(63680K)->62973K(63680K) NonClass: 55980K(56320K)->55980K(56320K) Class: 6993K(7360K)->6993K(7360K)
[2023-12-18T22:16:07.031+0100][9889.536s] GC(693) Pause Young (Concurrent Start) (G1 Evacuation Pause) 430M->128M(512M) 1.568ms
[2023-12-18T22:16:07.031+0100][9889.536s] GC(694) Concurrent Mark Cycle
[2023-12-18T22:16:07.031+0100][9889.536s] GC(693) User=0.00s Sys=0.00s Real=0.00s
[2023-12-18T22:16:07.031+0100][9889.536s] GC(694) Concurrent Clear Claimed Marks
[2023-12-18T22:16:07.031+0100][9889.536s] GC(694) Concurrent Clear Claimed Marks 0.052ms
[2023-12-18T22:16:07.031+0100][9889.536s] GC(694) Concurrent Scan Root Regions
[2023-12-18T22:16:07.031+0100][9889.537s] GC(694) Concurrent Scan Root Regions 0.578ms
[2023-12-18T22:16:07.031+0100][9889.537s] GC(694) Concurrent Mark
[2023-12-18T22:16:07.031+0100][9889.537s] GC(694) Concurrent Mark From Roots
[2023-12-18T22:16:07.031+0100][9889.537s] GC(694) Using 3 workers of 3 for marking
[2023-12-18T22:16:07.051+0100][9889.557s] GC(694) Concurrent Mark From Roots 19.934ms
[2023-12-18T22:16:07.051+0100][9889.557s] GC(694) Concurrent Preclean
[2023-12-18T22:16:07.052+0100][9889.557s] GC(694) Concurrent Preclean 0.167ms
[2023-12-18T22:16:07.052+0100][9889.557s] GC(694) Pause Remark
[2023-12-18T22:16:07.055+0100][9889.560s] GC(694) Pause Remark 134M->134M(512M) 3.074ms
[2023-12-18T22:16:07.055+0100][9889.560s] GC(694) User=0.00s Sys=0.00s Real=0.00s
[2023-12-18T22:16:07.055+0100][9889.560s] GC(694) Concurrent Mark 23.394ms
[2023-12-18T22:16:07.055+0100][9889.560s] GC(694) Concurrent Rebuild Remembered Sets
[2023-12-18T22:16:07.067+0100][9889.573s] GC(694) Concurrent Rebuild Remembered Sets 12.344ms
[2023-12-18T22:16:07.067+0100][9889.573s] GC(694) Pause Cleanup
[2023-12-18T22:16:07.067+0100][9889.573s] GC(694) Pause Cleanup 138M->138M(512M) 0.177ms
[2023-12-18T22:16:07.067+0100][9889.573s] GC(694) User=0.00s Sys=0.00s Real=0.00s
[2023-12-18T22:16:07.067+0100][9889.573s] GC(694) Concurrent Cleanup for Next Mark
[2023-12-18T22:16:07.068+0100][9889.573s] GC(694) Concurrent Cleanup for Next Mark 0.613ms
[2023-12-18T22:16:07.068+0100][9889.573s] GC(694) Concurrent Mark Cycle 37.403ms
[2023-12-18T22:16:07.666+0100][9890.172s] GC(695) Pause Young (Prepare Mixed) (G1 Evacuation Pause)
[2023-12-18T22:16:07.666+0100][9890.172s] GC(695) Using 10 workers of 10 for evacuation
[2023-12-18T22:16:07.668+0100][9890.174s] GC(695)   Pre Evacuate Collection Set: 0.1ms
[2023-12-18T22:16:07.668+0100][9890.174s] GC(695)   Merge Heap Roots: 0.1ms
[2023-12-18T22:16:07.668+0100][9890.174s] GC(695)   Evacuate Collection Set: 1.2ms
[2023-12-18T22:16:07.668+0100][9890.174s] GC(695)   Post Evacuate Collection Set: 0.5ms
[2023-12-18T22:16:07.668+0100][9890.174s] GC(695)   Other: 0.1ms
[2023-12-18T22:16:07.668+0100][9890.174s] GC(695) Eden regions: 302->0(18)
[2023-12-18T22:16:07.668+0100][9890.174s] GC(695) Survivor regions: 5->7(39)
[2023-12-18T22:16:07.668+0100][9890.174s] GC(695) Old regions: 120->120
[2023-12-18T22:16:07.668+0100][9890.174s] GC(695) Archive regions: 0->0
[2023-12-18T22:16:07.668+0100][9890.174s] GC(695) Humongous regions: 4->4
[2023-12-18T22:16:07.668+0100][9890.174s] GC(695) Metaspace: 62973K(63680K)->62973K(63680K) NonClass: 55980K(56320K)->55980K(56320K) Class: 6993K(7360K)->6993K(7360K)
[2023-12-18T22:16:07.668+0100][9890.174s] GC(695) Pause Young (Prepare Mixed) (G1 Evacuation Pause) 430M->129M(512M) 2.167ms
[2023-12-18T22:16:07.668+0100][9890.174s] GC(695) User=0.00s Sys=0.00s Real=0.00s
[2023-12-18T22:16:07.708+0100][9890.214s] GC(696) Pause Young (Mixed) (G1 Evacuation Pause)
[2023-12-18T22:16:07.708+0100][9890.214s] GC(696) Using 10 workers of 10 for evacuation
[2023-12-18T22:16:07.710+0100][9890.216s] GC(696)   Pre Evacuate Collection Set: 0.0ms
[2023-12-18T22:16:07.710+0100][9890.216s] GC(696)   Merge Heap Roots: 0.1ms
[2023-12-18T22:16:07.710+0100][9890.216s] GC(696)   Evacuate Collection Set: 1.7ms
[2023-12-18T22:16:07.710+0100][9890.216s] GC(696)   Post Evacuate Collection Set: 0.2ms
[2023-12-18T22:16:07.710+0100][9890.216s] GC(696)   Other: 0.1ms
[2023-12-18T22:16:07.710+0100][9890.216s] GC(696) Eden regions: 18->0(306)
[2023-12-18T22:16:07.710+0100][9890.216s] GC(696) Survivor regions: 7->1(4)
[2023-12-18T22:16:07.710+0100][9890.216s] GC(696) Old regions: 120->122
[2023-12-18T22:16:07.710+0100][9890.216s] GC(696) Archive regions: 0->0
[2023-12-18T22:16:07.710+0100][9890.216s] GC(696) Humongous regions: 4->4
[2023-12-18T22:16:07.710+0100][9890.216s] GC(696) Metaspace: 62973K(63680K)->62973K(63680K) NonClass: 55980K(56320K)->55980K(56320K) Class: 6993K(7360K)->6993K(7360K)
[2023-12-18T22:16:07.710+0100][9890.216s] GC(696) Pause Young (Mixed) (G1 Evacuation Pause) 147M->126M(512M) 2.326ms
[2023-12-18T22:16:07.711+0100][9890.216s] GC(696) User=0.00s Sys=0.00s Real=0.00s
[2023-12-18T22:16:08.272+0100][9890.778s] GC(697) Pause Young (Normal) (G1 Evacuation Pause)
[2023-12-18T22:16:08.272+0100][9890.778s] GC(697) Using 10 workers of 10 for evacuation
[2023-12-18T22:16:08.274+0100][9890.780s] GC(697)   Pre Evacuate Collection Set: 0.1ms
[2023-12-18T22:16:08.274+0100][9890.780s] GC(697)   Merge Heap Roots: 0.0ms
[2023-12-18T22:16:08.274+0100][9890.780s] GC(697)   Evacuate Collection Set: 1.0ms
[2023-12-18T22:16:08.274+0100][9890.780s] GC(697)   Post Evacuate Collection Set: 0.6ms
[2023-12-18T22:16:08.274+0100][9890.780s] GC(697)   Other: 0.1ms
[2023-12-18T22:16:08.274+0100][9890.780s] GC(697) Eden regions: 306->0(303)
[2023-12-18T22:16:08.274+0100][9890.780s] GC(697) Survivor regions: 1->4(39)
[2023-12-18T22:16:08.274+0100][9890.780s] GC(697) Old regions: 122->122
[2023-12-18T22:16:08.274+0100][9890.780s] GC(697) Archive regions: 0->0
[2023-12-18T22:16:08.274+0100][9890.780s] GC(697) Humongous regions: 4->4
[2023-12-18T22:16:08.274+0100][9890.780s] GC(697) Metaspace: 62973K(63680K)->62973K(63680K) NonClass: 55980K(56320K)->55980K(56320K) Class: 6993K(7360K)->6993K(7360K)
[2023-12-18T22:16:08.274+0100][9890.780s] GC(697) Pause Young (Normal) (G1 Evacuation Pause) 432M->129M(512M) 1.923ms
[2023-12-18T22:16:08.274+0100][9890.780s] GC(697) User=0.00s Sys=0.00s Real=0.00s
[2023-12-18T22:16:08.851+0100][9891.356s] GC(698) Pause Young (Normal) (G1 Evacuation Pause)
[2023-12-18T22:16:08.851+0100][9891.356s] GC(698) Using 10 workers of 10 for evacuation
[2023-12-18T22:16:08.852+0100][9891.357s] GC(698)   Pre Evacuate Collection Set: 0.0ms
[2023-12-18T22:16:08.852+0100][9891.357s] GC(698)   Merge Heap Roots: 0.0ms
[2023-12-18T22:16:08.852+0100][9891.357s] GC(698)   Evacuate Collection Set: 0.7ms
[2023-12-18T22:16:08.852+0100][9891.357s] GC(698)   Post Evacuate Collection Set: 0.3ms
[2023-12-18T22:16:08.852+0100][9891.357s] GC(698)   Other: 0.1ms
[2023-12-18T22:16:08.852+0100][9891.357s] GC(698) Eden regions: 303->0(303)
[2023-12-18T22:16:08.852+0100][9891.357s] GC(698) Survivor regions: 4->4(39)
[2023-12-18T22:16:08.852+0100][9891.357s] GC(698) Old regions: 122->122
[2023-12-18T22:16:08.852+0100][9891.357s] GC(698) Archive regions: 0->0
[2023-12-18T22:16:08.852+0100][9891.357s] GC(698) Humongous regions: 4->4
[2023-12-18T22:16:08.852+0100][9891.357s] GC(698) Metaspace: 62973K(63680K)->62973K(63680K) NonClass: 55980K(56320K)->55980K(56320K) Class: 6993K(7360K)->6993K(7360K)
[2023-12-18T22:16:08.852+0100][9891.357s] GC(698) Pause Young (Normal) (G1 Evacuation Pause) 432M->129M(512M) 1.302ms
[2023-12-18T22:16:08.852+0100][9891.357s] GC(698) User=0.00s Sys=0.00s Real=0.00s
[2023-12-18T22:16:09.475+0100][9891.981s] GC(699) Pause Young (Concurrent Start) (G1 Evacuation Pause)
[2023-12-18T22:16:09.475+0100][9891.981s] GC(699) Using 10 workers of 10 for evacuation
[2023-12-18T22:16:09.477+0100][9891.983s] GC(699)   Pre Evacuate Collection Set: 0.1ms
[2023-12-18T22:16:09.477+0100][9891.983s] GC(699)   Merge Heap Roots: 0.1ms
[2023-12-18T22:16:09.477+0100][9891.983s] GC(699)   Evacuate Collection Set: 1.1ms
[2023-12-18T22:16:09.477+0100][9891.983s] GC(699)   Post Evacuate Collection Set: 0.4ms
[2023-12-18T22:16:09.477+0100][9891.983s] GC(699)   Other: 0.1ms
[2023-12-18T22:16:09.477+0100][9891.983s] GC(699) Eden regions: 303->0(302)
[2023-12-18T22:16:09.477+0100][9891.983s] GC(699) Survivor regions: 4->5(39)
[2023-12-18T22:16:09.477+0100][9891.983s] GC(699) Old regions: 122->122
[2023-12-18T22:16:09.477+0100][9891.983s] GC(699) Archive regions: 0->0
[2023-12-18T22:16:09.477+0100][9891.983s] GC(699) Humongous regions: 4->4
[2023-12-18T22:16:09.477+0100][9891.983s] GC(699) Metaspace: 62973K(63680K)->62973K(63680K) NonClass: 55980K(56320K)->55980K(56320K) Class: 6993K(7360K)->6993K(7360K)
[2023-12-18T22:16:09.477+0100][9891.983s] GC(699) Pause Young (Concurrent Start) (G1 Evacuation Pause) 432M->130M(512M) 2.014ms
[2023-12-18T22:16:09.477+0100][9891.983s] GC(700) Concurrent Mark Cycle
[2023-12-18T22:16:09.477+0100][9891.983s] GC(699) User=0.00s Sys=0.00s Real=0.00s
[2023-12-18T22:16:09.477+0100][9891.983s] GC(700) Concurrent Clear Claimed Marks
[2023-12-18T22:16:09.477+0100][9891.983s] GC(700) Concurrent Clear Claimed Marks 0.050ms
[2023-12-18T22:16:09.477+0100][9891.983s] GC(700) Concurrent Scan Root Regions
[2023-12-18T22:16:09.478+0100][9891.984s] GC(700) Concurrent Scan Root Regions 0.822ms
[2023-12-18T22:16:09.478+0100][9891.984s] GC(700) Concurrent Mark
[2023-12-18T22:16:09.478+0100][9891.984s] GC(700) Concurrent Mark From Roots
[2023-12-18T22:16:09.478+0100][9891.984s] GC(700) Using 3 workers of 3 for marking
[2023-12-18T22:16:09.505+0100][9892.011s] GC(700) Concurrent Mark From Roots 26.539ms
[2023-12-18T22:16:09.505+0100][9892.011s] GC(700) Concurrent Preclean
[2023-12-18T22:16:09.505+0100][9892.011s] GC(700) Concurrent Preclean 0.158ms
[2023-12-18T22:16:09.506+0100][9892.011s] GC(700) Pause Remark
[2023-12-18T22:16:09.509+0100][9892.015s] GC(700) Pause Remark 141M->141M(512M) 3.849ms
[2023-12-18T22:16:09.509+0100][9892.015s] GC(700) User=0.00s Sys=0.00s Real=0.00s
[2023-12-18T22:16:09.509+0100][9892.015s] GC(700) Concurrent Mark 30.806ms
[2023-12-18T22:16:09.509+0100][9892.015s] GC(700) Concurrent Rebuild Remembered Sets
[2023-12-18T22:16:09.522+0100][9892.027s] GC(700) Concurrent Rebuild Remembered Sets 12.328ms
[2023-12-18T22:16:09.522+0100][9892.028s] GC(700) Pause Cleanup
[2023-12-18T22:16:09.522+0100][9892.028s] GC(700) Pause Cleanup 145M->145M(512M) 0.139ms
[2023-12-18T22:16:09.522+0100][9892.028s] GC(700) User=0.00s Sys=0.00s Real=0.00s
[2023-12-18T22:16:09.522+0100][9892.028s] GC(700) Concurrent Cleanup for Next Mark
[2023-12-18T22:16:09.523+0100][9892.029s] GC(700) Concurrent Cleanup for Next Mark 0.750ms
[2023-12-18T22:16:09.523+0100][9892.029s] GC(700) Concurrent Mark Cycle 45.260ms
[2023-12-18T22:16:10.062+0100][9892.568s] GC(701) Pause Young (Prepare Mixed) (G1 Evacuation Pause)
[2023-12-18T22:16:10.062+0100][9892.568s] GC(701) Using 10 workers of 10 for evacuation
[2023-12-18T22:16:10.064+0100][9892.570s] GC(701)   Pre Evacuate Collection Set: 0.1ms
[2023-12-18T22:16:10.064+0100][9892.570s] GC(701)   Merge Heap Roots: 0.0ms
[2023-12-18T22:16:10.064+0100][9892.570s] GC(701)   Evacuate Collection Set: 1.5ms
[2023-12-18T22:16:10.064+0100][9892.570s] GC(701)   Post Evacuate Collection Set: 0.3ms
[2023-12-18T22:16:10.064+0100][9892.570s] GC(701)   Other: 0.1ms
[2023-12-18T22:16:10.064+0100][9892.570s] GC(701) Eden regions: 302->0(18)
[2023-12-18T22:16:10.064+0100][9892.570s] GC(701) Survivor regions: 5->7(39)
[2023-12-18T22:16:10.064+0100][9892.570s] GC(701) Old regions: 122->122
[2023-12-18T22:16:10.064+0100][9892.570s] GC(701) Archive regions: 0->0
[2023-12-18T22:16:10.064+0100][9892.570s] GC(701) Humongous regions: 4->4
[2023-12-18T22:16:10.064+0100][9892.570s] GC(701) Metaspace: 62973K(63680K)->62973K(63680K) NonClass: 55980K(56320K)->55980K(56320K) Class: 6993K(7360K)->6993K(7360K)
[2023-12-18T22:16:10.064+0100][9892.570s] GC(701) Pause Young (Prepare Mixed) (G1 Evacuation Pause) 432M->132M(512M) 2.158ms
[2023-12-18T22:16:10.064+0100][9892.570s] GC(701) User=0.16s Sys=0.00s Real=0.00s
[2023-12-18T22:16:10.070+0100][9892.576s] GC(702) Pause Young (Mixed) (G1 Evacuation Pause)
[2023-12-18T22:16:10.070+0100][9892.576s] GC(702) Using 10 workers of 10 for evacuation
[2023-12-18T22:16:10.072+0100][9892.578s] GC(702)   Pre Evacuate Collection Set: 0.0ms
[2023-12-18T22:16:10.072+0100][9892.578s] GC(702)   Merge Heap Roots: 0.0ms
[2023-12-18T22:16:10.072+0100][9892.578s] GC(702)   Evacuate Collection Set: 1.9ms
[2023-12-18T22:16:10.072+0100][9892.578s] GC(702)   Post Evacuate Collection Set: 0.2ms
[2023-12-18T22:16:10.072+0100][9892.578s] GC(702)   Other: 0.1ms
[2023-12-18T22:16:10.072+0100][9892.578s] GC(702) Eden regions: 18->0(306)
[2023-12-18T22:16:10.072+0100][9892.578s] GC(702) Survivor regions: 7->1(4)
[2023-12-18T22:16:10.072+0100][9892.578s] GC(702) Old regions: 122->126
[2023-12-18T22:16:10.072+0100][9892.578s] GC(702) Archive regions: 0->0
[2023-12-18T22:16:10.072+0100][9892.578s] GC(702) Humongous regions: 4->4
[2023-12-18T22:16:10.072+0100][9892.578s] GC(702) Metaspace: 62973K(63680K)->62973K(63680K) NonClass: 55980K(56320K)->55980K(56320K) Class: 6993K(7360K)->6993K(7360K)
[2023-12-18T22:16:10.072+0100][9892.578s] GC(702) Pause Young (Mixed) (G1 Evacuation Pause) 150M->129M(512M) 2.458ms
[2023-12-18T22:16:10.072+0100][9892.578s] GC(702) User=0.00s Sys=0.00s Real=0.00s
[2023-12-18T22:16:10.640+0100][9893.145s] GC(703) Pause Young (Normal) (G1 Evacuation Pause)
[2023-12-18T22:16:10.640+0100][9893.145s] GC(703) Using 10 workers of 10 for evacuation
[2023-12-18T22:16:10.641+0100][9893.146s] GC(703)   Pre Evacuate Collection Set: 0.1ms
[2023-12-18T22:16:10.641+0100][9893.146s] GC(703)   Merge Heap Roots: 0.1ms
[2023-12-18T22:16:10.641+0100][9893.146s] GC(703)   Evacuate Collection Set: 0.6ms
[2023-12-18T22:16:10.641+0100][9893.146s] GC(703)   Post Evacuate Collection Set: 0.4ms
[2023-12-18T22:16:10.641+0100][9893.146s] GC(703)   Other: 0.1ms
[2023-12-18T22:16:10.641+0100][9893.146s] GC(703) Eden regions: 306->0(304)
[2023-12-18T22:16:10.641+0100][9893.146s] GC(703) Survivor regions: 1->3(39)
[2023-12-18T22:16:10.641+0100][9893.146s] GC(703) Old regions: 126->126
[2023-12-18T22:16:10.641+0100][9893.146s] GC(703) Archive regions: 0->0
[2023-12-18T22:16:10.641+0100][9893.146s] GC(703) Humongous regions: 4->4
[2023-12-18T22:16:10.641+0100][9893.146s] GC(703) Metaspace: 62973K(63680K)->62973K(63680K) NonClass: 55980K(56320K)->55980K(56320K) Class: 6993K(7360K)->6993K(7360K)
[2023-12-18T22:16:10.641+0100][9893.146s] GC(703) Pause Young (Normal) (G1 Evacuation Pause) 435M->132M(512M) 1.456ms
[2023-12-18T22:16:10.641+0100][9893.146s] GC(703) User=0.00s Sys=0.00s Real=0.00s
[2023-12-18T22:16:11.254+0100][9893.759s] GC(704) Pause Young (Normal) (G1 Evacuation Pause)
[2023-12-18T22:16:11.254+0100][9893.760s] GC(704) Using 10 workers of 10 for evacuation
[2023-12-18T22:16:11.256+0100][9893.761s] GC(704)   Pre Evacuate Collection Set: 0.1ms
[2023-12-18T22:16:11.256+0100][9893.761s] GC(704)   Merge Heap Roots: 0.0ms
[2023-12-18T22:16:11.256+0100][9893.761s] GC(704)   Evacuate Collection Set: 1.0ms
[2023-12-18T22:16:11.256+0100][9893.761s] GC(704)   Post Evacuate Collection Set: 0.4ms
[2023-12-18T22:16:11.256+0100][9893.761s] GC(704)   Other: 0.1ms
[2023-12-18T22:16:11.256+0100][9893.761s] GC(704) Eden regions: 304->0(302)
[2023-12-18T22:16:11.256+0100][9893.761s] GC(704) Survivor regions: 3->5(39)
[2023-12-18T22:16:11.256+0100][9893.761s] GC(704) Old regions: 126->126
[2023-12-18T22:16:11.256+0100][9893.761s] GC(704) Archive regions: 0->0
[2023-12-18T22:16:11.256+0100][9893.761s] GC(704) Humongous regions: 4->4
[2023-12-18T22:16:11.256+0100][9893.761s] GC(704) Metaspace: 62973K(63680K)->62973K(63680K) NonClass: 55980K(56320K)->55980K(56320K) Class: 6993K(7360K)->6993K(7360K)
[2023-12-18T22:16:11.256+0100][9893.761s] GC(704) Pause Young (Normal) (G1 Evacuation Pause) 436M->133M(512M) 1.827ms
[2023-12-18T22:16:11.256+0100][9893.761s] GC(704) User=0.00s Sys=0.00s Real=0.00s
[2023-12-18T22:16:11.779+0100][9894.285s] GC(705) Pause Young (Concurrent Start) (G1 Evacuation Pause)
[2023-12-18T22:16:11.779+0100][9894.285s] GC(705) Using 10 workers of 10 for evacuation
[2023-12-18T22:16:11.780+0100][9894.286s] GC(705)   Pre Evacuate Collection Set: 0.1ms
[2023-12-18T22:16:11.780+0100][9894.286s] GC(705)   Merge Heap Roots: 0.1ms
[2023-12-18T22:16:11.780+0100][9894.286s] GC(705)   Evacuate Collection Set: 0.8ms
[2023-12-18T22:16:11.780+0100][9894.286s] GC(705)   Post Evacuate Collection Set: 0.4ms
[2023-12-18T22:16:11.780+0100][9894.286s] GC(705)   Other: 0.0ms
[2023-12-18T22:16:11.780+0100][9894.286s] GC(705) Eden regions: 302->0(303)
[2023-12-18T22:16:11.780+0100][9894.286s] GC(705) Survivor regions: 5->4(39)
[2023-12-18T22:16:11.780+0100][9894.286s] GC(705) Old regions: 126->126
[2023-12-18T22:16:11.780+0100][9894.286s] GC(705) Archive regions: 0->0
[2023-12-18T22:16:11.780+0100][9894.286s] GC(705) Humongous regions: 4->4
[2023-12-18T22:16:11.780+0100][9894.286s] GC(705) Metaspace: 62973K(63680K)->62973K(63680K) NonClass: 55980K(56320K)->55980K(56320K) Class: 6993K(7360K)->6993K(7360K)
[2023-12-18T22:16:11.780+0100][9894.286s] GC(705) Pause Young (Concurrent Start) (G1 Evacuation Pause) 435M->132M(512M) 1.548ms
[2023-12-18T22:16:11.780+0100][9894.286s] GC(706) Concurrent Mark Cycle
[2023-12-18T22:16:11.780+0100][9894.286s] GC(705) User=0.00s Sys=0.00s Real=0.00s
[2023-12-18T22:16:11.780+0100][9894.287s] GC(706) Concurrent Clear Claimed Marks
[2023-12-18T22:16:11.780+0100][9894.287s] GC(706) Concurrent Clear Claimed Marks 0.043ms
[2023-12-18T22:16:11.780+0100][9894.287s] GC(706) Concurrent Scan Root Regions
[2023-12-18T22:16:11.781+0100][9894.287s] GC(706) Concurrent Scan Root Regions 0.636ms
[2023-12-18T22:16:11.781+0100][9894.287s] GC(706) Concurrent Mark
[2023-12-18T22:16:11.781+0100][9894.287s] GC(706) Concurrent Mark From Roots
[2023-12-18T22:16:11.781+0100][9894.287s] GC(706) Using 3 workers of 3 for marking
[2023-12-18T22:16:11.801+0100][9894.307s] GC(706) Concurrent Mark From Roots 19.824ms
[2023-12-18T22:16:11.801+0100][9894.307s] GC(706) Concurrent Preclean
[2023-12-18T22:16:11.801+0100][9894.307s] GC(706) Concurrent Preclean 0.154ms
[2023-12-18T22:16:11.801+0100][9894.307s] GC(706) Pause Remark
[2023-12-18T22:16:11.805+0100][9894.311s] GC(706) Pause Remark 138M->138M(512M) 3.652ms
[2023-12-18T22:16:11.805+0100][9894.311s] GC(706) User=0.00s Sys=0.00s Real=0.00s
[2023-12-18T22:16:11.805+0100][9894.311s] GC(706) Concurrent Mark 23.870ms
[2023-12-18T22:16:11.805+0100][9894.311s] GC(706) Concurrent Rebuild Remembered Sets
[2023-12-18T22:16:11.819+0100][9894.325s] GC(706) Concurrent Rebuild Remembered Sets 13.500ms
[2023-12-18T22:16:11.819+0100][9894.325s] GC(706) Pause Cleanup
[2023-12-18T22:16:11.819+0100][9894.325s] GC(706) Pause Cleanup 148M->148M(512M) 0.160ms
[2023-12-18T22:16:11.819+0100][9894.325s] GC(706) User=0.00s Sys=0.00s Real=0.00s
[2023-12-18T22:16:11.819+0100][9894.325s] GC(706) Concurrent Cleanup for Next Mark
[2023-12-18T22:16:11.820+0100][9894.326s] GC(706) Concurrent Cleanup for Next Mark 0.745ms
[2023-12-18T22:16:11.820+0100][9894.326s] GC(706) Concurrent Mark Cycle 39.221ms
[2023-12-18T22:16:12.385+0100][9894.890s] GC(707) Pause Young (Prepare Mixed) (G1 Evacuation Pause)
[2023-12-18T22:16:12.385+0100][9894.890s] GC(707) Using 10 workers of 10 for evacuation
[2023-12-18T22:16:12.387+0100][9894.892s] GC(707)   Pre Evacuate Collection Set: 0.1ms
[2023-12-18T22:16:12.387+0100][9894.892s] GC(707)   Merge Heap Roots: 0.1ms
[2023-12-18T22:16:12.387+0100][9894.892s] GC(707)   Evacuate Collection Set: 1.1ms
[2023-12-18T22:16:12.387+0100][9894.892s] GC(707)   Post Evacuate Collection Set: 0.4ms
[2023-12-18T22:16:12.387+0100][9894.892s] GC(707)   Other: 0.1ms
[2023-12-18T22:16:12.387+0100][9894.892s] GC(707) Eden regions: 303->0(19)
[2023-12-18T22:16:12.387+0100][9894.892s] GC(707) Survivor regions: 4->6(39)
[2023-12-18T22:16:12.387+0100][9894.892s] GC(707) Old regions: 126->126
[2023-12-18T22:16:12.387+0100][9894.892s] GC(707) Archive regions: 0->0
[2023-12-18T22:16:12.387+0100][9894.892s] GC(707) Humongous regions: 4->4
[2023-12-18T22:16:12.387+0100][9894.892s] GC(707) Metaspace: 62973K(63680K)->62973K(63680K) NonClass: 55980K(56320K)->55980K(56320K) Class: 6993K(7360K)->6993K(7360K)
[2023-12-18T22:16:12.387+0100][9894.892s] GC(707) Pause Young (Prepare Mixed) (G1 Evacuation Pause) 435M->135M(512M) 1.920ms
[2023-12-18T22:16:12.387+0100][9894.892s] GC(707) User=0.00s Sys=0.00s Real=0.00s
[2023-12-18T22:16:12.428+0100][9894.933s] GC(708) Pause Young (Mixed) (G1 Evacuation Pause)
[2023-12-18T22:16:12.428+0100][9894.933s] GC(708) Using 10 workers of 10 for evacuation
[2023-12-18T22:16:12.430+0100][9894.935s] GC(708)   Pre Evacuate Collection Set: 0.1ms
[2023-12-18T22:16:12.430+0100][9894.935s] GC(708)   Merge Heap Roots: 0.1ms
[2023-12-18T22:16:12.430+0100][9894.935s] GC(708)   Evacuate Collection Set: 1.5ms
[2023-12-18T22:16:12.430+0100][9894.935s] GC(708)   Post Evacuate Collection Set: 0.4ms
[2023-12-18T22:16:12.430+0100][9894.935s] GC(708)   Other: 0.1ms
[2023-12-18T22:16:12.430+0100][9894.935s] GC(708) Eden regions: 19->0(306)
[2023-12-18T22:16:12.430+0100][9894.935s] GC(708) Survivor regions: 6->1(4)
[2023-12-18T22:16:12.430+0100][9894.936s] GC(708) Old regions: 126->128
[2023-12-18T22:16:12.430+0100][9894.936s] GC(708) Archive regions: 0->0
[2023-12-18T22:16:12.430+0100][9894.936s] GC(708) Humongous regions: 4->4
[2023-12-18T22:16:12.430+0100][9894.936s] GC(708) Metaspace: 62973K(63680K)->62973K(63680K) NonClass: 55980K(56320K)->55980K(56320K) Class: 6993K(7360K)->6993K(7360K)
[2023-12-18T22:16:12.430+0100][9894.936s] GC(708) Pause Young (Mixed) (G1 Evacuation Pause) 154M->132M(512M) 2.296ms
[2023-12-18T22:16:12.430+0100][9894.936s] GC(708) User=0.00s Sys=0.00s Real=0.00s
[2023-12-18T22:16:12.968+0100][9895.474s] GC(709) Pause Young (Normal) (G1 Evacuation Pause)
[2023-12-18T22:16:12.968+0100][9895.474s] GC(709) Using 10 workers of 10 for evacuation
[2023-12-18T22:16:12.970+0100][9895.476s] GC(709)   Pre Evacuate Collection Set: 0.1ms
[2023-12-18T22:16:12.970+0100][9895.476s] GC(709)   Merge Heap Roots: 0.1ms
[2023-12-18T22:16:12.970+0100][9895.476s] GC(709)   Evacuate Collection Set: 1.2ms
[2023-12-18T22:16:12.970+0100][9895.476s] GC(709)   Post Evacuate Collection Set: 0.4ms
[2023-12-18T22:16:12.970+0100][9895.476s] GC(709)   Other: 0.1ms
[2023-12-18T22:16:12.970+0100][9895.476s] GC(709) Eden regions: 306->0(302)
[2023-12-18T22:16:12.970+0100][9895.476s] GC(709) Survivor regions: 1->5(39)
[2023-12-18T22:16:12.970+0100][9895.476s] GC(709) Old regions: 128->128
[2023-12-18T22:16:12.970+0100][9895.476s] GC(709) Archive regions: 0->0
[2023-12-18T22:16:12.970+0100][9895.476s] GC(709) Humongous regions: 4->4
[2023-12-18T22:16:12.970+0100][9895.476s] GC(709) Metaspace: 62973K(63680K)->62973K(63680K) NonClass: 55980K(56320K)->55980K(56320K) Class: 6993K(7360K)->6993K(7360K)
[2023-12-18T22:16:12.970+0100][9895.476s] GC(709) Pause Young (Normal) (G1 Evacuation Pause) 438M->136M(512M) 2.081ms
[2023-12-18T22:16:12.970+0100][9895.476s] GC(709) User=0.16s Sys=0.00s Real=0.00s
[2023-12-18T22:16:13.533+0100][9896.038s] GC(710) Pause Young (Normal) (G1 Evacuation Pause)
[2023-12-18T22:16:13.533+0100][9896.038s] GC(710) Using 10 workers of 10 for evacuation
[2023-12-18T22:16:13.534+0100][9896.040s] GC(710)   Pre Evacuate Collection Set: 0.1ms
[2023-12-18T22:16:13.534+0100][9896.040s] GC(710)   Merge Heap Roots: 0.1ms
[2023-12-18T22:16:13.534+0100][9896.040s] GC(710)   Evacuate Collection Set: 0.8ms
[2023-12-18T22:16:13.534+0100][9896.040s] GC(710)   Post Evacuate Collection Set: 0.4ms
[2023-12-18T22:16:13.534+0100][9896.040s] GC(710)   Other: 0.1ms
[2023-12-18T22:16:13.534+0100][9896.040s] GC(710) Eden regions: 302->0(303)
[2023-12-18T22:16:13.534+0100][9896.040s] GC(710) Survivor regions: 5->4(39)
[2023-12-18T22:16:13.534+0100][9896.040s] GC(710) Old regions: 128->128
[2023-12-18T22:16:13.534+0100][9896.040s] GC(710) Archive regions: 0->0
[2023-12-18T22:16:13.534+0100][9896.040s] GC(710) Humongous regions: 4->4
[2023-12-18T22:16:13.534+0100][9896.040s] GC(710) Metaspace: 62973K(63680K)->62973K(63680K) NonClass: 55980K(56320K)->55980K(56320K) Class: 6993K(7360K)->6993K(7360K)
[2023-12-18T22:16:13.534+0100][9896.040s] GC(710) Pause Young (Normal) (G1 Evacuation Pause) 438M->135M(512M) 1.636ms
[2023-12-18T22:16:13.534+0100][9896.040s] GC(710) User=0.00s Sys=0.00s Real=0.00s
[2023-12-18T22:16:14.127+0100][9896.632s] GC(711) Pause Young (Concurrent Start) (G1 Evacuation Pause)
[2023-12-18T22:16:14.127+0100][9896.632s] GC(711) Using 10 workers of 10 for evacuation
[2023-12-18T22:16:14.128+0100][9896.634s] GC(711)   Pre Evacuate Collection Set: 0.2ms
[2023-12-18T22:16:14.129+0100][9896.634s] GC(711)   Merge Heap Roots: 0.1ms
[2023-12-18T22:16:14.129+0100][9896.634s] GC(711)   Evacuate Collection Set: 1.1ms
[2023-12-18T22:16:14.129+0100][9896.634s] GC(711)   Post Evacuate Collection Set: 0.4ms
[2023-12-18T22:16:14.129+0100][9896.634s] GC(711)   Other: 0.1ms
[2023-12-18T22:16:14.129+0100][9896.634s] GC(711) Eden regions: 303->0(302)
[2023-12-18T22:16:14.129+0100][9896.634s] GC(711) Survivor regions: 4->5(39)
[2023-12-18T22:16:14.129+0100][9896.634s] GC(711) Old regions: 128->128
[2023-12-18T22:16:14.129+0100][9896.634s] GC(711) Archive regions: 0->0
[2023-12-18T22:16:14.129+0100][9896.634s] GC(711) Humongous regions: 4->4
[2023-12-18T22:16:14.129+0100][9896.634s] GC(711) Metaspace: 62973K(63680K)->62973K(63680K) NonClass: 55980K(56320K)->55980K(56320K) Class: 6993K(7360K)->6993K(7360K)
[2023-12-18T22:16:14.129+0100][9896.634s] GC(711) Pause Young (Concurrent Start) (G1 Evacuation Pause) 438M->136M(512M) 2.041ms
[2023-12-18T22:16:14.129+0100][9896.634s] GC(712) Concurrent Mark Cycle
[2023-12-18T22:16:14.129+0100][9896.634s] GC(711) User=0.00s Sys=0.00s Real=0.00s
[2023-12-18T22:16:14.129+0100][9896.634s] GC(712) Concurrent Clear Claimed Marks
[2023-12-18T22:16:14.129+0100][9896.634s] GC(712) Concurrent Clear Claimed Marks 0.039ms
[2023-12-18T22:16:14.129+0100][9896.634s] GC(712) Concurrent Scan Root Regions
[2023-12-18T22:16:14.130+0100][9896.635s] GC(712) Concurrent Scan Root Regions 0.833ms
[2023-12-18T22:16:14.130+0100][9896.635s] GC(712) Concurrent Mark
[2023-12-18T22:16:14.130+0100][9896.635s] GC(712) Concurrent Mark From Roots
[2023-12-18T22:16:14.130+0100][9896.635s] GC(712) Using 3 workers of 3 for marking
[2023-12-18T22:16:14.155+0100][9896.660s] GC(712) Concurrent Mark From Roots 24.975ms
[2023-12-18T22:16:14.155+0100][9896.660s] GC(712) Concurrent Preclean
[2023-12-18T22:16:14.155+0100][9896.660s] GC(712) Concurrent Preclean 0.261ms
[2023-12-18T22:16:14.155+0100][9896.660s] GC(712) Pause Remark
[2023-12-18T22:16:14.159+0100][9896.664s] GC(712) Pause Remark 151M->151M(512M) 3.592ms
[2023-12-18T22:16:14.159+0100][9896.664s] GC(712) User=0.00s Sys=0.00s Real=0.00s
[2023-12-18T22:16:14.159+0100][9896.664s] GC(712) Concurrent Mark 29.064ms
[2023-12-18T22:16:14.159+0100][9896.664s] GC(712) Concurrent Rebuild Remembered Sets
[2023-12-18T22:16:14.171+0100][9896.677s] GC(712) Concurrent Rebuild Remembered Sets 13.612ms
[2023-12-18T22:16:14.173+0100][9896.678s] GC(712) Pause Cleanup
[2023-12-18T22:16:14.173+0100][9896.678s] GC(712) Pause Cleanup 155M->155M(512M) 0.169ms
[2023-12-18T22:16:14.173+0100][9896.678s] GC(712) User=0.00s Sys=0.00s Real=0.00s
[2023-12-18T22:16:14.173+0100][9896.678s] GC(712) Concurrent Cleanup for Next Mark
[2023-12-18T22:16:14.173+0100][9896.678s] GC(712) Concurrent Cleanup for Next Mark 0.633ms
[2023-12-18T22:16:14.173+0100][9896.679s] GC(712) Concurrent Mark Cycle 44.673ms
[2023-12-18T22:16:14.678+0100][9897.184s] GC(713) Pause Young (Prepare Mixed) (G1 Evacuation Pause)
[2023-12-18T22:16:14.678+0100][9897.184s] GC(713) Using 10 workers of 10 for evacuation
[2023-12-18T22:16:14.680+0100][9897.186s] GC(713)   Pre Evacuate Collection Set: 0.1ms
[2023-12-18T22:16:14.680+0100][9897.186s] GC(713)   Merge Heap Roots: 0.1ms
[2023-12-18T22:16:14.680+0100][9897.186s] GC(713)   Evacuate Collection Set: 1.2ms
[2023-12-18T22:16:14.680+0100][9897.186s] GC(713)   Post Evacuate Collection Set: 0.5ms
[2023-12-18T22:16:14.681+0100][9897.186s] GC(713)   Other: 0.1ms
[2023-12-18T22:16:14.681+0100][9897.186s] GC(713) Eden regions: 302->0(19)
[2023-12-18T22:16:14.681+0100][9897.186s] GC(713) Survivor regions: 5->6(39)
[2023-12-18T22:16:14.681+0100][9897.186s] GC(713) Old regions: 128->128
[2023-12-18T22:16:14.681+0100][9897.186s] GC(713) Archive regions: 0->0
[2023-12-18T22:16:14.681+0100][9897.186s] GC(713) Humongous regions: 4->4
[2023-12-18T22:16:14.681+0100][9897.186s] GC(713) Metaspace: 62973K(63680K)->62973K(63680K) NonClass: 55980K(56320K)->55980K(56320K) Class: 6993K(7360K)->6993K(7360K)
[2023-12-18T22:16:14.681+0100][9897.186s] GC(713) Pause Young (Prepare Mixed) (G1 Evacuation Pause) 438M->137M(512M) 2.225ms
[2023-12-18T22:16:14.681+0100][9897.186s] GC(713) User=0.00s Sys=0.00s Real=0.00s
[2023-12-18T22:16:14.712+0100][9897.218s] GC(714) Pause Young (Mixed) (G1 Evacuation Pause)
[2023-12-18T22:16:14.712+0100][9897.218s] GC(714) Using 10 workers of 10 for evacuation
[2023-12-18T22:16:14.715+0100][9897.220s] GC(714)   Pre Evacuate Collection Set: 0.1ms
[2023-12-18T22:16:14.715+0100][9897.220s] GC(714)   Merge Heap Roots: 0.1ms
[2023-12-18T22:16:14.715+0100][9897.220s] GC(714)   Evacuate Collection Set: 1.8ms
[2023-12-18T22:16:14.715+0100][9897.220s] GC(714)   Post Evacuate Collection Set: 0.4ms
[2023-12-18T22:16:14.715+0100][9897.220s] GC(714)   Other: 0.1ms
[2023-12-18T22:16:14.715+0100][9897.220s] GC(714) Eden regions: 19->0(306)
[2023-12-18T22:16:14.715+0100][9897.220s] GC(714) Survivor regions: 6->1(4)
[2023-12-18T22:16:14.715+0100][9897.220s] GC(714) Old regions: 128->131
[2023-12-18T22:16:14.715+0100][9897.220s] GC(714) Archive regions: 0->0
[2023-12-18T22:16:14.715+0100][9897.220s] GC(714) Humongous regions: 4->4
[2023-12-18T22:16:14.715+0100][9897.220s] GC(714) Metaspace: 62973K(63680K)->62973K(63680K) NonClass: 55980K(56320K)->55980K(56320K) Class: 6993K(7360K)->6993K(7360K)
[2023-12-18T22:16:14.715+0100][9897.220s] GC(714) Pause Young (Mixed) (G1 Evacuation Pause) 156M->135M(512M) 2.618ms
[2023-12-18T22:16:14.715+0100][9897.221s] GC(714) User=0.00s Sys=0.00s Real=0.00s
[2023-12-18T22:16:15.328+0100][9897.834s] GC(715) Pause Young (Normal) (G1 Evacuation Pause)
[2023-12-18T22:16:15.328+0100][9897.834s] GC(715) Using 10 workers of 10 for evacuation
[2023-12-18T22:16:15.329+0100][9897.835s] GC(715)   Pre Evacuate Collection Set: 0.1ms
[2023-12-18T22:16:15.329+0100][9897.835s] GC(715)   Merge Heap Roots: 0.0ms
[2023-12-18T22:16:15.329+0100][9897.835s] GC(715)   Evacuate Collection Set: 0.7ms
[2023-12-18T22:16:15.329+0100][9897.835s] GC(715)   Post Evacuate Collection Set: 0.3ms
[2023-12-18T22:16:15.329+0100][9897.835s] GC(715)   Other: 0.1ms
[2023-12-18T22:16:15.329+0100][9897.835s] GC(715) Eden regions: 306->0(304)
[2023-12-18T22:16:15.329+0100][9897.835s] GC(715) Survivor regions: 1->3(39)
[2023-12-18T22:16:15.329+0100][9897.835s] GC(715) Old regions: 131->131
[2023-12-18T22:16:15.329+0100][9897.835s] GC(715) Archive regions: 0->0
[2023-12-18T22:16:15.329+0100][9897.835s] GC(715) Humongous regions: 4->4
[2023-12-18T22:16:15.329+0100][9897.835s] GC(715) Metaspace: 62973K(63680K)->62973K(63680K) NonClass: 55980K(56320K)->55980K(56320K) Class: 6993K(7360K)->6993K(7360K)
[2023-12-18T22:16:15.329+0100][9897.835s] GC(715) Pause Young (Normal) (G1 Evacuation Pause) 441M->137M(512M) 1.325ms
[2023-12-18T22:16:15.329+0100][9897.835s] GC(715) User=0.00s Sys=0.00s Real=0.00s
[2023-12-18T22:16:15.923+0100][9898.429s] GC(716) Pause Young (Normal) (G1 Evacuation Pause)
[2023-12-18T22:16:15.923+0100][9898.429s] GC(716) Using 10 workers of 10 for evacuation
[2023-12-18T22:16:15.925+0100][9898.431s] GC(716)   Pre Evacuate Collection Set: 0.1ms
[2023-12-18T22:16:15.925+0100][9898.431s] GC(716)   Merge Heap Roots: 0.1ms
[2023-12-18T22:16:15.925+0100][9898.431s] GC(716)   Evacuate Collection Set: 1.0ms
[2023-12-18T22:16:15.925+0100][9898.431s] GC(716)   Post Evacuate Collection Set: 0.4ms
[2023-12-18T22:16:15.925+0100][9898.431s] GC(716)   Other: 0.1ms
[2023-12-18T22:16:15.925+0100][9898.431s] GC(716) Eden regions: 304->0(302)
[2023-12-18T22:16:15.925+0100][9898.431s] GC(716) Survivor regions: 3->5(39)
[2023-12-18T22:16:15.925+0100][9898.431s] GC(716) Old regions: 131->131
[2023-12-18T22:16:15.925+0100][9898.431s] GC(716) Archive regions: 0->0
[2023-12-18T22:16:15.925+0100][9898.431s] GC(716) Humongous regions: 4->4
[2023-12-18T22:16:15.925+0100][9898.431s] GC(716) Metaspace: 62973K(63680K)->62973K(63680K) NonClass: 55980K(56320K)->55980K(56320K) Class: 6993K(7360K)->6993K(7360K)
[2023-12-18T22:16:15.925+0100][9898.431s] GC(716) Pause Young (Normal) (G1 Evacuation Pause) 441M->139M(512M) 1.940ms
[2023-12-18T22:16:15.925+0100][9898.431s] GC(716) User=0.00s Sys=0.00s Real=0.00s
[2023-12-18T22:16:16.446+0100][9898.952s] GC(717) Pause Young (Concurrent Start) (G1 Evacuation Pause)
[2023-12-18T22:16:16.446+0100][9898.952s] GC(717) Using 10 workers of 10 for evacuation
[2023-12-18T22:16:16.448+0100][9898.954s] GC(717)   Pre Evacuate Collection Set: 0.1ms
[2023-12-18T22:16:16.448+0100][9898.954s] GC(717)   Merge Heap Roots: 0.1ms
[2023-12-18T22:16:16.448+0100][9898.954s] GC(717)   Evacuate Collection Set: 1.3ms
[2023-12-18T22:16:16.448+0100][9898.954s] GC(717)   Post Evacuate Collection Set: 0.5ms
[2023-12-18T22:16:16.448+0100][9898.954s] GC(717)   Other: 0.1ms
[2023-12-18T22:16:16.448+0100][9898.954s] GC(717) Eden regions: 302->0(301)
[2023-12-18T22:16:16.448+0100][9898.954s] GC(717) Survivor regions: 5->6(39)
[2023-12-18T22:16:16.448+0100][9898.954s] GC(717) Old regions: 131->131
[2023-12-18T22:16:16.448+0100][9898.954s] GC(717) Archive regions: 0->0
[2023-12-18T22:16:16.448+0100][9898.954s] GC(717) Humongous regions: 4->4
[2023-12-18T22:16:16.448+0100][9898.954s] GC(717) Metaspace: 62973K(63680K)->62973K(63680K) NonClass: 55980K(56320K)->55980K(56320K) Class: 6993K(7360K)->6993K(7360K)
[2023-12-18T22:16:16.448+0100][9898.954s] GC(717) Pause Young (Concurrent Start) (G1 Evacuation Pause) 441M->140M(512M) 2.234ms
[2023-12-18T22:16:16.448+0100][9898.954s] GC(718) Concurrent Mark Cycle
[2023-12-18T22:16:16.448+0100][9898.954s] GC(717) User=0.00s Sys=0.00s Real=0.00s
[2023-12-18T22:16:16.448+0100][9898.954s] GC(718) Concurrent Clear Claimed Marks
[2023-12-18T22:16:16.449+0100][9898.954s] GC(718) Concurrent Clear Claimed Marks 0.123ms
[2023-12-18T22:16:16.449+0100][9898.954s] GC(718) Concurrent Scan Root Regions
[2023-12-18T22:16:16.450+0100][9898.955s] GC(718) Concurrent Scan Root Regions 0.892ms
[2023-12-18T22:16:16.450+0100][9898.955s] GC(718) Concurrent Mark
[2023-12-18T22:16:16.450+0100][9898.955s] GC(718) Concurrent Mark From Roots
[2023-12-18T22:16:16.450+0100][9898.955s] GC(718) Using 3 workers of 3 for marking
[2023-12-18T22:16:16.475+0100][9898.980s] GC(718) Concurrent Mark From Roots 25.224ms
[2023-12-18T22:16:16.475+0100][9898.980s] GC(718) Concurrent Preclean
[2023-12-18T22:16:16.475+0100][9898.981s] GC(718) Concurrent Preclean 0.210ms
[2023-12-18T22:16:16.475+0100][9898.981s] GC(718) Pause Remark
[2023-12-18T22:16:16.479+0100][9898.984s] GC(718) Pause Remark 147M->147M(512M) 3.079ms
[2023-12-18T22:16:16.479+0100][9898.984s] GC(718) User=0.00s Sys=0.00s Real=0.00s
[2023-12-18T22:16:16.479+0100][9898.984s] GC(718) Concurrent Mark 28.693ms
[2023-12-18T22:16:16.479+0100][9898.984s] GC(718) Concurrent Rebuild Remembered Sets
[2023-12-18T22:16:16.491+0100][9898.996s] GC(718) Concurrent Rebuild Remembered Sets 12.492ms
[2023-12-18T22:16:16.491+0100][9898.996s] GC(718) Pause Cleanup
[2023-12-18T22:16:16.491+0100][9898.997s] GC(718) Pause Cleanup 154M->154M(512M) 0.167ms
[2023-12-18T22:16:16.491+0100][9898.997s] GC(718) User=0.00s Sys=0.00s Real=0.00s
[2023-12-18T22:16:16.491+0100][9898.997s] GC(718) Concurrent Cleanup for Next Mark
[2023-12-18T22:16:16.492+0100][9898.997s] GC(718) Concurrent Cleanup for Next Mark 0.727ms
[2023-12-18T22:16:16.492+0100][9898.997s] GC(718) Concurrent Mark Cycle 43.459ms
[2023-12-18T22:16:17.026+0100][9899.532s] GC(719) Pause Young (Prepare Mixed) (G1 Evacuation Pause)
[2023-12-18T22:16:17.026+0100][9899.532s] GC(719) Using 10 workers of 10 for evacuation
[2023-12-18T22:16:17.028+0100][9899.534s] GC(719)   Pre Evacuate Collection Set: 0.1ms
[2023-12-18T22:16:17.028+0100][9899.534s] GC(719)   Merge Heap Roots: 0.1ms
[2023-12-18T22:16:17.028+0100][9899.534s] GC(719)   Evacuate Collection Set: 1.1ms
[2023-12-18T22:16:17.028+0100][9899.534s] GC(719)   Post Evacuate Collection Set: 0.4ms
[2023-12-18T22:16:17.028+0100][9899.534s] GC(719)   Other: 0.1ms
[2023-12-18T22:16:17.028+0100][9899.534s] GC(719) Eden regions: 301->0(20)
[2023-12-18T22:16:17.028+0100][9899.534s] GC(719) Survivor regions: 6->5(39)
[2023-12-18T22:16:17.028+0100][9899.534s] GC(719) Old regions: 131->131
[2023-12-18T22:16:17.028+0100][9899.534s] GC(719) Archive regions: 0->0
[2023-12-18T22:16:17.028+0100][9899.534s] GC(719) Humongous regions: 4->4
[2023-12-18T22:16:17.028+0100][9899.534s] GC(719) Metaspace: 62973K(63680K)->62973K(63680K) NonClass: 55980K(56320K)->55980K(56320K) Class: 6993K(7360K)->6993K(7360K)
[2023-12-18T22:16:17.028+0100][9899.534s] GC(719) Pause Young (Prepare Mixed) (G1 Evacuation Pause) 441M->139M(512M) 1.977ms
[2023-12-18T22:16:17.028+0100][9899.534s] GC(719) User=0.00s Sys=0.00s Real=0.00s
[2023-12-18T22:16:17.067+0100][9899.573s] GC(720) Pause Young (Mixed) (G1 Evacuation Pause)
[2023-12-18T22:16:17.067+0100][9899.573s] GC(720) Using 10 workers of 10 for evacuation
[2023-12-18T22:16:17.070+0100][9899.575s] GC(720)   Pre Evacuate Collection Set: 0.1ms
[2023-12-18T22:16:17.070+0100][9899.575s] GC(720)   Merge Heap Roots: 0.1ms
[2023-12-18T22:16:17.070+0100][9899.575s] GC(720)   Evacuate Collection Set: 1.3ms
[2023-12-18T22:16:17.070+0100][9899.575s] GC(720)   Post Evacuate Collection Set: 0.3ms
[2023-12-18T22:16:17.070+0100][9899.575s] GC(720)   Other: 0.0ms
[2023-12-18T22:16:17.070+0100][9899.575s] GC(720) Eden regions: 20->0(305)
[2023-12-18T22:16:17.070+0100][9899.575s] GC(720) Survivor regions: 5->2(4)
[2023-12-18T22:16:17.070+0100][9899.575s] GC(720) Old regions: 131->132
[2023-12-18T22:16:17.070+0100][9899.575s] GC(720) Archive regions: 0->0
[2023-12-18T22:16:17.070+0100][9899.575s] GC(720) Humongous regions: 4->4
[2023-12-18T22:16:17.070+0100][9899.575s] GC(720) Metaspace: 62973K(63680K)->62973K(63680K) NonClass: 55980K(56320K)->55980K(56320K) Class: 6993K(7360K)->6993K(7360K)
[2023-12-18T22:16:17.070+0100][9899.575s] GC(720) Pause Young (Mixed) (G1 Evacuation Pause) 159M->136M(512M) 2.063ms
[2023-12-18T22:16:17.070+0100][9899.575s] GC(720) User=0.00s Sys=0.00s Real=0.00s
[2023-12-18T22:16:17.654+0100][9900.160s] GC(721) Pause Young (Normal) (G1 Evacuation Pause)
[2023-12-18T22:16:17.654+0100][9900.160s] GC(721) Using 10 workers of 10 for evacuation
[2023-12-18T22:16:17.656+0100][9900.161s] GC(721)   Pre Evacuate Collection Set: 0.0ms
[2023-12-18T22:16:17.656+0100][9900.162s] GC(721)   Merge Heap Roots: 0.0ms
[2023-12-18T22:16:17.656+0100][9900.162s] GC(721)   Evacuate Collection Set: 0.8ms
[2023-12-18T22:16:17.656+0100][9900.162s] GC(721)   Post Evacuate Collection Set: 0.3ms
[2023-12-18T22:16:17.656+0100][9900.162s] GC(721)   Other: 0.1ms
[2023-12-18T22:16:17.656+0100][9900.162s] GC(721) Eden regions: 305->0(303)
[2023-12-18T22:16:17.656+0100][9900.162s] GC(721) Survivor regions: 2->4(39)
[2023-12-18T22:16:17.656+0100][9900.162s] GC(721) Old regions: 132->132
[2023-12-18T22:16:17.656+0100][9900.162s] GC(721) Archive regions: 0->0
[2023-12-18T22:16:17.656+0100][9900.162s] GC(721) Humongous regions: 4->4
[2023-12-18T22:16:17.656+0100][9900.162s] GC(721) Metaspace: 62973K(63680K)->62973K(63680K) NonClass: 55980K(56320K)->55980K(56320K) Class: 6993K(7360K)->6993K(7360K)
[2023-12-18T22:16:17.656+0100][9900.162s] GC(721) Pause Young (Normal) (G1 Evacuation Pause) 441M->138M(512M) 1.502ms
[2023-12-18T22:16:17.656+0100][9900.162s] GC(721) User=0.00s Sys=0.00s Real=0.00s
[2023-12-18T22:16:18.211+0100][9900.716s] GC(722) Pause Young (Normal) (G1 Evacuation Pause)
[2023-12-18T22:16:18.211+0100][9900.716s] GC(722) Using 10 workers of 10 for evacuation
[2023-12-18T22:16:18.213+0100][9900.718s] GC(722)   Pre Evacuate Collection Set: 0.1ms
[2023-12-18T22:16:18.213+0100][9900.718s] GC(722)   Merge Heap Roots: 0.2ms
[2023-12-18T22:16:18.213+0100][9900.718s] GC(722)   Evacuate Collection Set: 1.2ms
[2023-12-18T22:16:18.213+0100][9900.718s] GC(722)   Post Evacuate Collection Set: 0.6ms
[2023-12-18T22:16:18.213+0100][9900.719s] GC(722)   Other: 0.1ms
[2023-12-18T22:16:18.213+0100][9900.719s] GC(722) Eden regions: 303->0(301)
[2023-12-18T22:16:18.213+0100][9900.719s] GC(722) Survivor regions: 4->6(39)
[2023-12-18T22:16:18.213+0100][9900.719s] GC(722) Old regions: 132->132
[2023-12-18T22:16:18.213+0100][9900.719s] GC(722) Archive regions: 0->0
[2023-12-18T22:16:18.213+0100][9900.719s] GC(722) Humongous regions: 4->4
[2023-12-18T22:16:18.213+0100][9900.719s] GC(722) Metaspace: 62973K(63680K)->62973K(63680K) NonClass: 55980K(56320K)->55980K(56320K) Class: 6993K(7360K)->6993K(7360K)
[2023-12-18T22:16:18.213+0100][9900.719s] GC(722) Pause Young (Normal) (G1 Evacuation Pause) 441M->141M(512M) 2.420ms
[2023-12-18T22:16:18.213+0100][9900.719s] GC(722) User=0.00s Sys=0.00s Real=0.00s
[2023-12-18T22:16:18.787+0100][9901.292s] GC(723) Pause Young (Concurrent Start) (G1 Evacuation Pause)
[2023-12-18T22:16:18.787+0100][9901.293s] GC(723) Using 10 workers of 10 for evacuation
[2023-12-18T22:16:18.788+0100][9901.294s] GC(723)   Pre Evacuate Collection Set: 0.1ms
[2023-12-18T22:16:18.788+0100][9901.294s] GC(723)   Merge Heap Roots: 0.0ms
[2023-12-18T22:16:18.788+0100][9901.294s] GC(723)   Evacuate Collection Set: 0.9ms
[2023-12-18T22:16:18.788+0100][9901.294s] GC(723)   Post Evacuate Collection Set: 0.3ms
[2023-12-18T22:16:18.788+0100][9901.294s] GC(723)   Other: 0.1ms
[2023-12-18T22:16:18.788+0100][9901.294s] GC(723) Eden regions: 301->0(302)
[2023-12-18T22:16:18.788+0100][9901.294s] GC(723) Survivor regions: 6->5(39)
[2023-12-18T22:16:18.789+0100][9901.294s] GC(723) Old regions: 132->132
[2023-12-18T22:16:18.789+0100][9901.294s] GC(723) Archive regions: 0->0
[2023-12-18T22:16:18.789+0100][9901.294s] GC(723) Humongous regions: 4->4
[2023-12-18T22:16:18.789+0100][9901.294s] GC(723) Metaspace: 62973K(63680K)->62973K(63680K) NonClass: 55980K(56320K)->55980K(56320K) Class: 6993K(7360K)->6993K(7360K)
[2023-12-18T22:16:18.789+0100][9901.294s] GC(723) Pause Young (Concurrent Start) (G1 Evacuation Pause) 442M->139M(512M) 1.485ms
[2023-12-18T22:16:18.789+0100][9901.294s] GC(724) Concurrent Mark Cycle
[2023-12-18T22:16:18.789+0100][9901.294s] GC(723) User=0.00s Sys=0.00s Real=0.00s
[2023-12-18T22:16:18.789+0100][9901.294s] GC(724) Concurrent Clear Claimed Marks
[2023-12-18T22:16:18.789+0100][9901.294s] GC(724) Concurrent Clear Claimed Marks 0.065ms
[2023-12-18T22:16:18.789+0100][9901.294s] GC(724) Concurrent Scan Root Regions
[2023-12-18T22:16:18.789+0100][9901.295s] GC(724) Concurrent Scan Root Regions 0.647ms
[2023-12-18T22:16:18.789+0100][9901.295s] GC(724) Concurrent Mark
[2023-12-18T22:16:18.789+0100][9901.295s] GC(724) Concurrent Mark From Roots
[2023-12-18T22:16:18.789+0100][9901.295s] GC(724) Using 3 workers of 3 for marking
[2023-12-18T22:16:18.814+0100][9901.320s] GC(724) Concurrent Mark From Roots 24.835ms
[2023-12-18T22:16:18.814+0100][9901.320s] GC(724) Concurrent Preclean
[2023-12-18T22:16:18.815+0100][9901.320s] GC(724) Concurrent Preclean 0.261ms
[2023-12-18T22:16:18.815+0100][9901.320s] GC(724) Pause Remark
[2023-12-18T22:16:18.818+0100][9901.323s] GC(724) Pause Remark 148M->148M(512M) 3.256ms
[2023-12-18T22:16:18.818+0100][9901.323s] GC(724) User=0.00s Sys=0.00s Real=0.00s
[2023-12-18T22:16:18.818+0100][9901.323s] GC(724) Concurrent Mark 28.583ms
[2023-12-18T22:16:18.818+0100][9901.323s] GC(724) Concurrent Rebuild Remembered Sets
[2023-12-18T22:16:18.834+0100][9901.339s] GC(724) Concurrent Rebuild Remembered Sets 15.825ms
[2023-12-18T22:16:18.834+0100][9901.339s] GC(724) Pause Cleanup
[2023-12-18T22:16:18.834+0100][9901.339s] GC(724) Pause Cleanup 157M->157M(512M) 0.125ms
[2023-12-18T22:16:18.834+0100][9901.339s] GC(724) User=0.00s Sys=0.00s Real=0.00s
[2023-12-18T22:16:18.834+0100][9901.340s] GC(724) Concurrent Cleanup for Next Mark
[2023-12-18T22:16:18.835+0100][9901.340s] GC(724) Concurrent Cleanup for Next Mark 0.803ms
[2023-12-18T22:16:18.835+0100][9901.340s] GC(724) Concurrent Mark Cycle 46.379ms
[2023-12-18T22:16:19.401+0100][9901.906s] GC(725) Pause Young (Prepare Mixed) (G1 Evacuation Pause)
[2023-12-18T22:16:19.401+0100][9901.906s] GC(725) Using 10 workers of 10 for evacuation
[2023-12-18T22:16:19.402+0100][9901.908s] GC(725)   Pre Evacuate Collection Set: 0.1ms
[2023-12-18T22:16:19.402+0100][9901.908s] GC(725)   Merge Heap Roots: 0.1ms
[2023-12-18T22:16:19.402+0100][9901.908s] GC(725)   Evacuate Collection Set: 1.0ms
[2023-12-18T22:16:19.402+0100][9901.908s] GC(725)   Post Evacuate Collection Set: 0.4ms
[2023-12-18T22:16:19.402+0100][9901.908s] GC(725)   Other: 0.1ms
[2023-12-18T22:16:19.402+0100][9901.908s] GC(725) Eden regions: 302->0(19)
[2023-12-18T22:16:19.402+0100][9901.908s] GC(725) Survivor regions: 5->6(39)
[2023-12-18T22:16:19.402+0100][9901.908s] GC(725) Old regions: 132->132
[2023-12-18T22:16:19.402+0100][9901.908s] GC(725) Archive regions: 0->0
[2023-12-18T22:16:19.402+0100][9901.908s] GC(725) Humongous regions: 4->4
[2023-12-18T22:16:19.403+0100][9901.908s] GC(725) Metaspace: 62973K(63680K)->62973K(63680K) NonClass: 55980K(56320K)->55980K(56320K) Class: 6993K(7360K)->6993K(7360K)
[2023-12-18T22:16:19.403+0100][9901.908s] GC(725) Pause Young (Prepare Mixed) (G1 Evacuation Pause) 441M->140M(512M) 1.898ms
[2023-12-18T22:16:19.403+0100][9901.908s] GC(725) User=0.00s Sys=0.00s Real=0.00s
[2023-12-18T22:16:19.437+0100][9901.942s] GC(726) Pause Young (Mixed) (G1 Evacuation Pause)
[2023-12-18T22:16:19.437+0100][9901.942s] GC(726) Using 10 workers of 10 for evacuation
[2023-12-18T22:16:19.439+0100][9901.945s] GC(726)   Pre Evacuate Collection Set: 0.1ms
[2023-12-18T22:16:19.439+0100][9901.945s] GC(726)   Merge Heap Roots: 0.1ms
[2023-12-18T22:16:19.439+0100][9901.945s] GC(726)   Evacuate Collection Set: 1.9ms
[2023-12-18T22:16:19.439+0100][9901.945s] GC(726)   Post Evacuate Collection Set: 0.3ms
[2023-12-18T22:16:19.439+0100][9901.945s] GC(726)   Other: 0.1ms
[2023-12-18T22:16:19.439+0100][9901.945s] GC(726) Eden regions: 19->0(306)
[2023-12-18T22:16:19.439+0100][9901.945s] GC(726) Survivor regions: 6->1(4)
[2023-12-18T22:16:19.439+0100][9901.945s] GC(726) Old regions: 132->135
[2023-12-18T22:16:19.439+0100][9901.945s] GC(726) Archive regions: 0->0
[2023-12-18T22:16:19.439+0100][9901.945s] GC(726) Humongous regions: 4->4
[2023-12-18T22:16:19.439+0100][9901.945s] GC(726) Metaspace: 62973K(63680K)->62973K(63680K) NonClass: 55980K(56320K)->55980K(56320K) Class: 6993K(7360K)->6993K(7360K)
[2023-12-18T22:16:19.439+0100][9901.945s] GC(726) Pause Young (Mixed) (G1 Evacuation Pause) 159M->139M(512M) 2.730ms
[2023-12-18T22:16:19.439+0100][9901.945s] GC(726) User=0.16s Sys=0.00s Real=0.00s
[2023-12-18T23:43:44.013+0100][15146.519s] GC(727) Pause Young (Normal) (G1 Evacuation Pause)
[2023-12-18T23:43:44.013+0100][15146.519s] GC(727) Using 10 workers of 10 for evacuation
[2023-12-18T23:43:44.016+0100][15146.521s] GC(727)   Pre Evacuate Collection Set: 0.1ms
[2023-12-18T23:43:44.016+0100][15146.521s] GC(727)   Merge Heap Roots: 0.1ms
[2023-12-18T23:43:44.016+0100][15146.521s] GC(727)   Evacuate Collection Set: 1.6ms
[2023-12-18T23:43:44.016+0100][15146.521s] GC(727)   Post Evacuate Collection Set: 0.4ms
[2023-12-18T23:43:44.016+0100][15146.522s] GC(727)   Other: 0.1ms
[2023-12-18T23:43:44.016+0100][15146.522s] GC(727) Eden regions: 306->0(303)
[2023-12-18T23:43:44.016+0100][15146.522s] GC(727) Survivor regions: 1->4(39)
[2023-12-18T23:43:44.016+0100][15146.522s] GC(727) Old regions: 135->135
[2023-12-18T23:43:44.016+0100][15146.522s] GC(727) Archive regions: 0->0
[2023-12-18T23:43:44.016+0100][15146.522s] GC(727) Humongous regions: 4->4
[2023-12-18T23:43:44.016+0100][15146.522s] GC(727) Metaspace: 63150K(63744K)->63150K(63744K) NonClass: 56146K(56384K)->56146K(56384K) Class: 7003K(7360K)->7003K(7360K)
[2023-12-18T23:43:44.016+0100][15146.522s] GC(727) Pause Young (Normal) (G1 Evacuation Pause) 445M->141M(512M) 2.645ms
[2023-12-18T23:43:44.016+0100][15146.522s] GC(727) User=0.02s Sys=0.00s Real=0.00s
[2023-12-18T23:43:44.906+0100][15147.412s] GC(728) Pause Young (Normal) (G1 Evacuation Pause)
[2023-12-18T23:43:44.906+0100][15147.412s] GC(728) Using 10 workers of 10 for evacuation
[2023-12-18T23:43:44.908+0100][15147.413s] GC(728)   Pre Evacuate Collection Set: 0.0ms
[2023-12-18T23:43:44.908+0100][15147.413s] GC(728)   Merge Heap Roots: 0.1ms
[2023-12-18T23:43:44.908+0100][15147.413s] GC(728)   Evacuate Collection Set: 1.1ms
[2023-12-18T23:43:44.908+0100][15147.413s] GC(728)   Post Evacuate Collection Set: 0.4ms
[2023-12-18T23:43:44.908+0100][15147.413s] GC(728)   Other: 0.1ms
[2023-12-18T23:43:44.908+0100][15147.413s] GC(728) Eden regions: 303->0(302)
[2023-12-18T23:43:44.908+0100][15147.413s] GC(728) Survivor regions: 4->5(39)
[2023-12-18T23:43:44.908+0100][15147.413s] GC(728) Old regions: 135->135
[2023-12-18T23:43:44.908+0100][15147.413s] GC(728) Archive regions: 0->0
[2023-12-18T23:43:44.908+0100][15147.413s] GC(728) Humongous regions: 4->4
[2023-12-18T23:43:44.908+0100][15147.413s] GC(728) Metaspace: 63150K(63744K)->63150K(63744K) NonClass: 56146K(56384K)->56146K(56384K) Class: 7003K(7360K)->7003K(7360K)
[2023-12-18T23:43:44.908+0100][15147.413s] GC(728) Pause Young (Normal) (G1 Evacuation Pause) 444M->142M(512M) 1.815ms
[2023-12-18T23:43:44.908+0100][15147.413s] GC(728) User=0.16s Sys=0.00s Real=0.00s
[2023-12-18T23:43:45.659+0100][15148.165s] GC(729) Pause Young (Concurrent Start) (G1 Evacuation Pause)
[2023-12-18T23:43:45.659+0100][15148.165s] GC(729) Using 10 workers of 10 for evacuation
[2023-12-18T23:43:45.661+0100][15148.167s] GC(729)   Pre Evacuate Collection Set: 0.2ms
[2023-12-18T23:43:45.661+0100][15148.167s] GC(729)   Merge Heap Roots: 0.1ms
[2023-12-18T23:43:45.661+0100][15148.167s] GC(729)   Evacuate Collection Set: 1.3ms
[2023-12-18T23:43:45.661+0100][15148.167s] GC(729)   Post Evacuate Collection Set: 0.5ms
[2023-12-18T23:43:45.661+0100][15148.167s] GC(729)   Other: 0.0ms
[2023-12-18T23:43:45.661+0100][15148.167s] GC(729) Eden regions: 302->0(301)
[2023-12-18T23:43:45.661+0100][15148.167s] GC(729) Survivor regions: 5->6(39)
[2023-12-18T23:43:45.661+0100][15148.167s] GC(729) Old regions: 135->135
[2023-12-18T23:43:45.661+0100][15148.167s] GC(729) Archive regions: 0->0
[2023-12-18T23:43:45.661+0100][15148.167s] GC(729) Humongous regions: 4->4
[2023-12-18T23:43:45.661+0100][15148.167s] GC(729) Metaspace: 63159K(63744K)->63159K(63744K) NonClass: 56152K(56384K)->56152K(56384K) Class: 7006K(7360K)->7006K(7360K)
[2023-12-18T23:43:45.661+0100][15148.167s] GC(729) Pause Young (Concurrent Start) (G1 Evacuation Pause) 444M->143M(512M) 2.373ms
[2023-12-18T23:43:45.661+0100][15148.167s] GC(729) User=0.00s Sys=0.00s Real=0.00s
[2023-12-18T23:43:45.661+0100][15148.167s] GC(730) Concurrent Mark Cycle
[2023-12-18T23:43:45.661+0100][15148.167s] GC(730) Concurrent Clear Claimed Marks
[2023-12-18T23:43:45.661+0100][15148.167s] GC(730) Concurrent Clear Claimed Marks 0.030ms
[2023-12-18T23:43:45.661+0100][15148.167s] GC(730) Concurrent Scan Root Regions
[2023-12-18T23:43:45.662+0100][15148.168s] GC(730) Concurrent Scan Root Regions 1.073ms
[2023-12-18T23:43:45.662+0100][15148.168s] GC(730) Concurrent Mark
[2023-12-18T23:43:45.662+0100][15148.168s] GC(730) Concurrent Mark From Roots
[2023-12-18T23:43:45.662+0100][15148.168s] GC(730) Using 3 workers of 3 for marking
[2023-12-18T23:43:45.683+0100][15148.189s] GC(730) Concurrent Mark From Roots 20.649ms
[2023-12-18T23:43:45.683+0100][15148.189s] GC(730) Concurrent Preclean
[2023-12-18T23:43:45.683+0100][15148.189s] GC(730) Concurrent Preclean 0.177ms
[2023-12-18T23:43:45.683+0100][15148.189s] GC(730) Pause Remark
[2023-12-18T23:43:45.687+0100][15148.193s] GC(730) Pause Remark 156M->156M(512M) 3.565ms
[2023-12-18T23:43:45.687+0100][15148.193s] GC(730) User=0.00s Sys=0.00s Real=0.00s
[2023-12-18T23:43:45.687+0100][15148.193s] GC(730) Concurrent Mark 24.635ms
[2023-12-18T23:43:45.687+0100][15148.193s] GC(730) Concurrent Rebuild Remembered Sets
[2023-12-18T23:43:45.697+0100][15148.203s] GC(730) Concurrent Rebuild Remembered Sets 10.460ms
[2023-12-18T23:43:45.697+0100][15148.203s] GC(730) Pause Cleanup
[2023-12-18T23:43:45.698+0100][15148.204s] GC(730) Pause Cleanup 162M->162M(512M) 0.194ms
[2023-12-18T23:43:45.698+0100][15148.204s] GC(730) User=0.00s Sys=0.00s Real=0.00s
[2023-12-18T23:43:45.698+0100][15148.204s] GC(730) Concurrent Cleanup for Next Mark
[2023-12-18T23:43:45.699+0100][15148.205s] GC(730) Concurrent Cleanup for Next Mark 1.179ms
[2023-12-18T23:43:45.699+0100][15148.205s] GC(730) Concurrent Mark Cycle 37.958ms
[2023-12-18T23:43:46.386+0100][15148.892s] GC(731) Pause Young (Prepare Mixed) (G1 Evacuation Pause)
[2023-12-18T23:43:46.386+0100][15148.892s] GC(731) Using 10 workers of 10 for evacuation
[2023-12-18T23:43:46.388+0100][15148.894s] GC(731)   Pre Evacuate Collection Set: 0.1ms
[2023-12-18T23:43:46.388+0100][15148.894s] GC(731)   Merge Heap Roots: 0.1ms
[2023-12-18T23:43:46.388+0100][15148.894s] GC(731)   Evacuate Collection Set: 1.4ms
[2023-12-18T23:43:46.388+0100][15148.894s] GC(731)   Post Evacuate Collection Set: 0.6ms
[2023-12-18T23:43:46.388+0100][15148.894s] GC(731)   Other: 0.1ms
[2023-12-18T23:43:46.388+0100][15148.894s] GC(731) Eden regions: 301->0(18)
[2023-12-18T23:43:46.388+0100][15148.894s] GC(731) Survivor regions: 6->7(39)
[2023-12-18T23:43:46.388+0100][15148.894s] GC(731) Old regions: 135->135
[2023-12-18T23:43:46.388+0100][15148.894s] GC(731) Archive regions: 0->0
[2023-12-18T23:43:46.388+0100][15148.894s] GC(731) Humongous regions: 4->4
[2023-12-18T23:43:46.388+0100][15148.894s] GC(731) Metaspace: 63160K(63744K)->63160K(63744K) NonClass: 56153K(56384K)->56153K(56384K) Class: 7006K(7360K)->7006K(7360K)
[2023-12-18T23:43:46.388+0100][15148.894s] GC(731) Pause Young (Prepare Mixed) (G1 Evacuation Pause) 444M->144M(512M) 2.411ms
[2023-12-18T23:43:46.388+0100][15148.894s] GC(731) User=0.00s Sys=0.00s Real=0.00s
[2023-12-18T23:43:46.417+0100][15148.922s] GC(732) Pause Young (Mixed) (G1 Evacuation Pause)
[2023-12-18T23:43:46.417+0100][15148.922s] GC(732) Using 10 workers of 10 for evacuation
[2023-12-18T23:43:46.419+0100][15148.925s] GC(732)   Pre Evacuate Collection Set: 0.1ms
[2023-12-18T23:43:46.419+0100][15148.925s] GC(732)   Merge Heap Roots: 0.1ms
[2023-12-18T23:43:46.419+0100][15148.925s] GC(732)   Evacuate Collection Set: 1.8ms
[2023-12-18T23:43:46.419+0100][15148.925s] GC(732)   Post Evacuate Collection Set: 0.4ms
[2023-12-18T23:43:46.419+0100][15148.925s] GC(732)   Other: 0.1ms
[2023-12-18T23:43:46.419+0100][15148.925s] GC(732) Eden regions: 18->0(24)
[2023-12-18T23:43:46.419+0100][15148.925s] GC(732) Survivor regions: 7->1(4)
[2023-12-18T23:43:46.419+0100][15148.925s] GC(732) Old regions: 135->89
[2023-12-18T23:43:46.419+0100][15148.925s] GC(732) Archive regions: 0->0
[2023-12-18T23:43:46.419+0100][15148.925s] GC(732) Humongous regions: 4->4
[2023-12-18T23:43:46.419+0100][15148.925s] GC(732) Metaspace: 63160K(63744K)->63160K(63744K) NonClass: 56153K(56384K)->56153K(56384K) Class: 7006K(7360K)->7006K(7360K)
[2023-12-18T23:43:46.419+0100][15148.925s] GC(732) Pause Young (Mixed) (G1 Evacuation Pause) 162M->92M(512M) 2.686ms
[2023-12-18T23:43:46.419+0100][15148.925s] GC(732) User=0.00s Sys=0.00s Real=0.00s
[2023-12-18T23:43:46.457+0100][15148.962s] GC(733) Pause Young (Mixed) (G1 Evacuation Pause)
[2023-12-18T23:43:46.457+0100][15148.962s] GC(733) Using 10 workers of 10 for evacuation
[2023-12-18T23:43:46.458+0100][15148.964s] GC(733)   Pre Evacuate Collection Set: 0.1ms
[2023-12-18T23:43:46.458+0100][15148.964s] GC(733)   Merge Heap Roots: 0.1ms
[2023-12-18T23:43:46.458+0100][15148.964s] GC(733)   Evacuate Collection Set: 0.9ms
[2023-12-18T23:43:46.458+0100][15148.964s] GC(733)   Post Evacuate Collection Set: 0.3ms
[2023-12-18T23:43:46.458+0100][15148.964s] GC(733)   Other: 0.1ms
[2023-12-18T23:43:46.458+0100][15148.964s] GC(733) Eden regions: 24->0(306)
[2023-12-18T23:43:46.458+0100][15148.964s] GC(733) Survivor regions: 1->1(4)
[2023-12-18T23:43:46.458+0100][15148.964s] GC(733) Old regions: 89->73
[2023-12-18T23:43:46.458+0100][15148.964s] GC(733) Archive regions: 0->0
[2023-12-18T23:43:46.458+0100][15148.964s] GC(733) Humongous regions: 4->4
[2023-12-18T23:43:46.458+0100][15148.964s] GC(733) Metaspace: 63160K(63744K)->63160K(63744K) NonClass: 56153K(56384K)->56153K(56384K) Class: 7006K(7360K)->7006K(7360K)
[2023-12-18T23:43:46.458+0100][15148.964s] GC(733) Pause Young (Mixed) (G1 Evacuation Pause) 116M->76M(512M) 1.625ms
[2023-12-18T23:43:46.458+0100][15148.964s] GC(733) User=0.00s Sys=0.00s Real=0.00s
[2023-12-18T23:43:47.133+0100][15149.639s] GC(734) Pause Young (Normal) (G1 Evacuation Pause)
[2023-12-18T23:43:47.133+0100][15149.639s] GC(734) Using 10 workers of 10 for evacuation
[2023-12-18T23:43:47.134+0100][15149.640s] GC(734)   Pre Evacuate Collection Set: 0.1ms
[2023-12-18T23:43:47.134+0100][15149.640s] GC(734)   Merge Heap Roots: 0.1ms
[2023-12-18T23:43:47.134+0100][15149.640s] GC(734)   Evacuate Collection Set: 0.6ms
[2023-12-18T23:43:47.134+0100][15149.640s] GC(734)   Post Evacuate Collection Set: 0.4ms
[2023-12-18T23:43:47.134+0100][15149.640s] GC(734)   Other: 0.1ms
[2023-12-18T23:43:47.134+0100][15149.640s] GC(734) Eden regions: 306->0(304)
[2023-12-18T23:43:47.134+0100][15149.640s] GC(734) Survivor regions: 1->3(39)
[2023-12-18T23:43:47.134+0100][15149.640s] GC(734) Old regions: 73->73
[2023-12-18T23:43:47.134+0100][15149.640s] GC(734) Archive regions: 0->0
[2023-12-18T23:43:47.134+0100][15149.640s] GC(734) Humongous regions: 4->4
[2023-12-18T23:43:47.134+0100][15149.640s] GC(734) Metaspace: 63160K(63744K)->63160K(63744K) NonClass: 56154K(56384K)->56154K(56384K) Class: 7006K(7360K)->7006K(7360K)
[2023-12-18T23:43:47.134+0100][15149.640s] GC(734) Pause Young (Normal) (G1 Evacuation Pause) 382M->78M(512M) 1.397ms
[2023-12-18T23:43:47.134+0100][15149.640s] GC(734) User=0.00s Sys=0.00s Real=0.00s
[2023-12-18T23:43:47.951+0100][15150.456s] GC(735) Pause Young (Normal) (G1 Evacuation Pause)
[2023-12-18T23:43:47.951+0100][15150.456s] GC(735) Using 10 workers of 10 for evacuation
[2023-12-18T23:43:47.952+0100][15150.458s] GC(735)   Pre Evacuate Collection Set: 0.1ms
[2023-12-18T23:43:47.952+0100][15150.458s] GC(735)   Merge Heap Roots: 0.2ms
[2023-12-18T23:43:47.952+0100][15150.458s] GC(735)   Evacuate Collection Set: 0.7ms
[2023-12-18T23:43:47.952+0100][15150.458s] GC(735)   Post Evacuate Collection Set: 0.5ms
[2023-12-18T23:43:47.952+0100][15150.458s] GC(735)   Other: 0.1ms
[2023-12-18T23:43:47.952+0100][15150.458s] GC(735) Eden regions: 304->0(303)
[2023-12-18T23:43:47.952+0100][15150.458s] GC(735) Survivor regions: 3->4(39)
[2023-12-18T23:43:47.952+0100][15150.458s] GC(735) Old regions: 73->73
[2023-12-18T23:43:47.952+0100][15150.458s] GC(735) Archive regions: 0->0
[2023-12-18T23:43:47.952+0100][15150.458s] GC(735) Humongous regions: 4->4
[2023-12-18T23:43:47.952+0100][15150.458s] GC(735) Metaspace: 63160K(63744K)->63160K(63744K) NonClass: 56154K(56384K)->56154K(56384K) Class: 7006K(7360K)->7006K(7360K)
[2023-12-18T23:43:47.952+0100][15150.458s] GC(735) Pause Young (Normal) (G1 Evacuation Pause) 382M->79M(512M) 1.714ms
[2023-12-18T23:43:47.952+0100][15150.458s] GC(735) User=0.00s Sys=0.00s Real=0.00s
[2023-12-18T23:43:48.731+0100][15151.236s] GC(736) Pause Young (Normal) (G1 Evacuation Pause)
[2023-12-18T23:43:48.731+0100][15151.236s] GC(736) Using 10 workers of 10 for evacuation
[2023-12-18T23:43:48.732+0100][15151.238s] GC(736)   Pre Evacuate Collection Set: 0.1ms
[2023-12-18T23:43:48.732+0100][15151.238s] GC(736)   Merge Heap Roots: 0.1ms
[2023-12-18T23:43:48.732+0100][15151.238s] GC(736)   Evacuate Collection Set: 0.8ms
[2023-12-18T23:43:48.732+0100][15151.238s] GC(736)   Post Evacuate Collection Set: 0.4ms
[2023-12-18T23:43:48.732+0100][15151.238s] GC(736)   Other: 0.1ms
[2023-12-18T23:43:48.732+0100][15151.238s] GC(736) Eden regions: 303->0(302)
[2023-12-18T23:43:48.732+0100][15151.238s] GC(736) Survivor regions: 4->5(39)
[2023-12-18T23:43:48.732+0100][15151.238s] GC(736) Old regions: 73->73
[2023-12-18T23:43:48.732+0100][15151.238s] GC(736) Archive regions: 0->0
[2023-12-18T23:43:48.733+0100][15151.238s] GC(736) Humongous regions: 4->4
[2023-12-18T23:43:48.733+0100][15151.238s] GC(736) Metaspace: 63160K(63744K)->63160K(63744K) NonClass: 56154K(56384K)->56154K(56384K) Class: 7006K(7360K)->7006K(7360K)
[2023-12-18T23:43:48.733+0100][15151.238s] GC(736) Pause Young (Normal) (G1 Evacuation Pause) 382M->81M(512M) 1.644ms
[2023-12-18T23:43:48.733+0100][15151.238s] GC(736) User=0.00s Sys=0.00s Real=0.00s
[2023-12-18T23:43:49.436+0100][15151.942s] GC(737) Pause Young (Normal) (G1 Evacuation Pause)
[2023-12-18T23:43:49.436+0100][15151.942s] GC(737) Using 10 workers of 10 for evacuation
[2023-12-18T23:43:49.438+0100][15151.944s] GC(737)   Pre Evacuate Collection Set: 0.1ms
[2023-12-18T23:43:49.438+0100][15151.944s] GC(737)   Merge Heap Roots: 0.1ms
[2023-12-18T23:43:49.438+0100][15151.944s] GC(737)   Evacuate Collection Set: 0.9ms
[2023-12-18T23:43:49.438+0100][15151.944s] GC(737)   Post Evacuate Collection Set: 0.5ms
[2023-12-18T23:43:49.438+0100][15151.944s] GC(737)   Other: 0.1ms
[2023-12-18T23:43:49.438+0100][15151.944s] GC(737) Eden regions: 302->0(301)
[2023-12-18T23:43:49.438+0100][15151.944s] GC(737) Survivor regions: 5->6(39)
[2023-12-18T23:43:49.438+0100][15151.944s] GC(737) Old regions: 73->73
[2023-12-18T23:43:49.438+0100][15151.944s] GC(737) Archive regions: 0->0
[2023-12-18T23:43:49.438+0100][15151.944s] GC(737) Humongous regions: 4->4
[2023-12-18T23:43:49.438+0100][15151.944s] GC(737) Metaspace: 63160K(63744K)->63160K(63744K) NonClass: 56154K(56384K)->56154K(56384K) Class: 7006K(7360K)->7006K(7360K)
[2023-12-18T23:43:49.438+0100][15151.944s] GC(737) Pause Young (Normal) (G1 Evacuation Pause) 383M->81M(512M) 1.846ms
[2023-12-18T23:43:49.438+0100][15151.944s] GC(737) User=0.16s Sys=0.00s Real=0.00s
[2023-12-18T23:43:50.134+0100][15152.640s] GC(738) Pause Young (Normal) (G1 Evacuation Pause)
[2023-12-18T23:43:50.134+0100][15152.640s] GC(738) Using 10 workers of 10 for evacuation
[2023-12-18T23:43:50.136+0100][15152.642s] GC(738)   Pre Evacuate Collection Set: 0.1ms
[2023-12-18T23:43:50.136+0100][15152.642s] GC(738)   Merge Heap Roots: 0.1ms
[2023-12-18T23:43:50.136+0100][15152.642s] GC(738)   Evacuate Collection Set: 1.1ms
[2023-12-18T23:43:50.136+0100][15152.642s] GC(738)   Post Evacuate Collection Set: 0.4ms
[2023-12-18T23:43:50.136+0100][15152.642s] GC(738)   Other: 0.1ms
[2023-12-18T23:43:50.136+0100][15152.642s] GC(738) Eden regions: 301->0(301)
[2023-12-18T23:43:50.136+0100][15152.642s] GC(738) Survivor regions: 6->6(39)
[2023-12-18T23:43:50.136+0100][15152.642s] GC(738) Old regions: 73->73
[2023-12-18T23:43:50.136+0100][15152.642s] GC(738) Archive regions: 0->0
[2023-12-18T23:43:50.136+0100][15152.642s] GC(738) Humongous regions: 4->4
[2023-12-18T23:43:50.136+0100][15152.642s] GC(738) Metaspace: 63162K(63744K)->63162K(63744K) NonClass: 56155K(56384K)->56155K(56384K) Class: 7006K(7360K)->7006K(7360K)
[2023-12-18T23:43:50.136+0100][15152.642s] GC(738) Pause Young (Normal) (G1 Evacuation Pause) 382M->82M(512M) 1.936ms
[2023-12-18T23:43:50.136+0100][15152.642s] GC(738) User=0.00s Sys=0.00s Real=0.00s
[2023-12-18T23:43:50.522+0100][15153.027s] GC(739) Pause Young (Concurrent Start) (CodeCache GC Threshold)
[2023-12-18T23:43:50.522+0100][15153.027s] GC(739) Using 10 workers of 10 for evacuation
[2023-12-18T23:43:50.523+0100][15153.029s] GC(739)   Pre Evacuate Collection Set: 0.1ms
[2023-12-18T23:43:50.524+0100][15153.029s] GC(739)   Merge Heap Roots: 0.0ms
[2023-12-18T23:43:50.524+0100][15153.029s] GC(739)   Evacuate Collection Set: 1.3ms
[2023-12-18T23:43:50.524+0100][15153.029s] GC(739)   Post Evacuate Collection Set: 0.3ms
[2023-12-18T23:43:50.524+0100][15153.029s] GC(739)   Other: 0.1ms
[2023-12-18T23:43:50.524+0100][15153.029s] GC(739) Eden regions: 181->0(300)
[2023-12-18T23:43:50.524+0100][15153.029s] GC(739) Survivor regions: 6->7(39)
[2023-12-18T23:43:50.524+0100][15153.029s] GC(739) Old regions: 73->73
[2023-12-18T23:43:50.524+0100][15153.029s] GC(739) Archive regions: 0->0
[2023-12-18T23:43:50.524+0100][15153.029s] GC(739) Humongous regions: 4->4
[2023-12-18T23:43:50.524+0100][15153.029s] GC(739) Metaspace: 63372K(63936K)->63372K(63936K) NonClass: 56341K(56576K)->56341K(56576K) Class: 7030K(7360K)->7030K(7360K)
[2023-12-18T23:43:50.524+0100][15153.029s] GC(739) Pause Young (Concurrent Start) (CodeCache GC Threshold) 262M->83M(512M) 2.010ms
[2023-12-18T23:43:50.524+0100][15153.029s] GC(740) Concurrent Mark Cycle
[2023-12-18T23:43:50.524+0100][15153.029s] GC(739) User=0.00s Sys=0.00s Real=0.00s
[2023-12-18T23:43:50.524+0100][15153.029s] GC(740) Concurrent Clear Claimed Marks
[2023-12-18T23:43:50.524+0100][15153.029s] GC(740) Concurrent Clear Claimed Marks 0.077ms
[2023-12-18T23:43:50.524+0100][15153.029s] GC(740) Concurrent Scan Root Regions
[2023-12-18T23:43:50.525+0100][15153.030s] GC(740) Concurrent Scan Root Regions 1.064ms
[2023-12-18T23:43:50.525+0100][15153.030s] GC(740) Concurrent Mark
[2023-12-18T23:43:50.525+0100][15153.030s] GC(740) Concurrent Mark From Roots
[2023-12-18T23:43:50.525+0100][15153.030s] GC(740) Using 3 workers of 3 for marking
[2023-12-18T23:43:50.549+0100][15153.055s] GC(740) Concurrent Mark From Roots 24.187ms
[2023-12-18T23:43:50.549+0100][15153.055s] GC(740) Concurrent Preclean
[2023-12-18T23:43:50.550+0100][15153.055s] GC(740) Concurrent Preclean 0.356ms
[2023-12-18T23:43:50.550+0100][15153.055s] GC(740) Pause Remark
[2023-12-18T23:43:50.556+0100][15153.062s] GC(740) Pause Remark 93M->93M(512M) 6.381ms
[2023-12-18T23:43:50.556+0100][15153.062s] GC(740) User=0.00s Sys=0.00s Real=0.01s
[2023-12-18T23:43:50.556+0100][15153.062s] GC(740) Concurrent Mark 31.218ms
[2023-12-18T23:43:50.556+0100][15153.062s] GC(740) Concurrent Rebuild Remembered Sets
[2023-12-18T23:43:50.570+0100][15153.076s] GC(740) Concurrent Rebuild Remembered Sets 13.996ms
[2023-12-18T23:43:50.570+0100][15153.076s] GC(740) Pause Cleanup
[2023-12-18T23:43:50.570+0100][15153.076s] GC(740) Pause Cleanup 95M->95M(512M) 0.149ms
[2023-12-18T23:43:50.570+0100][15153.076s] GC(740) User=0.00s Sys=0.00s Real=0.00s
[2023-12-18T23:43:50.571+0100][15153.076s] GC(740) Concurrent Cleanup for Next Mark
[2023-12-18T23:43:50.571+0100][15153.077s] GC(740) Concurrent Cleanup for Next Mark 0.911ms
[2023-12-18T23:43:50.571+0100][15153.077s] GC(740) Concurrent Mark Cycle 47.667ms
[2023-12-18T23:43:50.899+0100][15153.405s] GC(741) Pause Young (Concurrent Start) (CodeCache GC Threshold)
[2023-12-18T23:43:50.899+0100][15153.405s] GC(741) Using 10 workers of 10 for evacuation
[2023-12-18T23:43:50.901+0100][15153.407s] GC(741)   Pre Evacuate Collection Set: 0.2ms
[2023-12-18T23:43:50.901+0100][15153.407s] GC(741)   Merge Heap Roots: 0.1ms
[2023-12-18T23:43:50.901+0100][15153.407s] GC(741)   Evacuate Collection Set: 1.2ms
[2023-12-18T23:43:50.901+0100][15153.407s] GC(741)   Post Evacuate Collection Set: 0.4ms
[2023-12-18T23:43:50.901+0100][15153.407s] GC(741)   Other: 0.1ms
[2023-12-18T23:43:50.901+0100][15153.407s] GC(741) Eden regions: 134->0(300)
[2023-12-18T23:43:50.901+0100][15153.407s] GC(741) Survivor regions: 7->7(39)
[2023-12-18T23:43:50.901+0100][15153.407s] GC(741) Old regions: 73->73
[2023-12-18T23:43:50.901+0100][15153.407s] GC(741) Archive regions: 0->0
[2023-12-18T23:43:50.901+0100][15153.407s] GC(741) Humongous regions: 4->4
[2023-12-18T23:43:50.901+0100][15153.407s] GC(741) Metaspace: 63457K(64000K)->63457K(64000K) NonClass: 56417K(56640K)->56417K(56640K) Class: 7040K(7360K)->7040K(7360K)
[2023-12-18T23:43:50.901+0100][15153.407s] GC(741) Pause Young (Concurrent Start) (CodeCache GC Threshold) 217M->83M(512M) 2.067ms
[2023-12-18T23:43:50.901+0100][15153.407s] GC(742) Concurrent Mark Cycle
[2023-12-18T23:43:50.901+0100][15153.407s] GC(741) User=0.00s Sys=0.00s Real=0.00s
[2023-12-18T23:43:50.901+0100][15153.407s] GC(742) Concurrent Clear Claimed Marks
[2023-12-18T23:43:50.901+0100][15153.407s] GC(742) Concurrent Clear Claimed Marks 0.051ms
[2023-12-18T23:43:50.901+0100][15153.407s] GC(742) Concurrent Scan Root Regions
[2023-12-18T23:43:50.902+0100][15153.408s] GC(742) Concurrent Scan Root Regions 0.934ms
[2023-12-18T23:43:50.902+0100][15153.408s] GC(742) Concurrent Mark
[2023-12-18T23:43:50.902+0100][15153.408s] GC(742) Concurrent Mark From Roots
[2023-12-18T23:43:50.902+0100][15153.408s] GC(742) Using 3 workers of 3 for marking
[2023-12-18T23:43:50.923+0100][15153.429s] GC(742) Concurrent Mark From Roots 20.704ms
[2023-12-18T23:43:50.923+0100][15153.429s] GC(742) Concurrent Preclean
[2023-12-18T23:43:50.923+0100][15153.429s] GC(742) Concurrent Preclean 0.293ms
[2023-12-18T23:43:50.923+0100][15153.430s] GC(742) Pause Remark
[2023-12-18T23:43:50.928+0100][15153.434s] GC(742) Pause Remark 91M->91M(512M) 4.492ms
[2023-12-18T23:43:50.928+0100][15153.434s] GC(742) User=0.00s Sys=0.00s Real=0.00s
[2023-12-18T23:43:50.928+0100][15153.434s] GC(742) Concurrent Mark 25.878ms
[2023-12-18T23:43:50.928+0100][15153.434s] GC(742) Concurrent Rebuild Remembered Sets
[2023-12-18T23:43:50.940+0100][15153.446s] GC(742) Concurrent Rebuild Remembered Sets 11.842ms
[2023-12-18T23:43:50.940+0100][15153.446s] GC(742) Pause Cleanup
[2023-12-18T23:43:50.940+0100][15153.446s] GC(742) Pause Cleanup 94M->94M(512M) 0.168ms
[2023-12-18T23:43:50.940+0100][15153.446s] GC(742) User=0.00s Sys=0.00s Real=0.00s
[2023-12-18T23:43:50.940+0100][15153.446s] GC(742) Concurrent Cleanup for Next Mark
[2023-12-18T23:43:50.941+0100][15153.447s] GC(742) Concurrent Cleanup for Next Mark 0.807ms
[2023-12-18T23:43:50.941+0100][15153.447s] GC(742) Concurrent Mark Cycle 40.048ms
[2023-12-18T23:43:51.494+0100][15153.999s] GC(743) Pause Young (Prepare Mixed) (G1 Evacuation Pause)
[2023-12-18T23:43:51.494+0100][15153.999s] GC(743) Using 10 workers of 10 for evacuation
[2023-12-18T23:43:51.495+0100][15154.001s] GC(743)   Pre Evacuate Collection Set: 0.1ms
[2023-12-18T23:43:51.495+0100][15154.001s] GC(743)   Merge Heap Roots: 0.1ms
[2023-12-18T23:43:51.495+0100][15154.001s] GC(743)   Evacuate Collection Set: 1.2ms
[2023-12-18T23:43:51.495+0100][15154.001s] GC(743)   Post Evacuate Collection Set: 0.3ms
[2023-12-18T23:43:51.495+0100][15154.001s] GC(743)   Other: 0.1ms
[2023-12-18T23:43:51.495+0100][15154.001s] GC(743) Eden regions: 300->0(17)
[2023-12-18T23:43:51.495+0100][15154.001s] GC(743) Survivor regions: 7->8(39)
[2023-12-18T23:43:51.495+0100][15154.001s] GC(743) Old regions: 73->73
[2023-12-18T23:43:51.495+0100][15154.001s] GC(743) Archive regions: 0->0
[2023-12-18T23:43:51.495+0100][15154.001s] GC(743) Humongous regions: 4->4
[2023-12-18T23:43:51.496+0100][15154.001s] GC(743) Metaspace: 63462K(64000K)->63462K(64000K) NonClass: 56421K(56640K)->56421K(56640K) Class: 7040K(7360K)->7040K(7360K)
[2023-12-18T23:43:51.496+0100][15154.001s] GC(743) Pause Young (Prepare Mixed) (G1 Evacuation Pause) 383M->83M(512M) 1.988ms
[2023-12-18T23:43:51.496+0100][15154.001s] GC(743) User=0.00s Sys=0.00s Real=0.00s
[2023-12-18T23:43:51.557+0100][15154.063s] GC(744) Pause Young (Mixed) (G1 Evacuation Pause)
[2023-12-18T23:43:51.557+0100][15154.063s] GC(744) Using 10 workers of 10 for evacuation
[2023-12-18T23:43:51.560+0100][15154.066s] GC(744)   Pre Evacuate Collection Set: 0.0ms
[2023-12-18T23:43:51.560+0100][15154.066s] GC(744)   Merge Heap Roots: 0.0ms
[2023-12-18T23:43:51.560+0100][15154.066s] GC(744)   Evacuate Collection Set: 2.1ms
[2023-12-18T23:43:51.560+0100][15154.066s] GC(744)   Post Evacuate Collection Set: 0.3ms
[2023-12-18T23:43:51.560+0100][15154.066s] GC(744)   Other: 0.1ms
[2023-12-18T23:43:51.560+0100][15154.066s] GC(744) Eden regions: 17->0(306)
[2023-12-18T23:43:51.560+0100][15154.066s] GC(744) Survivor regions: 8->1(4)
[2023-12-18T23:43:51.560+0100][15154.066s] GC(744) Old regions: 73->74
[2023-12-18T23:43:51.560+0100][15154.066s] GC(744) Archive regions: 0->0
[2023-12-18T23:43:51.560+0100][15154.066s] GC(744) Humongous regions: 4->4
[2023-12-18T23:43:51.560+0100][15154.066s] GC(744) Metaspace: 63462K(64000K)->63462K(64000K) NonClass: 56421K(56640K)->56421K(56640K) Class: 7040K(7360K)->7040K(7360K)
[2023-12-18T23:43:51.560+0100][15154.066s] GC(744) Pause Young (Mixed) (G1 Evacuation Pause) 100M->78M(512M) 2.934ms
[2023-12-18T23:43:51.560+0100][15154.066s] GC(744) User=0.00s Sys=0.00s Real=0.00s
[2023-12-18T23:43:51.879+0100][15154.384s] GC(745) Pause Young (Concurrent Start) (CodeCache GC Threshold)
[2023-12-18T23:43:51.879+0100][15154.384s] GC(745) Using 10 workers of 10 for evacuation
[2023-12-18T23:43:51.880+0100][15154.386s] GC(745)   Pre Evacuate Collection Set: 0.1ms
[2023-12-18T23:43:51.880+0100][15154.386s] GC(745)   Merge Heap Roots: 0.1ms
[2023-12-18T23:43:51.880+0100][15154.386s] GC(745)   Evacuate Collection Set: 0.8ms
[2023-12-18T23:43:51.880+0100][15154.386s] GC(745)   Post Evacuate Collection Set: 0.3ms
[2023-12-18T23:43:51.880+0100][15154.386s] GC(745)   Other: 0.0ms
[2023-12-18T23:43:51.880+0100][15154.386s] GC(745) Eden regions: 134->0(304)
[2023-12-18T23:43:51.880+0100][15154.386s] GC(745) Survivor regions: 1->3(39)
[2023-12-18T23:43:51.880+0100][15154.386s] GC(745) Old regions: 74->74
[2023-12-18T23:43:51.880+0100][15154.386s] GC(745) Archive regions: 0->0
[2023-12-18T23:43:51.880+0100][15154.386s] GC(745) Humongous regions: 4->4
[2023-12-18T23:43:51.880+0100][15154.386s] GC(745) Metaspace: 63470K(64000K)->63470K(64000K) NonClass: 56428K(56640K)->56428K(56640K) Class: 7041K(7360K)->7041K(7360K)
[2023-12-18T23:43:51.880+0100][15154.386s] GC(745) Pause Young (Concurrent Start) (CodeCache GC Threshold) 211M->79M(512M) 1.485ms
[2023-12-18T23:43:51.880+0100][15154.386s] GC(746) Concurrent Mark Cycle
[2023-12-18T23:43:51.880+0100][15154.386s] GC(745) User=0.00s Sys=0.00s Real=0.00s
[2023-12-18T23:43:51.880+0100][15154.386s] GC(746) Concurrent Clear Claimed Marks
[2023-12-18T23:43:51.880+0100][15154.386s] GC(746) Concurrent Clear Claimed Marks 0.089ms
[2023-12-18T23:43:51.880+0100][15154.386s] GC(746) Concurrent Scan Root Regions
[2023-12-18T23:43:51.881+0100][15154.387s] GC(746) Concurrent Scan Root Regions 0.980ms
[2023-12-18T23:43:51.881+0100][15154.387s] GC(746) Concurrent Mark
[2023-12-18T23:43:51.881+0100][15154.387s] GC(746) Concurrent Mark From Roots
[2023-12-18T23:43:51.881+0100][15154.387s] GC(746) Using 3 workers of 3 for marking
[2023-12-18T23:43:51.903+0100][15154.409s] GC(746) Concurrent Mark From Roots 22.130ms
[2023-12-18T23:43:51.903+0100][15154.409s] GC(746) Concurrent Preclean
[2023-12-18T23:43:51.903+0100][15154.409s] GC(746) Concurrent Preclean 0.170ms
[2023-12-18T23:43:51.903+0100][15154.409s] GC(746) Pause Remark
[2023-12-18T23:43:51.907+0100][15154.413s] GC(746) Pause Remark 86M->86M(512M) 4.099ms
[2023-12-18T23:43:51.907+0100][15154.413s] GC(746) User=0.08s Sys=0.00s Real=0.00s
[2023-12-18T23:43:51.907+0100][15154.414s] GC(746) Concurrent Mark 26.664ms
[2023-12-18T23:43:51.907+0100][15154.414s] GC(746) Concurrent Rebuild Remembered Sets
[2023-12-18T23:43:51.920+0100][15154.426s] GC(746) Concurrent Rebuild Remembered Sets 12.477ms
[2023-12-18T23:43:51.920+0100][15154.426s] GC(746) Pause Cleanup
[2023-12-18T23:43:51.920+0100][15154.426s] GC(746) Pause Cleanup 89M->89M(512M) 0.145ms
[2023-12-18T23:43:51.920+0100][15154.426s] GC(746) User=0.00s Sys=0.00s Real=0.00s
[2023-12-18T23:43:51.920+0100][15154.426s] GC(746) Concurrent Cleanup for Next Mark
[2023-12-18T23:43:51.921+0100][15154.427s] GC(746) Concurrent Cleanup for Next Mark 0.662ms
[2023-12-18T23:43:51.921+0100][15154.427s] GC(746) Concurrent Mark Cycle 41.255ms
[2023-12-18T23:43:52.531+0100][15155.037s] GC(747) Pause Young (Prepare Mixed) (G1 Evacuation Pause)
[2023-12-18T23:43:52.531+0100][15155.037s] GC(747) Using 10 workers of 10 for evacuation
[2023-12-18T23:43:52.533+0100][15155.039s] GC(747)   Pre Evacuate Collection Set: 0.1ms
[2023-12-18T23:43:52.533+0100][15155.039s] GC(747)   Merge Heap Roots: 0.1ms
[2023-12-18T23:43:52.533+0100][15155.039s] GC(747)   Evacuate Collection Set: 0.9ms
[2023-12-18T23:43:52.533+0100][15155.039s] GC(747)   Post Evacuate Collection Set: 0.7ms
[2023-12-18T23:43:52.533+0100][15155.039s] GC(747)   Other: 0.1ms
[2023-12-18T23:43:52.533+0100][15155.039s] GC(747) Eden regions: 304->0(22)
[2023-12-18T23:43:52.533+0100][15155.039s] GC(747) Survivor regions: 3->3(39)
[2023-12-18T23:43:52.533+0100][15155.039s] GC(747) Old regions: 74->74
[2023-12-18T23:43:52.533+0100][15155.039s] GC(747) Archive regions: 0->0
[2023-12-18T23:43:52.533+0100][15155.039s] GC(747) Humongous regions: 4->4
[2023-12-18T23:43:52.533+0100][15155.039s] GC(747) Metaspace: 63479K(64000K)->63479K(64000K) NonClass: 56437K(56640K)->56437K(56640K) Class: 7042K(7360K)->7042K(7360K)
[2023-12-18T23:43:52.533+0100][15155.039s] GC(747) Pause Young (Prepare Mixed) (G1 Evacuation Pause) 383M->80M(512M) 1.959ms
[2023-12-18T23:43:52.533+0100][15155.039s] GC(747) User=0.00s Sys=0.00s Real=0.00s
[2023-12-18T23:43:52.564+0100][15155.070s] GC(748) Pause Young (Mixed) (G1 Evacuation Pause)
[2023-12-18T23:43:52.564+0100][15155.070s] GC(748) Using 10 workers of 10 for evacuation
[2023-12-18T23:43:52.566+0100][15155.072s] GC(748)   Pre Evacuate Collection Set: 0.1ms
[2023-12-18T23:43:52.566+0100][15155.072s] GC(748)   Merge Heap Roots: 0.1ms
[2023-12-18T23:43:52.566+0100][15155.072s] GC(748)   Evacuate Collection Set: 1.5ms
[2023-12-18T23:43:52.566+0100][15155.072s] GC(748)   Post Evacuate Collection Set: 0.4ms
[2023-12-18T23:43:52.566+0100][15155.072s] GC(748)   Other: 0.1ms
[2023-12-18T23:43:52.566+0100][15155.072s] GC(748) Eden regions: 22->0(306)
[2023-12-18T23:43:52.566+0100][15155.072s] GC(748) Survivor regions: 3->1(4)
[2023-12-18T23:43:52.566+0100][15155.072s] GC(748) Old regions: 74->72
[2023-12-18T23:43:52.566+0100][15155.072s] GC(748) Archive regions: 0->0
[2023-12-18T23:43:52.566+0100][15155.072s] GC(748) Humongous regions: 4->4
[2023-12-18T23:43:52.566+0100][15155.072s] GC(748) Metaspace: 63479K(64000K)->63479K(64000K) NonClass: 56437K(56640K)->56437K(56640K) Class: 7042K(7360K)->7042K(7360K)
[2023-12-18T23:43:52.566+0100][15155.072s] GC(748) Pause Young (Mixed) (G1 Evacuation Pause) 102M->75M(512M) 2.384ms
[2023-12-18T23:43:52.566+0100][15155.072s] GC(748) User=0.00s Sys=0.00s Real=0.00s
[2023-12-18T23:43:53.063+0100][15155.569s] GC(749) Pause Young (Normal) (G1 Evacuation Pause)
[2023-12-18T23:43:53.063+0100][15155.569s] GC(749) Using 10 workers of 10 for evacuation
[2023-12-18T23:43:53.064+0100][15155.570s] GC(749)   Pre Evacuate Collection Set: 0.1ms
[2023-12-18T23:43:53.064+0100][15155.570s] GC(749)   Merge Heap Roots: 0.0ms
[2023-12-18T23:43:53.064+0100][15155.570s] GC(749)   Evacuate Collection Set: 0.5ms
[2023-12-18T23:43:53.064+0100][15155.570s] GC(749)   Post Evacuate Collection Set: 0.3ms
[2023-12-18T23:43:53.064+0100][15155.570s] GC(749)   Other: 0.1ms
[2023-12-18T23:43:53.064+0100][15155.570s] GC(749) Eden regions: 306->0(305)
[2023-12-18T23:43:53.064+0100][15155.570s] GC(749) Survivor regions: 1->2(39)
[2023-12-18T23:43:53.064+0100][15155.570s] GC(749) Old regions: 72->72
[2023-12-18T23:43:53.064+0100][15155.570s] GC(749) Archive regions: 0->0
[2023-12-18T23:43:53.064+0100][15155.570s] GC(749) Humongous regions: 4->4
[2023-12-18T23:43:53.064+0100][15155.570s] GC(749) Metaspace: 63481K(64000K)->63481K(64000K) NonClass: 56438K(56640K)->56438K(56640K) Class: 7042K(7360K)->7042K(7360K)
[2023-12-18T23:43:53.064+0100][15155.570s] GC(749) Pause Young (Normal) (G1 Evacuation Pause) 381M->76M(512M) 1.173ms
[2023-12-18T23:43:53.064+0100][15155.570s] GC(749) User=0.00s Sys=0.00s Real=0.00s
[2023-12-18T23:43:53.669+0100][15156.175s] GC(750) Pause Young (Normal) (G1 Evacuation Pause)
[2023-12-18T23:43:53.669+0100][15156.175s] GC(750) Using 10 workers of 10 for evacuation
[2023-12-18T23:43:53.670+0100][15156.176s] GC(750)   Pre Evacuate Collection Set: 0.1ms
[2023-12-18T23:43:53.670+0100][15156.176s] GC(750)   Merge Heap Roots: 0.2ms
[2023-12-18T23:43:53.670+0100][15156.176s] GC(750)   Evacuate Collection Set: 0.9ms
[2023-12-18T23:43:53.670+0100][15156.176s] GC(750)   Post Evacuate Collection Set: 0.5ms
[2023-12-18T23:43:53.670+0100][15156.176s] GC(750)   Other: 0.1ms
[2023-12-18T23:43:53.670+0100][15156.176s] GC(750) Eden regions: 305->0(303)
[2023-12-18T23:43:53.670+0100][15156.176s] GC(750) Survivor regions: 2->4(39)
[2023-12-18T23:43:53.670+0100][15156.176s] GC(750) Old regions: 72->72
[2023-12-18T23:43:53.670+0100][15156.176s] GC(750) Archive regions: 0->0
[2023-12-18T23:43:53.670+0100][15156.176s] GC(750) Humongous regions: 4->4
[2023-12-18T23:43:53.670+0100][15156.177s] GC(750) Metaspace: 63494K(64064K)->63494K(64064K) NonClass: 56452K(56704K)->56452K(56704K) Class: 7042K(7360K)->7042K(7360K)
[2023-12-18T23:43:53.670+0100][15156.177s] GC(750) Pause Young (Normal) (G1 Evacuation Pause) 381M->78M(512M) 1.839ms
[2023-12-18T23:43:53.670+0100][15156.177s] GC(750) User=0.00s Sys=0.00s Real=0.00s
[2023-12-18T23:43:54.297+0100][15156.802s] GC(751) Pause Young (Normal) (G1 Evacuation Pause)
[2023-12-18T23:43:54.297+0100][15156.802s] GC(751) Using 10 workers of 10 for evacuation
[2023-12-18T23:43:54.299+0100][15156.804s] GC(751)   Pre Evacuate Collection Set: 0.1ms
[2023-12-18T23:43:54.299+0100][15156.804s] GC(751)   Merge Heap Roots: 0.1ms
[2023-12-18T23:43:54.299+0100][15156.804s] GC(751)   Evacuate Collection Set: 1.1ms
[2023-12-18T23:43:54.299+0100][15156.804s] GC(751)   Post Evacuate Collection Set: 0.5ms
[2023-12-18T23:43:54.299+0100][15156.804s] GC(751)   Other: 0.1ms
[2023-12-18T23:43:54.299+0100][15156.804s] GC(751) Eden regions: 303->0(302)
[2023-12-18T23:43:54.299+0100][15156.804s] GC(751) Survivor regions: 4->5(39)
[2023-12-18T23:43:54.299+0100][15156.804s] GC(751) Old regions: 72->72
[2023-12-18T23:43:54.299+0100][15156.804s] GC(751) Archive regions: 0->0
[2023-12-18T23:43:54.299+0100][15156.804s] GC(751) Humongous regions: 4->4
[2023-12-18T23:43:54.299+0100][15156.804s] GC(751) Metaspace: 63495K(64064K)->63495K(64064K) NonClass: 56452K(56704K)->56452K(56704K) Class: 7042K(7360K)->7042K(7360K)
[2023-12-18T23:43:54.299+0100][15156.804s] GC(751) Pause Young (Normal) (G1 Evacuation Pause) 381M->79M(512M) 2.117ms
[2023-12-18T23:43:54.299+0100][15156.804s] GC(751) User=0.16s Sys=0.00s Real=0.00s
[2023-12-18T23:43:54.847+0100][15157.352s] GC(752) Pause Young (Normal) (G1 Evacuation Pause)
[2023-12-18T23:43:54.847+0100][15157.353s] GC(752) Using 10 workers of 10 for evacuation
[2023-12-18T23:43:54.849+0100][15157.354s] GC(752)   Pre Evacuate Collection Set: 0.1ms
[2023-12-18T23:43:54.849+0100][15157.354s] GC(752)   Merge Heap Roots: 0.1ms
[2023-12-18T23:43:54.849+0100][15157.354s] GC(752)   Evacuate Collection Set: 1.1ms
[2023-12-18T23:43:54.849+0100][15157.355s] GC(752)   Post Evacuate Collection Set: 0.6ms
[2023-12-18T23:43:54.849+0100][15157.355s] GC(752)   Other: 0.1ms
[2023-12-18T23:43:54.849+0100][15157.355s] GC(752) Eden regions: 302->0(302)
[2023-12-18T23:43:54.849+0100][15157.355s] GC(752) Survivor regions: 5->5(39)
[2023-12-18T23:43:54.849+0100][15157.355s] GC(752) Old regions: 72->72
[2023-12-18T23:43:54.849+0100][15157.355s] GC(752) Archive regions: 0->0
[2023-12-18T23:43:54.849+0100][15157.355s] GC(752) Humongous regions: 4->4
[2023-12-18T23:43:54.849+0100][15157.355s] GC(752) Metaspace: 63499K(64064K)->63499K(64064K) NonClass: 56456K(56704K)->56456K(56704K) Class: 7042K(7360K)->7042K(7360K)
[2023-12-18T23:43:54.849+0100][15157.355s] GC(752) Pause Young (Normal) (G1 Evacuation Pause) 381M->79M(512M) 2.140ms
[2023-12-18T23:43:54.849+0100][15157.355s] GC(752) User=0.00s Sys=0.00s Real=0.00s
[2023-12-18T23:43:55.413+0100][15157.920s] GC(753) Pause Young (Normal) (G1 Evacuation Pause)
[2023-12-18T23:43:55.413+0100][15157.920s] GC(753) Using 10 workers of 10 for evacuation
[2023-12-18T23:43:55.415+0100][15157.921s] GC(753)   Pre Evacuate Collection Set: 0.1ms
[2023-12-18T23:43:55.415+0100][15157.921s] GC(753)   Merge Heap Roots: 0.0ms
[2023-12-18T23:43:55.415+0100][15157.921s] GC(753)   Evacuate Collection Set: 0.7ms
[2023-12-18T23:43:55.415+0100][15157.921s] GC(753)   Post Evacuate Collection Set: 0.4ms
[2023-12-18T23:43:55.415+0100][15157.921s] GC(753)   Other: 0.1ms
[2023-12-18T23:43:55.415+0100][15157.921s] GC(753) Eden regions: 302->0(303)
[2023-12-18T23:43:55.415+0100][15157.921s] GC(753) Survivor regions: 5->4(39)
[2023-12-18T23:43:55.415+0100][15157.921s] GC(753) Old regions: 72->72
[2023-12-18T23:43:55.415+0100][15157.921s] GC(753) Archive regions: 0->0
[2023-12-18T23:43:55.415+0100][15157.921s] GC(753) Humongous regions: 4->4
[2023-12-18T23:43:55.415+0100][15157.921s] GC(753) Metaspace: 63506K(64064K)->63506K(64064K) NonClass: 56463K(56704K)->56463K(56704K) Class: 7042K(7360K)->7042K(7360K)
[2023-12-18T23:43:55.415+0100][15157.921s] GC(753) Pause Young (Normal) (G1 Evacuation Pause) 381M->78M(512M) 1.542ms
[2023-12-18T23:43:55.415+0100][15157.921s] GC(753) User=0.00s Sys=0.00s Real=0.00s
[2023-12-18T23:43:56.065+0100][15158.571s] GC(754) Pause Young (Normal) (G1 Evacuation Pause)
[2023-12-18T23:43:56.065+0100][15158.571s] GC(754) Using 10 workers of 10 for evacuation
[2023-12-18T23:43:56.067+0100][15158.572s] GC(754)   Pre Evacuate Collection Set: 0.1ms
[2023-12-18T23:43:56.067+0100][15158.572s] GC(754)   Merge Heap Roots: 0.1ms
[2023-12-18T23:43:56.067+0100][15158.572s] GC(754)   Evacuate Collection Set: 0.9ms
[2023-12-18T23:43:56.067+0100][15158.572s] GC(754)   Post Evacuate Collection Set: 0.4ms
[2023-12-18T23:43:56.067+0100][15158.572s] GC(754)   Other: 0.1ms
[2023-12-18T23:43:56.067+0100][15158.572s] GC(754) Eden regions: 303->0(301)
[2023-12-18T23:43:56.067+0100][15158.572s] GC(754) Survivor regions: 4->6(39)
[2023-12-18T23:43:56.067+0100][15158.572s] GC(754) Old regions: 72->72
[2023-12-18T23:43:56.067+0100][15158.572s] GC(754) Archive regions: 0->0
[2023-12-18T23:43:56.067+0100][15158.572s] GC(754) Humongous regions: 4->4
[2023-12-18T23:43:56.067+0100][15158.572s] GC(754) Metaspace: 63514K(64128K)->63514K(64128K) NonClass: 56471K(56768K)->56471K(56768K) Class: 7042K(7360K)->7042K(7360K)
[2023-12-18T23:43:56.067+0100][15158.572s] GC(754) Pause Young (Normal) (G1 Evacuation Pause) 381M->80M(512M) 1.680ms
[2023-12-18T23:43:56.067+0100][15158.573s] GC(754) User=0.00s Sys=0.00s Real=0.00s
[2023-12-18T23:43:56.625+0100][15159.130s] GC(755) Pause Young (Normal) (G1 Evacuation Pause)
[2023-12-18T23:43:56.625+0100][15159.130s] GC(755) Using 10 workers of 10 for evacuation
[2023-12-18T23:43:56.627+0100][15159.132s] GC(755)   Pre Evacuate Collection Set: 0.1ms
[2023-12-18T23:43:56.627+0100][15159.132s] GC(755)   Merge Heap Roots: 0.1ms
[2023-12-18T23:43:56.627+0100][15159.132s] GC(755)   Evacuate Collection Set: 1.1ms
[2023-12-18T23:43:56.627+0100][15159.132s] GC(755)   Post Evacuate Collection Set: 0.4ms
[2023-12-18T23:43:56.627+0100][15159.132s] GC(755)   Other: 0.1ms
[2023-12-18T23:43:56.627+0100][15159.132s] GC(755) Eden regions: 301->0(301)
[2023-12-18T23:43:56.627+0100][15159.132s] GC(755) Survivor regions: 6->6(39)
[2023-12-18T23:43:56.627+0100][15159.132s] GC(755) Old regions: 72->72
[2023-12-18T23:43:56.627+0100][15159.132s] GC(755) Archive regions: 0->0
[2023-12-18T23:43:56.627+0100][15159.132s] GC(755) Humongous regions: 4->4
[2023-12-18T23:43:56.627+0100][15159.132s] GC(755) Metaspace: 63516K(64128K)->63516K(64128K) NonClass: 56473K(56768K)->56473K(56768K) Class: 7042K(7360K)->7042K(7360K)
[2023-12-18T23:43:56.627+0100][15159.132s] GC(755) Pause Young (Normal) (G1 Evacuation Pause) 381M->81M(512M) 1.914ms
[2023-12-18T23:43:56.627+0100][15159.132s] GC(755) User=0.16s Sys=0.00s Real=0.00s
[2023-12-18T23:43:57.250+0100][15159.755s] GC(756) Pause Young (Normal) (G1 Evacuation Pause)
[2023-12-18T23:43:57.250+0100][15159.755s] GC(756) Using 10 workers of 10 for evacuation
[2023-12-18T23:43:57.252+0100][15159.757s] GC(756)   Pre Evacuate Collection Set: 0.1ms
[2023-12-18T23:43:57.252+0100][15159.757s] GC(756)   Merge Heap Roots: 0.1ms
[2023-12-18T23:43:57.252+0100][15159.757s] GC(756)   Evacuate Collection Set: 1.3ms
[2023-12-18T23:43:57.252+0100][15159.757s] GC(756)   Post Evacuate Collection Set: 0.5ms
[2023-12-18T23:43:57.252+0100][15159.757s] GC(756)   Other: 0.1ms
[2023-12-18T23:43:57.252+0100][15159.757s] GC(756) Eden regions: 301->0(300)
[2023-12-18T23:43:57.252+0100][15159.757s] GC(756) Survivor regions: 6->7(39)
[2023-12-18T23:43:57.252+0100][15159.757s] GC(756) Old regions: 72->72
[2023-12-18T23:43:57.252+0100][15159.757s] GC(756) Archive regions: 0->0
[2023-12-18T23:43:57.252+0100][15159.757s] GC(756) Humongous regions: 4->4
[2023-12-18T23:43:57.252+0100][15159.757s] GC(756) Metaspace: 63518K(64128K)->63518K(64128K) NonClass: 56475K(56768K)->56475K(56768K) Class: 7042K(7360K)->7042K(7360K)
[2023-12-18T23:43:57.252+0100][15159.758s] GC(756) Pause Young (Normal) (G1 Evacuation Pause) 382M->81M(512M) 2.211ms
[2023-12-18T23:43:57.252+0100][15159.758s] GC(756) User=0.16s Sys=0.00s Real=0.00s
[2023-12-18T23:43:57.833+0100][15160.338s] GC(757) Pause Young (Normal) (G1 Evacuation Pause)
[2023-12-18T23:43:57.833+0100][15160.338s] GC(757) Using 10 workers of 10 for evacuation
[2023-12-18T23:43:57.835+0100][15160.340s] GC(757)   Pre Evacuate Collection Set: 0.1ms
[2023-12-18T23:43:57.835+0100][15160.340s] GC(757)   Merge Heap Roots: 0.1ms
[2023-12-18T23:43:57.835+0100][15160.340s] GC(757)   Evacuate Collection Set: 1.5ms
[2023-12-18T23:43:57.835+0100][15160.340s] GC(757)   Post Evacuate Collection Set: 0.5ms
[2023-12-18T23:43:57.835+0100][15160.340s] GC(757)   Other: 0.1ms
[2023-12-18T23:43:57.835+0100][15160.340s] GC(757) Eden regions: 300->0(300)
[2023-12-18T23:43:57.835+0100][15160.340s] GC(757) Survivor regions: 7->7(39)
[2023-12-18T23:43:57.835+0100][15160.340s] GC(757) Old regions: 72->72
[2023-12-18T23:43:57.835+0100][15160.340s] GC(757) Archive regions: 0->0
[2023-12-18T23:43:57.835+0100][15160.340s] GC(757) Humongous regions: 4->4
[2023-12-18T23:43:57.835+0100][15160.340s] GC(757) Metaspace: 63519K(64128K)->63519K(64128K) NonClass: 56476K(56768K)->56476K(56768K) Class: 7042K(7360K)->7042K(7360K)
[2023-12-18T23:43:57.835+0100][15160.340s] GC(757) Pause Young (Normal) (G1 Evacuation Pause) 381M->82M(512M) 2.450ms
[2023-12-18T23:43:57.835+0100][15160.341s] GC(757) User=0.00s Sys=0.00s Real=0.00s
[2023-12-18T23:43:58.398+0100][15160.903s] GC(758) Pause Young (Normal) (G1 Evacuation Pause)
[2023-12-18T23:43:58.398+0100][15160.903s] GC(758) Using 10 workers of 10 for evacuation
[2023-12-18T23:43:58.400+0100][15160.905s] GC(758)   Pre Evacuate Collection Set: 0.1ms
[2023-12-18T23:43:58.400+0100][15160.905s] GC(758)   Merge Heap Roots: 0.1ms
[2023-12-18T23:43:58.400+0100][15160.905s] GC(758)   Evacuate Collection Set: 1.2ms
[2023-12-18T23:43:58.400+0100][15160.905s] GC(758)   Post Evacuate Collection Set: 0.5ms
[2023-12-18T23:43:58.400+0100][15160.905s] GC(758)   Other: 0.1ms
[2023-12-18T23:43:58.400+0100][15160.905s] GC(758) Eden regions: 300->0(300)
[2023-12-18T23:43:58.400+0100][15160.905s] GC(758) Survivor regions: 7->7(39)
[2023-12-18T23:43:58.400+0100][15160.905s] GC(758) Old regions: 72->72
[2023-12-18T23:43:58.400+0100][15160.905s] GC(758) Archive regions: 0->0
[2023-12-18T23:43:58.400+0100][15160.905s] GC(758) Humongous regions: 4->4
[2023-12-18T23:43:58.400+0100][15160.905s] GC(758) Metaspace: 63530K(64128K)->63530K(64128K) NonClass: 56487K(56768K)->56487K(56768K) Class: 7042K(7360K)->7042K(7360K)
[2023-12-18T23:43:58.400+0100][15160.905s] GC(758) Pause Young (Normal) (G1 Evacuation Pause) 382M->82M(512M) 2.249ms
[2023-12-18T23:43:58.400+0100][15160.905s] GC(758) User=0.00s Sys=0.00s Real=0.00s
[2023-12-18T23:43:58.913+0100][15161.419s] GC(759) Pause Young (Normal) (G1 Evacuation Pause)
[2023-12-18T23:43:58.913+0100][15161.419s] GC(759) Using 10 workers of 10 for evacuation
[2023-12-18T23:43:58.915+0100][15161.421s] GC(759)   Pre Evacuate Collection Set: 0.1ms
[2023-12-18T23:43:58.915+0100][15161.421s] GC(759)   Merge Heap Roots: 0.1ms
[2023-12-18T23:43:58.915+0100][15161.421s] GC(759)   Evacuate Collection Set: 1.5ms
[2023-12-18T23:43:58.915+0100][15161.421s] GC(759)   Post Evacuate Collection Set: 0.5ms
[2023-12-18T23:43:58.915+0100][15161.421s] GC(759)   Other: 0.1ms
[2023-12-18T23:43:58.915+0100][15161.421s] GC(759) Eden regions: 300->0(299)
[2023-12-18T23:43:58.915+0100][15161.421s] GC(759) Survivor regions: 7->8(39)
[2023-12-18T23:43:58.915+0100][15161.421s] GC(759) Old regions: 72->72
[2023-12-18T23:43:58.915+0100][15161.422s] GC(759) Archive regions: 0->0
[2023-12-18T23:43:58.915+0100][15161.422s] GC(759) Humongous regions: 4->4
[2023-12-18T23:43:58.915+0100][15161.422s] GC(759) Metaspace: 63536K(64128K)->63536K(64128K) NonClass: 56493K(56768K)->56493K(56768K) Class: 7042K(7360K)->7042K(7360K)
[2023-12-18T23:43:58.915+0100][15161.422s] GC(759) Pause Young (Normal) (G1 Evacuation Pause) 382M->83M(512M) 2.406ms
[2023-12-18T23:43:58.915+0100][15161.422s] GC(759) User=0.00s Sys=0.00s Real=0.00s
[2023-12-18T23:43:59.458+0100][15161.964s] GC(760) Pause Young (Normal) (G1 Evacuation Pause)
[2023-12-18T23:43:59.458+0100][15161.964s] GC(760) Using 10 workers of 10 for evacuation
[2023-12-18T23:43:59.461+0100][15161.967s] GC(760)   Pre Evacuate Collection Set: 0.1ms
[2023-12-18T23:43:59.461+0100][15161.967s] GC(760)   Merge Heap Roots: 0.0ms
[2023-12-18T23:43:59.461+0100][15161.967s] GC(760)   Evacuate Collection Set: 1.5ms
[2023-12-18T23:43:59.461+0100][15161.967s] GC(760)   Post Evacuate Collection Set: 0.5ms
[2023-12-18T23:43:59.461+0100][15161.967s] GC(760)   Other: 0.1ms
[2023-12-18T23:43:59.461+0100][15161.967s] GC(760) Eden regions: 299->0(298)
[2023-12-18T23:43:59.461+0100][15161.967s] GC(760) Survivor regions: 8->9(39)
[2023-12-18T23:43:59.461+0100][15161.967s] GC(760) Old regions: 72->72
[2023-12-18T23:43:59.461+0100][15161.967s] GC(760) Archive regions: 0->0
[2023-12-18T23:43:59.461+0100][15161.967s] GC(760) Humongous regions: 4->4
[2023-12-18T23:43:59.461+0100][15161.967s] GC(760) Metaspace: 63566K(64128K)->63566K(64128K) NonClass: 56523K(56768K)->56523K(56768K) Class: 7042K(7360K)->7042K(7360K)
[2023-12-18T23:43:59.461+0100][15161.967s] GC(760) Pause Young (Normal) (G1 Evacuation Pause) 382M->83M(512M) 2.359ms
[2023-12-18T23:43:59.461+0100][15161.967s] GC(760) User=0.00s Sys=0.00s Real=0.00s
[2023-12-18T23:44:00.108+0100][15162.613s] GC(761) Pause Young (Normal) (G1 Evacuation Pause)
[2023-12-18T23:44:00.108+0100][15162.613s] GC(761) Using 10 workers of 10 for evacuation
[2023-12-18T23:44:00.110+0100][15162.616s] GC(761)   Pre Evacuate Collection Set: 0.1ms
[2023-12-18T23:44:00.110+0100][15162.616s] GC(761)   Merge Heap Roots: 0.1ms
[2023-12-18T23:44:00.110+0100][15162.616s] GC(761)   Evacuate Collection Set: 1.6ms
[2023-12-18T23:44:00.110+0100][15162.616s] GC(761)   Post Evacuate Collection Set: 0.4ms
[2023-12-18T23:44:00.110+0100][15162.616s] GC(761)   Other: 0.1ms
[2023-12-18T23:44:00.110+0100][15162.616s] GC(761) Eden regions: 298->0(298)
[2023-12-18T23:44:00.110+0100][15162.616s] GC(761) Survivor regions: 9->9(39)
[2023-12-18T23:44:00.110+0100][15162.616s] GC(761) Old regions: 72->72
[2023-12-18T23:44:00.110+0100][15162.616s] GC(761) Archive regions: 0->0
[2023-12-18T23:44:00.110+0100][15162.616s] GC(761) Humongous regions: 4->4
[2023-12-18T23:44:00.110+0100][15162.616s] GC(761) Metaspace: 63578K(64128K)->63578K(64128K) NonClass: 56535K(56768K)->56535K(56768K) Class: 7042K(7360K)->7042K(7360K)
[2023-12-18T23:44:00.110+0100][15162.616s] GC(761) Pause Young (Normal) (G1 Evacuation Pause) 381M->84M(512M) 2.545ms
[2023-12-18T23:44:00.110+0100][15162.616s] GC(761) User=0.16s Sys=0.00s Real=0.00s
[2023-12-18T23:44:00.559+0100][15163.064s] GC(762) Pause Young (Normal) (G1 Evacuation Pause)
[2023-12-18T23:44:00.559+0100][15163.064s] GC(762) Using 10 workers of 10 for evacuation
[2023-12-18T23:44:00.560+0100][15163.066s] GC(762)   Pre Evacuate Collection Set: 0.1ms
[2023-12-18T23:44:00.560+0100][15163.066s] GC(762)   Merge Heap Roots: 0.1ms
[2023-12-18T23:44:00.560+0100][15163.066s] GC(762)   Evacuate Collection Set: 1.2ms
[2023-12-18T23:44:00.560+0100][15163.066s] GC(762)   Post Evacuate Collection Set: 0.4ms
[2023-12-18T23:44:00.560+0100][15163.066s] GC(762)   Other: 0.1ms
[2023-12-18T23:44:00.560+0100][15163.066s] GC(762) Eden regions: 298->0(299)
[2023-12-18T23:44:00.560+0100][15163.066s] GC(762) Survivor regions: 9->8(39)
[2023-12-18T23:44:00.560+0100][15163.066s] GC(762) Old regions: 72->72
[2023-12-18T23:44:00.561+0100][15163.066s] GC(762) Archive regions: 0->0
[2023-12-18T23:44:00.561+0100][15163.066s] GC(762) Humongous regions: 4->4
[2023-12-18T23:44:00.561+0100][15163.066s] GC(762) Metaspace: 63579K(64128K)->63579K(64128K) NonClass: 56536K(56768K)->56536K(56768K) Class: 7042K(7360K)->7042K(7360K)
[2023-12-18T23:44:00.561+0100][15163.066s] GC(762) Pause Young (Normal) (G1 Evacuation Pause) 382M->83M(512M) 2.073ms
[2023-12-18T23:44:00.561+0100][15163.066s] GC(762) User=0.00s Sys=0.00s Real=0.00s
[2023-12-18T23:44:01.123+0100][15163.629s] GC(763) Pause Young (Normal) (G1 Evacuation Pause)
[2023-12-18T23:44:01.123+0100][15163.629s] GC(763) Using 10 workers of 10 for evacuation
[2023-12-18T23:44:01.126+0100][15163.632s] GC(763)   Pre Evacuate Collection Set: 0.1ms
[2023-12-18T23:44:01.126+0100][15163.632s] GC(763)   Merge Heap Roots: 0.1ms
[2023-12-18T23:44:01.126+0100][15163.632s] GC(763)   Evacuate Collection Set: 1.8ms
[2023-12-18T23:44:01.126+0100][15163.632s] GC(763)   Post Evacuate Collection Set: 0.5ms
[2023-12-18T23:44:01.126+0100][15163.632s] GC(763)   Other: 0.1ms
[2023-12-18T23:44:01.126+0100][15163.632s] GC(763) Eden regions: 299->0(297)
[2023-12-18T23:44:01.126+0100][15163.632s] GC(763) Survivor regions: 8->10(39)
[2023-12-18T23:44:01.126+0100][15163.632s] GC(763) Old regions: 72->72
[2023-12-18T23:44:01.126+0100][15163.632s] GC(763) Archive regions: 0->0
[2023-12-18T23:44:01.126+0100][15163.632s] GC(763) Humongous regions: 4->4
[2023-12-18T23:44:01.126+0100][15163.632s] GC(763) Metaspace: 63579K(64128K)->63579K(64128K) NonClass: 56537K(56768K)->56537K(56768K) Class: 7042K(7360K)->7042K(7360K)
[2023-12-18T23:44:01.126+0100][15163.632s] GC(763) Pause Young (Normal) (G1 Evacuation Pause) 382M->84M(512M) 2.774ms
[2023-12-18T23:44:01.126+0100][15163.632s] GC(763) User=0.16s Sys=0.00s Real=0.00s
[2023-12-18T23:44:01.662+0100][15164.167s] GC(764) Pause Young (Normal) (G1 Evacuation Pause)
[2023-12-18T23:44:01.662+0100][15164.167s] GC(764) Using 10 workers of 10 for evacuation
[2023-12-18T23:44:01.664+0100][15164.169s] GC(764)   Pre Evacuate Collection Set: 0.1ms
[2023-12-18T23:44:01.664+0100][15164.169s] GC(764)   Merge Heap Roots: 0.0ms
[2023-12-18T23:44:01.664+0100][15164.169s] GC(764)   Evacuate Collection Set: 1.6ms
[2023-12-18T23:44:01.664+0100][15164.169s] GC(764)   Post Evacuate Collection Set: 0.4ms
[2023-12-18T23:44:01.664+0100][15164.169s] GC(764)   Other: 0.1ms
[2023-12-18T23:44:01.664+0100][15164.169s] GC(764) Eden regions: 297->0(297)
[2023-12-18T23:44:01.664+0100][15164.169s] GC(764) Survivor regions: 10->10(39)
[2023-12-18T23:44:01.664+0100][15164.169s] GC(764) Old regions: 72->72
[2023-12-18T23:44:01.664+0100][15164.169s] GC(764) Archive regions: 0->0
[2023-12-18T23:44:01.664+0100][15164.169s] GC(764) Humongous regions: 4->4
[2023-12-18T23:44:01.664+0100][15164.169s] GC(764) Metaspace: 63593K(64192K)->63593K(64192K) NonClass: 56550K(56832K)->56550K(56832K) Class: 7042K(7360K)->7042K(7360K)
[2023-12-18T23:44:01.664+0100][15164.169s] GC(764) Pause Young (Normal) (G1 Evacuation Pause) 381M->85M(512M) 2.564ms
[2023-12-18T23:44:01.664+0100][15164.169s] GC(764) User=0.00s Sys=0.00s Real=0.00s
[2023-12-18T23:44:02.188+0100][15164.694s] GC(765) Pause Young (Normal) (G1 Evacuation Pause)
[2023-12-18T23:44:02.188+0100][15164.694s] GC(765) Using 10 workers of 10 for evacuation
[2023-12-18T23:44:02.190+0100][15164.696s] GC(765)   Pre Evacuate Collection Set: 0.1ms
[2023-12-18T23:44:02.190+0100][15164.696s] GC(765)   Merge Heap Roots: 0.1ms
[2023-12-18T23:44:02.190+0100][15164.696s] GC(765)   Evacuate Collection Set: 1.5ms
[2023-12-18T23:44:02.190+0100][15164.696s] GC(765)   Post Evacuate Collection Set: 0.4ms
[2023-12-18T23:44:02.190+0100][15164.696s] GC(765)   Other: 0.1ms
[2023-12-18T23:44:02.190+0100][15164.696s] GC(765) Eden regions: 297->0(298)
[2023-12-18T23:44:02.190+0100][15164.696s] GC(765) Survivor regions: 10->9(39)
[2023-12-18T23:44:02.190+0100][15164.696s] GC(765) Old regions: 72->72
[2023-12-18T23:44:02.190+0100][15164.696s] GC(765) Archive regions: 0->0
[2023-12-18T23:44:02.190+0100][15164.696s] GC(765) Humongous regions: 4->4
[2023-12-18T23:44:02.190+0100][15164.696s] GC(765) Metaspace: 63604K(64192K)->63604K(64192K) NonClass: 56561K(56832K)->56561K(56832K) Class: 7042K(7360K)->7042K(7360K)
[2023-12-18T23:44:02.190+0100][15164.696s] GC(765) Pause Young (Normal) (G1 Evacuation Pause) 382M->84M(512M) 2.368ms
[2023-12-18T23:44:02.190+0100][15164.696s] GC(765) User=0.00s Sys=0.00s Real=0.00s
[2023-12-18T23:44:02.764+0100][15165.269s] GC(766) Pause Young (Normal) (G1 Evacuation Pause)
[2023-12-18T23:44:02.764+0100][15165.270s] GC(766) Using 10 workers of 10 for evacuation
[2023-12-18T23:44:02.766+0100][15165.272s] GC(766)   Pre Evacuate Collection Set: 0.1ms
[2023-12-18T23:44:02.766+0100][15165.272s] GC(766)   Merge Heap Roots: 0.1ms
[2023-12-18T23:44:02.766+0100][15165.272s] GC(766)   Evacuate Collection Set: 1.4ms
[2023-12-18T23:44:02.766+0100][15165.272s] GC(766)   Post Evacuate Collection Set: 0.4ms
[2023-12-18T23:44:02.766+0100][15165.272s] GC(766)   Other: 0.1ms
[2023-12-18T23:44:02.766+0100][15165.272s] GC(766) Eden regions: 298->0(298)
[2023-12-18T23:44:02.766+0100][15165.272s] GC(766) Survivor regions: 9->9(39)
[2023-12-18T23:44:02.766+0100][15165.272s] GC(766) Old regions: 72->73
[2023-12-18T23:44:02.766+0100][15165.272s] GC(766) Archive regions: 0->0
[2023-12-18T23:44:02.766+0100][15165.272s] GC(766) Humongous regions: 4->4
[2023-12-18T23:44:02.766+0100][15165.272s] GC(766) Metaspace: 63610K(64192K)->63610K(64192K) NonClass: 56567K(56832K)->56567K(56832K) Class: 7042K(7360K)->7042K(7360K)
[2023-12-18T23:44:02.766+0100][15165.272s] GC(766) Pause Young (Normal) (G1 Evacuation Pause) 382M->84M(512M) 2.259ms
[2023-12-18T23:44:02.766+0100][15165.272s] GC(766) User=0.16s Sys=0.00s Real=0.00s
[2023-12-18T23:44:03.326+0100][15165.832s] GC(767) Pause Young (Normal) (G1 Evacuation Pause)
[2023-12-18T23:44:03.327+0100][15165.832s] GC(767) Using 10 workers of 10 for evacuation
[2023-12-18T23:44:03.329+0100][15165.835s] GC(767)   Pre Evacuate Collection Set: 0.1ms
[2023-12-18T23:44:03.329+0100][15165.835s] GC(767)   Merge Heap Roots: 0.1ms
[2023-12-18T23:44:03.329+0100][15165.835s] GC(767)   Evacuate Collection Set: 1.9ms
[2023-12-18T23:44:03.329+0100][15165.835s] GC(767)   Post Evacuate Collection Set: 0.5ms
[2023-12-18T23:44:03.329+0100][15165.835s] GC(767)   Other: 0.1ms
[2023-12-18T23:44:03.329+0100][15165.835s] GC(767) Eden regions: 298->0(296)
[2023-12-18T23:44:03.329+0100][15165.835s] GC(767) Survivor regions: 9->11(39)
[2023-12-18T23:44:03.329+0100][15165.835s] GC(767) Old regions: 73->73
[2023-12-18T23:44:03.329+0100][15165.835s] GC(767) Archive regions: 0->0
[2023-12-18T23:44:03.329+0100][15165.835s] GC(767) Humongous regions: 4->4
[2023-12-18T23:44:03.329+0100][15165.835s] GC(767) Metaspace: 63619K(64192K)->63619K(64192K) NonClass: 56576K(56832K)->56576K(56832K) Class: 7042K(7360K)->7042K(7360K)
[2023-12-18T23:44:03.329+0100][15165.835s] GC(767) Pause Young (Normal) (G1 Evacuation Pause) 382M->86M(512M) 2.923ms
[2023-12-18T23:44:03.329+0100][15165.835s] GC(767) User=0.16s Sys=0.00s Real=0.00s
[2023-12-18T23:44:03.905+0100][15166.411s] GC(768) Pause Young (Normal) (G1 Evacuation Pause)
[2023-12-18T23:44:03.905+0100][15166.411s] GC(768) Using 10 workers of 10 for evacuation
[2023-12-18T23:44:03.907+0100][15166.413s] GC(768)   Pre Evacuate Collection Set: 0.1ms
[2023-12-18T23:44:03.908+0100][15166.413s] GC(768)   Merge Heap Roots: 0.1ms
[2023-12-18T23:44:03.908+0100][15166.413s] GC(768)   Evacuate Collection Set: 1.8ms
[2023-12-18T23:44:03.908+0100][15166.413s] GC(768)   Post Evacuate Collection Set: 0.4ms
[2023-12-18T23:44:03.908+0100][15166.413s] GC(768)   Other: 0.1ms
[2023-12-18T23:44:03.908+0100][15166.413s] GC(768) Eden regions: 296->0(297)
[2023-12-18T23:44:03.908+0100][15166.413s] GC(768) Survivor regions: 11->10(39)
[2023-12-18T23:44:03.908+0100][15166.413s] GC(768) Old regions: 73->74
[2023-12-18T23:44:03.908+0100][15166.413s] GC(768) Archive regions: 0->0
[2023-12-18T23:44:03.908+0100][15166.413s] GC(768) Humongous regions: 4->4
[2023-12-18T23:44:03.908+0100][15166.413s] GC(768) Metaspace: 63619K(64192K)->63619K(64192K) NonClass: 56576K(56832K)->56576K(56832K) Class: 7042K(7360K)->7042K(7360K)
[2023-12-18T23:44:03.908+0100][15166.413s] GC(768) Pause Young (Normal) (G1 Evacuation Pause) 382M->87M(512M) 2.586ms
[2023-12-18T23:44:03.908+0100][15166.413s] GC(768) User=0.16s Sys=0.00s Real=0.00s
[2023-12-18T23:44:04.419+0100][15166.924s] GC(769) Pause Young (Normal) (G1 Evacuation Pause)
[2023-12-18T23:44:04.419+0100][15166.924s] GC(769) Using 10 workers of 10 for evacuation
[2023-12-18T23:44:04.422+0100][15166.927s] GC(769)   Pre Evacuate Collection Set: 0.1ms
[2023-12-18T23:44:04.422+0100][15166.927s] GC(769)   Merge Heap Roots: 0.1ms
[2023-12-18T23:44:04.422+0100][15166.927s] GC(769)   Evacuate Collection Set: 1.6ms
[2023-12-18T23:44:04.422+0100][15166.927s] GC(769)   Post Evacuate Collection Set: 0.5ms
[2023-12-18T23:44:04.422+0100][15166.927s] GC(769)   Other: 0.1ms
[2023-12-18T23:44:04.422+0100][15166.927s] GC(769) Eden regions: 297->0(297)
[2023-12-18T23:44:04.422+0100][15166.927s] GC(769) Survivor regions: 10->10(39)
[2023-12-18T23:44:04.422+0100][15166.927s] GC(769) Old regions: 74->74
[2023-12-18T23:44:04.422+0100][15166.927s] GC(769) Archive regions: 0->0
[2023-12-18T23:44:04.422+0100][15166.927s] GC(769) Humongous regions: 4->4
[2023-12-18T23:44:04.422+0100][15166.927s] GC(769) Metaspace: 63619K(64192K)->63619K(64192K) NonClass: 56576K(56832K)->56576K(56832K) Class: 7042K(7360K)->7042K(7360K)
[2023-12-18T23:44:04.422+0100][15166.927s] GC(769) Pause Young (Normal) (G1 Evacuation Pause) 384M->87M(512M) 2.563ms
[2023-12-18T23:44:04.422+0100][15166.927s] GC(769) User=0.00s Sys=0.00s Real=0.00s
[2023-12-18T23:44:04.985+0100][15167.491s] GC(770) Pause Young (Normal) (G1 Evacuation Pause)
[2023-12-18T23:44:04.985+0100][15167.491s] GC(770) Using 10 workers of 10 for evacuation
[2023-12-18T23:44:04.987+0100][15167.493s] GC(770)   Pre Evacuate Collection Set: 0.0ms
[2023-12-18T23:44:04.987+0100][15167.493s] GC(770)   Merge Heap Roots: 0.0ms
[2023-12-18T23:44:04.987+0100][15167.493s] GC(770)   Evacuate Collection Set: 1.6ms
[2023-12-18T23:44:04.987+0100][15167.493s] GC(770)   Post Evacuate Collection Set: 0.3ms
[2023-12-18T23:44:04.987+0100][15167.493s] GC(770)   Other: 0.1ms
[2023-12-18T23:44:04.987+0100][15167.493s] GC(770) Eden regions: 297->0(296)
[2023-12-18T23:44:04.987+0100][15167.493s] GC(770) Survivor regions: 10->11(39)
[2023-12-18T23:44:04.987+0100][15167.493s] GC(770) Old regions: 74->75
[2023-12-18T23:44:04.987+0100][15167.493s] GC(770) Archive regions: 0->0
[2023-12-18T23:44:04.987+0100][15167.493s] GC(770) Humongous regions: 4->4
[2023-12-18T23:44:04.987+0100][15167.493s] GC(770) Metaspace: 63620K(64192K)->63620K(64192K) NonClass: 56577K(56832K)->56577K(56832K) Class: 7042K(7360K)->7042K(7360K)
[2023-12-18T23:44:04.987+0100][15167.493s] GC(770) Pause Young (Normal) (G1 Evacuation Pause) 384M->88M(512M) 2.271ms
[2023-12-18T23:44:04.988+0100][15167.493s] GC(770) User=0.00s Sys=0.00s Real=0.00s
[2023-12-18T23:44:05.519+0100][15168.024s] GC(771) Pause Young (Normal) (G1 Evacuation Pause)
[2023-12-18T23:44:05.519+0100][15168.024s] GC(771) Using 10 workers of 10 for evacuation
[2023-12-18T23:44:05.521+0100][15168.026s] GC(771)   Pre Evacuate Collection Set: 0.1ms
[2023-12-18T23:44:05.521+0100][15168.026s] GC(771)   Merge Heap Roots: 0.1ms
[2023-12-18T23:44:05.521+0100][15168.026s] GC(771)   Evacuate Collection Set: 1.6ms
[2023-12-18T23:44:05.521+0100][15168.026s] GC(771)   Post Evacuate Collection Set: 0.5ms
[2023-12-18T23:44:05.521+0100][15168.026s] GC(771)   Other: 0.1ms
[2023-12-18T23:44:05.521+0100][15168.026s] GC(771) Eden regions: 296->0(298)
[2023-12-18T23:44:05.521+0100][15168.026s] GC(771) Survivor regions: 11->9(39)
[2023-12-18T23:44:05.521+0100][15168.026s] GC(771) Old regions: 75->75
[2023-12-18T23:44:05.521+0100][15168.026s] GC(771) Archive regions: 0->0
[2023-12-18T23:44:05.521+0100][15168.026s] GC(771) Humongous regions: 4->4
[2023-12-18T23:44:05.521+0100][15168.026s] GC(771) Metaspace: 63641K(64192K)->63641K(64192K) NonClass: 56598K(56832K)->56598K(56832K) Class: 7042K(7360K)->7042K(7360K)
[2023-12-18T23:44:05.521+0100][15168.027s] GC(771) Pause Young (Normal) (G1 Evacuation Pause) 384M->87M(512M) 2.557ms
[2023-12-18T23:44:05.521+0100][15168.027s] GC(771) User=0.00s Sys=0.00s Real=0.00s
[2023-12-18T23:44:06.054+0100][15168.560s] GC(772) Pause Young (Normal) (G1 Evacuation Pause)
[2023-12-18T23:44:06.054+0100][15168.560s] GC(772) Using 10 workers of 10 for evacuation
[2023-12-18T23:44:06.056+0100][15168.562s] GC(772)   Pre Evacuate Collection Set: 0.1ms
[2023-12-18T23:44:06.056+0100][15168.562s] GC(772)   Merge Heap Roots: 0.0ms
[2023-12-18T23:44:06.056+0100][15168.562s] GC(772)   Evacuate Collection Set: 1.8ms
[2023-12-18T23:44:06.056+0100][15168.562s] GC(772)   Post Evacuate Collection Set: 0.5ms
[2023-12-18T23:44:06.056+0100][15168.562s] GC(772)   Other: 0.1ms
[2023-12-18T23:44:06.056+0100][15168.562s] GC(772) Eden regions: 298->0(296)
[2023-12-18T23:44:06.056+0100][15168.562s] GC(772) Survivor regions: 9->11(39)
[2023-12-18T23:44:06.056+0100][15168.562s] GC(772) Old regions: 75->76
[2023-12-18T23:44:06.056+0100][15168.562s] GC(772) Archive regions: 0->0
[2023-12-18T23:44:06.056+0100][15168.562s] GC(772) Humongous regions: 4->4
[2023-12-18T23:44:06.056+0100][15168.562s] GC(772) Metaspace: 63641K(64192K)->63641K(64192K) NonClass: 56598K(56832K)->56598K(56832K) Class: 7042K(7360K)->7042K(7360K)
[2023-12-18T23:44:06.056+0100][15168.562s] GC(772) Pause Young (Normal) (G1 Evacuation Pause) 385M->89M(512M) 2.771ms
[2023-12-18T23:44:06.056+0100][15168.562s] GC(772) User=0.00s Sys=0.00s Real=0.00s
[2023-12-18T23:44:06.632+0100][15169.138s] GC(773) Pause Young (Normal) (G1 Evacuation Pause)
[2023-12-18T23:44:06.632+0100][15169.138s] GC(773) Using 10 workers of 10 for evacuation
[2023-12-18T23:44:06.635+0100][15169.140s] GC(773)   Pre Evacuate Collection Set: 0.1ms
[2023-12-18T23:44:06.635+0100][15169.140s] GC(773)   Merge Heap Roots: 0.0ms
[2023-12-18T23:44:06.635+0100][15169.140s] GC(773)   Evacuate Collection Set: 1.9ms
[2023-12-18T23:44:06.635+0100][15169.140s] GC(773)   Post Evacuate Collection Set: 0.3ms
[2023-12-18T23:44:06.635+0100][15169.140s] GC(773)   Other: 0.1ms
[2023-12-18T23:44:06.635+0100][15169.140s] GC(773) Eden regions: 296->0(297)
[2023-12-18T23:44:06.635+0100][15169.141s] GC(773) Survivor regions: 11->10(39)
[2023-12-18T23:44:06.635+0100][15169.141s] GC(773) Old regions: 76->76
[2023-12-18T23:44:06.635+0100][15169.141s] GC(773) Archive regions: 0->0
[2023-12-18T23:44:06.635+0100][15169.141s] GC(773) Humongous regions: 4->4
[2023-12-18T23:44:06.635+0100][15169.141s] GC(773) Metaspace: 63641K(64192K)->63641K(64192K) NonClass: 56598K(56832K)->56598K(56832K) Class: 7042K(7360K)->7042K(7360K)
[2023-12-18T23:44:06.635+0100][15169.141s] GC(773) Pause Young (Normal) (G1 Evacuation Pause) 385M->89M(512M) 2.622ms
[2023-12-18T23:44:06.635+0100][15169.141s] GC(773) User=0.00s Sys=0.00s Real=0.00s
[2023-12-18T23:44:07.146+0100][15169.653s] GC(774) Pause Young (Normal) (G1 Evacuation Pause)
[2023-12-18T23:44:07.147+0100][15169.653s] GC(774) Using 10 workers of 10 for evacuation
[2023-12-18T23:44:07.149+0100][15169.655s] GC(774)   Pre Evacuate Collection Set: 0.1ms
[2023-12-18T23:44:07.149+0100][15169.655s] GC(774)   Merge Heap Roots: 0.1ms
[2023-12-18T23:44:07.149+0100][15169.655s] GC(774)   Evacuate Collection Set: 1.7ms
[2023-12-18T23:44:07.149+0100][15169.655s] GC(774)   Post Evacuate Collection Set: 0.5ms
[2023-12-18T23:44:07.149+0100][15169.655s] GC(774)   Other: 0.1ms
[2023-12-18T23:44:07.149+0100][15169.655s] GC(774) Eden regions: 297->0(297)
[2023-12-18T23:44:07.149+0100][15169.655s] GC(774) Survivor regions: 10->10(39)
[2023-12-18T23:44:07.149+0100][15169.655s] GC(774) Old regions: 76->76
[2023-12-18T23:44:07.149+0100][15169.655s] GC(774) Archive regions: 0->0
[2023-12-18T23:44:07.149+0100][15169.655s] GC(774) Humongous regions: 4->4
[2023-12-18T23:44:07.149+0100][15169.655s] GC(774) Metaspace: 63642K(64192K)->63642K(64192K) NonClass: 56599K(56832K)->56599K(56832K) Class: 7042K(7360K)->7042K(7360K)
[2023-12-18T23:44:07.149+0100][15169.655s] GC(774) Pause Young (Normal) (G1 Evacuation Pause) 386M->89M(512M) 2.711ms
[2023-12-18T23:44:07.149+0100][15169.655s] GC(774) User=0.00s Sys=0.00s Real=0.00s
[2023-12-18T23:44:07.647+0100][15170.152s] GC(775) Pause Young (Normal) (G1 Evacuation Pause)
[2023-12-18T23:44:07.647+0100][15170.152s] GC(775) Using 10 workers of 10 for evacuation
[2023-12-18T23:44:07.649+0100][15170.154s] GC(775)   Pre Evacuate Collection Set: 0.1ms
[2023-12-18T23:44:07.649+0100][15170.154s] GC(775)   Merge Heap Roots: 0.1ms
[2023-12-18T23:44:07.649+0100][15170.154s] GC(775)   Evacuate Collection Set: 1.3ms
[2023-12-18T23:44:07.649+0100][15170.154s] GC(775)   Post Evacuate Collection Set: 0.4ms
[2023-12-18T23:44:07.649+0100][15170.154s] GC(775)   Other: 0.1ms
[2023-12-18T23:44:07.649+0100][15170.154s] GC(775) Eden regions: 297->0(298)
[2023-12-18T23:44:07.649+0100][15170.154s] GC(775) Survivor regions: 10->9(39)
[2023-12-18T23:44:07.649+0100][15170.154s] GC(775) Old regions: 76->77
[2023-12-18T23:44:07.649+0100][15170.154s] GC(775) Archive regions: 0->0
[2023-12-18T23:44:07.649+0100][15170.154s] GC(775) Humongous regions: 4->4
[2023-12-18T23:44:07.649+0100][15170.154s] GC(775) Metaspace: 63642K(64192K)->63642K(64192K) NonClass: 56599K(56832K)->56599K(56832K) Class: 7042K(7360K)->7042K(7360K)
[2023-12-18T23:44:07.649+0100][15170.154s] GC(775) Pause Young (Normal) (G1 Evacuation Pause) 386M->88M(512M) 2.086ms
[2023-12-18T23:44:07.649+0100][15170.154s] GC(775) User=0.00s Sys=0.00s Real=0.00s
[2023-12-18T23:44:08.176+0100][15170.682s] GC(776) Pause Young (Normal) (G1 Evacuation Pause)
[2023-12-18T23:44:08.176+0100][15170.682s] GC(776) Using 10 workers of 10 for evacuation
[2023-12-18T23:44:08.179+0100][15170.685s] GC(776)   Pre Evacuate Collection Set: 0.1ms
[2023-12-18T23:44:08.179+0100][15170.685s] GC(776)   Merge Heap Roots: 0.1ms
[2023-12-18T23:44:08.179+0100][15170.685s] GC(776)   Evacuate Collection Set: 2.5ms
[2023-12-18T23:44:08.179+0100][15170.685s] GC(776)   Post Evacuate Collection Set: 0.3ms
[2023-12-18T23:44:08.179+0100][15170.685s] GC(776)   Other: 0.1ms
[2023-12-18T23:44:08.179+0100][15170.685s] GC(776) Eden regions: 298->0(295)
[2023-12-18T23:44:08.179+0100][15170.685s] GC(776) Survivor regions: 9->12(39)
[2023-12-18T23:44:08.179+0100][15170.685s] GC(776) Old regions: 77->77
[2023-12-18T23:44:08.179+0100][15170.685s] GC(776) Archive regions: 0->0
[2023-12-18T23:44:08.179+0100][15170.685s] GC(776) Humongous regions: 4->4
[2023-12-18T23:44:08.179+0100][15170.685s] GC(776) Metaspace: 63669K(64256K)->63669K(64256K) NonClass: 56620K(56896K)->56620K(56896K) Class: 7049K(7360K)->7049K(7360K)
[2023-12-18T23:44:08.179+0100][15170.685s] GC(776) Pause Young (Normal) (G1 Evacuation Pause) 386M->92M(512M) 3.226ms
[2023-12-18T23:44:08.179+0100][15170.685s] GC(776) User=0.00s Sys=0.00s Real=0.00s
[2023-12-18T23:44:08.680+0100][15171.186s] GC(777) Pause Young (Normal) (G1 Evacuation Pause)
[2023-12-18T23:44:08.680+0100][15171.186s] GC(777) Using 10 workers of 10 for evacuation
[2023-12-18T23:44:08.683+0100][15171.189s] GC(777)   Pre Evacuate Collection Set: 0.1ms
[2023-12-18T23:44:08.683+0100][15171.189s] GC(777)   Merge Heap Roots: 0.1ms
[2023-12-18T23:44:08.683+0100][15171.189s] GC(777)   Evacuate Collection Set: 1.7ms
[2023-12-18T23:44:08.683+0100][15171.189s] GC(777)   Post Evacuate Collection Set: 0.4ms
[2023-12-18T23:44:08.683+0100][15171.189s] GC(777)   Other: 0.1ms
[2023-12-18T23:44:08.683+0100][15171.189s] GC(777) Eden regions: 295->0(296)
[2023-12-18T23:44:08.683+0100][15171.189s] GC(777) Survivor regions: 12->11(39)
[2023-12-18T23:44:08.683+0100][15171.189s] GC(777) Old regions: 77->77
[2023-12-18T23:44:08.683+0100][15171.189s] GC(777) Archive regions: 0->0
[2023-12-18T23:44:08.683+0100][15171.189s] GC(777) Humongous regions: 4->4
[2023-12-18T23:44:08.683+0100][15171.189s] GC(777) Metaspace: 63671K(64256K)->63671K(64256K) NonClass: 56622K(56896K)->56622K(56896K) Class: 7049K(7360K)->7049K(7360K)
[2023-12-18T23:44:08.683+0100][15171.189s] GC(777) Pause Young (Normal) (G1 Evacuation Pause) 387M->91M(512M) 2.616ms
[2023-12-18T23:44:08.683+0100][15171.189s] GC(777) User=0.00s Sys=0.00s Real=0.00s
[2023-12-18T23:44:09.174+0100][15171.679s] GC(778) Pause Young (Normal) (G1 Evacuation Pause)
[2023-12-18T23:44:09.174+0100][15171.679s] GC(778) Using 10 workers of 10 for evacuation
[2023-12-18T23:44:09.176+0100][15171.681s] GC(778)   Pre Evacuate Collection Set: 0.1ms
[2023-12-18T23:44:09.176+0100][15171.681s] GC(778)   Merge Heap Roots: 0.1ms
[2023-12-18T23:44:09.176+0100][15171.681s] GC(778)   Evacuate Collection Set: 1.4ms
[2023-12-18T23:44:09.176+0100][15171.681s] GC(778)   Post Evacuate Collection Set: 0.4ms
[2023-12-18T23:44:09.176+0100][15171.681s] GC(778)   Other: 0.1ms
[2023-12-18T23:44:09.176+0100][15171.681s] GC(778) Eden regions: 296->0(298)
[2023-12-18T23:44:09.176+0100][15171.681s] GC(778) Survivor regions: 11->9(39)
[2023-12-18T23:44:09.176+0100][15171.681s] GC(778) Old regions: 77->78
[2023-12-18T23:44:09.176+0100][15171.681s] GC(778) Archive regions: 0->0
[2023-12-18T23:44:09.176+0100][15171.681s] GC(778) Humongous regions: 4->4
[2023-12-18T23:44:09.176+0100][15171.681s] GC(778) Metaspace: 63672K(64256K)->63672K(64256K) NonClass: 56622K(56896K)->56622K(56896K) Class: 7049K(7360K)->7049K(7360K)
[2023-12-18T23:44:09.176+0100][15171.681s] GC(778) Pause Young (Normal) (G1 Evacuation Pause) 387M->89M(512M) 2.259ms
[2023-12-18T23:44:09.176+0100][15171.682s] GC(778) User=0.00s Sys=0.00s Real=0.00s
[2023-12-18T23:44:09.732+0100][15172.238s] GC(779) Pause Young (Normal) (G1 Evacuation Pause)
[2023-12-18T23:44:09.734+0100][15172.239s] GC(779) Using 10 workers of 10 for evacuation
[2023-12-18T23:44:09.738+0100][15172.244s] GC(779)   Pre Evacuate Collection Set: 0.7ms
[2023-12-18T23:44:09.738+0100][15172.244s] GC(779)   Merge Heap Roots: 0.8ms
[2023-12-18T23:44:09.738+0100][15172.244s] GC(779)   Evacuate Collection Set: 2.7ms
[2023-12-18T23:44:09.738+0100][15172.244s] GC(779)   Post Evacuate Collection Set: 0.6ms
[2023-12-18T23:44:09.738+0100][15172.244s] GC(779)   Other: 0.1ms
[2023-12-18T23:44:09.738+0100][15172.244s] GC(779) Eden regions: 298->0(295)
[2023-12-18T23:44:09.738+0100][15172.244s] GC(779) Survivor regions: 9->12(39)
[2023-12-18T23:44:09.738+0100][15172.244s] GC(779) Old regions: 78->78
[2023-12-18T23:44:09.738+0100][15172.244s] GC(779) Archive regions: 0->0
[2023-12-18T23:44:09.738+0100][15172.244s] GC(779) Humongous regions: 4->4
[2023-12-18T23:44:09.738+0100][15172.244s] GC(779) Metaspace: 63678K(64256K)->63678K(64256K) NonClass: 56628K(56896K)->56628K(56896K) Class: 7049K(7360K)->7049K(7360K)
[2023-12-18T23:44:09.738+0100][15172.244s] GC(779) Pause Young (Normal) (G1 Evacuation Pause) 387M->93M(512M) 5.717ms
[2023-12-18T23:44:09.738+0100][15172.244s] GC(779) User=0.11s Sys=0.00s Real=0.01s
[2023-12-18T23:44:10.334+0100][15172.839s] GC(780) Pause Young (Normal) (G1 Evacuation Pause)
[2023-12-18T23:44:10.334+0100][15172.840s] GC(780) Using 10 workers of 10 for evacuation
[2023-12-18T23:44:10.337+0100][15172.842s] GC(780)   Pre Evacuate Collection Set: 0.1ms
[2023-12-18T23:44:10.337+0100][15172.842s] GC(780)   Merge Heap Roots: 0.1ms
[2023-12-18T23:44:10.337+0100][15172.842s] GC(780)   Evacuate Collection Set: 2.2ms
[2023-12-18T23:44:10.337+0100][15172.842s] GC(780)   Post Evacuate Collection Set: 0.5ms
[2023-12-18T23:44:10.337+0100][15172.842s] GC(780)   Other: 0.1ms
[2023-12-18T23:44:10.337+0100][15172.842s] GC(780) Eden regions: 295->0(295)
[2023-12-18T23:44:10.337+0100][15172.842s] GC(780) Survivor regions: 12->12(39)
[2023-12-18T23:44:10.337+0100][15172.842s] GC(780) Old regions: 78->78
[2023-12-18T23:44:10.337+0100][15172.842s] GC(780) Archive regions: 0->0
[2023-12-18T23:44:10.337+0100][15172.843s] GC(780) Humongous regions: 4->4
[2023-12-18T23:44:10.337+0100][15172.843s] GC(780) Metaspace: 63678K(64256K)->63678K(64256K) NonClass: 56629K(56896K)->56629K(56896K) Class: 7049K(7360K)->7049K(7360K)
[2023-12-18T23:44:10.337+0100][15172.843s] GC(780) Pause Young (Normal) (G1 Evacuation Pause) 388M->93M(512M) 3.071ms
[2023-12-18T23:44:10.337+0100][15172.843s] GC(780) User=0.00s Sys=0.00s Real=0.00s
[2023-12-18T23:44:10.822+0100][15173.327s] GC(781) Pause Young (Normal) (G1 Evacuation Pause)
[2023-12-18T23:44:10.822+0100][15173.327s] GC(781) Using 10 workers of 10 for evacuation
[2023-12-18T23:44:10.825+0100][15173.331s] GC(781)   Pre Evacuate Collection Set: 0.1ms
[2023-12-18T23:44:10.825+0100][15173.331s] GC(781)   Merge Heap Roots: 0.1ms
[2023-12-18T23:44:10.825+0100][15173.331s] GC(781)   Evacuate Collection Set: 2.3ms
[2023-12-18T23:44:10.825+0100][15173.331s] GC(781)   Post Evacuate Collection Set: 0.6ms
[2023-12-18T23:44:10.825+0100][15173.331s] GC(781)   Other: 0.1ms
[2023-12-18T23:44:10.825+0100][15173.331s] GC(781) Eden regions: 295->0(296)
[2023-12-18T23:44:10.825+0100][15173.331s] GC(781) Survivor regions: 12->11(39)
[2023-12-18T23:44:10.825+0100][15173.331s] GC(781) Old regions: 78->79
[2023-12-18T23:44:10.825+0100][15173.331s] GC(781) Archive regions: 0->0
[2023-12-18T23:44:10.825+0100][15173.331s] GC(781) Humongous regions: 4->4
[2023-12-18T23:44:10.825+0100][15173.331s] GC(781) Metaspace: 63678K(64256K)->63678K(64256K) NonClass: 56629K(56896K)->56629K(56896K) Class: 7049K(7360K)->7049K(7360K)
[2023-12-18T23:44:10.825+0100][15173.331s] GC(781) Pause Young (Normal) (G1 Evacuation Pause) 388M->93M(512M) 3.302ms
[2023-12-18T23:44:10.825+0100][15173.331s] GC(781) User=0.00s Sys=0.00s Real=0.00s
[2023-12-18T23:44:11.317+0100][15173.823s] GC(782) Pause Young (Normal) (G1 Evacuation Pause)
[2023-12-18T23:44:11.317+0100][15173.823s] GC(782) Using 10 workers of 10 for evacuation
[2023-12-18T23:44:11.319+0100][15173.825s] GC(782)   Pre Evacuate Collection Set: 0.1ms
[2023-12-18T23:44:11.319+0100][15173.826s] GC(782)   Merge Heap Roots: 0.1ms
[2023-12-18T23:44:11.319+0100][15173.826s] GC(782)   Evacuate Collection Set: 1.8ms
[2023-12-18T23:44:11.319+0100][15173.826s] GC(782)   Post Evacuate Collection Set: 0.6ms
[2023-12-18T23:44:11.319+0100][15173.826s] GC(782)   Other: 0.1ms
[2023-12-18T23:44:11.319+0100][15173.826s] GC(782) Eden regions: 296->0(297)
[2023-12-18T23:44:11.319+0100][15173.826s] GC(782) Survivor regions: 11->10(39)
[2023-12-18T23:44:11.319+0100][15173.826s] GC(782) Old regions: 79->79
[2023-12-18T23:44:11.319+0100][15173.826s] GC(782) Archive regions: 0->0
[2023-12-18T23:44:11.319+0100][15173.826s] GC(782) Humongous regions: 4->4
[2023-12-18T23:44:11.319+0100][15173.826s] GC(782) Metaspace: 63679K(64256K)->63679K(64256K) NonClass: 56629K(56896K)->56629K(56896K) Class: 7049K(7360K)->7049K(7360K)
[2023-12-18T23:44:11.319+0100][15173.826s] GC(782) Pause Young (Normal) (G1 Evacuation Pause) 389M->92M(512M) 2.827ms
[2023-12-18T23:44:11.320+0100][15173.826s] GC(782) User=0.00s Sys=0.00s Real=0.00s
[2023-12-18T23:44:11.844+0100][15174.350s] GC(783) Pause Young (Normal) (G1 Evacuation Pause)
[2023-12-18T23:44:11.844+0100][15174.350s] GC(783) Using 10 workers of 10 for evacuation
[2023-12-18T23:44:11.847+0100][15174.353s] GC(783)   Pre Evacuate Collection Set: 0.1ms
[2023-12-18T23:44:11.847+0100][15174.353s] GC(783)   Merge Heap Roots: 0.1ms
[2023-12-18T23:44:11.847+0100][15174.353s] GC(783)   Evacuate Collection Set: 1.6ms
[2023-12-18T23:44:11.847+0100][15174.353s] GC(783)   Post Evacuate Collection Set: 0.4ms
[2023-12-18T23:44:11.847+0100][15174.353s] GC(783)   Other: 0.1ms
[2023-12-18T23:44:11.847+0100][15174.353s] GC(783) Eden regions: 297->0(297)
[2023-12-18T23:44:11.847+0100][15174.353s] GC(783) Survivor regions: 10->10(39)
[2023-12-18T23:44:11.847+0100][15174.353s] GC(783) Old regions: 79->80
[2023-12-18T23:44:11.847+0100][15174.353s] GC(783) Archive regions: 0->0
[2023-12-18T23:44:11.847+0100][15174.353s] GC(783) Humongous regions: 4->4
[2023-12-18T23:44:11.847+0100][15174.353s] GC(783) Metaspace: 63679K(64256K)->63679K(64256K) NonClass: 56629K(56896K)->56629K(56896K) Class: 7049K(7360K)->7049K(7360K)
[2023-12-18T23:44:11.847+0100][15174.353s] GC(783) Pause Young (Normal) (G1 Evacuation Pause) 389M->93M(512M) 2.521ms
[2023-12-18T23:44:11.847+0100][15174.353s] GC(783) User=0.00s Sys=0.00s Real=0.00s
[2023-12-18T23:44:12.403+0100][15174.908s] GC(784) Pause Young (Normal) (G1 Evacuation Pause)
[2023-12-18T23:44:12.403+0100][15174.908s] GC(784) Using 10 workers of 10 for evacuation
[2023-12-18T23:44:12.405+0100][15174.911s] GC(784)   Pre Evacuate Collection Set: 0.1ms
[2023-12-18T23:44:12.405+0100][15174.911s] GC(784)   Merge Heap Roots: 0.1ms
[2023-12-18T23:44:12.405+0100][15174.911s] GC(784)   Evacuate Collection Set: 1.6ms
[2023-12-18T23:44:12.405+0100][15174.911s] GC(784)   Post Evacuate Collection Set: 0.4ms
[2023-12-18T23:44:12.405+0100][15174.911s] GC(784)   Other: 0.1ms
[2023-12-18T23:44:12.405+0100][15174.911s] GC(784) Eden regions: 297->0(297)
[2023-12-18T23:44:12.405+0100][15174.911s] GC(784) Survivor regions: 10->10(39)
[2023-12-18T23:44:12.405+0100][15174.911s] GC(784) Old regions: 80->80
[2023-12-18T23:44:12.405+0100][15174.911s] GC(784) Archive regions: 0->0
[2023-12-18T23:44:12.405+0100][15174.911s] GC(784) Humongous regions: 4->4
[2023-12-18T23:44:12.405+0100][15174.911s] GC(784) Metaspace: 63681K(64256K)->63681K(64256K) NonClass: 56632K(56896K)->56632K(56896K) Class: 7049K(7360K)->7049K(7360K)
[2023-12-18T23:44:12.405+0100][15174.911s] GC(784) Pause Young (Normal) (G1 Evacuation Pause) 390M->93M(512M) 2.494ms
[2023-12-18T23:44:12.405+0100][15174.911s] GC(784) User=0.00s Sys=0.00s Real=0.00s
[2023-12-18T23:44:12.884+0100][15175.389s] GC(785) Pause Young (Normal) (G1 Evacuation Pause)
[2023-12-18T23:44:12.884+0100][15175.389s] GC(785) Using 10 workers of 10 for evacuation
[2023-12-18T23:44:12.887+0100][15175.393s] GC(785)   Pre Evacuate Collection Set: 0.1ms
[2023-12-18T23:44:12.887+0100][15175.393s] GC(785)   Merge Heap Roots: 0.1ms
[2023-12-18T23:44:12.887+0100][15175.393s] GC(785)   Evacuate Collection Set: 2.5ms
[2023-12-18T23:44:12.887+0100][15175.393s] GC(785)   Post Evacuate Collection Set: 0.7ms
[2023-12-18T23:44:12.887+0100][15175.393s] GC(785)   Other: 0.1ms
[2023-12-18T23:44:12.887+0100][15175.393s] GC(785) Eden regions: 297->0(294)
[2023-12-18T23:44:12.887+0100][15175.393s] GC(785) Survivor regions: 10->13(39)
[2023-12-18T23:44:12.887+0100][15175.393s] GC(785) Old regions: 80->81
[2023-12-18T23:44:12.887+0100][15175.393s] GC(785) Archive regions: 0->0
[2023-12-18T23:44:12.887+0100][15175.393s] GC(785) Humongous regions: 4->4
[2023-12-18T23:44:12.887+0100][15175.393s] GC(785) Metaspace: 63691K(64256K)->63691K(64256K) NonClass: 56642K(56896K)->56642K(56896K) Class: 7049K(7360K)->7049K(7360K)
[2023-12-18T23:44:12.887+0100][15175.393s] GC(785) Pause Young (Normal) (G1 Evacuation Pause) 390M->96M(512M) 3.758ms
[2023-12-18T23:44:12.887+0100][15175.393s] GC(785) User=0.00s Sys=0.00s Real=0.00s
[2023-12-18T23:44:13.435+0100][15175.941s] GC(786) Pause Young (Normal) (G1 Evacuation Pause)
[2023-12-18T23:44:13.435+0100][15175.941s] GC(786) Using 10 workers of 10 for evacuation
[2023-12-18T23:44:13.438+0100][15175.943s] GC(786)   Pre Evacuate Collection Set: 0.1ms
[2023-12-18T23:44:13.438+0100][15175.944s] GC(786)   Merge Heap Roots: 0.0ms
[2023-12-18T23:44:13.438+0100][15175.944s] GC(786)   Evacuate Collection Set: 2.0ms
[2023-12-18T23:44:13.438+0100][15175.944s] GC(786)   Post Evacuate Collection Set: 0.4ms
[2023-12-18T23:44:13.438+0100][15175.944s] GC(786)   Other: 0.1ms
[2023-12-18T23:44:13.438+0100][15175.944s] GC(786) Eden regions: 294->0(296)
[2023-12-18T23:44:13.438+0100][15175.944s] GC(786) Survivor regions: 13->11(39)
[2023-12-18T23:44:13.438+0100][15175.944s] GC(786) Old regions: 81->81
[2023-12-18T23:44:13.438+0100][15175.944s] GC(786) Archive regions: 0->0
[2023-12-18T23:44:13.438+0100][15175.944s] GC(786) Humongous regions: 4->4
[2023-12-18T23:44:13.438+0100][15175.944s] GC(786) Metaspace: 63693K(64256K)->63693K(64256K) NonClass: 56643K(56896K)->56643K(56896K) Class: 7049K(7360K)->7049K(7360K)
[2023-12-18T23:44:13.438+0100][15175.944s] GC(786) Pause Young (Normal) (G1 Evacuation Pause) 390M->95M(512M) 2.751ms
[2023-12-18T23:44:13.438+0100][15175.944s] GC(786) User=0.03s Sys=0.02s Real=0.00s
[2023-12-18T23:44:13.934+0100][15176.439s] GC(787) Pause Young (Normal) (G1 Evacuation Pause)
[2023-12-18T23:44:13.934+0100][15176.440s] GC(787) Using 10 workers of 10 for evacuation
[2023-12-18T23:44:13.936+0100][15176.442s] GC(787)   Pre Evacuate Collection Set: 0.1ms
[2023-12-18T23:44:13.936+0100][15176.442s] GC(787)   Merge Heap Roots: 0.0ms
[2023-12-18T23:44:13.936+0100][15176.442s] GC(787)   Evacuate Collection Set: 2.0ms
[2023-12-18T23:44:13.936+0100][15176.442s] GC(787)   Post Evacuate Collection Set: 0.3ms
[2023-12-18T23:44:13.936+0100][15176.442s] GC(787)   Other: 0.1ms
[2023-12-18T23:44:13.936+0100][15176.442s] GC(787) Eden regions: 296->0(296)
[2023-12-18T23:44:13.936+0100][15176.442s] GC(787) Survivor regions: 11->11(39)
[2023-12-18T23:44:13.936+0100][15176.442s] GC(787) Old regions: 81->81
[2023-12-18T23:44:13.936+0100][15176.442s] GC(787) Archive regions: 0->0
[2023-12-18T23:44:13.936+0100][15176.442s] GC(787) Humongous regions: 4->4
[2023-12-18T23:44:13.937+0100][15176.442s] GC(787) Metaspace: 63693K(64256K)->63693K(64256K) NonClass: 56643K(56896K)->56643K(56896K) Class: 7049K(7360K)->7049K(7360K)
[2023-12-18T23:44:13.937+0100][15176.442s] GC(787) Pause Young (Normal) (G1 Evacuation Pause) 391M->95M(512M) 2.668ms
[2023-12-18T23:44:13.937+0100][15176.442s] GC(787) User=0.00s Sys=0.00s Real=0.00s
[2023-12-18T23:44:14.480+0100][15176.986s] GC(788) Pause Young (Normal) (G1 Evacuation Pause)
[2023-12-18T23:44:14.480+0100][15176.986s] GC(788) Using 10 workers of 10 for evacuation
[2023-12-18T23:44:14.483+0100][15176.989s] GC(788)   Pre Evacuate Collection Set: 0.1ms
[2023-12-18T23:44:14.483+0100][15176.989s] GC(788)   Merge Heap Roots: 0.1ms
[2023-12-18T23:44:14.483+0100][15176.989s] GC(788)   Evacuate Collection Set: 1.9ms
[2023-12-18T23:44:14.483+0100][15176.989s] GC(788)   Post Evacuate Collection Set: 0.5ms
[2023-12-18T23:44:14.483+0100][15176.989s] GC(788)   Other: 0.1ms
[2023-12-18T23:44:14.483+0100][15176.989s] GC(788) Eden regions: 296->0(297)
[2023-12-18T23:44:14.483+0100][15176.989s] GC(788) Survivor regions: 11->10(39)
[2023-12-18T23:44:14.483+0100][15176.989s] GC(788) Old regions: 81->82
[2023-12-18T23:44:14.483+0100][15176.989s] GC(788) Archive regions: 0->0
[2023-12-18T23:44:14.483+0100][15176.989s] GC(788) Humongous regions: 4->4
[2023-12-18T23:44:14.483+0100][15176.989s] GC(788) Metaspace: 63693K(64256K)->63693K(64256K) NonClass: 56643K(56896K)->56643K(56896K) Class: 7049K(7360K)->7049K(7360K)
[2023-12-18T23:44:14.483+0100][15176.989s] GC(788) Pause Young (Normal) (G1 Evacuation Pause) 391M->95M(512M) 2.926ms
[2023-12-18T23:44:14.483+0100][15176.989s] GC(788) User=0.00s Sys=0.00s Real=0.00s
[2023-12-18T23:44:14.975+0100][15177.481s] GC(789) Pause Young (Normal) (G1 Evacuation Pause)
[2023-12-18T23:44:14.975+0100][15177.481s] GC(789) Using 10 workers of 10 for evacuation
[2023-12-18T23:44:14.978+0100][15177.484s] GC(789)   Pre Evacuate Collection Set: 0.1ms
[2023-12-18T23:44:14.978+0100][15177.484s] GC(789)   Merge Heap Roots: 0.1ms
[2023-12-18T23:44:14.978+0100][15177.484s] GC(789)   Evacuate Collection Set: 2.0ms
[2023-12-18T23:44:14.978+0100][15177.484s] GC(789)   Post Evacuate Collection Set: 0.4ms
[2023-12-18T23:44:14.978+0100][15177.484s] GC(789)   Other: 0.1ms
[2023-12-18T23:44:14.978+0100][15177.484s] GC(789) Eden regions: 297->0(295)
[2023-12-18T23:44:14.978+0100][15177.484s] GC(789) Survivor regions: 10->12(39)
[2023-12-18T23:44:14.978+0100][15177.484s] GC(789) Old regions: 82->82
[2023-12-18T23:44:14.978+0100][15177.484s] GC(789) Archive regions: 0->0
[2023-12-18T23:44:14.978+0100][15177.484s] GC(789) Humongous regions: 4->4
[2023-12-18T23:44:14.978+0100][15177.484s] GC(789) Metaspace: 63693K(64256K)->63693K(64256K) NonClass: 56643K(56896K)->56643K(56896K) Class: 7049K(7360K)->7049K(7360K)
[2023-12-18T23:44:14.978+0100][15177.484s] GC(789) Pause Young (Normal) (G1 Evacuation Pause) 392M->97M(512M) 2.897ms
[2023-12-18T23:44:14.978+0100][15177.484s] GC(789) User=0.00s Sys=0.00s Real=0.00s
[2023-12-18T23:44:15.527+0100][15178.033s] GC(790) Pause Young (Normal) (G1 Evacuation Pause)
[2023-12-18T23:44:15.528+0100][15178.033s] GC(790) Using 10 workers of 10 for evacuation
[2023-12-18T23:44:15.531+0100][15178.036s] GC(790)   Pre Evacuate Collection Set: 0.1ms
[2023-12-18T23:44:15.531+0100][15178.037s] GC(790)   Merge Heap Roots: 0.0ms
[2023-12-18T23:44:15.531+0100][15178.037s] GC(790)   Evacuate Collection Set: 2.7ms
[2023-12-18T23:44:15.531+0100][15178.037s] GC(790)   Post Evacuate Collection Set: 0.6ms
[2023-12-18T23:44:15.531+0100][15178.037s] GC(790)   Other: 0.1ms
[2023-12-18T23:44:15.531+0100][15178.037s] GC(790) Eden regions: 295->0(293)
[2023-12-18T23:44:15.531+0100][15178.037s] GC(790) Survivor regions: 12->14(39)
[2023-12-18T23:44:15.531+0100][15178.037s] GC(790) Old regions: 82->83
[2023-12-18T23:44:15.531+0100][15178.037s] GC(790) Archive regions: 0->0
[2023-12-18T23:44:15.531+0100][15178.037s] GC(790) Humongous regions: 4->4
[2023-12-18T23:44:15.531+0100][15178.037s] GC(790) Metaspace: 63693K(64256K)->63693K(64256K) NonClass: 56643K(56896K)->56643K(56896K) Class: 7049K(7360K)->7049K(7360K)
[2023-12-18T23:44:15.531+0100][15178.037s] GC(790) Pause Young (Normal) (G1 Evacuation Pause) 392M->99M(512M) 3.735ms
[2023-12-18T23:44:15.531+0100][15178.037s] GC(790) User=0.00s Sys=0.00s Real=0.00s
[2023-12-18T23:44:16.026+0100][15178.531s] GC(791) Pause Young (Normal) (G1 Evacuation Pause)
[2023-12-18T23:44:16.026+0100][15178.531s] GC(791) Using 10 workers of 10 for evacuation
[2023-12-18T23:44:16.029+0100][15178.534s] GC(791)   Pre Evacuate Collection Set: 0.1ms
[2023-12-18T23:44:16.029+0100][15178.534s] GC(791)   Merge Heap Roots: 0.1ms
[2023-12-18T23:44:16.029+0100][15178.534s] GC(791)   Evacuate Collection Set: 2.1ms
[2023-12-18T23:44:16.029+0100][15178.534s] GC(791)   Post Evacuate Collection Set: 0.5ms
[2023-12-18T23:44:16.029+0100][15178.534s] GC(791)   Other: 0.1ms
[2023-12-18T23:44:16.029+0100][15178.534s] GC(791) Eden regions: 293->0(295)
[2023-12-18T23:44:16.029+0100][15178.534s] GC(791) Survivor regions: 14->12(39)
[2023-12-18T23:44:16.029+0100][15178.534s] GC(791) Old regions: 83->83
[2023-12-18T23:44:16.029+0100][15178.534s] GC(791) Archive regions: 0->0
[2023-12-18T23:44:16.029+0100][15178.534s] GC(791) Humongous regions: 4->4
[2023-12-18T23:44:16.029+0100][15178.534s] GC(791) Metaspace: 63693K(64256K)->63693K(64256K) NonClass: 56643K(56896K)->56643K(56896K) Class: 7049K(7360K)->7049K(7360K)
[2023-12-18T23:44:16.029+0100][15178.534s] GC(791) Pause Young (Normal) (G1 Evacuation Pause) 392M->98M(512M) 3.052ms
[2023-12-18T23:44:16.029+0100][15178.534s] GC(791) User=0.00s Sys=0.00s Real=0.00s
[2023-12-18T23:44:16.468+0100][15178.974s] GC(792) Pause Young (Normal) (G1 Evacuation Pause)
[2023-12-18T23:44:16.468+0100][15178.974s] GC(792) Using 10 workers of 10 for evacuation
[2023-12-18T23:44:16.470+0100][15178.976s] GC(792)   Pre Evacuate Collection Set: 0.1ms
[2023-12-18T23:44:16.470+0100][15178.976s] GC(792)   Merge Heap Roots: 0.1ms
[2023-12-18T23:44:16.470+0100][15178.976s] GC(792)   Evacuate Collection Set: 1.6ms
[2023-12-18T23:44:16.470+0100][15178.976s] GC(792)   Post Evacuate Collection Set: 0.4ms
[2023-12-18T23:44:16.470+0100][15178.976s] GC(792)   Other: 0.1ms
[2023-12-18T23:44:16.470+0100][15178.976s] GC(792) Eden regions: 295->0(297)
[2023-12-18T23:44:16.470+0100][15178.977s] GC(792) Survivor regions: 12->10(39)
[2023-12-18T23:44:16.470+0100][15178.977s] GC(792) Old regions: 83->83
[2023-12-18T23:44:16.470+0100][15178.977s] GC(792) Archive regions: 0->0
[2023-12-18T23:44:16.470+0100][15178.977s] GC(792) Humongous regions: 4->4
[2023-12-18T23:44:16.470+0100][15178.977s] GC(792) Metaspace: 63693K(64256K)->63693K(64256K) NonClass: 56643K(56896K)->56643K(56896K) Class: 7049K(7360K)->7049K(7360K)
[2023-12-18T23:44:16.470+0100][15178.977s] GC(792) Pause Young (Normal) (G1 Evacuation Pause) 393M->96M(512M) 2.440ms
[2023-12-18T23:44:16.470+0100][15178.977s] GC(792) User=0.17s Sys=0.00s Real=0.00s
[2023-12-18T23:44:16.997+0100][15179.503s] GC(793) Pause Young (Normal) (G1 Evacuation Pause)
[2023-12-18T23:44:16.997+0100][15179.503s] GC(793) Using 10 workers of 10 for evacuation
[2023-12-18T23:44:17.000+0100][15179.505s] GC(793)   Pre Evacuate Collection Set: 0.1ms
[2023-12-18T23:44:17.000+0100][15179.505s] GC(793)   Merge Heap Roots: 0.1ms
[2023-12-18T23:44:17.000+0100][15179.506s] GC(793)   Evacuate Collection Set: 1.9ms
[2023-12-18T23:44:17.000+0100][15179.506s] GC(793)   Post Evacuate Collection Set: 0.4ms
[2023-12-18T23:44:17.000+0100][15179.506s] GC(793)   Other: 0.1ms
[2023-12-18T23:44:17.000+0100][15179.506s] GC(793) Eden regions: 297->0(297)
[2023-12-18T23:44:17.000+0100][15179.506s] GC(793) Survivor regions: 10->10(39)
[2023-12-18T23:44:17.000+0100][15179.506s] GC(793) Old regions: 83->84
[2023-12-18T23:44:17.000+0100][15179.506s] GC(793) Archive regions: 0->0
[2023-12-18T23:44:17.000+0100][15179.506s] GC(793) Humongous regions: 4->4
[2023-12-18T23:44:17.000+0100][15179.506s] GC(793) Metaspace: 63693K(64256K)->63693K(64256K) NonClass: 56643K(56896K)->56643K(56896K) Class: 7049K(7360K)->7049K(7360K)
[2023-12-18T23:44:17.000+0100][15179.506s] GC(793) Pause Young (Normal) (G1 Evacuation Pause) 393M->97M(512M) 2.838ms
[2023-12-18T23:44:17.000+0100][15179.506s] GC(793) User=0.00s Sys=0.00s Real=0.00s
[2023-12-18T23:44:17.526+0100][15180.032s] GC(794) Pause Young (Normal) (G1 Evacuation Pause)
[2023-12-18T23:44:17.526+0100][15180.032s] GC(794) Using 10 workers of 10 for evacuation
[2023-12-18T23:44:17.530+0100][15180.035s] GC(794)   Pre Evacuate Collection Set: 0.1ms
[2023-12-18T23:44:17.530+0100][15180.035s] GC(794)   Merge Heap Roots: 0.1ms
[2023-12-18T23:44:17.530+0100][15180.036s] GC(794)   Evacuate Collection Set: 2.4ms
[2023-12-18T23:44:17.530+0100][15180.036s] GC(794)   Post Evacuate Collection Set: 0.5ms
[2023-12-18T23:44:17.530+0100][15180.036s] GC(794)   Other: 0.1ms
[2023-12-18T23:44:17.530+0100][15180.036s] GC(794) Eden regions: 297->0(295)
[2023-12-18T23:44:17.530+0100][15180.036s] GC(794) Survivor regions: 10->12(39)
[2023-12-18T23:44:17.530+0100][15180.036s] GC(794) Old regions: 84->84
[2023-12-18T23:44:17.530+0100][15180.036s] GC(794) Archive regions: 0->0
[2023-12-18T23:44:17.530+0100][15180.036s] GC(794) Humongous regions: 4->4
[2023-12-18T23:44:17.530+0100][15180.036s] GC(794) Metaspace: 63693K(64256K)->63693K(64256K) NonClass: 56643K(56896K)->56643K(56896K) Class: 7049K(7360K)->7049K(7360K)
[2023-12-18T23:44:17.530+0100][15180.036s] GC(794) Pause Young (Normal) (G1 Evacuation Pause) 394M->98M(512M) 3.329ms
[2023-12-18T23:44:17.530+0100][15180.036s] GC(794) User=0.00s Sys=0.00s Real=0.00s
[2023-12-18T23:44:18.035+0100][15180.541s] GC(795) Pause Young (Normal) (G1 Evacuation Pause)
[2023-12-18T23:44:18.035+0100][15180.541s] GC(795) Using 10 workers of 10 for evacuation
[2023-12-18T23:44:18.038+0100][15180.544s] GC(795)   Pre Evacuate Collection Set: 0.1ms
[2023-12-18T23:44:18.038+0100][15180.544s] GC(795)   Merge Heap Roots: 0.1ms
[2023-12-18T23:44:18.038+0100][15180.544s] GC(795)   Evacuate Collection Set: 2.3ms
[2023-12-18T23:44:18.038+0100][15180.544s] GC(795)   Post Evacuate Collection Set: 0.4ms
[2023-12-18T23:44:18.038+0100][15180.544s] GC(795)   Other: 0.1ms
[2023-12-18T23:44:18.038+0100][15180.544s] GC(795) Eden regions: 295->0(295)
[2023-12-18T23:44:18.038+0100][15180.544s] GC(795) Survivor regions: 12->12(39)
[2023-12-18T23:44:18.038+0100][15180.544s] GC(795) Old regions: 84->85
[2023-12-18T23:44:18.038+0100][15180.544s] GC(795) Archive regions: 0->0
[2023-12-18T23:44:18.038+0100][15180.544s] GC(795) Humongous regions: 4->4
[2023-12-18T23:44:18.038+0100][15180.544s] GC(795) Metaspace: 63693K(64256K)->63693K(64256K) NonClass: 56643K(56896K)->56643K(56896K) Class: 7049K(7360K)->7049K(7360K)
[2023-12-18T23:44:18.038+0100][15180.544s] GC(795) Pause Young (Normal) (G1 Evacuation Pause) 393M->100M(512M) 3.106ms
[2023-12-18T23:44:18.038+0100][15180.544s] GC(795) User=0.00s Sys=0.00s Real=0.00s
[2023-12-18T23:44:18.574+0100][15181.079s] GC(796) Pause Young (Normal) (G1 Evacuation Pause)
[2023-12-18T23:44:18.574+0100][15181.079s] GC(796) Using 10 workers of 10 for evacuation
[2023-12-18T23:44:18.577+0100][15181.082s] GC(796)   Pre Evacuate Collection Set: 0.1ms
[2023-12-18T23:44:18.577+0100][15181.082s] GC(796)   Merge Heap Roots: 0.1ms
[2023-12-18T23:44:18.577+0100][15181.082s] GC(796)   Evacuate Collection Set: 1.9ms
[2023-12-18T23:44:18.577+0100][15181.082s] GC(796)   Post Evacuate Collection Set: 0.4ms
[2023-12-18T23:44:18.577+0100][15181.082s] GC(796)   Other: 0.1ms
[2023-12-18T23:44:18.577+0100][15181.082s] GC(796) Eden regions: 295->0(295)
[2023-12-18T23:44:18.577+0100][15181.082s] GC(796) Survivor regions: 12->12(39)
[2023-12-18T23:44:18.577+0100][15181.082s] GC(796) Old regions: 85->85
[2023-12-18T23:44:18.577+0100][15181.082s] GC(796) Archive regions: 0->0
[2023-12-18T23:44:18.577+0100][15181.082s] GC(796) Humongous regions: 4->4
[2023-12-18T23:44:18.577+0100][15181.082s] GC(796) Metaspace: 63693K(64256K)->63693K(64256K) NonClass: 56643K(56896K)->56643K(56896K) Class: 7049K(7360K)->7049K(7360K)
[2023-12-18T23:44:18.577+0100][15181.082s] GC(796) Pause Young (Normal) (G1 Evacuation Pause) 395M->100M(512M) 2.839ms
[2023-12-18T23:44:18.577+0100][15181.082s] GC(796) User=0.00s Sys=0.00s Real=0.00s
[2023-12-18T23:44:19.029+0100][15181.534s] GC(797) Pause Young (Normal) (G1 Evacuation Pause)
[2023-12-18T23:44:19.029+0100][15181.534s] GC(797) Using 10 workers of 10 for evacuation
[2023-12-18T23:44:19.032+0100][15181.537s] GC(797)   Pre Evacuate Collection Set: 0.1ms
[2023-12-18T23:44:19.032+0100][15181.537s] GC(797)   Merge Heap Roots: 0.1ms
[2023-12-18T23:44:19.032+0100][15181.537s] GC(797)   Evacuate Collection Set: 1.9ms
[2023-12-18T23:44:19.032+0100][15181.537s] GC(797)   Post Evacuate Collection Set: 0.5ms
[2023-12-18T23:44:19.032+0100][15181.537s] GC(797)   Other: 0.1ms
[2023-12-18T23:44:19.032+0100][15181.537s] GC(797) Eden regions: 295->0(297)
[2023-12-18T23:44:19.032+0100][15181.537s] GC(797) Survivor regions: 12->10(39)
[2023-12-18T23:44:19.032+0100][15181.537s] GC(797) Old regions: 85->86
[2023-12-18T23:44:19.032+0100][15181.537s] GC(797) Archive regions: 0->0
[2023-12-18T23:44:19.032+0100][15181.537s] GC(797) Humongous regions: 4->4
[2023-12-18T23:44:19.032+0100][15181.537s] GC(797) Metaspace: 63693K(64256K)->63693K(64256K) NonClass: 56643K(56896K)->56643K(56896K) Class: 7049K(7360K)->7049K(7360K)
[2023-12-18T23:44:19.032+0100][15181.537s] GC(797) Pause Young (Normal) (G1 Evacuation Pause) 395M->99M(512M) 2.913ms
[2023-12-18T23:44:19.032+0100][15181.537s] GC(797) User=0.03s Sys=0.00s Real=0.00s
[2023-12-18T23:44:19.495+0100][15182.001s] GC(798) Pause Young (Normal) (G1 Evacuation Pause)
[2023-12-18T23:44:19.495+0100][15182.001s] GC(798) Using 10 workers of 10 for evacuation
[2023-12-18T23:44:19.499+0100][15182.005s] GC(798)   Pre Evacuate Collection Set: 0.1ms
[2023-12-18T23:44:19.499+0100][15182.005s] GC(798)   Merge Heap Roots: 0.1ms
[2023-12-18T23:44:19.499+0100][15182.005s] GC(798)   Evacuate Collection Set: 2.7ms
[2023-12-18T23:44:19.499+0100][15182.005s] GC(798)   Post Evacuate Collection Set: 0.5ms
[2023-12-18T23:44:19.499+0100][15182.005s] GC(798)   Other: 0.1ms
[2023-12-18T23:44:19.499+0100][15182.005s] GC(798) Eden regions: 297->0(294)
[2023-12-18T23:44:19.499+0100][15182.005s] GC(798) Survivor regions: 10->13(39)
[2023-12-18T23:44:19.499+0100][15182.005s] GC(798) Old regions: 86->86
[2023-12-18T23:44:19.499+0100][15182.005s] GC(798) Archive regions: 0->0
[2023-12-18T23:44:19.499+0100][15182.005s] GC(798) Humongous regions: 4->4
[2023-12-18T23:44:19.499+0100][15182.005s] GC(798) Metaspace: 63693K(64256K)->63693K(64256K) NonClass: 56643K(56896K)->56643K(56896K) Class: 7049K(7360K)->7049K(7360K)
[2023-12-18T23:44:19.499+0100][15182.005s] GC(798) Pause Young (Normal) (G1 Evacuation Pause) 396M->102M(512M) 3.767ms
[2023-12-18T23:44:19.499+0100][15182.005s] GC(798) User=0.00s Sys=0.00s Real=0.00s
[2023-12-18T23:44:20.039+0100][15182.545s] GC(799) Pause Young (Normal) (G1 Evacuation Pause)
[2023-12-18T23:44:20.039+0100][15182.545s] GC(799) Using 10 workers of 10 for evacuation
[2023-12-18T23:44:20.042+0100][15182.548s] GC(799)   Pre Evacuate Collection Set: 0.1ms
[2023-12-18T23:44:20.042+0100][15182.548s] GC(799)   Merge Heap Roots: 0.1ms
[2023-12-18T23:44:20.042+0100][15182.548s] GC(799)   Evacuate Collection Set: 2.5ms
[2023-12-18T23:44:20.042+0100][15182.548s] GC(799)   Post Evacuate Collection Set: 0.5ms
[2023-12-18T23:44:20.042+0100][15182.548s] GC(799)   Other: 0.1ms
[2023-12-18T23:44:20.042+0100][15182.548s] GC(799) Eden regions: 294->0(294)
[2023-12-18T23:44:20.042+0100][15182.548s] GC(799) Survivor regions: 13->13(39)
[2023-12-18T23:44:20.042+0100][15182.548s] GC(799) Old regions: 86->87
[2023-12-18T23:44:20.042+0100][15182.548s] GC(799) Archive regions: 0->0
[2023-12-18T23:44:20.042+0100][15182.548s] GC(799) Humongous regions: 4->4
[2023-12-18T23:44:20.042+0100][15182.548s] GC(799) Metaspace: 63693K(64256K)->63693K(64256K) NonClass: 56643K(56896K)->56643K(56896K) Class: 7049K(7360K)->7049K(7360K)
[2023-12-18T23:44:20.042+0100][15182.548s] GC(799) Pause Young (Normal) (G1 Evacuation Pause) 396M->102M(512M) 3.407ms
[2023-12-18T23:44:20.042+0100][15182.548s] GC(799) User=0.00s Sys=0.00s Real=0.00s
[2023-12-18T23:44:20.494+0100][15183.000s] GC(800) Pause Young (Normal) (G1 Evacuation Pause)
[2023-12-18T23:44:20.494+0100][15183.000s] GC(800) Using 10 workers of 10 for evacuation
[2023-12-18T23:44:20.497+0100][15183.003s] GC(800)   Pre Evacuate Collection Set: 0.1ms
[2023-12-18T23:44:20.497+0100][15183.003s] GC(800)   Merge Heap Roots: 0.0ms
[2023-12-18T23:44:20.497+0100][15183.003s] GC(800)   Evacuate Collection Set: 2.1ms
[2023-12-18T23:44:20.497+0100][15183.003s] GC(800)   Post Evacuate Collection Set: 0.3ms
[2023-12-18T23:44:20.497+0100][15183.003s] GC(800)   Other: 0.1ms
[2023-12-18T23:44:20.497+0100][15183.003s] GC(800) Eden regions: 294->0(295)
[2023-12-18T23:44:20.497+0100][15183.003s] GC(800) Survivor regions: 13->12(39)
[2023-12-18T23:44:20.497+0100][15183.003s] GC(800) Old regions: 87->87
[2023-12-18T23:44:20.497+0100][15183.003s] GC(800) Archive regions: 0->0
[2023-12-18T23:44:20.497+0100][15183.003s] GC(800) Humongous regions: 4->4
[2023-12-18T23:44:20.497+0100][15183.003s] GC(800) Metaspace: 63693K(64256K)->63693K(64256K) NonClass: 56643K(56896K)->56643K(56896K) Class: 7049K(7360K)->7049K(7360K)
[2023-12-18T23:44:20.497+0100][15183.003s] GC(800) Pause Young (Normal) (G1 Evacuation Pause) 396M->101M(512M) 2.718ms
[2023-12-18T23:44:20.497+0100][15183.003s] GC(800) User=0.00s Sys=0.00s Real=0.00s
[2023-12-18T23:44:20.977+0100][15183.483s] GC(801) Pause Young (Normal) (G1 Evacuation Pause)
[2023-12-18T23:44:20.977+0100][15183.483s] GC(801) Using 10 workers of 10 for evacuation
[2023-12-18T23:44:20.981+0100][15183.487s] GC(801)   Pre Evacuate Collection Set: 0.1ms
[2023-12-18T23:44:20.981+0100][15183.487s] GC(801)   Merge Heap Roots: 0.1ms
[2023-12-18T23:44:20.981+0100][15183.487s] GC(801)   Evacuate Collection Set: 2.7ms
[2023-12-18T23:44:20.981+0100][15183.487s] GC(801)   Post Evacuate Collection Set: 0.6ms
[2023-12-18T23:44:20.981+0100][15183.487s] GC(801)   Other: 0.1ms
[2023-12-18T23:44:20.981+0100][15183.487s] GC(801) Eden regions: 295->0(293)
[2023-12-18T23:44:20.981+0100][15183.487s] GC(801) Survivor regions: 12->14(39)
[2023-12-18T23:44:20.981+0100][15183.487s] GC(801) Old regions: 87->87
[2023-12-18T23:44:20.981+0100][15183.487s] GC(801) Archive regions: 0->0
[2023-12-18T23:44:20.981+0100][15183.487s] GC(801) Humongous regions: 4->4
[2023-12-18T23:44:20.981+0100][15183.487s] GC(801) Metaspace: 63693K(64256K)->63693K(64256K) NonClass: 56643K(56896K)->56643K(56896K) Class: 7049K(7360K)->7049K(7360K)
[2023-12-18T23:44:20.981+0100][15183.487s] GC(801) Pause Young (Normal) (G1 Evacuation Pause) 396M->104M(512M) 3.833ms
[2023-12-18T23:44:20.981+0100][15183.487s] GC(801) User=0.00s Sys=0.00s Real=0.00s
[2023-12-18T23:44:21.515+0100][15184.021s] GC(802) Pause Young (Normal) (G1 Evacuation Pause)
[2023-12-18T23:44:21.515+0100][15184.021s] GC(802) Using 10 workers of 10 for evacuation
[2023-12-18T23:44:21.518+0100][15184.024s] GC(802)   Pre Evacuate Collection Set: 0.1ms
[2023-12-18T23:44:21.518+0100][15184.024s] GC(802)   Merge Heap Roots: 0.1ms
[2023-12-18T23:44:21.518+0100][15184.024s] GC(802)   Evacuate Collection Set: 2.2ms
[2023-12-18T23:44:21.518+0100][15184.024s] GC(802)   Post Evacuate Collection Set: 0.5ms
[2023-12-18T23:44:21.518+0100][15184.024s] GC(802)   Other: 0.1ms
[2023-12-18T23:44:21.518+0100][15184.024s] GC(802) Eden regions: 293->0(294)
[2023-12-18T23:44:21.518+0100][15184.024s] GC(802) Survivor regions: 14->13(39)
[2023-12-18T23:44:21.518+0100][15184.024s] GC(802) Old regions: 87->88
[2023-12-18T23:44:21.518+0100][15184.024s] GC(802) Archive regions: 0->0
[2023-12-18T23:44:21.518+0100][15184.024s] GC(802) Humongous regions: 4->4
[2023-12-18T23:44:21.518+0100][15184.024s] GC(802) Metaspace: 63698K(64256K)->63698K(64256K) NonClass: 56649K(56896K)->56649K(56896K) Class: 7049K(7360K)->7049K(7360K)
[2023-12-18T23:44:21.518+0100][15184.024s] GC(802) Pause Young (Normal) (G1 Evacuation Pause) 397M->103M(512M) 3.193ms
[2023-12-18T23:44:21.518+0100][15184.024s] GC(802) User=0.00s Sys=0.00s Real=0.00s
[2023-12-18T23:44:21.994+0100][15184.499s] GC(803) Pause Young (Normal) (G1 Evacuation Pause)
[2023-12-18T23:44:21.994+0100][15184.499s] GC(803) Using 10 workers of 10 for evacuation
[2023-12-18T23:44:21.997+0100][15184.502s] GC(803)   Pre Evacuate Collection Set: 0.1ms
[2023-12-18T23:44:21.997+0100][15184.502s] GC(803)   Merge Heap Roots: 0.1ms
[2023-12-18T23:44:21.997+0100][15184.502s] GC(803)   Evacuate Collection Set: 1.9ms
[2023-12-18T23:44:21.997+0100][15184.502s] GC(803)   Post Evacuate Collection Set: 0.4ms
[2023-12-18T23:44:21.997+0100][15184.502s] GC(803)   Other: 0.1ms
[2023-12-18T23:44:21.997+0100][15184.502s] GC(803) Eden regions: 294->0(297)
[2023-12-18T23:44:21.997+0100][15184.502s] GC(803) Survivor regions: 13->10(39)
[2023-12-18T23:44:21.997+0100][15184.502s] GC(803) Old regions: 88->88
[2023-12-18T23:44:21.997+0100][15184.502s] GC(803) Archive regions: 0->0
[2023-12-18T23:44:21.997+0100][15184.502s] GC(803) Humongous regions: 4->4
[2023-12-18T23:44:21.997+0100][15184.502s] GC(803) Metaspace: 63698K(64256K)->63698K(64256K) NonClass: 56649K(56896K)->56649K(56896K) Class: 7049K(7360K)->7049K(7360K)
[2023-12-18T23:44:21.997+0100][15184.502s] GC(803) Pause Young (Normal) (G1 Evacuation Pause) 397M->101M(512M) 2.736ms
[2023-12-18T23:44:21.997+0100][15184.502s] GC(803) User=0.00s Sys=0.00s Real=0.00s
[2023-12-18T23:44:22.469+0100][15184.974s] GC(804) Pause Young (Normal) (G1 Evacuation Pause)
[2023-12-18T23:44:22.469+0100][15184.974s] GC(804) Using 10 workers of 10 for evacuation
[2023-12-18T23:44:22.471+0100][15184.977s] GC(804)   Pre Evacuate Collection Set: 0.0ms
[2023-12-18T23:44:22.471+0100][15184.977s] GC(804)   Merge Heap Roots: 0.0ms
[2023-12-18T23:44:22.471+0100][15184.977s] GC(804)   Evacuate Collection Set: 1.7ms
[2023-12-18T23:44:22.471+0100][15184.977s] GC(804)   Post Evacuate Collection Set: 0.4ms
[2023-12-18T23:44:22.471+0100][15184.977s] GC(804)   Other: 0.1ms
[2023-12-18T23:44:22.471+0100][15184.977s] GC(804) Eden regions: 297->0(297)
[2023-12-18T23:44:22.471+0100][15184.977s] GC(804) Survivor regions: 10->10(39)
[2023-12-18T23:44:22.471+0100][15184.977s] GC(804) Old regions: 88->89
[2023-12-18T23:44:22.471+0100][15184.977s] GC(804) Archive regions: 0->0
[2023-12-18T23:44:22.471+0100][15184.977s] GC(804) Humongous regions: 4->4
[2023-12-18T23:44:22.471+0100][15184.977s] GC(804) Metaspace: 63698K(64256K)->63698K(64256K) NonClass: 56649K(56896K)->56649K(56896K) Class: 7049K(7360K)->7049K(7360K)
[2023-12-18T23:44:22.471+0100][15184.977s] GC(804) Pause Young (Normal) (G1 Evacuation Pause) 398M->101M(512M) 2.465ms
[2023-12-18T23:44:22.471+0100][15184.977s] GC(804) User=0.16s Sys=0.00s Real=0.00s
[2023-12-18T23:44:22.984+0100][15185.490s] GC(805) Pause Young (Normal) (G1 Evacuation Pause)
[2023-12-18T23:44:22.984+0100][15185.490s] GC(805) Using 10 workers of 10 for evacuation
[2023-12-18T23:44:22.988+0100][15185.493s] GC(805)   Pre Evacuate Collection Set: 0.1ms
[2023-12-18T23:44:22.988+0100][15185.493s] GC(805)   Merge Heap Roots: 0.1ms
[2023-12-18T23:44:22.988+0100][15185.493s] GC(805)   Evacuate Collection Set: 2.5ms
[2023-12-18T23:44:22.988+0100][15185.493s] GC(805)   Post Evacuate Collection Set: 0.5ms
[2023-12-18T23:44:22.988+0100][15185.493s] GC(805)   Other: 0.1ms
[2023-12-18T23:44:22.988+0100][15185.494s] GC(805) Eden regions: 297->0(294)
[2023-12-18T23:44:22.988+0100][15185.494s] GC(805) Survivor regions: 10->13(39)
[2023-12-18T23:44:22.988+0100][15185.494s] GC(805) Old regions: 89->89
[2023-12-18T23:44:22.988+0100][15185.494s] GC(805) Archive regions: 0->0
[2023-12-18T23:44:22.988+0100][15185.494s] GC(805) Humongous regions: 4->4
[2023-12-18T23:44:22.988+0100][15185.494s] GC(805) Metaspace: 63700K(64256K)->63700K(64256K) NonClass: 56650K(56896K)->56650K(56896K) Class: 7049K(7360K)->7049K(7360K)
[2023-12-18T23:44:22.988+0100][15185.494s] GC(805) Pause Young (Normal) (G1 Evacuation Pause) 398M->105M(512M) 3.410ms
[2023-12-18T23:44:22.988+0100][15185.494s] GC(805) User=0.00s Sys=0.00s Real=0.00s
[2023-12-18T23:44:23.430+0100][15185.936s] GC(806) Pause Young (Normal) (G1 Evacuation Pause)
[2023-12-18T23:44:23.431+0100][15185.936s] GC(806) Using 10 workers of 10 for evacuation
[2023-12-18T23:44:23.434+0100][15185.939s] GC(806)   Pre Evacuate Collection Set: 0.1ms
[2023-12-18T23:44:23.434+0100][15185.939s] GC(806)   Merge Heap Roots: 0.1ms
[2023-12-18T23:44:23.434+0100][15185.939s] GC(806)   Evacuate Collection Set: 2.4ms
[2023-12-18T23:44:23.434+0100][15185.939s] GC(806)   Post Evacuate Collection Set: 0.4ms
[2023-12-18T23:44:23.434+0100][15185.939s] GC(806)   Other: 0.1ms
[2023-12-18T23:44:23.434+0100][15185.939s] GC(806) Eden regions: 294->0(296)
[2023-12-18T23:44:23.434+0100][15185.939s] GC(806) Survivor regions: 13->11(39)
[2023-12-18T23:44:23.434+0100][15185.939s] GC(806) Old regions: 89->89
[2023-12-18T23:44:23.434+0100][15185.939s] GC(806) Archive regions: 0->0
[2023-12-18T23:44:23.434+0100][15185.939s] GC(806) Humongous regions: 4->4
[2023-12-18T23:44:23.434+0100][15185.939s] GC(806) Metaspace: 63700K(64256K)->63700K(64256K) NonClass: 56650K(56896K)->56650K(56896K) Class: 7049K(7360K)->7049K(7360K)
[2023-12-18T23:44:23.434+0100][15185.939s] GC(806) Pause Young (Normal) (G1 Evacuation Pause) 399M->103M(512M) 3.235ms
[2023-12-18T23:44:23.434+0100][15185.939s] GC(806) User=0.00s Sys=0.00s Real=0.00s
[2023-12-18T23:44:23.911+0100][15186.416s] GC(807) Pause Young (Normal) (G1 Evacuation Pause)
[2023-12-18T23:44:23.911+0100][15186.416s] GC(807) Using 10 workers of 10 for evacuation
[2023-12-18T23:44:23.914+0100][15186.419s] GC(807)   Pre Evacuate Collection Set: 0.1ms
[2023-12-18T23:44:23.914+0100][15186.419s] GC(807)   Merge Heap Roots: 0.1ms
[2023-12-18T23:44:23.914+0100][15186.419s] GC(807)   Evacuate Collection Set: 2.2ms
[2023-12-18T23:44:23.914+0100][15186.419s] GC(807)   Post Evacuate Collection Set: 0.5ms
[2023-12-18T23:44:23.914+0100][15186.419s] GC(807)   Other: 0.1ms
[2023-12-18T23:44:23.914+0100][15186.419s] GC(807) Eden regions: 296->0(295)
[2023-12-18T23:44:23.914+0100][15186.419s] GC(807) Survivor regions: 11->12(39)
[2023-12-18T23:44:23.914+0100][15186.419s] GC(807) Old regions: 89->90
[2023-12-18T23:44:23.914+0100][15186.419s] GC(807) Archive regions: 0->0
[2023-12-18T23:44:23.914+0100][15186.419s] GC(807) Humongous regions: 4->4
[2023-12-18T23:44:23.914+0100][15186.419s] GC(807) Metaspace: 63701K(64256K)->63701K(64256K) NonClass: 56651K(56896K)->56651K(56896K) Class: 7049K(7360K)->7049K(7360K)
[2023-12-18T23:44:23.914+0100][15186.419s] GC(807) Pause Young (Normal) (G1 Evacuation Pause) 399M->105M(512M) 3.153ms
[2023-12-18T23:44:23.914+0100][15186.419s] GC(807) User=0.00s Sys=0.00s Real=0.00s
[2023-12-18T23:44:24.305+0100][15186.810s] GC(808) Pause Young (Normal) (G1 Evacuation Pause)
[2023-12-18T23:44:24.305+0100][15186.810s] GC(808) Using 10 workers of 10 for evacuation
[2023-12-18T23:44:24.307+0100][15186.813s] GC(808)   Pre Evacuate Collection Set: 0.0ms
[2023-12-18T23:44:24.307+0100][15186.813s] GC(808)   Merge Heap Roots: 0.0ms
[2023-12-18T23:44:24.307+0100][15186.813s] GC(808)   Evacuate Collection Set: 1.8ms
[2023-12-18T23:44:24.307+0100][15186.813s] GC(808)   Post Evacuate Collection Set: 0.3ms
[2023-12-18T23:44:24.307+0100][15186.813s] GC(808)   Other: 0.1ms
[2023-12-18T23:44:24.307+0100][15186.813s] GC(808) Eden regions: 295->0(297)
[2023-12-18T23:44:24.307+0100][15186.813s] GC(808) Survivor regions: 12->10(39)
[2023-12-18T23:44:24.307+0100][15186.813s] GC(808) Old regions: 90->90
[2023-12-18T23:44:24.307+0100][15186.813s] GC(808) Archive regions: 0->0
[2023-12-18T23:44:24.307+0100][15186.813s] GC(808) Humongous regions: 4->4
[2023-12-18T23:44:24.307+0100][15186.813s] GC(808) Metaspace: 63701K(64256K)->63701K(64256K) NonClass: 56651K(56896K)->56651K(56896K) Class: 7049K(7360K)->7049K(7360K)
[2023-12-18T23:44:24.307+0100][15186.813s] GC(808) Pause Young (Normal) (G1 Evacuation Pause) 400M->103M(512M) 2.425ms
[2023-12-18T23:44:24.307+0100][15186.813s] GC(808) User=0.00s Sys=0.00s Real=0.00s
[2023-12-18T23:44:24.820+0100][15187.325s] GC(809) Pause Young (Normal) (G1 Evacuation Pause)
[2023-12-18T23:44:24.820+0100][15187.325s] GC(809) Using 10 workers of 10 for evacuation
[2023-12-18T23:44:24.824+0100][15187.329s] GC(809)   Pre Evacuate Collection Set: 0.1ms
[2023-12-18T23:44:24.824+0100][15187.329s] GC(809)   Merge Heap Roots: 0.1ms
[2023-12-18T23:44:24.824+0100][15187.329s] GC(809)   Evacuate Collection Set: 3.1ms
[2023-12-18T23:44:24.824+0100][15187.329s] GC(809)   Post Evacuate Collection Set: 0.6ms
[2023-12-18T23:44:24.824+0100][15187.329s] GC(809)   Other: 0.1ms
[2023-12-18T23:44:24.824+0100][15187.329s] GC(809) Eden regions: 297->0(293)
[2023-12-18T23:44:24.824+0100][15187.329s] GC(809) Survivor regions: 10->14(39)
[2023-12-18T23:44:24.824+0100][15187.329s] GC(809) Old regions: 90->91
[2023-12-18T23:44:24.824+0100][15187.329s] GC(809) Archive regions: 0->0
[2023-12-18T23:44:24.824+0100][15187.329s] GC(809) Humongous regions: 4->4
[2023-12-18T23:44:24.824+0100][15187.329s] GC(809) Metaspace: 63701K(64256K)->63701K(64256K) NonClass: 56651K(56896K)->56651K(56896K) Class: 7049K(7360K)->7049K(7360K)
[2023-12-18T23:44:24.824+0100][15187.329s] GC(809) Pause Young (Normal) (G1 Evacuation Pause) 400M->107M(512M) 4.284ms
[2023-12-18T23:44:24.824+0100][15187.329s] GC(809) User=0.00s Sys=0.00s Real=0.00s
[2023-12-18T23:44:25.256+0100][15187.761s] GC(810) Pause Young (Normal) (G1 Evacuation Pause)
[2023-12-18T23:44:25.256+0100][15187.761s] GC(810) Using 10 workers of 10 for evacuation
[2023-12-18T23:44:25.258+0100][15187.764s] GC(810)   Pre Evacuate Collection Set: 0.0ms
[2023-12-18T23:44:25.258+0100][15187.764s] GC(810)   Merge Heap Roots: 0.0ms
[2023-12-18T23:44:25.258+0100][15187.764s] GC(810)   Evacuate Collection Set: 1.8ms
[2023-12-18T23:44:25.258+0100][15187.764s] GC(810)   Post Evacuate Collection Set: 0.4ms
[2023-12-18T23:44:25.258+0100][15187.764s] GC(810)   Other: 0.1ms
[2023-12-18T23:44:25.258+0100][15187.764s] GC(810) Eden regions: 293->0(297)
[2023-12-18T23:44:25.258+0100][15187.764s] GC(810) Survivor regions: 14->10(39)
[2023-12-18T23:44:25.258+0100][15187.764s] GC(810) Old regions: 91->91
[2023-12-18T23:44:25.258+0100][15187.764s] GC(810) Archive regions: 0->0
[2023-12-18T23:44:25.258+0100][15187.764s] GC(810) Humongous regions: 4->4
[2023-12-18T23:44:25.258+0100][15187.764s] GC(810) Metaspace: 63701K(64256K)->63701K(64256K) NonClass: 56651K(56896K)->56651K(56896K) Class: 7049K(7360K)->7049K(7360K)
[2023-12-18T23:44:25.258+0100][15187.764s] GC(810) Pause Young (Normal) (G1 Evacuation Pause) 400M->104M(512M) 2.569ms
[2023-12-18T23:44:25.258+0100][15187.764s] GC(810) User=0.00s Sys=0.00s Real=0.00s
[2023-12-18T23:44:25.735+0100][15188.241s] GC(811) Pause Young (Normal) (G1 Evacuation Pause)
[2023-12-18T23:44:25.735+0100][15188.241s] GC(811) Using 10 workers of 10 for evacuation
[2023-12-18T23:44:25.737+0100][15188.243s] GC(811)   Pre Evacuate Collection Set: 0.1ms
[2023-12-18T23:44:25.738+0100][15188.243s] GC(811)   Merge Heap Roots: 0.1ms
[2023-12-18T23:44:25.738+0100][15188.243s] GC(811)   Evacuate Collection Set: 1.3ms
[2023-12-18T23:44:25.738+0100][15188.243s] GC(811)   Post Evacuate Collection Set: 0.6ms
[2023-12-18T23:44:25.738+0100][15188.243s] GC(811)   Other: 0.1ms
[2023-12-18T23:44:25.738+0100][15188.243s] GC(811) Eden regions: 297->0(298)
[2023-12-18T23:44:25.738+0100][15188.243s] GC(811) Survivor regions: 10->9(39)
[2023-12-18T23:44:25.738+0100][15188.243s] GC(811) Old regions: 91->92
[2023-12-18T23:44:25.738+0100][15188.243s] GC(811) Archive regions: 0->0
[2023-12-18T23:44:25.738+0100][15188.243s] GC(811) Humongous regions: 4->4
[2023-12-18T23:44:25.738+0100][15188.243s] GC(811) Metaspace: 63701K(64256K)->63701K(64256K) NonClass: 56651K(56896K)->56651K(56896K) Class: 7049K(7360K)->7049K(7360K)
[2023-12-18T23:44:25.738+0100][15188.243s] GC(811) Pause Young (Normal) (G1 Evacuation Pause) 401M->103M(512M) 2.488ms
[2023-12-18T23:44:25.738+0100][15188.243s] GC(811) User=0.00s Sys=0.00s Real=0.00s
[2023-12-18T23:44:26.231+0100][15188.736s] GC(812) Pause Young (Normal) (G1 Evacuation Pause)
[2023-12-18T23:44:26.231+0100][15188.736s] GC(812) Using 10 workers of 10 for evacuation
[2023-12-18T23:44:26.234+0100][15188.739s] GC(812)   Pre Evacuate Collection Set: 0.1ms
[2023-12-18T23:44:26.234+0100][15188.739s] GC(812)   Merge Heap Roots: 0.1ms
[2023-12-18T23:44:26.234+0100][15188.739s] GC(812)   Evacuate Collection Set: 2.4ms
[2023-12-18T23:44:26.234+0100][15188.739s] GC(812)   Post Evacuate Collection Set: 0.4ms
[2023-12-18T23:44:26.234+0100][15188.739s] GC(812)   Other: 0.1ms
[2023-12-18T23:44:26.234+0100][15188.739s] GC(812) Eden regions: 298->0(296)
[2023-12-18T23:44:26.234+0100][15188.739s] GC(812) Survivor regions: 9->11(39)
[2023-12-18T23:44:26.234+0100][15188.739s] GC(812) Old regions: 92->92
[2023-12-18T23:44:26.234+0100][15188.739s] GC(812) Archive regions: 0->0
[2023-12-18T23:44:26.234+0100][15188.739s] GC(812) Humongous regions: 4->4
[2023-12-18T23:44:26.234+0100][15188.739s] GC(812) Metaspace: 63701K(64256K)->63701K(64256K) NonClass: 56651K(56896K)->56651K(56896K) Class: 7049K(7360K)->7049K(7360K)
[2023-12-18T23:44:26.234+0100][15188.739s] GC(812) Pause Young (Normal) (G1 Evacuation Pause) 401M->106M(512M) 3.293ms
[2023-12-18T23:44:26.234+0100][15188.739s] GC(812) User=0.00s Sys=0.00s Real=0.00s
[2023-12-18T23:44:26.727+0100][15189.234s] GC(813) Pause Young (Normal) (G1 Evacuation Pause)
[2023-12-18T23:44:26.727+0100][15189.234s] GC(813) Using 10 workers of 10 for evacuation
[2023-12-18T23:44:26.731+0100][15189.237s] GC(813)   Pre Evacuate Collection Set: 0.1ms
[2023-12-18T23:44:26.731+0100][15189.237s] GC(813)   Merge Heap Roots: 0.1ms
[2023-12-18T23:44:26.731+0100][15189.237s] GC(813)   Evacuate Collection Set: 2.3ms
[2023-12-18T23:44:26.731+0100][15189.237s] GC(813)   Post Evacuate Collection Set: 0.5ms
[2023-12-18T23:44:26.731+0100][15189.237s] GC(813)   Other: 0.1ms
[2023-12-18T23:44:26.731+0100][15189.237s] GC(813) Eden regions: 296->0(295)
[2023-12-18T23:44:26.731+0100][15189.237s] GC(813) Survivor regions: 11->12(39)
[2023-12-18T23:44:26.731+0100][15189.237s] GC(813) Old regions: 92->92
[2023-12-18T23:44:26.731+0100][15189.237s] GC(813) Archive regions: 0->0
[2023-12-18T23:44:26.731+0100][15189.237s] GC(813) Humongous regions: 4->4
[2023-12-18T23:44:26.731+0100][15189.237s] GC(813) Metaspace: 63701K(64256K)->63701K(64256K) NonClass: 56651K(56896K)->56651K(56896K) Class: 7049K(7360K)->7049K(7360K)
[2023-12-18T23:44:26.732+0100][15189.237s] GC(813) Pause Young (Normal) (G1 Evacuation Pause) 402M->107M(512M) 3.273ms
[2023-12-18T23:44:26.732+0100][15189.237s] GC(813) User=0.00s Sys=0.00s Real=0.01s
[2023-12-18T23:44:27.172+0100][15189.678s] GC(814) Pause Young (Normal) (G1 Evacuation Pause)
[2023-12-18T23:44:27.172+0100][15189.678s] GC(814) Using 10 workers of 10 for evacuation
[2023-12-18T23:44:27.175+0100][15189.681s] GC(814)   Pre Evacuate Collection Set: 0.1ms
[2023-12-18T23:44:27.175+0100][15189.681s] GC(814)   Merge Heap Roots: 0.0ms
[2023-12-18T23:44:27.175+0100][15189.681s] GC(814)   Evacuate Collection Set: 2.3ms
[2023-12-18T23:44:27.175+0100][15189.681s] GC(814)   Post Evacuate Collection Set: 0.4ms
[2023-12-18T23:44:27.175+0100][15189.681s] GC(814)   Other: 0.1ms
[2023-12-18T23:44:27.175+0100][15189.681s] GC(814) Eden regions: 295->0(296)
[2023-12-18T23:44:27.175+0100][15189.681s] GC(814) Survivor regions: 12->11(39)
[2023-12-18T23:44:27.175+0100][15189.681s] GC(814) Old regions: 92->93
[2023-12-18T23:44:27.175+0100][15189.681s] GC(814) Archive regions: 0->0
[2023-12-18T23:44:27.175+0100][15189.681s] GC(814) Humongous regions: 4->4
[2023-12-18T23:44:27.175+0100][15189.681s] GC(814) Metaspace: 63701K(64256K)->63701K(64256K) NonClass: 56651K(56896K)->56651K(56896K) Class: 7049K(7360K)->7049K(7360K)
[2023-12-18T23:44:27.175+0100][15189.681s] GC(814) Pause Young (Normal) (G1 Evacuation Pause) 402M->107M(512M) 3.075ms
[2023-12-18T23:44:27.175+0100][15189.681s] GC(814) User=0.00s Sys=0.00s Real=0.00s
[2023-12-18T23:44:27.610+0100][15190.116s] GC(815) Pause Young (Normal) (G1 Evacuation Pause)
[2023-12-18T23:44:27.610+0100][15190.116s] GC(815) Using 10 workers of 10 for evacuation
[2023-12-18T23:44:27.613+0100][15190.119s] GC(815)   Pre Evacuate Collection Set: 0.1ms
[2023-12-18T23:44:27.613+0100][15190.119s] GC(815)   Merge Heap Roots: 0.1ms
[2023-12-18T23:44:27.613+0100][15190.119s] GC(815)   Evacuate Collection Set: 1.5ms
[2023-12-18T23:44:27.613+0100][15190.119s] GC(815)   Post Evacuate Collection Set: 0.4ms
[2023-12-18T23:44:27.613+0100][15190.119s] GC(815)   Other: 0.1ms
[2023-12-18T23:44:27.613+0100][15190.119s] GC(815) Eden regions: 296->0(298)
[2023-12-18T23:44:27.613+0100][15190.119s] GC(815) Survivor regions: 11->9(39)
[2023-12-18T23:44:27.613+0100][15190.119s] GC(815) Old regions: 93->93
[2023-12-18T23:44:27.613+0100][15190.119s] GC(815) Archive regions: 0->0
[2023-12-18T23:44:27.613+0100][15190.119s] GC(815) Humongous regions: 4->4
[2023-12-18T23:44:27.613+0100][15190.119s] GC(815) Metaspace: 63701K(64256K)->63701K(64256K) NonClass: 56652K(56896K)->56652K(56896K) Class: 7049K(7360K)->7049K(7360K)
[2023-12-18T23:44:27.613+0100][15190.119s] GC(815) Pause Young (Normal) (G1 Evacuation Pause) 403M->105M(512M) 2.399ms
[2023-12-18T23:44:27.613+0100][15190.119s] GC(815) User=0.00s Sys=0.00s Real=0.00s
[2023-12-18T23:44:28.121+0100][15190.626s] GC(816) Pause Young (Normal) (G1 Evacuation Pause)
[2023-12-18T23:44:28.121+0100][15190.626s] GC(816) Using 10 workers of 10 for evacuation
[2023-12-18T23:44:28.124+0100][15190.629s] GC(816)   Pre Evacuate Collection Set: 0.1ms
[2023-12-18T23:44:28.124+0100][15190.629s] GC(816)   Merge Heap Roots: 0.1ms
[2023-12-18T23:44:28.124+0100][15190.629s] GC(816)   Evacuate Collection Set: 2.6ms
[2023-12-18T23:44:28.124+0100][15190.629s] GC(816)   Post Evacuate Collection Set: 0.6ms
[2023-12-18T23:44:28.124+0100][15190.629s] GC(816)   Other: 0.1ms
[2023-12-18T23:44:28.124+0100][15190.629s] GC(816) Eden regions: 298->0(294)
[2023-12-18T23:44:28.124+0100][15190.629s] GC(816) Survivor regions: 9->13(39)
[2023-12-18T23:44:28.124+0100][15190.629s] GC(816) Old regions: 93->93
[2023-12-18T23:44:28.124+0100][15190.629s] GC(816) Archive regions: 0->0
[2023-12-18T23:44:28.124+0100][15190.629s] GC(816) Humongous regions: 4->4
[2023-12-18T23:44:28.124+0100][15190.629s] GC(816) Metaspace: 63701K(64256K)->63701K(64256K) NonClass: 56652K(56896K)->56652K(56896K) Class: 7049K(7360K)->7049K(7360K)
[2023-12-18T23:44:28.124+0100][15190.629s] GC(816) Pause Young (Normal) (G1 Evacuation Pause) 403M->109M(512M) 3.639ms
[2023-12-18T23:44:28.124+0100][15190.629s] GC(816) User=0.00s Sys=0.00s Real=0.00s
[2023-12-18T23:44:28.541+0100][15191.047s] GC(817) Pause Young (Normal) (G1 Evacuation Pause)
[2023-12-18T23:44:28.541+0100][15191.047s] GC(817) Using 10 workers of 10 for evacuation
[2023-12-18T23:44:28.544+0100][15191.050s] GC(817)   Pre Evacuate Collection Set: 0.1ms
[2023-12-18T23:44:28.544+0100][15191.050s] GC(817)   Merge Heap Roots: 0.0ms
[2023-12-18T23:44:28.544+0100][15191.050s] GC(817)   Evacuate Collection Set: 2.0ms
[2023-12-18T23:44:28.544+0100][15191.050s] GC(817)   Post Evacuate Collection Set: 0.4ms
[2023-12-18T23:44:28.544+0100][15191.050s] GC(817)   Other: 0.1ms
[2023-12-18T23:44:28.544+0100][15191.050s] GC(817) Eden regions: 294->0(296)
[2023-12-18T23:44:28.544+0100][15191.050s] GC(817) Survivor regions: 13->11(39)
[2023-12-18T23:44:28.544+0100][15191.050s] GC(817) Old regions: 93->94
[2023-12-18T23:44:28.544+0100][15191.050s] GC(817) Archive regions: 0->0
[2023-12-18T23:44:28.544+0100][15191.050s] GC(817) Humongous regions: 4->4
[2023-12-18T23:44:28.544+0100][15191.050s] GC(817) Metaspace: 63701K(64256K)->63701K(64256K) NonClass: 56652K(56896K)->56652K(56896K) Class: 7049K(7360K)->7049K(7360K)
[2023-12-18T23:44:28.544+0100][15191.050s] GC(817) Pause Young (Normal) (G1 Evacuation Pause) 403M->108M(512M) 2.780ms
[2023-12-18T23:44:28.544+0100][15191.050s] GC(817) User=0.00s Sys=0.00s Real=0.00s
[2023-12-18T23:44:29.039+0100][15191.544s] GC(818) Pause Young (Normal) (G1 Evacuation Pause)
[2023-12-18T23:44:29.039+0100][15191.544s] GC(818) Using 10 workers of 10 for evacuation
[2023-12-18T23:44:29.041+0100][15191.547s] GC(818)   Pre Evacuate Collection Set: 0.1ms
[2023-12-18T23:44:29.041+0100][15191.547s] GC(818)   Merge Heap Roots: 0.1ms
[2023-12-18T23:44:29.041+0100][15191.547s] GC(818)   Evacuate Collection Set: 2.0ms
[2023-12-18T23:44:29.041+0100][15191.547s] GC(818)   Post Evacuate Collection Set: 0.4ms
[2023-12-18T23:44:29.041+0100][15191.547s] GC(818)   Other: 0.1ms
[2023-12-18T23:44:29.041+0100][15191.547s] GC(818) Eden regions: 296->0(297)
[2023-12-18T23:44:29.041+0100][15191.547s] GC(818) Survivor regions: 11->10(39)
[2023-12-18T23:44:29.041+0100][15191.547s] GC(818) Old regions: 94->94
[2023-12-18T23:44:29.041+0100][15191.547s] GC(818) Archive regions: 0->0
[2023-12-18T23:44:29.041+0100][15191.547s] GC(818) Humongous regions: 4->4
[2023-12-18T23:44:29.041+0100][15191.547s] GC(818) Metaspace: 63701K(64256K)->63701K(64256K) NonClass: 56652K(56896K)->56652K(56896K) Class: 7049K(7360K)->7049K(7360K)
[2023-12-18T23:44:29.041+0100][15191.547s] GC(818) Pause Young (Normal) (G1 Evacuation Pause) 404M->107M(512M) 2.853ms
[2023-12-18T23:44:29.041+0100][15191.547s] GC(818) User=0.00s Sys=0.00s Real=0.00s
[2023-12-18T23:44:29.539+0100][15192.044s] GC(819) Pause Young (Normal) (G1 Evacuation Pause)
[2023-12-18T23:44:29.539+0100][15192.044s] GC(819) Using 10 workers of 10 for evacuation
[2023-12-18T23:44:29.542+0100][15192.048s] GC(819)   Pre Evacuate Collection Set: 0.1ms
[2023-12-18T23:44:29.542+0100][15192.048s] GC(819)   Merge Heap Roots: 0.1ms
[2023-12-18T23:44:29.542+0100][15192.048s] GC(819)   Evacuate Collection Set: 3.0ms
[2023-12-18T23:44:29.542+0100][15192.048s] GC(819)   Post Evacuate Collection Set: 0.5ms
[2023-12-18T23:44:29.542+0100][15192.048s] GC(819)   Other: 0.1ms
[2023-12-18T23:44:29.542+0100][15192.048s] GC(819) Eden regions: 297->0(293)
[2023-12-18T23:44:29.542+0100][15192.048s] GC(819) Survivor regions: 10->14(39)
[2023-12-18T23:44:29.542+0100][15192.048s] GC(819) Old regions: 94->95
[2023-12-18T23:44:29.542+0100][15192.048s] GC(819) Archive regions: 0->0
[2023-12-18T23:44:29.542+0100][15192.048s] GC(819) Humongous regions: 4->4
[2023-12-18T23:44:29.543+0100][15192.048s] GC(819) Metaspace: 63701K(64256K)->63701K(64256K) NonClass: 56652K(56896K)->56652K(56896K) Class: 7049K(7360K)->7049K(7360K)
[2023-12-18T23:44:29.543+0100][15192.048s] GC(819) Pause Young (Normal) (G1 Evacuation Pause) 404M->111M(512M) 3.946ms
[2023-12-18T23:44:29.543+0100][15192.048s] GC(819) User=0.00s Sys=0.00s Real=0.00s
[2023-12-18T23:44:29.985+0100][15192.491s] GC(820) Pause Young (Normal) (G1 Evacuation Pause)
[2023-12-18T23:44:29.985+0100][15192.491s] GC(820) Using 10 workers of 10 for evacuation
[2023-12-18T23:44:29.988+0100][15192.494s] GC(820)   Pre Evacuate Collection Set: 0.1ms
[2023-12-18T23:44:29.988+0100][15192.494s] GC(820)   Merge Heap Roots: 0.1ms
[2023-12-18T23:44:29.988+0100][15192.494s] GC(820)   Evacuate Collection Set: 2.3ms
[2023-12-18T23:44:29.988+0100][15192.495s] GC(820)   Post Evacuate Collection Set: 0.5ms
[2023-12-18T23:44:29.988+0100][15192.495s] GC(820)   Other: 0.1ms
[2023-12-18T23:44:29.988+0100][15192.495s] GC(820) Eden regions: 293->0(296)
[2023-12-18T23:44:29.988+0100][15192.495s] GC(820) Survivor regions: 14->11(39)
[2023-12-18T23:44:29.989+0100][15192.495s] GC(820) Old regions: 95->95
[2023-12-18T23:44:29.989+0100][15192.495s] GC(820) Archive regions: 0->0
[2023-12-18T23:44:29.989+0100][15192.495s] GC(820) Humongous regions: 4->4
[2023-12-18T23:44:29.989+0100][15192.495s] GC(820) Metaspace: 63701K(64256K)->63701K(64256K) NonClass: 56652K(56896K)->56652K(56896K) Class: 7049K(7360K)->7049K(7360K)
[2023-12-18T23:44:29.989+0100][15192.495s] GC(820) Pause Young (Normal) (G1 Evacuation Pause) 404M->109M(512M) 3.279ms
[2023-12-18T23:44:29.989+0100][15192.495s] GC(820) User=0.00s Sys=0.00s Real=0.00s
[2023-12-18T23:44:30.412+0100][15192.918s] GC(821) Pause Young (Normal) (G1 Evacuation Pause)
[2023-12-18T23:44:30.412+0100][15192.918s] GC(821) Using 10 workers of 10 for evacuation
[2023-12-18T23:44:30.415+0100][15192.920s] GC(821)   Pre Evacuate Collection Set: 0.1ms
[2023-12-18T23:44:30.415+0100][15192.921s] GC(821)   Merge Heap Roots: 0.1ms
[2023-12-18T23:44:30.415+0100][15192.921s] GC(821)   Evacuate Collection Set: 1.5ms
[2023-12-18T23:44:30.415+0100][15192.921s] GC(821)   Post Evacuate Collection Set: 0.4ms
[2023-12-18T23:44:30.415+0100][15192.921s] GC(821)   Other: 0.1ms
[2023-12-18T23:44:30.415+0100][15192.921s] GC(821) Eden regions: 296->0(298)
[2023-12-18T23:44:30.415+0100][15192.921s] GC(821) Survivor regions: 11->9(39)
[2023-12-18T23:44:30.415+0100][15192.921s] GC(821) Old regions: 95->95
[2023-12-18T23:44:30.415+0100][15192.921s] GC(821) Archive regions: 0->0
[2023-12-18T23:44:30.415+0100][15192.921s] GC(821) Humongous regions: 4->4
[2023-12-18T23:44:30.415+0100][15192.921s] GC(821) Metaspace: 63701K(64256K)->63701K(64256K) NonClass: 56652K(56896K)->56652K(56896K) Class: 7049K(7360K)->7049K(7360K)
[2023-12-18T23:44:30.415+0100][15192.921s] GC(821) Pause Young (Normal) (G1 Evacuation Pause) 405M->107M(512M) 2.342ms
[2023-12-18T23:44:30.415+0100][15192.921s] GC(821) User=0.00s Sys=0.00s Real=0.00s
[2023-12-18T23:44:30.896+0100][15193.401s] GC(822) Pause Young (Normal) (G1 Evacuation Pause)
[2023-12-18T23:44:30.896+0100][15193.401s] GC(822) Using 10 workers of 10 for evacuation
[2023-12-18T23:44:30.899+0100][15193.405s] GC(822)   Pre Evacuate Collection Set: 0.1ms
[2023-12-18T23:44:30.900+0100][15193.405s] GC(822)   Merge Heap Roots: 0.0ms
[2023-12-18T23:44:30.900+0100][15193.405s] GC(822)   Evacuate Collection Set: 2.8ms
[2023-12-18T23:44:30.900+0100][15193.405s] GC(822)   Post Evacuate Collection Set: 0.5ms
[2023-12-18T23:44:30.900+0100][15193.405s] GC(822)   Other: 0.1ms
[2023-12-18T23:44:30.900+0100][15193.405s] GC(822) Eden regions: 298->0(294)
[2023-12-18T23:44:30.900+0100][15193.405s] GC(822) Survivor regions: 9->13(39)
[2023-12-18T23:44:30.900+0100][15193.405s] GC(822) Old regions: 95->96
[2023-12-18T23:44:30.900+0100][15193.405s] GC(822) Archive regions: 0->0
[2023-12-18T23:44:30.900+0100][15193.405s] GC(822) Humongous regions: 4->4
[2023-12-18T23:44:30.900+0100][15193.405s] GC(822) Metaspace: 63701K(64256K)->63701K(64256K) NonClass: 56652K(56896K)->56652K(56896K) Class: 7049K(7360K)->7049K(7360K)
[2023-12-18T23:44:30.900+0100][15193.405s] GC(822) Pause Young (Normal) (G1 Evacuation Pause) 405M->111M(512M) 3.680ms
[2023-12-18T23:44:30.900+0100][15193.405s] GC(822) User=0.00s Sys=0.00s Real=0.00s
[2023-12-18T23:44:31.359+0100][15193.865s] GC(823) Pause Young (Normal) (G1 Evacuation Pause)
[2023-12-18T23:44:31.359+0100][15193.865s] GC(823) Using 10 workers of 10 for evacuation
[2023-12-18T23:44:31.362+0100][15193.868s] GC(823)   Pre Evacuate Collection Set: 0.1ms
[2023-12-18T23:44:31.363+0100][15193.868s] GC(823)   Merge Heap Roots: 0.1ms
[2023-12-18T23:44:31.363+0100][15193.868s] GC(823)   Evacuate Collection Set: 2.3ms
[2023-12-18T23:44:31.363+0100][15193.868s] GC(823)   Post Evacuate Collection Set: 0.6ms
[2023-12-18T23:44:31.363+0100][15193.868s] GC(823)   Other: 0.1ms
[2023-12-18T23:44:31.363+0100][15193.868s] GC(823) Eden regions: 294->0(295)
[2023-12-18T23:44:31.363+0100][15193.868s] GC(823) Survivor regions: 13->12(39)
[2023-12-18T23:44:31.363+0100][15193.868s] GC(823) Old regions: 96->96
[2023-12-18T23:44:31.363+0100][15193.868s] GC(823) Archive regions: 0->0
[2023-12-18T23:44:31.363+0100][15193.868s] GC(823) Humongous regions: 4->4
[2023-12-18T23:44:31.363+0100][15193.868s] GC(823) Metaspace: 63702K(64256K)->63702K(64256K) NonClass: 56652K(56896K)->56652K(56896K) Class: 7049K(7360K)->7049K(7360K)
[2023-12-18T23:44:31.363+0100][15193.868s] GC(823) Pause Young (Normal) (G1 Evacuation Pause) 405M->110M(512M) 3.534ms
[2023-12-18T23:44:31.363+0100][15193.868s] GC(823) User=0.12s Sys=0.00s Real=0.00s
[2023-12-18T23:44:31.818+0100][15194.323s] GC(824) Pause Young (Normal) (G1 Evacuation Pause)
[2023-12-18T23:44:31.818+0100][15194.323s] GC(824) Using 10 workers of 10 for evacuation
[2023-12-18T23:44:31.820+0100][15194.325s] GC(824)   Pre Evacuate Collection Set: 0.1ms
[2023-12-18T23:44:31.820+0100][15194.326s] GC(824)   Merge Heap Roots: 0.1ms
[2023-12-18T23:44:31.820+0100][15194.326s] GC(824)   Evacuate Collection Set: 1.7ms
[2023-12-18T23:44:31.820+0100][15194.326s] GC(824)   Post Evacuate Collection Set: 0.4ms
[2023-12-18T23:44:31.820+0100][15194.326s] GC(824)   Other: 0.1ms
[2023-12-18T23:44:31.820+0100][15194.326s] GC(824) Eden regions: 295->0(298)
[2023-12-18T23:44:31.820+0100][15194.326s] GC(824) Survivor regions: 12->9(39)
[2023-12-18T23:44:31.820+0100][15194.326s] GC(824) Old regions: 96->96
[2023-12-18T23:44:31.820+0100][15194.326s] GC(824) Archive regions: 0->0
[2023-12-18T23:44:31.820+0100][15194.326s] GC(824) Humongous regions: 4->4
[2023-12-18T23:44:31.820+0100][15194.326s] GC(824) Metaspace: 63702K(64256K)->63702K(64256K) NonClass: 56652K(56896K)->56652K(56896K) Class: 7049K(7360K)->7049K(7360K)
[2023-12-18T23:44:31.820+0100][15194.326s] GC(824) Pause Young (Normal) (G1 Evacuation Pause) 405M->108M(512M) 2.522ms
[2023-12-18T23:44:31.820+0100][15194.326s] GC(824) User=0.00s Sys=0.00s Real=0.00s
[2023-12-18T23:44:32.300+0100][15194.806s] GC(825) Pause Young (Normal) (G1 Evacuation Pause)
[2023-12-18T23:44:32.300+0100][15194.806s] GC(825) Using 10 workers of 10 for evacuation
[2023-12-18T23:44:32.304+0100][15194.810s] GC(825)   Pre Evacuate Collection Set: 0.1ms
[2023-12-18T23:44:32.304+0100][15194.810s] GC(825)   Merge Heap Roots: 0.2ms
[2023-12-18T23:44:32.304+0100][15194.810s] GC(825)   Evacuate Collection Set: 3.3ms
[2023-12-18T23:44:32.304+0100][15194.810s] GC(825)   Post Evacuate Collection Set: 0.7ms
[2023-12-18T23:44:32.304+0100][15194.810s] GC(825)   Other: 0.1ms
[2023-12-18T23:44:32.304+0100][15194.810s] GC(825) Eden regions: 298->0(292)
[2023-12-18T23:44:32.304+0100][15194.810s] GC(825) Survivor regions: 9->15(39)
[2023-12-18T23:44:32.304+0100][15194.810s] GC(825) Old regions: 96->96
[2023-12-18T23:44:32.304+0100][15194.810s] GC(825) Archive regions: 0->0
[2023-12-18T23:44:32.305+0100][15194.810s] GC(825) Humongous regions: 4->4
[2023-12-18T23:44:32.305+0100][15194.810s] GC(825) Metaspace: 63702K(64256K)->63702K(64256K) NonClass: 56652K(56896K)->56652K(56896K) Class: 7049K(7360K)->7049K(7360K)
[2023-12-18T23:44:32.305+0100][15194.810s] GC(825) Pause Young (Normal) (G1 Evacuation Pause) 406M->114M(512M) 4.495ms
[2023-12-18T23:44:32.305+0100][15194.810s] GC(825) User=0.00s Sys=0.00s Real=0.01s
[2023-12-18T23:44:32.759+0100][15195.265s] GC(826) Pause Young (Normal) (G1 Evacuation Pause)
[2023-12-18T23:44:32.759+0100][15195.265s] GC(826) Using 10 workers of 10 for evacuation
[2023-12-18T23:44:32.763+0100][15195.268s] GC(826)   Pre Evacuate Collection Set: 0.1ms
[2023-12-18T23:44:32.763+0100][15195.268s] GC(826)   Merge Heap Roots: 0.1ms
[2023-12-18T23:44:32.763+0100][15195.268s] GC(826)   Evacuate Collection Set: 2.3ms
[2023-12-18T23:44:32.763+0100][15195.268s] GC(826)   Post Evacuate Collection Set: 0.4ms
[2023-12-18T23:44:32.763+0100][15195.268s] GC(826)   Other: 0.1ms
[2023-12-18T23:44:32.763+0100][15195.268s] GC(826) Eden regions: 292->0(294)
[2023-12-18T23:44:32.763+0100][15195.268s] GC(826) Survivor regions: 15->13(39)
[2023-12-18T23:44:32.763+0100][15195.268s] GC(826) Old regions: 96->97
[2023-12-18T23:44:32.763+0100][15195.268s] GC(826) Archive regions: 0->0
[2023-12-18T23:44:32.763+0100][15195.268s] GC(826) Humongous regions: 4->4
[2023-12-18T23:44:32.763+0100][15195.268s] GC(826) Metaspace: 63702K(64256K)->63702K(64256K) NonClass: 56652K(56896K)->56652K(56896K) Class: 7049K(7360K)->7049K(7360K)
[2023-12-18T23:44:32.763+0100][15195.268s] GC(826) Pause Young (Normal) (G1 Evacuation Pause) 406M->112M(512M) 3.208ms
[2023-12-18T23:44:32.763+0100][15195.268s] GC(826) User=0.00s Sys=0.00s Real=0.00s
[2023-12-18T23:44:33.207+0100][15195.712s] GC(827) Pause Young (Normal) (G1 Evacuation Pause)
[2023-12-18T23:44:33.207+0100][15195.712s] GC(827) Using 10 workers of 10 for evacuation
[2023-12-18T23:44:33.209+0100][15195.715s] GC(827)   Pre Evacuate Collection Set: 0.1ms
[2023-12-18T23:44:33.210+0100][15195.715s] GC(827)   Merge Heap Roots: 0.1ms
[2023-12-18T23:44:33.210+0100][15195.715s] GC(827)   Evacuate Collection Set: 1.9ms
[2023-12-18T23:44:33.210+0100][15195.715s] GC(827)   Post Evacuate Collection Set: 0.5ms
[2023-12-18T23:44:33.210+0100][15195.715s] GC(827)   Other: 0.1ms
[2023-12-18T23:44:33.210+0100][15195.715s] GC(827) Eden regions: 294->0(297)
[2023-12-18T23:44:33.210+0100][15195.715s] GC(827) Survivor regions: 13->10(39)
[2023-12-18T23:44:33.210+0100][15195.715s] GC(827) Old regions: 97->97
[2023-12-18T23:44:33.210+0100][15195.715s] GC(827) Archive regions: 0->0
[2023-12-18T23:44:33.210+0100][15195.715s] GC(827) Humongous regions: 4->4
[2023-12-18T23:44:33.210+0100][15195.715s] GC(827) Metaspace: 63702K(64256K)->63702K(64256K) NonClass: 56652K(56896K)->56652K(56896K) Class: 7049K(7360K)->7049K(7360K)
[2023-12-18T23:44:33.210+0100][15195.715s] GC(827) Pause Young (Normal) (G1 Evacuation Pause) 406M->110M(512M) 2.806ms
[2023-12-18T23:44:33.210+0100][15195.715s] GC(827) User=0.00s Sys=0.00s Real=0.00s
[2023-12-18T23:44:33.722+0100][15196.228s] GC(828) Pause Young (Normal) (G1 Evacuation Pause)
[2023-12-18T23:44:33.722+0100][15196.228s] GC(828) Using 10 workers of 10 for evacuation
[2023-12-18T23:44:33.725+0100][15196.231s] GC(828)   Pre Evacuate Collection Set: 0.1ms
[2023-12-18T23:44:33.725+0100][15196.231s] GC(828)   Merge Heap Roots: 0.1ms
[2023-12-18T23:44:33.725+0100][15196.231s] GC(828)   Evacuate Collection Set: 2.6ms
[2023-12-18T23:44:33.726+0100][15196.231s] GC(828)   Post Evacuate Collection Set: 0.4ms
[2023-12-18T23:44:33.726+0100][15196.231s] GC(828)   Other: 0.1ms
[2023-12-18T23:44:33.726+0100][15196.231s] GC(828) Eden regions: 297->0(294)
[2023-12-18T23:44:33.726+0100][15196.231s] GC(828) Survivor regions: 10->13(39)
[2023-12-18T23:44:33.726+0100][15196.231s] GC(828) Old regions: 97->98
[2023-12-18T23:44:33.726+0100][15196.231s] GC(828) Archive regions: 0->0
[2023-12-18T23:44:33.726+0100][15196.231s] GC(828) Humongous regions: 4->4
[2023-12-18T23:44:33.726+0100][15196.231s] GC(828) Metaspace: 63702K(64256K)->63702K(64256K) NonClass: 56652K(56896K)->56652K(56896K) Class: 7049K(7360K)->7049K(7360K)
[2023-12-18T23:44:33.726+0100][15196.231s] GC(828) Pause Young (Normal) (G1 Evacuation Pause) 407M->113M(512M) 3.524ms
[2023-12-18T23:44:33.726+0100][15196.231s] GC(828) User=0.00s Sys=0.00s Real=0.00s
[2023-12-18T23:44:34.119+0100][15196.625s] GC(829) Pause Young (Normal) (G1 Evacuation Pause)
[2023-12-18T23:44:34.119+0100][15196.625s] GC(829) Using 10 workers of 10 for evacuation
[2023-12-18T23:44:34.122+0100][15196.627s] GC(829)   Pre Evacuate Collection Set: 0.1ms
[2023-12-18T23:44:34.122+0100][15196.627s] GC(829)   Merge Heap Roots: 0.2ms
[2023-12-18T23:44:34.122+0100][15196.627s] GC(829)   Evacuate Collection Set: 1.4ms
[2023-12-18T23:44:34.122+0100][15196.627s] GC(829)   Post Evacuate Collection Set: 0.6ms
[2023-12-18T23:44:34.122+0100][15196.627s] GC(829)   Other: 0.1ms
[2023-12-18T23:44:34.122+0100][15196.627s] GC(829) Eden regions: 294->0(298)
[2023-12-18T23:44:34.122+0100][15196.627s] GC(829) Survivor regions: 13->9(39)
[2023-12-18T23:44:34.122+0100][15196.627s] GC(829) Old regions: 98->98
[2023-12-18T23:44:34.122+0100][15196.627s] GC(829) Archive regions: 0->0
[2023-12-18T23:44:34.122+0100][15196.627s] GC(829) Humongous regions: 4->4
[2023-12-18T23:44:34.122+0100][15196.627s] GC(829) Metaspace: 63702K(64256K)->63702K(64256K) NonClass: 56652K(56896K)->56652K(56896K) Class: 7049K(7360K)->7049K(7360K)
[2023-12-18T23:44:34.122+0100][15196.627s] GC(829) Pause Young (Normal) (G1 Evacuation Pause) 407M->109M(512M) 2.468ms
[2023-12-18T23:44:34.122+0100][15196.627s] GC(829) User=0.00s Sys=0.00s Real=0.00s
[2023-12-18T23:44:34.641+0100][15197.147s] GC(830) Pause Young (Normal) (G1 Evacuation Pause)
[2023-12-18T23:44:34.642+0100][15197.147s] GC(830) Using 10 workers of 10 for evacuation
[2023-12-18T23:44:34.645+0100][15197.150s] GC(830)   Pre Evacuate Collection Set: 0.0ms
[2023-12-18T23:44:34.645+0100][15197.150s] GC(830)   Merge Heap Roots: 0.0ms
[2023-12-18T23:44:34.645+0100][15197.150s] GC(830)   Evacuate Collection Set: 2.9ms
[2023-12-18T23:44:34.645+0100][15197.150s] GC(830)   Post Evacuate Collection Set: 0.4ms
[2023-12-18T23:44:34.645+0100][15197.150s] GC(830)   Other: 0.1ms
[2023-12-18T23:44:34.645+0100][15197.150s] GC(830) Eden regions: 298->0(294)
[2023-12-18T23:44:34.645+0100][15197.150s] GC(830) Survivor regions: 9->13(39)
[2023-12-18T23:44:34.645+0100][15197.150s] GC(830) Old regions: 98->98
[2023-12-18T23:44:34.645+0100][15197.150s] GC(830) Archive regions: 0->0
[2023-12-18T23:44:34.645+0100][15197.150s] GC(830) Humongous regions: 4->4
[2023-12-18T23:44:34.645+0100][15197.151s] GC(830) Metaspace: 63702K(64256K)->63702K(64256K) NonClass: 56652K(56896K)->56652K(56896K) Class: 7049K(7360K)->7049K(7360K)
[2023-12-18T23:44:34.645+0100][15197.151s] GC(830) Pause Young (Normal) (G1 Evacuation Pause) 407M->114M(512M) 3.685ms
[2023-12-18T23:44:34.645+0100][15197.151s] GC(830) User=0.00s Sys=0.00s Real=0.00s
[2023-12-18T23:44:35.055+0100][15197.561s] GC(831) Pause Young (Normal) (G1 Evacuation Pause)
[2023-12-18T23:44:35.055+0100][15197.561s] GC(831) Using 10 workers of 10 for evacuation
[2023-12-18T23:44:35.058+0100][15197.564s] GC(831)   Pre Evacuate Collection Set: 0.1ms
[2023-12-18T23:44:35.058+0100][15197.564s] GC(831)   Merge Heap Roots: 0.1ms
[2023-12-18T23:44:35.058+0100][15197.564s] GC(831)   Evacuate Collection Set: 1.7ms
[2023-12-18T23:44:35.058+0100][15197.564s] GC(831)   Post Evacuate Collection Set: 0.4ms
[2023-12-18T23:44:35.058+0100][15197.564s] GC(831)   Other: 0.1ms
[2023-12-18T23:44:35.058+0100][15197.564s] GC(831) Eden regions: 294->0(297)
[2023-12-18T23:44:35.058+0100][15197.564s] GC(831) Survivor regions: 13->10(39)
[2023-12-18T23:44:35.058+0100][15197.564s] GC(831) Old regions: 98->99
[2023-12-18T23:44:35.058+0100][15197.564s] GC(831) Archive regions: 0->0
[2023-12-18T23:44:35.058+0100][15197.564s] GC(831) Humongous regions: 4->4
[2023-12-18T23:44:35.058+0100][15197.564s] GC(831) Metaspace: 63703K(64256K)->63703K(64256K) NonClass: 56653K(56896K)->56653K(56896K) Class: 7049K(7360K)->7049K(7360K)
[2023-12-18T23:44:35.058+0100][15197.564s] GC(831) Pause Young (Normal) (G1 Evacuation Pause) 408M->112M(512M) 2.663ms
[2023-12-18T23:44:35.058+0100][15197.564s] GC(831) User=0.00s Sys=0.00s Real=0.00s
[2023-12-18T23:44:35.529+0100][15198.035s] GC(832) Pause Young (Normal) (G1 Evacuation Pause)
[2023-12-18T23:44:35.529+0100][15198.035s] GC(832) Using 10 workers of 10 for evacuation
[2023-12-18T23:44:35.532+0100][15198.038s] GC(832)   Pre Evacuate Collection Set: 0.1ms
[2023-12-18T23:44:35.533+0100][15198.038s] GC(832)   Merge Heap Roots: 0.1ms
[2023-12-18T23:44:35.533+0100][15198.038s] GC(832)   Evacuate Collection Set: 2.4ms
[2023-12-18T23:44:35.533+0100][15198.038s] GC(832)   Post Evacuate Collection Set: 0.5ms
[2023-12-18T23:44:35.533+0100][15198.038s] GC(832)   Other: 0.1ms
[2023-12-18T23:44:35.533+0100][15198.038s] GC(832) Eden regions: 297->0(295)
[2023-12-18T23:44:35.533+0100][15198.038s] GC(832) Survivor regions: 10->12(39)
[2023-12-18T23:44:35.533+0100][15198.038s] GC(832) Old regions: 99->99
[2023-12-18T23:44:35.533+0100][15198.038s] GC(832) Archive regions: 0->0
[2023-12-18T23:44:35.533+0100][15198.038s] GC(832) Humongous regions: 4->4
[2023-12-18T23:44:35.533+0100][15198.038s] GC(832) Metaspace: 63703K(64256K)->63703K(64256K) NonClass: 56653K(56896K)->56653K(56896K) Class: 7049K(7360K)->7049K(7360K)
[2023-12-18T23:44:35.533+0100][15198.038s] GC(832) Pause Young (Normal) (G1 Evacuation Pause) 409M->114M(512M) 3.412ms
[2023-12-18T23:44:35.533+0100][15198.038s] GC(832) User=0.16s Sys=0.00s Real=0.00s
[2023-12-18T23:44:35.958+0100][15198.464s] GC(833) Pause Young (Normal) (G1 Evacuation Pause)
[2023-12-18T23:44:35.959+0100][15198.464s] GC(833) Using 10 workers of 10 for evacuation
[2023-12-18T23:44:35.963+0100][15198.468s] GC(833)   Pre Evacuate Collection Set: 0.1ms
[2023-12-18T23:44:35.963+0100][15198.468s] GC(833)   Merge Heap Roots: 0.0ms
[2023-12-18T23:44:35.963+0100][15198.468s] GC(833)   Evacuate Collection Set: 3.5ms
[2023-12-18T23:44:35.963+0100][15198.468s] GC(833)   Post Evacuate Collection Set: 0.5ms
[2023-12-18T23:44:35.963+0100][15198.468s] GC(833)   Other: 0.1ms
[2023-12-18T23:44:35.963+0100][15198.468s] GC(833) Eden regions: 295->0(292)
[2023-12-18T23:44:35.963+0100][15198.468s] GC(833) Survivor regions: 12->15(39)
[2023-12-18T23:44:35.963+0100][15198.468s] GC(833) Old regions: 99->100
[2023-12-18T23:44:35.963+0100][15198.468s] GC(833) Archive regions: 0->0
[2023-12-18T23:44:35.963+0100][15198.468s] GC(833) Humongous regions: 4->4
[2023-12-18T23:44:35.963+0100][15198.468s] GC(833) Metaspace: 63703K(64256K)->63703K(64256K) NonClass: 56653K(56896K)->56653K(56896K) Class: 7049K(7360K)->7049K(7360K)
[2023-12-18T23:44:35.963+0100][15198.468s] GC(833) Pause Young (Normal) (G1 Evacuation Pause) 409M->117M(512M) 4.437ms
[2023-12-18T23:44:35.963+0100][15198.468s] GC(833) User=0.00s Sys=0.00s Real=0.01s
[2023-12-18T23:44:36.404+0100][15198.909s] GC(834) Pause Young (Normal) (G1 Evacuation Pause)
[2023-12-18T23:44:36.404+0100][15198.909s] GC(834) Using 10 workers of 10 for evacuation
[2023-12-18T23:44:36.407+0100][15198.912s] GC(834)   Pre Evacuate Collection Set: 0.1ms
[2023-12-18T23:44:36.407+0100][15198.912s] GC(834)   Merge Heap Roots: 0.1ms
[2023-12-18T23:44:36.407+0100][15198.912s] GC(834)   Evacuate Collection Set: 2.1ms
[2023-12-18T23:44:36.407+0100][15198.912s] GC(834)   Post Evacuate Collection Set: 0.4ms
[2023-12-18T23:44:36.407+0100][15198.912s] GC(834)   Other: 0.1ms
[2023-12-18T23:44:36.407+0100][15198.912s] GC(834) Eden regions: 292->0(296)
[2023-12-18T23:44:36.407+0100][15198.912s] GC(834) Survivor regions: 15->11(39)
[2023-12-18T23:44:36.407+0100][15198.912s] GC(834) Old regions: 100->100
[2023-12-18T23:44:36.407+0100][15198.912s] GC(834) Archive regions: 0->0
[2023-12-18T23:44:36.407+0100][15198.912s] GC(834) Humongous regions: 4->4
[2023-12-18T23:44:36.407+0100][15198.912s] GC(834) Metaspace: 63703K(64256K)->63703K(64256K) NonClass: 56654K(56896K)->56654K(56896K) Class: 7049K(7360K)->7049K(7360K)
[2023-12-18T23:44:36.407+0100][15198.912s] GC(834) Pause Young (Normal) (G1 Evacuation Pause) 409M->114M(512M) 2.954ms
[2023-12-18T23:44:36.407+0100][15198.912s] GC(834) User=0.00s Sys=0.00s Real=0.00s
[2023-12-18T23:44:36.872+0100][15199.377s] GC(835) Pause Young (Normal) (G1 Evacuation Pause)
[2023-12-18T23:44:36.872+0100][15199.377s] GC(835) Using 10 workers of 10 for evacuation
[2023-12-18T23:44:36.875+0100][15199.381s] GC(835)   Pre Evacuate Collection Set: 0.1ms
[2023-12-18T23:44:36.875+0100][15199.381s] GC(835)   Merge Heap Roots: 0.1ms
[2023-12-18T23:44:36.875+0100][15199.381s] GC(835)   Evacuate Collection Set: 2.5ms
[2023-12-18T23:44:36.875+0100][15199.381s] GC(835)   Post Evacuate Collection Set: 0.6ms
[2023-12-18T23:44:36.875+0100][15199.381s] GC(835)   Other: 0.1ms
[2023-12-18T23:44:36.875+0100][15199.381s] GC(835) Eden regions: 296->0(295)
[2023-12-18T23:44:36.875+0100][15199.381s] GC(835) Survivor regions: 11->12(39)
[2023-12-18T23:44:36.875+0100][15199.381s] GC(835) Old regions: 100->100
[2023-12-18T23:44:36.875+0100][15199.381s] GC(835) Archive regions: 0->0
[2023-12-18T23:44:36.875+0100][15199.381s] GC(835) Humongous regions: 4->4
[2023-12-18T23:44:36.875+0100][15199.381s] GC(835) Metaspace: 63703K(64256K)->63703K(64256K) NonClass: 56654K(56896K)->56654K(56896K) Class: 7049K(7360K)->7049K(7360K)
[2023-12-18T23:44:36.875+0100][15199.381s] GC(835) Pause Young (Normal) (G1 Evacuation Pause) 410M->115M(512M) 3.522ms
[2023-12-18T23:44:36.875+0100][15199.381s] GC(835) User=0.16s Sys=0.00s Real=0.00s
[2023-12-18T23:44:37.237+0100][15199.743s] GC(836) Pause Young (Normal) (G1 Evacuation Pause)
[2023-12-18T23:44:37.237+0100][15199.743s] GC(836) Using 10 workers of 10 for evacuation
[2023-12-18T23:44:37.240+0100][15199.745s] GC(836)   Pre Evacuate Collection Set: 0.1ms
[2023-12-18T23:44:37.240+0100][15199.745s] GC(836)   Merge Heap Roots: 0.1ms
[2023-12-18T23:44:37.240+0100][15199.745s] GC(836)   Evacuate Collection Set: 2.0ms
[2023-12-18T23:44:37.240+0100][15199.746s] GC(836)   Post Evacuate Collection Set: 0.4ms
[2023-12-18T23:44:37.240+0100][15199.746s] GC(836)   Other: 0.1ms
[2023-12-18T23:44:37.240+0100][15199.746s] GC(836) Eden regions: 295->0(296)
[2023-12-18T23:44:37.240+0100][15199.746s] GC(836) Survivor regions: 12->11(39)
[2023-12-18T23:44:37.240+0100][15199.746s] GC(836) Old regions: 100->101
[2023-12-18T23:44:37.240+0100][15199.746s] GC(836) Archive regions: 0->0
[2023-12-18T23:44:37.240+0100][15199.746s] GC(836) Humongous regions: 4->4
[2023-12-18T23:44:37.240+0100][15199.746s] GC(836) Metaspace: 63703K(64256K)->63703K(64256K) NonClass: 56654K(56896K)->56654K(56896K) Class: 7049K(7360K)->7049K(7360K)
[2023-12-18T23:44:37.240+0100][15199.746s] GC(836) Pause Young (Normal) (G1 Evacuation Pause) 410M->114M(512M) 2.940ms
[2023-12-18T23:44:37.240+0100][15199.746s] GC(836) User=0.00s Sys=0.00s Real=0.00s
[2023-12-18T23:44:37.714+0100][15200.219s] GC(837) Pause Young (Normal) (G1 Evacuation Pause)
[2023-12-18T23:44:37.714+0100][15200.219s] GC(837) Using 10 workers of 10 for evacuation
[2023-12-18T23:44:37.717+0100][15200.223s] GC(837)   Pre Evacuate Collection Set: 0.1ms
[2023-12-18T23:44:37.717+0100][15200.223s] GC(837)   Merge Heap Roots: 0.2ms
[2023-12-18T23:44:37.717+0100][15200.223s] GC(837)   Evacuate Collection Set: 2.6ms
[2023-12-18T23:44:37.717+0100][15200.223s] GC(837)   Post Evacuate Collection Set: 0.5ms
[2023-12-18T23:44:37.717+0100][15200.223s] GC(837)   Other: 0.1ms
[2023-12-18T23:44:37.717+0100][15200.223s] GC(837) Eden regions: 296->0(295)
[2023-12-18T23:44:37.717+0100][15200.223s] GC(837) Survivor regions: 11->12(39)
[2023-12-18T23:44:37.717+0100][15200.223s] GC(837) Old regions: 101->101
[2023-12-18T23:44:37.717+0100][15200.223s] GC(837) Archive regions: 0->0
[2023-12-18T23:44:37.717+0100][15200.223s] GC(837) Humongous regions: 4->4
[2023-12-18T23:44:37.717+0100][15200.223s] GC(837) Metaspace: 63712K(64256K)->63712K(64256K) NonClass: 56663K(56896K)->56663K(56896K) Class: 7049K(7360K)->7049K(7360K)
[2023-12-18T23:44:37.717+0100][15200.223s] GC(837) Pause Young (Normal) (G1 Evacuation Pause) 410M->116M(512M) 3.575ms
[2023-12-18T23:44:37.717+0100][15200.223s] GC(837) User=0.00s Sys=0.00s Real=0.00s
[2023-12-18T23:44:38.087+0100][15200.592s] GC(838) Pause Young (Normal) (G1 Evacuation Pause)
[2023-12-18T23:44:38.087+0100][15200.592s] GC(838) Using 10 workers of 10 for evacuation
[2023-12-18T23:44:38.089+0100][15200.595s] GC(838)   Pre Evacuate Collection Set: 0.1ms
[2023-12-18T23:44:38.089+0100][15200.595s] GC(838)   Merge Heap Roots: 0.1ms
[2023-12-18T23:44:38.089+0100][15200.595s] GC(838)   Evacuate Collection Set: 1.6ms
[2023-12-18T23:44:38.089+0100][15200.595s] GC(838)   Post Evacuate Collection Set: 0.6ms
[2023-12-18T23:44:38.089+0100][15200.595s] GC(838)   Other: 0.1ms
[2023-12-18T23:44:38.089+0100][15200.595s] GC(838) Eden regions: 295->0(298)
[2023-12-18T23:44:38.089+0100][15200.595s] GC(838) Survivor regions: 12->9(39)
[2023-12-18T23:44:38.089+0100][15200.595s] GC(838) Old regions: 101->101
[2023-12-18T23:44:38.089+0100][15200.595s] GC(838) Archive regions: 0->0
[2023-12-18T23:44:38.089+0100][15200.595s] GC(838) Humongous regions: 4->4
[2023-12-18T23:44:38.089+0100][15200.595s] GC(838) Metaspace: 63712K(64256K)->63712K(64256K) NonClass: 56663K(56896K)->56663K(56896K) Class: 7049K(7360K)->7049K(7360K)
[2023-12-18T23:44:38.089+0100][15200.595s] GC(838) Pause Young (Normal) (G1 Evacuation Pause) 411M->113M(512M) 2.620ms
[2023-12-18T23:44:38.089+0100][15200.595s] GC(838) User=0.00s Sys=0.00s Real=0.00s
[2023-12-18T23:44:38.567+0100][15201.072s] GC(839) Pause Young (Normal) (G1 Evacuation Pause)
[2023-12-18T23:44:38.567+0100][15201.072s] GC(839) Using 10 workers of 10 for evacuation
[2023-12-18T23:44:38.571+0100][15201.077s] GC(839)   Pre Evacuate Collection Set: 0.1ms
[2023-12-18T23:44:38.571+0100][15201.077s] GC(839)   Merge Heap Roots: 0.1ms
[2023-12-18T23:44:38.571+0100][15201.077s] GC(839)   Evacuate Collection Set: 3.4ms
[2023-12-18T23:44:38.571+0100][15201.077s] GC(839)   Post Evacuate Collection Set: 0.7ms
[2023-12-18T23:44:38.571+0100][15201.077s] GC(839)   Other: 0.1ms
[2023-12-18T23:44:38.571+0100][15201.077s] GC(839) Eden regions: 298->0(294)
[2023-12-18T23:44:38.571+0100][15201.077s] GC(839) Survivor regions: 9->13(39)
[2023-12-18T23:44:38.571+0100][15201.077s] GC(839) Old regions: 101->102
[2023-12-18T23:44:38.571+0100][15201.077s] GC(839) Archive regions: 0->0
[2023-12-18T23:44:38.571+0100][15201.077s] GC(839) Humongous regions: 4->4
[2023-12-18T23:44:38.571+0100][15201.077s] GC(839) Metaspace: 63712K(64256K)->63712K(64256K) NonClass: 56663K(56896K)->56663K(56896K) Class: 7049K(7360K)->7049K(7360K)
[2023-12-18T23:44:38.571+0100][15201.077s] GC(839) Pause Young (Normal) (G1 Evacuation Pause) 411M->118M(512M) 4.644ms
[2023-12-18T23:44:38.571+0100][15201.077s] GC(839) User=0.00s Sys=0.00s Real=0.00s
[2023-12-18T23:44:38.953+0100][15201.458s] GC(840) Pause Young (Normal) (G1 Evacuation Pause)
[2023-12-18T23:44:38.953+0100][15201.458s] GC(840) Using 10 workers of 10 for evacuation
[2023-12-18T23:44:38.955+0100][15201.461s] GC(840)   Pre Evacuate Collection Set: 0.1ms
[2023-12-18T23:44:38.955+0100][15201.461s] GC(840)   Merge Heap Roots: 0.1ms
[2023-12-18T23:44:38.955+0100][15201.461s] GC(840)   Evacuate Collection Set: 2.0ms
[2023-12-18T23:44:38.955+0100][15201.461s] GC(840)   Post Evacuate Collection Set: 0.5ms
[2023-12-18T23:44:38.955+0100][15201.461s] GC(840)   Other: 0.1ms
[2023-12-18T23:44:38.955+0100][15201.461s] GC(840) Eden regions: 294->0(297)
[2023-12-18T23:44:38.956+0100][15201.461s] GC(840) Survivor regions: 13->10(39)
[2023-12-18T23:44:38.956+0100][15201.461s] GC(840) Old regions: 102->102
[2023-12-18T23:44:38.956+0100][15201.461s] GC(840) Archive regions: 0->0
[2023-12-18T23:44:38.956+0100][15201.461s] GC(840) Humongous regions: 4->4
[2023-12-18T23:44:38.956+0100][15201.461s] GC(840) Metaspace: 63712K(64256K)->63712K(64256K) NonClass: 56663K(56896K)->56663K(56896K) Class: 7049K(7360K)->7049K(7360K)
[2023-12-18T23:44:38.956+0100][15201.461s] GC(840) Pause Young (Normal) (G1 Evacuation Pause) 412M->114M(512M) 2.989ms
[2023-12-18T23:44:38.956+0100][15201.461s] GC(840) User=0.00s Sys=0.00s Real=0.00s
[2023-12-18T23:44:39.447+0100][15201.952s] GC(841) Pause Young (Normal) (G1 Evacuation Pause)
[2023-12-18T23:44:39.447+0100][15201.952s] GC(841) Using 10 workers of 10 for evacuation
[2023-12-18T23:44:39.451+0100][15201.956s] GC(841)   Pre Evacuate Collection Set: 0.1ms
[2023-12-18T23:44:39.451+0100][15201.956s] GC(841)   Merge Heap Roots: 0.1ms
[2023-12-18T23:44:39.451+0100][15201.956s] GC(841)   Evacuate Collection Set: 3.1ms
[2023-12-18T23:44:39.451+0100][15201.956s] GC(841)   Post Evacuate Collection Set: 0.6ms
[2023-12-18T23:44:39.451+0100][15201.956s] GC(841)   Other: 0.1ms
[2023-12-18T23:44:39.451+0100][15201.956s] GC(841) Eden regions: 297->0(294)
[2023-12-18T23:44:39.451+0100][15201.956s] GC(841) Survivor regions: 10->13(39)
[2023-12-18T23:44:39.451+0100][15201.956s] GC(841) Old regions: 102->102
[2023-12-18T23:44:39.451+0100][15201.956s] GC(841) Archive regions: 0->0
[2023-12-18T23:44:39.451+0100][15201.956s] GC(841) Humongous regions: 4->4
[2023-12-18T23:44:39.451+0100][15201.956s] GC(841) Metaspace: 63712K(64256K)->63712K(64256K) NonClass: 56663K(56896K)->56663K(56896K) Class: 7049K(7360K)->7049K(7360K)
[2023-12-18T23:44:39.451+0100][15201.957s] GC(841) Pause Young (Normal) (G1 Evacuation Pause) 411M->118M(512M) 4.183ms
[2023-12-18T23:44:39.451+0100][15201.957s] GC(841) User=0.00s Sys=0.00s Real=0.00s
[2023-12-18T23:44:39.836+0100][15202.341s] GC(842) Pause Young (Normal) (G1 Evacuation Pause)
[2023-12-18T23:44:39.836+0100][15202.341s] GC(842) Using 10 workers of 10 for evacuation
[2023-12-18T23:44:39.838+0100][15202.343s] GC(842)   Pre Evacuate Collection Set: 0.1ms
[2023-12-18T23:44:39.838+0100][15202.344s] GC(842)   Merge Heap Roots: 0.1ms
[2023-12-18T23:44:39.838+0100][15202.344s] GC(842)   Evacuate Collection Set: 1.7ms
[2023-12-18T23:44:39.838+0100][15202.344s] GC(842)   Post Evacuate Collection Set: 0.5ms
[2023-12-18T23:44:39.838+0100][15202.344s] GC(842)   Other: 0.1ms
[2023-12-18T23:44:39.838+0100][15202.344s] GC(842) Eden regions: 294->0(299)
[2023-12-18T23:44:39.838+0100][15202.344s] GC(842) Survivor regions: 13->8(39)
[2023-12-18T23:44:39.838+0100][15202.344s] GC(842) Old regions: 102->103
[2023-12-18T23:44:39.838+0100][15202.344s] GC(842) Archive regions: 0->0
[2023-12-18T23:44:39.838+0100][15202.344s] GC(842) Humongous regions: 4->4
[2023-12-18T23:44:39.838+0100][15202.344s] GC(842) Metaspace: 63716K(64256K)->63716K(64256K) NonClass: 56666K(56896K)->56666K(56896K) Class: 7049K(7360K)->7049K(7360K)
[2023-12-18T23:44:39.838+0100][15202.344s] GC(842) Pause Young (Normal) (G1 Evacuation Pause) 412M->114M(512M) 2.645ms
[2023-12-18T23:44:39.838+0100][15202.344s] GC(842) User=0.00s Sys=0.00s Real=0.00s
[2023-12-18T23:44:40.278+0100][15202.784s] GC(843) Pause Young (Normal) (G1 Evacuation Pause)
[2023-12-18T23:44:40.278+0100][15202.784s] GC(843) Using 10 workers of 10 for evacuation
[2023-12-18T23:44:40.281+0100][15202.787s] GC(843)   Pre Evacuate Collection Set: 0.0ms
[2023-12-18T23:44:40.281+0100][15202.787s] GC(843)   Merge Heap Roots: 0.0ms
[2023-12-18T23:44:40.281+0100][15202.787s] GC(843)   Evacuate Collection Set: 2.2ms
[2023-12-18T23:44:40.281+0100][15202.787s] GC(843)   Post Evacuate Collection Set: 0.4ms
[2023-12-18T23:44:40.281+0100][15202.787s] GC(843)   Other: 0.1ms
[2023-12-18T23:44:40.281+0100][15202.787s] GC(843) Eden regions: 299->0(297)
[2023-12-18T23:44:40.281+0100][15202.787s] GC(843) Survivor regions: 8->10(39)
[2023-12-18T23:44:40.281+0100][15202.787s] GC(843) Old regions: 103->103
[2023-12-18T23:44:40.281+0100][15202.787s] GC(843) Archive regions: 0->0
[2023-12-18T23:44:40.281+0100][15202.787s] GC(843) Humongous regions: 4->4
[2023-12-18T23:44:40.281+0100][15202.787s] GC(843) Metaspace: 63716K(64256K)->63716K(64256K) NonClass: 56666K(56896K)->56666K(56896K) Class: 7049K(7360K)->7049K(7360K)
[2023-12-18T23:44:40.281+0100][15202.787s] GC(843) Pause Young (Normal) (G1 Evacuation Pause) 413M->116M(512M) 2.956ms
[2023-12-18T23:44:40.281+0100][15202.787s] GC(843) User=0.00s Sys=0.00s Real=0.00s
[2023-12-18T23:44:40.663+0100][15203.168s] GC(844) Pause Young (Normal) (G1 Evacuation Pause)
[2023-12-18T23:44:40.663+0100][15203.168s] GC(844) Using 10 workers of 10 for evacuation
[2023-12-18T23:44:40.667+0100][15203.173s] GC(844)   Pre Evacuate Collection Set: 0.1ms
[2023-12-18T23:44:40.667+0100][15203.173s] GC(844)   Merge Heap Roots: 0.1ms
[2023-12-18T23:44:40.667+0100][15203.173s] GC(844)   Evacuate Collection Set: 3.3ms
[2023-12-18T23:44:40.667+0100][15203.173s] GC(844)   Post Evacuate Collection Set: 0.7ms
[2023-12-18T23:44:40.667+0100][15203.173s] GC(844)   Other: 0.1ms
[2023-12-18T23:44:40.667+0100][15203.173s] GC(844) Eden regions: 297->0(292)
[2023-12-18T23:44:40.667+0100][15203.173s] GC(844) Survivor regions: 10->15(39)
[2023-12-18T23:44:40.667+0100][15203.173s] GC(844) Old regions: 103->103
[2023-12-18T23:44:40.667+0100][15203.173s] GC(844) Archive regions: 0->0
[2023-12-18T23:44:40.667+0100][15203.173s] GC(844) Humongous regions: 4->4
[2023-12-18T23:44:40.667+0100][15203.173s] GC(844) Metaspace: 63716K(64256K)->63716K(64256K) NonClass: 56666K(56896K)->56666K(56896K) Class: 7049K(7360K)->7049K(7360K)
[2023-12-18T23:44:40.667+0100][15203.173s] GC(844) Pause Young (Normal) (G1 Evacuation Pause) 413M->121M(512M) 4.470ms
[2023-12-18T23:44:40.667+0100][15203.173s] GC(844) User=0.00s Sys=0.00s Real=0.00s
[2023-12-18T23:44:41.087+0100][15203.592s] GC(845) Pause Young (Normal) (G1 Evacuation Pause)
[2023-12-18T23:44:41.087+0100][15203.592s] GC(845) Using 10 workers of 10 for evacuation
[2023-12-18T23:44:41.089+0100][15203.595s] GC(845)   Pre Evacuate Collection Set: 0.1ms
[2023-12-18T23:44:41.089+0100][15203.595s] GC(845)   Merge Heap Roots: 0.1ms
[2023-12-18T23:44:41.089+0100][15203.595s] GC(845)   Evacuate Collection Set: 1.6ms
[2023-12-18T23:44:41.089+0100][15203.595s] GC(845)   Post Evacuate Collection Set: 0.5ms
[2023-12-18T23:44:41.089+0100][15203.595s] GC(845)   Other: 0.1ms
[2023-12-18T23:44:41.089+0100][15203.595s] GC(845) Eden regions: 292->0(298)
[2023-12-18T23:44:41.089+0100][15203.595s] GC(845) Survivor regions: 15->9(39)
[2023-12-18T23:44:41.089+0100][15203.595s] GC(845) Old regions: 103->104
[2023-12-18T23:44:41.089+0100][15203.595s] GC(845) Archive regions: 0->0
[2023-12-18T23:44:41.089+0100][15203.595s] GC(845) Humongous regions: 4->4
[2023-12-18T23:44:41.089+0100][15203.595s] GC(845) Metaspace: 63716K(64256K)->63716K(64256K) NonClass: 56666K(56896K)->56666K(56896K) Class: 7049K(7360K)->7049K(7360K)
[2023-12-18T23:44:41.089+0100][15203.595s] GC(845) Pause Young (Normal) (G1 Evacuation Pause) 413M->115M(512M) 2.558ms
[2023-12-18T23:44:41.089+0100][15203.595s] GC(845) User=0.00s Sys=0.00s Real=0.00s
[2023-12-18T23:44:41.524+0100][15204.030s] GC(846) Pause Young (Normal) (G1 Evacuation Pause)
[2023-12-18T23:44:41.524+0100][15204.030s] GC(846) Using 10 workers of 10 for evacuation
[2023-12-18T23:44:41.529+0100][15204.034s] GC(846)   Pre Evacuate Collection Set: 0.1ms
[2023-12-18T23:44:41.529+0100][15204.034s] GC(846)   Merge Heap Roots: 0.1ms
[2023-12-18T23:44:41.529+0100][15204.034s] GC(846)   Evacuate Collection Set: 3.6ms
[2023-12-18T23:44:41.529+0100][15204.034s] GC(846)   Post Evacuate Collection Set: 0.7ms
[2023-12-18T23:44:41.529+0100][15204.034s] GC(846)   Other: 0.1ms
[2023-12-18T23:44:41.529+0100][15204.034s] GC(846) Eden regions: 298->0(292)
[2023-12-18T23:44:41.529+0100][15204.034s] GC(846) Survivor regions: 9->15(39)
[2023-12-18T23:44:41.529+0100][15204.034s] GC(846) Old regions: 104->104
[2023-12-18T23:44:41.529+0100][15204.034s] GC(846) Archive regions: 0->0
[2023-12-18T23:44:41.529+0100][15204.034s] GC(846) Humongous regions: 4->4
[2023-12-18T23:44:41.529+0100][15204.035s] GC(846) Metaspace: 63716K(64256K)->63716K(64256K) NonClass: 56666K(56896K)->56666K(56896K) Class: 7049K(7360K)->7049K(7360K)
[2023-12-18T23:44:41.529+0100][15204.035s] GC(846) Pause Young (Normal) (G1 Evacuation Pause) 413M->121M(512M) 4.673ms
[2023-12-18T23:44:41.529+0100][15204.035s] GC(846) User=0.00s Sys=0.00s Real=0.01s
[2023-12-18T23:44:41.949+0100][15204.455s] GC(847) Pause Young (Normal) (G1 Evacuation Pause)
[2023-12-18T23:44:41.949+0100][15204.455s] GC(847) Using 10 workers of 10 for evacuation
[2023-12-18T23:44:41.953+0100][15204.459s] GC(847)   Pre Evacuate Collection Set: 0.1ms
[2023-12-18T23:44:41.953+0100][15204.459s] GC(847)   Merge Heap Roots: 0.1ms
[2023-12-18T23:44:41.953+0100][15204.459s] GC(847)   Evacuate Collection Set: 2.9ms
[2023-12-18T23:44:41.953+0100][15204.459s] GC(847)   Post Evacuate Collection Set: 0.4ms
[2023-12-18T23:44:41.953+0100][15204.459s] GC(847)   Other: 0.1ms
[2023-12-18T23:44:41.953+0100][15204.459s] GC(847) Eden regions: 292->0(294)
[2023-12-18T23:44:41.953+0100][15204.459s] GC(847) Survivor regions: 15->13(39)
[2023-12-18T23:44:41.953+0100][15204.459s] GC(847) Old regions: 104->104
[2023-12-18T23:44:41.953+0100][15204.459s] GC(847) Archive regions: 0->0
[2023-12-18T23:44:41.953+0100][15204.459s] GC(847) Humongous regions: 4->4
[2023-12-18T23:44:41.953+0100][15204.459s] GC(847) Metaspace: 63716K(64256K)->63716K(64256K) NonClass: 56666K(56896K)->56666K(56896K) Class: 7049K(7360K)->7049K(7360K)
[2023-12-18T23:44:41.953+0100][15204.459s] GC(847) Pause Young (Normal) (G1 Evacuation Pause) 413M->119M(512M) 3.853ms
[2023-12-18T23:44:41.953+0100][15204.459s] GC(847) User=0.16s Sys=0.00s Real=0.00s
[2023-12-18T23:44:42.321+0100][15204.827s] GC(848) Pause Young (Normal) (G1 Evacuation Pause)
[2023-12-18T23:44:42.321+0100][15204.827s] GC(848) Using 10 workers of 10 for evacuation
[2023-12-18T23:44:42.323+0100][15204.829s] GC(848)   Pre Evacuate Collection Set: 0.0ms
[2023-12-18T23:44:42.323+0100][15204.829s] GC(848)   Merge Heap Roots: 0.0ms
[2023-12-18T23:44:42.323+0100][15204.829s] GC(848)   Evacuate Collection Set: 1.5ms
[2023-12-18T23:44:42.323+0100][15204.829s] GC(848)   Post Evacuate Collection Set: 0.3ms
[2023-12-18T23:44:42.323+0100][15204.829s] GC(848)   Other: 0.1ms
[2023-12-18T23:44:42.323+0100][15204.829s] GC(848) Eden regions: 294->0(298)
[2023-12-18T23:44:42.323+0100][15204.829s] GC(848) Survivor regions: 13->9(39)
[2023-12-18T23:44:42.323+0100][15204.829s] GC(848) Old regions: 104->104
[2023-12-18T23:44:42.323+0100][15204.829s] GC(848) Archive regions: 0->0
[2023-12-18T23:44:42.323+0100][15204.829s] GC(848) Humongous regions: 4->4
[2023-12-18T23:44:42.323+0100][15204.829s] GC(848) Metaspace: 63716K(64256K)->63716K(64256K) NonClass: 56666K(56896K)->56666K(56896K) Class: 7049K(7360K)->7049K(7360K)
[2023-12-18T23:44:42.323+0100][15204.829s] GC(848) Pause Young (Normal) (G1 Evacuation Pause) 413M->116M(512M) 2.226ms
[2023-12-18T23:44:42.323+0100][15204.829s] GC(848) User=0.00s Sys=0.00s Real=0.00s
[2023-12-18T23:44:42.786+0100][15205.292s] GC(849) Pause Young (Normal) (G1 Evacuation Pause)
[2023-12-18T23:44:42.786+0100][15205.292s] GC(849) Using 10 workers of 10 for evacuation
[2023-12-18T23:44:42.791+0100][15205.297s] GC(849)   Pre Evacuate Collection Set: 0.1ms
[2023-12-18T23:44:42.791+0100][15205.297s] GC(849)   Merge Heap Roots: 0.1ms
[2023-12-18T23:44:42.791+0100][15205.297s] GC(849)   Evacuate Collection Set: 3.9ms
[2023-12-18T23:44:42.791+0100][15205.297s] GC(849)   Post Evacuate Collection Set: 0.7ms
[2023-12-18T23:44:42.791+0100][15205.297s] GC(849)   Other: 0.1ms
[2023-12-18T23:44:42.791+0100][15205.297s] GC(849) Eden regions: 298->0(292)
[2023-12-18T23:44:42.791+0100][15205.297s] GC(849) Survivor regions: 9->15(39)
[2023-12-18T23:44:42.791+0100][15205.297s] GC(849) Old regions: 104->104
[2023-12-18T23:44:42.791+0100][15205.297s] GC(849) Archive regions: 0->0
[2023-12-18T23:44:42.791+0100][15205.297s] GC(849) Humongous regions: 4->4
[2023-12-18T23:44:42.791+0100][15205.297s] GC(849) Metaspace: 63716K(64256K)->63716K(64256K) NonClass: 56666K(56896K)->56666K(56896K) Class: 7049K(7360K)->7049K(7360K)
[2023-12-18T23:44:42.791+0100][15205.297s] GC(849) Pause Young (Normal) (G1 Evacuation Pause) 414M->122M(512M) 5.058ms
[2023-12-18T23:44:42.791+0100][15205.297s] GC(849) User=0.00s Sys=0.00s Real=0.00s
[2023-12-18T23:44:43.233+0100][15205.738s] GC(850) Pause Young (Normal) (G1 Evacuation Pause)
[2023-12-18T23:44:43.233+0100][15205.738s] GC(850) Using 10 workers of 10 for evacuation
[2023-12-18T23:44:43.236+0100][15205.741s] GC(850)   Pre Evacuate Collection Set: 0.1ms
[2023-12-18T23:44:43.236+0100][15205.741s] GC(850)   Merge Heap Roots: 0.1ms
[2023-12-18T23:44:43.236+0100][15205.741s] GC(850)   Evacuate Collection Set: 2.3ms
[2023-12-18T23:44:43.236+0100][15205.741s] GC(850)   Post Evacuate Collection Set: 0.5ms
[2023-12-18T23:44:43.236+0100][15205.741s] GC(850)   Other: 0.1ms
[2023-12-18T23:44:43.236+0100][15205.741s] GC(850) Eden regions: 292->0(296)
[2023-12-18T23:44:43.236+0100][15205.741s] GC(850) Survivor regions: 15->11(39)
[2023-12-18T23:44:43.236+0100][15205.741s] GC(850) Old regions: 104->105
[2023-12-18T23:44:43.236+0100][15205.741s] GC(850) Archive regions: 0->0
[2023-12-18T23:44:43.236+0100][15205.741s] GC(850) Humongous regions: 4->4
[2023-12-18T23:44:43.236+0100][15205.741s] GC(850) Metaspace: 63716K(64256K)->63716K(64256K) NonClass: 56666K(56896K)->56666K(56896K) Class: 7049K(7360K)->7049K(7360K)
[2023-12-18T23:44:43.236+0100][15205.741s] GC(850) Pause Young (Normal) (G1 Evacuation Pause) 414M->118M(512M) 3.198ms
[2023-12-18T23:44:43.236+0100][15205.741s] GC(850) User=0.16s Sys=0.00s Real=0.00s
[2023-12-18T23:44:43.697+0100][15206.202s] GC(851) Pause Young (Normal) (G1 Evacuation Pause)
[2023-12-18T23:44:43.697+0100][15206.202s] GC(851) Using 10 workers of 10 for evacuation
[2023-12-18T23:44:43.700+0100][15206.206s] GC(851)   Pre Evacuate Collection Set: 0.1ms
[2023-12-18T23:44:43.700+0100][15206.206s] GC(851)   Merge Heap Roots: 0.1ms
[2023-12-18T23:44:43.700+0100][15206.206s] GC(851)   Evacuate Collection Set: 2.9ms
[2023-12-18T23:44:43.700+0100][15206.206s] GC(851)   Post Evacuate Collection Set: 0.5ms
[2023-12-18T23:44:43.700+0100][15206.206s] GC(851)   Other: 0.1ms
[2023-12-18T23:44:43.700+0100][15206.206s] GC(851) Eden regions: 296->0(293)
[2023-12-18T23:44:43.700+0100][15206.206s] GC(851) Survivor regions: 11->14(39)
[2023-12-18T23:44:43.700+0100][15206.206s] GC(851) Old regions: 105->105
[2023-12-18T23:44:43.700+0100][15206.206s] GC(851) Archive regions: 0->0
[2023-12-18T23:44:43.700+0100][15206.206s] GC(851) Humongous regions: 4->4
[2023-12-18T23:44:43.700+0100][15206.206s] GC(851) Metaspace: 63716K(64256K)->63716K(64256K) NonClass: 56666K(56896K)->56666K(56896K) Class: 7049K(7360K)->7049K(7360K)
[2023-12-18T23:44:43.700+0100][15206.206s] GC(851) Pause Young (Normal) (G1 Evacuation Pause) 414M->122M(512M) 3.857ms
[2023-12-18T23:44:43.700+0100][15206.206s] GC(851) User=0.00s Sys=0.00s Real=0.00s
[2023-12-18T23:44:44.055+0100][15206.560s] GC(852) Pause Young (Normal) (G1 Evacuation Pause)
[2023-12-18T23:44:44.055+0100][15206.560s] GC(852) Using 10 workers of 10 for evacuation
[2023-12-18T23:44:44.058+0100][15206.563s] GC(852)   Pre Evacuate Collection Set: 0.1ms
[2023-12-18T23:44:44.058+0100][15206.563s] GC(852)   Merge Heap Roots: 0.1ms
[2023-12-18T23:44:44.058+0100][15206.563s] GC(852)   Evacuate Collection Set: 2.1ms
[2023-12-18T23:44:44.058+0100][15206.563s] GC(852)   Post Evacuate Collection Set: 0.5ms
[2023-12-18T23:44:44.058+0100][15206.563s] GC(852)   Other: 0.1ms
[2023-12-18T23:44:44.058+0100][15206.563s] GC(852) Eden regions: 293->0(296)
[2023-12-18T23:44:44.058+0100][15206.563s] GC(852) Survivor regions: 14->11(39)
[2023-12-18T23:44:44.058+0100][15206.563s] GC(852) Old regions: 105->105
[2023-12-18T23:44:44.058+0100][15206.563s] GC(852) Archive regions: 0->0
[2023-12-18T23:44:44.058+0100][15206.563s] GC(852) Humongous regions: 4->4
[2023-12-18T23:44:44.058+0100][15206.563s] GC(852) Metaspace: 63716K(64256K)->63716K(64256K) NonClass: 56666K(56896K)->56666K(56896K) Class: 7049K(7360K)->7049K(7360K)
[2023-12-18T23:44:44.058+0100][15206.563s] GC(852) Pause Young (Normal) (G1 Evacuation Pause) 415M->119M(512M) 3.099ms
[2023-12-18T23:44:44.058+0100][15206.563s] GC(852) User=0.00s Sys=0.00s Real=0.00s
[2023-12-18T23:44:44.412+0100][15206.918s] GC(853) Pause Young (Normal) (G1 Evacuation Pause)
[2023-12-18T23:44:44.412+0100][15206.918s] GC(853) Using 10 workers of 10 for evacuation
[2023-12-18T23:44:44.417+0100][15206.922s] GC(853)   Pre Evacuate Collection Set: 0.1ms
[2023-12-18T23:44:44.417+0100][15206.922s] GC(853)   Merge Heap Roots: 0.1ms
[2023-12-18T23:44:44.417+0100][15206.922s] GC(853)   Evacuate Collection Set: 3.3ms
[2023-12-18T23:44:44.417+0100][15206.922s] GC(853)   Post Evacuate Collection Set: 0.6ms
[2023-12-18T23:44:44.417+0100][15206.922s] GC(853)   Other: 0.1ms
[2023-12-18T23:44:44.417+0100][15206.922s] GC(853) Eden regions: 296->0(291)
[2023-12-18T23:44:44.417+0100][15206.922s] GC(853) Survivor regions: 11->16(39)
[2023-12-18T23:44:44.417+0100][15206.922s] GC(853) Old regions: 105->105
[2023-12-18T23:44:44.417+0100][15206.922s] GC(853) Archive regions: 0->0
[2023-12-18T23:44:44.417+0100][15206.922s] GC(853) Humongous regions: 4->4
[2023-12-18T23:44:44.417+0100][15206.922s] GC(853) Metaspace: 63716K(64256K)->63716K(64256K) NonClass: 56666K(56896K)->56666K(56896K) Class: 7049K(7360K)->7049K(7360K)
[2023-12-18T23:44:44.417+0100][15206.922s] GC(853) Pause Young (Normal) (G1 Evacuation Pause) 415M->124M(512M) 4.418ms
[2023-12-18T23:44:44.417+0100][15206.922s] GC(853) User=0.00s Sys=0.00s Real=0.01s
[2023-12-18T23:44:44.919+0100][15207.424s] GC(854) Pause Young (Normal) (G1 Evacuation Pause)
[2023-12-18T23:44:44.919+0100][15207.424s] GC(854) Using 10 workers of 10 for evacuation
[2023-12-18T23:44:44.922+0100][15207.427s] GC(854)   Pre Evacuate Collection Set: 0.1ms
[2023-12-18T23:44:44.922+0100][15207.427s] GC(854)   Merge Heap Roots: 0.1ms
[2023-12-18T23:44:44.922+0100][15207.427s] GC(854)   Evacuate Collection Set: 2.6ms
[2023-12-18T23:44:44.922+0100][15207.427s] GC(854)   Post Evacuate Collection Set: 0.6ms
[2023-12-18T23:44:44.922+0100][15207.427s] GC(854)   Other: 0.1ms
[2023-12-18T23:44:44.922+0100][15207.427s] GC(854) Eden regions: 291->0(295)
[2023-12-18T23:44:44.922+0100][15207.427s] GC(854) Survivor regions: 16->12(39)
[2023-12-18T23:44:44.922+0100][15207.427s] GC(854) Old regions: 105->106
[2023-12-18T23:44:44.922+0100][15207.427s] GC(854) Archive regions: 0->0
[2023-12-18T23:44:44.922+0100][15207.427s] GC(854) Humongous regions: 4->4
[2023-12-18T23:44:44.922+0100][15207.427s] GC(854) Metaspace: 63716K(64256K)->63716K(64256K) NonClass: 56666K(56896K)->56666K(56896K) Class: 7049K(7360K)->7049K(7360K)
[2023-12-18T23:44:44.922+0100][15207.427s] GC(854) Pause Young (Normal) (G1 Evacuation Pause) 415M->121M(512M) 3.657ms
[2023-12-18T23:44:44.922+0100][15207.427s] GC(854) User=0.00s Sys=0.00s Real=0.00s
[2023-12-18T23:44:45.264+0100][15207.770s] GC(855) Pause Young (Normal) (G1 Evacuation Pause)
[2023-12-18T23:44:45.264+0100][15207.770s] GC(855) Using 10 workers of 10 for evacuation
[2023-12-18T23:44:45.266+0100][15207.772s] GC(855)   Pre Evacuate Collection Set: 0.1ms
[2023-12-18T23:44:45.266+0100][15207.772s] GC(855)   Merge Heap Roots: 0.1ms
[2023-12-18T23:44:45.266+0100][15207.772s] GC(855)   Evacuate Collection Set: 1.7ms
[2023-12-18T23:44:45.266+0100][15207.772s] GC(855)   Post Evacuate Collection Set: 0.4ms
[2023-12-18T23:44:45.266+0100][15207.772s] GC(855)   Other: 0.1ms
[2023-12-18T23:44:45.266+0100][15207.772s] GC(855) Eden regions: 295->0(298)
[2023-12-18T23:44:45.266+0100][15207.772s] GC(855) Survivor regions: 12->9(39)
[2023-12-18T23:44:45.266+0100][15207.772s] GC(855) Old regions: 106->106
[2023-12-18T23:44:45.266+0100][15207.772s] GC(855) Archive regions: 0->0
[2023-12-18T23:44:45.266+0100][15207.772s] GC(855) Humongous regions: 4->4
[2023-12-18T23:44:45.266+0100][15207.772s] GC(855) Metaspace: 63716K(64256K)->63716K(64256K) NonClass: 56666K(56896K)->56666K(56896K) Class: 7049K(7360K)->7049K(7360K)
[2023-12-18T23:44:45.266+0100][15207.772s] GC(855) Pause Young (Normal) (G1 Evacuation Pause) 416M->118M(512M) 2.590ms
[2023-12-18T23:44:45.266+0100][15207.772s] GC(855) User=0.16s Sys=0.00s Real=0.00s
[2023-12-18T23:44:45.744+0100][15208.250s] GC(856) Pause Young (Normal) (G1 Evacuation Pause)
[2023-12-18T23:44:45.744+0100][15208.250s] GC(856) Using 10 workers of 10 for evacuation
[2023-12-18T23:44:45.747+0100][15208.253s] GC(856)   Pre Evacuate Collection Set: 0.1ms
[2023-12-18T23:44:45.748+0100][15208.253s] GC(856)   Merge Heap Roots: 0.1ms
[2023-12-18T23:44:45.748+0100][15208.253s] GC(856)   Evacuate Collection Set: 2.4ms
[2023-12-18T23:44:45.748+0100][15208.253s] GC(856)   Post Evacuate Collection Set: 0.5ms
[2023-12-18T23:44:45.748+0100][15208.253s] GC(856)   Other: 0.1ms
[2023-12-18T23:44:45.748+0100][15208.253s] GC(856) Eden regions: 298->0(296)
[2023-12-18T23:44:45.748+0100][15208.253s] GC(856) Survivor regions: 9->11(39)
[2023-12-18T23:44:45.748+0100][15208.253s] GC(856) Old regions: 106->106
[2023-12-18T23:44:45.748+0100][15208.253s] GC(856) Archive regions: 0->0
[2023-12-18T23:44:45.748+0100][15208.253s] GC(856) Humongous regions: 4->4
[2023-12-18T23:44:45.748+0100][15208.253s] GC(856) Metaspace: 63716K(64256K)->63716K(64256K) NonClass: 56666K(56896K)->56666K(56896K) Class: 7049K(7360K)->7049K(7360K)
[2023-12-18T23:44:45.748+0100][15208.253s] GC(856) Pause Young (Normal) (G1 Evacuation Pause) 416M->120M(512M) 3.376ms
[2023-12-18T23:44:45.748+0100][15208.253s] GC(856) User=0.00s Sys=0.00s Real=0.00s
[2023-12-18T23:44:46.122+0100][15208.628s] GC(857) Pause Young (Normal) (G1 Evacuation Pause)
[2023-12-18T23:44:46.122+0100][15208.628s] GC(857) Using 10 workers of 10 for evacuation
[2023-12-18T23:44:46.127+0100][15208.632s] GC(857)   Pre Evacuate Collection Set: 0.1ms
[2023-12-18T23:44:46.127+0100][15208.632s] GC(857)   Merge Heap Roots: 0.1ms
[2023-12-18T23:44:46.127+0100][15208.632s] GC(857)   Evacuate Collection Set: 3.4ms
[2023-12-18T23:44:46.127+0100][15208.632s] GC(857)   Post Evacuate Collection Set: 0.7ms
[2023-12-18T23:44:46.127+0100][15208.632s] GC(857)   Other: 0.1ms
[2023-12-18T23:44:46.127+0100][15208.632s] GC(857) Eden regions: 296->0(291)
[2023-12-18T23:44:46.127+0100][15208.632s] GC(857) Survivor regions: 11->16(39)
[2023-12-18T23:44:46.127+0100][15208.632s] GC(857) Old regions: 106->107
[2023-12-18T23:44:46.127+0100][15208.632s] GC(857) Archive regions: 0->0
[2023-12-18T23:44:46.127+0100][15208.632s] GC(857) Humongous regions: 4->4
[2023-12-18T23:44:46.127+0100][15208.632s] GC(857) Metaspace: 63716K(64256K)->63716K(64256K) NonClass: 56666K(56896K)->56666K(56896K) Class: 7049K(7360K)->7049K(7360K)
[2023-12-18T23:44:46.127+0100][15208.632s] GC(857) Pause Young (Normal) (G1 Evacuation Pause) 416M->125M(512M) 4.511ms
[2023-12-18T23:44:46.127+0100][15208.632s] GC(857) User=0.16s Sys=0.00s Real=0.01s
[2023-12-18T23:44:46.600+0100][15209.105s] GC(858) Pause Young (Normal) (G1 Evacuation Pause)
[2023-12-18T23:44:46.600+0100][15209.105s] GC(858) Using 10 workers of 10 for evacuation
[2023-12-18T23:44:46.603+0100][15209.109s] GC(858)   Pre Evacuate Collection Set: 0.1ms
[2023-12-18T23:44:46.603+0100][15209.109s] GC(858)   Merge Heap Roots: 0.2ms
[2023-12-18T23:44:46.603+0100][15209.109s] GC(858)   Evacuate Collection Set: 2.4ms
[2023-12-18T23:44:46.603+0100][15209.109s] GC(858)   Post Evacuate Collection Set: 0.5ms
[2023-12-18T23:44:46.603+0100][15209.109s] GC(858)   Other: 0.1ms
[2023-12-18T23:44:46.603+0100][15209.109s] GC(858) Eden regions: 291->0(296)
[2023-12-18T23:44:46.603+0100][15209.109s] GC(858) Survivor regions: 16->11(39)
[2023-12-18T23:44:46.603+0100][15209.109s] GC(858) Old regions: 107->107
[2023-12-18T23:44:46.603+0100][15209.109s] GC(858) Archive regions: 0->0
[2023-12-18T23:44:46.603+0100][15209.109s] GC(858) Humongous regions: 4->4
[2023-12-18T23:44:46.603+0100][15209.109s] GC(858) Metaspace: 63716K(64256K)->63716K(64256K) NonClass: 56666K(56896K)->56666K(56896K) Class: 7049K(7360K)->7049K(7360K)
[2023-12-18T23:44:46.603+0100][15209.109s] GC(858) Pause Young (Normal) (G1 Evacuation Pause) 416M->120M(512M) 3.408ms
[2023-12-18T23:44:46.603+0100][15209.109s] GC(858) User=0.00s Sys=0.00s Real=0.00s
[2023-12-18T23:44:47.007+0100][15209.513s] GC(859) Pause Young (Normal) (G1 Evacuation Pause)
[2023-12-18T23:44:47.007+0100][15209.513s] GC(859) Using 10 workers of 10 for evacuation
[2023-12-18T23:44:47.012+0100][15209.518s] GC(859)   Pre Evacuate Collection Set: 0.1ms
[2023-12-18T23:44:47.012+0100][15209.518s] GC(859)   Merge Heap Roots: 0.1ms
[2023-12-18T23:44:47.012+0100][15209.518s] GC(859)   Evacuate Collection Set: 3.7ms
[2023-12-18T23:44:47.012+0100][15209.518s] GC(859)   Post Evacuate Collection Set: 0.8ms
[2023-12-18T23:44:47.012+0100][15209.518s] GC(859)   Other: 0.1ms
[2023-12-18T23:44:47.012+0100][15209.518s] GC(859) Eden regions: 296->0(291)
[2023-12-18T23:44:47.012+0100][15209.518s] GC(859) Survivor regions: 11->16(39)
[2023-12-18T23:44:47.012+0100][15209.518s] GC(859) Old regions: 107->107
[2023-12-18T23:44:47.012+0100][15209.518s] GC(859) Archive regions: 0->0
[2023-12-18T23:44:47.012+0100][15209.518s] GC(859) Humongous regions: 4->4
[2023-12-18T23:44:47.012+0100][15209.518s] GC(859) Metaspace: 63716K(64256K)->63716K(64256K) NonClass: 56666K(56896K)->56666K(56896K) Class: 7049K(7360K)->7049K(7360K)
[2023-12-18T23:44:47.012+0100][15209.518s] GC(859) Pause Young (Normal) (G1 Evacuation Pause) 416M->126M(512M) 4.962ms
[2023-12-18T23:44:47.012+0100][15209.518s] GC(859) User=0.00s Sys=0.00s Real=0.01s
[2023-12-18T23:44:47.396+0100][15209.901s] GC(860) Pause Young (Normal) (G1 Evacuation Pause)
[2023-12-18T23:44:47.396+0100][15209.901s] GC(860) Using 10 workers of 10 for evacuation
[2023-12-18T23:44:47.398+0100][15209.904s] GC(860)   Pre Evacuate Collection Set: 0.1ms
[2023-12-18T23:44:47.398+0100][15209.904s] GC(860)   Merge Heap Roots: 0.1ms
[2023-12-18T23:44:47.398+0100][15209.904s] GC(860)   Evacuate Collection Set: 2.1ms
[2023-12-18T23:44:47.398+0100][15209.904s] GC(860)   Post Evacuate Collection Set: 0.3ms
[2023-12-18T23:44:47.398+0100][15209.904s] GC(860)   Other: 0.1ms
[2023-12-18T23:44:47.398+0100][15209.904s] GC(860) Eden regions: 291->0(296)
[2023-12-18T23:44:47.398+0100][15209.904s] GC(860) Survivor regions: 16->11(39)
[2023-12-18T23:44:47.398+0100][15209.904s] GC(860) Old regions: 107->107
[2023-12-18T23:44:47.398+0100][15209.904s] GC(860) Archive regions: 0->0
[2023-12-18T23:44:47.398+0100][15209.904s] GC(860) Humongous regions: 4->4
[2023-12-18T23:44:47.398+0100][15209.904s] GC(860) Metaspace: 63716K(64256K)->63716K(64256K) NonClass: 56666K(56896K)->56666K(56896K) Class: 7049K(7360K)->7049K(7360K)
[2023-12-18T23:44:47.398+0100][15209.904s] GC(860) Pause Young (Normal) (G1 Evacuation Pause) 417M->121M(512M) 2.920ms
[2023-12-18T23:44:47.399+0100][15209.904s] GC(860) User=0.00s Sys=0.00s Real=0.00s
[2023-12-18T23:44:47.811+0100][15210.317s] GC(861) Pause Young (Normal) (G1 Evacuation Pause)
[2023-12-18T23:44:47.812+0100][15210.317s] GC(861) Using 10 workers of 10 for evacuation
[2023-12-18T23:44:47.817+0100][15210.322s] GC(861)   Pre Evacuate Collection Set: 0.1ms
[2023-12-18T23:44:47.817+0100][15210.322s] GC(861)   Merge Heap Roots: 0.2ms
[2023-12-18T23:44:47.817+0100][15210.322s] GC(861)   Evacuate Collection Set: 3.9ms
[2023-12-18T23:44:47.817+0100][15210.322s] GC(861)   Post Evacuate Collection Set: 0.7ms
[2023-12-18T23:44:47.817+0100][15210.322s] GC(861)   Other: 0.1ms
[2023-12-18T23:44:47.817+0100][15210.322s] GC(861) Eden regions: 296->0(290)
[2023-12-18T23:44:47.817+0100][15210.322s] GC(861) Survivor regions: 11->17(39)
[2023-12-18T23:44:47.817+0100][15210.322s] GC(861) Old regions: 107->108
[2023-12-18T23:44:47.817+0100][15210.322s] GC(861) Archive regions: 0->0
[2023-12-18T23:44:47.817+0100][15210.322s] GC(861) Humongous regions: 4->4
[2023-12-18T23:44:47.817+0100][15210.322s] GC(861) Metaspace: 63716K(64256K)->63716K(64256K) NonClass: 56666K(56896K)->56666K(56896K) Class: 7049K(7360K)->7049K(7360K)
[2023-12-18T23:44:47.817+0100][15210.322s] GC(861) Pause Young (Normal) (G1 Evacuation Pause) 417M->127M(512M) 5.218ms
[2023-12-18T23:44:47.817+0100][15210.322s] GC(861) User=0.16s Sys=0.00s Real=0.01s
[2023-12-18T23:44:48.202+0100][15210.708s] GC(862) Pause Young (Normal) (G1 Evacuation Pause)
[2023-12-18T23:44:48.202+0100][15210.708s] GC(862) Using 10 workers of 10 for evacuation
[2023-12-18T23:44:48.206+0100][15210.711s] GC(862)   Pre Evacuate Collection Set: 0.1ms
[2023-12-18T23:44:48.206+0100][15210.711s] GC(862)   Merge Heap Roots: 0.1ms
[2023-12-18T23:44:48.206+0100][15210.711s] GC(862)   Evacuate Collection Set: 2.4ms
[2023-12-18T23:44:48.206+0100][15210.711s] GC(862)   Post Evacuate Collection Set: 0.4ms
[2023-12-18T23:44:48.206+0100][15210.711s] GC(862)   Other: 0.1ms
[2023-12-18T23:44:48.206+0100][15210.711s] GC(862) Eden regions: 290->0(295)
[2023-12-18T23:44:48.206+0100][15210.711s] GC(862) Survivor regions: 17->12(39)
[2023-12-18T23:44:48.206+0100][15210.711s] GC(862) Old regions: 108->108
[2023-12-18T23:44:48.206+0100][15210.711s] GC(862) Archive regions: 0->0
[2023-12-18T23:44:48.206+0100][15210.711s] GC(862) Humongous regions: 4->4
[2023-12-18T23:44:48.206+0100][15210.711s] GC(862) Metaspace: 63716K(64256K)->63716K(64256K) NonClass: 56666K(56896K)->56666K(56896K) Class: 7049K(7360K)->7049K(7360K)
[2023-12-18T23:44:48.206+0100][15210.711s] GC(862) Pause Young (Normal) (G1 Evacuation Pause) 417M->122M(512M) 3.279ms
[2023-12-18T23:44:48.206+0100][15210.711s] GC(862) User=0.16s Sys=0.00s Real=0.00s
[2023-12-18T23:44:48.567+0100][15211.072s] GC(863) Pause Young (Normal) (G1 Evacuation Pause)
[2023-12-18T23:44:48.567+0100][15211.072s] GC(863) Using 10 workers of 10 for evacuation
[2023-12-18T23:44:48.569+0100][15211.075s] GC(863)   Pre Evacuate Collection Set: 0.1ms
[2023-12-18T23:44:48.569+0100][15211.075s] GC(863)   Merge Heap Roots: 0.1ms
[2023-12-18T23:44:48.569+0100][15211.075s] GC(863)   Evacuate Collection Set: 1.8ms
[2023-12-18T23:44:48.569+0100][15211.075s] GC(863)   Post Evacuate Collection Set: 0.6ms
[2023-12-18T23:44:48.570+0100][15211.075s] GC(863)   Other: 0.1ms
[2023-12-18T23:44:48.570+0100][15211.075s] GC(863) Eden regions: 295->0(297)
[2023-12-18T23:44:48.570+0100][15211.075s] GC(863) Survivor regions: 12->10(39)
[2023-12-18T23:44:48.570+0100][15211.075s] GC(863) Old regions: 108->108
[2023-12-18T23:44:48.570+0100][15211.075s] GC(863) Archive regions: 0->0
[2023-12-18T23:44:48.570+0100][15211.075s] GC(863) Humongous regions: 4->4
[2023-12-18T23:44:48.570+0100][15211.075s] GC(863) Metaspace: 63716K(64256K)->63716K(64256K) NonClass: 56666K(56896K)->56666K(56896K) Class: 7049K(7360K)->7049K(7360K)
[2023-12-18T23:44:48.570+0100][15211.075s] GC(863) Pause Young (Normal) (G1 Evacuation Pause) 417M->121M(512M) 3.041ms
[2023-12-18T23:44:48.570+0100][15211.075s] GC(863) User=0.00s Sys=0.00s Real=0.00s
[2023-12-18T23:44:49.041+0100][15211.547s] GC(864) Pause Young (Normal) (G1 Evacuation Pause)
[2023-12-18T23:44:49.041+0100][15211.547s] GC(864) Using 10 workers of 10 for evacuation
[2023-12-18T23:44:49.046+0100][15211.552s] GC(864)   Pre Evacuate Collection Set: 0.2ms
[2023-12-18T23:44:49.046+0100][15211.552s] GC(864)   Merge Heap Roots: 0.1ms
[2023-12-18T23:44:49.046+0100][15211.552s] GC(864)   Evacuate Collection Set: 3.8ms
[2023-12-18T23:44:49.046+0100][15211.552s] GC(864)   Post Evacuate Collection Set: 0.7ms
[2023-12-18T23:44:49.046+0100][15211.552s] GC(864)   Other: 0.1ms
[2023-12-18T23:44:49.046+0100][15211.552s] GC(864) Eden regions: 297->0(291)
[2023-12-18T23:44:49.046+0100][15211.552s] GC(864) Survivor regions: 10->16(39)
[2023-12-18T23:44:49.046+0100][15211.552s] GC(864) Old regions: 108->109
[2023-12-18T23:44:49.046+0100][15211.552s] GC(864) Archive regions: 0->0
[2023-12-18T23:44:49.046+0100][15211.552s] GC(864) Humongous regions: 4->4
[2023-12-18T23:44:49.046+0100][15211.552s] GC(864) Metaspace: 63716K(64256K)->63716K(64256K) NonClass: 56666K(56896K)->56666K(56896K) Class: 7049K(7360K)->7049K(7360K)
[2023-12-18T23:44:49.046+0100][15211.552s] GC(864) Pause Young (Normal) (G1 Evacuation Pause) 418M->128M(512M) 5.025ms
[2023-12-18T23:44:49.046+0100][15211.552s] GC(864) User=0.00s Sys=0.00s Real=0.01s
[2023-12-18T23:44:49.409+0100][15211.915s] GC(865) Pause Young (Normal) (G1 Evacuation Pause)
[2023-12-18T23:44:49.409+0100][15211.915s] GC(865) Using 10 workers of 10 for evacuation
[2023-12-18T23:44:49.412+0100][15211.918s] GC(865)   Pre Evacuate Collection Set: 0.1ms
[2023-12-18T23:44:49.412+0100][15211.918s] GC(865)   Merge Heap Roots: 0.0ms
[2023-12-18T23:44:49.412+0100][15211.918s] GC(865)   Evacuate Collection Set: 2.5ms
[2023-12-18T23:44:49.412+0100][15211.918s] GC(865)   Post Evacuate Collection Set: 0.4ms
[2023-12-18T23:44:49.412+0100][15211.918s] GC(865)   Other: 0.1ms
[2023-12-18T23:44:49.412+0100][15211.918s] GC(865) Eden regions: 291->0(296)
[2023-12-18T23:44:49.412+0100][15211.918s] GC(865) Survivor regions: 16->11(39)
[2023-12-18T23:44:49.412+0100][15211.918s] GC(865) Old regions: 109->109
[2023-12-18T23:44:49.412+0100][15211.918s] GC(865) Archive regions: 0->0
[2023-12-18T23:44:49.412+0100][15211.918s] GC(865) Humongous regions: 4->4
[2023-12-18T23:44:49.412+0100][15211.918s] GC(865) Metaspace: 63716K(64256K)->63716K(64256K) NonClass: 56667K(56896K)->56667K(56896K) Class: 7049K(7360K)->7049K(7360K)
[2023-12-18T23:44:49.412+0100][15211.918s] GC(865) Pause Young (Normal) (G1 Evacuation Pause) 419M->123M(512M) 3.234ms
[2023-12-18T23:44:49.412+0100][15211.918s] GC(865) User=0.00s Sys=0.00s Real=0.00s
[2023-12-18T23:44:49.876+0100][15212.381s] GC(866) Pause Young (Normal) (G1 Evacuation Pause)
[2023-12-18T23:44:49.876+0100][15212.381s] GC(866) Using 10 workers of 10 for evacuation
[2023-12-18T23:44:49.879+0100][15212.385s] GC(866)   Pre Evacuate Collection Set: 0.1ms
[2023-12-18T23:44:49.879+0100][15212.385s] GC(866)   Merge Heap Roots: 0.1ms
[2023-12-18T23:44:49.879+0100][15212.385s] GC(866)   Evacuate Collection Set: 2.7ms
[2023-12-18T23:44:49.879+0100][15212.385s] GC(866)   Post Evacuate Collection Set: 0.4ms
[2023-12-18T23:44:49.879+0100][15212.385s] GC(866)   Other: 0.1ms
[2023-12-18T23:44:49.879+0100][15212.385s] GC(866) Eden regions: 296->0(295)
[2023-12-18T23:44:49.879+0100][15212.385s] GC(866) Survivor regions: 11->12(39)
[2023-12-18T23:44:49.879+0100][15212.385s] GC(866) Old regions: 109->109
[2023-12-18T23:44:49.879+0100][15212.385s] GC(866) Archive regions: 0->0
[2023-12-18T23:44:49.879+0100][15212.385s] GC(866) Humongous regions: 4->4
[2023-12-18T23:44:49.879+0100][15212.385s] GC(866) Metaspace: 63717K(64256K)->63717K(64256K) NonClass: 56667K(56896K)->56667K(56896K) Class: 7049K(7360K)->7049K(7360K)
[2023-12-18T23:44:49.879+0100][15212.385s] GC(866) Pause Young (Normal) (G1 Evacuation Pause) 419M->124M(512M) 3.529ms
[2023-12-18T23:44:49.879+0100][15212.385s] GC(866) User=0.00s Sys=0.00s Real=0.00s
[2023-12-18T23:44:50.234+0100][15212.740s] GC(867) Pause Young (Normal) (G1 Evacuation Pause)
[2023-12-18T23:44:50.234+0100][15212.740s] GC(867) Using 10 workers of 10 for evacuation
[2023-12-18T23:44:50.237+0100][15212.743s] GC(867)   Pre Evacuate Collection Set: 0.1ms
[2023-12-18T23:44:50.237+0100][15212.743s] GC(867)   Merge Heap Roots: 0.1ms
[2023-12-18T23:44:50.237+0100][15212.743s] GC(867)   Evacuate Collection Set: 1.6ms
[2023-12-18T23:44:50.237+0100][15212.743s] GC(867)   Post Evacuate Collection Set: 0.4ms
[2023-12-18T23:44:50.237+0100][15212.743s] GC(867)   Other: 0.1ms
[2023-12-18T23:44:50.237+0100][15212.743s] GC(867) Eden regions: 295->0(298)
[2023-12-18T23:44:50.237+0100][15212.743s] GC(867) Survivor regions: 12->9(39)
[2023-12-18T23:44:50.237+0100][15212.743s] GC(867) Old regions: 109->109
[2023-12-18T23:44:50.237+0100][15212.743s] GC(867) Archive regions: 0->0
[2023-12-18T23:44:50.237+0100][15212.743s] GC(867) Humongous regions: 4->4
[2023-12-18T23:44:50.237+0100][15212.743s] GC(867) Metaspace: 63717K(64256K)->63717K(64256K) NonClass: 56667K(56896K)->56667K(56896K) Class: 7049K(7360K)->7049K(7360K)
[2023-12-18T23:44:50.237+0100][15212.743s] GC(867) Pause Young (Normal) (G1 Evacuation Pause) 419M->121M(512M) 2.389ms
[2023-12-18T23:44:50.237+0100][15212.743s] GC(867) User=0.00s Sys=0.00s Real=0.00s
[2023-12-18T23:44:50.692+0100][15213.197s] GC(868) Pause Young (Normal) (G1 Evacuation Pause)
[2023-12-18T23:44:50.692+0100][15213.197s] GC(868) Using 10 workers of 10 for evacuation
[2023-12-18T23:44:50.695+0100][15213.201s] GC(868)   Pre Evacuate Collection Set: 0.1ms
[2023-12-18T23:44:50.695+0100][15213.201s] GC(868)   Merge Heap Roots: 0.1ms
[2023-12-18T23:44:50.695+0100][15213.201s] GC(868)   Evacuate Collection Set: 2.7ms
[2023-12-18T23:44:50.695+0100][15213.201s] GC(868)   Post Evacuate Collection Set: 0.6ms
[2023-12-18T23:44:50.695+0100][15213.201s] GC(868)   Other: 0.1ms
[2023-12-18T23:44:50.695+0100][15213.201s] GC(868) Eden regions: 298->0(295)
[2023-12-18T23:44:50.695+0100][15213.201s] GC(868) Survivor regions: 9->12(39)
[2023-12-18T23:44:50.695+0100][15213.201s] GC(868) Old regions: 109->110
[2023-12-18T23:44:50.695+0100][15213.201s] GC(868) Archive regions: 0->0
[2023-12-18T23:44:50.695+0100][15213.201s] GC(868) Humongous regions: 4->4
[2023-12-18T23:44:50.695+0100][15213.201s] GC(868) Metaspace: 63717K(64256K)->63717K(64256K) NonClass: 56667K(56896K)->56667K(56896K) Class: 7049K(7360K)->7049K(7360K)
[2023-12-18T23:44:50.695+0100][15213.201s] GC(868) Pause Young (Normal) (G1 Evacuation Pause) 419M->125M(512M) 3.719ms
[2023-12-18T23:44:50.695+0100][15213.201s] GC(868) User=0.00s Sys=0.00s Real=0.00s
[2023-12-18T23:44:51.039+0100][15213.545s] GC(869) Pause Young (Concurrent Start) (G1 Evacuation Pause)
[2023-12-18T23:44:51.039+0100][15213.545s] GC(869) Using 10 workers of 10 for evacuation
[2023-12-18T23:44:51.042+0100][15213.548s] GC(869)   Pre Evacuate Collection Set: 0.1ms
[2023-12-18T23:44:51.042+0100][15213.548s] GC(869)   Merge Heap Roots: 0.0ms
[2023-12-18T23:44:51.042+0100][15213.548s] GC(869)   Evacuate Collection Set: 1.9ms
[2023-12-18T23:44:51.042+0100][15213.548s] GC(869)   Post Evacuate Collection Set: 0.5ms
[2023-12-18T23:44:51.042+0100][15213.548s] GC(869)   Other: 0.1ms
[2023-12-18T23:44:51.042+0100][15213.548s] GC(869) Eden regions: 295->0(298)
[2023-12-18T23:44:51.042+0100][15213.548s] GC(869) Survivor regions: 12->9(39)
[2023-12-18T23:44:51.042+0100][15213.548s] GC(869) Old regions: 110->110
[2023-12-18T23:44:51.042+0100][15213.548s] GC(869) Archive regions: 0->0
[2023-12-18T23:44:51.042+0100][15213.548s] GC(869) Humongous regions: 4->4
[2023-12-18T23:44:51.042+0100][15213.548s] GC(869) Metaspace: 63718K(64256K)->63718K(64256K) NonClass: 56669K(56896K)->56669K(56896K) Class: 7049K(7360K)->7049K(7360K)
[2023-12-18T23:44:51.042+0100][15213.548s] GC(869) Pause Young (Concurrent Start) (G1 Evacuation Pause) 420M->122M(512M) 3.022ms
[2023-12-18T23:44:51.042+0100][15213.548s] GC(870) Concurrent Mark Cycle
[2023-12-18T23:44:51.042+0100][15213.548s] GC(869) User=0.00s Sys=0.00s Real=0.00s
[2023-12-18T23:44:51.042+0100][15213.548s] GC(870) Concurrent Clear Claimed Marks
[2023-12-18T23:44:51.042+0100][15213.548s] GC(870) Concurrent Clear Claimed Marks 0.084ms
[2023-12-18T23:44:51.042+0100][15213.548s] GC(870) Concurrent Scan Root Regions
[2023-12-18T23:44:51.045+0100][15213.550s] GC(870) Concurrent Scan Root Regions 2.126ms
[2023-12-18T23:44:51.045+0100][15213.550s] GC(870) Concurrent Mark
[2023-12-18T23:44:51.045+0100][15213.550s] GC(870) Concurrent Mark From Roots
[2023-12-18T23:44:51.045+0100][15213.550s] GC(870) Using 3 workers of 3 for marking
[2023-12-18T23:44:51.068+0100][15213.573s] GC(870) Concurrent Mark From Roots 23.043ms
[2023-12-18T23:44:51.068+0100][15213.573s] GC(870) Concurrent Preclean
[2023-12-18T23:44:51.068+0100][15213.573s] GC(870) Concurrent Preclean 0.165ms
[2023-12-18T23:44:51.068+0100][15213.574s] GC(870) Pause Remark
[2023-12-18T23:44:51.071+0100][15213.577s] GC(870) Pause Remark 137M->137M(512M) 3.355ms
[2023-12-18T23:44:51.071+0100][15213.577s] GC(870) User=0.00s Sys=0.00s Real=0.00s
[2023-12-18T23:44:51.071+0100][15213.577s] GC(870) Concurrent Mark 26.807ms
[2023-12-18T23:44:51.071+0100][15213.577s] GC(870) Concurrent Rebuild Remembered Sets
[2023-12-18T23:44:51.085+0100][15213.591s] GC(870) Concurrent Rebuild Remembered Sets 13.805ms
[2023-12-18T23:44:51.086+0100][15213.591s] GC(870) Pause Cleanup
[2023-12-18T23:44:51.086+0100][15213.591s] GC(870) Pause Cleanup 145M->145M(512M) 0.147ms
[2023-12-18T23:44:51.086+0100][15213.591s] GC(870) User=0.00s Sys=0.00s Real=0.00s
[2023-12-18T23:44:51.086+0100][15213.591s] GC(870) Concurrent Cleanup for Next Mark
[2023-12-18T23:44:51.086+0100][15213.592s] GC(870) Concurrent Cleanup for Next Mark 0.646ms
[2023-12-18T23:44:51.086+0100][15213.592s] GC(870) Concurrent Mark Cycle 43.986ms
[2023-12-18T23:44:51.483+0100][15213.988s] GC(871) Pause Young (Prepare Mixed) (G1 Evacuation Pause)
[2023-12-18T23:44:51.483+0100][15213.988s] GC(871) Using 10 workers of 10 for evacuation
[2023-12-18T23:44:51.485+0100][15213.991s] GC(871)   Pre Evacuate Collection Set: 0.1ms
[2023-12-18T23:44:51.485+0100][15213.991s] GC(871)   Merge Heap Roots: 0.0ms
[2023-12-18T23:44:51.485+0100][15213.991s] GC(871)   Evacuate Collection Set: 2.2ms
[2023-12-18T23:44:51.485+0100][15213.991s] GC(871)   Post Evacuate Collection Set: 0.3ms
[2023-12-18T23:44:51.485+0100][15213.991s] GC(871)   Other: 0.1ms
[2023-12-18T23:44:51.485+0100][15213.991s] GC(871) Eden regions: 298->0(14)
[2023-12-18T23:44:51.485+0100][15213.991s] GC(871) Survivor regions: 9->11(39)
[2023-12-18T23:44:51.485+0100][15213.991s] GC(871) Old regions: 110->110
[2023-12-18T23:44:51.485+0100][15213.991s] GC(871) Archive regions: 0->0
[2023-12-18T23:44:51.485+0100][15213.991s] GC(871) Humongous regions: 4->4
[2023-12-18T23:44:51.485+0100][15213.991s] GC(871) Metaspace: 63718K(64256K)->63718K(64256K) NonClass: 56669K(56896K)->56669K(56896K) Class: 7049K(7360K)->7049K(7360K)
[2023-12-18T23:44:51.485+0100][15213.991s] GC(871) Pause Young (Prepare Mixed) (G1 Evacuation Pause) 420M->124M(512M) 2.796ms
[2023-12-18T23:44:51.485+0100][15213.991s] GC(871) User=0.16s Sys=0.00s Real=0.00s
[2023-12-18T23:44:51.520+0100][15214.026s] GC(872) Pause Young (Mixed) (G1 Evacuation Pause)
[2023-12-18T23:44:51.520+0100][15214.026s] GC(872) Using 10 workers of 10 for evacuation
[2023-12-18T23:44:51.525+0100][15214.031s] GC(872)   Pre Evacuate Collection Set: 0.1ms
[2023-12-18T23:44:51.525+0100][15214.031s] GC(872)   Merge Heap Roots: 0.1ms
[2023-12-18T23:44:51.525+0100][15214.031s] GC(872)   Evacuate Collection Set: 3.7ms
[2023-12-18T23:44:51.525+0100][15214.031s] GC(872)   Post Evacuate Collection Set: 0.5ms
[2023-12-18T23:44:51.525+0100][15214.031s] GC(872)   Other: 0.1ms
[2023-12-18T23:44:51.525+0100][15214.031s] GC(872) Eden regions: 14->0(303)
[2023-12-18T23:44:51.525+0100][15214.031s] GC(872) Survivor regions: 11->4(4)
[2023-12-18T23:44:51.525+0100][15214.031s] GC(872) Old regions: 110->115
[2023-12-18T23:44:51.525+0100][15214.031s] GC(872) Archive regions: 0->0
[2023-12-18T23:44:51.525+0100][15214.031s] GC(872) Humongous regions: 4->4
[2023-12-18T23:44:51.525+0100][15214.031s] GC(872) Metaspace: 63718K(64256K)->63718K(64256K) NonClass: 56669K(56896K)->56669K(56896K) Class: 7049K(7360K)->7049K(7360K)
[2023-12-18T23:44:51.525+0100][15214.031s] GC(872) Pause Young (Mixed) (G1 Evacuation Pause) 138M->121M(512M) 4.622ms
[2023-12-18T23:44:51.525+0100][15214.031s] GC(872) User=0.00s Sys=0.00s Real=0.01s
[2023-12-18T23:44:51.900+0100][15214.406s] GC(873) Pause Young (Normal) (G1 Evacuation Pause)
[2023-12-18T23:44:51.900+0100][15214.406s] GC(873) Using 10 workers of 10 for evacuation
[2023-12-18T23:44:51.903+0100][15214.409s] GC(873)   Pre Evacuate Collection Set: 0.1ms
[2023-12-18T23:44:51.903+0100][15214.409s] GC(873)   Merge Heap Roots: 0.2ms
[2023-12-18T23:44:51.903+0100][15214.409s] GC(873)   Evacuate Collection Set: 2.2ms
[2023-12-18T23:44:51.903+0100][15214.409s] GC(873)   Post Evacuate Collection Set: 0.6ms
[2023-12-18T23:44:51.903+0100][15214.409s] GC(873)   Other: 0.1ms
[2023-12-18T23:44:51.903+0100][15214.409s] GC(873) Eden regions: 303->0(299)
[2023-12-18T23:44:51.903+0100][15214.409s] GC(873) Survivor regions: 4->8(39)
[2023-12-18T23:44:51.903+0100][15214.409s] GC(873) Old regions: 115->115
[2023-12-18T23:44:51.903+0100][15214.409s] GC(873) Archive regions: 0->0
[2023-12-18T23:44:51.903+0100][15214.409s] GC(873) Humongous regions: 4->4
[2023-12-18T23:44:51.903+0100][15214.409s] GC(873) Metaspace: 63742K(64320K)->63742K(64320K) NonClass: 56692K(56960K)->56692K(56960K) Class: 7050K(7360K)->7050K(7360K)
[2023-12-18T23:44:51.903+0100][15214.409s] GC(873) Pause Young (Normal) (G1 Evacuation Pause) 424M->125M(512M) 3.435ms
[2023-12-18T23:44:51.903+0100][15214.409s] GC(873) User=0.00s Sys=0.00s Real=0.00s
[2023-12-18T23:44:52.300+0100][15214.805s] GC(874) Pause Young (Normal) (G1 Evacuation Pause)
[2023-12-18T23:44:52.300+0100][15214.805s] GC(874) Using 10 workers of 10 for evacuation
[2023-12-18T23:44:52.302+0100][15214.808s] GC(874)   Pre Evacuate Collection Set: 0.1ms
[2023-12-18T23:44:52.302+0100][15214.808s] GC(874)   Merge Heap Roots: 0.1ms
[2023-12-18T23:44:52.302+0100][15214.808s] GC(874)   Evacuate Collection Set: 1.5ms
[2023-12-18T23:44:52.302+0100][15214.808s] GC(874)   Post Evacuate Collection Set: 0.4ms
[2023-12-18T23:44:52.302+0100][15214.808s] GC(874)   Other: 0.1ms
[2023-12-18T23:44:52.302+0100][15214.808s] GC(874) Eden regions: 299->0(301)
[2023-12-18T23:44:52.302+0100][15214.808s] GC(874) Survivor regions: 8->6(39)
[2023-12-18T23:44:52.302+0100][15214.808s] GC(874) Old regions: 115->115
[2023-12-18T23:44:52.302+0100][15214.808s] GC(874) Archive regions: 0->0
[2023-12-18T23:44:52.302+0100][15214.808s] GC(874) Humongous regions: 4->4
[2023-12-18T23:44:52.302+0100][15214.808s] GC(874) Metaspace: 63744K(64320K)->63744K(64320K) NonClass: 56694K(56960K)->56694K(56960K) Class: 7050K(7360K)->7050K(7360K)
[2023-12-18T23:44:52.302+0100][15214.808s] GC(874) Pause Young (Normal) (G1 Evacuation Pause) 424M->123M(512M) 2.420ms
[2023-12-18T23:44:52.302+0100][15214.808s] GC(874) User=0.00s Sys=0.00s Real=0.00s
[2023-12-18T23:44:52.771+0100][15215.277s] GC(875) Pause Young (Concurrent Start) (G1 Evacuation Pause)
[2023-12-18T23:44:52.771+0100][15215.277s] GC(875) Using 10 workers of 10 for evacuation
[2023-12-18T23:44:52.775+0100][15215.280s] GC(875)   Pre Evacuate Collection Set: 0.1ms
[2023-12-18T23:44:52.775+0100][15215.280s] GC(875)   Merge Heap Roots: 0.1ms
[2023-12-18T23:44:52.775+0100][15215.280s] GC(875)   Evacuate Collection Set: 2.6ms
[2023-12-18T23:44:52.775+0100][15215.280s] GC(875)   Post Evacuate Collection Set: 0.4ms
[2023-12-18T23:44:52.775+0100][15215.280s] GC(875)   Other: 0.1ms
[2023-12-18T23:44:52.775+0100][15215.280s] GC(875) Eden regions: 301->0(296)
[2023-12-18T23:44:52.775+0100][15215.280s] GC(875) Survivor regions: 6->11(39)
[2023-12-18T23:44:52.775+0100][15215.280s] GC(875) Old regions: 115->115
[2023-12-18T23:44:52.775+0100][15215.280s] GC(875) Archive regions: 0->0
[2023-12-18T23:44:52.775+0100][15215.280s] GC(875) Humongous regions: 4->4
[2023-12-18T23:44:52.775+0100][15215.280s] GC(875) Metaspace: 63744K(64320K)->63744K(64320K) NonClass: 56694K(56960K)->56694K(56960K) Class: 7050K(7360K)->7050K(7360K)
[2023-12-18T23:44:52.775+0100][15215.280s] GC(875) Pause Young (Concurrent Start) (G1 Evacuation Pause) 424M->129M(512M) 3.561ms
[2023-12-18T23:44:52.775+0100][15215.280s] GC(876) Concurrent Mark Cycle
[2023-12-18T23:44:52.775+0100][15215.280s] GC(875) User=0.00s Sys=0.00s Real=0.00s
[2023-12-18T23:44:52.775+0100][15215.280s] GC(876) Concurrent Clear Claimed Marks
[2023-12-18T23:44:52.775+0100][15215.280s] GC(876) Concurrent Clear Claimed Marks 0.054ms
[2023-12-18T23:44:52.775+0100][15215.280s] GC(876) Concurrent Scan Root Regions
[2023-12-18T23:44:52.776+0100][15215.282s] GC(876) Concurrent Scan Root Regions 1.544ms
[2023-12-18T23:44:52.776+0100][15215.282s] GC(876) Concurrent Mark
[2023-12-18T23:44:52.776+0100][15215.282s] GC(876) Concurrent Mark From Roots
[2023-12-18T23:44:52.776+0100][15215.282s] GC(876) Using 3 workers of 3 for marking
[2023-12-18T23:44:52.801+0100][15215.307s] GC(876) Concurrent Mark From Roots 24.969ms
[2023-12-18T23:44:52.801+0100][15215.307s] GC(876) Concurrent Preclean
[2023-12-18T23:44:52.802+0100][15215.307s] GC(876) Concurrent Preclean 0.195ms
[2023-12-18T23:44:52.802+0100][15215.307s] GC(876) Pause Remark
[2023-12-18T23:44:52.806+0100][15215.312s] GC(876) Pause Remark 158M->158M(512M) 4.094ms
[2023-12-18T23:44:52.806+0100][15215.312s] GC(876) User=0.00s Sys=0.00s Real=0.00s
[2023-12-18T23:44:52.806+0100][15215.312s] GC(876) Concurrent Mark 29.567ms
[2023-12-18T23:44:52.806+0100][15215.312s] GC(876) Concurrent Rebuild Remembered Sets
[2023-12-18T23:44:52.819+0100][15215.325s] GC(876) Concurrent Rebuild Remembered Sets 13.070ms
[2023-12-18T23:44:52.819+0100][15215.325s] GC(876) Pause Cleanup
[2023-12-18T23:44:52.820+0100][15215.325s] GC(876) Pause Cleanup 186M->186M(512M) 0.158ms
[2023-12-18T23:44:52.820+0100][15215.325s] GC(876) User=0.00s Sys=0.00s Real=0.00s
[2023-12-18T23:44:52.820+0100][15215.325s] GC(876) Concurrent Cleanup for Next Mark
[2023-12-18T23:44:52.820+0100][15215.326s] GC(876) Concurrent Cleanup for Next Mark 0.796ms
[2023-12-18T23:44:52.820+0100][15215.326s] GC(876) Concurrent Mark Cycle 45.595ms
[2023-12-18T23:44:53.130+0100][15215.636s] GC(877) Pause Young (Prepare Mixed) (G1 Evacuation Pause)
[2023-12-18T23:44:53.130+0100][15215.636s] GC(877) Using 10 workers of 10 for evacuation
[2023-12-18T23:44:53.133+0100][15215.638s] GC(877)   Pre Evacuate Collection Set: 0.1ms
[2023-12-18T23:44:53.133+0100][15215.638s] GC(877)   Merge Heap Roots: 0.1ms
[2023-12-18T23:44:53.133+0100][15215.638s] GC(877)   Evacuate Collection Set: 1.8ms
[2023-12-18T23:44:53.133+0100][15215.638s] GC(877)   Post Evacuate Collection Set: 0.5ms
[2023-12-18T23:44:53.133+0100][15215.638s] GC(877)   Other: 0.1ms
[2023-12-18T23:44:53.133+0100][15215.638s] GC(877) Eden regions: 296->0(17)
[2023-12-18T23:44:53.133+0100][15215.638s] GC(877) Survivor regions: 11->8(39)
[2023-12-18T23:44:53.133+0100][15215.639s] GC(877) Old regions: 115->115
[2023-12-18T23:44:53.133+0100][15215.639s] GC(877) Archive regions: 0->0
[2023-12-18T23:44:53.133+0100][15215.639s] GC(877) Humongous regions: 4->4
[2023-12-18T23:44:53.133+0100][15215.639s] GC(877) Metaspace: 63744K(64320K)->63744K(64320K) NonClass: 56694K(56960K)->56694K(56960K) Class: 7050K(7360K)->7050K(7360K)
[2023-12-18T23:44:53.133+0100][15215.639s] GC(877) Pause Young (Prepare Mixed) (G1 Evacuation Pause) 425M->125M(512M) 2.683ms
[2023-12-18T23:44:53.133+0100][15215.639s] GC(877) User=0.00s Sys=0.00s Real=0.00s
[2023-12-18T23:44:53.160+0100][15215.665s] GC(878) Pause Young (Mixed) (G1 Evacuation Pause)
[2023-12-18T23:44:53.160+0100][15215.666s] GC(878) Using 10 workers of 10 for evacuation
[2023-12-18T23:44:53.163+0100][15215.669s] GC(878)   Pre Evacuate Collection Set: 0.1ms
[2023-12-18T23:44:53.164+0100][15215.669s] GC(878)   Merge Heap Roots: 0.1ms
[2023-12-18T23:44:53.164+0100][15215.669s] GC(878)   Evacuate Collection Set: 2.8ms
[2023-12-18T23:44:53.164+0100][15215.669s] GC(878)   Post Evacuate Collection Set: 0.3ms
[2023-12-18T23:44:53.164+0100][15215.669s] GC(878)   Other: 0.1ms
[2023-12-18T23:44:53.164+0100][15215.669s] GC(878) Eden regions: 17->0(305)
[2023-12-18T23:44:53.164+0100][15215.669s] GC(878) Survivor regions: 8->2(4)
[2023-12-18T23:44:53.164+0100][15215.669s] GC(878) Old regions: 115->116
[2023-12-18T23:44:53.164+0100][15215.669s] GC(878) Archive regions: 0->0
[2023-12-18T23:44:53.164+0100][15215.669s] GC(878) Humongous regions: 4->4
[2023-12-18T23:44:53.164+0100][15215.669s] GC(878) Metaspace: 63744K(64320K)->63744K(64320K) NonClass: 56694K(56960K)->56694K(56960K) Class: 7050K(7360K)->7050K(7360K)
[2023-12-18T23:44:53.164+0100][15215.669s] GC(878) Pause Young (Mixed) (G1 Evacuation Pause) 142M->120M(512M) 3.552ms
[2023-12-18T23:44:53.164+0100][15215.669s] GC(878) User=0.00s Sys=0.00s Real=0.00s
[2023-12-18T23:44:53.634+0100][15216.140s] GC(879) Pause Young (Normal) (G1 Evacuation Pause)
[2023-12-18T23:44:53.634+0100][15216.140s] GC(879) Using 10 workers of 10 for evacuation
[2023-12-18T23:44:53.636+0100][15216.142s] GC(879)   Pre Evacuate Collection Set: 0.0ms
[2023-12-18T23:44:53.636+0100][15216.142s] GC(879)   Merge Heap Roots: 0.0ms
[2023-12-18T23:44:53.636+0100][15216.142s] GC(879)   Evacuate Collection Set: 1.0ms
[2023-12-18T23:44:53.636+0100][15216.142s] GC(879)   Post Evacuate Collection Set: 0.3ms
[2023-12-18T23:44:53.636+0100][15216.142s] GC(879)   Other: 0.1ms
[2023-12-18T23:44:53.636+0100][15216.142s] GC(879) Eden regions: 305->0(303)
[2023-12-18T23:44:53.636+0100][15216.142s] GC(879) Survivor regions: 2->4(39)
[2023-12-18T23:44:53.636+0100][15216.142s] GC(879) Old regions: 116->116
[2023-12-18T23:44:53.636+0100][15216.142s] GC(879) Archive regions: 0->0
[2023-12-18T23:44:53.636+0100][15216.142s] GC(879) Humongous regions: 4->4
[2023-12-18T23:44:53.636+0100][15216.142s] GC(879) Metaspace: 63744K(64320K)->63744K(64320K) NonClass: 56694K(56960K)->56694K(56960K) Class: 7050K(7360K)->7050K(7360K)
[2023-12-18T23:44:53.636+0100][15216.142s] GC(879) Pause Young (Normal) (G1 Evacuation Pause) 425M->122M(512M) 1.636ms
[2023-12-18T23:44:53.636+0100][15216.142s] GC(879) User=0.00s Sys=0.00s Real=0.00s
[2023-12-18T23:44:53.999+0100][15216.504s] GC(880) Pause Young (Normal) (G1 Evacuation Pause)
[2023-12-18T23:44:53.999+0100][15216.504s] GC(880) Using 10 workers of 10 for evacuation
[2023-12-18T23:44:54.002+0100][15216.508s] GC(880)   Pre Evacuate Collection Set: 0.1ms
[2023-12-18T23:44:54.002+0100][15216.508s] GC(880)   Merge Heap Roots: 0.1ms
[2023-12-18T23:44:54.002+0100][15216.508s] GC(880)   Evacuate Collection Set: 2.6ms
[2023-12-18T23:44:54.002+0100][15216.508s] GC(880)   Post Evacuate Collection Set: 0.7ms
[2023-12-18T23:44:54.002+0100][15216.508s] GC(880)   Other: 0.1ms
[2023-12-18T23:44:54.002+0100][15216.508s] GC(880) Eden regions: 303->0(297)
[2023-12-18T23:44:54.002+0100][15216.508s] GC(880) Survivor regions: 4->10(39)
[2023-12-18T23:44:54.002+0100][15216.508s] GC(880) Old regions: 116->116
[2023-12-18T23:44:54.002+0100][15216.508s] GC(880) Archive regions: 0->0
[2023-12-18T23:44:54.002+0100][15216.508s] GC(880) Humongous regions: 4->4
[2023-12-18T23:44:54.002+0100][15216.508s] GC(880) Metaspace: 63744K(64320K)->63744K(64320K) NonClass: 56694K(56960K)->56694K(56960K) Class: 7050K(7360K)->7050K(7360K)
[2023-12-18T23:44:54.002+0100][15216.508s] GC(880) Pause Young (Normal) (G1 Evacuation Pause) 425M->128M(512M) 3.653ms
[2023-12-18T23:44:54.002+0100][15216.508s] GC(880) User=0.16s Sys=0.00s Real=0.00s
[2023-12-18T23:44:54.403+0100][15216.908s] GC(881) Pause Young (Concurrent Start) (G1 Evacuation Pause)
[2023-12-18T23:44:54.403+0100][15216.908s] GC(881) Using 10 workers of 10 for evacuation
[2023-12-18T23:44:54.405+0100][15216.910s] GC(881)   Pre Evacuate Collection Set: 0.2ms
[2023-12-18T23:44:54.405+0100][15216.910s] GC(881)   Merge Heap Roots: 0.1ms
[2023-12-18T23:44:54.405+0100][15216.910s] GC(881)   Evacuate Collection Set: 1.6ms
[2023-12-18T23:44:54.405+0100][15216.910s] GC(881)   Post Evacuate Collection Set: 0.3ms
[2023-12-18T23:44:54.405+0100][15216.910s] GC(881)   Other: 0.0ms
[2023-12-18T23:44:54.405+0100][15216.910s] GC(881) Eden regions: 297->0(301)
[2023-12-18T23:44:54.405+0100][15216.910s] GC(881) Survivor regions: 10->6(39)
[2023-12-18T23:44:54.405+0100][15216.911s] GC(881) Old regions: 116->116
[2023-12-18T23:44:54.405+0100][15216.911s] GC(881) Archive regions: 0->0
[2023-12-18T23:44:54.405+0100][15216.911s] GC(881) Humongous regions: 4->4
[2023-12-18T23:44:54.405+0100][15216.911s] GC(881) Metaspace: 63744K(64320K)->63744K(64320K) NonClass: 56694K(56960K)->56694K(56960K) Class: 7050K(7360K)->7050K(7360K)
[2023-12-18T23:44:54.405+0100][15216.911s] GC(881) Pause Young (Concurrent Start) (G1 Evacuation Pause) 425M->125M(512M) 2.477ms
[2023-12-18T23:44:54.405+0100][15216.911s] GC(882) Concurrent Mark Cycle
[2023-12-18T23:44:54.405+0100][15216.911s] GC(881) User=0.00s Sys=0.00s Real=0.00s
[2023-12-18T23:44:54.405+0100][15216.911s] GC(882) Concurrent Clear Claimed Marks
[2023-12-18T23:44:54.405+0100][15216.911s] GC(882) Concurrent Clear Claimed Marks 0.049ms
[2023-12-18T23:44:54.405+0100][15216.911s] GC(882) Concurrent Scan Root Regions
[2023-12-18T23:44:54.406+0100][15216.912s] GC(882) Concurrent Scan Root Regions 1.044ms
[2023-12-18T23:44:54.406+0100][15216.912s] GC(882) Concurrent Mark
[2023-12-18T23:44:54.406+0100][15216.912s] GC(882) Concurrent Mark From Roots
[2023-12-18T23:44:54.406+0100][15216.912s] GC(882) Using 3 workers of 3 for marking
[2023-12-18T23:44:54.427+0100][15216.933s] GC(882) Concurrent Mark From Roots 21.081ms
[2023-12-18T23:44:54.427+0100][15216.933s] GC(882) Concurrent Preclean
[2023-12-18T23:44:54.428+0100][15216.933s] GC(882) Concurrent Preclean 0.206ms
[2023-12-18T23:44:54.428+0100][15216.933s] GC(882) Pause Remark
[2023-12-18T23:44:54.431+0100][15216.937s] GC(882) Pause Remark 152M->151M(512M) 3.560ms
[2023-12-18T23:44:54.431+0100][15216.937s] GC(882) User=0.00s Sys=0.00s Real=0.00s
[2023-12-18T23:44:54.431+0100][15216.937s] GC(882) Concurrent Mark 25.065ms
[2023-12-18T23:44:54.431+0100][15216.937s] GC(882) Concurrent Rebuild Remembered Sets
[2023-12-18T23:44:54.444+0100][15216.950s] GC(882) Concurrent Rebuild Remembered Sets 13.400ms
[2023-12-18T23:44:54.444+0100][15216.950s] GC(882) Pause Cleanup
[2023-12-18T23:44:54.444+0100][15216.951s] GC(882) Pause Cleanup 154M->154M(512M) 0.219ms
[2023-12-18T23:44:54.444+0100][15216.951s] GC(882) User=0.00s Sys=0.00s Real=0.00s
[2023-12-18T23:44:54.444+0100][15216.951s] GC(882) Concurrent Cleanup for Next Mark
[2023-12-18T23:44:54.445+0100][15216.951s] GC(882) Concurrent Cleanup for Next Mark 0.683ms
[2023-12-18T23:44:54.445+0100][15216.951s] GC(882) Concurrent Mark Cycle 40.781ms
[2023-12-18T23:44:54.881+0100][15217.386s] GC(883) Pause Young (Prepare Mixed) (G1 Evacuation Pause)
[2023-12-18T23:44:54.881+0100][15217.386s] GC(883) Using 10 workers of 10 for evacuation
[2023-12-18T23:44:54.884+0100][15217.389s] GC(883)   Pre Evacuate Collection Set: 0.1ms
[2023-12-18T23:44:54.884+0100][15217.389s] GC(883)   Merge Heap Roots: 0.1ms
[2023-12-18T23:44:54.884+0100][15217.390s] GC(883)   Evacuate Collection Set: 2.6ms
[2023-12-18T23:44:54.884+0100][15217.390s] GC(883)   Post Evacuate Collection Set: 0.5ms
[2023-12-18T23:44:54.884+0100][15217.390s] GC(883)   Other: 0.1ms
[2023-12-18T23:44:54.884+0100][15217.390s] GC(883) Eden regions: 301->0(15)
[2023-12-18T23:44:54.884+0100][15217.390s] GC(883) Survivor regions: 6->10(39)
[2023-12-18T23:44:54.884+0100][15217.390s] GC(883) Old regions: 115->115
[2023-12-18T23:44:54.884+0100][15217.390s] GC(883) Archive regions: 0->0
[2023-12-18T23:44:54.884+0100][15217.390s] GC(883) Humongous regions: 4->4
[2023-12-18T23:44:54.884+0100][15217.390s] GC(883) Metaspace: 63763K(64384K)->63763K(64384K) NonClass: 56713K(57024K)->56713K(57024K) Class: 7050K(7360K)->7050K(7360K)
[2023-12-18T23:44:54.884+0100][15217.390s] GC(883) Pause Young (Prepare Mixed) (G1 Evacuation Pause) 425M->127M(512M) 3.575ms
[2023-12-18T23:44:54.884+0100][15217.390s] GC(883) User=0.00s Sys=0.00s Real=0.00s
[2023-12-18T23:44:54.907+0100][15217.413s] GC(884) Pause Young (Mixed) (G1 Evacuation Pause)
[2023-12-18T23:44:54.907+0100][15217.413s] GC(884) Using 10 workers of 10 for evacuation
[2023-12-18T23:44:54.911+0100][15217.417s] GC(884)   Pre Evacuate Collection Set: 0.1ms
[2023-12-18T23:44:54.911+0100][15217.417s] GC(884)   Merge Heap Roots: 0.1ms
[2023-12-18T23:44:54.911+0100][15217.417s] GC(884)   Evacuate Collection Set: 3.4ms
[2023-12-18T23:44:54.911+0100][15217.417s] GC(884)   Post Evacuate Collection Set: 0.4ms
[2023-12-18T23:44:54.911+0100][15217.417s] GC(884)   Other: 0.1ms
[2023-12-18T23:44:54.911+0100][15217.417s] GC(884) Eden regions: 15->0(306)
[2023-12-18T23:44:54.911+0100][15217.417s] GC(884) Survivor regions: 10->1(4)
[2023-12-18T23:44:54.911+0100][15217.417s] GC(884) Old regions: 115->118
[2023-12-18T23:44:54.911+0100][15217.417s] GC(884) Archive regions: 0->0
[2023-12-18T23:44:54.911+0100][15217.417s] GC(884) Humongous regions: 4->4
[2023-12-18T23:44:54.911+0100][15217.417s] GC(884) Metaspace: 63763K(64384K)->63763K(64384K) NonClass: 56713K(57024K)->56713K(57024K) Class: 7050K(7360K)->7050K(7360K)
[2023-12-18T23:44:54.911+0100][15217.417s] GC(884) Pause Young (Mixed) (G1 Evacuation Pause) 142M->122M(512M) 4.235ms
[2023-12-18T23:44:54.911+0100][15217.417s] GC(884) User=0.00s Sys=0.00s Real=0.00s
[2023-12-18T23:44:55.247+0100][15217.753s] GC(885) Pause Young (Normal) (G1 Evacuation Pause)
[2023-12-18T23:44:55.247+0100][15217.753s] GC(885) Using 10 workers of 10 for evacuation
[2023-12-18T23:44:55.248+0100][15217.754s] GC(885)   Pre Evacuate Collection Set: 0.1ms
[2023-12-18T23:44:55.248+0100][15217.754s] GC(885)   Merge Heap Roots: 0.0ms
[2023-12-18T23:44:55.248+0100][15217.754s] GC(885)   Evacuate Collection Set: 1.0ms
[2023-12-18T23:44:55.248+0100][15217.754s] GC(885)   Post Evacuate Collection Set: 0.2ms
[2023-12-18T23:44:55.248+0100][15217.754s] GC(885)   Other: 0.1ms
[2023-12-18T23:44:55.248+0100][15217.754s] GC(885) Eden regions: 306->0(303)
[2023-12-18T23:44:55.248+0100][15217.754s] GC(885) Survivor regions: 1->4(39)
[2023-12-18T23:44:55.248+0100][15217.754s] GC(885) Old regions: 118->118
[2023-12-18T23:44:55.248+0100][15217.754s] GC(885) Archive regions: 0->0
[2023-12-18T23:44:55.248+0100][15217.754s] GC(885) Humongous regions: 4->4
[2023-12-18T23:44:55.248+0100][15217.754s] GC(885) Metaspace: 63763K(64384K)->63763K(64384K) NonClass: 56713K(57024K)->56713K(57024K) Class: 7050K(7360K)->7050K(7360K)
[2023-12-18T23:44:55.248+0100][15217.754s] GC(885) Pause Young (Normal) (G1 Evacuation Pause) 428M->125M(512M) 1.549ms
[2023-12-18T23:44:55.248+0100][15217.754s] GC(885) User=0.00s Sys=0.00s Real=0.00s
[2023-12-18T23:44:55.709+0100][15218.214s] GC(886) Pause Young (Normal) (G1 Evacuation Pause)
[2023-12-18T23:44:55.709+0100][15218.214s] GC(886) Using 10 workers of 10 for evacuation
[2023-12-18T23:44:55.713+0100][15218.218s] GC(886)   Pre Evacuate Collection Set: 0.1ms
[2023-12-18T23:44:55.713+0100][15218.218s] GC(886)   Merge Heap Roots: 0.1ms
[2023-12-18T23:44:55.713+0100][15218.218s] GC(886)   Evacuate Collection Set: 3.1ms
[2023-12-18T23:44:55.713+0100][15218.218s] GC(886)   Post Evacuate Collection Set: 0.6ms
[2023-12-18T23:44:55.713+0100][15218.218s] GC(886)   Other: 0.1ms
[2023-12-18T23:44:55.713+0100][15218.218s] GC(886) Eden regions: 303->0(296)
[2023-12-18T23:44:55.713+0100][15218.218s] GC(886) Survivor regions: 4->11(39)
[2023-12-18T23:44:55.713+0100][15218.218s] GC(886) Old regions: 118->118
[2023-12-18T23:44:55.713+0100][15218.218s] GC(886) Archive regions: 0->0
[2023-12-18T23:44:55.713+0100][15218.218s] GC(886) Humongous regions: 4->4
[2023-12-18T23:44:55.713+0100][15218.218s] GC(886) Metaspace: 63763K(64384K)->63763K(64384K) NonClass: 56713K(57024K)->56713K(57024K) Class: 7050K(7360K)->7050K(7360K)
[2023-12-18T23:44:55.713+0100][15218.218s] GC(886) Pause Young (Normal) (G1 Evacuation Pause) 428M->132M(512M) 4.206ms
[2023-12-18T23:44:55.713+0100][15218.218s] GC(886) User=0.00s Sys=0.00s Real=0.00s
[2023-12-18T23:44:56.017+0100][15218.522s] GC(887) Pause Young (Concurrent Start) (G1 Evacuation Pause)
[2023-12-18T23:44:56.017+0100][15218.522s] GC(887) Using 10 workers of 10 for evacuation
[2023-12-18T23:44:56.020+0100][15218.525s] GC(887)   Pre Evacuate Collection Set: 0.2ms
[2023-12-18T23:44:56.020+0100][15218.525s] GC(887)   Merge Heap Roots: 0.1ms
[2023-12-18T23:44:56.020+0100][15218.525s] GC(887)   Evacuate Collection Set: 2.1ms
[2023-12-18T23:44:56.020+0100][15218.525s] GC(887)   Post Evacuate Collection Set: 0.4ms
[2023-12-18T23:44:56.020+0100][15218.525s] GC(887)   Other: 0.1ms
[2023-12-18T23:44:56.020+0100][15218.525s] GC(887) Eden regions: 296->0(298)
[2023-12-18T23:44:56.020+0100][15218.525s] GC(887) Survivor regions: 11->9(39)
[2023-12-18T23:44:56.020+0100][15218.525s] GC(887) Old regions: 118->118
[2023-12-18T23:44:56.020+0100][15218.525s] GC(887) Archive regions: 0->0
[2023-12-18T23:44:56.020+0100][15218.525s] GC(887) Humongous regions: 4->4
[2023-12-18T23:44:56.020+0100][15218.525s] GC(887) Metaspace: 63763K(64384K)->63763K(64384K) NonClass: 56713K(57024K)->56713K(57024K) Class: 7050K(7360K)->7050K(7360K)
[2023-12-18T23:44:56.020+0100][15218.525s] GC(887) Pause Young (Concurrent Start) (G1 Evacuation Pause) 428M->129M(512M) 3.101ms
[2023-12-18T23:44:56.020+0100][15218.525s] GC(888) Concurrent Mark Cycle
[2023-12-18T23:44:56.020+0100][15218.525s] GC(887) User=0.00s Sys=0.00s Real=0.00s
[2023-12-18T23:44:56.020+0100][15218.525s] GC(888) Concurrent Clear Claimed Marks
[2023-12-18T23:44:56.020+0100][15218.525s] GC(888) Concurrent Clear Claimed Marks 0.057ms
[2023-12-18T23:44:56.020+0100][15218.525s] GC(888) Concurrent Scan Root Regions
[2023-12-18T23:44:56.021+0100][15218.526s] GC(888) Concurrent Scan Root Regions 1.329ms
[2023-12-18T23:44:56.021+0100][15218.526s] GC(888) Concurrent Mark
[2023-12-18T23:44:56.021+0100][15218.526s] GC(888) Concurrent Mark From Roots
[2023-12-18T23:44:56.021+0100][15218.526s] GC(888) Using 3 workers of 3 for marking
[2023-12-18T23:44:56.049+0100][15218.555s] GC(888) Concurrent Mark From Roots 28.096ms
[2023-12-18T23:44:56.049+0100][15218.555s] GC(888) Concurrent Preclean
[2023-12-18T23:44:56.050+0100][15218.555s] GC(888) Concurrent Preclean 0.171ms
[2023-12-18T23:44:56.050+0100][15218.555s] GC(888) Pause Remark
[2023-12-18T23:44:56.053+0100][15218.558s] GC(888) Pause Remark 145M->145M(512M) 2.943ms
[2023-12-18T23:44:56.053+0100][15218.558s] GC(888) User=0.00s Sys=0.00s Real=0.00s
[2023-12-18T23:44:56.053+0100][15218.558s] GC(888) Concurrent Mark 31.466ms
[2023-12-18T23:44:56.053+0100][15218.558s] GC(888) Concurrent Rebuild Remembered Sets
[2023-12-18T23:44:56.070+0100][15218.575s] GC(888) Concurrent Rebuild Remembered Sets 17.092ms
[2023-12-18T23:44:56.070+0100][15218.575s] GC(888) Pause Cleanup
[2023-12-18T23:44:56.070+0100][15218.575s] GC(888) Pause Cleanup 150M->150M(512M) 0.143ms
[2023-12-18T23:44:56.070+0100][15218.575s] GC(888) User=0.00s Sys=0.00s Real=0.00s
[2023-12-18T23:44:56.070+0100][15218.575s] GC(888) Concurrent Cleanup for Next Mark
[2023-12-18T23:44:56.070+0100][15218.576s] GC(888) Concurrent Cleanup for Next Mark 0.674ms
[2023-12-18T23:44:56.070+0100][15218.576s] GC(888) Concurrent Mark Cycle 51.114ms
[2023-12-18T23:44:56.507+0100][15219.012s] GC(889) Pause Young (Prepare Mixed) (G1 Evacuation Pause)
[2023-12-18T23:44:56.507+0100][15219.012s] GC(889) Using 10 workers of 10 for evacuation
[2023-12-18T23:44:56.511+0100][15219.016s] GC(889)   Pre Evacuate Collection Set: 0.1ms
[2023-12-18T23:44:56.511+0100][15219.016s] GC(889)   Merge Heap Roots: 0.0ms
[2023-12-18T23:44:56.511+0100][15219.016s] GC(889)   Evacuate Collection Set: 3.6ms
[2023-12-18T23:44:56.511+0100][15219.016s] GC(889)   Post Evacuate Collection Set: 0.3ms
[2023-12-18T23:44:56.511+0100][15219.016s] GC(889)   Other: 0.1ms
[2023-12-18T23:44:56.511+0100][15219.016s] GC(889) Eden regions: 298->0(12)
[2023-12-18T23:44:56.511+0100][15219.016s] GC(889) Survivor regions: 9->13(39)
[2023-12-18T23:44:56.511+0100][15219.016s] GC(889) Old regions: 118->118
[2023-12-18T23:44:56.511+0100][15219.016s] GC(889) Archive regions: 0->0
[2023-12-18T23:44:56.511+0100][15219.016s] GC(889) Humongous regions: 4->4
[2023-12-18T23:44:56.511+0100][15219.016s] GC(889) Metaspace: 63763K(64384K)->63763K(64384K) NonClass: 56713K(57024K)->56713K(57024K) Class: 7050K(7360K)->7050K(7360K)
[2023-12-18T23:44:56.511+0100][15219.016s] GC(889) Pause Young (Prepare Mixed) (G1 Evacuation Pause) 427M->133M(512M) 4.291ms
[2023-12-18T23:44:56.511+0100][15219.016s] GC(889) User=0.00s Sys=0.00s Real=0.00s
[2023-12-18T23:44:56.518+0100][15219.024s] GC(890) Pause Young (Mixed) (G1 Evacuation Pause)
[2023-12-18T23:44:56.518+0100][15219.024s] GC(890) Using 10 workers of 10 for evacuation
[2023-12-18T23:44:56.524+0100][15219.029s] GC(890)   Pre Evacuate Collection Set: 0.1ms
[2023-12-18T23:44:56.524+0100][15219.029s] GC(890)   Merge Heap Roots: 0.1ms
[2023-12-18T23:44:56.524+0100][15219.029s] GC(890)   Evacuate Collection Set: 4.5ms
[2023-12-18T23:44:56.524+0100][15219.029s] GC(890)   Post Evacuate Collection Set: 0.6ms
[2023-12-18T23:44:56.524+0100][15219.029s] GC(890)   Other: 0.1ms
[2023-12-18T23:44:56.524+0100][15219.029s] GC(890) Eden regions: 12->0(304)
[2023-12-18T23:44:56.524+0100][15219.029s] GC(890) Survivor regions: 13->3(4)
[2023-12-18T23:44:56.524+0100][15219.029s] GC(890) Old regions: 118->124
[2023-12-18T23:44:56.524+0100][15219.029s] GC(890) Archive regions: 0->0
[2023-12-18T23:44:56.524+0100][15219.029s] GC(890) Humongous regions: 4->4
[2023-12-18T23:44:56.524+0100][15219.029s] GC(890) Metaspace: 63763K(64384K)->63763K(64384K) NonClass: 56713K(57024K)->56713K(57024K) Class: 7050K(7360K)->7050K(7360K)
[2023-12-18T23:44:56.524+0100][15219.029s] GC(890) Pause Young (Mixed) (G1 Evacuation Pause) 145M->129M(512M) 5.645ms
[2023-12-18T23:44:56.524+0100][15219.029s] GC(890) User=0.00s Sys=0.00s Real=0.01s
[2023-12-18T23:44:56.875+0100][15219.380s] GC(891) Pause Young (Normal) (G1 Evacuation Pause)
[2023-12-18T23:44:56.875+0100][15219.380s] GC(891) Using 10 workers of 10 for evacuation
[2023-12-18T23:44:56.877+0100][15219.382s] GC(891)   Pre Evacuate Collection Set: 0.1ms
[2023-12-18T23:44:56.877+0100][15219.382s] GC(891)   Merge Heap Roots: 0.1ms
[2023-12-18T23:44:56.877+0100][15219.382s] GC(891)   Evacuate Collection Set: 1.4ms
[2023-12-18T23:44:56.877+0100][15219.382s] GC(891)   Post Evacuate Collection Set: 0.4ms
[2023-12-18T23:44:56.877+0100][15219.382s] GC(891)   Other: 0.1ms
[2023-12-18T23:44:56.877+0100][15219.382s] GC(891) Eden regions: 304->0(301)
[2023-12-18T23:44:56.877+0100][15219.382s] GC(891) Survivor regions: 3->6(39)
[2023-12-18T23:44:56.877+0100][15219.382s] GC(891) Old regions: 124->124
[2023-12-18T23:44:56.877+0100][15219.382s] GC(891) Archive regions: 0->0
[2023-12-18T23:44:56.877+0100][15219.382s] GC(891) Humongous regions: 4->4
[2023-12-18T23:44:56.877+0100][15219.382s] GC(891) Metaspace: 63763K(64384K)->63763K(64384K) NonClass: 56713K(57024K)->56713K(57024K) Class: 7050K(7360K)->7050K(7360K)
[2023-12-18T23:44:56.877+0100][15219.382s] GC(891) Pause Young (Normal) (G1 Evacuation Pause) 433M->132M(512M) 2.309ms
[2023-12-18T23:44:56.877+0100][15219.382s] GC(891) User=0.16s Sys=0.00s Real=0.00s
[2023-12-18T23:44:57.349+0100][15219.854s] GC(892) Pause Young (Normal) (G1 Evacuation Pause)
[2023-12-18T23:44:57.349+0100][15219.854s] GC(892) Using 10 workers of 10 for evacuation
[2023-12-18T23:44:57.352+0100][15219.857s] GC(892)   Pre Evacuate Collection Set: 0.1ms
[2023-12-18T23:44:57.352+0100][15219.857s] GC(892)   Merge Heap Roots: 0.1ms
[2023-12-18T23:44:57.352+0100][15219.857s] GC(892)   Evacuate Collection Set: 2.3ms
[2023-12-18T23:44:57.352+0100][15219.857s] GC(892)   Post Evacuate Collection Set: 0.5ms
[2023-12-18T23:44:57.352+0100][15219.857s] GC(892)   Other: 0.1ms
[2023-12-18T23:44:57.352+0100][15219.857s] GC(892) Eden regions: 301->0(298)
[2023-12-18T23:44:57.352+0100][15219.857s] GC(892) Survivor regions: 6->9(39)
[2023-12-18T23:44:57.352+0100][15219.857s] GC(892) Old regions: 124->124
[2023-12-18T23:44:57.352+0100][15219.857s] GC(892) Archive regions: 0->0
[2023-12-18T23:44:57.352+0100][15219.858s] GC(892) Humongous regions: 4->4
[2023-12-18T23:44:57.352+0100][15219.858s] GC(892) Metaspace: 63763K(64384K)->63763K(64384K) NonClass: 56713K(57024K)->56713K(57024K) Class: 7050K(7360K)->7050K(7360K)
[2023-12-18T23:44:57.352+0100][15219.858s] GC(892) Pause Young (Normal) (G1 Evacuation Pause) 433M->135M(512M) 3.221ms
[2023-12-18T23:44:57.352+0100][15219.858s] GC(892) User=0.00s Sys=0.00s Real=0.00s
[2023-12-18T23:44:57.743+0100][15220.248s] GC(893) Pause Young (Concurrent Start) (G1 Evacuation Pause)
[2023-12-18T23:44:57.743+0100][15220.248s] GC(893) Using 10 workers of 10 for evacuation
[2023-12-18T23:44:57.748+0100][15220.253s] GC(893)   Pre Evacuate Collection Set: 0.2ms
[2023-12-18T23:44:57.748+0100][15220.253s] GC(893)   Merge Heap Roots: 0.1ms
[2023-12-18T23:44:57.748+0100][15220.253s] GC(893)   Evacuate Collection Set: 3.5ms
[2023-12-18T23:44:57.748+0100][15220.253s] GC(893)   Post Evacuate Collection Set: 0.7ms
[2023-12-18T23:44:57.748+0100][15220.253s] GC(893)   Other: 0.1ms
[2023-12-18T23:44:57.748+0100][15220.253s] GC(893) Eden regions: 298->0(292)
[2023-12-18T23:44:57.748+0100][15220.253s] GC(893) Survivor regions: 9->14(39)
[2023-12-18T23:44:57.748+0100][15220.253s] GC(893) Old regions: 124->124
[2023-12-18T23:44:57.748+0100][15220.253s] GC(893) Archive regions: 0->0
[2023-12-18T23:44:57.748+0100][15220.253s] GC(893) Humongous regions: 4->4
[2023-12-18T23:44:57.748+0100][15220.253s] GC(893) Metaspace: 63763K(64384K)->63763K(64384K) NonClass: 56713K(57024K)->56713K(57024K) Class: 7050K(7360K)->7050K(7360K)
[2023-12-18T23:44:57.748+0100][15220.253s] GC(893) Pause Young (Concurrent Start) (G1 Evacuation Pause) 433M->141M(512M) 4.902ms
[2023-12-18T23:44:57.748+0100][15220.253s] GC(893) User=0.00s Sys=0.00s Real=0.00s
[2023-12-18T23:44:57.748+0100][15220.253s] GC(894) Concurrent Mark Cycle
[2023-12-18T23:44:57.748+0100][15220.253s] GC(894) Concurrent Clear Claimed Marks
[2023-12-18T23:44:57.748+0100][15220.253s] GC(894) Concurrent Clear Claimed Marks 0.031ms
[2023-12-18T23:44:57.748+0100][15220.253s] GC(894) Concurrent Scan Root Regions
[2023-12-18T23:44:57.750+0100][15220.255s] GC(894) Concurrent Scan Root Regions 1.812ms
[2023-12-18T23:44:57.750+0100][15220.255s] GC(894) Concurrent Mark
[2023-12-18T23:44:57.750+0100][15220.255s] GC(894) Concurrent Mark From Roots
[2023-12-18T23:44:57.750+0100][15220.255s] GC(894) Using 3 workers of 3 for marking
[2023-12-18T23:44:57.775+0100][15220.281s] GC(894) Concurrent Mark From Roots 25.496ms
[2023-12-18T23:44:57.775+0100][15220.281s] GC(894) Concurrent Preclean
[2023-12-18T23:44:57.775+0100][15220.281s] GC(894) Concurrent Preclean 0.190ms
[2023-12-18T23:44:57.775+0100][15220.281s] GC(894) Pause Remark
[2023-12-18T23:44:57.780+0100][15220.286s] GC(894) Pause Remark 206M->204M(512M) 4.493ms
[2023-12-18T23:44:57.780+0100][15220.286s] GC(894) User=0.00s Sys=0.00s Real=0.00s
[2023-12-18T23:44:57.780+0100][15220.286s] GC(894) Concurrent Mark 30.427ms
[2023-12-18T23:44:57.780+0100][15220.286s] GC(894) Concurrent Rebuild Remembered Sets
[2023-12-18T23:44:57.795+0100][15220.301s] GC(894) Concurrent Rebuild Remembered Sets 15.347ms
[2023-12-18T23:44:57.795+0100][15220.301s] GC(894) Pause Cleanup
[2023-12-18T23:44:57.795+0100][15220.301s] GC(894) Pause Cleanup 233M->233M(512M) 0.176ms
[2023-12-18T23:44:57.795+0100][15220.301s] GC(894) User=0.00s Sys=0.00s Real=0.00s
[2023-12-18T23:44:57.795+0100][15220.301s] GC(894) Concurrent Cleanup for Next Mark
[2023-12-18T23:44:57.796+0100][15220.302s] GC(894) Concurrent Cleanup for Next Mark 0.691ms
[2023-12-18T23:44:57.796+0100][15220.302s] GC(894) Concurrent Mark Cycle 48.792ms
[2023-12-18T23:44:58.098+0100][15220.604s] GC(895) Pause Young (Prepare Mixed) (G1 Evacuation Pause)
[2023-12-18T23:44:58.098+0100][15220.604s] GC(895) Using 10 workers of 10 for evacuation
[2023-12-18T23:44:58.101+0100][15220.607s] GC(895)   Pre Evacuate Collection Set: 0.1ms
[2023-12-18T23:44:58.101+0100][15220.607s] GC(895)   Merge Heap Roots: 0.1ms
[2023-12-18T23:44:58.101+0100][15220.607s] GC(895)   Evacuate Collection Set: 1.6ms
[2023-12-18T23:44:58.101+0100][15220.607s] GC(895)   Post Evacuate Collection Set: 0.5ms
[2023-12-18T23:44:58.101+0100][15220.607s] GC(895)   Other: 0.1ms
[2023-12-18T23:44:58.101+0100][15220.607s] GC(895) Eden regions: 292->0(18)
[2023-12-18T23:44:58.101+0100][15220.607s] GC(895) Survivor regions: 14->7(39)
[2023-12-18T23:44:58.101+0100][15220.607s] GC(895) Old regions: 122->122
[2023-12-18T23:44:58.101+0100][15220.607s] GC(895) Archive regions: 0->0
[2023-12-18T23:44:58.101+0100][15220.607s] GC(895) Humongous regions: 4->4
[2023-12-18T23:44:58.101+0100][15220.607s] GC(895) Metaspace: 63763K(64384K)->63763K(64384K) NonClass: 56713K(57024K)->56713K(57024K) Class: 7050K(7360K)->7050K(7360K)
[2023-12-18T23:44:58.101+0100][15220.607s] GC(895) Pause Young (Prepare Mixed) (G1 Evacuation Pause) 431M->131M(512M) 2.482ms
[2023-12-18T23:44:58.101+0100][15220.607s] GC(895) User=0.00s Sys=0.00s Real=0.00s
[2023-12-18T23:44:58.121+0100][15220.627s] GC(896) Pause Young (Mixed) (G1 Evacuation Pause)
[2023-12-18T23:44:58.121+0100][15220.627s] GC(896) Using 10 workers of 10 for evacuation
[2023-12-18T23:44:58.124+0100][15220.630s] GC(896)   Pre Evacuate Collection Set: 0.1ms
[2023-12-18T23:44:58.124+0100][15220.630s] GC(896)   Merge Heap Roots: 0.1ms
[2023-12-18T23:44:58.124+0100][15220.630s] GC(896)   Evacuate Collection Set: 2.6ms
[2023-12-18T23:44:58.124+0100][15220.630s] GC(896)   Post Evacuate Collection Set: 0.4ms
[2023-12-18T23:44:58.124+0100][15220.630s] GC(896)   Other: 0.1ms
[2023-12-18T23:44:58.124+0100][15220.630s] GC(896) Eden regions: 18->0(304)
[2023-12-18T23:44:58.125+0100][15220.630s] GC(896) Survivor regions: 7->3(4)
[2023-12-18T23:44:58.125+0100][15220.630s] GC(896) Old regions: 122->121
[2023-12-18T23:44:58.125+0100][15220.630s] GC(896) Archive regions: 0->0
[2023-12-18T23:44:58.125+0100][15220.630s] GC(896) Humongous regions: 4->4
[2023-12-18T23:44:58.125+0100][15220.630s] GC(896) Metaspace: 63763K(64384K)->63763K(64384K) NonClass: 56713K(57024K)->56713K(57024K) Class: 7050K(7360K)->7050K(7360K)
[2023-12-18T23:44:58.125+0100][15220.630s] GC(896) Pause Young (Mixed) (G1 Evacuation Pause) 149M->127M(512M) 3.432ms
[2023-12-18T23:44:58.125+0100][15220.631s] GC(896) User=0.00s Sys=0.02s Real=0.00s
[2023-12-18T23:44:58.553+0100][15221.058s] GC(897) Pause Young (Normal) (G1 Evacuation Pause)
[2023-12-18T23:44:58.553+0100][15221.059s] GC(897) Using 10 workers of 10 for evacuation
[2023-12-18T23:44:58.555+0100][15221.061s] GC(897)   Pre Evacuate Collection Set: 0.1ms
[2023-12-18T23:44:58.555+0100][15221.061s] GC(897)   Merge Heap Roots: 0.1ms
[2023-12-18T23:44:58.555+0100][15221.061s] GC(897)   Evacuate Collection Set: 1.7ms
[2023-12-18T23:44:58.555+0100][15221.061s] GC(897)   Post Evacuate Collection Set: 0.4ms
[2023-12-18T23:44:58.555+0100][15221.061s] GC(897)   Other: 0.1ms
[2023-12-18T23:44:58.555+0100][15221.061s] GC(897) Eden regions: 304->0(300)
[2023-12-18T23:44:58.555+0100][15221.061s] GC(897) Survivor regions: 3->7(39)
[2023-12-18T23:44:58.555+0100][15221.061s] GC(897) Old regions: 121->121
[2023-12-18T23:44:58.555+0100][15221.061s] GC(897) Archive regions: 0->0
[2023-12-18T23:44:58.555+0100][15221.061s] GC(897) Humongous regions: 4->4
[2023-12-18T23:44:58.555+0100][15221.061s] GC(897) Metaspace: 63763K(64384K)->63763K(64384K) NonClass: 56713K(57024K)->56713K(57024K) Class: 7050K(7360K)->7050K(7360K)
[2023-12-18T23:44:58.555+0100][15221.061s] GC(897) Pause Young (Normal) (G1 Evacuation Pause) 431M->130M(512M) 2.586ms
[2023-12-18T23:44:58.555+0100][15221.061s] GC(897) User=0.00s Sys=0.00s Real=0.00s
[2023-12-18T23:44:58.906+0100][15221.412s] GC(898) Pause Young (Normal) (G1 Evacuation Pause)
[2023-12-18T23:44:58.906+0100][15221.412s] GC(898) Using 10 workers of 10 for evacuation
[2023-12-18T23:44:58.908+0100][15221.414s] GC(898)   Pre Evacuate Collection Set: 0.1ms
[2023-12-18T23:44:58.908+0100][15221.414s] GC(898)   Merge Heap Roots: 0.1ms
[2023-12-18T23:44:58.908+0100][15221.414s] GC(898)   Evacuate Collection Set: 1.4ms
[2023-12-18T23:44:58.908+0100][15221.414s] GC(898)   Post Evacuate Collection Set: 0.4ms
[2023-12-18T23:44:58.908+0100][15221.414s] GC(898)   Other: 0.1ms
[2023-12-18T23:44:58.908+0100][15221.414s] GC(898) Eden regions: 300->0(301)
[2023-12-18T23:44:58.908+0100][15221.414s] GC(898) Survivor regions: 7->6(39)
[2023-12-18T23:44:58.908+0100][15221.414s] GC(898) Old regions: 121->121
[2023-12-18T23:44:58.908+0100][15221.414s] GC(898) Archive regions: 0->0
[2023-12-18T23:44:58.908+0100][15221.414s] GC(898) Humongous regions: 4->4
[2023-12-18T23:44:58.908+0100][15221.414s] GC(898) Metaspace: 63763K(64384K)->63763K(64384K) NonClass: 56713K(57024K)->56713K(57024K) Class: 7050K(7360K)->7050K(7360K)
[2023-12-18T23:44:58.908+0100][15221.414s] GC(898) Pause Young (Normal) (G1 Evacuation Pause) 430M->130M(512M) 2.146ms
[2023-12-18T23:44:58.908+0100][15221.414s] GC(898) User=0.00s Sys=0.00s Real=0.00s
[2023-12-18T23:44:59.347+0100][15221.852s] GC(899) Pause Young (Concurrent Start) (G1 Evacuation Pause)
[2023-12-18T23:44:59.347+0100][15221.852s] GC(899) Using 10 workers of 10 for evacuation
[2023-12-18T23:44:59.350+0100][15221.855s] GC(899)   Pre Evacuate Collection Set: 0.2ms
[2023-12-18T23:44:59.350+0100][15221.855s] GC(899)   Merge Heap Roots: 0.1ms
[2023-12-18T23:44:59.350+0100][15221.855s] GC(899)   Evacuate Collection Set: 2.5ms
[2023-12-18T23:44:59.350+0100][15221.855s] GC(899)   Post Evacuate Collection Set: 0.5ms
[2023-12-18T23:44:59.350+0100][15221.855s] GC(899)   Other: 0.1ms
[2023-12-18T23:44:59.350+0100][15221.856s] GC(899) Eden regions: 301->0(297)
[2023-12-18T23:44:59.350+0100][15221.856s] GC(899) Survivor regions: 6->10(39)
[2023-12-18T23:44:59.350+0100][15221.856s] GC(899) Old regions: 121->121
[2023-12-18T23:44:59.350+0100][15221.856s] GC(899) Archive regions: 0->0
[2023-12-18T23:44:59.350+0100][15221.856s] GC(899) Humongous regions: 4->4
[2023-12-18T23:44:59.350+0100][15221.856s] GC(899) Metaspace: 63763K(64384K)->63763K(64384K) NonClass: 56713K(57024K)->56713K(57024K) Class: 7050K(7360K)->7050K(7360K)
[2023-12-18T23:44:59.350+0100][15221.856s] GC(899) Pause Young (Concurrent Start) (G1 Evacuation Pause) 431M->133M(512M) 3.732ms
[2023-12-18T23:44:59.350+0100][15221.856s] GC(900) Concurrent Mark Cycle
[2023-12-18T23:44:59.350+0100][15221.856s] GC(899) User=0.00s Sys=0.00s Real=0.00s
[2023-12-18T23:44:59.350+0100][15221.856s] GC(900) Concurrent Clear Claimed Marks
[2023-12-18T23:44:59.350+0100][15221.856s] GC(900) Concurrent Clear Claimed Marks 0.142ms
[2023-12-18T23:44:59.350+0100][15221.856s] GC(900) Concurrent Scan Root Regions
[2023-12-18T23:44:59.351+0100][15221.857s] GC(900) Concurrent Scan Root Regions 1.419ms
[2023-12-18T23:44:59.351+0100][15221.857s] GC(900) Concurrent Mark
[2023-12-18T23:44:59.351+0100][15221.857s] GC(900) Concurrent Mark From Roots
[2023-12-18T23:44:59.352+0100][15221.857s] GC(900) Using 3 workers of 3 for marking
[2023-12-18T23:44:59.372+0100][15221.878s] GC(900) Concurrent Mark From Roots 20.517ms
[2023-12-18T23:44:59.372+0100][15221.878s] GC(900) Concurrent Preclean
[2023-12-18T23:44:59.372+0100][15221.878s] GC(900) Concurrent Preclean 0.269ms
[2023-12-18T23:44:59.373+0100][15221.878s] GC(900) Pause Remark
[2023-12-18T23:44:59.377+0100][15221.883s] GC(900) Pause Remark 142M->135M(512M) 4.281ms
[2023-12-18T23:44:59.377+0100][15221.883s] GC(900) User=0.00s Sys=0.00s Real=0.00s
[2023-12-18T23:44:59.377+0100][15221.883s] GC(900) Concurrent Mark 25.397ms
[2023-12-18T23:44:59.377+0100][15221.883s] GC(900) Concurrent Rebuild Remembered Sets
[2023-12-18T23:44:59.391+0100][15221.896s] GC(900) Concurrent Rebuild Remembered Sets 13.740ms
[2023-12-18T23:44:59.391+0100][15221.896s] GC(900) Pause Cleanup
[2023-12-18T23:44:59.391+0100][15221.897s] GC(900) Pause Cleanup 160M->160M(512M) 0.202ms
[2023-12-18T23:44:59.391+0100][15221.897s] GC(900) User=0.00s Sys=0.00s Real=0.00s
[2023-12-18T23:44:59.391+0100][15221.897s] GC(900) Concurrent Cleanup for Next Mark
[2023-12-18T23:44:59.392+0100][15221.897s] GC(900) Concurrent Cleanup for Next Mark 0.695ms
[2023-12-18T23:44:59.392+0100][15221.897s] GC(900) Concurrent Mark Cycle 41.895ms
[2023-12-18T23:44:59.659+0100][15222.164s] GC(901) Pause Young (Prepare Mixed) (G1 Evacuation Pause)
[2023-12-18T23:44:59.659+0100][15222.164s] GC(901) Using 10 workers of 10 for evacuation
[2023-12-18T23:44:59.661+0100][15222.167s] GC(901)   Pre Evacuate Collection Set: 0.1ms
[2023-12-18T23:44:59.661+0100][15222.167s] GC(901)   Merge Heap Roots: 0.1ms
[2023-12-18T23:44:59.661+0100][15222.167s] GC(901)   Evacuate Collection Set: 1.7ms
[2023-12-18T23:44:59.661+0100][15222.167s] GC(901)   Post Evacuate Collection Set: 0.4ms
[2023-12-18T23:44:59.661+0100][15222.167s] GC(901)   Other: 0.1ms
[2023-12-18T23:44:59.661+0100][15222.167s] GC(901) Eden regions: 297->0(17)
[2023-12-18T23:44:59.661+0100][15222.167s] GC(901) Survivor regions: 10->8(39)
[2023-12-18T23:44:59.661+0100][15222.167s] GC(901) Old regions: 114->114
[2023-12-18T23:44:59.661+0100][15222.167s] GC(901) Archive regions: 0->0
[2023-12-18T23:44:59.661+0100][15222.167s] GC(901) Humongous regions: 4->4
[2023-12-18T23:44:59.661+0100][15222.167s] GC(901) Metaspace: 63763K(64384K)->63763K(64384K) NonClass: 56713K(57024K)->56713K(57024K) Class: 7050K(7360K)->7050K(7360K)
[2023-12-18T23:44:59.661+0100][15222.167s] GC(901) Pause Young (Prepare Mixed) (G1 Evacuation Pause) 423M->124M(512M) 2.650ms
[2023-12-18T23:44:59.661+0100][15222.167s] GC(901) User=0.00s Sys=0.00s Real=0.00s
[2023-12-18T23:44:59.699+0100][15222.205s] GC(902) Pause Young (Mixed) (G1 Evacuation Pause)
[2023-12-18T23:44:59.699+0100][15222.205s] GC(902) Using 10 workers of 10 for evacuation
[2023-12-18T23:44:59.702+0100][15222.208s] GC(902)   Pre Evacuate Collection Set: 0.1ms
[2023-12-18T23:44:59.702+0100][15222.208s] GC(902)   Merge Heap Roots: 0.1ms
[2023-12-18T23:44:59.702+0100][15222.208s] GC(902)   Evacuate Collection Set: 2.2ms
[2023-12-18T23:44:59.702+0100][15222.208s] GC(902)   Post Evacuate Collection Set: 0.5ms
[2023-12-18T23:44:59.702+0100][15222.208s] GC(902)   Other: 0.1ms
[2023-12-18T23:44:59.702+0100][15222.208s] GC(902) Eden regions: 17->0(305)
[2023-12-18T23:44:59.702+0100][15222.208s] GC(902) Survivor regions: 8->2(4)
[2023-12-18T23:44:59.702+0100][15222.208s] GC(902) Old regions: 114->115
[2023-12-18T23:44:59.702+0100][15222.208s] GC(902) Archive regions: 0->0
[2023-12-18T23:44:59.702+0100][15222.208s] GC(902) Humongous regions: 4->4
[2023-12-18T23:44:59.702+0100][15222.208s] GC(902) Metaspace: 63763K(64384K)->63763K(64384K) NonClass: 56713K(57024K)->56713K(57024K) Class: 7050K(7360K)->7050K(7360K)
[2023-12-18T23:44:59.702+0100][15222.208s] GC(902) Pause Young (Mixed) (G1 Evacuation Pause) 141M->120M(512M) 3.104ms
[2023-12-18T23:44:59.702+0100][15222.208s] GC(902) User=0.00s Sys=0.00s Real=0.00s
[2023-12-18T23:44:59.836+0100][15222.342s] GC(903) Pause Young (Concurrent Start) (CodeCache GC Threshold)
[2023-12-18T23:44:59.836+0100][15222.342s] GC(903) Using 10 workers of 10 for evacuation
[2023-12-18T23:44:59.838+0100][15222.343s] GC(903)   Pre Evacuate Collection Set: 0.2ms
[2023-12-18T23:44:59.838+0100][15222.343s] GC(903)   Merge Heap Roots: 0.0ms
[2023-12-18T23:44:59.838+0100][15222.343s] GC(903)   Evacuate Collection Set: 0.7ms
[2023-12-18T23:44:59.838+0100][15222.343s] GC(903)   Post Evacuate Collection Set: 0.3ms
[2023-12-18T23:44:59.838+0100][15222.343s] GC(903)   Other: 0.0ms
[2023-12-18T23:44:59.838+0100][15222.343s] GC(903) Eden regions: 98->0(302)
[2023-12-18T23:44:59.838+0100][15222.343s] GC(903) Survivor regions: 2->3(39)
[2023-12-18T23:44:59.838+0100][15222.343s] GC(903) Old regions: 115->115
[2023-12-18T23:44:59.838+0100][15222.343s] GC(903) Archive regions: 0->0
[2023-12-18T23:44:59.838+0100][15222.343s] GC(903) Humongous regions: 4->4
[2023-12-18T23:44:59.838+0100][15222.343s] GC(903) Metaspace: 63763K(64384K)->63763K(64384K) NonClass: 56713K(57024K)->56713K(57024K) Class: 7050K(7360K)->7050K(7360K)
[2023-12-18T23:44:59.838+0100][15222.343s] GC(903) Pause Young (Concurrent Start) (CodeCache GC Threshold) 217M->120M(512M) 1.431ms
[2023-12-18T23:44:59.838+0100][15222.343s] GC(904) Concurrent Mark Cycle
[2023-12-18T23:44:59.838+0100][15222.343s] GC(903) User=0.00s Sys=0.00s Real=0.00s
[2023-12-18T23:44:59.838+0100][15222.343s] GC(904) Concurrent Clear Claimed Marks
[2023-12-18T23:44:59.838+0100][15222.343s] GC(904) Concurrent Clear Claimed Marks 0.071ms
[2023-12-18T23:44:59.838+0100][15222.343s] GC(904) Concurrent Scan Root Regions
[2023-12-18T23:44:59.839+0100][15222.345s] GC(904) Concurrent Scan Root Regions 1.347ms
[2023-12-18T23:44:59.839+0100][15222.345s] GC(904) Concurrent Mark
[2023-12-18T23:44:59.839+0100][15222.345s] GC(904) Concurrent Mark From Roots
[2023-12-18T23:44:59.839+0100][15222.345s] GC(904) Using 3 workers of 3 for marking
[2023-12-18T23:44:59.863+0100][15222.368s] GC(904) Concurrent Mark From Roots 23.470ms
[2023-12-18T23:44:59.863+0100][15222.368s] GC(904) Concurrent Preclean
[2023-12-18T23:44:59.863+0100][15222.368s] GC(904) Concurrent Preclean 0.209ms
[2023-12-18T23:44:59.863+0100][15222.369s] GC(904) Pause Remark
[2023-12-18T23:44:59.867+0100][15222.372s] GC(904) Pause Remark 131M->131M(512M) 3.923ms
[2023-12-18T23:44:59.867+0100][15222.373s] GC(904) User=0.00s Sys=0.00s Real=0.00s
[2023-12-18T23:44:59.867+0100][15222.373s] GC(904) Concurrent Mark 27.843ms
[2023-12-18T23:44:59.867+0100][15222.373s] GC(904) Concurrent Rebuild Remembered Sets
[2023-12-18T23:44:59.881+0100][15222.386s] GC(904) Concurrent Rebuild Remembered Sets 13.393ms
[2023-12-18T23:44:59.881+0100][15222.386s] GC(904) Pause Cleanup
[2023-12-18T23:44:59.881+0100][15222.386s] GC(904) Pause Cleanup 138M->138M(512M) 0.150ms
[2023-12-18T23:44:59.881+0100][15222.386s] GC(904) User=0.00s Sys=0.00s Real=0.00s
[2023-12-18T23:44:59.881+0100][15222.386s] GC(904) Concurrent Cleanup for Next Mark
[2023-12-18T23:44:59.881+0100][15222.387s] GC(904) Concurrent Cleanup for Next Mark 0.658ms
[2023-12-18T23:44:59.881+0100][15222.387s] GC(904) Concurrent Mark Cycle 43.763ms
[2023-12-18T23:45:00.314+0100][15222.820s] GC(905) Pause Young (Prepare Mixed) (G1 Evacuation Pause)
[2023-12-18T23:45:00.314+0100][15222.820s] GC(905) Using 10 workers of 10 for evacuation
[2023-12-18T23:45:00.323+0100][15222.829s] GC(905)   Pre Evacuate Collection Set: 0.1ms
[2023-12-18T23:45:00.323+0100][15222.829s] GC(905)   Merge Heap Roots: 0.1ms
[2023-12-18T23:45:00.323+0100][15222.829s] GC(905)   Evacuate Collection Set: 8.1ms
[2023-12-18T23:45:00.323+0100][15222.829s] GC(905)   Post Evacuate Collection Set: 0.4ms
[2023-12-18T23:45:00.323+0100][15222.829s] GC(905)   Other: 0.1ms
[2023-12-18T23:45:00.323+0100][15222.829s] GC(905) Eden regions: 302->0(16)
[2023-12-18T23:45:00.323+0100][15222.829s] GC(905) Survivor regions: 3->9(39)
[2023-12-18T23:45:00.323+0100][15222.829s] GC(905) Old regions: 115->115
[2023-12-18T23:45:00.323+0100][15222.829s] GC(905) Archive regions: 0->0
[2023-12-18T23:45:00.323+0100][15222.829s] GC(905) Humongous regions: 4->4
[2023-12-18T23:45:00.323+0100][15222.829s] GC(905) Metaspace: 63763K(64384K)->63763K(64384K) NonClass: 56713K(57024K)->56713K(57024K) Class: 7050K(7360K)->7050K(7360K)
[2023-12-18T23:45:00.323+0100][15222.829s] GC(905) Pause Young (Prepare Mixed) (G1 Evacuation Pause) 422M->127M(512M) 9.158ms
[2023-12-18T23:45:00.323+0100][15222.829s] GC(905) User=0.00s Sys=0.00s Real=0.01s
[2023-12-18T23:45:00.333+0100][15222.839s] GC(906) Pause Young (Mixed) (G1 Evacuation Pause)
[2023-12-18T23:45:00.333+0100][15222.839s] GC(906) Using 10 workers of 10 for evacuation
[2023-12-18T23:45:00.337+0100][15222.843s] GC(906)   Pre Evacuate Collection Set: 0.1ms
[2023-12-18T23:45:00.337+0100][15222.843s] GC(906)   Merge Heap Roots: 0.1ms
[2023-12-18T23:45:00.337+0100][15222.843s] GC(906)   Evacuate Collection Set: 2.9ms
[2023-12-18T23:45:00.337+0100][15222.843s] GC(906)   Post Evacuate Collection Set: 0.9ms
[2023-12-18T23:45:00.337+0100][15222.843s] GC(906)   Other: 0.1ms
[2023-12-18T23:45:00.337+0100][15222.843s] GC(906) Eden regions: 16->0(302)
[2023-12-18T23:45:00.337+0100][15222.843s] GC(906) Survivor regions: 9->2(4)
[2023-12-18T23:45:00.337+0100][15222.843s] GC(906) Old regions: 115->117
[2023-12-18T23:45:00.337+0100][15222.843s] GC(906) Archive regions: 0->0
[2023-12-18T23:45:00.337+0100][15222.843s] GC(906) Humongous regions: 4->4
[2023-12-18T23:45:00.337+0100][15222.843s] GC(906) Metaspace: 63763K(64384K)->63763K(64384K) NonClass: 56713K(57024K)->56713K(57024K) Class: 7050K(7360K)->7050K(7360K)
[2023-12-18T23:45:00.337+0100][15222.843s] GC(906) Pause Young (Mixed) (G1 Evacuation Pause) 143M->122M(512M) 4.362ms
[2023-12-18T23:45:00.337+0100][15222.843s] GC(906) User=0.00s Sys=0.00s Real=0.00s
[2023-12-18T23:45:00.689+0100][15223.195s] GC(907) Pause Young (Normal) (G1 Evacuation Pause)
[2023-12-18T23:45:00.689+0100][15223.195s] GC(907) Using 10 workers of 10 for evacuation
[2023-12-18T23:45:00.691+0100][15223.197s] GC(907)   Pre Evacuate Collection Set: 0.0ms
[2023-12-18T23:45:00.691+0100][15223.197s] GC(907)   Merge Heap Roots: 0.0ms
[2023-12-18T23:45:00.691+0100][15223.197s] GC(907)   Evacuate Collection Set: 1.4ms
[2023-12-18T23:45:00.691+0100][15223.197s] GC(907)   Post Evacuate Collection Set: 0.3ms
[2023-12-18T23:45:00.691+0100][15223.197s] GC(907)   Other: 0.1ms
[2023-12-18T23:45:00.691+0100][15223.197s] GC(907) Eden regions: 302->0(303)
[2023-12-18T23:45:00.691+0100][15223.197s] GC(907) Survivor regions: 2->4(38)
[2023-12-18T23:45:00.691+0100][15223.197s] GC(907) Old regions: 117->117
[2023-12-18T23:45:00.691+0100][15223.197s] GC(907) Archive regions: 0->0
[2023-12-18T23:45:00.691+0100][15223.197s] GC(907) Humongous regions: 4->4
[2023-12-18T23:45:00.691+0100][15223.197s] GC(907) Metaspace: 63763K(64384K)->63763K(64384K) NonClass: 56713K(57024K)->56713K(57024K) Class: 7050K(7360K)->7050K(7360K)
[2023-12-18T23:45:00.691+0100][15223.197s] GC(907) Pause Young (Normal) (G1 Evacuation Pause) 424M->124M(512M) 2.088ms
[2023-12-18T23:45:00.691+0100][15223.197s] GC(907) User=0.00s Sys=0.00s Real=0.00s
[2023-12-18T23:45:01.133+0100][15223.639s] GC(908) Pause Young (Normal) (G1 Evacuation Pause)
[2023-12-18T23:45:01.133+0100][15223.639s] GC(908) Using 10 workers of 10 for evacuation
[2023-12-18T23:45:01.138+0100][15223.643s] GC(908)   Pre Evacuate Collection Set: 0.1ms
[2023-12-18T23:45:01.138+0100][15223.643s] GC(908)   Merge Heap Roots: 0.1ms
[2023-12-18T23:45:01.138+0100][15223.643s] GC(908)   Evacuate Collection Set: 2.7ms
[2023-12-18T23:45:01.138+0100][15223.643s] GC(908)   Post Evacuate Collection Set: 0.6ms
[2023-12-18T23:45:01.138+0100][15223.643s] GC(908)   Other: 0.1ms
[2023-12-18T23:45:01.138+0100][15223.643s] GC(908) Eden regions: 303->0(296)
[2023-12-18T23:45:01.138+0100][15223.643s] GC(908) Survivor regions: 4->11(39)
[2023-12-18T23:45:01.138+0100][15223.643s] GC(908) Old regions: 117->117
[2023-12-18T23:45:01.138+0100][15223.643s] GC(908) Archive regions: 0->0
[2023-12-18T23:45:01.138+0100][15223.643s] GC(908) Humongous regions: 4->4
[2023-12-18T23:45:01.138+0100][15223.643s] GC(908) Metaspace: 63763K(64384K)->63763K(64384K) NonClass: 56713K(57024K)->56713K(57024K) Class: 7050K(7360K)->7050K(7360K)
[2023-12-18T23:45:01.138+0100][15223.643s] GC(908) Pause Young (Normal) (G1 Evacuation Pause) 427M->131M(512M) 3.798ms
[2023-12-18T23:45:01.138+0100][15223.643s] GC(908) User=0.00s Sys=0.00s Real=0.01s
[2023-12-18T23:45:01.462+0100][15223.967s] GC(909) Pause Young (Normal) (G1 Evacuation Pause)
[2023-12-18T23:45:01.462+0100][15223.967s] GC(909) Using 10 workers of 10 for evacuation
[2023-12-18T23:45:01.464+0100][15223.969s] GC(909)   Pre Evacuate Collection Set: 0.1ms
[2023-12-18T23:45:01.464+0100][15223.969s] GC(909)   Merge Heap Roots: 0.1ms
[2023-12-18T23:45:01.464+0100][15223.969s] GC(909)   Evacuate Collection Set: 1.3ms
[2023-12-18T23:45:01.464+0100][15223.969s] GC(909)   Post Evacuate Collection Set: 0.4ms
[2023-12-18T23:45:01.464+0100][15223.969s] GC(909)   Other: 0.1ms
[2023-12-18T23:45:01.464+0100][15223.969s] GC(909) Eden regions: 296->0(301)
[2023-12-18T23:45:01.464+0100][15223.969s] GC(909) Survivor regions: 11->6(39)
[2023-12-18T23:45:01.464+0100][15223.969s] GC(909) Old regions: 117->117
[2023-12-18T23:45:01.464+0100][15223.969s] GC(909) Archive regions: 0->0
[2023-12-18T23:45:01.464+0100][15223.969s] GC(909) Humongous regions: 4->4
[2023-12-18T23:45:01.464+0100][15223.969s] GC(909) Metaspace: 63763K(64384K)->63763K(64384K) NonClass: 56713K(57024K)->56713K(57024K) Class: 7050K(7360K)->7050K(7360K)
[2023-12-18T23:45:01.464+0100][15223.969s] GC(909) Pause Young (Normal) (G1 Evacuation Pause) 427M->126M(512M) 2.116ms
[2023-12-18T23:45:01.464+0100][15223.969s] GC(909) User=0.00s Sys=0.00s Real=0.00s
[2023-12-18T23:45:01.880+0100][15224.386s] GC(910) Pause Young (Normal) (G1 Evacuation Pause)
[2023-12-18T23:45:01.880+0100][15224.386s] GC(910) Using 10 workers of 10 for evacuation
[2023-12-18T23:45:01.884+0100][15224.389s] GC(910)   Pre Evacuate Collection Set: 0.1ms
[2023-12-18T23:45:01.884+0100][15224.389s] GC(910)   Merge Heap Roots: 0.1ms
[2023-12-18T23:45:01.884+0100][15224.389s] GC(910)   Evacuate Collection Set: 2.3ms
[2023-12-18T23:45:01.884+0100][15224.389s] GC(910)   Post Evacuate Collection Set: 0.4ms
[2023-12-18T23:45:01.884+0100][15224.389s] GC(910)   Other: 0.1ms
[2023-12-18T23:45:01.884+0100][15224.389s] GC(910) Eden regions: 301->0(298)
[2023-12-18T23:45:01.884+0100][15224.389s] GC(910) Survivor regions: 6->9(39)
[2023-12-18T23:45:01.884+0100][15224.389s] GC(910) Old regions: 117->117
[2023-12-18T23:45:01.884+0100][15224.389s] GC(910) Archive regions: 0->0
[2023-12-18T23:45:01.884+0100][15224.389s] GC(910) Humongous regions: 4->4
[2023-12-18T23:45:01.884+0100][15224.389s] GC(910) Metaspace: 63763K(64384K)->63763K(64384K) NonClass: 56713K(57024K)->56713K(57024K) Class: 7050K(7360K)->7050K(7360K)
[2023-12-18T23:45:01.884+0100][15224.389s] GC(910) Pause Young (Normal) (G1 Evacuation Pause) 427M->129M(512M) 3.185ms
[2023-12-18T23:45:01.884+0100][15224.389s] GC(910) User=0.00s Sys=0.00s Real=0.00s
[2023-12-18T23:45:02.169+0100][15224.675s] GC(911) Pause Young (Normal) (G1 Evacuation Pause)
[2023-12-18T23:45:02.169+0100][15224.675s] GC(911) Using 10 workers of 10 for evacuation
[2023-12-18T23:45:02.174+0100][15224.680s] GC(911)   Pre Evacuate Collection Set: 0.1ms
[2023-12-18T23:45:02.174+0100][15224.680s] GC(911)   Merge Heap Roots: 0.1ms
[2023-12-18T23:45:02.174+0100][15224.680s] GC(911)   Evacuate Collection Set: 3.7ms
[2023-12-18T23:45:02.174+0100][15224.680s] GC(911)   Post Evacuate Collection Set: 0.6ms
[2023-12-18T23:45:02.174+0100][15224.680s] GC(911)   Other: 0.1ms
[2023-12-18T23:45:02.174+0100][15224.680s] GC(911) Eden regions: 298->0(292)
[2023-12-18T23:45:02.174+0100][15224.680s] GC(911) Survivor regions: 9->15(39)
[2023-12-18T23:45:02.174+0100][15224.680s] GC(911) Old regions: 117->117
[2023-12-18T23:45:02.174+0100][15224.680s] GC(911) Archive regions: 0->0
[2023-12-18T23:45:02.174+0100][15224.680s] GC(911) Humongous regions: 4->4
[2023-12-18T23:45:02.174+0100][15224.680s] GC(911) Metaspace: 63763K(64384K)->63763K(64384K) NonClass: 56713K(57024K)->56713K(57024K) Class: 7050K(7360K)->7050K(7360K)
[2023-12-18T23:45:02.174+0100][15224.680s] GC(911) Pause Young (Normal) (G1 Evacuation Pause) 427M->135M(512M) 4.751ms
[2023-12-18T23:45:02.174+0100][15224.680s] GC(911) User=0.16s Sys=0.00s Real=0.01s
[2023-12-18T23:45:02.625+0100][15225.131s] GC(912) Pause Young (Normal) (G1 Evacuation Pause)
[2023-12-18T23:45:02.625+0100][15225.131s] GC(912) Using 10 workers of 10 for evacuation
[2023-12-18T23:45:02.628+0100][15225.134s] GC(912)   Pre Evacuate Collection Set: 0.1ms
[2023-12-18T23:45:02.628+0100][15225.134s] GC(912)   Merge Heap Roots: 0.1ms
[2023-12-18T23:45:02.628+0100][15225.134s] GC(912)   Evacuate Collection Set: 2.4ms
[2023-12-18T23:45:02.628+0100][15225.134s] GC(912)   Post Evacuate Collection Set: 0.4ms
[2023-12-18T23:45:02.628+0100][15225.134s] GC(912)   Other: 0.1ms
[2023-12-18T23:45:02.628+0100][15225.134s] GC(912) Eden regions: 292->0(297)
[2023-12-18T23:45:02.628+0100][15225.134s] GC(912) Survivor regions: 15->10(39)
[2023-12-18T23:45:02.628+0100][15225.134s] GC(912) Old regions: 117->117
[2023-12-18T23:45:02.628+0100][15225.134s] GC(912) Archive regions: 0->0
[2023-12-18T23:45:02.628+0100][15225.134s] GC(912) Humongous regions: 4->4
[2023-12-18T23:45:02.628+0100][15225.134s] GC(912) Metaspace: 63763K(64384K)->63763K(64384K) NonClass: 56713K(57024K)->56713K(57024K) Class: 7050K(7360K)->7050K(7360K)
[2023-12-18T23:45:02.628+0100][15225.134s] GC(912) Pause Young (Normal) (G1 Evacuation Pause) 427M->130M(512M) 3.224ms
[2023-12-18T23:45:02.628+0100][15225.134s] GC(912) User=0.14s Sys=0.00s Real=0.00s
[2023-12-18T23:45:03.061+0100][15225.566s] GC(913) Pause Young (Normal) (G1 Evacuation Pause)
[2023-12-18T23:45:03.061+0100][15225.566s] GC(913) Using 10 workers of 10 for evacuation
[2023-12-18T23:45:03.066+0100][15225.572s] GC(913)   Pre Evacuate Collection Set: 0.1ms
[2023-12-18T23:45:03.066+0100][15225.572s] GC(913)   Merge Heap Roots: 0.1ms
[2023-12-18T23:45:03.066+0100][15225.572s] GC(913)   Evacuate Collection Set: 4.4ms
[2023-12-18T23:45:03.066+0100][15225.572s] GC(913)   Post Evacuate Collection Set: 0.5ms
[2023-12-18T23:45:03.066+0100][15225.572s] GC(913)   Other: 0.1ms
[2023-12-18T23:45:03.066+0100][15225.572s] GC(913) Eden regions: 297->0(294)
[2023-12-18T23:45:03.066+0100][15225.572s] GC(913) Survivor regions: 10->13(39)
[2023-12-18T23:45:03.066+0100][15225.572s] GC(913) Old regions: 117->117
[2023-12-18T23:45:03.066+0100][15225.572s] GC(913) Archive regions: 0->0
[2023-12-18T23:45:03.066+0100][15225.572s] GC(913) Humongous regions: 4->4
[2023-12-18T23:45:03.066+0100][15225.572s] GC(913) Metaspace: 63763K(64384K)->63763K(64384K) NonClass: 56713K(57024K)->56713K(57024K) Class: 7050K(7360K)->7050K(7360K)
[2023-12-18T23:45:03.066+0100][15225.572s] GC(913) Pause Young (Normal) (G1 Evacuation Pause) 427M->133M(512M) 5.335ms
[2023-12-18T23:45:03.066+0100][15225.572s] GC(913) User=0.16s Sys=0.00s Real=0.00s
[2023-12-18T23:45:03.378+0100][15225.883s] GC(914) Pause Young (Normal) (G1 Evacuation Pause)
[2023-12-18T23:45:03.378+0100][15225.884s] GC(914) Using 10 workers of 10 for evacuation
[2023-12-18T23:45:03.381+0100][15225.887s] GC(914)   Pre Evacuate Collection Set: 0.1ms
[2023-12-18T23:45:03.381+0100][15225.887s] GC(914)   Merge Heap Roots: 0.2ms
[2023-12-18T23:45:03.381+0100][15225.887s] GC(914)   Evacuate Collection Set: 2.4ms
[2023-12-18T23:45:03.381+0100][15225.887s] GC(914)   Post Evacuate Collection Set: 0.5ms
[2023-12-18T23:45:03.381+0100][15225.887s] GC(914)   Other: 0.1ms
[2023-12-18T23:45:03.381+0100][15225.887s] GC(914) Eden regions: 294->0(297)
[2023-12-18T23:45:03.381+0100][15225.887s] GC(914) Survivor regions: 13->10(39)
[2023-12-18T23:45:03.381+0100][15225.887s] GC(914) Old regions: 117->117
[2023-12-18T23:45:03.381+0100][15225.887s] GC(914) Archive regions: 0->0
[2023-12-18T23:45:03.381+0100][15225.887s] GC(914) Humongous regions: 4->4
[2023-12-18T23:45:03.381+0100][15225.887s] GC(914) Metaspace: 63763K(64384K)->63763K(64384K) NonClass: 56713K(57024K)->56713K(57024K) Class: 7050K(7360K)->7050K(7360K)
[2023-12-18T23:45:03.381+0100][15225.887s] GC(914) Pause Young (Normal) (G1 Evacuation Pause) 427M->130M(512M) 3.419ms
[2023-12-18T23:45:03.381+0100][15225.887s] GC(914) User=0.00s Sys=0.00s Real=0.00s
[2023-12-18T23:45:03.825+0100][15226.330s] GC(915) Pause Young (Normal) (G1 Evacuation Pause)
[2023-12-18T23:45:03.825+0100][15226.330s] GC(915) Using 10 workers of 10 for evacuation
[2023-12-18T23:45:03.828+0100][15226.334s] GC(915)   Pre Evacuate Collection Set: 0.1ms
[2023-12-18T23:45:03.829+0100][15226.334s] GC(915)   Merge Heap Roots: 0.1ms
[2023-12-18T23:45:03.829+0100][15226.334s] GC(915)   Evacuate Collection Set: 3.3ms
[2023-12-18T23:45:03.829+0100][15226.334s] GC(915)   Post Evacuate Collection Set: 0.4ms
[2023-12-18T23:45:03.829+0100][15226.334s] GC(915)   Other: 0.1ms
[2023-12-18T23:45:03.829+0100][15226.334s] GC(915) Eden regions: 297->0(294)
[2023-12-18T23:45:03.829+0100][15226.334s] GC(915) Survivor regions: 10->13(39)
[2023-12-18T23:45:03.829+0100][15226.334s] GC(915) Old regions: 117->117
[2023-12-18T23:45:03.829+0100][15226.334s] GC(915) Archive regions: 0->0
[2023-12-18T23:45:03.829+0100][15226.334s] GC(915) Humongous regions: 4->4
[2023-12-18T23:45:03.829+0100][15226.334s] GC(915) Metaspace: 63763K(64384K)->63763K(64384K) NonClass: 56713K(57024K)->56713K(57024K) Class: 7050K(7360K)->7050K(7360K)
[2023-12-18T23:45:03.829+0100][15226.334s] GC(915) Pause Young (Normal) (G1 Evacuation Pause) 427M->133M(512M) 4.079ms
[2023-12-18T23:45:03.829+0100][15226.334s] GC(915) User=0.02s Sys=0.00s Real=0.00s
[2023-12-18T23:45:04.138+0100][15226.644s] GC(916) Pause Young (Normal) (G1 Evacuation Pause)
[2023-12-18T23:45:04.138+0100][15226.644s] GC(916) Using 10 workers of 10 for evacuation
[2023-12-18T23:45:04.141+0100][15226.646s] GC(916)   Pre Evacuate Collection Set: 0.1ms
[2023-12-18T23:45:04.141+0100][15226.646s] GC(916)   Merge Heap Roots: 0.1ms
[2023-12-18T23:45:04.141+0100][15226.646s] GC(916)   Evacuate Collection Set: 1.7ms
[2023-12-18T23:45:04.141+0100][15226.647s] GC(916)   Post Evacuate Collection Set: 0.5ms
[2023-12-18T23:45:04.141+0100][15226.647s] GC(916)   Other: 0.1ms
[2023-12-18T23:45:04.141+0100][15226.647s] GC(916) Eden regions: 294->0(299)
[2023-12-18T23:45:04.141+0100][15226.647s] GC(916) Survivor regions: 13->8(39)
[2023-12-18T23:45:04.141+0100][15226.647s] GC(916) Old regions: 117->117
[2023-12-18T23:45:04.141+0100][15226.647s] GC(916) Archive regions: 0->0
[2023-12-18T23:45:04.141+0100][15226.647s] GC(916) Humongous regions: 4->4
[2023-12-18T23:45:04.141+0100][15226.647s] GC(916) Metaspace: 63763K(64384K)->63763K(64384K) NonClass: 56713K(57024K)->56713K(57024K) Class: 7050K(7360K)->7050K(7360K)
[2023-12-18T23:45:04.141+0100][15226.647s] GC(916) Pause Young (Normal) (G1 Evacuation Pause) 427M->128M(512M) 2.606ms
[2023-12-18T23:45:04.141+0100][15226.647s] GC(916) User=0.00s Sys=0.00s Real=0.00s
[2023-12-18T23:45:04.564+0100][15227.069s] GC(917) Pause Young (Normal) (G1 Evacuation Pause)
[2023-12-18T23:45:04.564+0100][15227.069s] GC(917) Using 10 workers of 10 for evacuation
[2023-12-18T23:45:04.567+0100][15227.072s] GC(917)   Pre Evacuate Collection Set: 0.1ms
[2023-12-18T23:45:04.567+0100][15227.072s] GC(917)   Merge Heap Roots: 0.1ms
[2023-12-18T23:45:04.567+0100][15227.072s] GC(917)   Evacuate Collection Set: 2.0ms
[2023-12-18T23:45:04.567+0100][15227.072s] GC(917)   Post Evacuate Collection Set: 0.4ms
[2023-12-18T23:45:04.567+0100][15227.072s] GC(917)   Other: 0.1ms
[2023-12-18T23:45:04.567+0100][15227.072s] GC(917) Eden regions: 299->0(297)
[2023-12-18T23:45:04.567+0100][15227.072s] GC(917) Survivor regions: 8->10(39)
[2023-12-18T23:45:04.567+0100][15227.072s] GC(917) Old regions: 117->117
[2023-12-18T23:45:04.567+0100][15227.072s] GC(917) Archive regions: 0->0
[2023-12-18T23:45:04.567+0100][15227.072s] GC(917) Humongous regions: 4->4
[2023-12-18T23:45:04.567+0100][15227.072s] GC(917) Metaspace: 63763K(64384K)->63763K(64384K) NonClass: 56713K(57024K)->56713K(57024K) Class: 7050K(7360K)->7050K(7360K)
[2023-12-18T23:45:04.567+0100][15227.072s] GC(917) Pause Young (Normal) (G1 Evacuation Pause) 427M->130M(512M) 2.908ms
[2023-12-18T23:45:04.567+0100][15227.072s] GC(917) User=0.00s Sys=0.00s Real=0.00s
[2023-12-18T23:45:05.008+0100][15227.513s] GC(918) Pause Young (Normal) (G1 Evacuation Pause)
[2023-12-18T23:45:05.008+0100][15227.513s] GC(918) Using 10 workers of 10 for evacuation
[2023-12-18T23:45:05.011+0100][15227.516s] GC(918)   Pre Evacuate Collection Set: 0.1ms
[2023-12-18T23:45:05.011+0100][15227.516s] GC(918)   Merge Heap Roots: 0.2ms
[2023-12-18T23:45:05.011+0100][15227.517s] GC(918)   Evacuate Collection Set: 2.8ms
[2023-12-18T23:45:05.011+0100][15227.517s] GC(918)   Post Evacuate Collection Set: 0.6ms
[2023-12-18T23:45:05.011+0100][15227.517s] GC(918)   Other: 0.1ms
[2023-12-18T23:45:05.011+0100][15227.517s] GC(918) Eden regions: 297->0(295)
[2023-12-18T23:45:05.011+0100][15227.517s] GC(918) Survivor regions: 10->12(39)
[2023-12-18T23:45:05.011+0100][15227.517s] GC(918) Old regions: 117->117
[2023-12-18T23:45:05.011+0100][15227.517s] GC(918) Archive regions: 0->0
[2023-12-18T23:45:05.011+0100][15227.517s] GC(918) Humongous regions: 4->4
[2023-12-18T23:45:05.011+0100][15227.517s] GC(918) Metaspace: 63764K(64384K)->63764K(64384K) NonClass: 56714K(57024K)->56714K(57024K) Class: 7050K(7360K)->7050K(7360K)
[2023-12-18T23:45:05.011+0100][15227.517s] GC(918) Pause Young (Normal) (G1 Evacuation Pause) 427M->132M(512M) 3.883ms
[2023-12-18T23:45:05.011+0100][15227.517s] GC(918) User=0.00s Sys=0.00s Real=0.00s
[2023-12-18T23:45:05.374+0100][15227.879s] GC(919) Pause Young (Normal) (G1 Evacuation Pause)
[2023-12-18T23:45:05.374+0100][15227.879s] GC(919) Using 10 workers of 10 for evacuation
[2023-12-18T23:45:05.380+0100][15227.885s] GC(919)   Pre Evacuate Collection Set: 0.1ms
[2023-12-18T23:45:05.380+0100][15227.885s] GC(919)   Merge Heap Roots: 0.1ms
[2023-12-18T23:45:05.380+0100][15227.885s] GC(919)   Evacuate Collection Set: 5.1ms
[2023-12-18T23:45:05.380+0100][15227.885s] GC(919)   Post Evacuate Collection Set: 0.7ms
[2023-12-18T23:45:05.380+0100][15227.885s] GC(919)   Other: 0.1ms
[2023-12-18T23:45:05.380+0100][15227.885s] GC(919) Eden regions: 295->0(288)
[2023-12-18T23:45:05.380+0100][15227.885s] GC(919) Survivor regions: 12->19(39)
[2023-12-18T23:45:05.380+0100][15227.885s] GC(919) Old regions: 117->117
[2023-12-18T23:45:05.380+0100][15227.885s] GC(919) Archive regions: 0->0
[2023-12-18T23:45:05.380+0100][15227.885s] GC(919) Humongous regions: 4->4
[2023-12-18T23:45:05.380+0100][15227.885s] GC(919) Metaspace: 63764K(64384K)->63764K(64384K) NonClass: 56714K(57024K)->56714K(57024K) Class: 7050K(7360K)->7050K(7360K)
[2023-12-18T23:45:05.380+0100][15227.885s] GC(919) Pause Young (Normal) (G1 Evacuation Pause) 427M->139M(512M) 6.265ms
[2023-12-18T23:45:05.380+0100][15227.885s] GC(919) User=0.16s Sys=0.00s Real=0.01s
[2023-12-18T23:45:05.697+0100][15228.202s] GC(920) Pause Young (Normal) (G1 Evacuation Pause)
[2023-12-18T23:45:05.697+0100][15228.202s] GC(920) Using 10 workers of 10 for evacuation
[2023-12-18T23:45:05.700+0100][15228.206s] GC(920)   Pre Evacuate Collection Set: 0.1ms
[2023-12-18T23:45:05.700+0100][15228.206s] GC(920)   Merge Heap Roots: 0.1ms
[2023-12-18T23:45:05.700+0100][15228.206s] GC(920)   Evacuate Collection Set: 2.8ms
[2023-12-18T23:45:05.700+0100][15228.206s] GC(920)   Post Evacuate Collection Set: 0.5ms
[2023-12-18T23:45:05.700+0100][15228.206s] GC(920)   Other: 0.1ms
[2023-12-18T23:45:05.700+0100][15228.206s] GC(920) Eden regions: 288->0(296)
[2023-12-18T23:45:05.700+0100][15228.206s] GC(920) Survivor regions: 19->11(39)
[2023-12-18T23:45:05.700+0100][15228.206s] GC(920) Old regions: 117->117
[2023-12-18T23:45:05.700+0100][15228.206s] GC(920) Archive regions: 0->0
[2023-12-18T23:45:05.700+0100][15228.206s] GC(920) Humongous regions: 4->4
[2023-12-18T23:45:05.700+0100][15228.206s] GC(920) Metaspace: 63764K(64384K)->63764K(64384K) NonClass: 56714K(57024K)->56714K(57024K) Class: 7050K(7360K)->7050K(7360K)
[2023-12-18T23:45:05.701+0100][15228.206s] GC(920) Pause Young (Normal) (G1 Evacuation Pause) 427M->131M(512M) 3.754ms
[2023-12-18T23:45:05.701+0100][15228.206s] GC(920) User=0.00s Sys=0.00s Real=0.00s
[2023-12-18T23:45:06.139+0100][15228.645s] GC(921) Pause Young (Normal) (G1 Evacuation Pause)
[2023-12-18T23:45:06.139+0100][15228.645s] GC(921) Using 10 workers of 10 for evacuation
[2023-12-18T23:45:06.143+0100][15228.649s] GC(921)   Pre Evacuate Collection Set: 0.1ms
[2023-12-18T23:45:06.143+0100][15228.649s] GC(921)   Merge Heap Roots: 0.1ms
[2023-12-18T23:45:06.143+0100][15228.649s] GC(921)   Evacuate Collection Set: 3.5ms
[2023-12-18T23:45:06.143+0100][15228.649s] GC(921)   Post Evacuate Collection Set: 0.6ms
[2023-12-18T23:45:06.143+0100][15228.649s] GC(921)   Other: 0.1ms
[2023-12-18T23:45:06.143+0100][15228.649s] GC(921) Eden regions: 296->0(293)
[2023-12-18T23:45:06.143+0100][15228.649s] GC(921) Survivor regions: 11->14(39)
[2023-12-18T23:45:06.143+0100][15228.649s] GC(921) Old regions: 117->117
[2023-12-18T23:45:06.143+0100][15228.649s] GC(921) Archive regions: 0->0
[2023-12-18T23:45:06.143+0100][15228.649s] GC(921) Humongous regions: 4->4
[2023-12-18T23:45:06.143+0100][15228.649s] GC(921) Metaspace: 63764K(64384K)->63764K(64384K) NonClass: 56714K(57024K)->56714K(57024K) Class: 7050K(7360K)->7050K(7360K)
[2023-12-18T23:45:06.143+0100][15228.649s] GC(921) Pause Young (Normal) (G1 Evacuation Pause) 427M->134M(512M) 4.542ms
[2023-12-18T23:45:06.143+0100][15228.649s] GC(921) User=0.16s Sys=0.00s Real=0.00s
[2023-12-18T23:45:06.436+0100][15228.942s] GC(922) Pause Young (Normal) (G1 Evacuation Pause)
[2023-12-18T23:45:06.436+0100][15228.942s] GC(922) Using 10 workers of 10 for evacuation
[2023-12-18T23:45:06.439+0100][15228.945s] GC(922)   Pre Evacuate Collection Set: 0.1ms
[2023-12-18T23:45:06.439+0100][15228.945s] GC(922)   Merge Heap Roots: 0.1ms
[2023-12-18T23:45:06.439+0100][15228.945s] GC(922)   Evacuate Collection Set: 1.8ms
[2023-12-18T23:45:06.439+0100][15228.945s] GC(922)   Post Evacuate Collection Set: 0.6ms
[2023-12-18T23:45:06.439+0100][15228.945s] GC(922)   Other: 0.1ms
[2023-12-18T23:45:06.439+0100][15228.945s] GC(922) Eden regions: 293->0(297)
[2023-12-18T23:45:06.439+0100][15228.945s] GC(922) Survivor regions: 14->10(39)
[2023-12-18T23:45:06.439+0100][15228.945s] GC(922) Old regions: 117->118
[2023-12-18T23:45:06.439+0100][15228.945s] GC(922) Archive regions: 0->0
[2023-12-18T23:45:06.439+0100][15228.945s] GC(922) Humongous regions: 4->4
[2023-12-18T23:45:06.439+0100][15228.945s] GC(922) Metaspace: 63764K(64384K)->63764K(64384K) NonClass: 56714K(57024K)->56714K(57024K) Class: 7050K(7360K)->7050K(7360K)
[2023-12-18T23:45:06.439+0100][15228.945s] GC(922) Pause Young (Normal) (G1 Evacuation Pause) 427M->130M(512M) 2.820ms
[2023-12-18T23:45:06.439+0100][15228.945s] GC(922) User=0.16s Sys=0.00s Real=0.00s
[2023-12-18T23:45:06.835+0100][15229.341s] GC(923) Pause Young (Normal) (G1 Evacuation Pause)
[2023-12-18T23:45:06.836+0100][15229.341s] GC(923) Using 10 workers of 10 for evacuation
[2023-12-18T23:45:06.840+0100][15229.345s] GC(923)   Pre Evacuate Collection Set: 0.1ms
[2023-12-18T23:45:06.840+0100][15229.345s] GC(923)   Merge Heap Roots: 0.1ms
[2023-12-18T23:45:06.840+0100][15229.345s] GC(923)   Evacuate Collection Set: 3.5ms
[2023-12-18T23:45:06.840+0100][15229.345s] GC(923)   Post Evacuate Collection Set: 0.6ms
[2023-12-18T23:45:06.840+0100][15229.346s] GC(923)   Other: 0.1ms
[2023-12-18T23:45:06.840+0100][15229.346s] GC(923) Eden regions: 297->0(293)
[2023-12-18T23:45:06.840+0100][15229.346s] GC(923) Survivor regions: 10->14(39)
[2023-12-18T23:45:06.840+0100][15229.346s] GC(923) Old regions: 118->118
[2023-12-18T23:45:06.840+0100][15229.346s] GC(923) Archive regions: 0->0
[2023-12-18T23:45:06.840+0100][15229.346s] GC(923) Humongous regions: 4->4
[2023-12-18T23:45:06.840+0100][15229.346s] GC(923) Metaspace: 63764K(64384K)->63764K(64384K) NonClass: 56714K(57024K)->56714K(57024K) Class: 7050K(7360K)->7050K(7360K)
[2023-12-18T23:45:06.840+0100][15229.346s] GC(923) Pause Young (Normal) (G1 Evacuation Pause) 427M->134M(512M) 4.490ms
[2023-12-18T23:45:06.840+0100][15229.346s] GC(923) User=0.00s Sys=0.00s Real=0.00s
[2023-12-18T23:45:07.121+0100][15229.627s] GC(924) Pause Young (Concurrent Start) (G1 Evacuation Pause)
[2023-12-18T23:45:07.121+0100][15229.627s] GC(924) Using 10 workers of 10 for evacuation
[2023-12-18T23:45:07.125+0100][15229.632s] GC(924)   Pre Evacuate Collection Set: 0.1ms
[2023-12-18T23:45:07.126+0100][15229.632s] GC(924)   Merge Heap Roots: 0.1ms
[2023-12-18T23:45:07.126+0100][15229.632s] GC(924)   Evacuate Collection Set: 3.7ms
[2023-12-18T23:45:07.126+0100][15229.632s] GC(924)   Post Evacuate Collection Set: 0.5ms
[2023-12-18T23:45:07.126+0100][15229.632s] GC(924)   Other: 0.1ms
[2023-12-18T23:45:07.126+0100][15229.632s] GC(924) Eden regions: 293->0(290)
[2023-12-18T23:45:07.126+0100][15229.632s] GC(924) Survivor regions: 14->17(39)
[2023-12-18T23:45:07.126+0100][15229.632s] GC(924) Old regions: 118->118
[2023-12-18T23:45:07.126+0100][15229.632s] GC(924) Archive regions: 0->0
[2023-12-18T23:45:07.126+0100][15229.632s] GC(924) Humongous regions: 4->4
[2023-12-18T23:45:07.126+0100][15229.632s] GC(924) Metaspace: 63764K(64384K)->63764K(64384K) NonClass: 56714K(57024K)->56714K(57024K) Class: 7050K(7360K)->7050K(7360K)
[2023-12-18T23:45:07.126+0100][15229.632s] GC(924) Pause Young (Concurrent Start) (G1 Evacuation Pause) 427M->138M(512M) 4.685ms
[2023-12-18T23:45:07.126+0100][15229.632s] GC(925) Concurrent Mark Cycle
[2023-12-18T23:45:07.126+0100][15229.632s] GC(924) User=0.16s Sys=0.00s Real=0.00s
[2023-12-18T23:45:07.126+0100][15229.632s] GC(925) Concurrent Clear Claimed Marks
[2023-12-18T23:45:07.126+0100][15229.632s] GC(925) Concurrent Clear Claimed Marks 0.103ms
[2023-12-18T23:45:07.126+0100][15229.632s] GC(925) Concurrent Scan Root Regions
[2023-12-18T23:45:07.128+0100][15229.634s] GC(925) Concurrent Scan Root Regions 2.164ms
[2023-12-18T23:45:07.128+0100][15229.634s] GC(925) Concurrent Mark
[2023-12-18T23:45:07.128+0100][15229.634s] GC(925) Concurrent Mark From Roots
[2023-12-18T23:45:07.128+0100][15229.634s] GC(925) Using 3 workers of 3 for marking
[2023-12-18T23:45:07.150+0100][15229.656s] GC(925) Concurrent Mark From Roots 21.752ms
[2023-12-18T23:45:07.150+0100][15229.656s] GC(925) Concurrent Preclean
[2023-12-18T23:45:07.150+0100][15229.656s] GC(925) Concurrent Preclean 0.172ms
[2023-12-18T23:45:07.151+0100][15229.656s] GC(925) Pause Remark
[2023-12-18T23:45:07.154+0100][15229.660s] GC(925) Pause Remark 143M->142M(512M) 3.382ms
[2023-12-18T23:45:07.154+0100][15229.660s] GC(925) User=0.00s Sys=0.00s Real=0.00s
[2023-12-18T23:45:07.154+0100][15229.660s] GC(925) Concurrent Mark 25.535ms
[2023-12-18T23:45:07.154+0100][15229.660s] GC(925) Concurrent Rebuild Remembered Sets
[2023-12-18T23:45:07.167+0100][15229.673s] GC(925) Concurrent Rebuild Remembered Sets 13.151ms
[2023-12-18T23:45:07.167+0100][15229.673s] GC(925) Pause Cleanup
[2023-12-18T23:45:07.167+0100][15229.673s] GC(925) Pause Cleanup 147M->147M(512M) 0.164ms
[2023-12-18T23:45:07.167+0100][15229.673s] GC(925) User=0.00s Sys=0.00s Real=0.00s
[2023-12-18T23:45:07.168+0100][15229.673s] GC(925) Concurrent Cleanup for Next Mark
[2023-12-18T23:45:07.168+0100][15229.674s] GC(925) Concurrent Cleanup for Next Mark 0.647ms
[2023-12-18T23:45:07.168+0100][15229.674s] GC(925) Concurrent Mark Cycle 42.010ms
[2023-12-18T23:45:07.562+0100][15230.067s] GC(926) Pause Young (Prepare Mixed) (G1 Evacuation Pause)
[2023-12-18T23:45:07.562+0100][15230.068s] GC(926) Using 10 workers of 10 for evacuation
[2023-12-18T23:45:07.567+0100][15230.072s] GC(926)   Pre Evacuate Collection Set: 0.1ms
[2023-12-18T23:45:07.567+0100][15230.072s] GC(926)   Merge Heap Roots: 0.0ms
[2023-12-18T23:45:07.567+0100][15230.072s] GC(926)   Evacuate Collection Set: 3.6ms
[2023-12-18T23:45:07.567+0100][15230.072s] GC(926)   Post Evacuate Collection Set: 0.5ms
[2023-12-18T23:45:07.567+0100][15230.072s] GC(926)   Other: 0.1ms
[2023-12-18T23:45:07.567+0100][15230.072s] GC(926) Eden regions: 290->0(9)
[2023-12-18T23:45:07.567+0100][15230.072s] GC(926) Survivor regions: 17->16(39)
[2023-12-18T23:45:07.567+0100][15230.072s] GC(926) Old regions: 117->117
[2023-12-18T23:45:07.567+0100][15230.072s] GC(926) Archive regions: 0->0
[2023-12-18T23:45:07.567+0100][15230.072s] GC(926) Humongous regions: 4->4
[2023-12-18T23:45:07.567+0100][15230.072s] GC(926) Metaspace: 63764K(64384K)->63764K(64384K) NonClass: 56714K(57024K)->56714K(57024K) Class: 7050K(7360K)->7050K(7360K)
[2023-12-18T23:45:07.567+0100][15230.072s] GC(926) Pause Young (Prepare Mixed) (G1 Evacuation Pause) 427M->136M(512M) 4.533ms
[2023-12-18T23:45:07.567+0100][15230.072s] GC(926) User=0.16s Sys=0.00s Real=0.00s
[2023-12-18T23:45:07.572+0100][15230.077s] GC(927) Pause Young (Mixed) (G1 Evacuation Pause)
[2023-12-18T23:45:07.572+0100][15230.077s] GC(927) Using 10 workers of 10 for evacuation
[2023-12-18T23:45:07.575+0100][15230.081s] GC(927)   Pre Evacuate Collection Set: 0.1ms
[2023-12-18T23:45:07.575+0100][15230.081s] GC(927)   Merge Heap Roots: 0.1ms
[2023-12-18T23:45:07.575+0100][15230.081s] GC(927)   Evacuate Collection Set: 3.4ms
[2023-12-18T23:45:07.575+0100][15230.081s] GC(927)   Post Evacuate Collection Set: 0.3ms
[2023-12-18T23:45:07.575+0100][15230.081s] GC(927)   Other: 0.1ms
[2023-12-18T23:45:07.575+0100][15230.081s] GC(927) Eden regions: 9->0(302)
[2023-12-18T23:45:07.576+0100][15230.081s] GC(927) Survivor regions: 16->2(4)
[2023-12-18T23:45:07.576+0100][15230.081s] GC(927) Old regions: 117->124
[2023-12-18T23:45:07.576+0100][15230.081s] GC(927) Archive regions: 0->0
[2023-12-18T23:45:07.576+0100][15230.081s] GC(927) Humongous regions: 4->4
[2023-12-18T23:45:07.576+0100][15230.081s] GC(927) Metaspace: 63764K(64384K)->63764K(64384K) NonClass: 56714K(57024K)->56714K(57024K) Class: 7050K(7360K)->7050K(7360K)
[2023-12-18T23:45:07.576+0100][15230.081s] GC(927) Pause Young (Mixed) (G1 Evacuation Pause) 145M->129M(512M) 4.151ms
[2023-12-18T23:45:07.576+0100][15230.081s] GC(927) User=0.00s Sys=0.00s Real=0.00s
[2023-12-18T23:45:07.904+0100][15230.410s] GC(928) Pause Young (Normal) (G1 Evacuation Pause)
[2023-12-18T23:45:07.904+0100][15230.410s] GC(928) Using 10 workers of 10 for evacuation
[2023-12-18T23:45:07.905+0100][15230.412s] GC(928)   Pre Evacuate Collection Set: 0.1ms
[2023-12-18T23:45:07.905+0100][15230.412s] GC(928)   Merge Heap Roots: 0.0ms
[2023-12-18T23:45:07.905+0100][15230.412s] GC(928)   Evacuate Collection Set: 1.0ms
[2023-12-18T23:45:07.905+0100][15230.412s] GC(928)   Post Evacuate Collection Set: 0.3ms
[2023-12-18T23:45:07.905+0100][15230.412s] GC(928)   Other: 0.1ms
[2023-12-18T23:45:07.905+0100][15230.412s] GC(928) Eden regions: 302->0(303)
[2023-12-18T23:45:07.905+0100][15230.412s] GC(928) Survivor regions: 2->4(38)
[2023-12-18T23:45:07.906+0100][15230.412s] GC(928) Old regions: 124->124
[2023-12-18T23:45:07.906+0100][15230.412s] GC(928) Archive regions: 0->0
[2023-12-18T23:45:07.906+0100][15230.412s] GC(928) Humongous regions: 4->4
[2023-12-18T23:45:07.906+0100][15230.412s] GC(928) Metaspace: 63769K(64384K)->63769K(64384K) NonClass: 56719K(57024K)->56719K(57024K) Class: 7050K(7360K)->7050K(7360K)
[2023-12-18T23:45:07.906+0100][15230.412s] GC(928) Pause Young (Normal) (G1 Evacuation Pause) 431M->131M(512M) 1.598ms
[2023-12-18T23:45:07.906+0100][15230.412s] GC(928) User=0.02s Sys=0.00s Real=0.00s
[2023-12-18T23:45:08.331+0100][15230.837s] GC(929) Pause Young (Normal) (G1 Evacuation Pause)
[2023-12-18T23:45:08.331+0100][15230.837s] GC(929) Using 10 workers of 10 for evacuation
[2023-12-18T23:45:08.335+0100][15230.840s] GC(929)   Pre Evacuate Collection Set: 0.1ms
[2023-12-18T23:45:08.335+0100][15230.840s] GC(929)   Merge Heap Roots: 0.1ms
[2023-12-18T23:45:08.335+0100][15230.840s] GC(929)   Evacuate Collection Set: 2.8ms
[2023-12-18T23:45:08.335+0100][15230.840s] GC(929)   Post Evacuate Collection Set: 0.5ms
[2023-12-18T23:45:08.335+0100][15230.840s] GC(929)   Other: 0.1ms
[2023-12-18T23:45:08.335+0100][15230.840s] GC(929) Eden regions: 303->0(293)
[2023-12-18T23:45:08.335+0100][15230.840s] GC(929) Survivor regions: 4->11(39)
[2023-12-18T23:45:08.335+0100][15230.840s] GC(929) Old regions: 124->124
[2023-12-18T23:45:08.335+0100][15230.840s] GC(929) Archive regions: 0->0
[2023-12-18T23:45:08.335+0100][15230.840s] GC(929) Humongous regions: 4->4
[2023-12-18T23:45:08.335+0100][15230.840s] GC(929) Metaspace: 63770K(64384K)->63770K(64384K) NonClass: 56720K(57024K)->56720K(57024K) Class: 7050K(7360K)->7050K(7360K)
[2023-12-18T23:45:08.335+0100][15230.840s] GC(929) Pause Young (Normal) (G1 Evacuation Pause) 434M->138M(512M) 3.797ms
[2023-12-18T23:45:08.335+0100][15230.841s] GC(929) User=0.00s Sys=0.00s Real=0.00s
[2023-12-18T23:45:08.625+0100][15231.131s] GC(930) Pause Young (Concurrent Start) (G1 Evacuation Pause)
[2023-12-18T23:45:08.625+0100][15231.131s] GC(930) Using 10 workers of 10 for evacuation
[2023-12-18T23:45:08.629+0100][15231.135s] GC(930)   Pre Evacuate Collection Set: 0.1ms
[2023-12-18T23:45:08.629+0100][15231.135s] GC(930)   Merge Heap Roots: 0.1ms
[2023-12-18T23:45:08.629+0100][15231.135s] GC(930)   Evacuate Collection Set: 3.0ms
[2023-12-18T23:45:08.629+0100][15231.135s] GC(930)   Post Evacuate Collection Set: 0.4ms
[2023-12-18T23:45:08.629+0100][15231.135s] GC(930)   Other: 0.1ms
[2023-12-18T23:45:08.629+0100][15231.135s] GC(930) Eden regions: 293->0(294)
[2023-12-18T23:45:08.629+0100][15231.135s] GC(930) Survivor regions: 11->12(38)
[2023-12-18T23:45:08.629+0100][15231.135s] GC(930) Old regions: 124->124
[2023-12-18T23:45:08.629+0100][15231.135s] GC(930) Archive regions: 0->0
[2023-12-18T23:45:08.629+0100][15231.135s] GC(930) Humongous regions: 4->4
[2023-12-18T23:45:08.629+0100][15231.135s] GC(930) Metaspace: 63770K(64384K)->63770K(64384K) NonClass: 56720K(57024K)->56720K(57024K) Class: 7050K(7360K)->7050K(7360K)
[2023-12-18T23:45:08.629+0100][15231.135s] GC(930) Pause Young (Concurrent Start) (G1 Evacuation Pause) 431M->138M(512M) 3.895ms
[2023-12-18T23:45:08.629+0100][15231.135s] GC(931) Concurrent Mark Cycle
[2023-12-18T23:45:08.629+0100][15231.135s] GC(930) User=0.00s Sys=0.00s Real=0.00s
[2023-12-18T23:45:08.629+0100][15231.135s] GC(931) Concurrent Clear Claimed Marks
[2023-12-18T23:45:08.629+0100][15231.135s] GC(931) Concurrent Clear Claimed Marks 0.078ms
[2023-12-18T23:45:08.629+0100][15231.135s] GC(931) Concurrent Scan Root Regions
[2023-12-18T23:45:08.631+0100][15231.136s] GC(931) Concurrent Scan Root Regions 1.675ms
[2023-12-18T23:45:08.631+0100][15231.137s] GC(931) Concurrent Mark
[2023-12-18T23:45:08.631+0100][15231.137s] GC(931) Concurrent Mark From Roots
[2023-12-18T23:45:08.631+0100][15231.137s] GC(931) Using 3 workers of 3 for marking
[2023-12-18T23:45:08.654+0100][15231.160s] GC(931) Concurrent Mark From Roots 23.238ms
[2023-12-18T23:45:08.654+0100][15231.160s] GC(931) Concurrent Preclean
[2023-12-18T23:45:08.654+0100][15231.160s] GC(931) Concurrent Preclean 0.309ms
[2023-12-18T23:45:08.655+0100][15231.160s] GC(931) Pause Remark
[2023-12-18T23:45:08.658+0100][15231.164s] GC(931) Pause Remark 168M->168M(512M) 3.476ms
[2023-12-18T23:45:08.658+0100][15231.164s] GC(931) User=0.03s Sys=0.00s Real=0.00s
[2023-12-18T23:45:08.658+0100][15231.164s] GC(931) Concurrent Mark 27.267ms
[2023-12-18T23:45:08.658+0100][15231.164s] GC(931) Concurrent Rebuild Remembered Sets
[2023-12-18T23:45:08.673+0100][15231.179s] GC(931) Concurrent Rebuild Remembered Sets 14.775ms
[2023-12-18T23:45:08.673+0100][15231.179s] GC(931) Pause Cleanup
[2023-12-18T23:45:08.674+0100][15231.179s] GC(931) Pause Cleanup 172M->172M(512M) 0.221ms
[2023-12-18T23:45:08.674+0100][15231.179s] GC(931) User=0.00s Sys=0.00s Real=0.00s
[2023-12-18T23:45:08.674+0100][15231.179s] GC(931) Concurrent Cleanup for Next Mark
[2023-12-18T23:45:08.674+0100][15231.180s] GC(931) Concurrent Cleanup for Next Mark 0.623ms
[2023-12-18T23:45:08.674+0100][15231.180s] GC(931) Concurrent Mark Cycle 44.960ms
[2023-12-18T23:45:09.049+0100][15231.556s] GC(932) Pause Young (Prepare Mixed) (G1 Evacuation Pause)
[2023-12-18T23:45:09.049+0100][15231.556s] GC(932) Using 10 workers of 10 for evacuation
[2023-12-18T23:45:09.053+0100][15231.560s] GC(932)   Pre Evacuate Collection Set: 0.1ms
[2023-12-18T23:45:09.054+0100][15231.560s] GC(932)   Merge Heap Roots: 0.1ms
[2023-12-18T23:45:09.054+0100][15231.560s] GC(932)   Evacuate Collection Set: 3.2ms
[2023-12-18T23:45:09.054+0100][15231.560s] GC(932)   Post Evacuate Collection Set: 0.5ms
[2023-12-18T23:45:09.054+0100][15231.560s] GC(932)   Other: 0.1ms
[2023-12-18T23:45:09.054+0100][15231.560s] GC(932) Eden regions: 294->0(13)
[2023-12-18T23:45:09.054+0100][15231.560s] GC(932) Survivor regions: 12->12(39)
[2023-12-18T23:45:09.054+0100][15231.560s] GC(932) Old regions: 124->124
[2023-12-18T23:45:09.054+0100][15231.560s] GC(932) Archive regions: 0->0
[2023-12-18T23:45:09.054+0100][15231.560s] GC(932) Humongous regions: 4->4
[2023-12-18T23:45:09.054+0100][15231.560s] GC(932) Metaspace: 63770K(64384K)->63770K(64384K) NonClass: 56720K(57024K)->56720K(57024K) Class: 7050K(7360K)->7050K(7360K)
[2023-12-18T23:45:09.054+0100][15231.560s] GC(932) Pause Young (Prepare Mixed) (G1 Evacuation Pause) 432M->139M(512M) 4.186ms
[2023-12-18T23:45:09.054+0100][15231.560s] GC(932) User=0.00s Sys=0.00s Real=0.00s
[2023-12-18T23:45:09.072+0100][15231.578s] GC(933) Pause Young (Mixed) (G1 Evacuation Pause)
[2023-12-18T23:45:09.072+0100][15231.578s] GC(933) Using 10 workers of 10 for evacuation
[2023-12-18T23:45:09.078+0100][15231.584s] GC(933)   Pre Evacuate Collection Set: 0.1ms
[2023-12-18T23:45:09.078+0100][15231.585s] GC(933)   Merge Heap Roots: 0.1ms
[2023-12-18T23:45:09.078+0100][15231.585s] GC(933)   Evacuate Collection Set: 5.9ms
[2023-12-18T23:45:09.078+0100][15231.585s] GC(933)   Post Evacuate Collection Set: 0.6ms
[2023-12-18T23:45:09.078+0100][15231.585s] GC(933)   Other: 0.1ms
[2023-12-18T23:45:09.078+0100][15231.585s] GC(933) Eden regions: 13->0(293)
[2023-12-18T23:45:09.079+0100][15231.585s] GC(933) Survivor regions: 12->4(4)
[2023-12-18T23:45:09.079+0100][15231.585s] GC(933) Old regions: 124->130
[2023-12-18T23:45:09.079+0100][15231.585s] GC(933) Archive regions: 0->0
[2023-12-18T23:45:09.079+0100][15231.585s] GC(933) Humongous regions: 4->4
[2023-12-18T23:45:09.079+0100][15231.585s] GC(933) Metaspace: 63770K(64384K)->63770K(64384K) NonClass: 56720K(57024K)->56720K(57024K) Class: 7050K(7360K)->7050K(7360K)
[2023-12-18T23:45:09.079+0100][15231.585s] GC(933) Pause Young (Mixed) (G1 Evacuation Pause) 152M->137M(512M) 7.051ms
[2023-12-18T23:45:09.079+0100][15231.585s] GC(933) User=0.16s Sys=0.00s Real=0.01s
[2023-12-18T23:45:09.395+0100][15231.900s] GC(934) Pause Young (Normal) (G1 Evacuation Pause)
[2023-12-18T23:45:09.395+0100][15231.900s] GC(934) Using 10 workers of 10 for evacuation
[2023-12-18T23:45:09.397+0100][15231.902s] GC(934)   Pre Evacuate Collection Set: 0.1ms
[2023-12-18T23:45:09.397+0100][15231.902s] GC(934)   Merge Heap Roots: 0.1ms
[2023-12-18T23:45:09.397+0100][15231.902s] GC(934)   Evacuate Collection Set: 1.3ms
[2023-12-18T23:45:09.397+0100][15231.902s] GC(934)   Post Evacuate Collection Set: 0.4ms
[2023-12-18T23:45:09.397+0100][15231.902s] GC(934)   Other: 0.1ms
[2023-12-18T23:45:09.397+0100][15231.902s] GC(934) Eden regions: 293->0(294)
[2023-12-18T23:45:09.397+0100][15231.902s] GC(934) Survivor regions: 4->6(38)
[2023-12-18T23:45:09.397+0100][15231.902s] GC(934) Old regions: 130->130
[2023-12-18T23:45:09.397+0100][15231.902s] GC(934) Archive regions: 0->0
[2023-12-18T23:45:09.397+0100][15231.902s] GC(934) Humongous regions: 4->4
[2023-12-18T23:45:09.397+0100][15231.902s] GC(934) Metaspace: 63770K(64384K)->63770K(64384K) NonClass: 56720K(57024K)->56720K(57024K) Class: 7050K(7360K)->7050K(7360K)
[2023-12-18T23:45:09.397+0100][15231.902s] GC(934) Pause Young (Normal) (G1 Evacuation Pause) 430M->138M(512M) 2.109ms
[2023-12-18T23:45:09.397+0100][15231.902s] GC(934) User=0.00s Sys=0.00s Real=0.00s
[2023-12-18T23:45:09.828+0100][15232.333s] GC(935) Pause Young (Normal) (G1 Evacuation Pause)
[2023-12-18T23:45:09.828+0100][15232.333s] GC(935) Using 10 workers of 10 for evacuation
[2023-12-18T23:45:09.831+0100][15232.336s] GC(935)   Pre Evacuate Collection Set: 0.1ms
[2023-12-18T23:45:09.831+0100][15232.336s] GC(935)   Merge Heap Roots: 0.1ms
[2023-12-18T23:45:09.831+0100][15232.336s] GC(935)   Evacuate Collection Set: 2.3ms
[2023-12-18T23:45:09.831+0100][15232.336s] GC(935)   Post Evacuate Collection Set: 0.4ms
[2023-12-18T23:45:09.831+0100][15232.336s] GC(935)   Other: 0.1ms
[2023-12-18T23:45:09.831+0100][15232.336s] GC(935) Eden regions: 294->0(291)
[2023-12-18T23:45:09.831+0100][15232.336s] GC(935) Survivor regions: 6->9(38)
[2023-12-18T23:45:09.831+0100][15232.336s] GC(935) Old regions: 130->130
[2023-12-18T23:45:09.831+0100][15232.336s] GC(935) Archive regions: 0->0
[2023-12-18T23:45:09.831+0100][15232.336s] GC(935) Humongous regions: 4->4
[2023-12-18T23:45:09.831+0100][15232.336s] GC(935) Metaspace: 63770K(64384K)->63770K(64384K) NonClass: 56720K(57024K)->56720K(57024K) Class: 7050K(7360K)->7050K(7360K)
[2023-12-18T23:45:09.831+0100][15232.336s] GC(935) Pause Young (Normal) (G1 Evacuation Pause) 432M->141M(512M) 3.201ms
[2023-12-18T23:45:09.831+0100][15232.336s] GC(935) User=0.16s Sys=0.00s Real=0.00s
[2023-12-18T23:45:10.108+0100][15232.614s] GC(936) Pause Young (Concurrent Start) (G1 Evacuation Pause)
[2023-12-18T23:45:10.108+0100][15232.614s] GC(936) Using 10 workers of 10 for evacuation
[2023-12-18T23:45:10.112+0100][15232.617s] GC(936)   Pre Evacuate Collection Set: 0.1ms
[2023-12-18T23:45:10.112+0100][15232.617s] GC(936)   Merge Heap Roots: 0.1ms
[2023-12-18T23:45:10.112+0100][15232.617s] GC(936)   Evacuate Collection Set: 3.0ms
[2023-12-18T23:45:10.112+0100][15232.617s] GC(936)   Post Evacuate Collection Set: 0.4ms
[2023-12-18T23:45:10.112+0100][15232.617s] GC(936)   Other: 0.1ms
[2023-12-18T23:45:10.112+0100][15232.617s] GC(936) Eden regions: 291->0(289)
[2023-12-18T23:45:10.112+0100][15232.617s] GC(936) Survivor regions: 9->12(38)
[2023-12-18T23:45:10.112+0100][15232.617s] GC(936) Old regions: 130->130
[2023-12-18T23:45:10.112+0100][15232.617s] GC(936) Archive regions: 0->0
[2023-12-18T23:45:10.112+0100][15232.617s] GC(936) Humongous regions: 4->4
[2023-12-18T23:45:10.112+0100][15232.617s] GC(936) Metaspace: 63770K(64384K)->63770K(64384K) NonClass: 56720K(57024K)->56720K(57024K) Class: 7050K(7360K)->7050K(7360K)
[2023-12-18T23:45:10.112+0100][15232.617s] GC(936) Pause Young (Concurrent Start) (G1 Evacuation Pause) 432M->144M(512M) 3.984ms
[2023-12-18T23:45:10.112+0100][15232.618s] GC(937) Concurrent Mark Cycle
[2023-12-18T23:45:10.112+0100][15232.618s] GC(936) User=0.16s Sys=0.00s Real=0.00s
[2023-12-18T23:45:10.112+0100][15232.618s] GC(937) Concurrent Clear Claimed Marks
[2023-12-18T23:45:10.112+0100][15232.618s] GC(937) Concurrent Clear Claimed Marks 0.059ms
[2023-12-18T23:45:10.112+0100][15232.618s] GC(937) Concurrent Scan Root Regions
[2023-12-18T23:45:10.114+0100][15232.619s] GC(937) Concurrent Scan Root Regions 1.845ms
[2023-12-18T23:45:10.114+0100][15232.619s] GC(937) Concurrent Mark
[2023-12-18T23:45:10.114+0100][15232.619s] GC(937) Concurrent Mark From Roots
[2023-12-18T23:45:10.114+0100][15232.619s] GC(937) Using 3 workers of 3 for marking
[2023-12-18T23:45:10.141+0100][15232.646s] GC(937) Concurrent Mark From Roots 26.921ms
[2023-12-18T23:45:10.141+0100][15232.646s] GC(937) Concurrent Preclean
[2023-12-18T23:45:10.141+0100][15232.647s] GC(937) Concurrent Preclean 0.200ms
[2023-12-18T23:45:10.141+0100][15232.647s] GC(937) Pause Remark
[2023-12-18T23:45:10.144+0100][15232.650s] GC(937) Pause Remark 158M->153M(512M) 3.233ms
[2023-12-18T23:45:10.144+0100][15232.650s] GC(937) User=0.00s Sys=0.00s Real=0.00s
[2023-12-18T23:45:10.144+0100][15232.650s] GC(937) Concurrent Mark 30.591ms
[2023-12-18T23:45:10.144+0100][15232.650s] GC(937) Concurrent Rebuild Remembered Sets
[2023-12-18T23:45:10.160+0100][15232.666s] GC(937) Concurrent Rebuild Remembered Sets 15.872ms
[2023-12-18T23:45:10.160+0100][15232.666s] GC(937) Pause Cleanup
[2023-12-18T23:45:10.161+0100][15232.666s] GC(937) Pause Cleanup 166M->166M(512M) 0.212ms
[2023-12-18T23:45:10.161+0100][15232.666s] GC(937) User=0.00s Sys=0.00s Real=0.00s
[2023-12-18T23:45:10.161+0100][15232.666s] GC(937) Concurrent Cleanup for Next Mark
[2023-12-18T23:45:10.162+0100][15232.667s] GC(937) Concurrent Cleanup for Next Mark 0.836ms
[2023-12-18T23:45:10.162+0100][15232.667s] GC(937) Concurrent Mark Cycle 49.687ms
[2023-12-18T23:45:10.496+0100][15233.001s] GC(938) Pause Young (Prepare Mixed) (G1 Evacuation Pause)
[2023-12-18T23:45:10.496+0100][15233.001s] GC(938) Using 10 workers of 10 for evacuation
[2023-12-18T23:45:10.500+0100][15233.006s] GC(938)   Pre Evacuate Collection Set: 0.1ms
[2023-12-18T23:45:10.500+0100][15233.006s] GC(938)   Merge Heap Roots: 0.0ms
[2023-12-18T23:45:10.500+0100][15233.006s] GC(938)   Evacuate Collection Set: 3.4ms
[2023-12-18T23:45:10.500+0100][15233.006s] GC(938)   Post Evacuate Collection Set: 0.5ms
[2023-12-18T23:45:10.500+0100][15233.006s] GC(938)   Other: 0.1ms
[2023-12-18T23:45:10.500+0100][15233.006s] GC(938) Eden regions: 289->0(12)
[2023-12-18T23:45:10.500+0100][15233.006s] GC(938) Survivor regions: 12->13(38)
[2023-12-18T23:45:10.500+0100][15233.006s] GC(938) Old regions: 125->125
[2023-12-18T23:45:10.500+0100][15233.006s] GC(938) Archive regions: 0->0
[2023-12-18T23:45:10.500+0100][15233.006s] GC(938) Humongous regions: 4->4
[2023-12-18T23:45:10.500+0100][15233.006s] GC(938) Metaspace: 63770K(64384K)->63770K(64384K) NonClass: 56720K(57024K)->56720K(57024K) Class: 7050K(7360K)->7050K(7360K)
[2023-12-18T23:45:10.500+0100][15233.006s] GC(938) Pause Young (Prepare Mixed) (G1 Evacuation Pause) 428M->140M(512M) 4.324ms
[2023-12-18T23:45:10.500+0100][15233.006s] GC(938) User=0.00s Sys=0.00s Real=0.00s
[2023-12-18T23:45:10.513+0100][15233.018s] GC(939) Pause Young (Mixed) (G1 Evacuation Pause)
[2023-12-18T23:45:10.513+0100][15233.018s] GC(939) Using 10 workers of 10 for evacuation
[2023-12-18T23:45:10.517+0100][15233.022s] GC(939)   Pre Evacuate Collection Set: 0.0ms
[2023-12-18T23:45:10.517+0100][15233.023s] GC(939)   Merge Heap Roots: 0.0ms
[2023-12-18T23:45:10.517+0100][15233.023s] GC(939)   Evacuate Collection Set: 3.7ms
[2023-12-18T23:45:10.517+0100][15233.023s] GC(939)   Post Evacuate Collection Set: 0.3ms
[2023-12-18T23:45:10.517+0100][15233.023s] GC(939)   Other: 0.1ms
[2023-12-18T23:45:10.517+0100][15233.023s] GC(939) Eden regions: 12->0(296)
[2023-12-18T23:45:10.517+0100][15233.023s] GC(939) Survivor regions: 13->2(4)
[2023-12-18T23:45:10.517+0100][15233.023s] GC(939) Old regions: 125->131
[2023-12-18T23:45:10.517+0100][15233.023s] GC(939) Archive regions: 0->0
[2023-12-18T23:45:10.517+0100][15233.023s] GC(939) Humongous regions: 4->4
[2023-12-18T23:45:10.517+0100][15233.023s] GC(939) Metaspace: 63770K(64384K)->63770K(64384K) NonClass: 56720K(57024K)->56720K(57024K) Class: 7050K(7360K)->7050K(7360K)
[2023-12-18T23:45:10.517+0100][15233.023s] GC(939) Pause Young (Mixed) (G1 Evacuation Pause) 152M->135M(512M) 4.333ms
[2023-12-18T23:45:10.517+0100][15233.023s] GC(939) User=0.16s Sys=0.00s Real=0.00s
[2023-12-18T23:45:10.839+0100][15233.345s] GC(940) Pause Young (Normal) (G1 Evacuation Pause)
[2023-12-18T23:45:10.839+0100][15233.345s] GC(940) Using 10 workers of 10 for evacuation
[2023-12-18T23:45:10.841+0100][15233.347s] GC(940)   Pre Evacuate Collection Set: 0.1ms
[2023-12-18T23:45:10.841+0100][15233.347s] GC(940)   Merge Heap Roots: 0.1ms
[2023-12-18T23:45:10.841+0100][15233.347s] GC(940)   Evacuate Collection Set: 0.9ms
[2023-12-18T23:45:10.841+0100][15233.347s] GC(940)   Post Evacuate Collection Set: 0.5ms
[2023-12-18T23:45:10.841+0100][15233.347s] GC(940)   Other: 0.1ms
[2023-12-18T23:45:10.841+0100][15233.347s] GC(940) Eden regions: 296->0(297)
[2023-12-18T23:45:10.841+0100][15233.347s] GC(940) Survivor regions: 2->4(38)
[2023-12-18T23:45:10.841+0100][15233.347s] GC(940) Old regions: 131->131
[2023-12-18T23:45:10.841+0100][15233.347s] GC(940) Archive regions: 0->0
[2023-12-18T23:45:10.841+0100][15233.347s] GC(940) Humongous regions: 4->4
[2023-12-18T23:45:10.841+0100][15233.347s] GC(940) Metaspace: 63770K(64384K)->63770K(64384K) NonClass: 56720K(57024K)->56720K(57024K) Class: 7050K(7360K)->7050K(7360K)
[2023-12-18T23:45:10.841+0100][15233.347s] GC(940) Pause Young (Normal) (G1 Evacuation Pause) 431M->137M(512M) 1.883ms
[2023-12-18T23:45:10.841+0100][15233.347s] GC(940) User=0.00s Sys=0.00s Real=0.00s
[2023-12-18T23:45:11.261+0100][15233.766s] GC(941) Pause Young (Normal) (G1 Evacuation Pause)
[2023-12-18T23:45:11.261+0100][15233.766s] GC(941) Using 10 workers of 10 for evacuation
[2023-12-18T23:45:11.264+0100][15233.770s] GC(941)   Pre Evacuate Collection Set: 0.1ms
[2023-12-18T23:45:11.264+0100][15233.770s] GC(941)   Merge Heap Roots: 0.0ms
[2023-12-18T23:45:11.264+0100][15233.770s] GC(941)   Evacuate Collection Set: 2.6ms
[2023-12-18T23:45:11.264+0100][15233.770s] GC(941)   Post Evacuate Collection Set: 0.5ms
[2023-12-18T23:45:11.264+0100][15233.770s] GC(941)   Other: 0.1ms
[2023-12-18T23:45:11.264+0100][15233.770s] GC(941) Eden regions: 297->0(290)
[2023-12-18T23:45:11.264+0100][15233.770s] GC(941) Survivor regions: 4->9(38)
[2023-12-18T23:45:11.264+0100][15233.770s] GC(941) Old regions: 131->131
[2023-12-18T23:45:11.264+0100][15233.770s] GC(941) Archive regions: 0->0
[2023-12-18T23:45:11.264+0100][15233.770s] GC(941) Humongous regions: 4->4
[2023-12-18T23:45:11.264+0100][15233.770s] GC(941) Metaspace: 63770K(64384K)->63770K(64384K) NonClass: 56720K(57024K)->56720K(57024K) Class: 7050K(7360K)->7050K(7360K)
[2023-12-18T23:45:11.264+0100][15233.770s] GC(941) Pause Young (Normal) (G1 Evacuation Pause) 434M->143M(512M) 3.467ms
[2023-12-18T23:45:11.264+0100][15233.770s] GC(941) User=0.00s Sys=0.00s Real=0.00s
[2023-12-18T23:45:11.571+0100][15234.077s] GC(942) Pause Young (Concurrent Start) (G1 Evacuation Pause)
[2023-12-18T23:45:11.571+0100][15234.077s] GC(942) Using 10 workers of 10 for evacuation
[2023-12-18T23:45:11.574+0100][15234.080s] GC(942)   Pre Evacuate Collection Set: 0.2ms
[2023-12-18T23:45:11.574+0100][15234.080s] GC(942)   Merge Heap Roots: 0.1ms
[2023-12-18T23:45:11.574+0100][15234.080s] GC(942)   Evacuate Collection Set: 1.5ms
[2023-12-18T23:45:11.574+0100][15234.080s] GC(942)   Post Evacuate Collection Set: 0.4ms
[2023-12-18T23:45:11.574+0100][15234.080s] GC(942)   Other: 0.0ms
[2023-12-18T23:45:11.574+0100][15234.080s] GC(942) Eden regions: 290->0(295)
[2023-12-18T23:45:11.574+0100][15234.080s] GC(942) Survivor regions: 9->7(38)
[2023-12-18T23:45:11.574+0100][15234.080s] GC(942) Old regions: 131->131
[2023-12-18T23:45:11.574+0100][15234.080s] GC(942) Archive regions: 0->0
[2023-12-18T23:45:11.574+0100][15234.080s] GC(942) Humongous regions: 4->4
[2023-12-18T23:45:11.574+0100][15234.080s] GC(942) Metaspace: 63770K(64384K)->63770K(64384K) NonClass: 56720K(57024K)->56720K(57024K) Class: 7050K(7360K)->7050K(7360K)
[2023-12-18T23:45:11.574+0100][15234.080s] GC(942) Pause Young (Concurrent Start) (G1 Evacuation Pause) 433M->140M(512M) 2.381ms
[2023-12-18T23:45:11.574+0100][15234.080s] GC(943) Concurrent Mark Cycle
[2023-12-18T23:45:11.574+0100][15234.080s] GC(942) User=0.00s Sys=0.00s Real=0.00s
[2023-12-18T23:45:11.574+0100][15234.080s] GC(943) Concurrent Clear Claimed Marks
[2023-12-18T23:45:11.574+0100][15234.080s] GC(943) Concurrent Clear Claimed Marks 0.053ms
[2023-12-18T23:45:11.574+0100][15234.080s] GC(943) Concurrent Scan Root Regions
[2023-12-18T23:45:11.575+0100][15234.081s] GC(943) Concurrent Scan Root Regions 1.024ms
[2023-12-18T23:45:11.575+0100][15234.081s] GC(943) Concurrent Mark
[2023-12-18T23:45:11.575+0100][15234.081s] GC(943) Concurrent Mark From Roots
[2023-12-18T23:45:11.575+0100][15234.081s] GC(943) Using 3 workers of 3 for marking
[2023-12-18T23:45:11.600+0100][15234.106s] GC(943) Concurrent Mark From Roots 24.622ms
[2023-12-18T23:45:11.600+0100][15234.106s] GC(943) Concurrent Preclean
[2023-12-18T23:45:11.600+0100][15234.106s] GC(943) Concurrent Preclean 0.159ms
[2023-12-18T23:45:11.600+0100][15234.106s] GC(943) Pause Remark
[2023-12-18T23:45:11.604+0100][15234.110s] GC(943) Pause Remark 154M->150M(512M) 3.651ms
[2023-12-18T23:45:11.604+0100][15234.110s] GC(943) User=0.00s Sys=0.00s Real=0.00s
[2023-12-18T23:45:11.604+0100][15234.110s] GC(943) Concurrent Mark 28.687ms
[2023-12-18T23:45:11.604+0100][15234.110s] GC(943) Concurrent Rebuild Remembered Sets
[2023-12-18T23:45:11.618+0100][15234.124s] GC(943) Concurrent Rebuild Remembered Sets 14.842ms
[2023-12-18T23:45:11.619+0100][15234.125s] GC(943) Pause Cleanup
[2023-12-18T23:45:11.619+0100][15234.125s] GC(943) Pause Cleanup 158M->158M(512M) 0.192ms
[2023-12-18T23:45:11.619+0100][15234.125s] GC(943) User=0.00s Sys=0.00s Real=0.00s
[2023-12-18T23:45:11.619+0100][15234.125s] GC(943) Concurrent Cleanup for Next Mark
[2023-12-18T23:45:11.620+0100][15234.126s] GC(943) Concurrent Cleanup for Next Mark 0.617ms
[2023-12-18T23:45:11.620+0100][15234.126s] GC(943) Concurrent Mark Cycle 45.735ms
[2023-12-18T23:45:11.987+0100][15234.494s] GC(944) Pause Young (Prepare Mixed) (G1 Evacuation Pause)
[2023-12-18T23:45:11.987+0100][15234.494s] GC(944) Using 10 workers of 10 for evacuation
[2023-12-18T23:45:11.991+0100][15234.497s] GC(944)   Pre Evacuate Collection Set: 0.1ms
[2023-12-18T23:45:11.991+0100][15234.497s] GC(944)   Merge Heap Roots: 0.1ms
[2023-12-18T23:45:11.991+0100][15234.497s] GC(944)   Evacuate Collection Set: 2.6ms
[2023-12-18T23:45:11.991+0100][15234.497s] GC(944)   Post Evacuate Collection Set: 0.4ms
[2023-12-18T23:45:11.991+0100][15234.497s] GC(944)   Other: 0.1ms
[2023-12-18T23:45:11.991+0100][15234.497s] GC(944) Eden regions: 295->0(15)
[2023-12-18T23:45:11.991+0100][15234.497s] GC(944) Survivor regions: 7->10(38)
[2023-12-18T23:45:11.991+0100][15234.497s] GC(944) Old regions: 127->127
[2023-12-18T23:45:11.991+0100][15234.497s] GC(944) Archive regions: 0->0
[2023-12-18T23:45:11.991+0100][15234.497s] GC(944) Humongous regions: 4->4
[2023-12-18T23:45:11.991+0100][15234.497s] GC(944) Metaspace: 63770K(64384K)->63770K(64384K) NonClass: 56720K(57024K)->56720K(57024K) Class: 7050K(7360K)->7050K(7360K)
[2023-12-18T23:45:11.991+0100][15234.497s] GC(944) Pause Young (Prepare Mixed) (G1 Evacuation Pause) 431M->139M(512M) 3.533ms
[2023-12-18T23:45:11.991+0100][15234.497s] GC(944) User=0.00s Sys=0.00s Real=0.00s
[2023-12-18T23:45:12.012+0100][15234.518s] GC(945) Pause Young (Mixed) (G1 Evacuation Pause)
[2023-12-18T23:45:12.012+0100][15234.518s] GC(945) Using 10 workers of 10 for evacuation
[2023-12-18T23:45:12.017+0100][15234.522s] GC(945)   Pre Evacuate Collection Set: 0.1ms
[2023-12-18T23:45:12.017+0100][15234.522s] GC(945)   Merge Heap Roots: 0.1ms
[2023-12-18T23:45:12.017+0100][15234.522s] GC(945)   Evacuate Collection Set: 3.3ms
[2023-12-18T23:45:12.017+0100][15234.522s] GC(945)   Post Evacuate Collection Set: 0.3ms
[2023-12-18T23:45:12.017+0100][15234.522s] GC(945)   Other: 0.1ms
[2023-12-18T23:45:12.017+0100][15234.522s] GC(945) Eden regions: 15->0(300)
[2023-12-18T23:45:12.017+0100][15234.522s] GC(945) Survivor regions: 10->2(4)
[2023-12-18T23:45:12.017+0100][15234.522s] GC(945) Old regions: 127->130
[2023-12-18T23:45:12.017+0100][15234.522s] GC(945) Archive regions: 0->0
[2023-12-18T23:45:12.017+0100][15234.522s] GC(945) Humongous regions: 4->4
[2023-12-18T23:45:12.017+0100][15234.522s] GC(945) Metaspace: 63770K(64384K)->63770K(64384K) NonClass: 56720K(57024K)->56720K(57024K) Class: 7050K(7360K)->7050K(7360K)
[2023-12-18T23:45:12.017+0100][15234.522s] GC(945) Pause Young (Mixed) (G1 Evacuation Pause) 154M->134M(512M) 4.092ms
[2023-12-18T23:45:12.017+0100][15234.522s] GC(945) User=0.16s Sys=0.00s Real=0.00s
[2023-12-18T23:45:12.414+0100][15234.920s] GC(946) Pause Young (Normal) (G1 Evacuation Pause)
[2023-12-18T23:45:12.414+0100][15234.920s] GC(946) Using 10 workers of 10 for evacuation
[2023-12-18T23:45:12.417+0100][15234.923s] GC(946)   Pre Evacuate Collection Set: 0.1ms
[2023-12-18T23:45:12.417+0100][15234.923s] GC(946)   Merge Heap Roots: 0.2ms
[2023-12-18T23:45:12.417+0100][15234.923s] GC(946)   Evacuate Collection Set: 2.3ms
[2023-12-18T23:45:12.417+0100][15234.923s] GC(946)   Post Evacuate Collection Set: 0.6ms
[2023-12-18T23:45:12.417+0100][15234.923s] GC(946)   Other: 0.1ms
[2023-12-18T23:45:12.417+0100][15234.923s] GC(946) Eden regions: 300->0(290)
[2023-12-18T23:45:12.417+0100][15234.923s] GC(946) Survivor regions: 2->9(38)
[2023-12-18T23:45:12.417+0100][15234.923s] GC(946) Old regions: 130->130
[2023-12-18T23:45:12.417+0100][15234.923s] GC(946) Archive regions: 0->0
[2023-12-18T23:45:12.417+0100][15234.923s] GC(946) Humongous regions: 4->4
[2023-12-18T23:45:12.417+0100][15234.923s] GC(946) Metaspace: 63770K(64384K)->63770K(64384K) NonClass: 56720K(57024K)->56720K(57024K) Class: 7050K(7360K)->7050K(7360K)
[2023-12-18T23:45:12.417+0100][15234.923s] GC(946) Pause Young (Normal) (G1 Evacuation Pause) 434M->142M(512M) 3.526ms
[2023-12-18T23:45:12.417+0100][15234.924s] GC(946) User=0.00s Sys=0.00s Real=0.00s
[2023-12-18T23:45:12.727+0100][15235.233s] GC(947) Pause Young (Normal) (G1 Evacuation Pause)
[2023-12-18T23:45:12.727+0100][15235.233s] GC(947) Using 10 workers of 10 for evacuation
[2023-12-18T23:45:12.729+0100][15235.235s] GC(947)   Pre Evacuate Collection Set: 0.1ms
[2023-12-18T23:45:12.729+0100][15235.235s] GC(947)   Merge Heap Roots: 0.1ms
[2023-12-18T23:45:12.729+0100][15235.235s] GC(947)   Evacuate Collection Set: 1.2ms
[2023-12-18T23:45:12.729+0100][15235.235s] GC(947)   Post Evacuate Collection Set: 0.3ms
[2023-12-18T23:45:12.729+0100][15235.235s] GC(947)   Other: 0.1ms
[2023-12-18T23:45:12.729+0100][15235.235s] GC(947) Eden regions: 290->0(296)
[2023-12-18T23:45:12.729+0100][15235.235s] GC(947) Survivor regions: 9->5(38)
[2023-12-18T23:45:12.729+0100][15235.235s] GC(947) Old regions: 130->130
[2023-12-18T23:45:12.729+0100][15235.235s] GC(947) Archive regions: 0->0
[2023-12-18T23:45:12.729+0100][15235.235s] GC(947) Humongous regions: 4->4
[2023-12-18T23:45:12.729+0100][15235.235s] GC(947) Metaspace: 63770K(64384K)->63770K(64384K) NonClass: 56720K(57024K)->56720K(57024K) Class: 7050K(7360K)->7050K(7360K)
[2023-12-18T23:45:12.729+0100][15235.235s] GC(947) Pause Young (Normal) (G1 Evacuation Pause) 432M->138M(512M) 1.823ms
[2023-12-18T23:45:12.729+0100][15235.235s] GC(947) User=0.00s Sys=0.00s Real=0.00s
[2023-12-18T23:45:13.146+0100][15235.651s] GC(948) Pause Young (Concurrent Start) (G1 Evacuation Pause)
[2023-12-18T23:45:13.146+0100][15235.651s] GC(948) Using 10 workers of 10 for evacuation
[2023-12-18T23:45:13.149+0100][15235.655s] GC(948)   Pre Evacuate Collection Set: 0.1ms
[2023-12-18T23:45:13.149+0100][15235.655s] GC(948)   Merge Heap Roots: 0.1ms
[2023-12-18T23:45:13.149+0100][15235.655s] GC(948)   Evacuate Collection Set: 2.9ms
[2023-12-18T23:45:13.149+0100][15235.655s] GC(948)   Post Evacuate Collection Set: 0.5ms
[2023-12-18T23:45:13.149+0100][15235.655s] GC(948)   Other: 0.1ms
[2023-12-18T23:45:13.150+0100][15235.655s] GC(948) Eden regions: 296->0(291)
[2023-12-18T23:45:13.150+0100][15235.655s] GC(948) Survivor regions: 5->10(38)
[2023-12-18T23:45:13.150+0100][15235.655s] GC(948) Old regions: 130->130
[2023-12-18T23:45:13.150+0100][15235.655s] GC(948) Archive regions: 0->0
[2023-12-18T23:45:13.150+0100][15235.655s] GC(948) Humongous regions: 4->4
[2023-12-18T23:45:13.150+0100][15235.655s] GC(948) Metaspace: 63770K(64384K)->63770K(64384K) NonClass: 56720K(57024K)->56720K(57024K) Class: 7050K(7360K)->7050K(7360K)
[2023-12-18T23:45:13.150+0100][15235.655s] GC(948) Pause Young (Concurrent Start) (G1 Evacuation Pause) 434M->143M(512M) 3.900ms
[2023-12-18T23:45:13.150+0100][15235.655s] GC(949) Concurrent Mark Cycle
[2023-12-18T23:45:13.150+0100][15235.655s] GC(948) User=0.00s Sys=0.00s Real=0.00s
[2023-12-18T23:45:13.150+0100][15235.655s] GC(949) Concurrent Clear Claimed Marks
[2023-12-18T23:45:13.150+0100][15235.655s] GC(949) Concurrent Clear Claimed Marks 0.048ms
[2023-12-18T23:45:13.150+0100][15235.655s] GC(949) Concurrent Scan Root Regions
[2023-12-18T23:45:13.152+0100][15235.657s] GC(949) Concurrent Scan Root Regions 1.836ms
[2023-12-18T23:45:13.152+0100][15235.657s] GC(949) Concurrent Mark
[2023-12-18T23:45:13.152+0100][15235.657s] GC(949) Concurrent Mark From Roots
[2023-12-18T23:45:13.152+0100][15235.657s] GC(949) Using 3 workers of 3 for marking
[2023-12-18T23:45:13.176+0100][15235.681s] GC(949) Concurrent Mark From Roots 24.161ms
[2023-12-18T23:45:13.176+0100][15235.681s] GC(949) Concurrent Preclean
[2023-12-18T23:45:13.176+0100][15235.681s] GC(949) Concurrent Preclean 0.204ms
[2023-12-18T23:45:13.176+0100][15235.682s] GC(949) Pause Remark
[2023-12-18T23:45:13.179+0100][15235.685s] GC(949) Pause Remark 162M->158M(512M) 3.438ms
[2023-12-18T23:45:13.179+0100][15235.685s] GC(949) User=0.00s Sys=0.00s Real=0.00s
[2023-12-18T23:45:13.179+0100][15235.685s] GC(949) Concurrent Mark 27.985ms
[2023-12-18T23:45:13.180+0100][15235.685s] GC(949) Concurrent Rebuild Remembered Sets
[2023-12-18T23:45:13.195+0100][15235.701s] GC(949) Concurrent Rebuild Remembered Sets 15.944ms
[2023-12-18T23:45:13.196+0100][15235.701s] GC(949) Pause Cleanup
[2023-12-18T23:45:13.196+0100][15235.701s] GC(949) Pause Cleanup 179M->179M(512M) 0.157ms
[2023-12-18T23:45:13.196+0100][15235.701s] GC(949) User=0.00s Sys=0.00s Real=0.00s
[2023-12-18T23:45:13.196+0100][15235.701s] GC(949) Concurrent Cleanup for Next Mark
[2023-12-18T23:45:13.196+0100][15235.702s] GC(949) Concurrent Cleanup for Next Mark 0.647ms
[2023-12-18T23:45:13.196+0100][15235.702s] GC(949) Concurrent Mark Cycle 46.837ms
[2023-12-18T23:45:13.461+0100][15235.967s] GC(950) Pause Young (Prepare Mixed) (G1 Evacuation Pause)
[2023-12-18T23:45:13.461+0100][15235.967s] GC(950) Using 10 workers of 10 for evacuation
[2023-12-18T23:45:13.466+0100][15235.972s] GC(950)   Pre Evacuate Collection Set: 0.1ms
[2023-12-18T23:45:13.466+0100][15235.972s] GC(950)   Merge Heap Roots: 0.1ms
[2023-12-18T23:45:13.466+0100][15235.972s] GC(950)   Evacuate Collection Set: 4.0ms
[2023-12-18T23:45:13.466+0100][15235.972s] GC(950)   Post Evacuate Collection Set: 0.7ms
[2023-12-18T23:45:13.466+0100][15235.972s] GC(950)   Other: 0.1ms
[2023-12-18T23:45:13.466+0100][15235.972s] GC(950) Eden regions: 291->0(9)
[2023-12-18T23:45:13.466+0100][15235.972s] GC(950) Survivor regions: 10->16(38)
[2023-12-18T23:45:13.466+0100][15235.972s] GC(950) Old regions: 126->126
[2023-12-18T23:45:13.466+0100][15235.972s] GC(950) Archive regions: 0->0
[2023-12-18T23:45:13.466+0100][15235.972s] GC(950) Humongous regions: 4->4
[2023-12-18T23:45:13.466+0100][15235.972s] GC(950) Metaspace: 63770K(64384K)->63770K(64384K) NonClass: 56720K(57024K)->56720K(57024K) Class: 7050K(7360K)->7050K(7360K)
[2023-12-18T23:45:13.466+0100][15235.972s] GC(950) Pause Young (Prepare Mixed) (G1 Evacuation Pause) 430M->145M(512M) 5.310ms
[2023-12-18T23:45:13.466+0100][15235.973s] GC(950) User=0.00s Sys=0.00s Real=0.01s
[2023-12-18T23:45:13.470+0100][15235.976s] GC(951) Pause Young (Mixed) (G1 Evacuation Pause)
[2023-12-18T23:45:13.470+0100][15235.976s] GC(951) Using 10 workers of 10 for evacuation
[2023-12-18T23:45:13.476+0100][15235.981s] GC(951)   Pre Evacuate Collection Set: 0.1ms
[2023-12-18T23:45:13.476+0100][15235.981s] GC(951)   Merge Heap Roots: 0.1ms
[2023-12-18T23:45:13.476+0100][15235.981s] GC(951)   Evacuate Collection Set: 4.9ms
[2023-12-18T23:45:13.476+0100][15235.981s] GC(951)   Post Evacuate Collection Set: 0.5ms
[2023-12-18T23:45:13.476+0100][15235.981s] GC(951)   Other: 0.1ms
[2023-12-18T23:45:13.476+0100][15235.981s] GC(951) Eden regions: 9->0(291)
[2023-12-18T23:45:13.476+0100][15235.981s] GC(951) Survivor regions: 16->2(4)
[2023-12-18T23:45:13.476+0100][15235.981s] GC(951) Old regions: 126->136
[2023-12-18T23:45:13.476+0100][15235.982s] GC(951) Archive regions: 0->0
[2023-12-18T23:45:13.476+0100][15235.982s] GC(951) Humongous regions: 4->4
[2023-12-18T23:45:13.476+0100][15235.982s] GC(951) Metaspace: 63770K(64384K)->63770K(64384K) NonClass: 56720K(57024K)->56720K(57024K) Class: 7050K(7360K)->7050K(7360K)
[2023-12-18T23:45:13.476+0100][15235.982s] GC(951) Pause Young (Mixed) (G1 Evacuation Pause) 154M->140M(512M) 5.900ms
[2023-12-18T23:45:13.476+0100][15235.982s] GC(951) User=0.00s Sys=0.00s Real=0.01s
[2023-12-18T23:45:13.849+0100][15236.354s] GC(952) Pause Young (Normal) (G1 Evacuation Pause)
[2023-12-18T23:45:13.849+0100][15236.354s] GC(952) Using 10 workers of 10 for evacuation
[2023-12-18T23:45:13.851+0100][15236.357s] GC(952)   Pre Evacuate Collection Set: 0.1ms
[2023-12-18T23:45:13.851+0100][15236.357s] GC(952)   Merge Heap Roots: 0.1ms
[2023-12-18T23:45:13.851+0100][15236.357s] GC(952)   Evacuate Collection Set: 2.1ms
[2023-12-18T23:45:13.851+0100][15236.357s] GC(952)   Post Evacuate Collection Set: 0.4ms
[2023-12-18T23:45:13.851+0100][15236.357s] GC(952)   Other: 0.1ms
[2023-12-18T23:45:13.851+0100][15236.357s] GC(952) Eden regions: 291->0(285)
[2023-12-18T23:45:13.851+0100][15236.357s] GC(952) Survivor regions: 2->8(37)
[2023-12-18T23:45:13.851+0100][15236.357s] GC(952) Old regions: 136->136
[2023-12-18T23:45:13.851+0100][15236.357s] GC(952) Archive regions: 0->0
[2023-12-18T23:45:13.851+0100][15236.357s] GC(952) Humongous regions: 4->4
[2023-12-18T23:45:13.851+0100][15236.357s] GC(952) Metaspace: 63772K(64384K)->63772K(64384K) NonClass: 56721K(57024K)->56721K(57024K) Class: 7050K(7360K)->7050K(7360K)
[2023-12-18T23:45:13.851+0100][15236.357s] GC(952) Pause Young (Normal) (G1 Evacuation Pause) 431M->147M(512M) 2.949ms
[2023-12-18T23:45:13.851+0100][15236.357s] GC(952) User=0.00s Sys=0.00s Real=0.00s
[2023-12-18T23:45:14.267+0100][15236.772s] GC(953) Pause Young (Normal) (G1 Evacuation Pause)
[2023-12-18T23:45:14.267+0100][15236.772s] GC(953) Using 10 workers of 10 for evacuation
[2023-12-18T23:45:14.270+0100][15236.776s] GC(953)   Pre Evacuate Collection Set: 0.1ms
[2023-12-18T23:45:14.270+0100][15236.776s] GC(953)   Merge Heap Roots: 0.1ms
[2023-12-18T23:45:14.270+0100][15236.776s] GC(953)   Evacuate Collection Set: 2.7ms
[2023-12-18T23:45:14.270+0100][15236.776s] GC(953)   Post Evacuate Collection Set: 0.6ms
[2023-12-18T23:45:14.270+0100][15236.776s] GC(953)   Other: 0.1ms
[2023-12-18T23:45:14.270+0100][15236.776s] GC(953) Eden regions: 285->0(282)
[2023-12-18T23:45:14.270+0100][15236.776s] GC(953) Survivor regions: 8->11(37)
[2023-12-18T23:45:14.270+0100][15236.776s] GC(953) Old regions: 136->136
[2023-12-18T23:45:14.270+0100][15236.776s] GC(953) Archive regions: 0->0
[2023-12-18T23:45:14.270+0100][15236.776s] GC(953) Humongous regions: 4->4
[2023-12-18T23:45:14.270+0100][15236.776s] GC(953) Metaspace: 63772K(64384K)->63772K(64384K) NonClass: 56721K(57024K)->56721K(57024K) Class: 7050K(7360K)->7050K(7360K)
[2023-12-18T23:45:14.270+0100][15236.776s] GC(953) Pause Young (Normal) (G1 Evacuation Pause) 432M->150M(512M) 3.712ms
[2023-12-18T23:45:14.270+0100][15236.776s] GC(953) User=0.00s Sys=0.00s Real=0.00s
[2023-12-18T23:45:14.564+0100][15237.069s] GC(954) Pause Young (Concurrent Start) (G1 Evacuation Pause)
[2023-12-18T23:45:14.564+0100][15237.069s] GC(954) Using 10 workers of 10 for evacuation
[2023-12-18T23:45:14.566+0100][15237.071s] GC(954)   Pre Evacuate Collection Set: 0.1ms
[2023-12-18T23:45:14.566+0100][15237.071s] GC(954)   Merge Heap Roots: 0.1ms
[2023-12-18T23:45:14.566+0100][15237.071s] GC(954)   Evacuate Collection Set: 1.3ms
[2023-12-18T23:45:14.566+0100][15237.071s] GC(954)   Post Evacuate Collection Set: 0.4ms
[2023-12-18T23:45:14.566+0100][15237.071s] GC(954)   Other: 0.1ms
[2023-12-18T23:45:14.566+0100][15237.071s] GC(954) Eden regions: 282->0(291)
[2023-12-18T23:45:14.566+0100][15237.071s] GC(954) Survivor regions: 11->6(37)
[2023-12-18T23:45:14.566+0100][15237.071s] GC(954) Old regions: 136->136
[2023-12-18T23:45:14.566+0100][15237.071s] GC(954) Archive regions: 0->0
[2023-12-18T23:45:14.566+0100][15237.071s] GC(954) Humongous regions: 4->4
[2023-12-18T23:45:14.566+0100][15237.071s] GC(954) Metaspace: 63772K(64384K)->63772K(64384K) NonClass: 56721K(57024K)->56721K(57024K) Class: 7050K(7360K)->7050K(7360K)
[2023-12-18T23:45:14.566+0100][15237.071s] GC(954) Pause Young (Concurrent Start) (G1 Evacuation Pause) 432M->145M(512M) 2.288ms
[2023-12-18T23:45:14.566+0100][15237.072s] GC(954) User=0.00s Sys=0.00s Real=0.00s
[2023-12-18T23:45:14.566+0100][15237.072s] GC(955) Concurrent Mark Cycle
[2023-12-18T23:45:14.566+0100][15237.072s] GC(955) Concurrent Clear Claimed Marks
[2023-12-18T23:45:14.566+0100][15237.072s] GC(955) Concurrent Clear Claimed Marks 0.026ms
[2023-12-18T23:45:14.566+0100][15237.072s] GC(955) Concurrent Scan Root Regions
[2023-12-18T23:45:14.567+0100][15237.072s] GC(955) Concurrent Scan Root Regions 0.791ms
[2023-12-18T23:45:14.567+0100][15237.072s] GC(955) Concurrent Mark
[2023-12-18T23:45:14.567+0100][15237.072s] GC(955) Concurrent Mark From Roots
[2023-12-18T23:45:14.567+0100][15237.072s] GC(955) Using 3 workers of 3 for marking
[2023-12-18T23:45:14.593+0100][15237.098s] GC(955) Concurrent Mark From Roots 25.795ms
[2023-12-18T23:45:14.593+0100][15237.099s] GC(955) Concurrent Preclean
[2023-12-18T23:45:14.595+0100][15237.100s] GC(955) Concurrent Preclean 1.641ms
[2023-12-18T23:45:14.595+0100][15237.100s] GC(955) Pause Remark
[2023-12-18T23:45:14.598+0100][15237.104s] GC(955) Pause Remark 160M->160M(512M) 3.052ms
[2023-12-18T23:45:14.598+0100][15237.104s] GC(955) User=0.00s Sys=0.00s Real=0.00s
[2023-12-18T23:45:14.598+0100][15237.104s] GC(955) Concurrent Mark 31.207ms
[2023-12-18T23:45:14.598+0100][15237.104s] GC(955) Concurrent Rebuild Remembered Sets
[2023-12-18T23:45:14.614+0100][15237.119s] GC(955) Concurrent Rebuild Remembered Sets 15.631ms
[2023-12-18T23:45:14.614+0100][15237.119s] GC(955) Pause Cleanup
[2023-12-18T23:45:14.614+0100][15237.119s] GC(955) Pause Cleanup 167M->167M(512M) 0.125ms
[2023-12-18T23:45:14.614+0100][15237.119s] GC(955) User=0.00s Sys=0.00s Real=0.00s
[2023-12-18T23:45:14.614+0100][15237.120s] GC(955) Concurrent Cleanup for Next Mark
[2023-12-18T23:45:14.615+0100][15237.120s] GC(955) Concurrent Cleanup for Next Mark 0.698ms
[2023-12-18T23:45:14.615+0100][15237.120s] GC(955) Concurrent Mark Cycle 48.715ms
[2023-12-18T23:45:14.954+0100][15237.460s] GC(956) Pause Young (Prepare Mixed) (G1 Evacuation Pause)
[2023-12-18T23:45:14.954+0100][15237.460s] GC(956) Using 10 workers of 10 for evacuation
[2023-12-18T23:45:14.957+0100][15237.463s] GC(956)   Pre Evacuate Collection Set: 0.0ms
[2023-12-18T23:45:14.957+0100][15237.463s] GC(956)   Merge Heap Roots: 0.0ms
[2023-12-18T23:45:14.957+0100][15237.463s] GC(956)   Evacuate Collection Set: 2.6ms
[2023-12-18T23:45:14.957+0100][15237.463s] GC(956)   Post Evacuate Collection Set: 0.3ms
[2023-12-18T23:45:14.957+0100][15237.463s] GC(956)   Other: 0.1ms
[2023-12-18T23:45:14.957+0100][15237.463s] GC(956) Eden regions: 291->0(15)
[2023-12-18T23:45:14.957+0100][15237.463s] GC(956) Survivor regions: 6->10(38)
[2023-12-18T23:45:14.957+0100][15237.463s] GC(956) Old regions: 136->136
[2023-12-18T23:45:14.957+0100][15237.463s] GC(956) Archive regions: 0->0
[2023-12-18T23:45:14.957+0100][15237.463s] GC(956) Humongous regions: 4->4
[2023-12-18T23:45:14.957+0100][15237.463s] GC(956) Metaspace: 63772K(64384K)->63772K(64384K) NonClass: 56721K(57024K)->56721K(57024K) Class: 7050K(7360K)->7050K(7360K)
[2023-12-18T23:45:14.957+0100][15237.463s] GC(956) Pause Young (Prepare Mixed) (G1 Evacuation Pause) 436M->149M(512M) 3.275ms
[2023-12-18T23:45:14.958+0100][15237.463s] GC(956) User=0.00s Sys=0.00s Real=0.00s
[2023-12-18T23:45:14.996+0100][15237.502s] GC(957) Pause Young (Mixed) (G1 Evacuation Pause)
[2023-12-18T23:45:14.996+0100][15237.502s] GC(957) Using 10 workers of 10 for evacuation
[2023-12-18T23:45:14.999+0100][15237.506s] GC(957)   Pre Evacuate Collection Set: 0.1ms
[2023-12-18T23:45:14.999+0100][15237.506s] GC(957)   Merge Heap Roots: 0.1ms
[2023-12-18T23:45:14.999+0100][15237.506s] GC(957)   Evacuate Collection Set: 3.1ms
[2023-12-18T23:45:14.999+0100][15237.506s] GC(957)   Post Evacuate Collection Set: 0.3ms
[2023-12-18T23:45:14.999+0100][15237.506s] GC(957)   Other: 0.1ms
[2023-12-18T23:45:14.999+0100][15237.506s] GC(957) Eden regions: 15->0(290)
[2023-12-18T23:45:14.999+0100][15237.506s] GC(957) Survivor regions: 10->3(4)
[2023-12-18T23:45:14.999+0100][15237.506s] GC(957) Old regions: 136->137
[2023-12-18T23:45:14.999+0100][15237.506s] GC(957) Archive regions: 0->0
[2023-12-18T23:45:14.999+0100][15237.506s] GC(957) Humongous regions: 4->4
[2023-12-18T23:45:14.999+0100][15237.506s] GC(957) Metaspace: 63772K(64384K)->63772K(64384K) NonClass: 56721K(57024K)->56721K(57024K) Class: 7050K(7360K)->7050K(7360K)
[2023-12-18T23:45:14.999+0100][15237.506s] GC(957) Pause Young (Mixed) (G1 Evacuation Pause) 164M->143M(512M) 3.925ms
[2023-12-18T23:45:15.000+0100][15237.506s] GC(957) User=0.00s Sys=0.00s Real=0.00s
[2023-12-18T23:45:15.279+0100][15237.785s] GC(958) Pause Young (Normal) (G1 Evacuation Pause)
[2023-12-18T23:45:15.279+0100][15237.785s] GC(958) Using 10 workers of 10 for evacuation
[2023-12-18T23:45:15.281+0100][15237.787s] GC(958)   Pre Evacuate Collection Set: 0.1ms
[2023-12-18T23:45:15.281+0100][15237.787s] GC(958)   Merge Heap Roots: 0.1ms
[2023-12-18T23:45:15.281+0100][15237.787s] GC(958)   Evacuate Collection Set: 1.8ms
[2023-12-18T23:45:15.281+0100][15237.787s] GC(958)   Post Evacuate Collection Set: 0.5ms
[2023-12-18T23:45:15.281+0100][15237.787s] GC(958)   Other: 0.1ms
[2023-12-18T23:45:15.281+0100][15237.787s] GC(958) Eden regions: 290->0(288)
[2023-12-18T23:45:15.281+0100][15237.787s] GC(958) Survivor regions: 3->6(37)
[2023-12-18T23:45:15.281+0100][15237.787s] GC(958) Old regions: 137->137
[2023-12-18T23:45:15.281+0100][15237.787s] GC(958) Archive regions: 0->0
[2023-12-18T23:45:15.281+0100][15237.787s] GC(958) Humongous regions: 4->4
[2023-12-18T23:45:15.281+0100][15237.787s] GC(958) Metaspace: 63772K(64384K)->63772K(64384K) NonClass: 56721K(57024K)->56721K(57024K) Class: 7050K(7360K)->7050K(7360K)
[2023-12-18T23:45:15.281+0100][15237.788s] GC(958) Pause Young (Normal) (G1 Evacuation Pause) 433M->146M(512M) 2.741ms
[2023-12-18T23:45:15.282+0100][15237.788s] GC(958) User=0.16s Sys=0.00s Real=0.00s
[2023-12-18T23:45:15.679+0100][15238.184s] GC(959) Pause Young (Normal) (G1 Evacuation Pause)
[2023-12-18T23:45:15.679+0100][15238.185s] GC(959) Using 10 workers of 10 for evacuation
[2023-12-18T23:45:15.682+0100][15238.187s] GC(959)   Pre Evacuate Collection Set: 0.1ms
[2023-12-18T23:45:15.682+0100][15238.187s] GC(959)   Merge Heap Roots: 0.1ms
[2023-12-18T23:45:15.682+0100][15238.187s] GC(959)   Evacuate Collection Set: 1.9ms
[2023-12-18T23:45:15.682+0100][15238.187s] GC(959)   Post Evacuate Collection Set: 0.4ms
[2023-12-18T23:45:15.682+0100][15238.187s] GC(959)   Other: 0.1ms
[2023-12-18T23:45:15.682+0100][15238.187s] GC(959) Eden regions: 288->0(286)
[2023-12-18T23:45:15.682+0100][15238.187s] GC(959) Survivor regions: 6->8(37)
[2023-12-18T23:45:15.682+0100][15238.187s] GC(959) Old regions: 137->137
[2023-12-18T23:45:15.682+0100][15238.187s] GC(959) Archive regions: 0->0
[2023-12-18T23:45:15.682+0100][15238.187s] GC(959) Humongous regions: 4->4
[2023-12-18T23:45:15.682+0100][15238.187s] GC(959) Metaspace: 63772K(64384K)->63772K(64384K) NonClass: 56721K(57024K)->56721K(57024K) Class: 7050K(7360K)->7050K(7360K)
[2023-12-18T23:45:15.682+0100][15238.187s] GC(959) Pause Young (Normal) (G1 Evacuation Pause) 434M->147M(512M) 2.825ms
[2023-12-18T23:45:15.682+0100][15238.187s] GC(959) User=0.00s Sys=0.00s Real=0.00s
[2023-12-18T23:45:15.989+0100][15238.495s] GC(960) Pause Young (Concurrent Start) (G1 Evacuation Pause)
[2023-12-18T23:45:15.989+0100][15238.495s] GC(960) Using 10 workers of 10 for evacuation
[2023-12-18T23:45:15.995+0100][15238.500s] GC(960)   Pre Evacuate Collection Set: 0.2ms
[2023-12-18T23:45:15.995+0100][15238.500s] GC(960)   Merge Heap Roots: 0.2ms
[2023-12-18T23:45:15.995+0100][15238.500s] GC(960)   Evacuate Collection Set: 4.2ms
[2023-12-18T23:45:15.995+0100][15238.500s] GC(960)   Post Evacuate Collection Set: 0.7ms
[2023-12-18T23:45:15.995+0100][15238.500s] GC(960)   Other: 0.1ms
[2023-12-18T23:45:15.995+0100][15238.500s] GC(960) Eden regions: 286->0(275)
[2023-12-18T23:45:15.995+0100][15238.500s] GC(960) Survivor regions: 8->16(37)
[2023-12-18T23:45:15.995+0100][15238.500s] GC(960) Old regions: 137->137
[2023-12-18T23:45:15.995+0100][15238.500s] GC(960) Archive regions: 0->0
[2023-12-18T23:45:15.995+0100][15238.500s] GC(960) Humongous regions: 4->4
[2023-12-18T23:45:15.995+0100][15238.500s] GC(960) Metaspace: 63772K(64384K)->63772K(64384K) NonClass: 56721K(57024K)->56721K(57024K) Class: 7050K(7360K)->7050K(7360K)
[2023-12-18T23:45:15.995+0100][15238.500s] GC(960) Pause Young (Concurrent Start) (G1 Evacuation Pause) 433M->156M(512M) 5.505ms
[2023-12-18T23:45:15.995+0100][15238.500s] GC(960) User=0.00s Sys=0.00s Real=0.01s
[2023-12-18T23:45:15.995+0100][15238.500s] GC(961) Concurrent Mark Cycle
[2023-12-18T23:45:15.995+0100][15238.500s] GC(961) Concurrent Clear Claimed Marks
[2023-12-18T23:45:15.995+0100][15238.500s] GC(961) Concurrent Clear Claimed Marks 0.032ms
[2023-12-18T23:45:15.995+0100][15238.500s] GC(961) Concurrent Scan Root Regions
[2023-12-18T23:45:15.997+0100][15238.502s] GC(961) Concurrent Scan Root Regions 2.226ms
[2023-12-18T23:45:15.997+0100][15238.502s] GC(961) Concurrent Mark
[2023-12-18T23:45:15.997+0100][15238.502s] GC(961) Concurrent Mark From Roots
[2023-12-18T23:45:15.997+0100][15238.502s] GC(961) Using 3 workers of 3 for marking
[2023-12-18T23:45:16.026+0100][15238.531s] GC(961) Concurrent Mark From Roots 28.322ms
[2023-12-18T23:45:16.026+0100][15238.531s] GC(961) Concurrent Preclean
[2023-12-18T23:45:16.026+0100][15238.531s] GC(961) Concurrent Preclean 0.229ms
[2023-12-18T23:45:16.026+0100][15238.531s] GC(961) Pause Remark
[2023-12-18T23:45:16.029+0100][15238.534s] GC(961) Pause Remark 214M->212M(512M) 3.140ms
[2023-12-18T23:45:16.029+0100][15238.534s] GC(961) User=0.00s Sys=0.00s Real=0.00s
[2023-12-18T23:45:16.029+0100][15238.535s] GC(961) Concurrent Mark 32.065ms
[2023-12-18T23:45:16.029+0100][15238.535s] GC(961) Concurrent Rebuild Remembered Sets
[2023-12-18T23:45:16.045+0100][15238.551s] GC(961) Concurrent Rebuild Remembered Sets 16.050ms
[2023-12-18T23:45:16.045+0100][15238.551s] GC(961) Pause Cleanup
[2023-12-18T23:45:16.046+0100][15238.551s] GC(961) Pause Cleanup 215M->215M(512M) 0.120ms
[2023-12-18T23:45:16.046+0100][15238.551s] GC(961) User=0.00s Sys=0.00s Real=0.00s
[2023-12-18T23:45:16.046+0100][15238.551s] GC(961) Concurrent Cleanup for Next Mark
[2023-12-18T23:45:16.046+0100][15238.552s] GC(961) Concurrent Cleanup for Next Mark 0.699ms
[2023-12-18T23:45:16.046+0100][15238.552s] GC(961) Concurrent Mark Cycle 51.483ms
[2023-12-18T23:45:16.342+0100][15238.848s] GC(962) Pause Young (Prepare Mixed) (G1 Evacuation Pause)
[2023-12-18T23:45:16.342+0100][15238.848s] GC(962) Using 10 workers of 10 for evacuation
[2023-12-18T23:45:16.345+0100][15238.851s] GC(962)   Pre Evacuate Collection Set: 0.1ms
[2023-12-18T23:45:16.345+0100][15238.851s] GC(962)   Merge Heap Roots: 0.1ms
[2023-12-18T23:45:16.345+0100][15238.851s] GC(962)   Evacuate Collection Set: 2.4ms
[2023-12-18T23:45:16.345+0100][15238.851s] GC(962)   Post Evacuate Collection Set: 0.6ms
[2023-12-18T23:45:16.345+0100][15238.851s] GC(962)   Other: 0.1ms
[2023-12-18T23:45:16.345+0100][15238.851s] GC(962) Eden regions: 275->0(16)
[2023-12-18T23:45:16.345+0100][15238.851s] GC(962) Survivor regions: 16->9(37)
[2023-12-18T23:45:16.345+0100][15238.851s] GC(962) Old regions: 135->135
[2023-12-18T23:45:16.345+0100][15238.851s] GC(962) Archive regions: 0->0
[2023-12-18T23:45:16.345+0100][15238.851s] GC(962) Humongous regions: 4->4
[2023-12-18T23:45:16.345+0100][15238.851s] GC(962) Metaspace: 63772K(64384K)->63772K(64384K) NonClass: 56721K(57024K)->56721K(57024K) Class: 7050K(7360K)->7050K(7360K)
[2023-12-18T23:45:16.345+0100][15238.851s] GC(962) Pause Young (Prepare Mixed) (G1 Evacuation Pause) 429M->147M(512M) 3.532ms
[2023-12-18T23:45:16.345+0100][15238.851s] GC(962) User=0.16s Sys=0.00s Real=0.00s
[2023-12-18T23:45:16.369+0100][15238.875s] GC(963) Pause Young (Mixed) (G1 Evacuation Pause)
[2023-12-18T23:45:16.369+0100][15238.875s] GC(963) Using 10 workers of 10 for evacuation
[2023-12-18T23:45:16.372+0100][15238.877s] GC(963)   Pre Evacuate Collection Set: 0.1ms
[2023-12-18T23:45:16.372+0100][15238.878s] GC(963)   Merge Heap Roots: 0.1ms
[2023-12-18T23:45:16.372+0100][15238.878s] GC(963)   Evacuate Collection Set: 2.0ms
[2023-12-18T23:45:16.372+0100][15238.878s] GC(963)   Post Evacuate Collection Set: 0.4ms
[2023-12-18T23:45:16.372+0100][15238.878s] GC(963)   Other: 0.0ms
[2023-12-18T23:45:16.372+0100][15238.878s] GC(963) Eden regions: 16->0(291)
[2023-12-18T23:45:16.372+0100][15238.878s] GC(963) Survivor regions: 9->2(4)
[2023-12-18T23:45:16.372+0100][15238.878s] GC(963) Old regions: 135->134
[2023-12-18T23:45:16.372+0100][15238.878s] GC(963) Archive regions: 0->0
[2023-12-18T23:45:16.372+0100][15238.878s] GC(963) Humongous regions: 4->4
[2023-12-18T23:45:16.372+0100][15238.878s] GC(963) Metaspace: 63772K(64384K)->63772K(64384K) NonClass: 56721K(57024K)->56721K(57024K) Class: 7050K(7360K)->7050K(7360K)
[2023-12-18T23:45:16.372+0100][15238.878s] GC(963) Pause Young (Mixed) (G1 Evacuation Pause) 163M->138M(512M) 2.857ms
[2023-12-18T23:45:16.372+0100][15238.878s] GC(963) User=0.00s Sys=0.00s Real=0.00s
[2023-12-18T23:45:16.777+0100][15239.282s] GC(964) Pause Young (Normal) (G1 Evacuation Pause)
[2023-12-18T23:45:16.777+0100][15239.283s] GC(964) Using 10 workers of 10 for evacuation
[2023-12-18T23:45:16.781+0100][15239.287s] GC(964)   Pre Evacuate Collection Set: 0.1ms
[2023-12-18T23:45:16.781+0100][15239.287s] GC(964)   Merge Heap Roots: 0.1ms
[2023-12-18T23:45:16.781+0100][15239.287s] GC(964)   Evacuate Collection Set: 3.1ms
[2023-12-18T23:45:16.781+0100][15239.287s] GC(964)   Post Evacuate Collection Set: 0.7ms
[2023-12-18T23:45:16.781+0100][15239.287s] GC(964)   Other: 0.1ms
[2023-12-18T23:45:16.781+0100][15239.287s] GC(964) Eden regions: 291->0(279)
[2023-12-18T23:45:16.781+0100][15239.287s] GC(964) Survivor regions: 2->11(37)
[2023-12-18T23:45:16.781+0100][15239.287s] GC(964) Old regions: 134->134
[2023-12-18T23:45:16.781+0100][15239.287s] GC(964) Archive regions: 0->0
[2023-12-18T23:45:16.781+0100][15239.287s] GC(964) Humongous regions: 4->4
[2023-12-18T23:45:16.781+0100][15239.287s] GC(964) Metaspace: 63772K(64384K)->63772K(64384K) NonClass: 56721K(57024K)->56721K(57024K) Class: 7050K(7360K)->7050K(7360K)
[2023-12-18T23:45:16.781+0100][15239.287s] GC(964) Pause Young (Normal) (G1 Evacuation Pause) 429M->147M(512M) 4.225ms
[2023-12-18T23:45:16.781+0100][15239.287s] GC(964) User=0.00s Sys=0.00s Real=0.00s
[2023-12-18T23:45:17.053+0100][15239.559s] GC(965) Pause Young (Normal) (G1 Evacuation Pause)
[2023-12-18T23:45:17.053+0100][15239.559s] GC(965) Using 10 workers of 10 for evacuation
[2023-12-18T23:45:17.054+0100][15239.560s] GC(965)   Pre Evacuate Collection Set: 0.1ms
[2023-12-18T23:45:17.054+0100][15239.560s] GC(965)   Merge Heap Roots: 0.1ms
[2023-12-18T23:45:17.054+0100][15239.560s] GC(965)   Evacuate Collection Set: 1.2ms
[2023-12-18T23:45:17.054+0100][15239.560s] GC(965)   Post Evacuate Collection Set: 0.4ms
[2023-12-18T23:45:17.054+0100][15239.560s] GC(965)   Other: 0.1ms
[2023-12-18T23:45:17.054+0100][15239.560s] GC(965) Eden regions: 279->0(289)
[2023-12-18T23:45:17.054+0100][15239.560s] GC(965) Survivor regions: 11->5(37)
[2023-12-18T23:45:17.054+0100][15239.560s] GC(965) Old regions: 134->134
[2023-12-18T23:45:17.054+0100][15239.560s] GC(965) Archive regions: 0->0
[2023-12-18T23:45:17.055+0100][15239.560s] GC(965) Humongous regions: 4->4
[2023-12-18T23:45:17.055+0100][15239.560s] GC(965) Metaspace: 63772K(64384K)->63772K(64384K) NonClass: 56721K(57024K)->56721K(57024K) Class: 7050K(7360K)->7050K(7360K)
[2023-12-18T23:45:17.055+0100][15239.561s] GC(965) Pause Young (Normal) (G1 Evacuation Pause) 426M->142M(512M) 1.972ms
[2023-12-18T23:45:17.055+0100][15239.561s] GC(965) User=0.00s Sys=0.00s Real=0.00s
[2023-12-18T23:45:17.432+0100][15239.937s] GC(966) Pause Young (Normal) (G1 Evacuation Pause)
[2023-12-18T23:45:17.432+0100][15239.937s] GC(966) Using 10 workers of 10 for evacuation
[2023-12-18T23:45:17.436+0100][15239.941s] GC(966)   Pre Evacuate Collection Set: 0.1ms
[2023-12-18T23:45:17.436+0100][15239.941s] GC(966)   Merge Heap Roots: 0.1ms
[2023-12-18T23:45:17.436+0100][15239.941s] GC(966)   Evacuate Collection Set: 3.2ms
[2023-12-18T23:45:17.436+0100][15239.941s] GC(966)   Post Evacuate Collection Set: 0.5ms
[2023-12-18T23:45:17.436+0100][15239.942s] GC(966)   Other: 0.1ms
[2023-12-18T23:45:17.436+0100][15239.942s] GC(966) Eden regions: 289->0(279)
[2023-12-18T23:45:17.436+0100][15239.942s] GC(966) Survivor regions: 5->13(37)
[2023-12-18T23:45:17.436+0100][15239.942s] GC(966) Old regions: 134->134
[2023-12-18T23:45:17.436+0100][15239.942s] GC(966) Archive regions: 0->0
[2023-12-18T23:45:17.436+0100][15239.942s] GC(966) Humongous regions: 4->4
[2023-12-18T23:45:17.436+0100][15239.942s] GC(966) Metaspace: 63772K(64384K)->63772K(64384K) NonClass: 56721K(57024K)->56721K(57024K) Class: 7050K(7360K)->7050K(7360K)
[2023-12-18T23:45:17.436+0100][15239.942s] GC(966) Pause Young (Normal) (G1 Evacuation Pause) 431M->149M(512M) 4.274ms
[2023-12-18T23:45:17.436+0100][15239.942s] GC(966) User=0.00s Sys=0.00s Real=0.00s
[2023-12-18T23:45:17.659+0100][15240.165s] GC(967) Pause Young (Normal) (G1 Evacuation Pause)
[2023-12-18T23:45:17.659+0100][15240.165s] GC(967) Using 10 workers of 10 for evacuation
[2023-12-18T23:45:17.666+0100][15240.172s] GC(967)   Pre Evacuate Collection Set: 0.1ms
[2023-12-18T23:45:17.666+0100][15240.172s] GC(967)   Merge Heap Roots: 0.1ms
[2023-12-18T23:45:17.666+0100][15240.172s] GC(967)   Evacuate Collection Set: 5.8ms
[2023-12-18T23:45:17.666+0100][15240.172s] GC(967)   Post Evacuate Collection Set: 0.6ms
[2023-12-18T23:45:17.666+0100][15240.172s] GC(967)   Other: 0.1ms
[2023-12-18T23:45:17.666+0100][15240.172s] GC(967) Eden regions: 279->0(274)
[2023-12-18T23:45:17.666+0100][15240.172s] GC(967) Survivor regions: 13->18(37)
[2023-12-18T23:45:17.666+0100][15240.172s] GC(967) Old regions: 134->134
[2023-12-18T23:45:17.666+0100][15240.172s] GC(967) Archive regions: 0->0
[2023-12-18T23:45:17.666+0100][15240.172s] GC(967) Humongous regions: 4->4
[2023-12-18T23:45:17.666+0100][15240.172s] GC(967) Metaspace: 63772K(64384K)->63772K(64384K) NonClass: 56721K(57024K)->56721K(57024K) Class: 7050K(7360K)->7050K(7360K)
[2023-12-18T23:45:17.666+0100][15240.172s] GC(967) Pause Young (Normal) (G1 Evacuation Pause) 428M->155M(512M) 6.900ms
[2023-12-18T23:45:17.666+0100][15240.172s] GC(967) User=0.00s Sys=0.00s Real=0.01s
[2023-12-18T23:45:18.057+0100][15240.563s] GC(968) Pause Young (Normal) (G1 Evacuation Pause)
[2023-12-18T23:45:18.058+0100][15240.563s] GC(968) Using 10 workers of 10 for evacuation
[2023-12-18T23:45:18.062+0100][15240.567s] GC(968)   Pre Evacuate Collection Set: 0.1ms
[2023-12-18T23:45:18.062+0100][15240.567s] GC(968)   Merge Heap Roots: 0.0ms
[2023-12-18T23:45:18.062+0100][15240.567s] GC(968)   Evacuate Collection Set: 3.7ms
[2023-12-18T23:45:18.062+0100][15240.567s] GC(968)   Post Evacuate Collection Set: 0.3ms
[2023-12-18T23:45:18.062+0100][15240.567s] GC(968)   Other: 0.1ms
[2023-12-18T23:45:18.062+0100][15240.567s] GC(968) Eden regions: 274->0(273)
[2023-12-18T23:45:18.062+0100][15240.567s] GC(968) Survivor regions: 18->16(37)
[2023-12-18T23:45:18.062+0100][15240.567s] GC(968) Old regions: 134->134
[2023-12-18T23:45:18.062+0100][15240.567s] GC(968) Archive regions: 0->0
[2023-12-18T23:45:18.062+0100][15240.567s] GC(968) Humongous regions: 4->4
[2023-12-18T23:45:18.062+0100][15240.567s] GC(968) Metaspace: 63772K(64384K)->63772K(64384K) NonClass: 56721K(57024K)->56721K(57024K) Class: 7050K(7360K)->7050K(7360K)
[2023-12-18T23:45:18.062+0100][15240.567s] GC(968) Pause Young (Normal) (G1 Evacuation Pause) 429M->153M(512M) 4.415ms
[2023-12-18T23:45:18.062+0100][15240.567s] GC(968) User=0.00s Sys=0.00s Real=0.01s
[2023-12-18T23:45:18.334+0100][15240.840s] GC(969) Pause Young (Normal) (G1 Evacuation Pause)
[2023-12-18T23:45:18.334+0100][15240.840s] GC(969) Using 10 workers of 10 for evacuation
[2023-12-18T23:45:18.340+0100][15240.846s] GC(969)   Pre Evacuate Collection Set: 0.0ms
[2023-12-18T23:45:18.340+0100][15240.846s] GC(969)   Merge Heap Roots: 0.0ms
[2023-12-18T23:45:18.340+0100][15240.846s] GC(969)   Evacuate Collection Set: 5.2ms
[2023-12-18T23:45:18.340+0100][15240.846s] GC(969)   Post Evacuate Collection Set: 0.5ms
[2023-12-18T23:45:18.340+0100][15240.846s] GC(969)   Other: 0.1ms
[2023-12-18T23:45:18.340+0100][15240.846s] GC(969) Eden regions: 273->0(268)
[2023-12-18T23:45:18.340+0100][15240.846s] GC(969) Survivor regions: 16->21(37)
[2023-12-18T23:45:18.340+0100][15240.846s] GC(969) Old regions: 134->134
[2023-12-18T23:45:18.340+0100][15240.846s] GC(969) Archive regions: 0->0
[2023-12-18T23:45:18.340+0100][15240.846s] GC(969) Humongous regions: 4->4
[2023-12-18T23:45:18.340+0100][15240.846s] GC(969) Metaspace: 63772K(64384K)->63772K(64384K) NonClass: 56721K(57024K)->56721K(57024K) Class: 7050K(7360K)->7050K(7360K)
[2023-12-18T23:45:18.340+0100][15240.846s] GC(969) Pause Young (Normal) (G1 Evacuation Pause) 426M->158M(512M) 6.052ms
[2023-12-18T23:45:18.340+0100][15240.846s] GC(969) User=0.00s Sys=0.00s Real=0.01s
[2023-12-18T23:45:18.671+0100][15241.176s] GC(970) Pause Young (Normal) (G1 Evacuation Pause)
[2023-12-18T23:45:18.671+0100][15241.176s] GC(970) Using 10 workers of 10 for evacuation
[2023-12-18T23:45:18.675+0100][15241.181s] GC(970)   Pre Evacuate Collection Set: 0.1ms
[2023-12-18T23:45:18.675+0100][15241.181s] GC(970)   Merge Heap Roots: 0.1ms
[2023-12-18T23:45:18.675+0100][15241.181s] GC(970)   Evacuate Collection Set: 3.3ms
[2023-12-18T23:45:18.675+0100][15241.181s] GC(970)   Post Evacuate Collection Set: 0.5ms
[2023-12-18T23:45:18.675+0100][15241.181s] GC(970)   Other: 0.1ms
[2023-12-18T23:45:18.675+0100][15241.181s] GC(970) Eden regions: 268->0(275)
[2023-12-18T23:45:18.675+0100][15241.181s] GC(970) Survivor regions: 21->14(37)
[2023-12-18T23:45:18.675+0100][15241.181s] GC(970) Old regions: 134->135
[2023-12-18T23:45:18.675+0100][15241.181s] GC(970) Archive regions: 0->0
[2023-12-18T23:45:18.675+0100][15241.181s] GC(970) Humongous regions: 4->4
[2023-12-18T23:45:18.675+0100][15241.181s] GC(970) Metaspace: 63772K(64384K)->63772K(64384K) NonClass: 56721K(57024K)->56721K(57024K) Class: 7050K(7360K)->7050K(7360K)
[2023-12-18T23:45:18.675+0100][15241.181s] GC(970) Pause Young (Normal) (G1 Evacuation Pause) 426M->152M(512M) 4.221ms
[2023-12-18T23:45:18.675+0100][15241.181s] GC(970) User=0.16s Sys=0.00s Real=0.00s
[2023-12-18T23:45:19.028+0100][15241.534s] GC(971) Pause Young (Normal) (G1 Evacuation Pause)
[2023-12-18T23:45:19.028+0100][15241.534s] GC(971) Using 10 workers of 10 for evacuation
[2023-12-18T23:45:19.034+0100][15241.540s] GC(971)   Pre Evacuate Collection Set: 0.1ms
[2023-12-18T23:45:19.034+0100][15241.540s] GC(971)   Merge Heap Roots: 0.1ms
[2023-12-18T23:45:19.034+0100][15241.540s] GC(971)   Evacuate Collection Set: 5.6ms
[2023-12-18T23:45:19.034+0100][15241.540s] GC(971)   Post Evacuate Collection Set: 0.4ms
[2023-12-18T23:45:19.034+0100][15241.540s] GC(971)   Other: 0.1ms
[2023-12-18T23:45:19.034+0100][15241.540s] GC(971) Eden regions: 275->0(265)
[2023-12-18T23:45:19.034+0100][15241.540s] GC(971) Survivor regions: 14->23(37)
[2023-12-18T23:45:19.034+0100][15241.540s] GC(971) Old regions: 135->135
[2023-12-18T23:45:19.034+0100][15241.540s] GC(971) Archive regions: 0->0
[2023-12-18T23:45:19.034+0100][15241.540s] GC(971) Humongous regions: 4->4
[2023-12-18T23:45:19.034+0100][15241.540s] GC(971) Metaspace: 63794K(64384K)->63794K(64384K) NonClass: 56742K(57024K)->56742K(57024K) Class: 7052K(7360K)->7052K(7360K)
[2023-12-18T23:45:19.034+0100][15241.540s] GC(971) Pause Young (Normal) (G1 Evacuation Pause) 427M->160M(512M) 6.548ms
[2023-12-18T23:45:19.034+0100][15241.540s] GC(971) User=0.16s Sys=0.00s Real=0.01s
[2023-12-18T23:45:19.297+0100][15241.802s] GC(972) Pause Young (Concurrent Start) (G1 Evacuation Pause)
[2023-12-18T23:45:19.297+0100][15241.802s] GC(972) Using 10 workers of 10 for evacuation
[2023-12-18T23:45:19.300+0100][15241.806s] GC(972)   Pre Evacuate Collection Set: 0.1ms
[2023-12-18T23:45:19.300+0100][15241.806s] GC(972)   Merge Heap Roots: 0.1ms
[2023-12-18T23:45:19.300+0100][15241.806s] GC(972)   Evacuate Collection Set: 2.9ms
[2023-12-18T23:45:19.300+0100][15241.806s] GC(972)   Post Evacuate Collection Set: 0.5ms
[2023-12-18T23:45:19.300+0100][15241.806s] GC(972)   Other: 0.1ms
[2023-12-18T23:45:19.300+0100][15241.806s] GC(972) Eden regions: 265->0(273)
[2023-12-18T23:45:19.300+0100][15241.806s] GC(972) Survivor regions: 23->14(36)
[2023-12-18T23:45:19.300+0100][15241.806s] GC(972) Old regions: 135->136
[2023-12-18T23:45:19.300+0100][15241.806s] GC(972) Archive regions: 0->0
[2023-12-18T23:45:19.301+0100][15241.806s] GC(972) Humongous regions: 4->4
[2023-12-18T23:45:19.301+0100][15241.806s] GC(972) Metaspace: 63801K(64384K)->63801K(64384K) NonClass: 56749K(57024K)->56749K(57024K) Class: 7052K(7360K)->7052K(7360K)
[2023-12-18T23:45:19.301+0100][15241.806s] GC(972) Pause Young (Concurrent Start) (G1 Evacuation Pause) 425M->153M(512M) 3.970ms
[2023-12-18T23:45:19.301+0100][15241.806s] GC(972) User=0.16s Sys=0.00s Real=0.00s
[2023-12-18T23:45:19.301+0100][15241.806s] GC(973) Concurrent Mark Cycle
[2023-12-18T23:45:19.301+0100][15241.806s] GC(973) Concurrent Clear Claimed Marks
[2023-12-18T23:45:19.301+0100][15241.806s] GC(973) Concurrent Clear Claimed Marks 0.032ms
[2023-12-18T23:45:19.301+0100][15241.806s] GC(973) Concurrent Scan Root Regions
[2023-12-18T23:45:19.302+0100][15241.808s] GC(973) Concurrent Scan Root Regions 1.360ms
[2023-12-18T23:45:19.302+0100][15241.808s] GC(973) Concurrent Mark
[2023-12-18T23:45:19.302+0100][15241.808s] GC(973) Concurrent Mark From Roots
[2023-12-18T23:45:19.302+0100][15241.808s] GC(973) Using 3 workers of 3 for marking
[2023-12-18T23:45:19.328+0100][15241.834s] GC(973) Concurrent Mark From Roots 26.302ms
[2023-12-18T23:45:19.328+0100][15241.834s] GC(973) Concurrent Preclean
[2023-12-18T23:45:19.329+0100][15241.834s] GC(973) Concurrent Preclean 0.183ms
[2023-12-18T23:45:19.329+0100][15241.834s] GC(973) Pause Remark
[2023-12-18T23:45:19.332+0100][15241.837s] GC(973) Pause Remark 177M->172M(512M) 2.796ms
[2023-12-18T23:45:19.332+0100][15241.837s] GC(973) User=0.00s Sys=0.00s Real=0.00s
[2023-12-18T23:45:19.332+0100][15241.837s] GC(973) Concurrent Mark 29.467ms
[2023-12-18T23:45:19.332+0100][15241.837s] GC(973) Concurrent Rebuild Remembered Sets
[2023-12-18T23:45:19.347+0100][15241.853s] GC(973) Concurrent Rebuild Remembered Sets 15.430ms
[2023-12-18T23:45:19.347+0100][15241.853s] GC(973) Pause Cleanup
[2023-12-18T23:45:19.347+0100][15241.853s] GC(973) Pause Cleanup 177M->177M(512M) 0.132ms
[2023-12-18T23:45:19.347+0100][15241.853s] GC(973) User=0.00s Sys=0.00s Real=0.00s
[2023-12-18T23:45:19.347+0100][15241.853s] GC(973) Concurrent Cleanup for Next Mark
[2023-12-18T23:45:19.348+0100][15241.853s] GC(973) Concurrent Cleanup for Next Mark 0.634ms
[2023-12-18T23:45:19.348+0100][15241.853s] GC(973) Concurrent Mark Cycle 47.282ms
[2023-12-18T23:45:19.710+0100][15242.216s] GC(974) Pause Young (Prepare Mixed) (G1 Evacuation Pause)
[2023-12-18T23:45:19.710+0100][15242.216s] GC(974) Using 10 workers of 10 for evacuation
[2023-12-18T23:45:19.715+0100][15242.221s] GC(974)   Pre Evacuate Collection Set: 0.1ms
[2023-12-18T23:45:19.715+0100][15242.221s] GC(974)   Merge Heap Roots: 0.0ms
[2023-12-18T23:45:19.715+0100][15242.221s] GC(974)   Evacuate Collection Set: 4.5ms
[2023-12-18T23:45:19.715+0100][15242.221s] GC(974)   Post Evacuate Collection Set: 0.4ms
[2023-12-18T23:45:19.715+0100][15242.221s] GC(974)   Other: 0.1ms
[2023-12-18T23:45:19.715+0100][15242.221s] GC(974) Eden regions: 273->0(6)
[2023-12-18T23:45:19.715+0100][15242.221s] GC(974) Survivor regions: 14->19(36)
[2023-12-18T23:45:19.715+0100][15242.221s] GC(974) Old regions: 131->131
[2023-12-18T23:45:19.715+0100][15242.221s] GC(974) Archive regions: 0->0
[2023-12-18T23:45:19.715+0100][15242.221s] GC(974) Humongous regions: 4->4
[2023-12-18T23:45:19.715+0100][15242.221s] GC(974) Metaspace: 63801K(64384K)->63801K(64384K) NonClass: 56749K(57024K)->56749K(57024K) Class: 7052K(7360K)->7052K(7360K)
[2023-12-18T23:45:19.715+0100][15242.221s] GC(974) Pause Young (Prepare Mixed) (G1 Evacuation Pause) 421M->153M(512M) 5.260ms
[2023-12-18T23:45:19.715+0100][15242.221s] GC(974) User=0.00s Sys=0.00s Real=0.00s
[2023-12-18T23:45:19.719+0100][15242.225s] GC(975) Pause Young (Mixed) (G1 Evacuation Pause)
[2023-12-18T23:45:19.719+0100][15242.225s] GC(975) Using 10 workers of 10 for evacuation
[2023-12-18T23:45:19.724+0100][15242.230s] GC(975)   Pre Evacuate Collection Set: 0.1ms
[2023-12-18T23:45:19.724+0100][15242.230s] GC(975)   Merge Heap Roots: 0.1ms
[2023-12-18T23:45:19.724+0100][15242.230s] GC(975)   Evacuate Collection Set: 4.6ms
[2023-12-18T23:45:19.724+0100][15242.230s] GC(975)   Post Evacuate Collection Set: 0.3ms
[2023-12-18T23:45:19.724+0100][15242.230s] GC(975)   Other: 0.1ms
[2023-12-18T23:45:19.724+0100][15242.230s] GC(975) Eden regions: 6->0(280)
[2023-12-18T23:45:19.724+0100][15242.230s] GC(975) Survivor regions: 19->3(4)
[2023-12-18T23:45:19.724+0100][15242.230s] GC(975) Old regions: 131->140
[2023-12-18T23:45:19.724+0100][15242.230s] GC(975) Archive regions: 0->0
[2023-12-18T23:45:19.724+0100][15242.230s] GC(975) Humongous regions: 4->4
[2023-12-18T23:45:19.724+0100][15242.230s] GC(975) Metaspace: 63801K(64384K)->63801K(64384K) NonClass: 56749K(57024K)->56749K(57024K) Class: 7052K(7360K)->7052K(7360K)
[2023-12-18T23:45:19.724+0100][15242.230s] GC(975) Pause Young (Mixed) (G1 Evacuation Pause) 159M->146M(512M) 5.281ms
[2023-12-18T23:45:19.724+0100][15242.230s] GC(975) User=0.00s Sys=0.00s Real=0.00s
[2023-12-18T23:45:19.939+0100][15242.445s] GC(976) Pause Young (Normal) (G1 Evacuation Pause)
[2023-12-18T23:45:19.939+0100][15242.445s] GC(976) Using 10 workers of 10 for evacuation
[2023-12-18T23:45:19.941+0100][15242.447s] GC(976)   Pre Evacuate Collection Set: 0.1ms
[2023-12-18T23:45:19.941+0100][15242.447s] GC(976)   Merge Heap Roots: 0.1ms
[2023-12-18T23:45:19.941+0100][15242.447s] GC(976)   Evacuate Collection Set: 2.0ms
[2023-12-18T23:45:19.941+0100][15242.447s] GC(976)   Post Evacuate Collection Set: 0.4ms
[2023-12-18T23:45:19.941+0100][15242.447s] GC(976)   Other: 0.1ms
[2023-12-18T23:45:19.941+0100][15242.447s] GC(976) Eden regions: 280->0(276)
[2023-12-18T23:45:19.941+0100][15242.447s] GC(976) Survivor regions: 3->8(36)
[2023-12-18T23:45:19.941+0100][15242.447s] GC(976) Old regions: 140->140
[2023-12-18T23:45:19.941+0100][15242.447s] GC(976) Archive regions: 0->0
[2023-12-18T23:45:19.941+0100][15242.447s] GC(976) Humongous regions: 4->4
[2023-12-18T23:45:19.941+0100][15242.447s] GC(976) Metaspace: 63803K(64384K)->63803K(64384K) NonClass: 56751K(57024K)->56751K(57024K) Class: 7052K(7360K)->7052K(7360K)
[2023-12-18T23:45:19.941+0100][15242.448s] GC(976) Pause Young (Normal) (G1 Evacuation Pause) 426M->151M(512M) 2.715ms
[2023-12-18T23:45:19.941+0100][15242.448s] GC(976) User=0.00s Sys=0.00s Real=0.00s
[2023-12-18T23:45:20.311+0100][15242.817s] GC(977) Pause Young (Normal) (G1 Evacuation Pause)
[2023-12-18T23:45:20.311+0100][15242.817s] GC(977) Using 10 workers of 10 for evacuation
[2023-12-18T23:45:20.315+0100][15242.821s] GC(977)   Pre Evacuate Collection Set: 0.1ms
[2023-12-18T23:45:20.315+0100][15242.821s] GC(977)   Merge Heap Roots: 0.1ms
[2023-12-18T23:45:20.315+0100][15242.821s] GC(977)   Evacuate Collection Set: 2.9ms
[2023-12-18T23:45:20.315+0100][15242.821s] GC(977)   Post Evacuate Collection Set: 0.4ms
[2023-12-18T23:45:20.315+0100][15242.821s] GC(977)   Other: 0.1ms
[2023-12-18T23:45:20.315+0100][15242.821s] GC(977) Eden regions: 276->0(271)
[2023-12-18T23:45:20.315+0100][15242.821s] GC(977) Survivor regions: 8->12(36)
[2023-12-18T23:45:20.315+0100][15242.821s] GC(977) Old regions: 140->140
[2023-12-18T23:45:20.315+0100][15242.821s] GC(977) Archive regions: 0->0
[2023-12-18T23:45:20.315+0100][15242.821s] GC(977) Humongous regions: 4->4
[2023-12-18T23:45:20.315+0100][15242.821s] GC(977) Metaspace: 63803K(64384K)->63803K(64384K) NonClass: 56751K(57024K)->56751K(57024K) Class: 7052K(7360K)->7052K(7360K)
[2023-12-18T23:45:20.315+0100][15242.821s] GC(977) Pause Young (Normal) (G1 Evacuation Pause) 427M->155M(512M) 3.797ms
[2023-12-18T23:45:20.315+0100][15242.821s] GC(977) User=0.16s Sys=0.00s Real=0.00s
[2023-12-18T23:45:20.613+0100][15243.119s] GC(978) Pause Young (Concurrent Start) (G1 Evacuation Pause)
[2023-12-18T23:45:20.613+0100][15243.119s] GC(978) Using 10 workers of 10 for evacuation
[2023-12-18T23:45:20.619+0100][15243.125s] GC(978)   Pre Evacuate Collection Set: 0.1ms
[2023-12-18T23:45:20.619+0100][15243.125s] GC(978)   Merge Heap Roots: 0.1ms
[2023-12-18T23:45:20.619+0100][15243.125s] GC(978)   Evacuate Collection Set: 5.2ms
[2023-12-18T23:45:20.619+0100][15243.125s] GC(978)   Post Evacuate Collection Set: 0.5ms
[2023-12-18T23:45:20.619+0100][15243.125s] GC(978)   Other: 0.1ms
[2023-12-18T23:45:20.619+0100][15243.125s] GC(978) Eden regions: 271->0(264)
[2023-12-18T23:45:20.619+0100][15243.125s] GC(978) Survivor regions: 12->19(36)
[2023-12-18T23:45:20.619+0100][15243.125s] GC(978) Old regions: 140->140
[2023-12-18T23:45:20.619+0100][15243.125s] GC(978) Archive regions: 0->0
[2023-12-18T23:45:20.619+0100][15243.125s] GC(978) Humongous regions: 4->4
[2023-12-18T23:45:20.619+0100][15243.125s] GC(978) Metaspace: 63803K(64384K)->63803K(64384K) NonClass: 56751K(57024K)->56751K(57024K) Class: 7052K(7360K)->7052K(7360K)
[2023-12-18T23:45:20.619+0100][15243.125s] GC(978) Pause Young (Concurrent Start) (G1 Evacuation Pause) 426M->162M(512M) 6.129ms
[2023-12-18T23:45:20.619+0100][15243.125s] GC(978) User=0.00s Sys=0.00s Real=0.01s
[2023-12-18T23:45:20.619+0100][15243.125s] GC(979) Concurrent Mark Cycle
[2023-12-18T23:45:20.620+0100][15243.125s] GC(979) Concurrent Clear Claimed Marks
[2023-12-18T23:45:20.620+0100][15243.125s] GC(979) Concurrent Clear Claimed Marks 0.055ms
[2023-12-18T23:45:20.620+0100][15243.125s] GC(979) Concurrent Scan Root Regions
[2023-12-18T23:45:20.623+0100][15243.129s] GC(979) Concurrent Scan Root Regions 3.704ms
[2023-12-18T23:45:20.623+0100][15243.129s] GC(979) Concurrent Mark
[2023-12-18T23:45:20.623+0100][15243.129s] GC(979) Concurrent Mark From Roots
[2023-12-18T23:45:20.623+0100][15243.129s] GC(979) Using 3 workers of 3 for marking
[2023-12-18T23:45:20.659+0100][15243.165s] GC(979) Concurrent Mark From Roots 35.689ms
[2023-12-18T23:45:20.659+0100][15243.165s] GC(979) Concurrent Preclean
[2023-12-18T23:45:20.659+0100][15243.165s] GC(979) Concurrent Preclean 0.317ms
[2023-12-18T23:45:20.659+0100][15243.165s] GC(979) Pause Remark
[2023-12-18T23:45:20.663+0100][15243.169s] GC(979) Pause Remark 240M->240M(512M) 4.019ms
[2023-12-18T23:45:20.663+0100][15243.169s] GC(979) User=0.00s Sys=0.00s Real=0.00s
[2023-12-18T23:45:20.663+0100][15243.169s] GC(979) Concurrent Mark 40.374ms
[2023-12-18T23:45:20.663+0100][15243.169s] GC(979) Concurrent Rebuild Remembered Sets
[2023-12-18T23:45:20.689+0100][15243.195s] GC(979) Concurrent Rebuild Remembered Sets 25.583ms
[2023-12-18T23:45:20.689+0100][15243.195s] GC(979) Pause Cleanup
[2023-12-18T23:45:20.689+0100][15243.195s] GC(979) Pause Cleanup 287M->287M(512M) 0.155ms
[2023-12-18T23:45:20.689+0100][15243.195s] GC(979) User=0.00s Sys=0.00s Real=0.00s
[2023-12-18T23:45:20.689+0100][15243.195s] GC(979) Concurrent Cleanup for Next Mark
[2023-12-18T23:45:20.690+0100][15243.196s] GC(979) Concurrent Cleanup for Next Mark 0.613ms
[2023-12-18T23:45:20.690+0100][15243.196s] GC(979) Concurrent Mark Cycle 70.870ms
[2023-12-18T23:45:20.960+0100][15243.465s] GC(980) Pause Young (Prepare Mixed) (G1 Evacuation Pause)
[2023-12-18T23:45:20.960+0100][15243.465s] GC(980) Using 10 workers of 10 for evacuation
[2023-12-18T23:45:20.964+0100][15243.469s] GC(980)   Pre Evacuate Collection Set: 0.1ms
[2023-12-18T23:45:20.964+0100][15243.469s] GC(980)   Merge Heap Roots: 0.1ms
[2023-12-18T23:45:20.964+0100][15243.469s] GC(980)   Evacuate Collection Set: 3.5ms
[2023-12-18T23:45:20.964+0100][15243.469s] GC(980)   Post Evacuate Collection Set: 0.4ms
[2023-12-18T23:45:20.964+0100][15243.469s] GC(980)   Other: 0.1ms
[2023-12-18T23:45:20.964+0100][15243.469s] GC(980) Eden regions: 264->0(9)
[2023-12-18T23:45:20.964+0100][15243.469s] GC(980) Survivor regions: 19->16(36)
[2023-12-18T23:45:20.964+0100][15243.469s] GC(980) Old regions: 140->140
[2023-12-18T23:45:20.964+0100][15243.469s] GC(980) Archive regions: 0->0
[2023-12-18T23:45:20.964+0100][15243.469s] GC(980) Humongous regions: 4->4
[2023-12-18T23:45:20.964+0100][15243.469s] GC(980) Metaspace: 63803K(64384K)->63803K(64384K) NonClass: 56751K(57024K)->56751K(57024K) Class: 7052K(7360K)->7052K(7360K)
[2023-12-18T23:45:20.964+0100][15243.469s] GC(980) Pause Young (Prepare Mixed) (G1 Evacuation Pause) 426M->159M(512M) 4.333ms
[2023-12-18T23:45:20.964+0100][15243.469s] GC(980) User=0.00s Sys=0.00s Real=0.00s
[2023-12-18T23:45:20.972+0100][15243.477s] GC(981) Pause Young (Mixed) (G1 Evacuation Pause)
[2023-12-18T23:45:20.972+0100][15243.477s] GC(981) Using 10 workers of 10 for evacuation
[2023-12-18T23:45:20.977+0100][15243.482s] GC(981)   Pre Evacuate Collection Set: 0.0ms
[2023-12-18T23:45:20.977+0100][15243.482s] GC(981)   Merge Heap Roots: 0.0ms
[2023-12-18T23:45:20.977+0100][15243.482s] GC(981)   Evacuate Collection Set: 4.3ms
[2023-12-18T23:45:20.977+0100][15243.482s] GC(981)   Post Evacuate Collection Set: 0.3ms
[2023-12-18T23:45:20.977+0100][15243.482s] GC(981)   Other: 0.1ms
[2023-12-18T23:45:20.977+0100][15243.482s] GC(981) Eden regions: 9->0(274)
[2023-12-18T23:45:20.977+0100][15243.482s] GC(981) Survivor regions: 16->3(4)
[2023-12-18T23:45:20.977+0100][15243.482s] GC(981) Old regions: 140->147
[2023-12-18T23:45:20.977+0100][15243.482s] GC(981) Archive regions: 0->0
[2023-12-18T23:45:20.977+0100][15243.482s] GC(981) Humongous regions: 4->4
[2023-12-18T23:45:20.977+0100][15243.482s] GC(981) Metaspace: 63803K(64384K)->63803K(64384K) NonClass: 56751K(57024K)->56751K(57024K) Class: 7052K(7360K)->7052K(7360K)
[2023-12-18T23:45:20.977+0100][15243.482s] GC(981) Pause Young (Mixed) (G1 Evacuation Pause) 168M->153M(512M) 4.938ms
[2023-12-18T23:45:20.977+0100][15243.482s] GC(981) User=0.00s Sys=0.00s Real=0.01s
[2023-12-18T23:45:21.359+0100][15243.865s] GC(982) Pause Young (Normal) (G1 Evacuation Pause)
[2023-12-18T23:45:21.359+0100][15243.865s] GC(982) Using 10 workers of 10 for evacuation
[2023-12-18T23:45:21.362+0100][15243.868s] GC(982)   Pre Evacuate Collection Set: 0.1ms
[2023-12-18T23:45:21.362+0100][15243.868s] GC(982)   Merge Heap Roots: 0.1ms
[2023-12-18T23:45:21.362+0100][15243.868s] GC(982)   Evacuate Collection Set: 2.3ms
[2023-12-18T23:45:21.362+0100][15243.868s] GC(982)   Post Evacuate Collection Set: 0.4ms
[2023-12-18T23:45:21.362+0100][15243.868s] GC(982)   Other: 0.1ms
[2023-12-18T23:45:21.362+0100][15243.868s] GC(982) Eden regions: 274->0(268)
[2023-12-18T23:45:21.362+0100][15243.868s] GC(982) Survivor regions: 3->9(35)
[2023-12-18T23:45:21.362+0100][15243.868s] GC(982) Old regions: 147->147
[2023-12-18T23:45:21.362+0100][15243.868s] GC(982) Archive regions: 0->0
[2023-12-18T23:45:21.362+0100][15243.868s] GC(982) Humongous regions: 4->4
[2023-12-18T23:45:21.362+0100][15243.868s] GC(982) Metaspace: 63803K(64384K)->63803K(64384K) NonClass: 56751K(57024K)->56751K(57024K) Class: 7052K(7360K)->7052K(7360K)
[2023-12-18T23:45:21.362+0100][15243.868s] GC(982) Pause Young (Normal) (G1 Evacuation Pause) 427M->159M(512M) 3.239ms
[2023-12-18T23:45:21.362+0100][15243.868s] GC(982) User=0.16s Sys=0.00s Real=0.00s
[2023-12-18T23:45:21.538+0100][15244.044s] GC(983) Pause Young (Normal) (G1 Evacuation Pause)
[2023-12-18T23:45:21.538+0100][15244.044s] GC(983) Using 10 workers of 10 for evacuation
[2023-12-18T23:45:21.542+0100][15244.047s] GC(983)   Pre Evacuate Collection Set: 0.1ms
[2023-12-18T23:45:21.542+0100][15244.047s] GC(983)   Merge Heap Roots: 0.1ms
[2023-12-18T23:45:21.542+0100][15244.047s] GC(983)   Evacuate Collection Set: 3.0ms
[2023-12-18T23:45:21.542+0100][15244.047s] GC(983)   Post Evacuate Collection Set: 0.5ms
[2023-12-18T23:45:21.542+0100][15244.047s] GC(983)   Other: 0.1ms
[2023-12-18T23:45:21.542+0100][15244.048s] GC(983) Eden regions: 268->0(267)
[2023-12-18T23:45:21.542+0100][15244.048s] GC(983) Survivor regions: 9->12(35)
[2023-12-18T23:45:21.542+0100][15244.048s] GC(983) Old regions: 147->147
[2023-12-18T23:45:21.542+0100][15244.048s] GC(983) Archive regions: 0->0
[2023-12-18T23:45:21.542+0100][15244.048s] GC(983) Humongous regions: 4->4
[2023-12-18T23:45:21.542+0100][15244.048s] GC(983) Metaspace: 63803K(64384K)->63803K(64384K) NonClass: 56751K(57024K)->56751K(57024K) Class: 7052K(7360K)->7052K(7360K)
[2023-12-18T23:45:21.542+0100][15244.048s] GC(983) Pause Young (Normal) (G1 Evacuation Pause) 427M->162M(512M) 4.068ms
[2023-12-18T23:45:21.542+0100][15244.048s] GC(983) User=0.00s Sys=0.00s Real=0.00s
[2023-12-18T23:45:22.000+0100][15244.506s] GC(984) Pause Young (Concurrent Start) (G1 Evacuation Pause)
[2023-12-18T23:45:22.000+0100][15244.506s] GC(984) Using 10 workers of 10 for evacuation
[2023-12-18T23:45:22.004+0100][15244.510s] GC(984)   Pre Evacuate Collection Set: 0.1ms
[2023-12-18T23:45:22.004+0100][15244.510s] GC(984)   Merge Heap Roots: 0.1ms
[2023-12-18T23:45:22.005+0100][15244.510s] GC(984)   Evacuate Collection Set: 3.6ms
[2023-12-18T23:45:22.005+0100][15244.510s] GC(984)   Post Evacuate Collection Set: 0.5ms
[2023-12-18T23:45:22.005+0100][15244.510s] GC(984)   Other: 0.1ms
[2023-12-18T23:45:22.005+0100][15244.510s] GC(984) Eden regions: 267->0(265)
[2023-12-18T23:45:22.005+0100][15244.510s] GC(984) Survivor regions: 12->13(35)
[2023-12-18T23:45:22.005+0100][15244.510s] GC(984) Old regions: 147->147
[2023-12-18T23:45:22.005+0100][15244.510s] GC(984) Archive regions: 0->0
[2023-12-18T23:45:22.005+0100][15244.510s] GC(984) Humongous regions: 4->4
[2023-12-18T23:45:22.005+0100][15244.510s] GC(984) Metaspace: 63803K(64384K)->63803K(64384K) NonClass: 56751K(57024K)->56751K(57024K) Class: 7052K(7360K)->7052K(7360K)
[2023-12-18T23:45:22.005+0100][15244.510s] GC(984) Pause Young (Concurrent Start) (G1 Evacuation Pause) 429M->163M(512M) 4.627ms
[2023-12-18T23:45:22.005+0100][15244.510s] GC(985) Concurrent Mark Cycle
[2023-12-18T23:45:22.005+0100][15244.510s] GC(984) User=0.00s Sys=0.00s Real=0.01s
[2023-12-18T23:45:22.005+0100][15244.511s] GC(985) Concurrent Clear Claimed Marks
[2023-12-18T23:45:22.005+0100][15244.511s] GC(985) Concurrent Clear Claimed Marks 0.110ms
[2023-12-18T23:45:22.005+0100][15244.511s] GC(985) Concurrent Scan Root Regions
[2023-12-18T23:45:22.007+0100][15244.512s] GC(985) Concurrent Scan Root Regions 1.819ms
[2023-12-18T23:45:22.007+0100][15244.512s] GC(985) Concurrent Mark
[2023-12-18T23:45:22.007+0100][15244.513s] GC(985) Concurrent Mark From Roots
[2023-12-18T23:45:22.007+0100][15244.513s] GC(985) Using 3 workers of 3 for marking
[2023-12-18T23:45:22.038+0100][15244.544s] GC(985) Concurrent Mark From Roots 31.230ms
[2023-12-18T23:45:22.038+0100][15244.544s] GC(985) Concurrent Preclean
[2023-12-18T23:45:22.038+0100][15244.544s] GC(985) Concurrent Preclean 0.216ms
[2023-12-18T23:45:22.039+0100][15244.544s] GC(985) Pause Remark
[2023-12-18T23:45:22.042+0100][15244.547s] GC(985) Pause Remark 198M->190M(512M) 3.313ms
[2023-12-18T23:45:22.042+0100][15244.547s] GC(985) User=0.00s Sys=0.00s Real=0.00s
[2023-12-18T23:45:22.042+0100][15244.548s] GC(985) Concurrent Mark 35.024ms
[2023-12-18T23:45:22.042+0100][15244.548s] GC(985) Concurrent Rebuild Remembered Sets
[2023-12-18T23:45:22.061+0100][15244.567s] GC(985) Concurrent Rebuild Remembered Sets 19.382ms
[2023-12-18T23:45:22.061+0100][15244.567s] GC(985) Pause Cleanup
[2023-12-18T23:45:22.061+0100][15244.567s] GC(985) Pause Cleanup 196M->196M(512M) 0.158ms
[2023-12-18T23:45:22.061+0100][15244.567s] GC(985) User=0.00s Sys=0.00s Real=0.00s
[2023-12-18T23:45:22.061+0100][15244.567s] GC(985) Concurrent Cleanup for Next Mark
[2023-12-18T23:45:22.062+0100][15244.568s] GC(985) Concurrent Cleanup for Next Mark 0.650ms
[2023-12-18T23:45:22.062+0100][15244.568s] GC(985) Concurrent Mark Cycle 57.432ms
[2023-12-18T23:45:22.255+0100][15244.760s] GC(986) Pause Young (Prepare Mixed) (G1 Evacuation Pause)
[2023-12-18T23:45:22.255+0100][15244.760s] GC(986) Using 10 workers of 10 for evacuation
[2023-12-18T23:45:22.260+0100][15244.765s] GC(986)   Pre Evacuate Collection Set: 0.1ms
[2023-12-18T23:45:22.260+0100][15244.765s] GC(986)   Merge Heap Roots: 0.1ms
[2023-12-18T23:45:22.260+0100][15244.765s] GC(986)   Evacuate Collection Set: 4.4ms
[2023-12-18T23:45:22.260+0100][15244.765s] GC(986)   Post Evacuate Collection Set: 0.4ms
[2023-12-18T23:45:22.260+0100][15244.765s] GC(986)   Other: 0.1ms
[2023-12-18T23:45:22.260+0100][15244.765s] GC(986) Eden regions: 265->0(5)
[2023-12-18T23:45:22.260+0100][15244.765s] GC(986) Survivor regions: 13->20(35)
[2023-12-18T23:45:22.260+0100][15244.765s] GC(986) Old regions: 139->139
[2023-12-18T23:45:22.260+0100][15244.765s] GC(986) Archive regions: 0->0
[2023-12-18T23:45:22.260+0100][15244.765s] GC(986) Humongous regions: 4->4
[2023-12-18T23:45:22.260+0100][15244.765s] GC(986) Metaspace: 63803K(64384K)->63803K(64384K) NonClass: 56751K(57024K)->56751K(57024K) Class: 7052K(7360K)->7052K(7360K)
[2023-12-18T23:45:22.260+0100][15244.765s] GC(986) Pause Young (Prepare Mixed) (G1 Evacuation Pause) 420M->162M(512M) 5.221ms
[2023-12-18T23:45:22.260+0100][15244.765s] GC(986) User=0.00s Sys=0.00s Real=0.00s
[2023-12-18T23:45:22.262+0100][15244.767s] GC(987) Pause Young (Mixed) (G1 Evacuation Pause)
[2023-12-18T23:45:22.262+0100][15244.767s] GC(987) Using 10 workers of 10 for evacuation
[2023-12-18T23:45:22.268+0100][15244.773s] GC(987)   Pre Evacuate Collection Set: 0.1ms
[2023-12-18T23:45:22.268+0100][15244.773s] GC(987)   Merge Heap Roots: 0.1ms
[2023-12-18T23:45:22.268+0100][15244.773s] GC(987)   Evacuate Collection Set: 5.2ms
[2023-12-18T23:45:22.268+0100][15244.773s] GC(987)   Post Evacuate Collection Set: 0.5ms
[2023-12-18T23:45:22.268+0100][15244.773s] GC(987)   Other: 0.1ms
[2023-12-18T23:45:22.268+0100][15244.773s] GC(987) Eden regions: 5->0(268)
[2023-12-18T23:45:22.268+0100][15244.773s] GC(987) Survivor regions: 20->3(4)
[2023-12-18T23:45:22.268+0100][15244.773s] GC(987) Old regions: 139->151
[2023-12-18T23:45:22.268+0100][15244.773s] GC(987) Archive regions: 0->0
[2023-12-18T23:45:22.268+0100][15244.773s] GC(987) Humongous regions: 4->4
[2023-12-18T23:45:22.268+0100][15244.773s] GC(987) Metaspace: 63803K(64384K)->63803K(64384K) NonClass: 56751K(57024K)->56751K(57024K) Class: 7052K(7360K)->7052K(7360K)
[2023-12-18T23:45:22.268+0100][15244.773s] GC(987) Pause Young (Mixed) (G1 Evacuation Pause) 167M->157M(512M) 6.055ms
[2023-12-18T23:45:22.268+0100][15244.773s] GC(987) User=0.16s Sys=0.00s Real=0.01s
[2023-12-18T23:45:22.588+0100][15245.093s] GC(988) Pause Young (Normal) (G1 Evacuation Pause)
[2023-12-18T23:45:22.588+0100][15245.093s] GC(988) Using 10 workers of 10 for evacuation
[2023-12-18T23:45:22.590+0100][15245.095s] GC(988)   Pre Evacuate Collection Set: 0.1ms
[2023-12-18T23:45:22.590+0100][15245.095s] GC(988)   Merge Heap Roots: 0.1ms
[2023-12-18T23:45:22.590+0100][15245.095s] GC(988)   Evacuate Collection Set: 1.5ms
[2023-12-18T23:45:22.590+0100][15245.095s] GC(988)   Post Evacuate Collection Set: 0.4ms
[2023-12-18T23:45:22.590+0100][15245.095s] GC(988)   Other: 0.1ms
[2023-12-18T23:45:22.590+0100][15245.095s] GC(988) Eden regions: 268->0(267)
[2023-12-18T23:45:22.590+0100][15245.095s] GC(988) Survivor regions: 3->6(34)
[2023-12-18T23:45:22.590+0100][15245.095s] GC(988) Old regions: 151->151
[2023-12-18T23:45:22.590+0100][15245.095s] GC(988) Archive regions: 0->0
[2023-12-18T23:45:22.590+0100][15245.095s] GC(988) Humongous regions: 4->4
[2023-12-18T23:45:22.590+0100][15245.095s] GC(988) Metaspace: 63805K(64384K)->63805K(64384K) NonClass: 56753K(57024K)->56753K(57024K) Class: 7052K(7360K)->7052K(7360K)
[2023-12-18T23:45:22.590+0100][15245.095s] GC(988) Pause Young (Normal) (G1 Evacuation Pause) 425M->160M(512M) 2.280ms
[2023-12-18T23:45:22.590+0100][15245.095s] GC(988) User=0.00s Sys=0.00s Real=0.00s
[2023-12-18T23:45:22.959+0100][15245.464s] GC(989) Pause Young (Normal) (G1 Evacuation Pause)
[2023-12-18T23:45:22.959+0100][15245.464s] GC(989) Using 10 workers of 10 for evacuation
[2023-12-18T23:45:22.962+0100][15245.468s] GC(989)   Pre Evacuate Collection Set: 0.0ms
[2023-12-18T23:45:22.962+0100][15245.468s] GC(989)   Merge Heap Roots: 0.0ms
[2023-12-18T23:45:22.962+0100][15245.468s] GC(989)   Evacuate Collection Set: 3.1ms
[2023-12-18T23:45:22.962+0100][15245.468s] GC(989)   Post Evacuate Collection Set: 0.5ms
[2023-12-18T23:45:22.963+0100][15245.468s] GC(989)   Other: 0.1ms
[2023-12-18T23:45:22.963+0100][15245.468s] GC(989) Eden regions: 267->0(264)
[2023-12-18T23:45:22.963+0100][15245.468s] GC(989) Survivor regions: 6->11(35)
[2023-12-18T23:45:22.963+0100][15245.468s] GC(989) Old regions: 151->151
[2023-12-18T23:45:22.963+0100][15245.468s] GC(989) Archive regions: 0->0
[2023-12-18T23:45:22.963+0100][15245.468s] GC(989) Humongous regions: 4->4
[2023-12-18T23:45:22.963+0100][15245.468s] GC(989) Metaspace: 63805K(64384K)->63805K(64384K) NonClass: 56753K(57024K)->56753K(57024K) Class: 7052K(7360K)->7052K(7360K)
[2023-12-18T23:45:22.963+0100][15245.468s] GC(989) Pause Young (Normal) (G1 Evacuation Pause) 427M->165M(512M) 3.973ms
[2023-12-18T23:45:22.963+0100][15245.468s] GC(989) User=0.00s Sys=0.00s Real=0.00s
[2023-12-18T23:45:23.139+0100][15245.645s] GC(990) Pause Young (Concurrent Start) (CodeCache GC Threshold)
[2023-12-18T23:45:23.139+0100][15245.645s] GC(990) Using 10 workers of 10 for evacuation
[2023-12-18T23:45:23.145+0100][15245.650s] GC(990)   Pre Evacuate Collection Set: 0.1ms
[2023-12-18T23:45:23.145+0100][15245.650s] GC(990)   Merge Heap Roots: 0.1ms
[2023-12-18T23:45:23.145+0100][15245.650s] GC(990)   Evacuate Collection Set: 4.5ms
[2023-12-18T23:45:23.145+0100][15245.650s] GC(990)   Post Evacuate Collection Set: 0.5ms
[2023-12-18T23:45:23.145+0100][15245.650s] GC(990)   Other: 0.1ms
[2023-12-18T23:45:23.145+0100][15245.650s] GC(990) Eden regions: 169->0(263)
[2023-12-18T23:45:23.145+0100][15245.650s] GC(990) Survivor regions: 11->15(35)
[2023-12-18T23:45:23.145+0100][15245.650s] GC(990) Old regions: 151->151
[2023-12-18T23:45:23.145+0100][15245.650s] GC(990) Archive regions: 0->0
[2023-12-18T23:45:23.145+0100][15245.650s] GC(990) Humongous regions: 4->4
[2023-12-18T23:45:23.145+0100][15245.650s] GC(990) Metaspace: 63807K(64384K)->63807K(64384K) NonClass: 56754K(57024K)->56754K(57024K) Class: 7052K(7360K)->7052K(7360K)
[2023-12-18T23:45:23.145+0100][15245.650s] GC(990) Pause Young (Concurrent Start) (CodeCache GC Threshold) 334M->169M(512M) 5.512ms
[2023-12-18T23:45:23.145+0100][15245.650s] GC(990) User=0.19s Sys=0.00s Real=0.01s
[2023-12-18T23:45:23.145+0100][15245.650s] GC(991) Concurrent Mark Cycle
[2023-12-18T23:45:23.145+0100][15245.650s] GC(991) Concurrent Clear Claimed Marks
[2023-12-18T23:45:23.145+0100][15245.650s] GC(991) Concurrent Clear Claimed Marks 0.054ms
[2023-12-18T23:45:23.145+0100][15245.651s] GC(991) Concurrent Scan Root Regions
[2023-12-18T23:45:23.148+0100][15245.654s] GC(991) Concurrent Scan Root Regions 3.327ms
[2023-12-18T23:45:23.148+0100][15245.654s] GC(991) Concurrent Mark
[2023-12-18T23:45:23.148+0100][15245.654s] GC(991) Concurrent Mark From Roots
[2023-12-18T23:45:23.148+0100][15245.654s] GC(991) Using 3 workers of 3 for marking
[2023-12-18T23:45:23.190+0100][15245.695s] GC(991) Concurrent Mark From Roots 41.312ms
[2023-12-18T23:45:23.190+0100][15245.695s] GC(991) Concurrent Preclean
[2023-12-18T23:45:23.190+0100][15245.696s] GC(991) Concurrent Preclean 0.356ms
[2023-12-18T23:45:23.190+0100][15245.696s] GC(991) Pause Remark
[2023-12-18T23:45:23.195+0100][15245.700s] GC(991) Pause Remark 206M->204M(512M) 4.428ms
[2023-12-18T23:45:23.195+0100][15245.700s] GC(991) User=0.00s Sys=0.00s Real=0.00s
[2023-12-18T23:45:23.195+0100][15245.700s] GC(991) Concurrent Mark 46.461ms
[2023-12-18T23:45:23.195+0100][15245.700s] GC(991) Concurrent Rebuild Remembered Sets
[2023-12-18T23:45:23.222+0100][15245.728s] GC(991) Concurrent Rebuild Remembered Sets 27.332ms
[2023-12-18T23:45:23.223+0100][15245.728s] GC(991) Pause Cleanup
[2023-12-18T23:45:23.223+0100][15245.728s] GC(991) Pause Cleanup 257M->257M(512M) 0.208ms
[2023-12-18T23:45:23.223+0100][15245.728s] GC(991) User=0.00s Sys=0.00s Real=0.00s
[2023-12-18T23:45:23.223+0100][15245.729s] GC(991) Concurrent Cleanup for Next Mark
[2023-12-18T23:45:23.224+0100][15245.729s] GC(991) Concurrent Cleanup for Next Mark 0.985ms
[2023-12-18T23:45:23.224+0100][15245.730s] GC(991) Concurrent Mark Cycle 79.126ms
[2023-12-18T23:45:23.479+0100][15245.985s] GC(992) Pause Young (Prepare Mixed) (G1 Evacuation Pause)
[2023-12-18T23:45:23.479+0100][15245.985s] GC(992) Using 10 workers of 10 for evacuation
[2023-12-18T23:45:23.482+0100][15245.988s] GC(992)   Pre Evacuate Collection Set: 0.1ms
[2023-12-18T23:45:23.482+0100][15245.988s] GC(992)   Merge Heap Roots: 0.1ms
[2023-12-18T23:45:23.482+0100][15245.988s] GC(992)   Evacuate Collection Set: 2.4ms
[2023-12-18T23:45:23.482+0100][15245.988s] GC(992)   Post Evacuate Collection Set: 0.4ms
[2023-12-18T23:45:23.482+0100][15245.988s] GC(992)   Other: 0.1ms
[2023-12-18T23:45:23.482+0100][15245.988s] GC(992) Eden regions: 263->0(15)
[2023-12-18T23:45:23.482+0100][15245.988s] GC(992) Survivor regions: 15->10(35)
[2023-12-18T23:45:23.482+0100][15245.988s] GC(992) Old regions: 149->149
[2023-12-18T23:45:23.482+0100][15245.988s] GC(992) Archive regions: 0->0
[2023-12-18T23:45:23.482+0100][15245.988s] GC(992) Humongous regions: 4->4
[2023-12-18T23:45:23.482+0100][15245.988s] GC(992) Metaspace: 63807K(64384K)->63807K(64384K) NonClass: 56754K(57024K)->56754K(57024K) Class: 7052K(7360K)->7052K(7360K)
[2023-12-18T23:45:23.482+0100][15245.988s] GC(992) Pause Young (Prepare Mixed) (G1 Evacuation Pause) 430M->162M(512M) 3.194ms
[2023-12-18T23:45:23.482+0100][15245.988s] GC(992) User=0.00s Sys=0.00s Real=0.00s
[2023-12-18T23:45:23.491+0100][15245.997s] GC(993) Pause Young (Mixed) (G1 Evacuation Pause)
[2023-12-18T23:45:23.491+0100][15245.997s] GC(993) Using 10 workers of 10 for evacuation
[2023-12-18T23:45:23.494+0100][15245.999s] GC(993)   Pre Evacuate Collection Set: 0.1ms
[2023-12-18T23:45:23.494+0100][15245.999s] GC(993)   Merge Heap Roots: 0.1ms
[2023-12-18T23:45:23.494+0100][15245.999s] GC(993)   Evacuate Collection Set: 2.2ms
[2023-12-18T23:45:23.494+0100][15245.999s] GC(993)   Post Evacuate Collection Set: 0.3ms
[2023-12-18T23:45:23.494+0100][15245.999s] GC(993)   Other: 0.1ms
[2023-12-18T23:45:23.494+0100][15245.999s] GC(993) Eden regions: 15->0(279)
[2023-12-18T23:45:23.494+0100][15245.999s] GC(993) Survivor regions: 10->1(4)
[2023-12-18T23:45:23.494+0100][15245.999s] GC(993) Old regions: 149->147
[2023-12-18T23:45:23.494+0100][15245.999s] GC(993) Archive regions: 0->0
[2023-12-18T23:45:23.494+0100][15245.999s] GC(993) Humongous regions: 4->4
[2023-12-18T23:45:23.494+0100][15245.999s] GC(993) Metaspace: 63807K(64384K)->63807K(64384K) NonClass: 56754K(57024K)->56754K(57024K) Class: 7052K(7360K)->7052K(7360K)
[2023-12-18T23:45:23.494+0100][15246.000s] GC(993) Pause Young (Mixed) (G1 Evacuation Pause) 177M->151M(512M) 2.886ms
[2023-12-18T23:45:23.494+0100][15246.000s] GC(993) User=0.00s Sys=0.00s Real=0.00s
[2023-12-18T23:45:23.962+0100][15246.467s] GC(994) Pause Young (Normal) (G1 Evacuation Pause)
[2023-12-18T23:45:23.962+0100][15246.467s] GC(994) Using 10 workers of 10 for evacuation
[2023-12-18T23:45:23.964+0100][15246.470s] GC(994)   Pre Evacuate Collection Set: 0.6ms
[2023-12-18T23:45:23.964+0100][15246.470s] GC(994)   Merge Heap Roots: 0.1ms
[2023-12-18T23:45:23.964+0100][15246.470s] GC(994)   Evacuate Collection Set: 1.5ms
[2023-12-18T23:45:23.964+0100][15246.470s] GC(994)   Post Evacuate Collection Set: 0.4ms
[2023-12-18T23:45:23.964+0100][15246.470s] GC(994)   Other: 0.1ms
[2023-12-18T23:45:23.964+0100][15246.470s] GC(994) Eden regions: 279->0(277)
[2023-12-18T23:45:23.964+0100][15246.470s] GC(994) Survivor regions: 1->5(35)
[2023-12-18T23:45:23.964+0100][15246.470s] GC(994) Old regions: 147->147
[2023-12-18T23:45:23.964+0100][15246.470s] GC(994) Archive regions: 0->0
[2023-12-18T23:45:23.964+0100][15246.470s] GC(994) Humongous regions: 4->4
[2023-12-18T23:45:23.964+0100][15246.470s] GC(994) Metaspace: 63807K(64384K)->63807K(64384K) NonClass: 56754K(57024K)->56754K(57024K) Class: 7052K(7360K)->7052K(7360K)
[2023-12-18T23:45:23.964+0100][15246.470s] GC(994) Pause Young (Normal) (G1 Evacuation Pause) 430M->155M(512M) 2.907ms
[2023-12-18T23:45:23.965+0100][15246.470s] GC(994) User=0.00s Sys=0.00s Real=0.00s
[2023-12-18T23:45:24.313+0100][15246.818s] GC(995) Pause Young (Normal) (G1 Evacuation Pause)
[2023-12-18T23:45:24.313+0100][15246.819s] GC(995) Using 10 workers of 10 for evacuation
[2023-12-18T23:45:24.317+0100][15246.823s] GC(995)   Pre Evacuate Collection Set: 0.1ms
[2023-12-18T23:45:24.317+0100][15246.823s] GC(995)   Merge Heap Roots: 0.1ms
[2023-12-18T23:45:24.317+0100][15246.823s] GC(995)   Evacuate Collection Set: 3.4ms
[2023-12-18T23:45:24.317+0100][15246.823s] GC(995)   Post Evacuate Collection Set: 0.5ms
[2023-12-18T23:45:24.317+0100][15246.823s] GC(995)   Other: 0.1ms
[2023-12-18T23:45:24.317+0100][15246.823s] GC(995) Eden regions: 277->0(269)
[2023-12-18T23:45:24.317+0100][15246.823s] GC(995) Survivor regions: 5->12(36)
[2023-12-18T23:45:24.317+0100][15246.823s] GC(995) Old regions: 147->147
[2023-12-18T23:45:24.317+0100][15246.823s] GC(995) Archive regions: 0->0
[2023-12-18T23:45:24.317+0100][15246.823s] GC(995) Humongous regions: 4->4
[2023-12-18T23:45:24.317+0100][15246.823s] GC(995) Metaspace: 63807K(64384K)->63807K(64384K) NonClass: 56754K(57024K)->56754K(57024K) Class: 7052K(7360K)->7052K(7360K)
[2023-12-18T23:45:24.317+0100][15246.823s] GC(995) Pause Young (Normal) (G1 Evacuation Pause) 432M->161M(512M) 4.380ms
[2023-12-18T23:45:24.317+0100][15246.823s] GC(995) User=0.00s Sys=0.00s Real=0.00s
[2023-12-18T23:45:24.560+0100][15247.066s] GC(996) Pause Young (Concurrent Start) (G1 Evacuation Pause)
[2023-12-18T23:45:24.560+0100][15247.066s] GC(996) Using 10 workers of 10 for evacuation
[2023-12-18T23:45:24.565+0100][15247.071s] GC(996)   Pre Evacuate Collection Set: 0.1ms
[2023-12-18T23:45:24.565+0100][15247.071s] GC(996)   Merge Heap Roots: 0.0ms
[2023-12-18T23:45:24.565+0100][15247.071s] GC(996)   Evacuate Collection Set: 3.9ms
[2023-12-18T23:45:24.565+0100][15247.071s] GC(996)   Post Evacuate Collection Set: 0.5ms
[2023-12-18T23:45:24.565+0100][15247.071s] GC(996)   Other: 0.1ms
[2023-12-18T23:45:24.565+0100][15247.071s] GC(996) Eden regions: 269->0(269)
[2023-12-18T23:45:24.565+0100][15247.071s] GC(996) Survivor regions: 12->13(36)
[2023-12-18T23:45:24.565+0100][15247.071s] GC(996) Old regions: 147->147
[2023-12-18T23:45:24.565+0100][15247.071s] GC(996) Archive regions: 0->0
[2023-12-18T23:45:24.565+0100][15247.071s] GC(996) Humongous regions: 4->4
[2023-12-18T23:45:24.565+0100][15247.071s] GC(996) Metaspace: 63807K(64384K)->63807K(64384K) NonClass: 56755K(57024K)->56755K(57024K) Class: 7052K(7360K)->7052K(7360K)
[2023-12-18T23:45:24.565+0100][15247.071s] GC(996) Pause Young (Concurrent Start) (G1 Evacuation Pause) 430M->162M(512M) 4.886ms
[2023-12-18T23:45:24.565+0100][15247.071s] GC(997) Concurrent Mark Cycle
[2023-12-18T23:45:24.565+0100][15247.071s] GC(996) User=0.17s Sys=0.00s Real=0.01s
[2023-12-18T23:45:24.565+0100][15247.071s] GC(997) Concurrent Clear Claimed Marks
[2023-12-18T23:45:24.565+0100][15247.071s] GC(997) Concurrent Clear Claimed Marks 0.089ms
[2023-12-18T23:45:24.565+0100][15247.071s] GC(997) Concurrent Scan Root Regions
[2023-12-18T23:45:24.570+0100][15247.075s] GC(997) Concurrent Scan Root Regions 4.431ms
[2023-12-18T23:45:24.570+0100][15247.075s] GC(997) Concurrent Mark
[2023-12-18T23:45:24.570+0100][15247.075s] GC(997) Concurrent Mark From Roots
[2023-12-18T23:45:24.570+0100][15247.075s] GC(997) Using 3 workers of 3 for marking
[2023-12-18T23:45:24.605+0100][15247.110s] GC(997) Concurrent Mark From Roots 35.006ms
[2023-12-18T23:45:24.605+0100][15247.110s] GC(997) Concurrent Preclean
[2023-12-18T23:45:24.605+0100][15247.111s] GC(997) Concurrent Preclean 0.218ms
[2023-12-18T23:45:24.605+0100][15247.111s] GC(997) Pause Remark
[2023-12-18T23:45:24.608+0100][15247.114s] GC(997) Pause Remark 176M->169M(512M) 3.044ms
[2023-12-18T23:45:24.608+0100][15247.114s] GC(997) User=0.00s Sys=0.00s Real=0.00s
[2023-12-18T23:45:24.608+0100][15247.114s] GC(997) Concurrent Mark 38.478ms
[2023-12-18T23:45:24.608+0100][15247.114s] GC(997) Concurrent Rebuild Remembered Sets
[2023-12-18T23:45:24.631+0100][15247.136s] GC(997) Concurrent Rebuild Remembered Sets 22.165ms
[2023-12-18T23:45:24.631+0100][15247.136s] GC(997) Pause Cleanup
[2023-12-18T23:45:24.631+0100][15247.136s] GC(997) Pause Cleanup 185M->185M(512M) 0.156ms
[2023-12-18T23:45:24.631+0100][15247.136s] GC(997) User=0.00s Sys=0.00s Real=0.00s
[2023-12-18T23:45:24.631+0100][15247.136s] GC(997) Concurrent Cleanup for Next Mark
[2023-12-18T23:45:24.632+0100][15247.137s] GC(997) Concurrent Cleanup for Next Mark 0.710ms
[2023-12-18T23:45:24.632+0100][15247.137s] GC(997) Concurrent Mark Cycle 66.302ms
[2023-12-18T23:45:24.913+0100][15247.418s] GC(998) Pause Young (Concurrent Start) (CodeCache GC Threshold)
[2023-12-18T23:45:24.913+0100][15247.418s] GC(998) Using 10 workers of 10 for evacuation
[2023-12-18T23:45:24.916+0100][15247.422s] GC(998)   Pre Evacuate Collection Set: 0.1ms
[2023-12-18T23:45:24.916+0100][15247.422s] GC(998)   Merge Heap Roots: 0.0ms
[2023-12-18T23:45:24.916+0100][15247.422s] GC(998)   Evacuate Collection Set: 3.0ms
[2023-12-18T23:45:24.916+0100][15247.422s] GC(998)   Post Evacuate Collection Set: 0.4ms
[2023-12-18T23:45:24.916+0100][15247.422s] GC(998)   Other: 0.1ms
[2023-12-18T23:45:24.916+0100][15247.422s] GC(998) Eden regions: 192->0(279)
[2023-12-18T23:45:24.916+0100][15247.422s] GC(998) Survivor regions: 13->10(36)
[2023-12-18T23:45:24.916+0100][15247.422s] GC(998) Old regions: 140->140
[2023-12-18T23:45:24.916+0100][15247.422s] GC(998) Archive regions: 0->0
[2023-12-18T23:45:24.916+0100][15247.422s] GC(998) Humongous regions: 4->4
[2023-12-18T23:45:24.916+0100][15247.422s] GC(998) Metaspace: 63807K(64384K)->63807K(64384K) NonClass: 56755K(57024K)->56755K(57024K) Class: 7052K(7360K)->7052K(7360K)
[2023-12-18T23:45:24.917+0100][15247.422s] GC(998) Pause Young (Concurrent Start) (CodeCache GC Threshold) 347M->153M(512M) 3.845ms
[2023-12-18T23:45:24.917+0100][15247.422s] GC(999) Concurrent Mark Cycle
[2023-12-18T23:45:24.917+0100][15247.422s] GC(998) User=0.00s Sys=0.00s Real=0.00s
[2023-12-18T23:45:24.917+0100][15247.422s] GC(999) Concurrent Clear Claimed Marks
[2023-12-18T23:45:24.917+0100][15247.422s] GC(999) Concurrent Clear Claimed Marks 0.100ms
[2023-12-18T23:45:24.917+0100][15247.422s] GC(999) Concurrent Scan Root Regions
[2023-12-18T23:45:24.919+0100][15247.425s] GC(999) Concurrent Scan Root Regions 2.240ms
[2023-12-18T23:45:24.919+0100][15247.425s] GC(999) Concurrent Mark
[2023-12-18T23:45:24.919+0100][15247.425s] GC(999) Concurrent Mark From Roots
[2023-12-18T23:45:24.919+0100][15247.425s] GC(999) Using 3 workers of 3 for marking
[2023-12-18T23:45:24.951+0100][15247.457s] GC(999) Concurrent Mark From Roots 32.070ms
[2023-12-18T23:45:24.951+0100][15247.457s] GC(999) Concurrent Preclean
[2023-12-18T23:45:24.951+0100][15247.457s] GC(999) Concurrent Preclean 0.193ms
[2023-12-18T23:45:24.951+0100][15247.457s] GC(999) Pause Remark
[2023-12-18T23:45:24.954+0100][15247.460s] GC(999) Pause Remark 165M->165M(512M) 2.866ms
[2023-12-18T23:45:24.954+0100][15247.460s] GC(999) User=0.16s Sys=0.00s Real=0.00s
[2023-12-18T23:45:24.954+0100][15247.460s] GC(999) Concurrent Mark 35.332ms
[2023-12-18T23:45:24.954+0100][15247.460s] GC(999) Concurrent Rebuild Remembered Sets
[2023-12-18T23:45:24.973+0100][15247.479s] GC(999) Concurrent Rebuild Remembered Sets 18.603ms
[2023-12-18T23:45:24.973+0100][15247.479s] GC(999) Pause Cleanup
[2023-12-18T23:45:24.973+0100][15247.479s] GC(999) Pause Cleanup 194M->194M(512M) 0.162ms
[2023-12-18T23:45:24.973+0100][15247.479s] GC(999) User=0.00s Sys=0.00s Real=0.00s
[2023-12-18T23:45:24.973+0100][15247.479s] GC(999) Concurrent Cleanup for Next Mark
[2023-12-18T23:45:24.974+0100][15247.480s] GC(999) Concurrent Cleanup for Next Mark 0.822ms
[2023-12-18T23:45:24.974+0100][15247.480s] GC(999) Concurrent Mark Cycle 57.572ms
[2023-12-18T23:45:25.344+0100][15247.849s] GC(1000) Pause Young (Prepare Mixed) (G1 Evacuation Pause)
[2023-12-18T23:45:25.344+0100][15247.849s] GC(1000) Using 10 workers of 10 for evacuation
[2023-12-18T23:45:25.349+0100][15247.855s] GC(1000)   Pre Evacuate Collection Set: 0.1ms
[2023-12-18T23:45:25.350+0100][15247.855s] GC(1000)   Merge Heap Roots: 0.1ms
[2023-12-18T23:45:25.350+0100][15247.855s] GC(1000)   Evacuate Collection Set: 5.1ms
[2023-12-18T23:45:25.350+0100][15247.855s] GC(1000)   Post Evacuate Collection Set: 0.5ms
[2023-12-18T23:45:25.350+0100][15247.855s] GC(1000)   Other: 0.1ms
[2023-12-18T23:45:25.350+0100][15247.855s] GC(1000) Eden regions: 279->0(9)
[2023-12-18T23:45:25.350+0100][15247.855s] GC(1000) Survivor regions: 10->16(37)
[2023-12-18T23:45:25.350+0100][15247.855s] GC(1000) Old regions: 140->140
[2023-12-18T23:45:25.350+0100][15247.855s] GC(1000) Archive regions: 0->0
[2023-12-18T23:45:25.350+0100][15247.855s] GC(1000) Humongous regions: 4->4
[2023-12-18T23:45:25.350+0100][15247.855s] GC(1000) Metaspace: 63808K(64384K)->63808K(64384K) NonClass: 56756K(57024K)->56756K(57024K) Class: 7052K(7360K)->7052K(7360K)
[2023-12-18T23:45:25.350+0100][15247.855s] GC(1000) Pause Young (Prepare Mixed) (G1 Evacuation Pause) 432M->158M(512M) 6.006ms
[2023-12-18T23:45:25.350+0100][15247.855s] GC(1000) User=0.17s Sys=0.00s Real=0.01s
[2023-12-18T23:45:25.354+0100][15247.859s] GC(1001) Pause Young (Mixed) (G1 Evacuation Pause)
[2023-12-18T23:45:25.354+0100][15247.859s] GC(1001) Using 10 workers of 10 for evacuation
[2023-12-18T23:45:25.359+0100][15247.865s] GC(1001)   Pre Evacuate Collection Set: 0.1ms
[2023-12-18T23:45:25.359+0100][15247.865s] GC(1001)   Merge Heap Roots: 0.1ms
[2023-12-18T23:45:25.359+0100][15247.865s] GC(1001)   Evacuate Collection Set: 5.2ms
[2023-12-18T23:45:25.359+0100][15247.865s] GC(1001)   Post Evacuate Collection Set: 0.3ms
[2023-12-18T23:45:25.360+0100][15247.865s] GC(1001)   Other: 0.1ms
[2023-12-18T23:45:25.360+0100][15247.865s] GC(1001) Eden regions: 9->0(279)
[2023-12-18T23:45:25.360+0100][15247.865s] GC(1001) Survivor regions: 16->2(4)
[2023-12-18T23:45:25.360+0100][15247.865s] GC(1001) Old regions: 140->147
[2023-12-18T23:45:25.360+0100][15247.865s] GC(1001) Archive regions: 0->0
[2023-12-18T23:45:25.360+0100][15247.865s] GC(1001) Humongous regions: 4->4
[2023-12-18T23:45:25.360+0100][15247.865s] GC(1001) Metaspace: 63808K(64384K)->63808K(64384K) NonClass: 56756K(57024K)->56756K(57024K) Class: 7052K(7360K)->7052K(7360K)
[2023-12-18T23:45:25.360+0100][15247.865s] GC(1001) Pause Young (Mixed) (G1 Evacuation Pause) 167M->152M(512M) 5.955ms
[2023-12-18T23:45:25.360+0100][15247.865s] GC(1001) User=0.00s Sys=0.02s Real=0.01s
[2023-12-18T23:45:25.615+0100][15248.121s] GC(1002) Pause Young (Normal) (G1 Evacuation Pause)
[2023-12-18T23:45:25.615+0100][15248.121s] GC(1002) Using 10 workers of 10 for evacuation
[2023-12-18T23:45:25.618+0100][15248.124s] GC(1002)   Pre Evacuate Collection Set: 0.1ms
[2023-12-18T23:45:25.618+0100][15248.124s] GC(1002)   Merge Heap Roots: 0.1ms
[2023-12-18T23:45:25.618+0100][15248.124s] GC(1002)   Evacuate Collection Set: 2.1ms
[2023-12-18T23:45:25.618+0100][15248.124s] GC(1002)   Post Evacuate Collection Set: 0.4ms
[2023-12-18T23:45:25.618+0100][15248.124s] GC(1002)   Other: 0.1ms
[2023-12-18T23:45:25.618+0100][15248.124s] GC(1002) Eden regions: 279->0(272)
[2023-12-18T23:45:25.618+0100][15248.124s] GC(1002) Survivor regions: 2->8(36)
[2023-12-18T23:45:25.618+0100][15248.124s] GC(1002) Old regions: 147->147
[2023-12-18T23:45:25.618+0100][15248.124s] GC(1002) Archive regions: 0->0
[2023-12-18T23:45:25.618+0100][15248.124s] GC(1002) Humongous regions: 4->4
[2023-12-18T23:45:25.618+0100][15248.124s] GC(1002) Metaspace: 63808K(64384K)->63808K(64384K) NonClass: 56756K(57024K)->56756K(57024K) Class: 7052K(7360K)->7052K(7360K)
[2023-12-18T23:45:25.618+0100][15248.124s] GC(1002) Pause Young (Normal) (G1 Evacuation Pause) 431M->158M(512M) 2.984ms
[2023-12-18T23:45:25.618+0100][15248.124s] GC(1002) User=0.00s Sys=0.00s Real=0.00s
[2023-12-18T23:45:25.970+0100][15248.475s] GC(1003) Pause Young (Normal) (G1 Evacuation Pause)
[2023-12-18T23:45:25.970+0100][15248.475s] GC(1003) Using 10 workers of 10 for evacuation
[2023-12-18T23:45:25.974+0100][15248.480s] GC(1003)   Pre Evacuate Collection Set: 0.1ms
[2023-12-18T23:45:25.974+0100][15248.480s] GC(1003)   Merge Heap Roots: 0.1ms
[2023-12-18T23:45:25.974+0100][15248.480s] GC(1003)   Evacuate Collection Set: 3.7ms
[2023-12-18T23:45:25.974+0100][15248.480s] GC(1003)   Post Evacuate Collection Set: 0.4ms
[2023-12-18T23:45:25.974+0100][15248.480s] GC(1003)   Other: 0.1ms
[2023-12-18T23:45:25.974+0100][15248.480s] GC(1003) Eden regions: 272->0(267)
[2023-12-18T23:45:25.974+0100][15248.480s] GC(1003) Survivor regions: 8->13(35)
[2023-12-18T23:45:25.974+0100][15248.480s] GC(1003) Old regions: 147->147
[2023-12-18T23:45:25.974+0100][15248.480s] GC(1003) Archive regions: 0->0
[2023-12-18T23:45:25.974+0100][15248.480s] GC(1003) Humongous regions: 4->4
[2023-12-18T23:45:25.974+0100][15248.480s] GC(1003) Metaspace: 63808K(64384K)->63808K(64384K) NonClass: 56756K(57024K)->56756K(57024K) Class: 7052K(7360K)->7052K(7360K)
[2023-12-18T23:45:25.974+0100][15248.480s] GC(1003) Pause Young (Normal) (G1 Evacuation Pause) 430M->163M(512M) 4.578ms
[2023-12-18T23:45:25.975+0100][15248.480s] GC(1003) User=0.00s Sys=0.00s Real=0.00s
[2023-12-18T23:45:26.329+0100][15248.834s] GC(1004) Pause Young (Concurrent Start) (G1 Evacuation Pause)
[2023-12-18T23:45:26.329+0100][15248.834s] GC(1004) Using 10 workers of 10 for evacuation
[2023-12-18T23:45:26.334+0100][15248.839s] GC(1004)   Pre Evacuate Collection Set: 0.1ms
[2023-12-18T23:45:26.334+0100][15248.839s] GC(1004)   Merge Heap Roots: 0.1ms
[2023-12-18T23:45:26.334+0100][15248.839s] GC(1004)   Evacuate Collection Set: 4.2ms
[2023-12-18T23:45:26.334+0100][15248.839s] GC(1004)   Post Evacuate Collection Set: 0.6ms
[2023-12-18T23:45:26.334+0100][15248.839s] GC(1004)   Other: 0.1ms
[2023-12-18T23:45:26.334+0100][15248.839s] GC(1004) Eden regions: 267->0(264)
[2023-12-18T23:45:26.334+0100][15248.839s] GC(1004) Survivor regions: 13->17(35)
[2023-12-18T23:45:26.334+0100][15248.839s] GC(1004) Old regions: 147->147
[2023-12-18T23:45:26.334+0100][15248.839s] GC(1004) Archive regions: 0->0
[2023-12-18T23:45:26.334+0100][15248.839s] GC(1004) Humongous regions: 4->4
[2023-12-18T23:45:26.334+0100][15248.839s] GC(1004) Metaspace: 63810K(64384K)->63810K(64384K) NonClass: 56758K(57024K)->56758K(57024K) Class: 7052K(7360K)->7052K(7360K)
[2023-12-18T23:45:26.334+0100][15248.839s] GC(1004) Pause Young (Concurrent Start) (G1 Evacuation Pause) 430M->166M(512M) 5.255ms
[2023-12-18T23:45:26.334+0100][15248.839s] GC(1004) User=0.00s Sys=0.00s Real=0.01s
[2023-12-18T23:45:26.334+0100][15248.839s] GC(1005) Concurrent Mark Cycle
[2023-12-18T23:45:26.334+0100][15248.839s] GC(1005) Concurrent Clear Claimed Marks
[2023-12-18T23:45:26.334+0100][15248.839s] GC(1005) Concurrent Clear Claimed Marks 0.038ms
[2023-12-18T23:45:26.334+0100][15248.839s] GC(1005) Concurrent Scan Root Regions
[2023-12-18T23:45:26.337+0100][15248.842s] GC(1005) Concurrent Scan Root Regions 2.897ms
[2023-12-18T23:45:26.337+0100][15248.842s] GC(1005) Concurrent Mark
[2023-12-18T23:45:26.337+0100][15248.842s] GC(1005) Concurrent Mark From Roots
[2023-12-18T23:45:26.337+0100][15248.842s] GC(1005) Using 3 workers of 3 for marking
[2023-12-18T23:45:26.370+0100][15248.876s] GC(1005) Concurrent Mark From Roots 33.121ms
[2023-12-18T23:45:26.370+0100][15248.876s] GC(1005) Concurrent Preclean
[2023-12-18T23:45:26.370+0100][15248.876s] GC(1005) Concurrent Preclean 0.229ms
[2023-12-18T23:45:26.371+0100][15248.876s] GC(1005) Pause Remark
[2023-12-18T23:45:26.373+0100][15248.879s] GC(1005) Pause Remark 220M->220M(512M) 3.501ms
[2023-12-18T23:45:26.373+0100][15248.879s] GC(1005) User=0.00s Sys=0.00s Real=0.00s
[2023-12-18T23:45:26.373+0100][15248.880s] GC(1005) Concurrent Mark 37.096ms
[2023-12-18T23:45:26.373+0100][15248.880s] GC(1005) Concurrent Rebuild Remembered Sets
[2023-12-18T23:45:26.397+0100][15248.903s] GC(1005) Concurrent Rebuild Remembered Sets 23.504ms
[2023-12-18T23:45:26.397+0100][15248.903s] GC(1005) Pause Cleanup
[2023-12-18T23:45:26.397+0100][15248.903s] GC(1005) Pause Cleanup 295M->295M(512M) 0.219ms
[2023-12-18T23:45:26.397+0100][15248.903s] GC(1005) User=0.00s Sys=0.00s Real=0.00s
[2023-12-18T23:45:26.397+0100][15248.903s] GC(1005) Concurrent Cleanup for Next Mark
[2023-12-18T23:45:26.399+0100][15248.905s] GC(1005) Concurrent Cleanup for Next Mark 1.139ms
[2023-12-18T23:45:26.399+0100][15248.905s] GC(1005) Concurrent Mark Cycle 65.254ms
[2023-12-18T23:45:26.586+0100][15249.091s] GC(1006) Pause Young (Prepare Mixed) (G1 Evacuation Pause)
[2023-12-18T23:45:26.586+0100][15249.091s] GC(1006) Using 10 workers of 10 for evacuation
[2023-12-18T23:45:26.589+0100][15249.094s] GC(1006)   Pre Evacuate Collection Set: 0.1ms
[2023-12-18T23:45:26.589+0100][15249.094s] GC(1006)   Merge Heap Roots: 0.1ms
[2023-12-18T23:45:26.589+0100][15249.094s] GC(1006)   Evacuate Collection Set: 2.7ms
[2023-12-18T23:45:26.589+0100][15249.094s] GC(1006)   Post Evacuate Collection Set: 0.5ms
[2023-12-18T23:45:26.589+0100][15249.094s] GC(1006)   Other: 0.1ms
[2023-12-18T23:45:26.589+0100][15249.094s] GC(1006) Eden regions: 264->0(14)
[2023-12-18T23:45:26.589+0100][15249.094s] GC(1006) Survivor regions: 17->11(36)
[2023-12-18T23:45:26.589+0100][15249.094s] GC(1006) Old regions: 147->147
[2023-12-18T23:45:26.589+0100][15249.094s] GC(1006) Archive regions: 0->0
[2023-12-18T23:45:26.589+0100][15249.094s] GC(1006) Humongous regions: 4->4
[2023-12-18T23:45:26.589+0100][15249.094s] GC(1006) Metaspace: 63810K(64384K)->63810K(64384K) NonClass: 56758K(57024K)->56758K(57024K) Class: 7052K(7360K)->7052K(7360K)
[2023-12-18T23:45:26.589+0100][15249.095s] GC(1006) Pause Young (Prepare Mixed) (G1 Evacuation Pause) 430M->161M(512M) 3.664ms
[2023-12-18T23:45:26.589+0100][15249.095s] GC(1006) User=0.00s Sys=0.00s Real=0.00s
[2023-12-18T23:45:26.629+0100][15249.135s] GC(1007) Pause Young (Mixed) (G1 Evacuation Pause)
[2023-12-18T23:45:26.629+0100][15249.135s] GC(1007) Using 10 workers of 10 for evacuation
[2023-12-18T23:45:26.633+0100][15249.138s] GC(1007)   Pre Evacuate Collection Set: 0.1ms
[2023-12-18T23:45:26.633+0100][15249.138s] GC(1007)   Merge Heap Roots: 0.1ms
[2023-12-18T23:45:26.633+0100][15249.138s] GC(1007)   Evacuate Collection Set: 2.7ms
[2023-12-18T23:45:26.633+0100][15249.138s] GC(1007)   Post Evacuate Collection Set: 0.3ms
[2023-12-18T23:45:26.633+0100][15249.138s] GC(1007)   Other: 0.1ms
[2023-12-18T23:45:26.633+0100][15249.138s] GC(1007) Eden regions: 14->0(277)
[2023-12-18T23:45:26.633+0100][15249.138s] GC(1007) Survivor regions: 11->3(4)
[2023-12-18T23:45:26.633+0100][15249.138s] GC(1007) Old regions: 147->147
[2023-12-18T23:45:26.633+0100][15249.138s] GC(1007) Archive regions: 0->0
[2023-12-18T23:45:26.633+0100][15249.138s] GC(1007) Humongous regions: 4->4
[2023-12-18T23:45:26.633+0100][15249.138s] GC(1007) Metaspace: 63810K(64384K)->63810K(64384K) NonClass: 56758K(57024K)->56758K(57024K) Class: 7052K(7360K)->7052K(7360K)
[2023-12-18T23:45:26.633+0100][15249.138s] GC(1007) Pause Young (Mixed) (G1 Evacuation Pause) 175M->153M(512M) 3.422ms
[2023-12-18T23:45:26.633+0100][15249.138s] GC(1007) User=0.00s Sys=0.00s Real=0.00s
[2023-12-18T23:45:26.996+0100][15249.501s] GC(1008) Pause Young (Normal) (G1 Evacuation Pause)
[2023-12-18T23:45:26.996+0100][15249.501s] GC(1008) Using 10 workers of 10 for evacuation
[2023-12-18T23:45:26.999+0100][15249.505s] GC(1008)   Pre Evacuate Collection Set: 0.1ms
[2023-12-18T23:45:26.999+0100][15249.505s] GC(1008)   Merge Heap Roots: 0.0ms
[2023-12-18T23:45:26.999+0100][15249.505s] GC(1008)   Evacuate Collection Set: 3.1ms
[2023-12-18T23:45:26.999+0100][15249.505s] GC(1008)   Post Evacuate Collection Set: 0.3ms
[2023-12-18T23:45:26.999+0100][15249.505s] GC(1008)   Other: 0.1ms
[2023-12-18T23:45:26.999+0100][15249.505s] GC(1008) Eden regions: 277->0(268)
[2023-12-18T23:45:26.999+0100][15249.505s] GC(1008) Survivor regions: 3->10(35)
[2023-12-18T23:45:26.999+0100][15249.505s] GC(1008) Old regions: 147->147
[2023-12-18T23:45:26.999+0100][15249.505s] GC(1008) Archive regions: 0->0
[2023-12-18T23:45:26.999+0100][15249.505s] GC(1008) Humongous regions: 4->4
[2023-12-18T23:45:26.999+0100][15249.505s] GC(1008) Metaspace: 63810K(64384K)->63810K(64384K) NonClass: 56758K(57024K)->56758K(57024K) Class: 7052K(7360K)->7052K(7360K)
[2023-12-18T23:45:26.999+0100][15249.505s] GC(1008) Pause Young (Normal) (G1 Evacuation Pause) 430M->160M(512M) 3.795ms
[2023-12-18T23:45:26.999+0100][15249.505s] GC(1008) User=0.00s Sys=0.00s Real=0.00s
[2023-12-18T23:45:27.214+0100][15249.720s] GC(1009) Pause Young (Normal) (G1 Evacuation Pause)
[2023-12-18T23:45:27.214+0100][15249.720s] GC(1009) Using 10 workers of 10 for evacuation
[2023-12-18T23:45:27.216+0100][15249.722s] GC(1009)   Pre Evacuate Collection Set: 0.1ms
[2023-12-18T23:45:27.216+0100][15249.722s] GC(1009)   Merge Heap Roots: 0.1ms
[2023-12-18T23:45:27.216+0100][15249.722s] GC(1009)   Evacuate Collection Set: 1.4ms
[2023-12-18T23:45:27.216+0100][15249.722s] GC(1009)   Post Evacuate Collection Set: 0.3ms
[2023-12-18T23:45:27.216+0100][15249.722s] GC(1009)   Other: 0.1ms
[2023-12-18T23:45:27.216+0100][15249.722s] GC(1009) Eden regions: 268->0(275)
[2023-12-18T23:45:27.216+0100][15249.722s] GC(1009) Survivor regions: 10->6(35)
[2023-12-18T23:45:27.216+0100][15249.722s] GC(1009) Old regions: 147->147
[2023-12-18T23:45:27.216+0100][15249.722s] GC(1009) Archive regions: 0->0
[2023-12-18T23:45:27.216+0100][15249.722s] GC(1009) Humongous regions: 4->4
[2023-12-18T23:45:27.217+0100][15249.722s] GC(1009) Metaspace: 63810K(64384K)->63810K(64384K) NonClass: 56758K(57024K)->56758K(57024K) Class: 7052K(7360K)->7052K(7360K)
[2023-12-18T23:45:27.217+0100][15249.722s] GC(1009) Pause Young (Normal) (G1 Evacuation Pause) 428M->156M(512M) 2.143ms
[2023-12-18T23:45:27.217+0100][15249.722s] GC(1009) User=0.00s Sys=0.00s Real=0.00s
[2023-12-18T23:45:27.604+0100][15250.110s] GC(1010) Pause Young (Concurrent Start) (G1 Evacuation Pause)
[2023-12-18T23:45:27.604+0100][15250.110s] GC(1010) Using 10 workers of 10 for evacuation
[2023-12-18T23:45:27.608+0100][15250.113s] GC(1010)   Pre Evacuate Collection Set: 0.1ms
[2023-12-18T23:45:27.608+0100][15250.113s] GC(1010)   Merge Heap Roots: 0.1ms
[2023-12-18T23:45:27.608+0100][15250.113s] GC(1010)   Evacuate Collection Set: 2.5ms
[2023-12-18T23:45:27.608+0100][15250.113s] GC(1010)   Post Evacuate Collection Set: 0.5ms
[2023-12-18T23:45:27.608+0100][15250.113s] GC(1010)   Other: 0.1ms
[2023-12-18T23:45:27.608+0100][15250.113s] GC(1010) Eden regions: 275->0(270)
[2023-12-18T23:45:27.608+0100][15250.113s] GC(1010) Survivor regions: 6->11(36)
[2023-12-18T23:45:27.608+0100][15250.113s] GC(1010) Old regions: 147->147
[2023-12-18T23:45:27.608+0100][15250.113s] GC(1010) Archive regions: 0->0
[2023-12-18T23:45:27.608+0100][15250.113s] GC(1010) Humongous regions: 4->4
[2023-12-18T23:45:27.608+0100][15250.113s] GC(1010) Metaspace: 63810K(64384K)->63810K(64384K) NonClass: 56758K(57024K)->56758K(57024K) Class: 7052K(7360K)->7052K(7360K)
[2023-12-18T23:45:27.608+0100][15250.113s] GC(1010) Pause Young (Concurrent Start) (G1 Evacuation Pause) 431M->161M(512M) 3.515ms
[2023-12-18T23:45:27.608+0100][15250.113s] GC(1011) Concurrent Mark Cycle
[2023-12-18T23:45:27.608+0100][15250.113s] GC(1010) User=0.00s Sys=0.00s Real=0.00s
[2023-12-18T23:45:27.608+0100][15250.113s] GC(1011) Concurrent Clear Claimed Marks
[2023-12-18T23:45:27.608+0100][15250.113s] GC(1011) Concurrent Clear Claimed Marks 0.052ms
[2023-12-18T23:45:27.608+0100][15250.113s] GC(1011) Concurrent Scan Root Regions
[2023-12-18T23:45:27.609+0100][15250.115s] GC(1011) Concurrent Scan Root Regions 1.490ms
[2023-12-18T23:45:27.609+0100][15250.115s] GC(1011) Concurrent Mark
[2023-12-18T23:45:27.609+0100][15250.115s] GC(1011) Concurrent Mark From Roots
[2023-12-18T23:45:27.609+0100][15250.115s] GC(1011) Using 3 workers of 3 for marking
[2023-12-18T23:45:27.638+0100][15250.144s] GC(1011) Concurrent Mark From Roots 28.879ms
[2023-12-18T23:45:27.638+0100][15250.144s] GC(1011) Concurrent Preclean
[2023-12-18T23:45:27.638+0100][15250.144s] GC(1011) Concurrent Preclean 0.187ms
[2023-12-18T23:45:27.639+0100][15250.144s] GC(1011) Pause Remark
[2023-12-18T23:45:27.642+0100][15250.147s] GC(1011) Pause Remark 192M->186M(512M) 3.396ms
[2023-12-18T23:45:27.642+0100][15250.147s] GC(1011) User=0.16s Sys=0.00s Real=0.00s
[2023-12-18T23:45:27.642+0100][15250.147s] GC(1011) Concurrent Mark 32.657ms
[2023-12-18T23:45:27.642+0100][15250.147s] GC(1011) Concurrent Rebuild Remembered Sets
[2023-12-18T23:45:27.657+0100][15250.162s] GC(1011) Concurrent Rebuild Remembered Sets 14.562ms
[2023-12-18T23:45:27.657+0100][15250.162s] GC(1011) Pause Cleanup
[2023-12-18T23:45:27.657+0100][15250.162s] GC(1011) Pause Cleanup 191M->191M(512M) 0.170ms
[2023-12-18T23:45:27.657+0100][15250.162s] GC(1011) User=0.00s Sys=0.00s Real=0.00s
[2023-12-18T23:45:27.657+0100][15250.162s] GC(1011) Concurrent Cleanup for Next Mark
[2023-12-18T23:45:27.658+0100][15250.163s] GC(1011) Concurrent Cleanup for Next Mark 0.689ms
[2023-12-18T23:45:27.658+0100][15250.163s] GC(1011) Concurrent Mark Cycle 49.866ms
[2023-12-18T23:45:27.972+0100][15250.477s] GC(1012) Pause Young (Prepare Mixed) (G1 Evacuation Pause)
[2023-12-18T23:45:27.972+0100][15250.478s] GC(1012) Using 10 workers of 10 for evacuation
[2023-12-18T23:45:27.977+0100][15250.482s] GC(1012)   Pre Evacuate Collection Set: 0.1ms
[2023-12-18T23:45:27.977+0100][15250.482s] GC(1012)   Merge Heap Roots: 0.1ms
[2023-12-18T23:45:27.977+0100][15250.482s] GC(1012)   Evacuate Collection Set: 4.2ms
[2023-12-18T23:45:27.977+0100][15250.482s] GC(1012)   Post Evacuate Collection Set: 0.5ms
[2023-12-18T23:45:27.977+0100][15250.483s] GC(1012)   Other: 0.1ms
[2023-12-18T23:45:27.977+0100][15250.483s] GC(1012) Eden regions: 270->0(9)
[2023-12-18T23:45:27.977+0100][15250.483s] GC(1012) Survivor regions: 11->16(36)
[2023-12-18T23:45:27.977+0100][15250.483s] GC(1012) Old regions: 141->141
[2023-12-18T23:45:27.977+0100][15250.483s] GC(1012) Archive regions: 0->0
[2023-12-18T23:45:27.977+0100][15250.483s] GC(1012) Humongous regions: 4->4
[2023-12-18T23:45:27.977+0100][15250.483s] GC(1012) Metaspace: 63810K(64384K)->63810K(64384K) NonClass: 56758K(57024K)->56758K(57024K) Class: 7052K(7360K)->7052K(7360K)
[2023-12-18T23:45:27.977+0100][15250.483s] GC(1012) Pause Young (Prepare Mixed) (G1 Evacuation Pause) 425M->160M(512M) 5.107ms
[2023-12-18T23:45:27.977+0100][15250.483s] GC(1012) User=0.00s Sys=0.00s Real=0.01s
[2023-12-18T23:45:27.981+0100][15250.487s] GC(1013) Pause Young (Mixed) (G1 Evacuation Pause)
[2023-12-18T23:45:27.981+0100][15250.487s] GC(1013) Using 10 workers of 10 for evacuation
[2023-12-18T23:45:27.986+0100][15250.492s] GC(1013)   Pre Evacuate Collection Set: 0.1ms
[2023-12-18T23:45:27.986+0100][15250.492s] GC(1013)   Merge Heap Roots: 0.1ms
[2023-12-18T23:45:27.986+0100][15250.492s] GC(1013)   Evacuate Collection Set: 4.2ms
[2023-12-18T23:45:27.986+0100][15250.492s] GC(1013)   Post Evacuate Collection Set: 0.4ms
[2023-12-18T23:45:27.986+0100][15250.492s] GC(1013)   Other: 0.0ms
[2023-12-18T23:45:27.986+0100][15250.492s] GC(1013) Eden regions: 9->0(279)
[2023-12-18T23:45:27.986+0100][15250.492s] GC(1013) Survivor regions: 16->2(4)
[2023-12-18T23:45:27.986+0100][15250.492s] GC(1013) Old regions: 141->147
[2023-12-18T23:45:27.986+0100][15250.492s] GC(1013) Archive regions: 0->0
[2023-12-18T23:45:27.986+0100][15250.492s] GC(1013) Humongous regions: 4->4
[2023-12-18T23:45:27.986+0100][15250.492s] GC(1013) Metaspace: 63810K(64384K)->63810K(64384K) NonClass: 56758K(57024K)->56758K(57024K) Class: 7052K(7360K)->7052K(7360K)
[2023-12-18T23:45:27.986+0100][15250.492s] GC(1013) Pause Young (Mixed) (G1 Evacuation Pause) 169M->152M(512M) 4.996ms
[2023-12-18T23:45:27.986+0100][15250.492s] GC(1013) User=0.16s Sys=0.00s Real=0.01s
[2023-12-18T23:45:28.180+0100][15250.685s] GC(1014) Pause Young (Normal) (G1 Evacuation Pause)
[2023-12-18T23:45:28.180+0100][15250.685s] GC(1014) Using 10 workers of 10 for evacuation
[2023-12-18T23:45:28.182+0100][15250.687s] GC(1014)   Pre Evacuate Collection Set: 0.1ms
[2023-12-18T23:45:28.182+0100][15250.687s] GC(1014)   Merge Heap Roots: 0.1ms
[2023-12-18T23:45:28.182+0100][15250.687s] GC(1014)   Evacuate Collection Set: 1.7ms
[2023-12-18T23:45:28.182+0100][15250.687s] GC(1014)   Post Evacuate Collection Set: 0.4ms
[2023-12-18T23:45:28.182+0100][15250.687s] GC(1014)   Other: 0.1ms
[2023-12-18T23:45:28.182+0100][15250.687s] GC(1014) Eden regions: 279->0(276)
[2023-12-18T23:45:28.182+0100][15250.687s] GC(1014) Survivor regions: 2->6(36)
[2023-12-18T23:45:28.182+0100][15250.687s] GC(1014) Old regions: 147->147
[2023-12-18T23:45:28.182+0100][15250.687s] GC(1014) Archive regions: 0->0
[2023-12-18T23:45:28.182+0100][15250.688s] GC(1014) Humongous regions: 4->4
[2023-12-18T23:45:28.182+0100][15250.688s] GC(1014) Metaspace: 63810K(64384K)->63810K(64384K) NonClass: 56758K(57024K)->56758K(57024K) Class: 7052K(7360K)->7052K(7360K)
[2023-12-18T23:45:28.182+0100][15250.688s] GC(1014) Pause Young (Normal) (G1 Evacuation Pause) 431M->156M(512M) 2.556ms
[2023-12-18T23:45:28.182+0100][15250.688s] GC(1014) User=0.00s Sys=0.00s Real=0.00s
[2023-12-18T23:45:28.555+0100][15251.061s] GC(1015) Pause Young (Normal) (G1 Evacuation Pause)
[2023-12-18T23:45:28.555+0100][15251.061s] GC(1015) Using 10 workers of 10 for evacuation
[2023-12-18T23:45:28.558+0100][15251.064s] GC(1015)   Pre Evacuate Collection Set: 0.1ms
[2023-12-18T23:45:28.559+0100][15251.064s] GC(1015)   Merge Heap Roots: 0.1ms
[2023-12-18T23:45:28.559+0100][15251.064s] GC(1015)   Evacuate Collection Set: 2.6ms
[2023-12-18T23:45:28.559+0100][15251.064s] GC(1015)   Post Evacuate Collection Set: 0.6ms
[2023-12-18T23:45:28.559+0100][15251.064s] GC(1015)   Other: 0.1ms
[2023-12-18T23:45:28.559+0100][15251.064s] GC(1015) Eden regions: 276->0(272)
[2023-12-18T23:45:28.559+0100][15251.064s] GC(1015) Survivor regions: 6->10(36)
[2023-12-18T23:45:28.559+0100][15251.064s] GC(1015) Old regions: 147->147
[2023-12-18T23:45:28.559+0100][15251.064s] GC(1015) Archive regions: 0->0
[2023-12-18T23:45:28.559+0100][15251.064s] GC(1015) Humongous regions: 4->4
[2023-12-18T23:45:28.559+0100][15251.064s] GC(1015) Metaspace: 63810K(64384K)->63810K(64384K) NonClass: 56758K(57024K)->56758K(57024K) Class: 7052K(7360K)->7052K(7360K)
[2023-12-18T23:45:28.559+0100][15251.064s] GC(1015) Pause Young (Normal) (G1 Evacuation Pause) 432M->160M(512M) 3.639ms
[2023-12-18T23:45:28.559+0100][15251.064s] GC(1015) User=0.00s Sys=0.00s Real=0.00s
[2023-12-18T23:45:28.855+0100][15251.361s] GC(1016) Pause Young (Concurrent Start) (G1 Evacuation Pause)
[2023-12-18T23:45:28.855+0100][15251.361s] GC(1016) Using 10 workers of 10 for evacuation
[2023-12-18T23:45:28.861+0100][15251.366s] GC(1016)   Pre Evacuate Collection Set: 0.1ms
[2023-12-18T23:45:28.861+0100][15251.366s] GC(1016)   Merge Heap Roots: 0.1ms
[2023-12-18T23:45:28.861+0100][15251.366s] GC(1016)   Evacuate Collection Set: 4.6ms
[2023-12-18T23:45:28.861+0100][15251.366s] GC(1016)   Post Evacuate Collection Set: 0.4ms
[2023-12-18T23:45:28.861+0100][15251.366s] GC(1016)   Other: 0.1ms
[2023-12-18T23:45:28.861+0100][15251.366s] GC(1016) Eden regions: 272->0(266)
[2023-12-18T23:45:28.861+0100][15251.366s] GC(1016) Survivor regions: 10->16(36)
[2023-12-18T23:45:28.861+0100][15251.366s] GC(1016) Old regions: 147->147
[2023-12-18T23:45:28.861+0100][15251.366s] GC(1016) Archive regions: 0->0
[2023-12-18T23:45:28.861+0100][15251.366s] GC(1016) Humongous regions: 4->4
[2023-12-18T23:45:28.861+0100][15251.366s] GC(1016) Metaspace: 63810K(64384K)->63810K(64384K) NonClass: 56758K(57024K)->56758K(57024K) Class: 7052K(7360K)->7052K(7360K)
[2023-12-18T23:45:28.861+0100][15251.366s] GC(1016) Pause Young (Concurrent Start) (G1 Evacuation Pause) 432M->166M(512M) 5.469ms
[2023-12-18T23:45:28.861+0100][15251.366s] GC(1017) Concurrent Mark Cycle
[2023-12-18T23:45:28.861+0100][15251.366s] GC(1016) User=0.16s Sys=0.00s Real=0.01s
[2023-12-18T23:45:28.861+0100][15251.366s] GC(1017) Concurrent Clear Claimed Marks
[2023-12-18T23:45:28.861+0100][15251.366s] GC(1017) Concurrent Clear Claimed Marks 0.048ms
[2023-12-18T23:45:28.861+0100][15251.366s] GC(1017) Concurrent Scan Root Regions
[2023-12-18T23:45:28.863+0100][15251.369s] GC(1017) Concurrent Scan Root Regions 2.675ms
[2023-12-18T23:45:28.863+0100][15251.369s] GC(1017) Concurrent Mark
[2023-12-18T23:45:28.864+0100][15251.369s] GC(1017) Concurrent Mark From Roots
[2023-12-18T23:45:28.864+0100][15251.369s] GC(1017) Using 3 workers of 3 for marking
[2023-12-18T23:45:28.895+0100][15251.401s] GC(1017) Concurrent Mark From Roots 31.738ms
[2023-12-18T23:45:28.895+0100][15251.401s] GC(1017) Concurrent Preclean
[2023-12-18T23:45:28.896+0100][15251.401s] GC(1017) Concurrent Preclean 0.229ms
[2023-12-18T23:45:28.896+0100][15251.401s] GC(1017) Pause Remark
[2023-12-18T23:45:28.898+0100][15251.404s] GC(1017) Pause Remark 257M->257M(512M) 3.093ms
[2023-12-18T23:45:28.899+0100][15251.404s] GC(1017) User=0.00s Sys=0.00s Real=0.00s
[2023-12-18T23:45:28.899+0100][15251.404s] GC(1017) Concurrent Mark 35.250ms
[2023-12-18T23:45:28.899+0100][15251.404s] GC(1017) Concurrent Rebuild Remembered Sets
[2023-12-18T23:45:28.922+0100][15251.427s] GC(1017) Concurrent Rebuild Remembered Sets 22.988ms
[2023-12-18T23:45:28.922+0100][15251.427s] GC(1017) Pause Cleanup
[2023-12-18T23:45:28.922+0100][15251.427s] GC(1017) Pause Cleanup 286M->286M(512M) 0.205ms
[2023-12-18T23:45:28.922+0100][15251.427s] GC(1017) User=0.00s Sys=0.00s Real=0.00s
[2023-12-18T23:45:28.922+0100][15251.427s] GC(1017) Concurrent Cleanup for Next Mark
[2023-12-18T23:45:28.923+0100][15251.428s] GC(1017) Concurrent Cleanup for Next Mark 0.798ms
[2023-12-18T23:45:28.923+0100][15251.428s] GC(1017) Concurrent Mark Cycle 62.306ms
[2023-12-18T23:45:29.153+0100][15251.659s] GC(1018) Pause Young (Prepare Mixed) (G1 Evacuation Pause)
[2023-12-18T23:45:29.153+0100][15251.659s] GC(1018) Using 10 workers of 10 for evacuation
[2023-12-18T23:45:29.156+0100][15251.662s] GC(1018)   Pre Evacuate Collection Set: 0.1ms
[2023-12-18T23:45:29.156+0100][15251.662s] GC(1018)   Merge Heap Roots: 0.1ms
[2023-12-18T23:45:29.156+0100][15251.662s] GC(1018)   Evacuate Collection Set: 2.6ms
[2023-12-18T23:45:29.156+0100][15251.662s] GC(1018)   Post Evacuate Collection Set: 0.3ms
[2023-12-18T23:45:29.156+0100][15251.662s] GC(1018)   Other: 0.1ms
[2023-12-18T23:45:29.156+0100][15251.662s] GC(1018) Eden regions: 266->0(15)
[2023-12-18T23:45:29.156+0100][15251.662s] GC(1018) Survivor regions: 16->10(36)
[2023-12-18T23:45:29.156+0100][15251.662s] GC(1018) Old regions: 147->147
[2023-12-18T23:45:29.156+0100][15251.662s] GC(1018) Archive regions: 0->0
[2023-12-18T23:45:29.156+0100][15251.662s] GC(1018) Humongous regions: 4->4
[2023-12-18T23:45:29.156+0100][15251.662s] GC(1018) Metaspace: 63810K(64384K)->63810K(64384K) NonClass: 56758K(57024K)->56758K(57024K) Class: 7052K(7360K)->7052K(7360K)
[2023-12-18T23:45:29.156+0100][15251.662s] GC(1018) Pause Young (Prepare Mixed) (G1 Evacuation Pause) 432M->160M(512M) 3.302ms
[2023-12-18T23:45:29.156+0100][15251.662s] GC(1018) User=0.00s Sys=0.00s Real=0.00s
[2023-12-18T23:45:29.179+0100][15251.685s] GC(1019) Pause Young (Mixed) (G1 Evacuation Pause)
[2023-12-18T23:45:29.179+0100][15251.685s] GC(1019) Using 10 workers of 10 for evacuation
[2023-12-18T23:45:29.184+0100][15251.690s] GC(1019)   Pre Evacuate Collection Set: 0.1ms
[2023-12-18T23:45:29.184+0100][15251.690s] GC(1019)   Merge Heap Roots: 0.0ms
[2023-12-18T23:45:29.184+0100][15251.690s] GC(1019)   Evacuate Collection Set: 4.3ms
[2023-12-18T23:45:29.184+0100][15251.690s] GC(1019)   Post Evacuate Collection Set: 0.4ms
[2023-12-18T23:45:29.184+0100][15251.690s] GC(1019)   Other: 0.1ms
[2023-12-18T23:45:29.184+0100][15251.690s] GC(1019) Eden regions: 15->0(274)
[2023-12-18T23:45:29.184+0100][15251.690s] GC(1019) Survivor regions: 10->4(4)
[2023-12-18T23:45:29.184+0100][15251.690s] GC(1019) Old regions: 147->148
[2023-12-18T23:45:29.184+0100][15251.690s] GC(1019) Archive regions: 0->0
[2023-12-18T23:45:29.184+0100][15251.690s] GC(1019) Humongous regions: 4->4
[2023-12-18T23:45:29.184+0100][15251.690s] GC(1019) Metaspace: 63810K(64384K)->63810K(64384K) NonClass: 56758K(57024K)->56758K(57024K) Class: 7052K(7360K)->7052K(7360K)
[2023-12-18T23:45:29.184+0100][15251.690s] GC(1019) Pause Young (Mixed) (G1 Evacuation Pause) 175M->155M(512M) 5.122ms
[2023-12-18T23:45:29.184+0100][15251.690s] GC(1019) User=0.00s Sys=0.00s Real=0.01s
[2023-12-18T23:45:29.571+0100][15252.078s] GC(1020) Pause Young (Normal) (G1 Evacuation Pause)
[2023-12-18T23:45:29.572+0100][15252.078s] GC(1020) Using 10 workers of 10 for evacuation
[2023-12-18T23:45:29.576+0100][15252.082s] GC(1020)   Pre Evacuate Collection Set: 0.1ms
[2023-12-18T23:45:29.576+0100][15252.082s] GC(1020)   Merge Heap Roots: 0.1ms
[2023-12-18T23:45:29.576+0100][15252.082s] GC(1020)   Evacuate Collection Set: 3.5ms
[2023-12-18T23:45:29.576+0100][15252.082s] GC(1020)   Post Evacuate Collection Set: 0.3ms
[2023-12-18T23:45:29.576+0100][15252.082s] GC(1020)   Other: 0.1ms
[2023-12-18T23:45:29.576+0100][15252.082s] GC(1020) Eden regions: 274->0(265)
[2023-12-18T23:45:29.576+0100][15252.082s] GC(1020) Survivor regions: 4->12(35)
[2023-12-18T23:45:29.576+0100][15252.082s] GC(1020) Old regions: 148->148
[2023-12-18T23:45:29.576+0100][15252.082s] GC(1020) Archive regions: 0->0
[2023-12-18T23:45:29.576+0100][15252.082s] GC(1020) Humongous regions: 4->4
[2023-12-18T23:45:29.576+0100][15252.082s] GC(1020) Metaspace: 63810K(64384K)->63810K(64384K) NonClass: 56758K(57024K)->56758K(57024K) Class: 7052K(7360K)->7052K(7360K)
[2023-12-18T23:45:29.576+0100][15252.082s] GC(1020) Pause Young (Normal) (G1 Evacuation Pause) 429M->162M(512M) 4.228ms
[2023-12-18T23:45:29.576+0100][15252.082s] GC(1020) User=0.00s Sys=0.00s Real=0.00s
[2023-12-18T23:45:29.767+0100][15252.273s] GC(1021) Pause Young (Normal) (G1 Evacuation Pause)
[2023-12-18T23:45:29.767+0100][15252.273s] GC(1021) Using 10 workers of 10 for evacuation
[2023-12-18T23:45:29.770+0100][15252.276s] GC(1021)   Pre Evacuate Collection Set: 0.1ms
[2023-12-18T23:45:29.770+0100][15252.276s] GC(1021)   Merge Heap Roots: 0.0ms
[2023-12-18T23:45:29.770+0100][15252.276s] GC(1021)   Evacuate Collection Set: 2.4ms
[2023-12-18T23:45:29.770+0100][15252.276s] GC(1021)   Post Evacuate Collection Set: 0.5ms
[2023-12-18T23:45:29.770+0100][15252.276s] GC(1021)   Other: 0.1ms
[2023-12-18T23:45:29.770+0100][15252.276s] GC(1021) Eden regions: 265->0(269)
[2023-12-18T23:45:29.770+0100][15252.276s] GC(1021) Survivor regions: 12->9(35)
[2023-12-18T23:45:29.770+0100][15252.276s] GC(1021) Old regions: 148->148
[2023-12-18T23:45:29.770+0100][15252.276s] GC(1021) Archive regions: 0->0
[2023-12-18T23:45:29.770+0100][15252.276s] GC(1021) Humongous regions: 4->4
[2023-12-18T23:45:29.770+0100][15252.276s] GC(1021) Metaspace: 63810K(64384K)->63810K(64384K) NonClass: 56758K(57024K)->56758K(57024K) Class: 7052K(7360K)->7052K(7360K)
[2023-12-18T23:45:29.770+0100][15252.276s] GC(1021) Pause Young (Normal) (G1 Evacuation Pause) 427M->159M(512M) 3.253ms
[2023-12-18T23:45:29.770+0100][15252.276s] GC(1021) User=0.00s Sys=0.00s Real=0.00s
[2023-12-18T23:45:30.165+0100][15252.671s] GC(1022) Pause Young (Normal) (G1 Evacuation Pause)
[2023-12-18T23:45:30.165+0100][15252.671s] GC(1022) Using 10 workers of 10 for evacuation
[2023-12-18T23:45:30.170+0100][15252.676s] GC(1022)   Pre Evacuate Collection Set: 0.1ms
[2023-12-18T23:45:30.170+0100][15252.676s] GC(1022)   Merge Heap Roots: 0.1ms
[2023-12-18T23:45:30.170+0100][15252.676s] GC(1022)   Evacuate Collection Set: 4.2ms
[2023-12-18T23:45:30.170+0100][15252.676s] GC(1022)   Post Evacuate Collection Set: 0.5ms
[2023-12-18T23:45:30.170+0100][15252.676s] GC(1022)   Other: 0.1ms
[2023-12-18T23:45:30.170+0100][15252.676s] GC(1022) Eden regions: 269->0(264)
[2023-12-18T23:45:30.170+0100][15252.676s] GC(1022) Survivor regions: 9->14(35)
[2023-12-18T23:45:30.170+0100][15252.676s] GC(1022) Old regions: 148->148
[2023-12-18T23:45:30.170+0100][15252.676s] GC(1022) Archive regions: 0->0
[2023-12-18T23:45:30.170+0100][15252.676s] GC(1022) Humongous regions: 4->4
[2023-12-18T23:45:30.170+0100][15252.676s] GC(1022) Metaspace: 63810K(64384K)->63810K(64384K) NonClass: 56758K(57024K)->56758K(57024K) Class: 7052K(7360K)->7052K(7360K)
[2023-12-18T23:45:30.170+0100][15252.676s] GC(1022) Pause Young (Normal) (G1 Evacuation Pause) 428M->165M(512M) 5.105ms
[2023-12-18T23:45:30.170+0100][15252.676s] GC(1022) User=0.00s Sys=0.00s Real=0.01s
[2023-12-18T23:45:30.391+0100][15252.897s] GC(1023) Pause Young (Normal) (G1 Evacuation Pause)
[2023-12-18T23:45:30.391+0100][15252.897s] GC(1023) Using 10 workers of 10 for evacuation
[2023-12-18T23:45:30.397+0100][15252.903s] GC(1023)   Pre Evacuate Collection Set: 0.1ms
[2023-12-18T23:45:30.397+0100][15252.903s] GC(1023)   Merge Heap Roots: 0.1ms
[2023-12-18T23:45:30.397+0100][15252.903s] GC(1023)   Evacuate Collection Set: 4.7ms
[2023-12-18T23:45:30.397+0100][15252.903s] GC(1023)   Post Evacuate Collection Set: 0.4ms
[2023-12-18T23:45:30.397+0100][15252.903s] GC(1023)   Other: 0.1ms
[2023-12-18T23:45:30.397+0100][15252.903s] GC(1023) Eden regions: 264->0(261)
[2023-12-18T23:45:30.397+0100][15252.903s] GC(1023) Survivor regions: 14->18(35)
[2023-12-18T23:45:30.397+0100][15252.903s] GC(1023) Old regions: 148->148
[2023-12-18T23:45:30.397+0100][15252.903s] GC(1023) Archive regions: 0->0
[2023-12-18T23:45:30.397+0100][15252.903s] GC(1023) Humongous regions: 4->4
[2023-12-18T23:45:30.397+0100][15252.903s] GC(1023) Metaspace: 63810K(64384K)->63810K(64384K) NonClass: 56758K(57024K)->56758K(57024K) Class: 7052K(7360K)->7052K(7360K)
[2023-12-18T23:45:30.397+0100][15252.903s] GC(1023) Pause Young (Normal) (G1 Evacuation Pause) 429M->168M(512M) 5.413ms
[2023-12-18T23:45:30.397+0100][15252.903s] GC(1023) User=0.00s Sys=0.00s Real=0.01s
[2023-12-18T23:45:30.706+0100][15253.212s] GC(1024) Pause Young (Normal) (G1 Evacuation Pause)
[2023-12-18T23:45:30.706+0100][15253.212s] GC(1024) Using 10 workers of 10 for evacuation
[2023-12-18T23:45:30.711+0100][15253.216s] GC(1024)   Pre Evacuate Collection Set: 0.1ms
[2023-12-18T23:45:30.711+0100][15253.216s] GC(1024)   Merge Heap Roots: 0.1ms
[2023-12-18T23:45:30.711+0100][15253.216s] GC(1024)   Evacuate Collection Set: 3.8ms
[2023-12-18T23:45:30.711+0100][15253.216s] GC(1024)   Post Evacuate Collection Set: 0.4ms
[2023-12-18T23:45:30.711+0100][15253.216s] GC(1024)   Other: 0.1ms
[2023-12-18T23:45:30.711+0100][15253.216s] GC(1024) Eden regions: 261->0(263)
[2023-12-18T23:45:30.711+0100][15253.216s] GC(1024) Survivor regions: 18->14(35)
[2023-12-18T23:45:30.711+0100][15253.216s] GC(1024) Old regions: 148->148
[2023-12-18T23:45:30.711+0100][15253.216s] GC(1024) Archive regions: 0->0
[2023-12-18T23:45:30.711+0100][15253.216s] GC(1024) Humongous regions: 4->4
[2023-12-18T23:45:30.711+0100][15253.216s] GC(1024) Metaspace: 63810K(64384K)->63810K(64384K) NonClass: 56758K(57024K)->56758K(57024K) Class: 7052K(7360K)->7052K(7360K)
[2023-12-18T23:45:30.711+0100][15253.216s] GC(1024) Pause Young (Normal) (G1 Evacuation Pause) 429M->164M(512M) 4.612ms
[2023-12-18T23:45:30.711+0100][15253.216s] GC(1024) User=0.00s Sys=0.00s Real=0.00s
[2023-12-18T23:45:31.026+0100][15253.532s] GC(1025) Pause Young (Concurrent Start) (G1 Evacuation Pause)
[2023-12-18T23:45:31.026+0100][15253.532s] GC(1025) Using 10 workers of 10 for evacuation
[2023-12-18T23:45:31.032+0100][15253.538s] GC(1025)   Pre Evacuate Collection Set: 0.1ms
[2023-12-18T23:45:31.032+0100][15253.538s] GC(1025)   Merge Heap Roots: 0.1ms
[2023-12-18T23:45:31.032+0100][15253.538s] GC(1025)   Evacuate Collection Set: 5.3ms
[2023-12-18T23:45:31.032+0100][15253.538s] GC(1025)   Post Evacuate Collection Set: 0.4ms
[2023-12-18T23:45:31.032+0100][15253.538s] GC(1025)   Other: 0.1ms
[2023-12-18T23:45:31.032+0100][15253.538s] GC(1025) Eden regions: 263->0(259)
[2023-12-18T23:45:31.033+0100][15253.538s] GC(1025) Survivor regions: 14->19(35)
[2023-12-18T23:45:31.033+0100][15253.538s] GC(1025) Old regions: 148->148
[2023-12-18T23:45:31.033+0100][15253.538s] GC(1025) Archive regions: 0->0
[2023-12-18T23:45:31.033+0100][15253.538s] GC(1025) Humongous regions: 4->4
[2023-12-18T23:45:31.033+0100][15253.538s] GC(1025) Metaspace: 63810K(64384K)->63810K(64384K) NonClass: 56758K(57024K)->56758K(57024K) Class: 7052K(7360K)->7052K(7360K)
[2023-12-18T23:45:31.033+0100][15253.538s] GC(1025) Pause Young (Concurrent Start) (G1 Evacuation Pause) 427M->169M(512M) 6.172ms
[2023-12-18T23:45:31.033+0100][15253.538s] GC(1026) Concurrent Mark Cycle
[2023-12-18T23:45:31.033+0100][15253.538s] GC(1025) User=0.16s Sys=0.00s Real=0.01s
[2023-12-18T23:45:31.033+0100][15253.538s] GC(1026) Concurrent Clear Claimed Marks
[2023-12-18T23:45:31.033+0100][15253.538s] GC(1026) Concurrent Clear Claimed Marks 0.058ms
[2023-12-18T23:45:31.033+0100][15253.538s] GC(1026) Concurrent Scan Root Regions
[2023-12-18T23:45:31.036+0100][15253.541s] GC(1026) Concurrent Scan Root Regions 2.905ms
[2023-12-18T23:45:31.036+0100][15253.541s] GC(1026) Concurrent Mark
[2023-12-18T23:45:31.036+0100][15253.541s] GC(1026) Concurrent Mark From Roots
[2023-12-18T23:45:31.036+0100][15253.541s] GC(1026) Using 3 workers of 3 for marking
[2023-12-18T23:45:31.068+0100][15253.574s] GC(1026) Concurrent Mark From Roots 32.592ms
[2023-12-18T23:45:31.068+0100][15253.574s] GC(1026) Concurrent Preclean
[2023-12-18T23:45:31.069+0100][15253.574s] GC(1026) Concurrent Preclean 0.215ms
[2023-12-18T23:45:31.069+0100][15253.574s] GC(1026) Pause Remark
[2023-12-18T23:45:31.072+0100][15253.577s] GC(1026) Pause Remark 210M->204M(512M) 3.238ms
[2023-12-18T23:45:31.072+0100][15253.577s] GC(1026) User=0.00s Sys=0.00s Real=0.00s
[2023-12-18T23:45:31.072+0100][15253.577s] GC(1026) Concurrent Mark 36.285ms
[2023-12-18T23:45:31.072+0100][15253.577s] GC(1026) Concurrent Rebuild Remembered Sets
[2023-12-18T23:45:31.092+0100][15253.597s] GC(1026) Concurrent Rebuild Remembered Sets 19.681ms
[2023-12-18T23:45:31.092+0100][15253.597s] GC(1026) Pause Cleanup
[2023-12-18T23:45:31.092+0100][15253.597s] GC(1026) Pause Cleanup 235M->235M(512M) 0.175ms
[2023-12-18T23:45:31.092+0100][15253.597s] GC(1026) User=0.00s Sys=0.00s Real=0.00s
[2023-12-18T23:45:31.092+0100][15253.597s] GC(1026) Concurrent Cleanup for Next Mark
[2023-12-18T23:45:31.093+0100][15253.598s] GC(1026) Concurrent Cleanup for Next Mark 0.924ms
[2023-12-18T23:45:31.093+0100][15253.598s] GC(1026) Concurrent Mark Cycle 60.430ms
[2023-12-18T23:45:31.310+0100][15253.815s] GC(1027) Pause Young (Prepare Mixed) (G1 Evacuation Pause)
[2023-12-18T23:45:31.310+0100][15253.815s] GC(1027) Using 10 workers of 10 for evacuation
[2023-12-18T23:45:31.313+0100][15253.818s] GC(1027)   Pre Evacuate Collection Set: 0.1ms
[2023-12-18T23:45:31.313+0100][15253.818s] GC(1027)   Merge Heap Roots: 0.1ms
[2023-12-18T23:45:31.313+0100][15253.818s] GC(1027)   Evacuate Collection Set: 2.1ms
[2023-12-18T23:45:31.313+0100][15253.818s] GC(1027)   Post Evacuate Collection Set: 0.3ms
[2023-12-18T23:45:31.313+0100][15253.818s] GC(1027)   Other: 0.1ms
[2023-12-18T23:45:31.313+0100][15253.818s] GC(1027) Eden regions: 259->0(16)
[2023-12-18T23:45:31.313+0100][15253.818s] GC(1027) Survivor regions: 19->9(35)
[2023-12-18T23:45:31.313+0100][15253.818s] GC(1027) Old regions: 142->142
[2023-12-18T23:45:31.313+0100][15253.818s] GC(1027) Archive regions: 0->0
[2023-12-18T23:45:31.313+0100][15253.818s] GC(1027) Humongous regions: 4->4
[2023-12-18T23:45:31.313+0100][15253.818s] GC(1027) Metaspace: 63810K(64384K)->63810K(64384K) NonClass: 56758K(57024K)->56758K(57024K) Class: 7052K(7360K)->7052K(7360K)
[2023-12-18T23:45:31.313+0100][15253.818s] GC(1027) Pause Young (Prepare Mixed) (G1 Evacuation Pause) 422M->154M(512M) 2.825ms
[2023-12-18T23:45:31.313+0100][15253.818s] GC(1027) User=0.05s Sys=0.02s Real=0.00s
[2023-12-18T23:45:31.340+0100][15253.846s] GC(1028) Pause Young (Mixed) (G1 Evacuation Pause)
[2023-12-18T23:45:31.340+0100][15253.846s] GC(1028) Using 10 workers of 10 for evacuation
[2023-12-18T23:45:31.344+0100][15253.850s] GC(1028)   Pre Evacuate Collection Set: 0.1ms
[2023-12-18T23:45:31.344+0100][15253.850s] GC(1028)   Merge Heap Roots: 0.1ms
[2023-12-18T23:45:31.344+0100][15253.850s] GC(1028)   Evacuate Collection Set: 3.1ms
[2023-12-18T23:45:31.344+0100][15253.850s] GC(1028)   Post Evacuate Collection Set: 0.3ms
[2023-12-18T23:45:31.344+0100][15253.850s] GC(1028)   Other: 0.1ms
[2023-12-18T23:45:31.344+0100][15253.850s] GC(1028) Eden regions: 16->0(277)
[2023-12-18T23:45:31.344+0100][15253.850s] GC(1028) Survivor regions: 9->4(4)
[2023-12-18T23:45:31.344+0100][15253.850s] GC(1028) Old regions: 142->141
[2023-12-18T23:45:31.344+0100][15253.850s] GC(1028) Archive regions: 0->0
[2023-12-18T23:45:31.344+0100][15253.850s] GC(1028) Humongous regions: 4->4
[2023-12-18T23:45:31.344+0100][15253.850s] GC(1028) Metaspace: 63810K(64384K)->63810K(64384K) NonClass: 56758K(57024K)->56758K(57024K) Class: 7052K(7360K)->7052K(7360K)
[2023-12-18T23:45:31.344+0100][15253.850s] GC(1028) Pause Young (Mixed) (G1 Evacuation Pause) 170M->148M(512M) 3.883ms
[2023-12-18T23:45:31.344+0100][15253.850s] GC(1028) User=0.00s Sys=0.00s Real=0.00s
[2023-12-18T23:45:31.750+0100][15254.256s] GC(1029) Pause Young (Normal) (G1 Evacuation Pause)
[2023-12-18T23:45:31.750+0100][15254.256s] GC(1029) Using 10 workers of 10 for evacuation
[2023-12-18T23:45:31.754+0100][15254.259s] GC(1029)   Pre Evacuate Collection Set: 0.1ms
[2023-12-18T23:45:31.754+0100][15254.260s] GC(1029)   Merge Heap Roots: 0.1ms
[2023-12-18T23:45:31.754+0100][15254.260s] GC(1029)   Evacuate Collection Set: 2.9ms
[2023-12-18T23:45:31.754+0100][15254.260s] GC(1029)   Post Evacuate Collection Set: 0.4ms
[2023-12-18T23:45:31.754+0100][15254.260s] GC(1029)   Other: 0.1ms
[2023-12-18T23:45:31.754+0100][15254.260s] GC(1029) Eden regions: 277->0(271)
[2023-12-18T23:45:31.754+0100][15254.260s] GC(1029) Survivor regions: 4->10(36)
[2023-12-18T23:45:31.754+0100][15254.260s] GC(1029) Old regions: 141->141
[2023-12-18T23:45:31.754+0100][15254.260s] GC(1029) Archive regions: 0->0
[2023-12-18T23:45:31.754+0100][15254.260s] GC(1029) Humongous regions: 4->4
[2023-12-18T23:45:31.754+0100][15254.260s] GC(1029) Metaspace: 63810K(64384K)->63810K(64384K) NonClass: 56758K(57024K)->56758K(57024K) Class: 7052K(7360K)->7052K(7360K)
[2023-12-18T23:45:31.754+0100][15254.260s] GC(1029) Pause Young (Normal) (G1 Evacuation Pause) 425M->154M(512M) 3.677ms
[2023-12-18T23:45:31.754+0100][15254.260s] GC(1029) User=0.12s Sys=0.00s Real=0.00s
[2023-12-18T23:45:31.968+0100][15254.474s] GC(1030) Pause Young (Normal) (G1 Evacuation Pause)
[2023-12-18T23:45:31.968+0100][15254.475s] GC(1030) Using 10 workers of 10 for evacuation
[2023-12-18T23:45:31.973+0100][15254.479s] GC(1030)   Pre Evacuate Collection Set: 0.1ms
[2023-12-18T23:45:31.973+0100][15254.479s] GC(1030)   Merge Heap Roots: 0.1ms
[2023-12-18T23:45:31.973+0100][15254.479s] GC(1030)   Evacuate Collection Set: 3.9ms
[2023-12-18T23:45:31.973+0100][15254.479s] GC(1030)   Post Evacuate Collection Set: 0.4ms
[2023-12-18T23:45:31.973+0100][15254.479s] GC(1030)   Other: 0.1ms
[2023-12-18T23:45:31.973+0100][15254.479s] GC(1030) Eden regions: 271->0(271)
[2023-12-18T23:45:31.973+0100][15254.479s] GC(1030) Survivor regions: 10->13(36)
[2023-12-18T23:45:31.973+0100][15254.479s] GC(1030) Old regions: 141->141
[2023-12-18T23:45:31.973+0100][15254.479s] GC(1030) Archive regions: 0->0
[2023-12-18T23:45:31.973+0100][15254.479s] GC(1030) Humongous regions: 4->4
[2023-12-18T23:45:31.973+0100][15254.479s] GC(1030) Metaspace: 63810K(64384K)->63810K(64384K) NonClass: 56758K(57024K)->56758K(57024K) Class: 7052K(7360K)->7052K(7360K)
[2023-12-18T23:45:31.973+0100][15254.479s] GC(1030) Pause Young (Normal) (G1 Evacuation Pause) 425M->157M(512M) 4.675ms
[2023-12-18T23:45:31.973+0100][15254.479s] GC(1030) User=0.02s Sys=0.00s Real=0.01s
[2023-12-18T23:45:32.329+0100][15254.835s] GC(1031) Pause Young (Normal) (G1 Evacuation Pause)
[2023-12-18T23:45:32.329+0100][15254.835s] GC(1031) Using 10 workers of 10 for evacuation
[2023-12-18T23:45:32.333+0100][15254.839s] GC(1031)   Pre Evacuate Collection Set: 0.1ms
[2023-12-18T23:45:32.333+0100][15254.839s] GC(1031)   Merge Heap Roots: 0.0ms
[2023-12-18T23:45:32.333+0100][15254.839s] GC(1031)   Evacuate Collection Set: 3.0ms
[2023-12-18T23:45:32.333+0100][15254.839s] GC(1031)   Post Evacuate Collection Set: 0.5ms
[2023-12-18T23:45:32.333+0100][15254.839s] GC(1031)   Other: 0.1ms
[2023-12-18T23:45:32.333+0100][15254.839s] GC(1031) Eden regions: 271->0(272)
[2023-12-18T23:45:32.333+0100][15254.839s] GC(1031) Survivor regions: 13->12(36)
[2023-12-18T23:45:32.333+0100][15254.839s] GC(1031) Old regions: 141->141
[2023-12-18T23:45:32.333+0100][15254.839s] GC(1031) Archive regions: 0->0
[2023-12-18T23:45:32.333+0100][15254.839s] GC(1031) Humongous regions: 4->4
[2023-12-18T23:45:32.333+0100][15254.839s] GC(1031) Metaspace: 63810K(64384K)->63810K(64384K) NonClass: 56758K(57024K)->56758K(57024K) Class: 7052K(7360K)->7052K(7360K)
[2023-12-18T23:45:32.333+0100][15254.839s] GC(1031) Pause Young (Normal) (G1 Evacuation Pause) 428M->155M(512M) 3.947ms
[2023-12-18T23:45:32.333+0100][15254.839s] GC(1031) User=0.00s Sys=0.00s Real=0.00s
[2023-12-18T23:45:32.738+0100][15255.243s] GC(1032) Pause Young (Normal) (G1 Evacuation Pause)
[2023-12-18T23:45:32.738+0100][15255.243s] GC(1032) Using 10 workers of 10 for evacuation
[2023-12-18T23:45:32.742+0100][15255.248s] GC(1032)   Pre Evacuate Collection Set: 0.7ms
[2023-12-18T23:45:32.742+0100][15255.248s] GC(1032)   Merge Heap Roots: 0.1ms
[2023-12-18T23:45:32.742+0100][15255.248s] GC(1032)   Evacuate Collection Set: 4.2ms
[2023-12-18T23:45:32.742+0100][15255.248s] GC(1032)   Post Evacuate Collection Set: 0.4ms
[2023-12-18T23:45:32.742+0100][15255.248s] GC(1032)   Other: 0.1ms
[2023-12-18T23:45:32.742+0100][15255.248s] GC(1032) Eden regions: 272->0(267)
[2023-12-18T23:45:32.742+0100][15255.248s] GC(1032) Survivor regions: 12->17(36)
[2023-12-18T23:45:32.742+0100][15255.248s] GC(1032) Old regions: 141->141
[2023-12-18T23:45:32.742+0100][15255.248s] GC(1032) Archive regions: 0->0
[2023-12-18T23:45:32.742+0100][15255.248s] GC(1032) Humongous regions: 4->4
[2023-12-18T23:45:32.742+0100][15255.248s] GC(1032) Metaspace: 63819K(64384K)->63819K(64384K) NonClass: 56767K(57024K)->56767K(57024K) Class: 7052K(7360K)->7052K(7360K)
[2023-12-18T23:45:32.742+0100][15255.248s] GC(1032) Pause Young (Normal) (G1 Evacuation Pause) 427M->161M(512M) 5.560ms
[2023-12-18T23:45:32.742+0100][15255.248s] GC(1032) User=0.00s Sys=0.00s Real=0.00s
[2023-12-18T23:45:32.909+0100][15255.414s] GC(1033) Pause Young (Normal) (G1 Evacuation Pause)
[2023-12-18T23:45:32.909+0100][15255.414s] GC(1033) Using 10 workers of 10 for evacuation
[2023-12-18T23:45:32.914+0100][15255.419s] GC(1033)   Pre Evacuate Collection Set: 0.1ms
[2023-12-18T23:45:32.914+0100][15255.419s] GC(1033)   Merge Heap Roots: 0.1ms
[2023-12-18T23:45:32.914+0100][15255.420s] GC(1033)   Evacuate Collection Set: 5.0ms
[2023-12-18T23:45:32.914+0100][15255.420s] GC(1033)   Post Evacuate Collection Set: 0.4ms
[2023-12-18T23:45:32.914+0100][15255.420s] GC(1033)   Other: 0.1ms
[2023-12-18T23:45:32.914+0100][15255.420s] GC(1033) Eden regions: 267->0(266)
[2023-12-18T23:45:32.914+0100][15255.420s] GC(1033) Survivor regions: 17->20(36)
[2023-12-18T23:45:32.914+0100][15255.420s] GC(1033) Old regions: 141->141
[2023-12-18T23:45:32.914+0100][15255.420s] GC(1033) Archive regions: 0->0
[2023-12-18T23:45:32.914+0100][15255.420s] GC(1033) Humongous regions: 4->4
[2023-12-18T23:45:32.914+0100][15255.420s] GC(1033) Metaspace: 63819K(64384K)->63819K(64384K) NonClass: 56767K(57024K)->56767K(57024K) Class: 7052K(7360K)->7052K(7360K)
[2023-12-18T23:45:32.914+0100][15255.420s] GC(1033) Pause Young (Normal) (G1 Evacuation Pause) 428M->164M(512M) 5.823ms
[2023-12-18T23:45:32.914+0100][15255.420s] GC(1033) User=0.00s Sys=0.00s Real=0.01s
[2023-12-18T23:45:33.291+0100][15255.796s] GC(1034) Pause Young (Normal) (G1 Evacuation Pause)
[2023-12-18T23:45:33.292+0100][15255.797s] GC(1034) Using 10 workers of 10 for evacuation
[2023-12-18T23:45:33.298+0100][15255.803s] GC(1034)   Pre Evacuate Collection Set: 0.8ms
[2023-12-18T23:45:33.298+0100][15255.803s] GC(1034)   Merge Heap Roots: 0.1ms
[2023-12-18T23:45:33.298+0100][15255.803s] GC(1034)   Evacuate Collection Set: 3.8ms
[2023-12-18T23:45:33.298+0100][15255.803s] GC(1034)   Post Evacuate Collection Set: 0.7ms
[2023-12-18T23:45:33.298+0100][15255.803s] GC(1034)   Other: 0.8ms
[2023-12-18T23:45:33.298+0100][15255.803s] GC(1034) Eden regions: 266->0(271)
[2023-12-18T23:45:33.298+0100][15255.803s] GC(1034) Survivor regions: 20->14(36)
[2023-12-18T23:45:33.298+0100][15255.803s] GC(1034) Old regions: 141->141
[2023-12-18T23:45:33.298+0100][15255.803s] GC(1034) Archive regions: 0->0
[2023-12-18T23:45:33.298+0100][15255.803s] GC(1034) Humongous regions: 4->4
[2023-12-18T23:45:33.298+0100][15255.803s] GC(1034) Metaspace: 63823K(64384K)->63823K(64384K) NonClass: 56770K(57024K)->56770K(57024K) Class: 7052K(7360K)->7052K(7360K)
[2023-12-18T23:45:33.298+0100][15255.803s] GC(1034) Pause Young (Normal) (G1 Evacuation Pause) 430M->158M(512M) 6.927ms
[2023-12-18T23:45:33.298+0100][15255.803s] GC(1034) User=0.16s Sys=0.00s Real=0.01s
[2023-12-18T23:45:33.693+0100][15256.198s] GC(1035) Pause Young (Normal) (G1 Evacuation Pause)
[2023-12-18T23:45:33.693+0100][15256.198s] GC(1035) Using 10 workers of 10 for evacuation
[2023-12-18T23:45:33.699+0100][15256.204s] GC(1035)   Pre Evacuate Collection Set: 0.1ms
[2023-12-18T23:45:33.699+0100][15256.204s] GC(1035)   Merge Heap Roots: 0.1ms
[2023-12-18T23:45:33.699+0100][15256.204s] GC(1035)   Evacuate Collection Set: 5.2ms
[2023-12-18T23:45:33.699+0100][15256.204s] GC(1035)   Post Evacuate Collection Set: 0.6ms
[2023-12-18T23:45:33.699+0100][15256.204s] GC(1035)   Other: 0.1ms
[2023-12-18T23:45:33.699+0100][15256.204s] GC(1035) Eden regions: 271->0(264)
[2023-12-18T23:45:33.699+0100][15256.204s] GC(1035) Survivor regions: 14->19(36)
[2023-12-18T23:45:33.699+0100][15256.204s] GC(1035) Old regions: 141->141
[2023-12-18T23:45:33.699+0100][15256.204s] GC(1035) Archive regions: 0->0
[2023-12-18T23:45:33.699+0100][15256.204s] GC(1035) Humongous regions: 4->4
[2023-12-18T23:45:33.699+0100][15256.204s] GC(1035) Metaspace: 63823K(64384K)->63823K(64384K) NonClass: 56770K(57024K)->56770K(57024K) Class: 7052K(7360K)->7052K(7360K)
[2023-12-18T23:45:33.699+0100][15256.205s] GC(1035) Pause Young (Normal) (G1 Evacuation Pause) 429M->163M(512M) 6.191ms
[2023-12-18T23:45:33.699+0100][15256.205s] GC(1035) User=0.00s Sys=0.00s Real=0.01s
[2023-12-18T23:45:33.893+0100][15256.398s] GC(1036) Pause Young (Normal) (G1 Evacuation Pause)
[2023-12-18T23:45:33.893+0100][15256.398s] GC(1036) Using 10 workers of 10 for evacuation
[2023-12-18T23:45:33.898+0100][15256.403s] GC(1036)   Pre Evacuate Collection Set: 0.1ms
[2023-12-18T23:45:33.898+0100][15256.403s] GC(1036)   Merge Heap Roots: 0.1ms
[2023-12-18T23:45:33.898+0100][15256.403s] GC(1036)   Evacuate Collection Set: 4.2ms
[2023-12-18T23:45:33.898+0100][15256.403s] GC(1036)   Post Evacuate Collection Set: 0.5ms
[2023-12-18T23:45:33.898+0100][15256.403s] GC(1036)   Other: 0.1ms
[2023-12-18T23:45:33.898+0100][15256.403s] GC(1036) Eden regions: 264->0(269)
[2023-12-18T23:45:33.898+0100][15256.403s] GC(1036) Survivor regions: 19->18(36)
[2023-12-18T23:45:33.898+0100][15256.403s] GC(1036) Old regions: 141->141
[2023-12-18T23:45:33.898+0100][15256.403s] GC(1036) Archive regions: 0->0
[2023-12-18T23:45:33.898+0100][15256.403s] GC(1036) Humongous regions: 4->4
[2023-12-18T23:45:33.898+0100][15256.403s] GC(1036) Metaspace: 63823K(64384K)->63823K(64384K) NonClass: 56770K(57024K)->56770K(57024K) Class: 7052K(7360K)->7052K(7360K)
[2023-12-18T23:45:33.898+0100][15256.404s] GC(1036) Pause Young (Normal) (G1 Evacuation Pause) 427M->162M(512M) 5.081ms
[2023-12-18T23:45:33.898+0100][15256.404s] GC(1036) User=0.00s Sys=0.00s Real=0.01s
[2023-12-18T23:45:34.259+0100][15256.765s] GC(1037) Pause Young (Normal) (G1 Evacuation Pause)
[2023-12-18T23:45:34.259+0100][15256.765s] GC(1037) Using 10 workers of 10 for evacuation
[2023-12-18T23:45:34.264+0100][15256.769s] GC(1037)   Pre Evacuate Collection Set: 0.1ms
[2023-12-18T23:45:34.264+0100][15256.769s] GC(1037)   Merge Heap Roots: 0.1ms
[2023-12-18T23:45:34.264+0100][15256.769s] GC(1037)   Evacuate Collection Set: 3.5ms
[2023-12-18T23:45:34.264+0100][15256.769s] GC(1037)   Post Evacuate Collection Set: 0.5ms
[2023-12-18T23:45:34.264+0100][15256.769s] GC(1037)   Other: 0.1ms
[2023-12-18T23:45:34.264+0100][15256.769s] GC(1037) Eden regions: 269->0(271)
[2023-12-18T23:45:34.264+0100][15256.769s] GC(1037) Survivor regions: 18->15(36)
[2023-12-18T23:45:34.264+0100][15256.770s] GC(1037) Old regions: 141->141
[2023-12-18T23:45:34.264+0100][15256.770s] GC(1037) Archive regions: 0->0
[2023-12-18T23:45:34.264+0100][15256.770s] GC(1037) Humongous regions: 4->4
[2023-12-18T23:45:34.264+0100][15256.770s] GC(1037) Metaspace: 63824K(64384K)->63824K(64384K) NonClass: 56771K(57024K)->56771K(57024K) Class: 7052K(7360K)->7052K(7360K)
[2023-12-18T23:45:34.264+0100][15256.770s] GC(1037) Pause Young (Normal) (G1 Evacuation Pause) 431M->159M(512M) 4.543ms
[2023-12-18T23:45:34.264+0100][15256.770s] GC(1037) User=0.00s Sys=0.00s Real=0.00s
[2023-12-18T23:45:34.610+0100][15257.116s] GC(1038) Pause Young (Normal) (G1 Evacuation Pause)
[2023-12-18T23:45:34.610+0100][15257.116s] GC(1038) Using 10 workers of 10 for evacuation
[2023-12-18T23:45:34.615+0100][15257.121s] GC(1038)   Pre Evacuate Collection Set: 0.1ms
[2023-12-18T23:45:34.615+0100][15257.121s] GC(1038)   Merge Heap Roots: 0.1ms
[2023-12-18T23:45:34.615+0100][15257.121s] GC(1038)   Evacuate Collection Set: 4.6ms
[2023-12-18T23:45:34.615+0100][15257.121s] GC(1038)   Post Evacuate Collection Set: 0.6ms
[2023-12-18T23:45:34.615+0100][15257.122s] GC(1038)   Other: 0.1ms
[2023-12-18T23:45:34.615+0100][15257.122s] GC(1038) Eden regions: 271->0(267)
[2023-12-18T23:45:34.615+0100][15257.122s] GC(1038) Survivor regions: 15->19(36)
[2023-12-18T23:45:34.615+0100][15257.122s] GC(1038) Old regions: 141->141
[2023-12-18T23:45:34.616+0100][15257.122s] GC(1038) Archive regions: 0->0
[2023-12-18T23:45:34.616+0100][15257.122s] GC(1038) Humongous regions: 4->4
[2023-12-18T23:45:34.616+0100][15257.122s] GC(1038) Metaspace: 63826K(64384K)->63826K(64384K) NonClass: 56774K(57024K)->56774K(57024K) Class: 7052K(7360K)->7052K(7360K)
[2023-12-18T23:45:34.616+0100][15257.122s] GC(1038) Pause Young (Normal) (G1 Evacuation Pause) 430M->163M(512M) 5.628ms
[2023-12-18T23:45:34.616+0100][15257.122s] GC(1038) User=0.00s Sys=0.00s Real=0.01s
[2023-12-18T23:45:34.828+0100][15257.334s] GC(1039) Pause Young (Normal) (G1 Evacuation Pause)
[2023-12-18T23:45:34.828+0100][15257.334s] GC(1039) Using 10 workers of 10 for evacuation
[2023-12-18T23:45:34.834+0100][15257.340s] GC(1039)   Pre Evacuate Collection Set: 0.1ms
[2023-12-18T23:45:34.834+0100][15257.340s] GC(1039)   Merge Heap Roots: 0.1ms
[2023-12-18T23:45:34.834+0100][15257.340s] GC(1039)   Evacuate Collection Set: 5.5ms
[2023-12-18T23:45:34.834+0100][15257.340s] GC(1039)   Post Evacuate Collection Set: 0.5ms
[2023-12-18T23:45:34.834+0100][15257.340s] GC(1039)   Other: 0.1ms
[2023-12-18T23:45:34.834+0100][15257.340s] GC(1039) Eden regions: 267->0(267)
[2023-12-18T23:45:34.834+0100][15257.340s] GC(1039) Survivor regions: 19->21(36)
[2023-12-18T23:45:34.834+0100][15257.340s] GC(1039) Old regions: 141->141
[2023-12-18T23:45:34.834+0100][15257.340s] GC(1039) Archive regions: 0->0
[2023-12-18T23:45:34.834+0100][15257.340s] GC(1039) Humongous regions: 4->4
[2023-12-18T23:45:34.834+0100][15257.340s] GC(1039) Metaspace: 63826K(64384K)->63826K(64384K) NonClass: 56774K(57024K)->56774K(57024K) Class: 7052K(7360K)->7052K(7360K)
[2023-12-18T23:45:34.834+0100][15257.340s] GC(1039) Pause Young (Normal) (G1 Evacuation Pause) 430M->165M(512M) 6.475ms
[2023-12-18T23:45:34.834+0100][15257.340s] GC(1039) User=0.00s Sys=0.00s Real=0.01s
[2023-12-18T23:45:35.184+0100][15257.690s] GC(1040) Pause Young (Normal) (G1 Evacuation Pause)
[2023-12-18T23:45:35.184+0100][15257.690s] GC(1040) Using 10 workers of 10 for evacuation
[2023-12-18T23:45:35.189+0100][15257.694s] GC(1040)   Pre Evacuate Collection Set: 0.1ms
[2023-12-18T23:45:35.189+0100][15257.694s] GC(1040)   Merge Heap Roots: 0.1ms
[2023-12-18T23:45:35.189+0100][15257.694s] GC(1040)   Evacuate Collection Set: 4.0ms
[2023-12-18T23:45:35.189+0100][15257.694s] GC(1040)   Post Evacuate Collection Set: 0.5ms
[2023-12-18T23:45:35.189+0100][15257.694s] GC(1040)   Other: 0.1ms
[2023-12-18T23:45:35.189+0100][15257.694s] GC(1040) Eden regions: 267->0(271)
[2023-12-18T23:45:35.189+0100][15257.694s] GC(1040) Survivor regions: 21->14(36)
[2023-12-18T23:45:35.189+0100][15257.694s] GC(1040) Old regions: 141->143
[2023-12-18T23:45:35.189+0100][15257.694s] GC(1040) Archive regions: 0->0
[2023-12-18T23:45:35.189+0100][15257.694s] GC(1040) Humongous regions: 4->4
[2023-12-18T23:45:35.189+0100][15257.694s] GC(1040) Metaspace: 63826K(64384K)->63826K(64384K) NonClass: 56774K(57024K)->56774K(57024K) Class: 7052K(7360K)->7052K(7360K)
[2023-12-18T23:45:35.189+0100][15257.694s] GC(1040) Pause Young (Normal) (G1 Evacuation Pause) 432M->159M(512M) 4.942ms
[2023-12-18T23:45:35.189+0100][15257.694s] GC(1040) User=0.14s Sys=0.00s Real=0.00s
[2023-12-18T23:45:35.410+0100][15257.916s] GC(1041) Pause Young (Concurrent Start) (G1 Evacuation Pause)
[2023-12-18T23:45:35.410+0100][15257.916s] GC(1041) Using 10 workers of 10 for evacuation
[2023-12-18T23:45:35.416+0100][15257.922s] GC(1041)   Pre Evacuate Collection Set: 0.1ms
[2023-12-18T23:45:35.416+0100][15257.922s] GC(1041)   Merge Heap Roots: 0.1ms
[2023-12-18T23:45:35.416+0100][15257.922s] GC(1041)   Evacuate Collection Set: 4.9ms
[2023-12-18T23:45:35.416+0100][15257.922s] GC(1041)   Post Evacuate Collection Set: 0.5ms
[2023-12-18T23:45:35.416+0100][15257.922s] GC(1041)   Other: 0.1ms
[2023-12-18T23:45:35.416+0100][15257.922s] GC(1041) Eden regions: 271->0(265)
[2023-12-18T23:45:35.416+0100][15257.922s] GC(1041) Survivor regions: 14->19(36)
[2023-12-18T23:45:35.416+0100][15257.922s] GC(1041) Old regions: 143->143
[2023-12-18T23:45:35.416+0100][15257.922s] GC(1041) Archive regions: 0->0
[2023-12-18T23:45:35.416+0100][15257.922s] GC(1041) Humongous regions: 4->4
[2023-12-18T23:45:35.416+0100][15257.922s] GC(1041) Metaspace: 63826K(64384K)->63826K(64384K) NonClass: 56774K(57024K)->56774K(57024K) Class: 7052K(7360K)->7052K(7360K)
[2023-12-18T23:45:35.416+0100][15257.922s] GC(1041) Pause Young (Concurrent Start) (G1 Evacuation Pause) 430M->165M(512M) 5.915ms
[2023-12-18T23:45:35.416+0100][15257.922s] GC(1041) User=0.00s Sys=0.00s Real=0.01s
[2023-12-18T23:45:35.416+0100][15257.922s] GC(1042) Concurrent Mark Cycle
[2023-12-18T23:45:35.416+0100][15257.922s] GC(1042) Concurrent Clear Claimed Marks
[2023-12-18T23:45:35.416+0100][15257.922s] GC(1042) Concurrent Clear Claimed Marks 0.050ms
[2023-12-18T23:45:35.416+0100][15257.922s] GC(1042) Concurrent Scan Root Regions
[2023-12-18T23:45:35.419+0100][15257.925s] GC(1042) Concurrent Scan Root Regions 2.829ms
[2023-12-18T23:45:35.419+0100][15257.925s] GC(1042) Concurrent Mark
[2023-12-18T23:45:35.419+0100][15257.925s] GC(1042) Concurrent Mark From Roots
[2023-12-18T23:45:35.419+0100][15257.925s] GC(1042) Using 3 workers of 3 for marking
[2023-12-18T23:45:35.443+0100][15257.949s] GC(1042) Concurrent Mark From Roots 23.704ms
[2023-12-18T23:45:35.443+0100][15257.949s] GC(1042) Concurrent Preclean
[2023-12-18T23:45:35.443+0100][15257.949s] GC(1042) Concurrent Preclean 0.216ms
[2023-12-18T23:45:35.443+0100][15257.949s] GC(1042) Pause Remark
[2023-12-18T23:45:35.447+0100][15257.953s] GC(1042) Pause Remark 187M->184M(512M) 3.406ms
[2023-12-18T23:45:35.447+0100][15257.953s] GC(1042) User=0.00s Sys=0.00s Real=0.00s
[2023-12-18T23:45:35.447+0100][15257.953s] GC(1042) Concurrent Mark 27.551ms
[2023-12-18T23:45:35.447+0100][15257.953s] GC(1042) Concurrent Rebuild Remembered Sets
[2023-12-18T23:45:35.467+0100][15257.973s] GC(1042) Concurrent Rebuild Remembered Sets 20.214ms
[2023-12-18T23:45:35.467+0100][15257.973s] GC(1042) Pause Cleanup
[2023-12-18T23:45:35.467+0100][15257.973s] GC(1042) Pause Cleanup 192M->192M(512M) 0.158ms
[2023-12-18T23:45:35.467+0100][15257.973s] GC(1042) User=0.00s Sys=0.00s Real=0.00s
[2023-12-18T23:45:35.467+0100][15257.973s] GC(1042) Concurrent Cleanup for Next Mark
[2023-12-18T23:45:35.468+0100][15257.974s] GC(1042) Concurrent Cleanup for Next Mark 0.878ms
[2023-12-18T23:45:35.468+0100][15257.974s] GC(1042) Concurrent Mark Cycle 52.031ms
[2023-12-18T23:45:35.763+0100][15258.268s] GC(1043) Pause Young (Prepare Mixed) (G1 Evacuation Pause)
[2023-12-18T23:45:35.763+0100][15258.268s] GC(1043) Using 10 workers of 10 for evacuation
[2023-12-18T23:45:35.767+0100][15258.272s] GC(1043)   Pre Evacuate Collection Set: 0.1ms
[2023-12-18T23:45:35.767+0100][15258.272s] GC(1043)   Merge Heap Roots: 0.1ms
[2023-12-18T23:45:35.767+0100][15258.272s] GC(1043)   Evacuate Collection Set: 3.2ms
[2023-12-18T23:45:35.767+0100][15258.272s] GC(1043)   Post Evacuate Collection Set: 0.3ms
[2023-12-18T23:45:35.767+0100][15258.272s] GC(1043)   Other: 0.1ms
[2023-12-18T23:45:35.767+0100][15258.272s] GC(1043) Eden regions: 265->0(12)
[2023-12-18T23:45:35.767+0100][15258.272s] GC(1043) Survivor regions: 19->13(36)
[2023-12-18T23:45:35.767+0100][15258.272s] GC(1043) Old regions: 140->140
[2023-12-18T23:45:35.767+0100][15258.272s] GC(1043) Archive regions: 0->0
[2023-12-18T23:45:35.767+0100][15258.272s] GC(1043) Humongous regions: 4->4
[2023-12-18T23:45:35.767+0100][15258.272s] GC(1043) Metaspace: 63826K(64384K)->63826K(64384K) NonClass: 56774K(57024K)->56774K(57024K) Class: 7052K(7360K)->7052K(7360K)
[2023-12-18T23:45:35.767+0100][15258.272s] GC(1043) Pause Young (Prepare Mixed) (G1 Evacuation Pause) 427M->155M(512M) 3.973ms
[2023-12-18T23:45:35.767+0100][15258.272s] GC(1043) User=0.16s Sys=0.00s Real=0.00s
[2023-12-18T23:45:35.784+0100][15258.290s] GC(1044) Pause Young (Mixed) (G1 Evacuation Pause)
[2023-12-18T23:45:35.784+0100][15258.290s] GC(1044) Using 10 workers of 10 for evacuation
[2023-12-18T23:45:35.789+0100][15258.294s] GC(1044)   Pre Evacuate Collection Set: 0.1ms
[2023-12-18T23:45:35.789+0100][15258.294s] GC(1044)   Merge Heap Roots: 0.1ms
[2023-12-18T23:45:35.789+0100][15258.294s] GC(1044)   Evacuate Collection Set: 4.2ms
[2023-12-18T23:45:35.789+0100][15258.294s] GC(1044)   Post Evacuate Collection Set: 0.3ms
[2023-12-18T23:45:35.789+0100][15258.294s] GC(1044)   Other: 0.1ms
[2023-12-18T23:45:35.789+0100][15258.294s] GC(1044) Eden regions: 12->0(274)
[2023-12-18T23:45:35.789+0100][15258.294s] GC(1044) Survivor regions: 13->4(4)
[2023-12-18T23:45:35.789+0100][15258.294s] GC(1044) Old regions: 140->143
[2023-12-18T23:45:35.789+0100][15258.294s] GC(1044) Archive regions: 0->0
[2023-12-18T23:45:35.789+0100][15258.294s] GC(1044) Humongous regions: 4->4
[2023-12-18T23:45:35.789+0100][15258.294s] GC(1044) Metaspace: 63826K(64384K)->63826K(64384K) NonClass: 56774K(57024K)->56774K(57024K) Class: 7052K(7360K)->7052K(7360K)
[2023-12-18T23:45:35.789+0100][15258.295s] GC(1044) Pause Young (Mixed) (G1 Evacuation Pause) 167M->150M(512M) 4.912ms
[2023-12-18T23:45:35.789+0100][15258.295s] GC(1044) User=0.00s Sys=0.00s Real=0.01s
[2023-12-18T23:45:36.080+0100][15258.586s] GC(1045) Pause Young (Normal) (G1 Evacuation Pause)
[2023-12-18T23:45:36.080+0100][15258.587s] GC(1045) Using 10 workers of 10 for evacuation
[2023-12-18T23:45:36.084+0100][15258.590s] GC(1045)   Pre Evacuate Collection Set: 0.1ms
[2023-12-18T23:45:36.084+0100][15258.590s] GC(1045)   Merge Heap Roots: 0.1ms
[2023-12-18T23:45:36.084+0100][15258.590s] GC(1045)   Evacuate Collection Set: 3.1ms
[2023-12-18T23:45:36.084+0100][15258.590s] GC(1045)   Post Evacuate Collection Set: 0.4ms
[2023-12-18T23:45:36.084+0100][15258.590s] GC(1045)   Other: 0.1ms
[2023-12-18T23:45:36.084+0100][15258.590s] GC(1045) Eden regions: 274->0(269)
[2023-12-18T23:45:36.084+0100][15258.590s] GC(1045) Survivor regions: 4->10(35)
[2023-12-18T23:45:36.084+0100][15258.590s] GC(1045) Old regions: 143->143
[2023-12-18T23:45:36.084+0100][15258.590s] GC(1045) Archive regions: 0->0
[2023-12-18T23:45:36.084+0100][15258.590s] GC(1045) Humongous regions: 4->4
[2023-12-18T23:45:36.084+0100][15258.590s] GC(1045) Metaspace: 63826K(64384K)->63826K(64384K) NonClass: 56774K(57024K)->56774K(57024K) Class: 7052K(7360K)->7052K(7360K)
[2023-12-18T23:45:36.084+0100][15258.590s] GC(1045) Pause Young (Normal) (G1 Evacuation Pause) 424M->156M(512M) 3.946ms
[2023-12-18T23:45:36.084+0100][15258.590s] GC(1045) User=0.00s Sys=0.00s Real=0.00s
[2023-12-18T23:45:36.389+0100][15258.894s] GC(1046) Pause Young (Normal) (G1 Evacuation Pause)
[2023-12-18T23:45:36.389+0100][15258.894s] GC(1046) Using 10 workers of 10 for evacuation
[2023-12-18T23:45:36.392+0100][15258.898s] GC(1046)   Pre Evacuate Collection Set: 0.1ms
[2023-12-18T23:45:36.392+0100][15258.898s] GC(1046)   Merge Heap Roots: 0.1ms
[2023-12-18T23:45:36.392+0100][15258.898s] GC(1046)   Evacuate Collection Set: 2.5ms
[2023-12-18T23:45:36.392+0100][15258.898s] GC(1046)   Post Evacuate Collection Set: 0.6ms
[2023-12-18T23:45:36.392+0100][15258.898s] GC(1046)   Other: 0.1ms
[2023-12-18T23:45:36.392+0100][15258.898s] GC(1046) Eden regions: 269->0(271)
[2023-12-18T23:45:36.392+0100][15258.898s] GC(1046) Survivor regions: 10->9(35)
[2023-12-18T23:45:36.392+0100][15258.898s] GC(1046) Old regions: 143->143
[2023-12-18T23:45:36.392+0100][15258.898s] GC(1046) Archive regions: 0->0
[2023-12-18T23:45:36.392+0100][15258.898s] GC(1046) Humongous regions: 4->4
[2023-12-18T23:45:36.392+0100][15258.898s] GC(1046) Metaspace: 63826K(64384K)->63826K(64384K) NonClass: 56774K(57024K)->56774K(57024K) Class: 7052K(7360K)->7052K(7360K)
[2023-12-18T23:45:36.392+0100][15258.898s] GC(1046) Pause Young (Normal) (G1 Evacuation Pause) 425M->155M(512M) 3.529ms
[2023-12-18T23:45:36.392+0100][15258.898s] GC(1046) User=0.14s Sys=0.00s Real=0.00s
[2023-12-18T23:45:36.750+0100][15259.256s] GC(1047) Pause Young (Concurrent Start) (G1 Evacuation Pause)
[2023-12-18T23:45:36.750+0100][15259.256s] GC(1047) Using 10 workers of 10 for evacuation
[2023-12-18T23:45:36.755+0100][15259.261s] GC(1047)   Pre Evacuate Collection Set: 0.2ms
[2023-12-18T23:45:36.755+0100][15259.261s] GC(1047)   Merge Heap Roots: 0.1ms
[2023-12-18T23:45:36.755+0100][15259.261s] GC(1047)   Evacuate Collection Set: 4.5ms
[2023-12-18T23:45:36.755+0100][15259.261s] GC(1047)   Post Evacuate Collection Set: 0.5ms
[2023-12-18T23:45:36.755+0100][15259.261s] GC(1047)   Other: 0.1ms
[2023-12-18T23:45:36.755+0100][15259.261s] GC(1047) Eden regions: 271->0(263)
[2023-12-18T23:45:36.755+0100][15259.261s] GC(1047) Survivor regions: 9->17(35)
[2023-12-18T23:45:36.755+0100][15259.261s] GC(1047) Old regions: 143->143
[2023-12-18T23:45:36.755+0100][15259.261s] GC(1047) Archive regions: 0->0
[2023-12-18T23:45:36.755+0100][15259.261s] GC(1047) Humongous regions: 4->4
[2023-12-18T23:45:36.755+0100][15259.261s] GC(1047) Metaspace: 63826K(64384K)->63826K(64384K) NonClass: 56774K(57024K)->56774K(57024K) Class: 7052K(7360K)->7052K(7360K)
[2023-12-18T23:45:36.755+0100][15259.261s] GC(1047) Pause Young (Concurrent Start) (G1 Evacuation Pause) 426M->163M(512M) 5.508ms
[2023-12-18T23:45:36.755+0100][15259.261s] GC(1048) Concurrent Mark Cycle
[2023-12-18T23:45:36.755+0100][15259.261s] GC(1047) User=0.00s Sys=0.00s Real=0.01s
[2023-12-18T23:45:36.755+0100][15259.261s] GC(1048) Concurrent Clear Claimed Marks
[2023-12-18T23:45:36.755+0100][15259.261s] GC(1048) Concurrent Clear Claimed Marks 0.062ms
[2023-12-18T23:45:36.755+0100][15259.261s] GC(1048) Concurrent Scan Root Regions
[2023-12-18T23:45:36.758+0100][15259.264s] GC(1048) Concurrent Scan Root Regions 2.906ms
[2023-12-18T23:45:36.758+0100][15259.264s] GC(1048) Concurrent Mark
[2023-12-18T23:45:36.758+0100][15259.264s] GC(1048) Concurrent Mark From Roots
[2023-12-18T23:45:36.758+0100][15259.264s] GC(1048) Using 3 workers of 3 for marking
[2023-12-18T23:45:36.782+0100][15259.288s] GC(1048) Concurrent Mark From Roots 23.295ms
[2023-12-18T23:45:36.782+0100][15259.288s] GC(1048) Concurrent Preclean
[2023-12-18T23:45:36.782+0100][15259.288s] GC(1048) Concurrent Preclean 0.213ms
[2023-12-18T23:45:36.782+0100][15259.288s] GC(1048) Pause Remark
[2023-12-18T23:45:36.786+0100][15259.292s] GC(1048) Pause Remark 195M->193M(512M) 4.201ms
[2023-12-18T23:45:36.786+0100][15259.292s] GC(1048) User=0.00s Sys=0.00s Real=0.00s
[2023-12-18T23:45:36.786+0100][15259.292s] GC(1048) Concurrent Mark 28.044ms
[2023-12-18T23:45:36.787+0100][15259.292s] GC(1048) Concurrent Rebuild Remembered Sets
[2023-12-18T23:45:36.803+0100][15259.309s] GC(1048) Concurrent Rebuild Remembered Sets 16.775ms
[2023-12-18T23:45:36.804+0100][15259.309s] GC(1048) Pause Cleanup
[2023-12-18T23:45:36.804+0100][15259.309s] GC(1048) Pause Cleanup 245M->245M(512M) 0.175ms
[2023-12-18T23:45:36.804+0100][15259.310s] GC(1048) User=0.00s Sys=0.00s Real=0.00s
[2023-12-18T23:45:36.804+0100][15259.310s] GC(1048) Concurrent Cleanup for Next Mark
[2023-12-18T23:45:36.805+0100][15259.310s] GC(1048) Concurrent Cleanup for Next Mark 0.863ms
[2023-12-18T23:45:36.805+0100][15259.310s] GC(1048) Concurrent Mark Cycle 49.286ms
[2023-12-18T23:45:36.970+0100][15259.475s] GC(1049) Pause Young (Prepare Mixed) (G1 Evacuation Pause)
[2023-12-18T23:45:36.970+0100][15259.476s] GC(1049) Using 10 workers of 10 for evacuation
[2023-12-18T23:45:36.973+0100][15259.478s] GC(1049)   Pre Evacuate Collection Set: 0.1ms
[2023-12-18T23:45:36.973+0100][15259.478s] GC(1049)   Merge Heap Roots: 0.1ms
[2023-12-18T23:45:36.973+0100][15259.478s] GC(1049)   Evacuate Collection Set: 2.0ms
[2023-12-18T23:45:36.973+0100][15259.478s] GC(1049)   Post Evacuate Collection Set: 0.3ms
[2023-12-18T23:45:36.973+0100][15259.478s] GC(1049)   Other: 0.1ms
[2023-12-18T23:45:36.973+0100][15259.478s] GC(1049) Eden regions: 263->0(17)
[2023-12-18T23:45:36.973+0100][15259.478s] GC(1049) Survivor regions: 17->8(35)
[2023-12-18T23:45:36.973+0100][15259.478s] GC(1049) Old regions: 141->141
[2023-12-18T23:45:36.973+0100][15259.478s] GC(1049) Archive regions: 0->0
[2023-12-18T23:45:36.973+0100][15259.478s] GC(1049) Humongous regions: 4->4
[2023-12-18T23:45:36.973+0100][15259.478s] GC(1049) Metaspace: 63826K(64384K)->63826K(64384K) NonClass: 56774K(57024K)->56774K(57024K) Class: 7052K(7360K)->7052K(7360K)
[2023-12-18T23:45:36.973+0100][15259.478s] GC(1049) Pause Young (Prepare Mixed) (G1 Evacuation Pause) 424M->152M(512M) 2.705ms
[2023-12-18T23:45:36.973+0100][15259.478s] GC(1049) User=0.00s Sys=0.00s Real=0.00s
[2023-12-18T23:45:36.998+0100][15259.503s] GC(1050) Pause Young (Mixed) (G1 Evacuation Pause)
[2023-12-18T23:45:36.998+0100][15259.503s] GC(1050) Using 10 workers of 10 for evacuation
[2023-12-18T23:45:37.002+0100][15259.507s] GC(1050)   Pre Evacuate Collection Set: 0.0ms
[2023-12-18T23:45:37.002+0100][15259.507s] GC(1050)   Merge Heap Roots: 0.1ms
[2023-12-18T23:45:37.002+0100][15259.507s] GC(1050)   Evacuate Collection Set: 3.5ms
[2023-12-18T23:45:37.002+0100][15259.507s] GC(1050)   Post Evacuate Collection Set: 0.3ms
[2023-12-18T23:45:37.002+0100][15259.507s] GC(1050)   Other: 0.1ms
[2023-12-18T23:45:37.002+0100][15259.507s] GC(1050) Eden regions: 17->0(279)
[2023-12-18T23:45:37.002+0100][15259.507s] GC(1050) Survivor regions: 8->4(4)
[2023-12-18T23:45:37.002+0100][15259.507s] GC(1050) Old regions: 141->140
[2023-12-18T23:45:37.002+0100][15259.507s] GC(1050) Archive regions: 0->0
[2023-12-18T23:45:37.002+0100][15259.507s] GC(1050) Humongous regions: 4->4
[2023-12-18T23:45:37.002+0100][15259.507s] GC(1050) Metaspace: 63826K(64384K)->63826K(64384K) NonClass: 56774K(57024K)->56774K(57024K) Class: 7052K(7360K)->7052K(7360K)
[2023-12-18T23:45:37.002+0100][15259.507s] GC(1050) Pause Young (Mixed) (G1 Evacuation Pause) 169M->147M(512M) 4.170ms
[2023-12-18T23:45:37.002+0100][15259.507s] GC(1050) User=0.14s Sys=0.00s Real=0.00s
[2023-12-18T23:45:37.363+0100][15259.869s] GC(1051) Pause Young (Normal) (G1 Evacuation Pause)
[2023-12-18T23:45:37.363+0100][15259.869s] GC(1051) Using 10 workers of 10 for evacuation
[2023-12-18T23:45:37.366+0100][15259.873s] GC(1051)   Pre Evacuate Collection Set: 0.1ms
[2023-12-18T23:45:37.367+0100][15259.873s] GC(1051)   Merge Heap Roots: 0.1ms
[2023-12-18T23:45:37.367+0100][15259.873s] GC(1051)   Evacuate Collection Set: 2.7ms
[2023-12-18T23:45:37.367+0100][15259.873s] GC(1051)   Post Evacuate Collection Set: 0.5ms
[2023-12-18T23:45:37.367+0100][15259.873s] GC(1051)   Other: 0.1ms
[2023-12-18T23:45:37.367+0100][15259.873s] GC(1051) Eden regions: 279->0(275)
[2023-12-18T23:45:37.367+0100][15259.873s] GC(1051) Survivor regions: 4->9(36)
[2023-12-18T23:45:37.367+0100][15259.873s] GC(1051) Old regions: 140->140
[2023-12-18T23:45:37.367+0100][15259.873s] GC(1051) Archive regions: 0->0
[2023-12-18T23:45:37.367+0100][15259.873s] GC(1051) Humongous regions: 4->4
[2023-12-18T23:45:37.367+0100][15259.873s] GC(1051) Metaspace: 63826K(64384K)->63826K(64384K) NonClass: 56774K(57024K)->56774K(57024K) Class: 7052K(7360K)->7052K(7360K)
[2023-12-18T23:45:37.367+0100][15259.873s] GC(1051) Pause Young (Normal) (G1 Evacuation Pause) 426M->151M(512M) 3.556ms
[2023-12-18T23:45:37.367+0100][15259.873s] GC(1051) User=0.00s Sys=0.00s Real=0.00s
[2023-12-18T23:45:37.590+0100][15260.095s] GC(1052) Pause Young (Normal) (G1 Evacuation Pause)
[2023-12-18T23:45:37.590+0100][15260.095s] GC(1052) Using 10 workers of 10 for evacuation
[2023-12-18T23:45:37.591+0100][15260.097s] GC(1052)   Pre Evacuate Collection Set: 0.1ms
[2023-12-18T23:45:37.591+0100][15260.097s] GC(1052)   Merge Heap Roots: 0.1ms
[2023-12-18T23:45:37.591+0100][15260.097s] GC(1052)   Evacuate Collection Set: 1.2ms
[2023-12-18T23:45:37.591+0100][15260.097s] GC(1052)   Post Evacuate Collection Set: 0.3ms
[2023-12-18T23:45:37.591+0100][15260.097s] GC(1052)   Other: 0.1ms
[2023-12-18T23:45:37.591+0100][15260.097s] GC(1052) Eden regions: 275->0(282)
[2023-12-18T23:45:37.591+0100][15260.097s] GC(1052) Survivor regions: 9->5(36)
[2023-12-18T23:45:37.591+0100][15260.097s] GC(1052) Old regions: 140->140
[2023-12-18T23:45:37.591+0100][15260.097s] GC(1052) Archive regions: 0->0
[2023-12-18T23:45:37.591+0100][15260.097s] GC(1052) Humongous regions: 4->4
[2023-12-18T23:45:37.591+0100][15260.097s] GC(1052) Metaspace: 63826K(64384K)->63826K(64384K) NonClass: 56774K(57024K)->56774K(57024K) Class: 7052K(7360K)->7052K(7360K)
[2023-12-18T23:45:37.591+0100][15260.097s] GC(1052) Pause Young (Normal) (G1 Evacuation Pause) 426M->147M(512M) 1.996ms
[2023-12-18T23:45:37.591+0100][15260.097s] GC(1052) User=0.00s Sys=0.00s Real=0.00s
[2023-12-18T23:45:37.920+0100][15260.426s] GC(1053) Pause Young (Concurrent Start) (G1 Evacuation Pause)
[2023-12-18T23:45:37.921+0100][15260.427s] GC(1053) Using 10 workers of 10 for evacuation
[2023-12-18T23:45:37.925+0100][15260.431s] GC(1053)   Pre Evacuate Collection Set: 0.1ms
[2023-12-18T23:45:37.925+0100][15260.431s] GC(1053)   Merge Heap Roots: 0.1ms
[2023-12-18T23:45:37.925+0100][15260.431s] GC(1053)   Evacuate Collection Set: 3.3ms
[2023-12-18T23:45:37.925+0100][15260.431s] GC(1053)   Post Evacuate Collection Set: 0.4ms
[2023-12-18T23:45:37.925+0100][15260.431s] GC(1053)   Other: 0.1ms
[2023-12-18T23:45:37.925+0100][15260.431s] GC(1053) Eden regions: 282->0(274)
[2023-12-18T23:45:37.925+0100][15260.431s] GC(1053) Survivor regions: 5->12(36)
[2023-12-18T23:45:37.925+0100][15260.431s] GC(1053) Old regions: 140->140
[2023-12-18T23:45:37.925+0100][15260.431s] GC(1053) Archive regions: 0->0
[2023-12-18T23:45:37.925+0100][15260.431s] GC(1053) Humongous regions: 4->4
[2023-12-18T23:45:37.925+0100][15260.431s] GC(1053) Metaspace: 63827K(64384K)->63827K(64384K) NonClass: 56774K(57024K)->56774K(57024K) Class: 7052K(7360K)->7052K(7360K)
[2023-12-18T23:45:37.925+0100][15260.431s] GC(1053) Pause Young (Concurrent Start) (G1 Evacuation Pause) 429M->154M(512M) 4.451ms
[2023-12-18T23:45:37.925+0100][15260.431s] GC(1054) Concurrent Mark Cycle
[2023-12-18T23:45:37.925+0100][15260.431s] GC(1053) User=0.16s Sys=0.00s Real=0.00s
[2023-12-18T23:45:37.925+0100][15260.431s] GC(1054) Concurrent Clear Claimed Marks
[2023-12-18T23:45:37.925+0100][15260.431s] GC(1054) Concurrent Clear Claimed Marks 0.108ms
[2023-12-18T23:45:37.925+0100][15260.431s] GC(1054) Concurrent Scan Root Regions
[2023-12-18T23:45:37.927+0100][15260.433s] GC(1054) Concurrent Scan Root Regions 2.280ms
[2023-12-18T23:45:37.927+0100][15260.433s] GC(1054) Concurrent Mark
[2023-12-18T23:45:37.927+0100][15260.433s] GC(1054) Concurrent Mark From Roots
[2023-12-18T23:45:37.927+0100][15260.433s] GC(1054) Using 3 workers of 3 for marking
[2023-12-18T23:45:37.954+0100][15260.459s] GC(1054) Concurrent Mark From Roots 26.174ms
[2023-12-18T23:45:37.954+0100][15260.460s] GC(1054) Concurrent Preclean
[2023-12-18T23:45:37.954+0100][15260.460s] GC(1054) Concurrent Preclean 0.162ms
[2023-12-18T23:45:37.954+0100][15260.460s] GC(1054) Pause Remark
[2023-12-18T23:45:37.958+0100][15260.463s] GC(1054) Pause Remark 166M->165M(512M) 3.526ms
[2023-12-18T23:45:37.958+0100][15260.463s] GC(1054) User=0.00s Sys=0.00s Real=0.00s
[2023-12-18T23:45:37.958+0100][15260.463s] GC(1054) Concurrent Mark 30.106ms
[2023-12-18T23:45:37.958+0100][15260.463s] GC(1054) Concurrent Rebuild Remembered Sets
[2023-12-18T23:45:37.972+0100][15260.477s] GC(1054) Concurrent Rebuild Remembered Sets 13.963ms
[2023-12-18T23:45:37.972+0100][15260.477s] GC(1054) Pause Cleanup
[2023-12-18T23:45:37.972+0100][15260.478s] GC(1054) Pause Cleanup 169M->169M(512M) 0.147ms
[2023-12-18T23:45:37.972+0100][15260.478s] GC(1054) User=0.00s Sys=0.00s Real=0.00s
[2023-12-18T23:45:37.972+0100][15260.478s] GC(1054) Concurrent Cleanup for Next Mark
[2023-12-18T23:45:37.973+0100][15260.478s] GC(1054) Concurrent Cleanup for Next Mark 0.581ms
[2023-12-18T23:45:37.973+0100][15260.478s] GC(1054) Concurrent Mark Cycle 47.430ms
[2023-12-18T23:45:38.257+0100][15260.763s] GC(1055) Pause Young (Prepare Mixed) (G1 Evacuation Pause)
[2023-12-18T23:45:38.257+0100][15260.763s] GC(1055) Using 10 workers of 10 for evacuation
[2023-12-18T23:45:38.263+0100][15260.768s] GC(1055)   Pre Evacuate Collection Set: 0.1ms
[2023-12-18T23:45:38.263+0100][15260.768s] GC(1055)   Merge Heap Roots: 0.1ms
[2023-12-18T23:45:38.263+0100][15260.768s] GC(1055)   Evacuate Collection Set: 4.9ms
[2023-12-18T23:45:38.263+0100][15260.768s] GC(1055)   Post Evacuate Collection Set: 0.4ms
[2023-12-18T23:45:38.263+0100][15260.768s] GC(1055)   Other: 0.1ms
[2023-12-18T23:45:38.263+0100][15260.768s] GC(1055) Eden regions: 274->0(8)
[2023-12-18T23:45:38.263+0100][15260.768s] GC(1055) Survivor regions: 12->17(36)
[2023-12-18T23:45:38.263+0100][15260.768s] GC(1055) Old regions: 139->139
[2023-12-18T23:45:38.263+0100][15260.768s] GC(1055) Archive regions: 0->0
[2023-12-18T23:45:38.263+0100][15260.768s] GC(1055) Humongous regions: 4->4
[2023-12-18T23:45:38.263+0100][15260.768s] GC(1055) Metaspace: 63836K(64384K)->63836K(64384K) NonClass: 56784K(57024K)->56784K(57024K) Class: 7052K(7360K)->7052K(7360K)
[2023-12-18T23:45:38.263+0100][15260.768s] GC(1055) Pause Young (Prepare Mixed) (G1 Evacuation Pause) 427M->159M(512M) 5.654ms
[2023-12-18T23:45:38.263+0100][15260.768s] GC(1055) User=0.00s Sys=0.00s Real=0.01s
[2023-12-18T23:45:38.266+0100][15260.771s] GC(1056) Pause Young (Mixed) (G1 Evacuation Pause)
[2023-12-18T23:45:38.266+0100][15260.771s] GC(1056) Using 10 workers of 10 for evacuation
[2023-12-18T23:45:38.271+0100][15260.776s] GC(1056)   Pre Evacuate Collection Set: 0.1ms
[2023-12-18T23:45:38.271+0100][15260.776s] GC(1056)   Merge Heap Roots: 0.1ms
[2023-12-18T23:45:38.271+0100][15260.776s] GC(1056)   Evacuate Collection Set: 4.7ms
[2023-12-18T23:45:38.271+0100][15260.776s] GC(1056)   Post Evacuate Collection Set: 0.3ms
[2023-12-18T23:45:38.271+0100][15260.776s] GC(1056)   Other: 0.1ms
[2023-12-18T23:45:38.271+0100][15260.776s] GC(1056) Eden regions: 8->0(277)
[2023-12-18T23:45:38.271+0100][15260.776s] GC(1056) Survivor regions: 17->2(4)
[2023-12-18T23:45:38.271+0100][15260.776s] GC(1056) Old regions: 139->146
[2023-12-18T23:45:38.271+0100][15260.776s] GC(1056) Archive regions: 0->0
[2023-12-18T23:45:38.271+0100][15260.776s] GC(1056) Humongous regions: 4->4
[2023-12-18T23:45:38.271+0100][15260.776s] GC(1056) Metaspace: 63836K(64384K)->63836K(64384K) NonClass: 56784K(57024K)->56784K(57024K) Class: 7052K(7360K)->7052K(7360K)
[2023-12-18T23:45:38.271+0100][15260.776s] GC(1056) Pause Young (Mixed) (G1 Evacuation Pause) 167M->151M(512M) 5.394ms
[2023-12-18T23:45:38.271+0100][15260.776s] GC(1056) User=0.16s Sys=0.00s Real=0.00s
[2023-12-18T23:45:38.559+0100][15261.064s] GC(1057) Pause Young (Normal) (G1 Evacuation Pause)
[2023-12-18T23:45:38.559+0100][15261.064s] GC(1057) Using 10 workers of 10 for evacuation
[2023-12-18T23:45:38.561+0100][15261.066s] GC(1057)   Pre Evacuate Collection Set: 0.1ms
[2023-12-18T23:45:38.561+0100][15261.066s] GC(1057)   Merge Heap Roots: 0.1ms
[2023-12-18T23:45:38.561+0100][15261.066s] GC(1057)   Evacuate Collection Set: 1.2ms
[2023-12-18T23:45:38.561+0100][15261.066s] GC(1057)   Post Evacuate Collection Set: 0.4ms
[2023-12-18T23:45:38.561+0100][15261.066s] GC(1057)   Other: 0.1ms
[2023-12-18T23:45:38.561+0100][15261.066s] GC(1057) Eden regions: 277->0(276)
[2023-12-18T23:45:38.561+0100][15261.066s] GC(1057) Survivor regions: 2->5(35)
[2023-12-18T23:45:38.561+0100][15261.066s] GC(1057) Old regions: 146->146
[2023-12-18T23:45:38.561+0100][15261.066s] GC(1057) Archive regions: 0->0
[2023-12-18T23:45:38.561+0100][15261.066s] GC(1057) Humongous regions: 4->4
[2023-12-18T23:45:38.561+0100][15261.066s] GC(1057) Metaspace: 63837K(64384K)->63837K(64384K) NonClass: 56785K(57024K)->56785K(57024K) Class: 7052K(7360K)->7052K(7360K)
[2023-12-18T23:45:38.561+0100][15261.066s] GC(1057) Pause Young (Normal) (G1 Evacuation Pause) 428M->154M(512M) 2.068ms
[2023-12-18T23:45:38.561+0100][15261.066s] GC(1057) User=0.00s Sys=0.00s Real=0.00s
[2023-12-18T23:45:38.906+0100][15261.411s] GC(1058) Pause Young (Normal) (G1 Evacuation Pause)
[2023-12-18T23:45:38.906+0100][15261.411s] GC(1058) Using 10 workers of 10 for evacuation
[2023-12-18T23:45:38.909+0100][15261.415s] GC(1058)   Pre Evacuate Collection Set: 0.1ms
[2023-12-18T23:45:38.909+0100][15261.415s] GC(1058)   Merge Heap Roots: 0.1ms
[2023-12-18T23:45:38.909+0100][15261.415s] GC(1058)   Evacuate Collection Set: 2.8ms
[2023-12-18T23:45:38.909+0100][15261.415s] GC(1058)   Post Evacuate Collection Set: 0.5ms
[2023-12-18T23:45:38.909+0100][15261.415s] GC(1058)   Other: 0.1ms
[2023-12-18T23:45:38.909+0100][15261.415s] GC(1058) Eden regions: 276->0(269)
[2023-12-18T23:45:38.909+0100][15261.415s] GC(1058) Survivor regions: 5->11(36)
[2023-12-18T23:45:38.909+0100][15261.415s] GC(1058) Old regions: 146->146
[2023-12-18T23:45:38.909+0100][15261.415s] GC(1058) Archive regions: 0->0
[2023-12-18T23:45:38.909+0100][15261.415s] GC(1058) Humongous regions: 4->4
[2023-12-18T23:45:38.909+0100][15261.415s] GC(1058) Metaspace: 63840K(64384K)->63840K(64384K) NonClass: 56787K(57024K)->56787K(57024K) Class: 7052K(7360K)->7052K(7360K)
[2023-12-18T23:45:38.909+0100][15261.415s] GC(1058) Pause Young (Normal) (G1 Evacuation Pause) 430M->160M(512M) 3.732ms
[2023-12-18T23:45:38.909+0100][15261.415s] GC(1058) User=0.14s Sys=0.00s Real=0.00s
[2023-12-18T23:45:39.238+0100][15261.743s] GC(1059) Pause Young (Concurrent Start) (G1 Evacuation Pause)
[2023-12-18T23:45:39.238+0100][15261.743s] GC(1059) Using 10 workers of 10 for evacuation
[2023-12-18T23:45:39.243+0100][15261.748s] GC(1059)   Pre Evacuate Collection Set: 0.2ms
[2023-12-18T23:45:39.243+0100][15261.748s] GC(1059)   Merge Heap Roots: 0.1ms
[2023-12-18T23:45:39.243+0100][15261.748s] GC(1059)   Evacuate Collection Set: 4.5ms
[2023-12-18T23:45:39.243+0100][15261.748s] GC(1059)   Post Evacuate Collection Set: 0.7ms
[2023-12-18T23:45:39.243+0100][15261.748s] GC(1059)   Other: 0.1ms
[2023-12-18T23:45:39.243+0100][15261.749s] GC(1059) Eden regions: 269->0(262)
[2023-12-18T23:45:39.243+0100][15261.749s] GC(1059) Survivor regions: 11->17(35)
[2023-12-18T23:45:39.243+0100][15261.749s] GC(1059) Old regions: 146->146
[2023-12-18T23:45:39.243+0100][15261.749s] GC(1059) Archive regions: 0->0
[2023-12-18T23:45:39.243+0100][15261.749s] GC(1059) Humongous regions: 4->4
[2023-12-18T23:45:39.243+0100][15261.749s] GC(1059) Metaspace: 63840K(64384K)->63840K(64384K) NonClass: 56787K(57024K)->56787K(57024K) Class: 7052K(7360K)->7052K(7360K)
[2023-12-18T23:45:39.243+0100][15261.749s] GC(1059) Pause Young (Concurrent Start) (G1 Evacuation Pause) 429M->166M(512M) 5.691ms
[2023-12-18T23:45:39.243+0100][15261.749s] GC(1059) User=0.00s Sys=0.00s Real=0.01s
[2023-12-18T23:45:39.243+0100][15261.749s] GC(1060) Concurrent Mark Cycle
[2023-12-18T23:45:39.243+0100][15261.749s] GC(1060) Concurrent Clear Claimed Marks
[2023-12-18T23:45:39.243+0100][15261.749s] GC(1060) Concurrent Clear Claimed Marks 0.030ms
[2023-12-18T23:45:39.243+0100][15261.749s] GC(1060) Concurrent Scan Root Regions
[2023-12-18T23:45:39.245+0100][15261.751s] GC(1060) Concurrent Scan Root Regions 2.375ms
[2023-12-18T23:45:39.245+0100][15261.751s] GC(1060) Concurrent Mark
[2023-12-18T23:45:39.245+0100][15261.751s] GC(1060) Concurrent Mark From Roots
[2023-12-18T23:45:39.245+0100][15261.751s] GC(1060) Using 3 workers of 3 for marking
[2023-12-18T23:45:39.270+0100][15261.775s] GC(1060) Concurrent Mark From Roots 24.300ms
[2023-12-18T23:45:39.270+0100][15261.775s] GC(1060) Concurrent Preclean
[2023-12-18T23:45:39.270+0100][15261.776s] GC(1060) Concurrent Preclean 0.210ms
[2023-12-18T23:45:39.271+0100][15261.776s] GC(1060) Pause Remark
[2023-12-18T23:45:39.274+0100][15261.780s] GC(1060) Pause Remark 251M->251M(512M) 4.455ms
[2023-12-18T23:45:39.274+0100][15261.780s] GC(1060) User=0.00s Sys=0.00s Real=0.00s
[2023-12-18T23:45:39.274+0100][15261.780s] GC(1060) Concurrent Mark 29.276ms
[2023-12-18T23:45:39.275+0100][15261.780s] GC(1060) Concurrent Rebuild Remembered Sets
[2023-12-18T23:45:39.294+0100][15261.800s] GC(1060) Concurrent Rebuild Remembered Sets 19.428ms
[2023-12-18T23:45:39.294+0100][15261.800s] GC(1060) Pause Cleanup
[2023-12-18T23:45:39.294+0100][15261.800s] GC(1060) Pause Cleanup 294M->294M(512M) 0.158ms
[2023-12-18T23:45:39.294+0100][15261.800s] GC(1060) User=0.00s Sys=0.00s Real=0.00s
[2023-12-18T23:45:39.294+0100][15261.800s] GC(1060) Concurrent Cleanup for Next Mark
[2023-12-18T23:45:39.295+0100][15261.801s] GC(1060) Concurrent Cleanup for Next Mark 0.624ms
[2023-12-18T23:45:39.295+0100][15261.801s] GC(1060) Concurrent Mark Cycle 52.147ms
[2023-12-18T23:45:39.500+0100][15262.005s] GC(1061) Pause Young (Prepare Mixed) (G1 Evacuation Pause)
[2023-12-18T23:45:39.500+0100][15262.005s] GC(1061) Using 10 workers of 10 for evacuation
[2023-12-18T23:45:39.502+0100][15262.008s] GC(1061)   Pre Evacuate Collection Set: 0.1ms
[2023-12-18T23:45:39.502+0100][15262.008s] GC(1061)   Merge Heap Roots: 0.1ms
[2023-12-18T23:45:39.502+0100][15262.008s] GC(1061)   Evacuate Collection Set: 1.6ms
[2023-12-18T23:45:39.502+0100][15262.008s] GC(1061)   Post Evacuate Collection Set: 0.5ms
[2023-12-18T23:45:39.502+0100][15262.008s] GC(1061)   Other: 0.1ms
[2023-12-18T23:45:39.502+0100][15262.008s] GC(1061) Eden regions: 262->0(18)
[2023-12-18T23:45:39.502+0100][15262.008s] GC(1061) Survivor regions: 17->7(35)
[2023-12-18T23:45:39.502+0100][15262.008s] GC(1061) Old regions: 146->146
[2023-12-18T23:45:39.502+0100][15262.008s] GC(1061) Archive regions: 0->0
[2023-12-18T23:45:39.502+0100][15262.008s] GC(1061) Humongous regions: 4->4
[2023-12-18T23:45:39.502+0100][15262.008s] GC(1061) Metaspace: 63840K(64384K)->63840K(64384K) NonClass: 56787K(57024K)->56787K(57024K) Class: 7052K(7360K)->7052K(7360K)
[2023-12-18T23:45:39.502+0100][15262.008s] GC(1061) Pause Young (Prepare Mixed) (G1 Evacuation Pause) 428M->156M(512M) 2.500ms
[2023-12-18T23:45:39.502+0100][15262.008s] GC(1061) User=0.16s Sys=0.00s Real=0.00s
[2023-12-18T23:45:39.529+0100][15262.035s] GC(1062) Pause Young (Mixed) (G1 Evacuation Pause)
[2023-12-18T23:45:39.529+0100][15262.035s] GC(1062) Using 10 workers of 10 for evacuation
[2023-12-18T23:45:39.532+0100][15262.037s] GC(1062)   Pre Evacuate Collection Set: 0.1ms
[2023-12-18T23:45:39.532+0100][15262.037s] GC(1062)   Merge Heap Roots: 0.1ms
[2023-12-18T23:45:39.532+0100][15262.037s] GC(1062)   Evacuate Collection Set: 1.9ms
[2023-12-18T23:45:39.532+0100][15262.037s] GC(1062)   Post Evacuate Collection Set: 0.3ms
[2023-12-18T23:45:39.532+0100][15262.037s] GC(1062)   Other: 0.1ms
[2023-12-18T23:45:39.532+0100][15262.037s] GC(1062) Eden regions: 18->0(282)
[2023-12-18T23:45:39.532+0100][15262.037s] GC(1062) Survivor regions: 7->2(4)
[2023-12-18T23:45:39.532+0100][15262.037s] GC(1062) Old regions: 146->144
[2023-12-18T23:45:39.532+0100][15262.037s] GC(1062) Archive regions: 0->0
[2023-12-18T23:45:39.532+0100][15262.037s] GC(1062) Humongous regions: 4->4
[2023-12-18T23:45:39.532+0100][15262.037s] GC(1062) Metaspace: 63840K(64384K)->63840K(64384K) NonClass: 56787K(57024K)->56787K(57024K) Class: 7052K(7360K)->7052K(7360K)
[2023-12-18T23:45:39.532+0100][15262.037s] GC(1062) Pause Young (Mixed) (G1 Evacuation Pause) 174M->148M(512M) 2.596ms
[2023-12-18T23:45:39.532+0100][15262.037s] GC(1062) User=0.02s Sys=0.00s Real=0.00s
[2023-12-18T23:45:39.869+0100][15262.374s] GC(1063) Pause Young (Normal) (G1 Evacuation Pause)
[2023-12-18T23:45:39.869+0100][15262.374s] GC(1063) Using 10 workers of 10 for evacuation
[2023-12-18T23:45:39.871+0100][15262.376s] GC(1063)   Pre Evacuate Collection Set: 0.1ms
[2023-12-18T23:45:39.871+0100][15262.376s] GC(1063)   Merge Heap Roots: 0.1ms
[2023-12-18T23:45:39.871+0100][15262.376s] GC(1063)   Evacuate Collection Set: 1.5ms
[2023-12-18T23:45:39.871+0100][15262.376s] GC(1063)   Post Evacuate Collection Set: 0.4ms
[2023-12-18T23:45:39.871+0100][15262.376s] GC(1063)   Other: 0.1ms
[2023-12-18T23:45:39.871+0100][15262.376s] GC(1063) Eden regions: 282->0(279)
[2023-12-18T23:45:39.871+0100][15262.376s] GC(1063) Survivor regions: 2->6(36)
[2023-12-18T23:45:39.871+0100][15262.376s] GC(1063) Old regions: 144->144
[2023-12-18T23:45:39.871+0100][15262.376s] GC(1063) Archive regions: 0->0
[2023-12-18T23:45:39.871+0100][15262.376s] GC(1063) Humongous regions: 4->4
[2023-12-18T23:45:39.871+0100][15262.376s] GC(1063) Metaspace: 63840K(64384K)->63840K(64384K) NonClass: 56787K(57024K)->56787K(57024K) Class: 7052K(7360K)->7052K(7360K)
[2023-12-18T23:45:39.871+0100][15262.376s] GC(1063) Pause Young (Normal) (G1 Evacuation Pause) 430M->152M(512M) 2.449ms
[2023-12-18T23:45:39.871+0100][15262.376s] GC(1063) User=0.00s Sys=0.00s Real=0.00s
[2023-12-18T23:45:40.331+0100][15262.837s] GC(1064) Pause Young (Normal) (G1 Evacuation Pause)
[2023-12-18T23:45:40.331+0100][15262.837s] GC(1064) Using 10 workers of 10 for evacuation
[2023-12-18T23:45:40.334+0100][15262.840s] GC(1064)   Pre Evacuate Collection Set: 0.1ms
[2023-12-18T23:45:40.334+0100][15262.840s] GC(1064)   Merge Heap Roots: 0.1ms
[2023-12-18T23:45:40.334+0100][15262.840s] GC(1064)   Evacuate Collection Set: 3.1ms
[2023-12-18T23:45:40.335+0100][15262.840s] GC(1064)   Post Evacuate Collection Set: 0.3ms
[2023-12-18T23:45:40.335+0100][15262.840s] GC(1064)   Other: 0.1ms
[2023-12-18T23:45:40.335+0100][15262.840s] GC(1064) Eden regions: 279->0(270)
[2023-12-18T23:45:40.335+0100][15262.840s] GC(1064) Survivor regions: 6->13(36)
[2023-12-18T23:45:40.335+0100][15262.840s] GC(1064) Old regions: 144->144
[2023-12-18T23:45:40.335+0100][15262.840s] GC(1064) Archive regions: 0->0
[2023-12-18T23:45:40.335+0100][15262.840s] GC(1064) Humongous regions: 4->4
[2023-12-18T23:45:40.335+0100][15262.840s] GC(1064) Metaspace: 63840K(64384K)->63840K(64384K) NonClass: 56787K(57024K)->56787K(57024K) Class: 7052K(7360K)->7052K(7360K)
[2023-12-18T23:45:40.335+0100][15262.840s] GC(1064) Pause Young (Normal) (G1 Evacuation Pause) 431M->159M(512M) 3.790ms
[2023-12-18T23:45:40.335+0100][15262.840s] GC(1064) User=0.00s Sys=0.00s Real=0.00s
[2023-12-18T23:45:40.546+0100][15263.052s] GC(1065) Pause Young (Concurrent Start) (G1 Evacuation Pause)
[2023-12-18T23:45:40.546+0100][15263.052s] GC(1065) Using 10 workers of 10 for evacuation
[2023-12-18T23:45:40.552+0100][15263.057s] GC(1065)   Pre Evacuate Collection Set: 0.2ms
[2023-12-18T23:45:40.552+0100][15263.057s] GC(1065)   Merge Heap Roots: 0.1ms
[2023-12-18T23:45:40.552+0100][15263.057s] GC(1065)   Evacuate Collection Set: 3.9ms
[2023-12-18T23:45:40.552+0100][15263.057s] GC(1065)   Post Evacuate Collection Set: 0.7ms
[2023-12-18T23:45:40.552+0100][15263.057s] GC(1065)   Other: 0.1ms
[2023-12-18T23:45:40.552+0100][15263.057s] GC(1065) Eden regions: 270->0(269)
[2023-12-18T23:45:40.552+0100][15263.057s] GC(1065) Survivor regions: 13->15(36)
[2023-12-18T23:45:40.552+0100][15263.057s] GC(1065) Old regions: 144->144
[2023-12-18T23:45:40.552+0100][15263.057s] GC(1065) Archive regions: 0->0
[2023-12-18T23:45:40.552+0100][15263.057s] GC(1065) Humongous regions: 4->4
[2023-12-18T23:45:40.552+0100][15263.057s] GC(1065) Metaspace: 63840K(64384K)->63840K(64384K) NonClass: 56787K(57024K)->56787K(57024K) Class: 7052K(7360K)->7052K(7360K)
[2023-12-18T23:45:40.552+0100][15263.057s] GC(1065) Pause Young (Concurrent Start) (G1 Evacuation Pause) 429M->161M(512M) 5.258ms
[2023-12-18T23:45:40.552+0100][15263.057s] GC(1065) User=0.16s Sys=0.00s Real=0.01s
[2023-12-18T23:45:40.552+0100][15263.057s] GC(1066) Concurrent Mark Cycle
[2023-12-18T23:45:40.552+0100][15263.057s] GC(1066) Concurrent Clear Claimed Marks
[2023-12-18T23:45:40.552+0100][15263.057s] GC(1066) Concurrent Clear Claimed Marks 0.058ms
[2023-12-18T23:45:40.552+0100][15263.057s] GC(1066) Concurrent Scan Root Regions
[2023-12-18T23:45:40.554+0100][15263.060s] GC(1066) Concurrent Scan Root Regions 2.411ms
[2023-12-18T23:45:40.554+0100][15263.060s] GC(1066) Concurrent Mark
[2023-12-18T23:45:40.554+0100][15263.060s] GC(1066) Concurrent Mark From Roots
[2023-12-18T23:45:40.554+0100][15263.060s] GC(1066) Using 3 workers of 3 for marking
[2023-12-18T23:45:40.582+0100][15263.087s] GC(1066) Concurrent Mark From Roots 27.578ms
[2023-12-18T23:45:40.582+0100][15263.087s] GC(1066) Concurrent Preclean
[2023-12-18T23:45:40.582+0100][15263.088s] GC(1066) Concurrent Preclean 0.220ms
[2023-12-18T23:45:40.582+0100][15263.088s] GC(1066) Pause Remark
[2023-12-18T23:45:40.585+0100][15263.091s] GC(1066) Pause Remark 190M->189M(512M) 3.407ms
[2023-12-18T23:45:40.586+0100][15263.091s] GC(1066) User=0.00s Sys=0.00s Real=0.00s
[2023-12-18T23:45:40.586+0100][15263.091s] GC(1066) Concurrent Mark 31.413ms
[2023-12-18T23:45:40.586+0100][15263.091s] GC(1066) Concurrent Rebuild Remembered Sets
[2023-12-18T23:45:40.600+0100][15263.106s] GC(1066) Concurrent Rebuild Remembered Sets 14.377ms
[2023-12-18T23:45:40.600+0100][15263.106s] GC(1066) Pause Cleanup
[2023-12-18T23:45:40.601+0100][15263.106s] GC(1066) Pause Cleanup 196M->196M(512M) 0.235ms
[2023-12-18T23:45:40.601+0100][15263.106s] GC(1066) User=0.00s Sys=0.00s Real=0.00s
[2023-12-18T23:45:40.601+0100][15263.106s] GC(1066) Concurrent Cleanup for Next Mark
[2023-12-18T23:45:40.601+0100][15263.107s] GC(1066) Concurrent Cleanup for Next Mark 0.680ms
[2023-12-18T23:45:40.601+0100][15263.107s] GC(1066) Concurrent Mark Cycle 49.494ms
[2023-12-18T23:45:40.857+0100][15263.363s] GC(1067) Pause Young (Prepare Mixed) (G1 Evacuation Pause)
[2023-12-18T23:45:40.857+0100][15263.363s] GC(1067) Using 10 workers of 10 for evacuation
[2023-12-18T23:45:40.862+0100][15263.367s] GC(1067)   Pre Evacuate Collection Set: 0.1ms
[2023-12-18T23:45:40.862+0100][15263.367s] GC(1067)   Merge Heap Roots: 0.1ms
[2023-12-18T23:45:40.862+0100][15263.367s] GC(1067)   Evacuate Collection Set: 3.0ms
[2023-12-18T23:45:40.862+0100][15263.367s] GC(1067)   Post Evacuate Collection Set: 0.7ms
[2023-12-18T23:45:40.862+0100][15263.367s] GC(1067)   Other: 0.1ms
[2023-12-18T23:45:40.862+0100][15263.367s] GC(1067) Eden regions: 269->0(14)
[2023-12-18T23:45:40.862+0100][15263.367s] GC(1067) Survivor regions: 15->11(36)
[2023-12-18T23:45:40.862+0100][15263.367s] GC(1067) Old regions: 143->143
[2023-12-18T23:45:40.862+0100][15263.367s] GC(1067) Archive regions: 0->0
[2023-12-18T23:45:40.862+0100][15263.367s] GC(1067) Humongous regions: 4->4
[2023-12-18T23:45:40.862+0100][15263.367s] GC(1067) Metaspace: 63840K(64384K)->63840K(64384K) NonClass: 56787K(57024K)->56787K(57024K) Class: 7052K(7360K)->7052K(7360K)
[2023-12-18T23:45:40.862+0100][15263.367s] GC(1067) Pause Young (Prepare Mixed) (G1 Evacuation Pause) 429M->157M(512M) 4.176ms
[2023-12-18T23:45:40.862+0100][15263.367s] GC(1067) User=0.16s Sys=0.00s Real=0.00s
[2023-12-18T23:45:40.902+0100][15263.407s] GC(1068) Pause Young (Mixed) (G1 Evacuation Pause)
[2023-12-18T23:45:40.902+0100][15263.407s] GC(1068) Using 10 workers of 10 for evacuation
[2023-12-18T23:45:40.904+0100][15263.411s] GC(1068)   Pre Evacuate Collection Set: 0.1ms
[2023-12-18T23:45:40.905+0100][15263.411s] GC(1068)   Merge Heap Roots: 0.1ms
[2023-12-18T23:45:40.905+0100][15263.411s] GC(1068)   Evacuate Collection Set: 2.5ms
[2023-12-18T23:45:40.905+0100][15263.411s] GC(1068)   Post Evacuate Collection Set: 0.4ms
[2023-12-18T23:45:40.905+0100][15263.411s] GC(1068)   Other: 0.1ms
[2023-12-18T23:45:40.905+0100][15263.411s] GC(1068) Eden regions: 14->0(281)
[2023-12-18T23:45:40.905+0100][15263.411s] GC(1068) Survivor regions: 11->2(4)
[2023-12-18T23:45:40.905+0100][15263.411s] GC(1068) Old regions: 143->142
[2023-12-18T23:45:40.905+0100][15263.411s] GC(1068) Archive regions: 0->0
[2023-12-18T23:45:40.905+0100][15263.411s] GC(1068) Humongous regions: 4->4
[2023-12-18T23:45:40.905+0100][15263.411s] GC(1068) Metaspace: 63840K(64384K)->63840K(64384K) NonClass: 56787K(57024K)->56787K(57024K) Class: 7052K(7360K)->7052K(7360K)
[2023-12-18T23:45:40.905+0100][15263.411s] GC(1068) Pause Young (Mixed) (G1 Evacuation Pause) 171M->147M(512M) 3.410ms
[2023-12-18T23:45:40.905+0100][15263.411s] GC(1068) User=0.00s Sys=0.00s Real=0.00s
[2023-12-18T23:45:41.249+0100][15263.754s] GC(1069) Pause Young (Normal) (G1 Evacuation Pause)
[2023-12-18T23:45:41.249+0100][15263.754s] GC(1069) Using 10 workers of 10 for evacuation
[2023-12-18T23:45:41.252+0100][15263.758s] GC(1069)   Pre Evacuate Collection Set: 0.1ms
[2023-12-18T23:45:41.252+0100][15263.758s] GC(1069)   Merge Heap Roots: 0.1ms
[2023-12-18T23:45:41.252+0100][15263.758s] GC(1069)   Evacuate Collection Set: 3.0ms
[2023-12-18T23:45:41.252+0100][15263.758s] GC(1069)   Post Evacuate Collection Set: 0.4ms
[2023-12-18T23:45:41.252+0100][15263.758s] GC(1069)   Other: 0.1ms
[2023-12-18T23:45:41.252+0100][15263.758s] GC(1069) Eden regions: 281->0(271)
[2023-12-18T23:45:41.253+0100][15263.758s] GC(1069) Survivor regions: 2->11(36)
[2023-12-18T23:45:41.253+0100][15263.758s] GC(1069) Old regions: 142->142
[2023-12-18T23:45:41.253+0100][15263.758s] GC(1069) Archive regions: 0->0
[2023-12-18T23:45:41.253+0100][15263.758s] GC(1069) Humongous regions: 4->4
[2023-12-18T23:45:41.253+0100][15263.758s] GC(1069) Metaspace: 63840K(64384K)->63840K(64384K) NonClass: 56787K(57024K)->56787K(57024K) Class: 7052K(7360K)->7052K(7360K)
[2023-12-18T23:45:41.253+0100][15263.758s] GC(1069) Pause Young (Normal) (G1 Evacuation Pause) 428M->155M(512M) 3.837ms
[2023-12-18T23:45:41.253+0100][15263.758s] GC(1069) User=0.16s Sys=0.00s Real=0.00s
[2023-12-18T23:45:41.462+0100][15263.967s] GC(1070) Pause Young (Normal) (G1 Evacuation Pause)
[2023-12-18T23:45:41.462+0100][15263.967s] GC(1070) Using 10 workers of 10 for evacuation
[2023-12-18T23:45:41.464+0100][15263.970s] GC(1070)   Pre Evacuate Collection Set: 0.1ms
[2023-12-18T23:45:41.464+0100][15263.970s] GC(1070)   Merge Heap Roots: 0.1ms
[2023-12-18T23:45:41.464+0100][15263.970s] GC(1070)   Evacuate Collection Set: 2.1ms
[2023-12-18T23:45:41.464+0100][15263.970s] GC(1070)   Post Evacuate Collection Set: 0.4ms
[2023-12-18T23:45:41.464+0100][15263.970s] GC(1070)   Other: 0.1ms
[2023-12-18T23:45:41.464+0100][15263.970s] GC(1070) Eden regions: 271->0(275)
[2023-12-18T23:45:41.464+0100][15263.970s] GC(1070) Survivor regions: 11->8(36)
[2023-12-18T23:45:41.464+0100][15263.970s] GC(1070) Old regions: 142->142
[2023-12-18T23:45:41.464+0100][15263.970s] GC(1070) Archive regions: 0->0
[2023-12-18T23:45:41.464+0100][15263.970s] GC(1070) Humongous regions: 4->4
[2023-12-18T23:45:41.464+0100][15263.970s] GC(1070) Metaspace: 63840K(64384K)->63840K(64384K) NonClass: 56787K(57024K)->56787K(57024K) Class: 7052K(7360K)->7052K(7360K)
[2023-12-18T23:45:41.464+0100][15263.970s] GC(1070) Pause Young (Normal) (G1 Evacuation Pause) 426M->153M(512M) 2.962ms
[2023-12-18T23:45:41.464+0100][15263.970s] GC(1070) User=0.00s Sys=0.00s Real=0.00s
[2023-12-18T23:45:41.816+0100][15264.322s] GC(1071) Pause Young (Concurrent Start) (G1 Evacuation Pause)
[2023-12-18T23:45:41.816+0100][15264.322s] GC(1071) Using 10 workers of 10 for evacuation
[2023-12-18T23:45:41.821+0100][15264.327s] GC(1071)   Pre Evacuate Collection Set: 0.1ms
[2023-12-18T23:45:41.821+0100][15264.327s] GC(1071)   Merge Heap Roots: 0.1ms
[2023-12-18T23:45:41.821+0100][15264.327s] GC(1071)   Evacuate Collection Set: 3.8ms
[2023-12-18T23:45:41.821+0100][15264.327s] GC(1071)   Post Evacuate Collection Set: 0.5ms
[2023-12-18T23:45:41.821+0100][15264.327s] GC(1071)   Other: 0.1ms
[2023-12-18T23:45:41.821+0100][15264.327s] GC(1071) Eden regions: 275->0(266)
[2023-12-18T23:45:41.821+0100][15264.327s] GC(1071) Survivor regions: 8->15(36)
[2023-12-18T23:45:41.821+0100][15264.327s] GC(1071) Old regions: 142->142
[2023-12-18T23:45:41.821+0100][15264.327s] GC(1071) Archive regions: 0->0
[2023-12-18T23:45:41.821+0100][15264.327s] GC(1071) Humongous regions: 4->4
[2023-12-18T23:45:41.821+0100][15264.327s] GC(1071) Metaspace: 63840K(64384K)->63840K(64384K) NonClass: 56787K(57024K)->56787K(57024K) Class: 7052K(7360K)->7052K(7360K)
[2023-12-18T23:45:41.821+0100][15264.327s] GC(1071) Pause Young (Concurrent Start) (G1 Evacuation Pause) 428M->159M(512M) 5.002ms
[2023-12-18T23:45:41.821+0100][15264.327s] GC(1072) Concurrent Mark Cycle
[2023-12-18T23:45:41.821+0100][15264.327s] GC(1071) User=0.00s Sys=0.00s Real=0.01s
[2023-12-18T23:45:41.821+0100][15264.327s] GC(1072) Concurrent Clear Claimed Marks
[2023-12-18T23:45:41.821+0100][15264.327s] GC(1072) Concurrent Clear Claimed Marks 0.066ms
[2023-12-18T23:45:41.821+0100][15264.327s] GC(1072) Concurrent Scan Root Regions
[2023-12-18T23:45:41.823+0100][15264.329s] GC(1072) Concurrent Scan Root Regions 2.039ms
[2023-12-18T23:45:41.823+0100][15264.329s] GC(1072) Concurrent Mark
[2023-12-18T23:45:41.823+0100][15264.329s] GC(1072) Concurrent Mark From Roots
[2023-12-18T23:45:41.823+0100][15264.329s] GC(1072) Using 3 workers of 3 for marking
[2023-12-18T23:45:41.852+0100][15264.357s] GC(1072) Concurrent Mark From Roots 28.031ms
[2023-12-18T23:45:41.852+0100][15264.357s] GC(1072) Concurrent Preclean
[2023-12-18T23:45:41.852+0100][15264.357s] GC(1072) Concurrent Preclean 0.178ms
[2023-12-18T23:45:41.852+0100][15264.358s] GC(1072) Pause Remark
[2023-12-18T23:45:41.855+0100][15264.361s] GC(1072) Pause Remark 198M->197M(512M) 3.256ms
[2023-12-18T23:45:41.855+0100][15264.361s] GC(1072) User=0.00s Sys=0.00s Real=0.00s
[2023-12-18T23:45:41.855+0100][15264.361s] GC(1072) Concurrent Mark 31.717ms
[2023-12-18T23:45:41.855+0100][15264.361s] GC(1072) Concurrent Rebuild Remembered Sets
[2023-12-18T23:45:41.870+0100][15264.376s] GC(1072) Concurrent Rebuild Remembered Sets 14.838ms
[2023-12-18T23:45:41.871+0100][15264.376s] GC(1072) Pause Cleanup
[2023-12-18T23:45:41.871+0100][15264.376s] GC(1072) Pause Cleanup 223M->223M(512M) 0.235ms
[2023-12-18T23:45:41.871+0100][15264.376s] GC(1072) User=0.00s Sys=0.00s Real=0.00s
[2023-12-18T23:45:41.871+0100][15264.376s] GC(1072) Concurrent Cleanup for Next Mark
[2023-12-18T23:45:41.872+0100][15264.377s] GC(1072) Concurrent Cleanup for Next Mark 0.828ms
[2023-12-18T23:45:41.872+0100][15264.377s] GC(1072) Concurrent Mark Cycle 50.163ms
[2023-12-18T23:45:42.025+0100][15264.531s] GC(1073) Pause Young (Prepare Mixed) (G1 Evacuation Pause)
[2023-12-18T23:45:42.025+0100][15264.531s] GC(1073) Using 10 workers of 10 for evacuation
[2023-12-18T23:45:42.028+0100][15264.533s] GC(1073)   Pre Evacuate Collection Set: 0.1ms
[2023-12-18T23:45:42.028+0100][15264.533s] GC(1073)   Merge Heap Roots: 0.1ms
[2023-12-18T23:45:42.028+0100][15264.533s] GC(1073)   Evacuate Collection Set: 1.9ms
[2023-12-18T23:45:42.028+0100][15264.533s] GC(1073)   Post Evacuate Collection Set: 0.5ms
[2023-12-18T23:45:42.028+0100][15264.533s] GC(1073)   Other: 0.1ms
[2023-12-18T23:45:42.028+0100][15264.533s] GC(1073) Eden regions: 266->0(17)
[2023-12-18T23:45:42.028+0100][15264.533s] GC(1073) Survivor regions: 15->8(36)
[2023-12-18T23:45:42.028+0100][15264.533s] GC(1073) Old regions: 141->141
[2023-12-18T23:45:42.028+0100][15264.533s] GC(1073) Archive regions: 0->0
[2023-12-18T23:45:42.028+0100][15264.533s] GC(1073) Humongous regions: 4->4
[2023-12-18T23:45:42.028+0100][15264.533s] GC(1073) Metaspace: 63840K(64384K)->63840K(64384K) NonClass: 56787K(57024K)->56787K(57024K) Class: 7052K(7360K)->7052K(7360K)
[2023-12-18T23:45:42.028+0100][15264.533s] GC(1073) Pause Young (Prepare Mixed) (G1 Evacuation Pause) 424M->152M(512M) 2.824ms
[2023-12-18T23:45:42.028+0100][15264.533s] GC(1073) User=0.00s Sys=0.00s Real=0.00s
[2023-12-18T23:45:42.037+0100][15264.543s] GC(1074) Pause Young (Mixed) (G1 Evacuation Pause)
[2023-12-18T23:45:42.037+0100][15264.543s] GC(1074) Using 10 workers of 10 for evacuation
[2023-12-18T23:45:42.040+0100][15264.545s] GC(1074)   Pre Evacuate Collection Set: 0.0ms
[2023-12-18T23:45:42.040+0100][15264.545s] GC(1074)   Merge Heap Roots: 0.0ms
[2023-12-18T23:45:42.040+0100][15264.545s] GC(1074)   Evacuate Collection Set: 2.3ms
[2023-12-18T23:45:42.040+0100][15264.545s] GC(1074)   Post Evacuate Collection Set: 0.2ms
[2023-12-18T23:45:42.040+0100][15264.545s] GC(1074)   Other: 0.1ms
[2023-12-18T23:45:42.040+0100][15264.545s] GC(1074) Eden regions: 17->0(285)
[2023-12-18T23:45:42.040+0100][15264.545s] GC(1074) Survivor regions: 8->2(4)
[2023-12-18T23:45:42.040+0100][15264.545s] GC(1074) Old regions: 141->138
[2023-12-18T23:45:42.040+0100][15264.545s] GC(1074) Archive regions: 0->0
[2023-12-18T23:45:42.040+0100][15264.545s] GC(1074) Humongous regions: 4->4
[2023-12-18T23:45:42.040+0100][15264.545s] GC(1074) Metaspace: 63840K(64384K)->63840K(64384K) NonClass: 56787K(57024K)->56787K(57024K) Class: 7052K(7360K)->7052K(7360K)
[2023-12-18T23:45:42.040+0100][15264.546s] GC(1074) Pause Young (Mixed) (G1 Evacuation Pause) 169M->143M(512M) 2.831ms
[2023-12-18T23:45:42.040+0100][15264.546s] GC(1074) User=0.00s Sys=0.00s Real=0.00s
[2023-12-18T23:45:42.407+0100][15264.912s] GC(1075) Pause Young (Normal) (G1 Evacuation Pause)
[2023-12-18T23:45:42.407+0100][15264.912s] GC(1075) Using 10 workers of 10 for evacuation
[2023-12-18T23:45:42.410+0100][15264.915s] GC(1075)   Pre Evacuate Collection Set: 0.0ms
[2023-12-18T23:45:42.410+0100][15264.915s] GC(1075)   Merge Heap Roots: 0.0ms
[2023-12-18T23:45:42.410+0100][15264.915s] GC(1075)   Evacuate Collection Set: 2.6ms
[2023-12-18T23:45:42.410+0100][15264.915s] GC(1075)   Post Evacuate Collection Set: 0.3ms
[2023-12-18T23:45:42.410+0100][15264.915s] GC(1075)   Other: 0.1ms
[2023-12-18T23:45:42.410+0100][15264.915s] GC(1075) Eden regions: 285->0(277)
[2023-12-18T23:45:42.410+0100][15264.915s] GC(1075) Survivor regions: 2->9(36)
[2023-12-18T23:45:42.410+0100][15264.915s] GC(1075) Old regions: 138->138
[2023-12-18T23:45:42.410+0100][15264.915s] GC(1075) Archive regions: 0->0
[2023-12-18T23:45:42.410+0100][15264.915s] GC(1075) Humongous regions: 4->4
[2023-12-18T23:45:42.410+0100][15264.915s] GC(1075) Metaspace: 63840K(64384K)->63840K(64384K) NonClass: 56787K(57024K)->56787K(57024K) Class: 7052K(7360K)->7052K(7360K)
[2023-12-18T23:45:42.410+0100][15264.915s] GC(1075) Pause Young (Normal) (G1 Evacuation Pause) 428M->150M(512M) 3.192ms
[2023-12-18T23:45:42.410+0100][15264.915s] GC(1075) User=0.00s Sys=0.00s Real=0.00s
[2023-12-18T23:45:42.771+0100][15265.276s] GC(1076) Pause Young (Normal) (G1 Evacuation Pause)
[2023-12-18T23:45:42.771+0100][15265.276s] GC(1076) Using 10 workers of 10 for evacuation
[2023-12-18T23:45:42.775+0100][15265.281s] GC(1076)   Pre Evacuate Collection Set: 0.1ms
[2023-12-18T23:45:42.775+0100][15265.281s] GC(1076)   Merge Heap Roots: 0.1ms
[2023-12-18T23:45:42.775+0100][15265.281s] GC(1076)   Evacuate Collection Set: 3.7ms
[2023-12-18T23:45:42.775+0100][15265.281s] GC(1076)   Post Evacuate Collection Set: 0.5ms
[2023-12-18T23:45:42.775+0100][15265.281s] GC(1076)   Other: 0.1ms
[2023-12-18T23:45:42.775+0100][15265.281s] GC(1076) Eden regions: 277->0(272)
[2023-12-18T23:45:42.775+0100][15265.281s] GC(1076) Survivor regions: 9->14(36)
[2023-12-18T23:45:42.775+0100][15265.281s] GC(1076) Old regions: 138->138
[2023-12-18T23:45:42.775+0100][15265.281s] GC(1076) Archive regions: 0->0
[2023-12-18T23:45:42.775+0100][15265.281s] GC(1076) Humongous regions: 4->4
[2023-12-18T23:45:42.775+0100][15265.281s] GC(1076) Metaspace: 63840K(64384K)->63840K(64384K) NonClass: 56787K(57024K)->56787K(57024K) Class: 7052K(7360K)->7052K(7360K)
[2023-12-18T23:45:42.775+0100][15265.281s] GC(1076) Pause Young (Normal) (G1 Evacuation Pause) 427M->155M(512M) 4.679ms
[2023-12-18T23:45:42.775+0100][15265.281s] GC(1076) User=0.00s Sys=0.00s Real=0.00s
[2023-12-18T23:45:43.013+0100][15265.519s] GC(1077) Pause Young (Concurrent Start) (G1 Evacuation Pause)
[2023-12-18T23:45:43.013+0100][15265.519s] GC(1077) Using 10 workers of 10 for evacuation
[2023-12-18T23:45:43.017+0100][15265.522s] GC(1077)   Pre Evacuate Collection Set: 0.1ms
[2023-12-18T23:45:43.017+0100][15265.522s] GC(1077)   Merge Heap Roots: 0.1ms
[2023-12-18T23:45:43.017+0100][15265.522s] GC(1077)   Evacuate Collection Set: 2.6ms
[2023-12-18T23:45:43.017+0100][15265.522s] GC(1077)   Post Evacuate Collection Set: 0.5ms
[2023-12-18T23:45:43.017+0100][15265.522s] GC(1077)   Other: 0.1ms
[2023-12-18T23:45:43.017+0100][15265.522s] GC(1077) Eden regions: 272->0(278)
[2023-12-18T23:45:43.017+0100][15265.522s] GC(1077) Survivor regions: 14->10(36)
[2023-12-18T23:45:43.017+0100][15265.522s] GC(1077) Old regions: 138->138
[2023-12-18T23:45:43.017+0100][15265.522s] GC(1077) Archive regions: 0->0
[2023-12-18T23:45:43.017+0100][15265.522s] GC(1077) Humongous regions: 4->4
[2023-12-18T23:45:43.017+0100][15265.522s] GC(1077) Metaspace: 63840K(64384K)->63840K(64384K) NonClass: 56787K(57024K)->56787K(57024K) Class: 7052K(7360K)->7052K(7360K)
[2023-12-18T23:45:43.017+0100][15265.523s] GC(1077) Pause Young (Concurrent Start) (G1 Evacuation Pause) 427M->151M(512M) 3.455ms
[2023-12-18T23:45:43.017+0100][15265.523s] GC(1078) Concurrent Mark Cycle
[2023-12-18T23:45:43.017+0100][15265.523s] GC(1077) User=0.16s Sys=0.00s Real=0.00s
[2023-12-18T23:45:43.017+0100][15265.523s] GC(1078) Concurrent Clear Claimed Marks
[2023-12-18T23:45:43.017+0100][15265.523s] GC(1078) Concurrent Clear Claimed Marks 0.102ms
[2023-12-18T23:45:43.017+0100][15265.523s] GC(1078) Concurrent Scan Root Regions
[2023-12-18T23:45:43.018+0100][15265.524s] GC(1078) Concurrent Scan Root Regions 1.471ms
[2023-12-18T23:45:43.018+0100][15265.524s] GC(1078) Concurrent Mark
[2023-12-18T23:45:43.018+0100][15265.524s] GC(1078) Concurrent Mark From Roots
[2023-12-18T23:45:43.018+0100][15265.524s] GC(1078) Using 3 workers of 3 for marking
[2023-12-18T23:45:43.041+0100][15265.547s] GC(1078) Concurrent Mark From Roots 22.455ms
[2023-12-18T23:45:43.041+0100][15265.547s] GC(1078) Concurrent Preclean
[2023-12-18T23:45:43.041+0100][15265.547s] GC(1078) Concurrent Preclean 0.177ms
[2023-12-18T23:45:43.041+0100][15265.547s] GC(1078) Pause Remark
[2023-12-18T23:45:43.046+0100][15265.551s] GC(1078) Pause Remark 184M->181M(512M) 4.345ms
[2023-12-18T23:45:43.046+0100][15265.551s] GC(1078) User=0.00s Sys=0.00s Real=0.01s
[2023-12-18T23:45:43.046+0100][15265.551s] GC(1078) Concurrent Mark 27.275ms
[2023-12-18T23:45:43.046+0100][15265.551s] GC(1078) Concurrent Rebuild Remembered Sets
[2023-12-18T23:45:43.061+0100][15265.567s] GC(1078) Concurrent Rebuild Remembered Sets 15.234ms
[2023-12-18T23:45:43.061+0100][15265.567s] GC(1078) Pause Cleanup
[2023-12-18T23:45:43.061+0100][15265.567s] GC(1078) Pause Cleanup 185M->185M(512M) 0.143ms
[2023-12-18T23:45:43.061+0100][15265.567s] GC(1078) User=0.00s Sys=0.00s Real=0.00s
[2023-12-18T23:45:43.061+0100][15265.567s] GC(1078) Concurrent Cleanup for Next Mark
[2023-12-18T23:45:43.062+0100][15265.568s] GC(1078) Concurrent Cleanup for Next Mark 0.649ms
[2023-12-18T23:45:43.062+0100][15265.568s] GC(1078) Concurrent Mark Cycle 45.155ms
[2023-12-18T23:45:43.367+0100][15265.873s] GC(1079) Pause Young (Prepare Mixed) (G1 Evacuation Pause)
[2023-12-18T23:45:43.367+0100][15265.873s] GC(1079) Using 10 workers of 10 for evacuation
[2023-12-18T23:45:43.372+0100][15265.878s] GC(1079)   Pre Evacuate Collection Set: 0.1ms
[2023-12-18T23:45:43.372+0100][15265.878s] GC(1079)   Merge Heap Roots: 0.1ms
[2023-12-18T23:45:43.372+0100][15265.878s] GC(1079)   Evacuate Collection Set: 4.2ms
[2023-12-18T23:45:43.372+0100][15265.878s] GC(1079)   Post Evacuate Collection Set: 0.5ms
[2023-12-18T23:45:43.372+0100][15265.878s] GC(1079)   Other: 0.1ms
[2023-12-18T23:45:43.372+0100][15265.878s] GC(1079) Eden regions: 278->0(10)
[2023-12-18T23:45:43.372+0100][15265.878s] GC(1079) Survivor regions: 10->15(36)
[2023-12-18T23:45:43.372+0100][15265.878s] GC(1079) Old regions: 135->135
[2023-12-18T23:45:43.372+0100][15265.878s] GC(1079) Archive regions: 0->0
[2023-12-18T23:45:43.372+0100][15265.878s] GC(1079) Humongous regions: 4->4
[2023-12-18T23:45:43.372+0100][15265.878s] GC(1079) Metaspace: 63840K(64384K)->63840K(64384K) NonClass: 56787K(57024K)->56787K(57024K) Class: 7052K(7360K)->7052K(7360K)
[2023-12-18T23:45:43.372+0100][15265.878s] GC(1079) Pause Young (Prepare Mixed) (G1 Evacuation Pause) 426M->153M(512M) 5.161ms
[2023-12-18T23:45:43.372+0100][15265.878s] GC(1079) User=0.00s Sys=0.00s Real=0.00s
[2023-12-18T23:45:43.385+0100][15265.891s] GC(1080) Pause Young (Mixed) (G1 Evacuation Pause)
[2023-12-18T23:45:43.385+0100][15265.891s] GC(1080) Using 10 workers of 10 for evacuation
[2023-12-18T23:45:43.390+0100][15265.896s] GC(1080)   Pre Evacuate Collection Set: 0.8ms
[2023-12-18T23:45:43.390+0100][15265.896s] GC(1080)   Merge Heap Roots: 0.1ms
[2023-12-18T23:45:43.390+0100][15265.896s] GC(1080)   Evacuate Collection Set: 3.6ms
[2023-12-18T23:45:43.390+0100][15265.896s] GC(1080)   Post Evacuate Collection Set: 0.4ms
[2023-12-18T23:45:43.390+0100][15265.896s] GC(1080)   Other: 0.1ms
[2023-12-18T23:45:43.390+0100][15265.896s] GC(1080) Eden regions: 10->0(282)
[2023-12-18T23:45:43.390+0100][15265.896s] GC(1080) Survivor regions: 15->1(4)
[2023-12-18T23:45:43.390+0100][15265.896s] GC(1080) Old regions: 135->141
[2023-12-18T23:45:43.390+0100][15265.896s] GC(1080) Archive regions: 0->0
[2023-12-18T23:45:43.390+0100][15265.896s] GC(1080) Humongous regions: 4->4
[2023-12-18T23:45:43.390+0100][15265.896s] GC(1080) Metaspace: 63840K(64384K)->63840K(64384K) NonClass: 56787K(57024K)->56787K(57024K) Class: 7052K(7360K)->7052K(7360K)
[2023-12-18T23:45:43.390+0100][15265.896s] GC(1080) Pause Young (Mixed) (G1 Evacuation Pause) 163M->145M(512M) 5.116ms
[2023-12-18T23:45:43.390+0100][15265.896s] GC(1080) User=0.00s Sys=0.00s Real=0.01s
[2023-12-18T23:45:43.657+0100][15266.162s] GC(1081) Pause Young (Normal) (G1 Evacuation Pause)
[2023-12-18T23:45:43.657+0100][15266.162s] GC(1081) Using 10 workers of 10 for evacuation
[2023-12-18T23:45:43.658+0100][15266.164s] GC(1081)   Pre Evacuate Collection Set: 0.1ms
[2023-12-18T23:45:43.658+0100][15266.164s] GC(1081)   Merge Heap Roots: 0.1ms
[2023-12-18T23:45:43.658+0100][15266.164s] GC(1081)   Evacuate Collection Set: 1.1ms
[2023-12-18T23:45:43.658+0100][15266.164s] GC(1081)   Post Evacuate Collection Set: 0.4ms
[2023-12-18T23:45:43.658+0100][15266.164s] GC(1081)   Other: 0.1ms
[2023-12-18T23:45:43.658+0100][15266.164s] GC(1081) Eden regions: 282->0(285)
[2023-12-18T23:45:43.658+0100][15266.164s] GC(1081) Survivor regions: 1->3(36)
[2023-12-18T23:45:43.658+0100][15266.164s] GC(1081) Old regions: 141->141
[2023-12-18T23:45:43.658+0100][15266.164s] GC(1081) Archive regions: 0->0
[2023-12-18T23:45:43.658+0100][15266.164s] GC(1081) Humongous regions: 4->4
[2023-12-18T23:45:43.658+0100][15266.164s] GC(1081) Metaspace: 63840K(64384K)->63840K(64384K) NonClass: 56787K(57024K)->56787K(57024K) Class: 7052K(7360K)->7052K(7360K)
[2023-12-18T23:45:43.658+0100][15266.164s] GC(1081) Pause Young (Normal) (G1 Evacuation Pause) 427M->147M(512M) 1.945ms
[2023-12-18T23:45:43.659+0100][15266.164s] GC(1081) User=0.00s Sys=0.00s Real=0.00s
[2023-12-18T23:45:44.021+0100][15266.527s] GC(1082) Pause Young (Normal) (G1 Evacuation Pause)
[2023-12-18T23:45:44.021+0100][15266.527s] GC(1082) Using 10 workers of 10 for evacuation
[2023-12-18T23:45:44.025+0100][15266.531s] GC(1082)   Pre Evacuate Collection Set: 0.1ms
[2023-12-18T23:45:44.025+0100][15266.531s] GC(1082)   Merge Heap Roots: 0.1ms
[2023-12-18T23:45:44.025+0100][15266.531s] GC(1082)   Evacuate Collection Set: 3.4ms
[2023-12-18T23:45:44.025+0100][15266.531s] GC(1082)   Post Evacuate Collection Set: 0.4ms
[2023-12-18T23:45:44.025+0100][15266.531s] GC(1082)   Other: 0.1ms
[2023-12-18T23:45:44.025+0100][15266.531s] GC(1082) Eden regions: 285->0(274)
[2023-12-18T23:45:44.025+0100][15266.531s] GC(1082) Survivor regions: 3->12(36)
[2023-12-18T23:45:44.025+0100][15266.531s] GC(1082) Old regions: 141->141
[2023-12-18T23:45:44.025+0100][15266.531s] GC(1082) Archive regions: 0->0
[2023-12-18T23:45:44.025+0100][15266.531s] GC(1082) Humongous regions: 4->4
[2023-12-18T23:45:44.025+0100][15266.531s] GC(1082) Metaspace: 63840K(64384K)->63840K(64384K) NonClass: 56787K(57024K)->56787K(57024K) Class: 7052K(7360K)->7052K(7360K)
[2023-12-18T23:45:44.025+0100][15266.531s] GC(1082) Pause Young (Normal) (G1 Evacuation Pause) 432M->155M(512M) 4.180ms
[2023-12-18T23:45:44.025+0100][15266.531s] GC(1082) User=0.00s Sys=0.00s Real=0.00s
[2023-12-18T23:45:44.365+0100][15266.870s] GC(1083) Pause Young (Concurrent Start) (G1 Evacuation Pause)
[2023-12-18T23:45:44.365+0100][15266.870s] GC(1083) Using 10 workers of 10 for evacuation
[2023-12-18T23:45:44.371+0100][15266.876s] GC(1083)   Pre Evacuate Collection Set: 0.2ms
[2023-12-18T23:45:44.371+0100][15266.876s] GC(1083)   Merge Heap Roots: 0.1ms
[2023-12-18T23:45:44.371+0100][15266.876s] GC(1083)   Evacuate Collection Set: 4.6ms
[2023-12-18T23:45:44.371+0100][15266.876s] GC(1083)   Post Evacuate Collection Set: 0.7ms
[2023-12-18T23:45:44.371+0100][15266.876s] GC(1083)   Other: 0.1ms
[2023-12-18T23:45:44.371+0100][15266.876s] GC(1083) Eden regions: 274->0(266)
[2023-12-18T23:45:44.371+0100][15266.876s] GC(1083) Survivor regions: 12->18(36)
[2023-12-18T23:45:44.371+0100][15266.876s] GC(1083) Old regions: 141->141
[2023-12-18T23:45:44.371+0100][15266.876s] GC(1083) Archive regions: 0->0
[2023-12-18T23:45:44.371+0100][15266.876s] GC(1083) Humongous regions: 4->4
[2023-12-18T23:45:44.371+0100][15266.876s] GC(1083) Metaspace: 63840K(64384K)->63840K(64384K) NonClass: 56787K(57024K)->56787K(57024K) Class: 7052K(7360K)->7052K(7360K)
[2023-12-18T23:45:44.371+0100][15266.876s] GC(1083) Pause Young (Concurrent Start) (G1 Evacuation Pause) 429M->161M(512M) 5.899ms
[2023-12-18T23:45:44.371+0100][15266.876s] GC(1083) User=0.00s Sys=0.00s Real=0.01s
[2023-12-18T23:45:44.371+0100][15266.876s] GC(1084) Concurrent Mark Cycle
[2023-12-18T23:45:44.371+0100][15266.876s] GC(1084) Concurrent Clear Claimed Marks
[2023-12-18T23:45:44.371+0100][15266.876s] GC(1084) Concurrent Clear Claimed Marks 0.069ms
[2023-12-18T23:45:44.371+0100][15266.876s] GC(1084) Concurrent Scan Root Regions
[2023-12-18T23:45:44.373+0100][15266.879s] GC(1084) Concurrent Scan Root Regions 2.343ms
[2023-12-18T23:45:44.373+0100][15266.879s] GC(1084) Concurrent Mark
[2023-12-18T23:45:44.373+0100][15266.879s] GC(1084) Concurrent Mark From Roots
[2023-12-18T23:45:44.373+0100][15266.879s] GC(1084) Using 3 workers of 3 for marking
[2023-12-18T23:45:44.400+0100][15266.905s] GC(1084) Concurrent Mark From Roots 26.327ms
[2023-12-18T23:45:44.400+0100][15266.905s] GC(1084) Concurrent Preclean
[2023-12-18T23:45:44.400+0100][15266.905s] GC(1084) Concurrent Preclean 0.272ms
[2023-12-18T23:45:44.400+0100][15266.906s] GC(1084) Pause Remark
[2023-12-18T23:45:44.404+0100][15266.909s] GC(1084) Pause Remark 246M->246M(512M) 3.748ms
[2023-12-18T23:45:44.404+0100][15266.909s] GC(1084) User=0.00s Sys=0.00s Real=0.00s
[2023-12-18T23:45:44.404+0100][15266.909s] GC(1084) Concurrent Mark 30.661ms
[2023-12-18T23:45:44.404+0100][15266.909s] GC(1084) Concurrent Rebuild Remembered Sets
[2023-12-18T23:45:44.425+0100][15266.930s] GC(1084) Concurrent Rebuild Remembered Sets 20.561ms
[2023-12-18T23:45:44.425+0100][15266.930s] GC(1084) Pause Cleanup
[2023-12-18T23:45:44.425+0100][15266.930s] GC(1084) Pause Cleanup 275M->275M(512M) 0.201ms
[2023-12-18T23:45:44.425+0100][15266.930s] GC(1084) User=0.00s Sys=0.00s Real=0.00s
[2023-12-18T23:45:44.425+0100][15266.930s] GC(1084) Concurrent Cleanup for Next Mark
[2023-12-18T23:45:44.426+0100][15266.931s] GC(1084) Concurrent Cleanup for Next Mark 0.793ms
[2023-12-18T23:45:44.426+0100][15266.931s] GC(1084) Concurrent Mark Cycle 55.048ms
[2023-12-18T23:45:44.699+0100][15267.204s] GC(1085) Pause Young (Prepare Mixed) (G1 Evacuation Pause)
[2023-12-18T23:45:44.699+0100][15267.204s] GC(1085) Using 10 workers of 10 for evacuation
[2023-12-18T23:45:44.701+0100][15267.206s] GC(1085)   Pre Evacuate Collection Set: 0.1ms
[2023-12-18T23:45:44.701+0100][15267.206s] GC(1085)   Merge Heap Roots: 0.1ms
[2023-12-18T23:45:44.701+0100][15267.206s] GC(1085)   Evacuate Collection Set: 1.2ms
[2023-12-18T23:45:44.701+0100][15267.206s] GC(1085)   Post Evacuate Collection Set: 0.4ms
[2023-12-18T23:45:44.701+0100][15267.206s] GC(1085)   Other: 0.1ms
[2023-12-18T23:45:44.701+0100][15267.206s] GC(1085) Eden regions: 266->0(20)
[2023-12-18T23:45:44.701+0100][15267.206s] GC(1085) Survivor regions: 18->5(36)
[2023-12-18T23:45:44.701+0100][15267.206s] GC(1085) Old regions: 141->141
[2023-12-18T23:45:44.701+0100][15267.206s] GC(1085) Archive regions: 0->0
[2023-12-18T23:45:44.701+0100][15267.206s] GC(1085) Humongous regions: 4->4
[2023-12-18T23:45:44.701+0100][15267.206s] GC(1085) Metaspace: 63840K(64384K)->63840K(64384K) NonClass: 56787K(57024K)->56787K(57024K) Class: 7052K(7360K)->7052K(7360K)
[2023-12-18T23:45:44.701+0100][15267.206s] GC(1085) Pause Young (Prepare Mixed) (G1 Evacuation Pause) 427M->149M(512M) 2.095ms
[2023-12-18T23:45:44.701+0100][15267.206s] GC(1085) User=0.00s Sys=0.00s Real=0.00s
[2023-12-18T23:45:44.729+0100][15267.235s] GC(1086) Pause Young (Mixed) (G1 Evacuation Pause)
[2023-12-18T23:45:44.729+0100][15267.235s] GC(1086) Using 10 workers of 10 for evacuation
[2023-12-18T23:45:44.731+0100][15267.237s] GC(1086)   Pre Evacuate Collection Set: 0.1ms
[2023-12-18T23:45:44.731+0100][15267.237s] GC(1086)   Merge Heap Roots: 0.1ms
[2023-12-18T23:45:44.731+0100][15267.237s] GC(1086)   Evacuate Collection Set: 1.8ms
[2023-12-18T23:45:44.731+0100][15267.237s] GC(1086)   Post Evacuate Collection Set: 0.5ms
[2023-12-18T23:45:44.731+0100][15267.237s] GC(1086)   Other: 0.1ms
[2023-12-18T23:45:44.731+0100][15267.237s] GC(1086) Eden regions: 20->0(289)
[2023-12-18T23:45:44.731+0100][15267.237s] GC(1086) Survivor regions: 5->2(4)
[2023-12-18T23:45:44.731+0100][15267.237s] GC(1086) Old regions: 141->137
[2023-12-18T23:45:44.731+0100][15267.237s] GC(1086) Archive regions: 0->0
[2023-12-18T23:45:44.731+0100][15267.237s] GC(1086) Humongous regions: 4->4
[2023-12-18T23:45:44.731+0100][15267.237s] GC(1086) Metaspace: 63840K(64384K)->63840K(64384K) NonClass: 56787K(57024K)->56787K(57024K) Class: 7052K(7360K)->7052K(7360K)
[2023-12-18T23:45:44.731+0100][15267.237s] GC(1086) Pause Young (Mixed) (G1 Evacuation Pause) 169M->141M(512M) 2.809ms
[2023-12-18T23:45:44.731+0100][15267.237s] GC(1086) User=0.00s Sys=0.00s Real=0.00s
[2023-12-18T23:45:45.059+0100][15267.565s] GC(1087) Pause Young (Normal) (G1 Evacuation Pause)
[2023-12-18T23:45:45.059+0100][15267.565s] GC(1087) Using 10 workers of 10 for evacuation
[2023-12-18T23:45:45.062+0100][15267.568s] GC(1087)   Pre Evacuate Collection Set: 0.1ms
[2023-12-18T23:45:45.062+0100][15267.568s] GC(1087)   Merge Heap Roots: 0.1ms
[2023-12-18T23:45:45.062+0100][15267.568s] GC(1087)   Evacuate Collection Set: 2.6ms
[2023-12-18T23:45:45.062+0100][15267.568s] GC(1087)   Post Evacuate Collection Set: 0.4ms
[2023-12-18T23:45:45.062+0100][15267.568s] GC(1087)   Other: 0.1ms
[2023-12-18T23:45:45.062+0100][15267.568s] GC(1087) Eden regions: 289->0(280)
[2023-12-18T23:45:45.062+0100][15267.568s] GC(1087) Survivor regions: 2->10(37)
[2023-12-18T23:45:45.062+0100][15267.568s] GC(1087) Old regions: 137->137
[2023-12-18T23:45:45.062+0100][15267.568s] GC(1087) Archive regions: 0->0
[2023-12-18T23:45:45.062+0100][15267.568s] GC(1087) Humongous regions: 4->4
[2023-12-18T23:45:45.062+0100][15267.568s] GC(1087) Metaspace: 63840K(64384K)->63840K(64384K) NonClass: 56787K(57024K)->56787K(57024K) Class: 7052K(7360K)->7052K(7360K)
[2023-12-18T23:45:45.062+0100][15267.568s] GC(1087) Pause Young (Normal) (G1 Evacuation Pause) 430M->150M(512M) 3.523ms
[2023-12-18T23:45:45.062+0100][15267.568s] GC(1087) User=0.00s Sys=0.00s Real=0.00s
[2023-12-18T23:45:45.328+0100][15267.834s] GC(1088) Pause Young (Normal) (G1 Evacuation Pause)
[2023-12-18T23:45:45.328+0100][15267.834s] GC(1088) Using 10 workers of 10 for evacuation
[2023-12-18T23:45:45.334+0100][15267.840s] GC(1088)   Pre Evacuate Collection Set: 0.1ms
[2023-12-18T23:45:45.334+0100][15267.840s] GC(1088)   Merge Heap Roots: 0.1ms
[2023-12-18T23:45:45.334+0100][15267.840s] GC(1088)   Evacuate Collection Set: 4.7ms
[2023-12-18T23:45:45.334+0100][15267.840s] GC(1088)   Post Evacuate Collection Set: 0.6ms
[2023-12-18T23:45:45.334+0100][15267.840s] GC(1088)   Other: 0.1ms
[2023-12-18T23:45:45.334+0100][15267.840s] GC(1088) Eden regions: 280->0(272)
[2023-12-18T23:45:45.334+0100][15267.840s] GC(1088) Survivor regions: 10->16(37)
[2023-12-18T23:45:45.334+0100][15267.840s] GC(1088) Old regions: 137->137
[2023-12-18T23:45:45.334+0100][15267.840s] GC(1088) Archive regions: 0->0
[2023-12-18T23:45:45.334+0100][15267.840s] GC(1088) Humongous regions: 4->4
[2023-12-18T23:45:45.334+0100][15267.840s] GC(1088) Metaspace: 63840K(64384K)->63840K(64384K) NonClass: 56787K(57024K)->56787K(57024K) Class: 7052K(7360K)->7052K(7360K)
[2023-12-18T23:45:45.334+0100][15267.840s] GC(1088) Pause Young (Normal) (G1 Evacuation Pause) 430M->156M(512M) 5.818ms
[2023-12-18T23:45:45.334+0100][15267.840s] GC(1088) User=0.00s Sys=0.00s Real=0.01s
[2023-12-18T23:45:45.641+0100][15268.146s] GC(1089) Pause Young (Concurrent Start) (G1 Evacuation Pause)
[2023-12-18T23:45:45.641+0100][15268.146s] GC(1089) Using 10 workers of 10 for evacuation
[2023-12-18T23:45:45.646+0100][15268.151s] GC(1089)   Pre Evacuate Collection Set: 0.2ms
[2023-12-18T23:45:45.646+0100][15268.151s] GC(1089)   Merge Heap Roots: 0.1ms
[2023-12-18T23:45:45.646+0100][15268.151s] GC(1089)   Evacuate Collection Set: 3.7ms
[2023-12-18T23:45:45.646+0100][15268.151s] GC(1089)   Post Evacuate Collection Set: 0.7ms
[2023-12-18T23:45:45.646+0100][15268.151s] GC(1089)   Other: 0.1ms
[2023-12-18T23:45:45.646+0100][15268.151s] GC(1089) Eden regions: 272->0(280)
[2023-12-18T23:45:45.646+0100][15268.151s] GC(1089) Survivor regions: 16->9(36)
[2023-12-18T23:45:45.646+0100][15268.151s] GC(1089) Old regions: 137->137
[2023-12-18T23:45:45.646+0100][15268.151s] GC(1089) Archive regions: 0->0
[2023-12-18T23:45:45.646+0100][15268.151s] GC(1089) Humongous regions: 4->4
[2023-12-18T23:45:45.646+0100][15268.151s] GC(1089) Metaspace: 63840K(64384K)->63840K(64384K) NonClass: 56787K(57024K)->56787K(57024K) Class: 7052K(7360K)->7052K(7360K)
[2023-12-18T23:45:45.646+0100][15268.151s] GC(1089) Pause Young (Concurrent Start) (G1 Evacuation Pause) 428M->149M(512M) 5.026ms
[2023-12-18T23:45:45.646+0100][15268.151s] GC(1090) Concurrent Mark Cycle
[2023-12-18T23:45:45.646+0100][15268.151s] GC(1089) User=0.00s Sys=0.00s Real=0.00s
[2023-12-18T23:45:45.646+0100][15268.151s] GC(1090) Concurrent Clear Claimed Marks
[2023-12-18T23:45:45.646+0100][15268.151s] GC(1090) Concurrent Clear Claimed Marks 0.091ms
[2023-12-18T23:45:45.646+0100][15268.151s] GC(1090) Concurrent Scan Root Regions
[2023-12-18T23:45:45.647+0100][15268.153s] GC(1090) Concurrent Scan Root Regions 1.477ms
[2023-12-18T23:45:45.647+0100][15268.153s] GC(1090) Concurrent Mark
[2023-12-18T23:45:45.647+0100][15268.153s] GC(1090) Concurrent Mark From Roots
[2023-12-18T23:45:45.647+0100][15268.153s] GC(1090) Using 3 workers of 3 for marking
[2023-12-18T23:45:45.670+0100][15268.175s] GC(1090) Concurrent Mark From Roots 22.110ms
[2023-12-18T23:45:45.670+0100][15268.175s] GC(1090) Concurrent Preclean
[2023-12-18T23:45:45.670+0100][15268.175s] GC(1090) Concurrent Preclean 0.176ms
[2023-12-18T23:45:45.670+0100][15268.175s] GC(1090) Pause Remark
[2023-12-18T23:45:45.673+0100][15268.179s] GC(1090) Pause Remark 159M->153M(512M) 3.861ms
[2023-12-18T23:45:45.674+0100][15268.179s] GC(1090) User=0.00s Sys=0.00s Real=0.00s
[2023-12-18T23:45:45.674+0100][15268.179s] GC(1090) Concurrent Mark 26.359ms
[2023-12-18T23:45:45.674+0100][15268.179s] GC(1090) Concurrent Rebuild Remembered Sets
[2023-12-18T23:45:45.689+0100][15268.195s] GC(1090) Concurrent Rebuild Remembered Sets 15.584ms
[2023-12-18T23:45:45.689+0100][15268.195s] GC(1090) Pause Cleanup
[2023-12-18T23:45:45.689+0100][15268.195s] GC(1090) Pause Cleanup 184M->184M(512M) 0.144ms
[2023-12-18T23:45:45.689+0100][15268.195s] GC(1090) User=0.00s Sys=0.00s Real=0.00s
[2023-12-18T23:45:45.690+0100][15268.195s] GC(1090) Concurrent Cleanup for Next Mark
[2023-12-18T23:45:45.690+0100][15268.196s] GC(1090) Concurrent Cleanup for Next Mark 0.747ms
[2023-12-18T23:45:45.690+0100][15268.196s] GC(1090) Concurrent Mark Cycle 44.704ms
[2023-12-18T23:45:46.036+0100][15268.542s] GC(1091) Pause Young (Prepare Mixed) (G1 Evacuation Pause)
[2023-12-18T23:45:46.036+0100][15268.542s] GC(1091) Using 10 workers of 10 for evacuation
[2023-12-18T23:45:46.041+0100][15268.546s] GC(1091)   Pre Evacuate Collection Set: 0.1ms
[2023-12-18T23:45:46.041+0100][15268.546s] GC(1091)   Merge Heap Roots: 0.1ms
[2023-12-18T23:45:46.041+0100][15268.546s] GC(1091)   Evacuate Collection Set: 3.5ms
[2023-12-18T23:45:46.041+0100][15268.546s] GC(1091)   Post Evacuate Collection Set: 0.5ms
[2023-12-18T23:45:46.041+0100][15268.546s] GC(1091)   Other: 0.1ms
[2023-12-18T23:45:46.041+0100][15268.546s] GC(1091) Eden regions: 280->0(11)
[2023-12-18T23:45:46.041+0100][15268.546s] GC(1091) Survivor regions: 9->14(37)
[2023-12-18T23:45:46.041+0100][15268.546s] GC(1091) Old regions: 131->131
[2023-12-18T23:45:46.041+0100][15268.546s] GC(1091) Archive regions: 0->0
[2023-12-18T23:45:46.041+0100][15268.546s] GC(1091) Humongous regions: 4->4
[2023-12-18T23:45:46.041+0100][15268.546s] GC(1091) Metaspace: 63840K(64384K)->63840K(64384K) NonClass: 56787K(57024K)->56787K(57024K) Class: 7052K(7360K)->7052K(7360K)
[2023-12-18T23:45:46.041+0100][15268.546s] GC(1091) Pause Young (Prepare Mixed) (G1 Evacuation Pause) 423M->148M(512M) 4.501ms
[2023-12-18T23:45:46.041+0100][15268.546s] GC(1091) User=0.00s Sys=0.00s Real=0.00s
[2023-12-18T23:45:46.056+0100][15268.562s] GC(1092) Pause Young (Mixed) (G1 Evacuation Pause)
[2023-12-18T23:45:46.056+0100][15268.562s] GC(1092) Using 10 workers of 10 for evacuation
[2023-12-18T23:45:46.062+0100][15268.568s] GC(1092)   Pre Evacuate Collection Set: 0.1ms
[2023-12-18T23:45:46.063+0100][15268.568s] GC(1092)   Merge Heap Roots: 0.1ms
[2023-12-18T23:45:46.063+0100][15268.568s] GC(1092)   Evacuate Collection Set: 5.6ms
[2023-12-18T23:45:46.063+0100][15268.568s] GC(1092)   Post Evacuate Collection Set: 0.5ms
[2023-12-18T23:45:46.063+0100][15268.568s] GC(1092)   Other: 0.1ms
[2023-12-18T23:45:46.063+0100][15268.568s] GC(1092) Eden regions: 11->0(278)
[2023-12-18T23:45:46.063+0100][15268.568s] GC(1092) Survivor regions: 14->4(4)
[2023-12-18T23:45:46.063+0100][15268.568s] GC(1092) Old regions: 131->139
[2023-12-18T23:45:46.063+0100][15268.568s] GC(1092) Archive regions: 0->0
[2023-12-18T23:45:46.063+0100][15268.568s] GC(1092) Humongous regions: 4->4
[2023-12-18T23:45:46.063+0100][15268.568s] GC(1092) Metaspace: 63840K(64384K)->63840K(64384K) NonClass: 56787K(57024K)->56787K(57024K) Class: 7052K(7360K)->7052K(7360K)
[2023-12-18T23:45:46.063+0100][15268.568s] GC(1092) Pause Young (Mixed) (G1 Evacuation Pause) 159M->146M(512M) 6.549ms
[2023-12-18T23:45:46.063+0100][15268.568s] GC(1092) User=0.02s Sys=0.00s Real=0.01s
[2023-12-18T23:45:46.281+0100][15268.787s] GC(1093) Pause Young (Normal) (G1 Evacuation Pause)
[2023-12-18T23:45:46.281+0100][15268.787s] GC(1093) Using 10 workers of 10 for evacuation
[2023-12-18T23:45:46.283+0100][15268.789s] GC(1093)   Pre Evacuate Collection Set: 0.1ms
[2023-12-18T23:45:46.283+0100][15268.789s] GC(1093)   Merge Heap Roots: 0.1ms
[2023-12-18T23:45:46.284+0100][15268.789s] GC(1093)   Evacuate Collection Set: 1.9ms
[2023-12-18T23:45:46.284+0100][15268.789s] GC(1093)   Post Evacuate Collection Set: 0.4ms
[2023-12-18T23:45:46.284+0100][15268.789s] GC(1093)   Other: 0.1ms
[2023-12-18T23:45:46.284+0100][15268.789s] GC(1093) Eden regions: 278->0(278)
[2023-12-18T23:45:46.284+0100][15268.789s] GC(1093) Survivor regions: 4->7(36)
[2023-12-18T23:45:46.284+0100][15268.789s] GC(1093) Old regions: 139->139
[2023-12-18T23:45:46.284+0100][15268.789s] GC(1093) Archive regions: 0->0
[2023-12-18T23:45:46.284+0100][15268.789s] GC(1093) Humongous regions: 4->4
[2023-12-18T23:45:46.284+0100][15268.789s] GC(1093) Metaspace: 63840K(64384K)->63840K(64384K) NonClass: 56787K(57024K)->56787K(57024K) Class: 7052K(7360K)->7052K(7360K)
[2023-12-18T23:45:46.284+0100][15268.789s] GC(1093) Pause Young (Normal) (G1 Evacuation Pause) 424M->149M(512M) 2.756ms
[2023-12-18T23:45:46.284+0100][15268.789s] GC(1093) User=0.16s Sys=0.00s Real=0.00s
[2023-12-18T23:45:46.670+0100][15269.176s] GC(1094) Pause Young (Normal) (G1 Evacuation Pause)
[2023-12-18T23:45:46.670+0100][15269.176s] GC(1094) Using 10 workers of 10 for evacuation
[2023-12-18T23:45:46.673+0100][15269.179s] GC(1094)   Pre Evacuate Collection Set: 0.1ms
[2023-12-18T23:45:46.673+0100][15269.179s] GC(1094)   Merge Heap Roots: 0.1ms
[2023-12-18T23:45:46.673+0100][15269.179s] GC(1094)   Evacuate Collection Set: 2.5ms
[2023-12-18T23:45:46.673+0100][15269.179s] GC(1094)   Post Evacuate Collection Set: 0.4ms
[2023-12-18T23:45:46.673+0100][15269.179s] GC(1094)   Other: 0.1ms
[2023-12-18T23:45:46.673+0100][15269.179s] GC(1094) Eden regions: 278->0(279)
[2023-12-18T23:45:46.673+0100][15269.179s] GC(1094) Survivor regions: 7->9(36)
[2023-12-18T23:45:46.673+0100][15269.179s] GC(1094) Old regions: 139->139
[2023-12-18T23:45:46.673+0100][15269.179s] GC(1094) Archive regions: 0->0
[2023-12-18T23:45:46.673+0100][15269.179s] GC(1094) Humongous regions: 4->4
[2023-12-18T23:45:46.673+0100][15269.179s] GC(1094) Metaspace: 63840K(64384K)->63840K(64384K) NonClass: 56787K(57024K)->56787K(57024K) Class: 7052K(7360K)->7052K(7360K)
[2023-12-18T23:45:46.673+0100][15269.179s] GC(1094) Pause Young (Normal) (G1 Evacuation Pause) 427M->151M(512M) 3.277ms
[2023-12-18T23:45:46.673+0100][15269.179s] GC(1094) User=0.16s Sys=0.00s Real=0.00s
[2023-12-18T23:45:47.032+0100][15269.538s] GC(1095) Pause Young (Concurrent Start) (G1 Evacuation Pause)
[2023-12-18T23:45:47.033+0100][15269.538s] GC(1095) Using 10 workers of 10 for evacuation
[2023-12-18T23:45:47.037+0100][15269.543s] GC(1095)   Pre Evacuate Collection Set: 0.1ms
[2023-12-18T23:45:47.037+0100][15269.543s] GC(1095)   Merge Heap Roots: 0.1ms
[2023-12-18T23:45:47.037+0100][15269.543s] GC(1095)   Evacuate Collection Set: 4.2ms
[2023-12-18T23:45:47.037+0100][15269.543s] GC(1095)   Post Evacuate Collection Set: 0.4ms
[2023-12-18T23:45:47.037+0100][15269.543s] GC(1095)   Other: 0.1ms
[2023-12-18T23:45:47.037+0100][15269.543s] GC(1095) Eden regions: 279->0(271)
[2023-12-18T23:45:47.037+0100][15269.543s] GC(1095) Survivor regions: 9->16(36)
[2023-12-18T23:45:47.037+0100][15269.543s] GC(1095) Old regions: 139->139
[2023-12-18T23:45:47.037+0100][15269.543s] GC(1095) Archive regions: 0->0
[2023-12-18T23:45:47.037+0100][15269.543s] GC(1095) Humongous regions: 4->4
[2023-12-18T23:45:47.037+0100][15269.543s] GC(1095) Metaspace: 63840K(64384K)->63840K(64384K) NonClass: 56787K(57024K)->56787K(57024K) Class: 7052K(7360K)->7052K(7360K)
[2023-12-18T23:45:47.038+0100][15269.543s] GC(1095) Pause Young (Concurrent Start) (G1 Evacuation Pause) 430M->158M(512M) 5.008ms
[2023-12-18T23:45:47.038+0100][15269.543s] GC(1096) Concurrent Mark Cycle
[2023-12-18T23:45:47.038+0100][15269.543s] GC(1095) User=0.00s Sys=0.00s Real=0.01s
[2023-12-18T23:45:47.038+0100][15269.543s] GC(1096) Concurrent Clear Claimed Marks
[2023-12-18T23:45:47.038+0100][15269.544s] GC(1096) Concurrent Clear Claimed Marks 0.053ms
[2023-12-18T23:45:47.038+0100][15269.544s] GC(1096) Concurrent Scan Root Regions
[2023-12-18T23:45:47.041+0100][15269.547s] GC(1096) Concurrent Scan Root Regions 3.009ms
[2023-12-18T23:45:47.041+0100][15269.547s] GC(1096) Concurrent Mark
[2023-12-18T23:45:47.041+0100][15269.547s] GC(1096) Concurrent Mark From Roots
[2023-12-18T23:45:47.041+0100][15269.547s] GC(1096) Using 3 workers of 3 for marking
[2023-12-18T23:45:47.067+0100][15269.573s] GC(1096) Concurrent Mark From Roots 26.167ms
[2023-12-18T23:45:47.067+0100][15269.573s] GC(1096) Concurrent Preclean
[2023-12-18T23:45:47.067+0100][15269.573s] GC(1096) Concurrent Preclean 0.195ms
[2023-12-18T23:45:47.067+0100][15269.573s] GC(1096) Pause Remark
[2023-12-18T23:45:47.070+0100][15269.576s] GC(1096) Pause Remark 181M->181M(512M) 3.246ms
[2023-12-18T23:45:47.071+0100][15269.576s] GC(1096) User=0.00s Sys=0.00s Real=0.00s
[2023-12-18T23:45:47.071+0100][15269.576s] GC(1096) Concurrent Mark 29.826ms
[2023-12-18T23:45:47.071+0100][15269.576s] GC(1096) Concurrent Rebuild Remembered Sets
[2023-12-18T23:45:47.089+0100][15269.595s] GC(1096) Concurrent Rebuild Remembered Sets 18.257ms
[2023-12-18T23:45:47.089+0100][15269.595s] GC(1096) Pause Cleanup
[2023-12-18T23:45:47.089+0100][15269.595s] GC(1096) Pause Cleanup 187M->187M(512M) 0.207ms
[2023-12-18T23:45:47.089+0100][15269.595s] GC(1096) User=0.00s Sys=0.00s Real=0.00s
[2023-12-18T23:45:47.089+0100][15269.595s] GC(1096) Concurrent Cleanup for Next Mark
[2023-12-18T23:45:47.090+0100][15269.596s] GC(1096) Concurrent Cleanup for Next Mark 0.661ms
[2023-12-18T23:45:47.090+0100][15269.596s] GC(1096) Concurrent Mark Cycle 52.330ms
[2023-12-18T23:45:47.290+0100][15269.795s] GC(1097) Pause Young (Prepare Mixed) (G1 Evacuation Pause)
[2023-12-18T23:45:47.290+0100][15269.795s] GC(1097) Using 10 workers of 10 for evacuation
[2023-12-18T23:45:47.296+0100][15269.801s] GC(1097)   Pre Evacuate Collection Set: 0.1ms
[2023-12-18T23:45:47.296+0100][15269.801s] GC(1097)   Merge Heap Roots: 0.1ms
[2023-12-18T23:45:47.296+0100][15269.801s] GC(1097)   Evacuate Collection Set: 5.1ms
[2023-12-18T23:45:47.296+0100][15269.801s] GC(1097)   Post Evacuate Collection Set: 0.6ms
[2023-12-18T23:45:47.296+0100][15269.801s] GC(1097)   Other: 0.1ms
[2023-12-18T23:45:47.296+0100][15269.801s] GC(1097) Eden regions: 271->0(5)
[2023-12-18T23:45:47.296+0100][15269.801s] GC(1097) Survivor regions: 16->20(36)
[2023-12-18T23:45:47.296+0100][15269.801s] GC(1097) Old regions: 139->139
[2023-12-18T23:45:47.296+0100][15269.801s] GC(1097) Archive regions: 0->0
[2023-12-18T23:45:47.296+0100][15269.801s] GC(1097) Humongous regions: 4->4
[2023-12-18T23:45:47.296+0100][15269.801s] GC(1097) Metaspace: 63840K(64384K)->63840K(64384K) NonClass: 56787K(57024K)->56787K(57024K) Class: 7052K(7360K)->7052K(7360K)
[2023-12-18T23:45:47.296+0100][15269.801s] GC(1097) Pause Young (Prepare Mixed) (G1 Evacuation Pause) 429M->161M(512M) 6.111ms
[2023-12-18T23:45:47.296+0100][15269.801s] GC(1097) User=0.00s Sys=0.00s Real=0.01s
[2023-12-18T23:45:47.297+0100][15269.803s] GC(1098) Pause Young (Mixed) (G1 Evacuation Pause)
[2023-12-18T23:45:47.297+0100][15269.803s] GC(1098) Using 10 workers of 10 for evacuation
[2023-12-18T23:45:47.304+0100][15269.810s] GC(1098)   Pre Evacuate Collection Set: 0.1ms
[2023-12-18T23:45:47.304+0100][15269.810s] GC(1098)   Merge Heap Roots: 0.1ms
[2023-12-18T23:45:47.304+0100][15269.810s] GC(1098)   Evacuate Collection Set: 6.3ms
[2023-12-18T23:45:47.304+0100][15269.810s] GC(1098)   Post Evacuate Collection Set: 0.5ms
[2023-12-18T23:45:47.304+0100][15269.810s] GC(1098)   Other: 0.1ms
[2023-12-18T23:45:47.304+0100][15269.810s] GC(1098) Eden regions: 5->0(273)
[2023-12-18T23:45:47.304+0100][15269.810s] GC(1098) Survivor regions: 20->2(4)
[2023-12-18T23:45:47.304+0100][15269.810s] GC(1098) Old regions: 139->152
[2023-12-18T23:45:47.304+0100][15269.810s] GC(1098) Archive regions: 0->0
[2023-12-18T23:45:47.304+0100][15269.810s] GC(1098) Humongous regions: 4->4
[2023-12-18T23:45:47.304+0100][15269.810s] GC(1098) Metaspace: 63840K(64384K)->63840K(64384K) NonClass: 56787K(57024K)->56787K(57024K) Class: 7052K(7360K)->7052K(7360K)
[2023-12-18T23:45:47.304+0100][15269.810s] GC(1098) Pause Young (Mixed) (G1 Evacuation Pause) 166M->157M(512M) 7.236ms
[2023-12-18T23:45:47.304+0100][15269.810s] GC(1098) User=0.00s Sys=0.00s Real=0.01s
[2023-12-18T23:45:47.621+0100][15270.127s] GC(1099) Pause Young (Normal) (G1 Evacuation Pause)
[2023-12-18T23:45:47.621+0100][15270.127s] GC(1099) Using 10 workers of 10 for evacuation
[2023-12-18T23:45:47.624+0100][15270.130s] GC(1099)   Pre Evacuate Collection Set: 0.1ms
[2023-12-18T23:45:47.624+0100][15270.130s] GC(1099)   Merge Heap Roots: 0.0ms
[2023-12-18T23:45:47.624+0100][15270.130s] GC(1099)   Evacuate Collection Set: 2.7ms
[2023-12-18T23:45:47.624+0100][15270.130s] GC(1099)   Post Evacuate Collection Set: 0.3ms
[2023-12-18T23:45:47.624+0100][15270.130s] GC(1099)   Other: 0.1ms
[2023-12-18T23:45:47.624+0100][15270.130s] GC(1099) Eden regions: 273->0(263)
[2023-12-18T23:45:47.624+0100][15270.130s] GC(1099) Survivor regions: 2->10(35)
[2023-12-18T23:45:47.624+0100][15270.130s] GC(1099) Old regions: 152->152
[2023-12-18T23:45:47.624+0100][15270.130s] GC(1099) Archive regions: 0->0
[2023-12-18T23:45:47.624+0100][15270.130s] GC(1099) Humongous regions: 4->4
[2023-12-18T23:45:47.624+0100][15270.130s] GC(1099) Metaspace: 63840K(64384K)->63840K(64384K) NonClass: 56787K(57024K)->56787K(57024K) Class: 7052K(7360K)->7052K(7360K)
[2023-12-18T23:45:47.624+0100][15270.130s] GC(1099) Pause Young (Normal) (G1 Evacuation Pause) 430M->165M(512M) 3.304ms
[2023-12-18T23:45:47.624+0100][15270.130s] GC(1099) User=0.00s Sys=0.00s Real=0.00s
[2023-12-18T23:45:47.981+0100][15270.486s] GC(1100) Pause Young (Normal) (G1 Evacuation Pause)
[2023-12-18T23:45:47.981+0100][15270.486s] GC(1100) Using 10 workers of 10 for evacuation
[2023-12-18T23:45:47.986+0100][15270.491s] GC(1100)   Pre Evacuate Collection Set: 0.1ms
[2023-12-18T23:45:47.986+0100][15270.492s] GC(1100)   Merge Heap Roots: 0.1ms
[2023-12-18T23:45:47.986+0100][15270.492s] GC(1100)   Evacuate Collection Set: 4.5ms
[2023-12-18T23:45:47.986+0100][15270.492s] GC(1100)   Post Evacuate Collection Set: 0.4ms
[2023-12-18T23:45:47.986+0100][15270.492s] GC(1100)   Other: 0.1ms
[2023-12-18T23:45:47.986+0100][15270.492s] GC(1100) Eden regions: 263->0(255)
[2023-12-18T23:45:47.986+0100][15270.492s] GC(1100) Survivor regions: 10->16(35)
[2023-12-18T23:45:47.986+0100][15270.492s] GC(1100) Old regions: 152->152
[2023-12-18T23:45:47.986+0100][15270.492s] GC(1100) Archive regions: 0->0
[2023-12-18T23:45:47.986+0100][15270.492s] GC(1100) Humongous regions: 4->4
[2023-12-18T23:45:47.986+0100][15270.492s] GC(1100) Metaspace: 63840K(64384K)->63840K(64384K) NonClass: 56787K(57024K)->56787K(57024K) Class: 7052K(7360K)->7052K(7360K)
[2023-12-18T23:45:47.986+0100][15270.492s] GC(1100) Pause Young (Normal) (G1 Evacuation Pause) 428M->171M(512M) 5.375ms
[2023-12-18T23:45:47.986+0100][15270.492s] GC(1100) User=0.16s Sys=0.00s Real=0.01s
[2023-12-18T23:45:48.155+0100][15270.660s] GC(1101) Pause Young (Concurrent Start) (G1 Evacuation Pause)
[2023-12-18T23:45:48.155+0100][15270.660s] GC(1101) Using 10 workers of 10 for evacuation
[2023-12-18T23:45:48.157+0100][15270.662s] GC(1101)   Pre Evacuate Collection Set: 0.1ms
[2023-12-18T23:45:48.157+0100][15270.662s] GC(1101)   Merge Heap Roots: 0.1ms
[2023-12-18T23:45:48.157+0100][15270.662s] GC(1101)   Evacuate Collection Set: 1.6ms
[2023-12-18T23:45:48.157+0100][15270.662s] GC(1101)   Post Evacuate Collection Set: 0.4ms
[2023-12-18T23:45:48.157+0100][15270.662s] GC(1101)   Other: 0.1ms
[2023-12-18T23:45:48.157+0100][15270.662s] GC(1101) Eden regions: 255->0(268)
[2023-12-18T23:45:48.157+0100][15270.662s] GC(1101) Survivor regions: 16->7(34)
[2023-12-18T23:45:48.157+0100][15270.662s] GC(1101) Old regions: 152->152
[2023-12-18T23:45:48.157+0100][15270.662s] GC(1101) Archive regions: 0->0
[2023-12-18T23:45:48.157+0100][15270.662s] GC(1101) Humongous regions: 4->4
[2023-12-18T23:45:48.157+0100][15270.662s] GC(1101) Metaspace: 63840K(64384K)->63840K(64384K) NonClass: 56787K(57024K)->56787K(57024K) Class: 7052K(7360K)->7052K(7360K)
[2023-12-18T23:45:48.157+0100][15270.662s] GC(1101) Pause Young (Concurrent Start) (G1 Evacuation Pause) 426M->162M(512M) 2.435ms
[2023-12-18T23:45:48.157+0100][15270.662s] GC(1102) Concurrent Mark Cycle
[2023-12-18T23:45:48.157+0100][15270.662s] GC(1101) User=0.03s Sys=0.00s Real=0.00s
[2023-12-18T23:45:48.157+0100][15270.662s] GC(1102) Concurrent Clear Claimed Marks
[2023-12-18T23:45:48.157+0100][15270.662s] GC(1102) Concurrent Clear Claimed Marks 0.083ms
[2023-12-18T23:45:48.157+0100][15270.662s] GC(1102) Concurrent Scan Root Regions
[2023-12-18T23:45:48.158+0100][15270.664s] GC(1102) Concurrent Scan Root Regions 1.367ms
[2023-12-18T23:45:48.158+0100][15270.664s] GC(1102) Concurrent Mark
[2023-12-18T23:45:48.158+0100][15270.664s] GC(1102) Concurrent Mark From Roots
[2023-12-18T23:45:48.158+0100][15270.664s] GC(1102) Using 3 workers of 3 for marking
[2023-12-18T23:45:48.182+0100][15270.687s] GC(1102) Concurrent Mark From Roots 23.622ms
[2023-12-18T23:45:48.182+0100][15270.687s] GC(1102) Concurrent Preclean
[2023-12-18T23:45:48.182+0100][15270.688s] GC(1102) Concurrent Preclean 0.180ms
[2023-12-18T23:45:48.183+0100][15270.688s] GC(1102) Pause Remark
[2023-12-18T23:45:48.186+0100][15270.691s] GC(1102) Pause Remark 169M->165M(512M) 3.648ms
[2023-12-18T23:45:48.186+0100][15270.692s] GC(1102) User=0.00s Sys=0.00s Real=0.00s
[2023-12-18T23:45:48.186+0100][15270.692s] GC(1102) Concurrent Mark 27.710ms
[2023-12-18T23:45:48.186+0100][15270.692s] GC(1102) Concurrent Rebuild Remembered Sets
[2023-12-18T23:45:48.207+0100][15270.712s] GC(1102) Concurrent Rebuild Remembered Sets 20.382ms
[2023-12-18T23:45:48.207+0100][15270.712s] GC(1102) Pause Cleanup
[2023-12-18T23:45:48.207+0100][15270.712s] GC(1102) Pause Cleanup 173M->173M(512M) 0.175ms
[2023-12-18T23:45:48.207+0100][15270.712s] GC(1102) User=0.00s Sys=0.00s Real=0.00s
[2023-12-18T23:45:48.207+0100][15270.712s] GC(1102) Concurrent Cleanup for Next Mark
[2023-12-18T23:45:48.207+0100][15270.713s] GC(1102) Concurrent Cleanup for Next Mark 0.691ms
[2023-12-18T23:45:48.207+0100][15270.713s] GC(1102) Concurrent Mark Cycle 50.718ms
[2023-12-18T23:45:48.508+0100][15271.014s] GC(1103) Pause Young (Prepare Mixed) (G1 Evacuation Pause)
[2023-12-18T23:45:48.508+0100][15271.014s] GC(1103) Using 10 workers of 10 for evacuation
[2023-12-18T23:45:48.512+0100][15271.018s] GC(1103)   Pre Evacuate Collection Set: 0.1ms
[2023-12-18T23:45:48.512+0100][15271.018s] GC(1103)   Merge Heap Roots: 0.1ms
[2023-12-18T23:45:48.512+0100][15271.018s] GC(1103)   Evacuate Collection Set: 3.3ms
[2023-12-18T23:45:48.512+0100][15271.018s] GC(1103)   Post Evacuate Collection Set: 0.6ms
[2023-12-18T23:45:48.512+0100][15271.018s] GC(1103)   Other: 0.1ms
[2023-12-18T23:45:48.512+0100][15271.018s] GC(1103) Eden regions: 268->0(13)
[2023-12-18T23:45:48.512+0100][15271.018s] GC(1103) Survivor regions: 7->12(35)
[2023-12-18T23:45:48.512+0100][15271.018s] GC(1103) Old regions: 148->148
[2023-12-18T23:45:48.512+0100][15271.018s] GC(1103) Archive regions: 0->0
[2023-12-18T23:45:48.512+0100][15271.018s] GC(1103) Humongous regions: 4->4
[2023-12-18T23:45:48.512+0100][15271.018s] GC(1103) Metaspace: 63840K(64384K)->63840K(64384K) NonClass: 56787K(57024K)->56787K(57024K) Class: 7052K(7360K)->7052K(7360K)
[2023-12-18T23:45:48.512+0100][15271.018s] GC(1103) Pause Young (Prepare Mixed) (G1 Evacuation Pause) 426M->163M(512M) 4.325ms
[2023-12-18T23:45:48.512+0100][15271.018s] GC(1103) User=0.00s Sys=0.00s Real=0.00s
[2023-12-18T23:45:48.524+0100][15271.030s] GC(1104) Pause Young (Mixed) (G1 Evacuation Pause)
[2023-12-18T23:45:48.524+0100][15271.031s] GC(1104) Using 10 workers of 10 for evacuation
[2023-12-18T23:45:48.529+0100][15271.035s] GC(1104)   Pre Evacuate Collection Set: 0.1ms
[2023-12-18T23:45:48.529+0100][15271.035s] GC(1104)   Merge Heap Roots: 0.1ms
[2023-12-18T23:45:48.529+0100][15271.035s] GC(1104)   Evacuate Collection Set: 4.1ms
[2023-12-18T23:45:48.529+0100][15271.035s] GC(1104)   Post Evacuate Collection Set: 0.4ms
[2023-12-18T23:45:48.529+0100][15271.035s] GC(1104)   Other: 0.1ms
[2023-12-18T23:45:48.529+0100][15271.035s] GC(1104) Eden regions: 13->0(278)
[2023-12-18T23:45:48.529+0100][15271.035s] GC(1104) Survivor regions: 12->3(4)
[2023-12-18T23:45:48.529+0100][15271.035s] GC(1104) Old regions: 148->144
[2023-12-18T23:45:48.529+0100][15271.035s] GC(1104) Archive regions: 0->0
[2023-12-18T23:45:48.529+0100][15271.035s] GC(1104) Humongous regions: 4->4
[2023-12-18T23:45:48.529+0100][15271.035s] GC(1104) Metaspace: 63840K(64384K)->63840K(64384K) NonClass: 56787K(57024K)->56787K(57024K) Class: 7052K(7360K)->7052K(7360K)
[2023-12-18T23:45:48.529+0100][15271.035s] GC(1104) Pause Young (Mixed) (G1 Evacuation Pause) 176M->150M(512M) 5.020ms
[2023-12-18T23:45:48.529+0100][15271.035s] GC(1104) User=0.00s Sys=0.00s Real=0.01s
[2023-12-18T23:45:48.746+0100][15271.252s] GC(1105) Pause Young (Normal) (G1 Evacuation Pause)
[2023-12-18T23:45:48.746+0100][15271.252s] GC(1105) Using 10 workers of 10 for evacuation
[2023-12-18T23:45:48.749+0100][15271.255s] GC(1105)   Pre Evacuate Collection Set: 0.1ms
[2023-12-18T23:45:48.749+0100][15271.255s] GC(1105)   Merge Heap Roots: 0.1ms
[2023-12-18T23:45:48.749+0100][15271.255s] GC(1105)   Evacuate Collection Set: 2.3ms
[2023-12-18T23:45:48.749+0100][15271.255s] GC(1105)   Post Evacuate Collection Set: 0.4ms
[2023-12-18T23:45:48.749+0100][15271.255s] GC(1105)   Other: 0.1ms
[2023-12-18T23:45:48.749+0100][15271.255s] GC(1105) Eden regions: 278->0(272)
[2023-12-18T23:45:48.749+0100][15271.255s] GC(1105) Survivor regions: 3->8(36)
[2023-12-18T23:45:48.749+0100][15271.255s] GC(1105) Old regions: 144->144
[2023-12-18T23:45:48.749+0100][15271.255s] GC(1105) Archive regions: 0->0
[2023-12-18T23:45:48.749+0100][15271.255s] GC(1105) Humongous regions: 4->4
[2023-12-18T23:45:48.749+0100][15271.255s] GC(1105) Metaspace: 63840K(64384K)->63840K(64384K) NonClass: 56787K(57024K)->56787K(57024K) Class: 7052K(7360K)->7052K(7360K)
[2023-12-18T23:45:48.749+0100][15271.255s] GC(1105) Pause Young (Normal) (G1 Evacuation Pause) 428M->155M(512M) 3.060ms
[2023-12-18T23:45:48.749+0100][15271.255s] GC(1105) User=0.00s Sys=0.00s Real=0.00s
[2023-12-18T23:48:25.456+0100][15427.961s] GC(1106) Pause Young (Concurrent Start) (CodeCache GC Threshold)
[2023-12-18T23:48:25.456+0100][15427.961s] GC(1106) Using 10 workers of 10 for evacuation
[2023-12-18T23:48:25.459+0100][15427.964s] GC(1106)   Pre Evacuate Collection Set: 0.1ms
[2023-12-18T23:48:25.459+0100][15427.964s] GC(1106)   Merge Heap Roots: 0.1ms
[2023-12-18T23:48:25.459+0100][15427.964s] GC(1106)   Evacuate Collection Set: 2.1ms
[2023-12-18T23:48:25.459+0100][15427.964s] GC(1106)   Post Evacuate Collection Set: 0.4ms
[2023-12-18T23:48:25.459+0100][15427.964s] GC(1106)   Other: 0.1ms
[2023-12-18T23:48:25.459+0100][15427.964s] GC(1106) Eden regions: 71->0(280)
[2023-12-18T23:48:25.459+0100][15427.964s] GC(1106) Survivor regions: 8->4(35)
[2023-12-18T23:48:25.459+0100][15427.964s] GC(1106) Old regions: 144->144
[2023-12-18T23:48:25.459+0100][15427.964s] GC(1106) Archive regions: 0->0
[2023-12-18T23:48:25.459+0100][15427.964s] GC(1106) Humongous regions: 4->4
[2023-12-18T23:48:25.459+0100][15427.964s] GC(1106) Metaspace: 64071K(64640K)->64071K(64640K) NonClass: 57005K(57280K)->57005K(57280K) Class: 7065K(7360K)->7065K(7360K)
[2023-12-18T23:48:25.459+0100][15427.964s] GC(1106) Pause Young (Concurrent Start) (CodeCache GC Threshold) 226M->151M(512M) 3.150ms
[2023-12-18T23:48:25.459+0100][15427.964s] GC(1107) Concurrent Mark Cycle
[2023-12-18T23:48:25.459+0100][15427.964s] GC(1106) User=0.00s Sys=0.00s Real=0.00s
[2023-12-18T23:48:25.459+0100][15427.964s] GC(1107) Concurrent Clear Claimed Marks
[2023-12-18T23:48:25.459+0100][15427.964s] GC(1107) Concurrent Clear Claimed Marks 0.088ms
[2023-12-18T23:48:25.459+0100][15427.964s] GC(1107) Concurrent Scan Root Regions
[2023-12-18T23:48:25.461+0100][15427.966s] GC(1107) Concurrent Scan Root Regions 1.650ms
[2023-12-18T23:48:25.461+0100][15427.966s] GC(1107) Concurrent Mark
[2023-12-18T23:48:25.461+0100][15427.966s] GC(1107) Concurrent Mark From Roots
[2023-12-18T23:48:25.461+0100][15427.966s] GC(1107) Using 3 workers of 3 for marking
[2023-12-18T23:48:25.495+0100][15428.000s] GC(1107) Concurrent Mark From Roots 34.181ms
[2023-12-18T23:48:25.495+0100][15428.000s] GC(1107) Concurrent Preclean
[2023-12-18T23:48:25.495+0100][15428.001s] GC(1107) Concurrent Preclean 0.321ms
[2023-12-18T23:48:25.495+0100][15428.001s] GC(1107) Pause Remark
[2023-12-18T23:48:25.498+0100][15428.005s] GC(1107) Pause Remark 155M->150M(512M) 3.881ms
[2023-12-18T23:48:25.498+0100][15428.005s] GC(1107) User=0.00s Sys=0.00s Real=0.00s
[2023-12-18T23:48:25.499+0100][15428.005s] GC(1107) Concurrent Mark 38.711ms
[2023-12-18T23:48:25.499+0100][15428.005s] GC(1107) Concurrent Rebuild Remembered Sets
[2023-12-18T23:48:25.519+0100][15428.025s] GC(1107) Concurrent Rebuild Remembered Sets 20.654ms
[2023-12-18T23:48:25.520+0100][15428.026s] GC(1107) Pause Cleanup
[2023-12-18T23:48:25.520+0100][15428.026s] GC(1107) Pause Cleanup 150M->150M(512M) 0.326ms
[2023-12-18T23:48:25.520+0100][15428.026s] GC(1107) User=0.00s Sys=0.00s Real=0.00s
[2023-12-18T23:48:25.520+0100][15428.026s] GC(1107) Concurrent Cleanup for Next Mark
[2023-12-18T23:48:25.521+0100][15428.027s] GC(1107) Concurrent Cleanup for Next Mark 0.981ms
[2023-12-18T23:48:25.521+0100][15428.027s] GC(1107) Concurrent Mark Cycle 62.895ms
[2023-12-18T23:55:44.094+0100][15866.600s] Heap
[2023-12-18T23:55:44.094+0100][15866.600s]  garbage-first heap   total 524288K, used 183197K [0x00000000e0000000, 0x0000000100000000)
[2023-12-18T23:55:44.094+0100][15866.600s]   region size 1024K, 36 young (36864K), 4 survivors (4096K)
[2023-12-18T23:55:44.094+0100][15866.600s]  Metaspace       used 64311K, committed 64896K, reserved 1114112K
[2023-12-18T23:55:44.094+0100][15866.600s]   class space    used 7093K, committed 7424K, reserved 1048576K
