[2024-01-11T17:08:43.789+0100][0.010s] CardTable entry size: 512
[2024-01-11T17:08:43.789+0100][0.010s] Using G1
[2024-01-11T17:08:43.910+0100][0.132s] Version: 19.0.1+10-21 (release)
[2024-01-11T17:08:43.911+0100][0.132s] CPUs: 12 total, 12 available
[2024-01-11T17:08:43.911+0100][0.132s] Memory: 16220M
[2024-01-11T17:08:43.911+0100][0.132s] Large Page Support: Disabled
[2024-01-11T17:08:43.911+0100][0.132s] NUMA Support: Disabled
[2024-01-11T17:08:43.911+0100][0.132s] Compressed Oops: Enabled (32-bit)
[2024-01-11T17:08:43.911+0100][0.132s] Heap Region Size: 1M
[2024-01-11T17:08:43.911+0100][0.132s] Heap Min Capacity: 512M
[2024-01-11T17:08:43.911+0100][0.132s] Heap Initial Capacity: 512M
[2024-01-11T17:08:43.911+0100][0.132s] Heap Max Capacity: 512M
[2024-01-11T17:08:43.949+0100][0.170s] Pre-touch: Enabled
[2024-01-11T17:08:43.949+0100][0.170s] Parallel Workers: 10
[2024-01-11T17:08:43.949+0100][0.170s] Concurrent Workers: 3
[2024-01-11T17:08:43.949+0100][0.170s] Concurrent Refinement Workers: 10
[2024-01-11T17:08:43.949+0100][0.170s] Periodic GC: Disabled
[2024-01-11T17:08:43.950+0100][0.171s] CDS archive(s) mapped at: [0x0000000800000000-0x0000000800c40000-0x0000000800c40000), size 12845056, SharedBaseAddress: 0x0000000800000000, ArchiveRelocationMode: 0.
[2024-01-11T17:08:43.950+0100][0.171s] Compressed class space mapped at: 0x0000000801000000-0x0000000841000000, reserved size: 1073741824
[2024-01-11T17:08:43.950+0100][0.171s] Narrow klass base: 0x0000000800000000, Narrow klass shift: 0, Narrow klass range: 0x100000000
[2024-01-11T17:08:44.644+0100][0.865s] GC(0) Pause Young (Normal) (G1 Evacuation Pause)
[2024-01-11T17:08:44.644+0100][0.866s] GC(0) Using 10 workers of 10 for evacuation
[2024-01-11T17:08:44.647+0100][0.869s] GC(0)   Pre Evacuate Collection Set: 0.1ms
[2024-01-11T17:08:44.647+0100][0.869s] GC(0)   Merge Heap Roots: 0.1ms
[2024-01-11T17:08:44.647+0100][0.869s] GC(0)   Evacuate Collection Set: 2.2ms
[2024-01-11T17:08:44.647+0100][0.869s] GC(0)   Post Evacuate Collection Set: 0.6ms
[2024-01-11T17:08:44.648+0100][0.869s] GC(0)   Other: 0.3ms
[2024-01-11T17:08:44.648+0100][0.869s] GC(0) Eden regions: 29->0(41)
[2024-01-11T17:08:44.648+0100][0.869s] GC(0) Survivor regions: 0->4(4)
[2024-01-11T17:08:44.648+0100][0.869s] GC(0) Old regions: 0->0
[2024-01-11T17:08:44.648+0100][0.869s] GC(0) Archive regions: 0->0
[2024-01-11T17:08:44.648+0100][0.869s] GC(0) Humongous regions: 0->0
[2024-01-11T17:08:44.648+0100][0.869s] GC(0) Metaspace: 7968K(8192K)->7968K(8192K) NonClass: 7064K(7168K)->7064K(7168K) Class: 903K(1024K)->903K(1024K)
[2024-01-11T17:08:44.648+0100][0.869s] GC(0) Pause Young (Normal) (G1 Evacuation Pause) 29M->3M(512M) 3.453ms
[2024-01-11T17:08:44.648+0100][0.869s] GC(0) User=0.00s Sys=0.00s Real=0.00s
[2024-01-11T17:08:54.643+0100][10.863s] GC(1) Pause Young (Normal) (G1 Evacuation Pause)
[2024-01-11T17:08:54.643+0100][10.863s] GC(1) Using 10 workers of 10 for evacuation
[2024-01-11T17:08:54.652+0100][10.872s] GC(1)   Pre Evacuate Collection Set: 0.1ms
[2024-01-11T17:08:54.652+0100][10.872s] GC(1)   Merge Heap Roots: 0.0ms
[2024-01-11T17:08:54.652+0100][10.872s] GC(1)   Evacuate Collection Set: 8.2ms
[2024-01-11T17:08:54.652+0100][10.872s] GC(1)   Post Evacuate Collection Set: 0.6ms
[2024-01-11T17:08:54.652+0100][10.873s] GC(1)   Other: 0.1ms
[2024-01-11T17:08:54.652+0100][10.873s] GC(1) Eden regions: 41->0(189)
[2024-01-11T17:08:54.652+0100][10.873s] GC(1) Survivor regions: 4->6(6)
[2024-01-11T17:08:54.652+0100][10.873s] GC(1) Old regions: 0->9
[2024-01-11T17:08:54.652+0100][10.873s] GC(1) Archive regions: 0->0
[2024-01-11T17:08:54.652+0100][10.873s] GC(1) Humongous regions: 4->4
[2024-01-11T17:08:54.652+0100][10.873s] GC(1) Metaspace: 18219K(18624K)->18219K(18624K) NonClass: 16183K(16384K)->16183K(16384K) Class: 2035K(2240K)->2035K(2240K)
[2024-01-11T17:08:54.652+0100][10.873s] GC(1) Pause Young (Normal) (G1 Evacuation Pause) 48M->18M(512M) 9.345ms
[2024-01-11T17:08:54.652+0100][10.873s] GC(1) User=0.00s Sys=0.00s Real=0.01s
[2024-01-11T17:08:55.888+0100][12.109s] GC(2) Pause Young (Concurrent Start) (Metadata GC Threshold)
[2024-01-11T17:08:55.888+0100][12.109s] GC(2) Using 10 workers of 10 for evacuation
[2024-01-11T17:08:55.894+0100][12.115s] GC(2)   Pre Evacuate Collection Set: 0.2ms
[2024-01-11T17:08:55.894+0100][12.115s] GC(2)   Merge Heap Roots: 0.0ms
[2024-01-11T17:08:55.894+0100][12.115s] GC(2)   Evacuate Collection Set: 4.8ms
[2024-01-11T17:08:55.894+0100][12.115s] GC(2)   Post Evacuate Collection Set: 0.5ms
[2024-01-11T17:08:55.894+0100][12.115s] GC(2)   Other: 0.1ms
[2024-01-11T17:08:55.894+0100][12.115s] GC(2) Eden regions: 134->0(295)
[2024-01-11T17:08:55.894+0100][12.115s] GC(2) Survivor regions: 6->12(25)
[2024-01-11T17:08:55.894+0100][12.115s] GC(2) Old regions: 9->9
[2024-01-11T17:08:55.894+0100][12.115s] GC(2) Archive regions: 0->0
[2024-01-11T17:08:55.894+0100][12.115s] GC(2) Humongous regions: 4->4
[2024-01-11T17:08:55.894+0100][12.115s] GC(2) Metaspace: 21095K(21504K)->21095K(21504K) NonClass: 18761K(18944K)->18761K(18944K) Class: 2334K(2560K)->2334K(2560K)
[2024-01-11T17:08:55.894+0100][12.115s] GC(2) Pause Young (Concurrent Start) (Metadata GC Threshold) 151M->23M(512M) 6.021ms
[2024-01-11T17:08:55.894+0100][12.115s] GC(3) Concurrent Mark Cycle
[2024-01-11T17:08:55.894+0100][12.115s] GC(2) User=0.11s Sys=0.02s Real=0.01s
[2024-01-11T17:08:55.894+0100][12.115s] GC(3) Concurrent Clear Claimed Marks
[2024-01-11T17:08:55.894+0100][12.115s] GC(3) Concurrent Clear Claimed Marks 0.076ms
[2024-01-11T17:08:55.894+0100][12.115s] GC(3) Concurrent Scan Root Regions
[2024-01-11T17:08:55.897+0100][12.118s] GC(3) Concurrent Scan Root Regions 3.027ms
[2024-01-11T17:08:55.897+0100][12.118s] GC(3) Concurrent Mark
[2024-01-11T17:08:55.897+0100][12.118s] GC(3) Concurrent Mark From Roots
[2024-01-11T17:08:55.897+0100][12.118s] GC(3) Using 3 workers of 3 for marking
[2024-01-11T17:08:55.905+0100][12.126s] GC(3) Concurrent Mark From Roots 7.434ms
[2024-01-11T17:08:55.905+0100][12.126s] GC(3) Concurrent Preclean
[2024-01-11T17:08:55.905+0100][12.126s] GC(3) Concurrent Preclean 0.116ms
[2024-01-11T17:08:55.905+0100][12.126s] GC(3) Pause Remark
[2024-01-11T17:08:55.907+0100][12.128s] GC(3) Pause Remark 24M->24M(512M) 1.920ms
[2024-01-11T17:08:55.907+0100][12.128s] GC(3) User=0.12s Sys=0.00s Real=0.00s
[2024-01-11T17:08:55.907+0100][12.128s] GC(3) Concurrent Mark 9.700ms
[2024-01-11T17:08:55.907+0100][12.128s] GC(3) Concurrent Rebuild Remembered Sets
[2024-01-11T17:08:55.911+0100][12.132s] GC(3) Concurrent Rebuild Remembered Sets 4.203ms
[2024-01-11T17:08:55.911+0100][12.132s] GC(3) Pause Cleanup
[2024-01-11T17:08:55.911+0100][12.132s] GC(3) Pause Cleanup 24M->24M(512M) 0.091ms
[2024-01-11T17:08:55.911+0100][12.132s] GC(3) User=0.00s Sys=0.00s Real=0.00s
[2024-01-11T17:08:55.911+0100][12.132s] GC(3) Concurrent Cleanup for Next Mark
[2024-01-11T17:08:55.912+0100][12.133s] GC(3) Concurrent Cleanup for Next Mark 0.969ms
[2024-01-11T17:08:55.912+0100][12.133s] GC(3) Concurrent Mark Cycle 18.410ms
[2024-01-11T17:08:55.966+0100][12.186s] GC(4) Pause Young (Concurrent Start) (CodeCache GC Threshold)
[2024-01-11T17:08:55.966+0100][12.187s] GC(4) Using 10 workers of 10 for evacuation
[2024-01-11T17:08:55.972+0100][12.192s] GC(4)   Pre Evacuate Collection Set: 0.2ms
[2024-01-11T17:08:55.972+0100][12.193s] GC(4)   Merge Heap Roots: 0.1ms
[2024-01-11T17:08:55.972+0100][12.193s] GC(4)   Evacuate Collection Set: 4.9ms
[2024-01-11T17:08:55.972+0100][12.193s] GC(4)   Post Evacuate Collection Set: 0.5ms
[2024-01-11T17:08:55.972+0100][12.193s] GC(4)   Other: 0.3ms
[2024-01-11T17:08:55.972+0100][12.193s] GC(4) Eden regions: 5->0(295)
[2024-01-11T17:08:55.972+0100][12.193s] GC(4) Survivor regions: 12->12(39)
[2024-01-11T17:08:55.972+0100][12.193s] GC(4) Old regions: 9->9
[2024-01-11T17:08:55.972+0100][12.193s] GC(4) Archive regions: 0->0
[2024-01-11T17:08:55.972+0100][12.193s] GC(4) Humongous regions: 4->4
[2024-01-11T17:08:55.972+0100][12.193s] GC(4) Metaspace: 21621K(22016K)->21621K(22016K) NonClass: 19218K(19392K)->19218K(19392K) Class: 2402K(2624K)->2402K(2624K)
[2024-01-11T17:08:55.972+0100][12.193s] GC(4) Pause Young (Concurrent Start) (CodeCache GC Threshold) 28M->24M(512M) 6.434ms
[2024-01-11T17:08:55.972+0100][12.193s] GC(5) Concurrent Mark Cycle
[2024-01-11T17:08:55.972+0100][12.193s] GC(4) User=0.05s Sys=0.00s Real=0.01s
[2024-01-11T17:08:55.972+0100][12.193s] GC(5) Concurrent Clear Claimed Marks
[2024-01-11T17:08:55.973+0100][12.193s] GC(5) Concurrent Clear Claimed Marks 0.080ms
[2024-01-11T17:08:55.973+0100][12.193s] GC(5) Concurrent Scan Root Regions
[2024-01-11T17:08:55.975+0100][12.195s] GC(5) Concurrent Scan Root Regions 2.059ms
[2024-01-11T17:08:55.975+0100][12.195s] GC(5) Concurrent Mark
[2024-01-11T17:08:55.975+0100][12.195s] GC(5) Concurrent Mark From Roots
[2024-01-11T17:08:55.975+0100][12.195s] GC(5) Using 3 workers of 3 for marking
[2024-01-11T17:08:55.981+0100][12.202s] GC(5) Concurrent Mark From Roots 7.304ms
[2024-01-11T17:08:55.981+0100][12.202s] GC(5) Concurrent Preclean
[2024-01-11T17:08:55.981+0100][12.203s] GC(5) Concurrent Preclean 0.075ms
[2024-01-11T17:08:55.981+0100][12.203s] GC(5) Pause Remark
[2024-01-11T17:08:55.982+0100][12.204s] GC(5) Pause Remark 25M->25M(512M) 1.167ms
[2024-01-11T17:08:55.982+0100][12.204s] GC(5) User=0.00s Sys=0.00s Real=0.00s
[2024-01-11T17:08:55.982+0100][12.204s] GC(5) Concurrent Mark 8.747ms
[2024-01-11T17:08:55.982+0100][12.204s] GC(5) Concurrent Rebuild Remembered Sets
[2024-01-11T17:08:55.987+0100][12.208s] GC(5) Concurrent Rebuild Remembered Sets 4.050ms
[2024-01-11T17:08:55.987+0100][12.208s] GC(5) Pause Cleanup
[2024-01-11T17:08:55.987+0100][12.208s] GC(5) Pause Cleanup 26M->26M(512M) 0.092ms
[2024-01-11T17:08:55.987+0100][12.208s] GC(5) User=0.00s Sys=0.00s Real=0.00s
[2024-01-11T17:08:55.987+0100][12.208s] GC(5) Concurrent Cleanup for Next Mark
[2024-01-11T17:08:55.988+0100][12.209s] GC(5) Concurrent Cleanup for Next Mark 1.010ms
[2024-01-11T17:08:55.988+0100][12.209s] GC(5) Concurrent Mark Cycle 16.339ms
[2024-01-11T17:09:34.089+0100][50.310s] GC(6) Pause Young (Prepare Mixed) (Metadata GC Threshold)
[2024-01-11T17:09:34.089+0100][50.310s] GC(6) Using 10 workers of 10 for evacuation
[2024-01-11T17:09:34.096+0100][50.317s] GC(6)   Pre Evacuate Collection Set: 0.1ms
[2024-01-11T17:09:34.096+0100][50.317s] GC(6)   Merge Heap Roots: 0.1ms
[2024-01-11T17:09:34.096+0100][50.317s] GC(6)   Evacuate Collection Set: 6.2ms
[2024-01-11T17:09:34.096+0100][50.317s] GC(6)   Post Evacuate Collection Set: 1.0ms
[2024-01-11T17:09:34.096+0100][50.317s] GC(6)   Other: 0.1ms
[2024-01-11T17:09:34.096+0100][50.317s] GC(6) Eden regions: 101->0(7)
[2024-01-11T17:09:34.096+0100][50.317s] GC(6) Survivor regions: 12->18(39)
[2024-01-11T17:09:34.096+0100][50.317s] GC(6) Old regions: 9->9
[2024-01-11T17:09:34.096+0100][50.317s] GC(6) Archive regions: 0->0
[2024-01-11T17:09:34.096+0100][50.317s] GC(6) Humongous regions: 5->4
[2024-01-11T17:09:34.096+0100][50.317s] GC(6) Metaspace: 36499K(36928K)->36499K(36928K) NonClass: 32335K(32512K)->32335K(32512K) Class: 4163K(4416K)->4163K(4416K)
[2024-01-11T17:09:34.096+0100][50.317s] GC(6) Pause Young (Prepare Mixed) (Metadata GC Threshold) 125M->30M(512M) 7.540ms
[2024-01-11T17:09:34.096+0100][50.317s] GC(6) User=0.16s Sys=0.00s Real=0.01s
[2024-01-11T17:09:34.131+0100][50.353s] GC(7) Pause Young (Mixed) (G1 Evacuation Pause)
[2024-01-11T17:09:34.131+0100][50.353s] GC(7) Using 10 workers of 10 for evacuation
[2024-01-11T17:09:34.138+0100][50.359s] GC(7)   Pre Evacuate Collection Set: 0.1ms
[2024-01-11T17:09:34.138+0100][50.359s] GC(7)   Merge Heap Roots: 0.1ms
[2024-01-11T17:09:34.138+0100][50.359s] GC(7)   Evacuate Collection Set: 5.6ms
[2024-01-11T17:09:34.138+0100][50.359s] GC(7)   Post Evacuate Collection Set: 0.5ms
[2024-01-11T17:09:34.138+0100][50.359s] GC(7)   Other: 0.1ms
[2024-01-11T17:09:34.138+0100][50.359s] GC(7) Eden regions: 7->0(304)
[2024-01-11T17:09:34.138+0100][50.359s] GC(7) Survivor regions: 18->3(4)
[2024-01-11T17:09:34.138+0100][50.359s] GC(7) Old regions: 9->26
[2024-01-11T17:09:34.138+0100][50.359s] GC(7) Archive regions: 0->0
[2024-01-11T17:09:34.138+0100][50.359s] GC(7) Humongous regions: 4->4
[2024-01-11T17:09:34.138+0100][50.359s] GC(7) Metaspace: 36660K(37120K)->36660K(37120K) NonClass: 32470K(32704K)->32470K(32704K) Class: 4189K(4416K)->4189K(4416K)
[2024-01-11T17:09:34.138+0100][50.359s] GC(7) Pause Young (Mixed) (G1 Evacuation Pause) 37M->31M(512M) 6.515ms
[2024-01-11T17:09:34.138+0100][50.359s] GC(7) User=0.00s Sys=0.00s Real=0.01s
[2024-01-11T17:09:34.157+0100][50.378s] GC(8) Pause Young (Concurrent Start) (Metadata GC Threshold)
[2024-01-11T17:09:34.157+0100][50.378s] GC(8) Using 10 workers of 10 for evacuation
[2024-01-11T17:09:34.159+0100][50.379s] GC(8)   Pre Evacuate Collection Set: 0.1ms
[2024-01-11T17:09:34.159+0100][50.379s] GC(8)   Merge Heap Roots: 0.1ms
[2024-01-11T17:09:34.159+0100][50.379s] GC(8)   Evacuate Collection Set: 0.4ms
[2024-01-11T17:09:34.159+0100][50.379s] GC(8)   Post Evacuate Collection Set: 0.3ms
[2024-01-11T17:09:34.159+0100][50.379s] GC(8)   Other: 0.0ms
[2024-01-11T17:09:34.159+0100][50.379s] GC(8) Eden regions: 6->0(306)
[2024-01-11T17:09:34.159+0100][50.379s] GC(8) Survivor regions: 3->1(39)
[2024-01-11T17:09:34.159+0100][50.379s] GC(8) Old regions: 26->26
[2024-01-11T17:09:34.159+0100][50.379s] GC(8) Archive regions: 0->0
[2024-01-11T17:09:34.159+0100][50.379s] GC(8) Humongous regions: 4->4
[2024-01-11T17:09:34.159+0100][50.379s] GC(8) Metaspace: 36792K(37248K)->36792K(37248K) NonClass: 32585K(32832K)->32585K(32832K) Class: 4207K(4416K)->4207K(4416K)
[2024-01-11T17:09:34.159+0100][50.379s] GC(8) Pause Young (Concurrent Start) (Metadata GC Threshold) 37M->29M(512M) 1.061ms
[2024-01-11T17:09:34.159+0100][50.379s] GC(9) Concurrent Mark Cycle
[2024-01-11T17:09:34.159+0100][50.379s] GC(8) User=0.00s Sys=0.00s Real=0.00s
[2024-01-11T17:09:34.159+0100][50.379s] GC(9) Concurrent Clear Claimed Marks
[2024-01-11T17:09:34.159+0100][50.380s] GC(9) Concurrent Clear Claimed Marks 0.069ms
[2024-01-11T17:09:34.159+0100][50.380s] GC(9) Concurrent Scan Root Regions
[2024-01-11T17:09:34.159+0100][50.380s] GC(9) Concurrent Scan Root Regions 0.407ms
[2024-01-11T17:09:34.159+0100][50.380s] GC(9) Concurrent Mark
[2024-01-11T17:09:34.159+0100][50.380s] GC(9) Concurrent Mark From Roots
[2024-01-11T17:09:34.159+0100][50.380s] GC(9) Using 3 workers of 3 for marking
[2024-01-11T17:09:34.178+0100][50.398s] GC(9) Concurrent Mark From Roots 18.255ms
[2024-01-11T17:09:34.178+0100][50.398s] GC(9) Concurrent Preclean
[2024-01-11T17:09:34.178+0100][50.398s] GC(9) Concurrent Preclean 0.116ms
[2024-01-11T17:09:34.178+0100][50.399s] GC(9) Pause Remark
[2024-01-11T17:09:34.180+0100][50.401s] GC(9) Pause Remark 32M->32M(512M) 2.757ms
[2024-01-11T17:09:34.180+0100][50.401s] GC(9) User=0.00s Sys=0.00s Real=0.00s
[2024-01-11T17:09:34.181+0100][50.402s] GC(9) Concurrent Mark 21.599ms
[2024-01-11T17:09:34.181+0100][50.402s] GC(9) Concurrent Rebuild Remembered Sets
[2024-01-11T17:09:34.188+0100][50.408s] GC(9) Concurrent Rebuild Remembered Sets 6.593ms
[2024-01-11T17:09:34.188+0100][50.409s] GC(9) Pause Cleanup
[2024-01-11T17:09:34.188+0100][50.409s] GC(9) Pause Cleanup 32M->32M(512M) 0.144ms
[2024-01-11T17:09:34.188+0100][50.409s] GC(9) User=0.00s Sys=0.00s Real=0.00s
[2024-01-11T17:09:34.188+0100][50.409s] GC(9) Concurrent Cleanup for Next Mark
[2024-01-11T17:09:34.189+0100][50.410s] GC(9) Concurrent Cleanup for Next Mark 0.892ms
[2024-01-11T17:09:34.189+0100][50.410s] GC(9) Concurrent Mark Cycle 30.345ms
[2024-01-11T17:09:34.627+0100][50.848s] GC(10) Pause Young (Concurrent Start) (CodeCache GC Threshold)
[2024-01-11T17:09:34.628+0100][50.848s] GC(10) Using 10 workers of 10 for evacuation
[2024-01-11T17:09:34.630+0100][50.851s] GC(10)   Pre Evacuate Collection Set: 0.2ms
[2024-01-11T17:09:34.630+0100][50.851s] GC(10)   Merge Heap Roots: 0.1ms
[2024-01-11T17:09:34.630+0100][50.851s] GC(10)   Evacuate Collection Set: 2.0ms
[2024-01-11T17:09:34.630+0100][50.851s] GC(10)   Post Evacuate Collection Set: 0.4ms
[2024-01-11T17:09:34.630+0100][50.851s] GC(10)   Other: 0.1ms
[2024-01-11T17:09:34.630+0100][50.851s] GC(10) Eden regions: 78->0(304)
[2024-01-11T17:09:34.630+0100][50.851s] GC(10) Survivor regions: 1->3(39)
[2024-01-11T17:09:34.630+0100][50.851s] GC(10) Old regions: 26->26
[2024-01-11T17:09:34.630+0100][50.851s] GC(10) Archive regions: 0->0
[2024-01-11T17:09:34.630+0100][50.851s] GC(10) Humongous regions: 10->10
[2024-01-11T17:09:34.630+0100][50.851s] GC(10) Metaspace: 43458K(44032K)->43458K(44032K) NonClass: 38356K(38656K)->38356K(38656K) Class: 5101K(5376K)->5101K(5376K)
[2024-01-11T17:09:34.631+0100][50.851s] GC(10) Pause Young (Concurrent Start) (CodeCache GC Threshold) 113M->38M(512M) 3.021ms
[2024-01-11T17:09:34.631+0100][50.851s] GC(10) User=0.00s Sys=0.00s Real=0.00s
[2024-01-11T17:09:34.631+0100][50.851s] GC(11) Concurrent Mark Cycle
[2024-01-11T17:09:34.631+0100][50.851s] GC(11) Concurrent Clear Claimed Marks
[2024-01-11T17:09:34.631+0100][50.851s] GC(11) Concurrent Clear Claimed Marks 0.047ms
[2024-01-11T17:09:34.631+0100][50.851s] GC(11) Concurrent Scan Root Regions
[2024-01-11T17:09:34.632+0100][50.853s] GC(11) Concurrent Scan Root Regions 1.672ms
[2024-01-11T17:09:34.632+0100][50.853s] GC(11) Concurrent Mark
[2024-01-11T17:09:34.632+0100][50.853s] GC(11) Concurrent Mark From Roots
[2024-01-11T17:09:34.632+0100][50.853s] GC(11) Using 3 workers of 3 for marking
[2024-01-11T17:09:34.652+0100][50.874s] GC(11) Concurrent Mark From Roots 20.821ms
[2024-01-11T17:09:34.652+0100][50.874s] GC(11) Concurrent Preclean
[2024-01-11T17:09:34.652+0100][50.874s] GC(11) Concurrent Preclean 0.072ms
[2024-01-11T17:09:34.657+0100][50.877s] GC(11) Pause Remark
[2024-01-11T17:09:34.658+0100][50.878s] GC(11) Pause Remark 44M->38M(512M) 1.181ms
[2024-01-11T17:09:34.658+0100][50.878s] GC(11) User=0.00s Sys=0.00s Real=0.00s
[2024-01-11T17:09:34.658+0100][50.878s] GC(11) Concurrent Mark 25.548ms
[2024-01-11T17:09:34.658+0100][50.878s] GC(11) Concurrent Rebuild Remembered Sets
[2024-01-11T17:09:34.666+0100][50.887s] GC(11) Concurrent Rebuild Remembered Sets 8.086ms
[2024-01-11T17:09:34.666+0100][50.887s] GC(11) Pause Cleanup
[2024-01-11T17:09:34.666+0100][50.887s] GC(11) Pause Cleanup 40M->40M(512M) 0.147ms
[2024-01-11T17:09:34.666+0100][50.887s] GC(11) User=0.00s Sys=0.00s Real=0.00s
[2024-01-11T17:09:34.666+0100][50.887s] GC(11) Concurrent Cleanup for Next Mark
[2024-01-11T17:09:34.668+0100][50.888s] GC(11) Concurrent Cleanup for Next Mark 1.124ms
[2024-01-11T17:09:34.668+0100][50.888s] GC(11) Concurrent Mark Cycle 37.071ms
[2024-01-11T17:09:34.782+0100][51.003s] GC(12) Pause Young (Concurrent Start) (CodeCache GC Threshold)
[2024-01-11T17:09:34.782+0100][51.003s] GC(12) Using 10 workers of 10 for evacuation
[2024-01-11T17:09:34.786+0100][51.006s] GC(12)   Pre Evacuate Collection Set: 0.1ms
[2024-01-11T17:09:34.786+0100][51.006s] GC(12)   Merge Heap Roots: 0.1ms
[2024-01-11T17:09:34.786+0100][51.007s] GC(12)   Evacuate Collection Set: 2.3ms
[2024-01-11T17:09:34.786+0100][51.007s] GC(12)   Post Evacuate Collection Set: 0.5ms
[2024-01-11T17:09:34.786+0100][51.007s] GC(12)   Other: 0.1ms
[2024-01-11T17:09:34.786+0100][51.007s] GC(12) Eden regions: 29->0(302)
[2024-01-11T17:09:34.786+0100][51.007s] GC(12) Survivor regions: 3->5(39)
[2024-01-11T17:09:34.786+0100][51.007s] GC(12) Old regions: 26->26
[2024-01-11T17:09:34.786+0100][51.007s] GC(12) Archive regions: 0->0
[2024-01-11T17:09:34.786+0100][51.007s] GC(12) Humongous regions: 4->4
[2024-01-11T17:09:34.786+0100][51.007s] GC(12) Metaspace: 45565K(46080K)->45565K(46080K) NonClass: 40216K(40512K)->40216K(40512K) Class: 5348K(5568K)->5348K(5568K)
[2024-01-11T17:09:34.786+0100][51.007s] GC(12) Pause Young (Concurrent Start) (CodeCache GC Threshold) 60M->33M(512M) 3.309ms
[2024-01-11T17:09:34.786+0100][51.007s] GC(13) Concurrent Mark Cycle
[2024-01-11T17:09:34.786+0100][51.007s] GC(12) User=0.00s Sys=0.00s Real=0.00s
[2024-01-11T17:09:34.786+0100][51.007s] GC(13) Concurrent Clear Claimed Marks
[2024-01-11T17:09:34.786+0100][51.007s] GC(13) Concurrent Clear Claimed Marks 0.084ms
[2024-01-11T17:09:34.786+0100][51.007s] GC(13) Concurrent Scan Root Regions
[2024-01-11T17:09:34.787+0100][51.008s] GC(13) Concurrent Scan Root Regions 1.619ms
[2024-01-11T17:09:34.788+0100][51.008s] GC(13) Concurrent Mark
[2024-01-11T17:09:34.788+0100][51.008s] GC(13) Concurrent Mark From Roots
[2024-01-11T17:09:34.788+0100][51.008s] GC(13) Using 3 workers of 3 for marking
[2024-01-11T17:09:34.803+0100][51.023s] GC(13) Concurrent Mark From Roots 14.807ms
[2024-01-11T17:09:34.803+0100][51.023s] GC(13) Concurrent Preclean
[2024-01-11T17:09:34.803+0100][51.023s] GC(13) Concurrent Preclean 0.085ms
[2024-01-11T17:09:34.803+0100][51.024s] GC(13) Pause Remark
[2024-01-11T17:09:34.804+0100][51.025s] GC(13) Pause Remark 35M->35M(512M) 1.444ms
[2024-01-11T17:09:34.804+0100][51.025s] GC(13) User=0.00s Sys=0.00s Real=0.00s
[2024-01-11T17:09:34.805+0100][51.025s] GC(13) Concurrent Mark 16.668ms
[2024-01-11T17:09:34.805+0100][51.025s] GC(13) Concurrent Rebuild Remembered Sets
[2024-01-11T17:09:34.813+0100][51.034s] GC(13) Concurrent Rebuild Remembered Sets 8.502ms
[2024-01-11T17:09:34.813+0100][51.034s] GC(13) Pause Cleanup
[2024-01-11T17:09:34.813+0100][51.034s] GC(13) Pause Cleanup 36M->36M(512M) 0.133ms
[2024-01-11T17:09:34.813+0100][51.034s] GC(13) User=0.00s Sys=0.00s Real=0.00s
[2024-01-11T17:09:34.814+0100][51.034s] GC(13) Concurrent Cleanup for Next Mark
[2024-01-11T17:09:34.814+0100][51.035s] GC(13) Concurrent Cleanup for Next Mark 0.840ms
[2024-01-11T17:09:34.814+0100][51.035s] GC(13) Concurrent Mark Cycle 28.338ms
[2024-01-11T17:12:02.177+0100][198.398s] GC(14) Pause Young (Concurrent Start) (CodeCache GC Threshold)
[2024-01-11T17:12:02.177+0100][198.398s] GC(14) Using 10 workers of 10 for evacuation
[2024-01-11T17:12:02.185+0100][198.405s] GC(14)   Pre Evacuate Collection Set: 0.2ms
[2024-01-11T17:12:02.185+0100][198.405s] GC(14)   Merge Heap Roots: 0.1ms
[2024-01-11T17:12:02.185+0100][198.405s] GC(14)   Evacuate Collection Set: 5.9ms
[2024-01-11T17:12:02.185+0100][198.405s] GC(14)   Post Evacuate Collection Set: 0.9ms
[2024-01-11T17:12:02.185+0100][198.405s] GC(14)   Other: 0.1ms
[2024-01-11T17:12:02.185+0100][198.405s] GC(14) Eden regions: 198->0(290)
[2024-01-11T17:12:02.185+0100][198.405s] GC(14) Survivor regions: 5->17(39)
[2024-01-11T17:12:02.185+0100][198.405s] GC(14) Old regions: 26->26
[2024-01-11T17:12:02.185+0100][198.405s] GC(14) Archive regions: 0->0
[2024-01-11T17:12:02.185+0100][198.405s] GC(14) Humongous regions: 4->4
[2024-01-11T17:12:02.185+0100][198.405s] GC(14) Metaspace: 57438K(58048K)->57438K(58048K) NonClass: 50554K(50880K)->50554K(50880K) Class: 6883K(7168K)->6883K(7168K)
[2024-01-11T17:12:02.185+0100][198.405s] GC(14) Pause Young (Concurrent Start) (CodeCache GC Threshold) 231M->46M(512M) 7.455ms
[2024-01-11T17:12:02.185+0100][198.405s] GC(14) User=0.00s Sys=0.00s Real=0.01s
[2024-01-11T17:12:02.185+0100][198.405s] GC(15) Concurrent Mark Cycle
[2024-01-11T17:12:02.185+0100][198.405s] GC(15) Concurrent Clear Claimed Marks
[2024-01-11T17:12:02.185+0100][198.405s] GC(15) Concurrent Clear Claimed Marks 0.032ms
[2024-01-11T17:12:02.185+0100][198.405s] GC(15) Concurrent Scan Root Regions
[2024-01-11T17:12:02.189+0100][198.409s] GC(15) Concurrent Scan Root Regions 3.908ms
[2024-01-11T17:12:02.189+0100][198.409s] GC(15) Concurrent Mark
[2024-01-11T17:12:02.189+0100][198.409s] GC(15) Concurrent Mark From Roots
[2024-01-11T17:12:02.189+0100][198.409s] GC(15) Using 3 workers of 3 for marking
[2024-01-11T17:12:02.200+0100][198.421s] GC(15) Concurrent Mark From Roots 11.453ms
[2024-01-11T17:12:02.200+0100][198.421s] GC(15) Concurrent Preclean
[2024-01-11T17:12:02.200+0100][198.421s] GC(15) Concurrent Preclean 0.083ms
[2024-01-11T17:12:02.201+0100][198.421s] GC(15) Pause Remark
[2024-01-11T17:12:02.204+0100][198.425s] GC(15) Pause Remark 48M->48M(512M) 3.560ms
[2024-01-11T17:12:02.204+0100][198.425s] GC(15) User=0.00s Sys=0.00s Real=0.00s
[2024-01-11T17:12:02.204+0100][198.425s] GC(15) Concurrent Mark 15.354ms
[2024-01-11T17:12:02.204+0100][198.425s] GC(15) Concurrent Rebuild Remembered Sets
[2024-01-11T17:12:02.209+0100][198.430s] GC(15) Concurrent Rebuild Remembered Sets 5.207ms
[2024-01-11T17:12:02.209+0100][198.430s] GC(15) Pause Cleanup
[2024-01-11T17:12:02.210+0100][198.430s] GC(15) Pause Cleanup 48M->48M(512M) 0.142ms
[2024-01-11T17:12:02.210+0100][198.430s] GC(15) User=0.00s Sys=0.00s Real=0.00s
[2024-01-11T17:12:02.210+0100][198.430s] GC(15) Concurrent Cleanup for Next Mark
[2024-01-11T17:12:02.210+0100][198.431s] GC(15) Concurrent Cleanup for Next Mark 0.640ms
[2024-01-11T17:12:02.210+0100][198.431s] GC(15) Concurrent Mark Cycle 25.710ms
[2024-01-11T17:12:03.932+0100][200.153s] GC(16) Pause Young (Normal) (G1 Evacuation Pause)
[2024-01-11T17:12:03.932+0100][200.153s] GC(16) Using 10 workers of 10 for evacuation
[2024-01-11T17:12:03.939+0100][200.159s] GC(16)   Pre Evacuate Collection Set: 0.1ms
[2024-01-11T17:12:03.939+0100][200.159s] GC(16)   Merge Heap Roots: 0.1ms
[2024-01-11T17:12:03.939+0100][200.159s] GC(16)   Evacuate Collection Set: 5.6ms
[2024-01-11T17:12:03.939+0100][200.159s] GC(16)   Post Evacuate Collection Set: 0.6ms
[2024-01-11T17:12:03.939+0100][200.159s] GC(16)   Other: 0.1ms
[2024-01-11T17:12:03.939+0100][200.159s] GC(16) Eden regions: 290->0(288)
[2024-01-11T17:12:03.939+0100][200.159s] GC(16) Survivor regions: 17->19(39)
[2024-01-11T17:12:03.939+0100][200.159s] GC(16) Old regions: 26->26
[2024-01-11T17:12:03.939+0100][200.159s] GC(16) Archive regions: 0->0
[2024-01-11T17:12:03.939+0100][200.159s] GC(16) Humongous regions: 4->4
[2024-01-11T17:12:03.939+0100][200.159s] GC(16) Metaspace: 58557K(59200K)->58557K(59200K) NonClass: 51639K(51968K)->51639K(51968K) Class: 6918K(7232K)->6918K(7232K)
[2024-01-11T17:12:03.939+0100][200.159s] GC(16) Pause Young (Normal) (G1 Evacuation Pause) 336M->48M(512M) 6.667ms
[2024-01-11T17:12:03.939+0100][200.159s] GC(16) User=0.16s Sys=0.00s Real=0.01s
[2024-01-11T17:12:05.587+0100][201.808s] GC(17) Pause Young (Normal) (G1 Evacuation Pause)
[2024-01-11T17:12:05.587+0100][201.808s] GC(17) Using 10 workers of 10 for evacuation
[2024-01-11T17:12:05.594+0100][201.816s] GC(17)   Pre Evacuate Collection Set: 0.1ms
[2024-01-11T17:12:05.594+0100][201.816s] GC(17)   Merge Heap Roots: 0.0ms
[2024-01-11T17:12:05.594+0100][201.816s] GC(17)   Evacuate Collection Set: 6.4ms
[2024-01-11T17:12:05.594+0100][201.816s] GC(17)   Post Evacuate Collection Set: 0.9ms
[2024-01-11T17:12:05.594+0100][201.816s] GC(17)   Other: 0.1ms
[2024-01-11T17:12:05.595+0100][201.816s] GC(17) Eden regions: 288->0(286)
[2024-01-11T17:12:05.595+0100][201.816s] GC(17) Survivor regions: 19->21(39)
[2024-01-11T17:12:05.595+0100][201.816s] GC(17) Old regions: 26->26
[2024-01-11T17:12:05.595+0100][201.816s] GC(17) Archive regions: 0->0
[2024-01-11T17:12:05.595+0100][201.816s] GC(17) Humongous regions: 4->4
[2024-01-11T17:12:05.595+0100][201.816s] GC(17) Metaspace: 59071K(59712K)->59071K(59712K) NonClass: 52151K(52480K)->52151K(52480K) Class: 6919K(7232K)->6919K(7232K)
[2024-01-11T17:12:05.595+0100][201.816s] GC(17) Pause Young (Normal) (G1 Evacuation Pause) 336M->50M(512M) 7.721ms
[2024-01-11T17:12:05.595+0100][201.816s] GC(17) User=0.02s Sys=0.00s Real=0.01s
[2024-01-11T17:12:05.999+0100][202.219s] GC(18) Pause Young (Concurrent Start) (CodeCache GC Threshold)
[2024-01-11T17:12:05.999+0100][202.219s] GC(18) Using 10 workers of 10 for evacuation
[2024-01-11T17:12:06.005+0100][202.226s] GC(18)   Pre Evacuate Collection Set: 0.2ms
[2024-01-11T17:12:06.005+0100][202.226s] GC(18)   Merge Heap Roots: 0.1ms
[2024-01-11T17:12:06.005+0100][202.226s] GC(18)   Evacuate Collection Set: 5.3ms
[2024-01-11T17:12:06.005+0100][202.226s] GC(18)   Post Evacuate Collection Set: 0.8ms
[2024-01-11T17:12:06.005+0100][202.226s] GC(18)   Other: 0.1ms
[2024-01-11T17:12:06.005+0100][202.226s] GC(18) Eden regions: 72->0(285)
[2024-01-11T17:12:06.005+0100][202.226s] GC(18) Survivor regions: 21->22(39)
[2024-01-11T17:12:06.005+0100][202.226s] GC(18) Old regions: 26->26
[2024-01-11T17:12:06.005+0100][202.226s] GC(18) Archive regions: 0->0
[2024-01-11T17:12:06.005+0100][202.226s] GC(18) Humongous regions: 4->4
[2024-01-11T17:12:06.005+0100][202.226s] GC(18) Metaspace: 59115K(59776K)->59115K(59776K) NonClass: 52196K(52544K)->52196K(52544K) Class: 6919K(7232K)->6919K(7232K)
[2024-01-11T17:12:06.005+0100][202.226s] GC(18) Pause Young (Concurrent Start) (CodeCache GC Threshold) 122M->50M(512M) 6.691ms
[2024-01-11T17:12:06.005+0100][202.226s] GC(18) User=0.16s Sys=0.00s Real=0.01s
[2024-01-11T17:12:06.005+0100][202.226s] GC(19) Concurrent Mark Cycle
[2024-01-11T17:12:06.005+0100][202.226s] GC(19) Concurrent Clear Claimed Marks
[2024-01-11T17:12:06.005+0100][202.226s] GC(19) Concurrent Clear Claimed Marks 0.062ms
[2024-01-11T17:12:06.005+0100][202.226s] GC(19) Concurrent Scan Root Regions
[2024-01-11T17:12:06.009+0100][202.230s] GC(19) Concurrent Scan Root Regions 3.895ms
[2024-01-11T17:12:06.009+0100][202.230s] GC(19) Concurrent Mark
[2024-01-11T17:12:06.009+0100][202.230s] GC(19) Concurrent Mark From Roots
[2024-01-11T17:12:06.009+0100][202.230s] GC(19) Using 3 workers of 3 for marking
[2024-01-11T17:12:06.021+0100][202.242s] GC(19) Concurrent Mark From Roots 12.290ms
[2024-01-11T17:12:06.021+0100][202.242s] GC(19) Concurrent Preclean
[2024-01-11T17:12:06.021+0100][202.242s] GC(19) Concurrent Preclean 0.096ms
[2024-01-11T17:12:06.021+0100][202.242s] GC(19) Pause Remark
[2024-01-11T17:12:06.023+0100][202.244s] GC(19) Pause Remark 52M->52M(512M) 2.001ms
[2024-01-11T17:12:06.023+0100][202.244s] GC(19) User=0.00s Sys=0.00s Real=0.00s
[2024-01-11T17:12:06.023+0100][202.245s] GC(19) Concurrent Mark 14.733ms
[2024-01-11T17:12:06.023+0100][202.245s] GC(19) Concurrent Rebuild Remembered Sets
[2024-01-11T17:12:06.029+0100][202.250s] GC(19) Concurrent Rebuild Remembered Sets 5.605ms
[2024-01-11T17:12:06.029+0100][202.250s] GC(19) Pause Cleanup
[2024-01-11T17:12:06.029+0100][202.250s] GC(19) Pause Cleanup 53M->53M(512M) 0.100ms
[2024-01-11T17:12:06.029+0100][202.250s] GC(19) User=0.00s Sys=0.00s Real=0.00s
[2024-01-11T17:12:06.029+0100][202.250s] GC(19) Concurrent Cleanup for Next Mark
[2024-01-11T17:12:06.030+0100][202.251s] GC(19) Concurrent Cleanup for Next Mark 0.690ms
[2024-01-11T17:12:06.030+0100][202.251s] GC(19) Concurrent Mark Cycle 25.425ms
[2024-01-11T17:12:06.487+0100][202.707s] GC(20) Pause Young (Concurrent Start) (CodeCache GC Threshold)
[2024-01-11T17:12:06.487+0100][202.707s] GC(20) Using 10 workers of 10 for evacuation
[2024-01-11T17:12:06.494+0100][202.715s] GC(20)   Pre Evacuate Collection Set: 0.1ms
[2024-01-11T17:12:06.494+0100][202.715s] GC(20)   Merge Heap Roots: 0.0ms
[2024-01-11T17:12:06.494+0100][202.715s] GC(20)   Evacuate Collection Set: 6.4ms
[2024-01-11T17:12:06.494+0100][202.715s] GC(20)   Post Evacuate Collection Set: 0.9ms
[2024-01-11T17:12:06.494+0100][202.715s] GC(20)   Other: 0.1ms
[2024-01-11T17:12:06.494+0100][202.715s] GC(20) Eden regions: 81->0(287)
[2024-01-11T17:12:06.494+0100][202.715s] GC(20) Survivor regions: 22->20(39)
[2024-01-11T17:12:06.494+0100][202.715s] GC(20) Old regions: 26->28
[2024-01-11T17:12:06.494+0100][202.715s] GC(20) Archive regions: 0->0
[2024-01-11T17:12:06.494+0100][202.715s] GC(20) Humongous regions: 4->4
[2024-01-11T17:12:06.494+0100][202.715s] GC(20) Metaspace: 59166K(59776K)->59166K(59776K) NonClass: 52247K(52544K)->52247K(52544K) Class: 6919K(7232K)->6919K(7232K)
[2024-01-11T17:12:06.494+0100][202.715s] GC(20) Pause Young (Concurrent Start) (CodeCache GC Threshold) 131M->51M(512M) 7.671ms
[2024-01-11T17:12:06.494+0100][202.715s] GC(20) User=0.00s Sys=0.00s Real=0.01s
[2024-01-11T17:12:06.494+0100][202.715s] GC(21) Concurrent Mark Cycle
[2024-01-11T17:12:06.495+0100][202.715s] GC(21) Concurrent Clear Claimed Marks
[2024-01-11T17:12:06.495+0100][202.715s] GC(21) Concurrent Clear Claimed Marks 0.059ms
[2024-01-11T17:12:06.495+0100][202.715s] GC(21) Concurrent Scan Root Regions
[2024-01-11T17:12:06.500+0100][202.721s] GC(21) Concurrent Scan Root Regions 5.849ms
[2024-01-11T17:12:06.500+0100][202.721s] GC(21) Concurrent Mark
[2024-01-11T17:12:06.501+0100][202.721s] GC(21) Concurrent Mark From Roots
[2024-01-11T17:12:06.501+0100][202.721s] GC(21) Using 3 workers of 3 for marking
[2024-01-11T17:12:06.519+0100][202.739s] GC(21) Concurrent Mark From Roots 18.153ms
[2024-01-11T17:12:06.519+0100][202.739s] GC(21) Concurrent Preclean
[2024-01-11T17:12:06.519+0100][202.739s] GC(21) Concurrent Preclean 0.117ms
[2024-01-11T17:12:06.519+0100][202.740s] GC(21) Pause Remark
[2024-01-11T17:12:06.521+0100][202.742s] GC(21) Pause Remark 54M->54M(512M) 2.243ms
[2024-01-11T17:12:06.521+0100][202.742s] GC(21) User=0.00s Sys=0.00s Real=0.00s
[2024-01-11T17:12:06.521+0100][202.742s] GC(21) Concurrent Mark 20.837ms
[2024-01-11T17:12:06.521+0100][202.742s] GC(21) Concurrent Rebuild Remembered Sets
[2024-01-11T17:12:06.521+0100][202.742s] GC(21) Concurrent Rebuild Remembered Sets 0.024ms
[2024-01-11T17:12:06.522+0100][202.742s] GC(21) Pause Cleanup
[2024-01-11T17:12:06.522+0100][202.742s] GC(21) Pause Cleanup 54M->54M(512M) 0.033ms
[2024-01-11T17:12:06.522+0100][202.742s] GC(21) User=0.00s Sys=0.00s Real=0.00s
[2024-01-11T17:12:06.522+0100][202.742s] GC(21) Concurrent Cleanup for Next Mark
[2024-01-11T17:12:06.523+0100][202.743s] GC(21) Concurrent Cleanup for Next Mark 0.813ms
[2024-01-11T17:12:06.523+0100][202.743s] GC(21) Concurrent Mark Cycle 27.994ms
[2024-01-11T17:12:07.678+0100][203.899s] GC(22) Pause Young (Concurrent Start) (CodeCache GC Threshold)
[2024-01-11T17:12:07.678+0100][203.899s] GC(22) Using 10 workers of 10 for evacuation
[2024-01-11T17:12:07.683+0100][203.904s] GC(22)   Pre Evacuate Collection Set: 0.1ms
[2024-01-11T17:12:07.683+0100][203.904s] GC(22)   Merge Heap Roots: 0.0ms
[2024-01-11T17:12:07.683+0100][203.904s] GC(22)   Evacuate Collection Set: 4.7ms
[2024-01-11T17:12:07.683+0100][203.904s] GC(22)   Post Evacuate Collection Set: 0.7ms
[2024-01-11T17:12:07.683+0100][203.904s] GC(22)   Other: 0.1ms
[2024-01-11T17:12:07.683+0100][203.905s] GC(22) Eden regions: 187->0(287)
[2024-01-11T17:12:07.683+0100][203.905s] GC(22) Survivor regions: 20->20(39)
[2024-01-11T17:12:07.683+0100][203.905s] GC(22) Old regions: 28->28
[2024-01-11T17:12:07.683+0100][203.905s] GC(22) Archive regions: 0->0
[2024-01-11T17:12:07.683+0100][203.905s] GC(22) Humongous regions: 4->4
[2024-01-11T17:12:07.683+0100][203.905s] GC(22) Metaspace: 59344K(59968K)->59344K(59968K) NonClass: 52424K(52736K)->52424K(52736K) Class: 6919K(7232K)->6919K(7232K)
[2024-01-11T17:12:07.683+0100][203.905s] GC(22) Pause Young (Concurrent Start) (CodeCache GC Threshold) 238M->51M(512M) 5.760ms
[2024-01-11T17:12:07.683+0100][203.905s] GC(22) User=0.00s Sys=0.00s Real=0.01s
[2024-01-11T17:12:07.683+0100][203.905s] GC(23) Concurrent Mark Cycle
[2024-01-11T17:12:07.683+0100][203.905s] GC(23) Concurrent Clear Claimed Marks
[2024-01-11T17:12:07.683+0100][203.905s] GC(23) Concurrent Clear Claimed Marks 0.070ms
[2024-01-11T17:12:07.683+0100][203.905s] GC(23) Concurrent Scan Root Regions
[2024-01-11T17:12:07.689+0100][203.910s] GC(23) Concurrent Scan Root Regions 5.341ms
[2024-01-11T17:12:07.689+0100][203.910s] GC(23) Concurrent Mark
[2024-01-11T17:12:07.689+0100][203.910s] GC(23) Concurrent Mark From Roots
[2024-01-11T17:12:07.689+0100][203.910s] GC(23) Using 3 workers of 3 for marking
[2024-01-11T17:12:07.705+0100][203.927s] GC(23) Concurrent Mark From Roots 16.639ms
[2024-01-11T17:12:07.705+0100][203.927s] GC(23) Concurrent Preclean
[2024-01-11T17:12:07.706+0100][203.927s] GC(23) Concurrent Preclean 0.116ms
[2024-01-11T17:12:07.706+0100][203.927s] GC(23) Pause Remark
[2024-01-11T17:12:07.708+0100][203.929s] GC(23) Pause Remark 55M->55M(512M) 1.990ms
[2024-01-11T17:12:07.708+0100][203.929s] GC(23) User=0.00s Sys=0.00s Real=0.00s
[2024-01-11T17:12:07.708+0100][203.929s] GC(23) Concurrent Mark 19.072ms
[2024-01-11T17:12:07.708+0100][203.929s] GC(23) Concurrent Rebuild Remembered Sets
[2024-01-11T17:12:07.715+0100][203.936s] GC(23) Concurrent Rebuild Remembered Sets 6.666ms
[2024-01-11T17:12:07.716+0100][203.936s] GC(23) Pause Cleanup
[2024-01-11T17:12:07.716+0100][203.936s] GC(23) Pause Cleanup 56M->56M(512M) 0.161ms
[2024-01-11T17:12:07.716+0100][203.936s] GC(23) User=0.00s Sys=0.00s Real=0.00s
[2024-01-11T17:12:07.716+0100][203.936s] GC(23) Concurrent Cleanup for Next Mark
[2024-01-11T17:12:07.716+0100][203.937s] GC(23) Concurrent Cleanup for Next Mark 0.612ms
[2024-01-11T17:12:07.716+0100][203.937s] GC(23) Concurrent Mark Cycle 32.397ms
[2024-01-11T17:12:09.212+0100][205.433s] GC(24) Pause Young (Normal) (G1 Evacuation Pause)
[2024-01-11T17:12:09.212+0100][205.433s] GC(24) Using 10 workers of 10 for evacuation
[2024-01-11T17:12:09.218+0100][205.440s] GC(24)   Pre Evacuate Collection Set: 0.1ms
[2024-01-11T17:12:09.218+0100][205.440s] GC(24)   Merge Heap Roots: 0.1ms
[2024-01-11T17:12:09.218+0100][205.440s] GC(24)   Evacuate Collection Set: 5.2ms
[2024-01-11T17:12:09.218+0100][205.440s] GC(24)   Post Evacuate Collection Set: 0.8ms
[2024-01-11T17:12:09.218+0100][205.440s] GC(24)   Other: 0.1ms
[2024-01-11T17:12:09.218+0100][205.440s] GC(24) Eden regions: 287->0(285)
[2024-01-11T17:12:09.218+0100][205.440s] GC(24) Survivor regions: 20->22(39)
[2024-01-11T17:12:09.218+0100][205.440s] GC(24) Old regions: 28->28
[2024-01-11T17:12:09.218+0100][205.440s] GC(24) Archive regions: 0->0
[2024-01-11T17:12:09.218+0100][205.440s] GC(24) Humongous regions: 4->4
[2024-01-11T17:12:09.218+0100][205.440s] GC(24) Metaspace: 59756K(60352K)->59756K(60352K) NonClass: 52833K(53120K)->52833K(53120K) Class: 6923K(7232K)->6923K(7232K)
[2024-01-11T17:12:09.218+0100][205.440s] GC(24) Pause Young (Normal) (G1 Evacuation Pause) 338M->53M(512M) 6.463ms
[2024-01-11T17:12:09.218+0100][205.440s] GC(24) User=0.00s Sys=0.00s Real=0.01s
[2024-01-11T17:12:10.758+0100][206.979s] GC(25) Pause Young (Normal) (G1 Evacuation Pause)
[2024-01-11T17:12:10.758+0100][206.979s] GC(25) Using 10 workers of 10 for evacuation
[2024-01-11T17:12:10.765+0100][206.986s] GC(25)   Pre Evacuate Collection Set: 0.1ms
[2024-01-11T17:12:10.765+0100][206.986s] GC(25)   Merge Heap Roots: 0.1ms
[2024-01-11T17:12:10.765+0100][206.986s] GC(25)   Evacuate Collection Set: 5.4ms
[2024-01-11T17:12:10.765+0100][206.986s] GC(25)   Post Evacuate Collection Set: 0.8ms
[2024-01-11T17:12:10.765+0100][206.986s] GC(25)   Other: 0.1ms
[2024-01-11T17:12:10.765+0100][206.986s] GC(25) Eden regions: 285->0(285)
[2024-01-11T17:12:10.765+0100][206.986s] GC(25) Survivor regions: 22->22(39)
[2024-01-11T17:12:10.765+0100][206.986s] GC(25) Old regions: 28->30
[2024-01-11T17:12:10.765+0100][206.986s] GC(25) Archive regions: 0->0
[2024-01-11T17:12:10.765+0100][206.986s] GC(25) Humongous regions: 4->4
[2024-01-11T17:12:10.765+0100][206.986s] GC(25) Metaspace: 59857K(60480K)->59857K(60480K) NonClass: 52933K(53248K)->52933K(53248K) Class: 6924K(7232K)->6924K(7232K)
[2024-01-11T17:12:10.765+0100][206.986s] GC(25) Pause Young (Normal) (G1 Evacuation Pause) 338M->55M(512M) 6.790ms
[2024-01-11T17:12:10.765+0100][206.986s] GC(25) User=0.00s Sys=0.00s Real=0.01s
[2024-01-11T17:12:12.144+0100][208.364s] GC(26) Pause Young (Normal) (G1 Evacuation Pause)
[2024-01-11T17:12:12.144+0100][208.364s] GC(26) Using 10 workers of 10 for evacuation
[2024-01-11T17:12:12.149+0100][208.370s] GC(26)   Pre Evacuate Collection Set: 0.1ms
[2024-01-11T17:12:12.149+0100][208.370s] GC(26)   Merge Heap Roots: 0.1ms
[2024-01-11T17:12:12.149+0100][208.370s] GC(26)   Evacuate Collection Set: 4.7ms
[2024-01-11T17:12:12.149+0100][208.370s] GC(26)   Post Evacuate Collection Set: 0.8ms
[2024-01-11T17:12:12.149+0100][208.370s] GC(26)   Other: 0.1ms
[2024-01-11T17:12:12.149+0100][208.370s] GC(26) Eden regions: 285->0(294)
[2024-01-11T17:12:12.149+0100][208.370s] GC(26) Survivor regions: 22->13(39)
[2024-01-11T17:12:12.149+0100][208.370s] GC(26) Old regions: 30->41
[2024-01-11T17:12:12.149+0100][208.370s] GC(26) Archive regions: 0->0
[2024-01-11T17:12:12.149+0100][208.370s] GC(26) Humongous regions: 4->4
[2024-01-11T17:12:12.150+0100][208.370s] GC(26) Metaspace: 59985K(60608K)->59985K(60608K) NonClass: 53054K(53376K)->53054K(53376K) Class: 6931K(7232K)->6931K(7232K)
[2024-01-11T17:12:12.150+0100][208.370s] GC(26) Pause Young (Normal) (G1 Evacuation Pause) 340M->56M(512M) 6.014ms
[2024-01-11T17:12:12.150+0100][208.370s] GC(26) User=0.00s Sys=0.00s Real=0.01s
[2024-01-11T17:12:13.627+0100][209.847s] GC(27) Pause Young (Normal) (G1 Evacuation Pause)
[2024-01-11T17:12:13.627+0100][209.848s] GC(27) Using 10 workers of 10 for evacuation
[2024-01-11T17:12:13.630+0100][209.850s] GC(27)   Pre Evacuate Collection Set: 0.1ms
[2024-01-11T17:12:13.630+0100][209.850s] GC(27)   Merge Heap Roots: 0.1ms
[2024-01-11T17:12:13.630+0100][209.850s] GC(27)   Evacuate Collection Set: 1.9ms
[2024-01-11T17:12:13.630+0100][209.850s] GC(27)   Post Evacuate Collection Set: 0.6ms
[2024-01-11T17:12:13.630+0100][209.850s] GC(27)   Other: 0.1ms
[2024-01-11T17:12:13.630+0100][209.850s] GC(27) Eden regions: 294->0(294)
[2024-01-11T17:12:13.630+0100][209.850s] GC(27) Survivor regions: 13->13(39)
[2024-01-11T17:12:13.630+0100][209.850s] GC(27) Old regions: 41->41
[2024-01-11T17:12:13.630+0100][209.850s] GC(27) Archive regions: 0->0
[2024-01-11T17:12:13.630+0100][209.850s] GC(27) Humongous regions: 4->4
[2024-01-11T17:12:13.630+0100][209.850s] GC(27) Metaspace: 60196K(60800K)->60196K(60800K) NonClass: 53263K(53568K)->53263K(53568K) Class: 6932K(7232K)->6932K(7232K)
[2024-01-11T17:12:13.630+0100][209.850s] GC(27) Pause Young (Normal) (G1 Evacuation Pause) 350M->57M(512M) 2.959ms
[2024-01-11T17:12:13.630+0100][209.850s] GC(27) User=0.00s Sys=0.00s Real=0.00s
[2024-01-11T17:12:13.850+0100][210.072s] GC(28) Pause Young (Concurrent Start) (CodeCache GC Threshold)
[2024-01-11T17:12:13.851+0100][210.072s] GC(28) Using 10 workers of 10 for evacuation
[2024-01-11T17:12:13.853+0100][210.074s] GC(28)   Pre Evacuate Collection Set: 0.1ms
[2024-01-11T17:12:13.853+0100][210.074s] GC(28)   Merge Heap Roots: 0.1ms
[2024-01-11T17:12:13.853+0100][210.074s] GC(28)   Evacuate Collection Set: 1.9ms
[2024-01-11T17:12:13.853+0100][210.074s] GC(28)   Post Evacuate Collection Set: 0.4ms
[2024-01-11T17:12:13.853+0100][210.074s] GC(28)   Other: 0.1ms
[2024-01-11T17:12:13.853+0100][210.074s] GC(28) Eden regions: 43->0(294)
[2024-01-11T17:12:13.853+0100][210.074s] GC(28) Survivor regions: 13->13(39)
[2024-01-11T17:12:13.853+0100][210.074s] GC(28) Old regions: 41->41
[2024-01-11T17:12:13.853+0100][210.074s] GC(28) Archive regions: 0->0
[2024-01-11T17:12:13.853+0100][210.075s] GC(28) Humongous regions: 4->4
[2024-01-11T17:12:13.853+0100][210.075s] GC(28) Metaspace: 60254K(60864K)->60254K(60864K) NonClass: 53314K(53632K)->53314K(53632K) Class: 6939K(7232K)->6939K(7232K)
[2024-01-11T17:12:13.853+0100][210.075s] GC(28) Pause Young (Concurrent Start) (CodeCache GC Threshold) 99M->57M(512M) 2.894ms
[2024-01-11T17:12:13.853+0100][210.075s] GC(28) User=0.00s Sys=0.00s Real=0.00s
[2024-01-11T17:12:13.853+0100][210.075s] GC(29) Concurrent Mark Cycle
[2024-01-11T17:12:13.854+0100][210.075s] GC(29) Concurrent Clear Claimed Marks
[2024-01-11T17:12:13.854+0100][210.075s] GC(29) Concurrent Clear Claimed Marks 0.098ms
[2024-01-11T17:12:13.854+0100][210.075s] GC(29) Concurrent Scan Root Regions
[2024-01-11T17:12:13.855+0100][210.076s] GC(29) Concurrent Scan Root Regions 1.137ms
[2024-01-11T17:12:13.855+0100][210.076s] GC(29) Concurrent Mark
[2024-01-11T17:12:13.855+0100][210.076s] GC(29) Concurrent Mark From Roots
[2024-01-11T17:12:13.855+0100][210.076s] GC(29) Using 3 workers of 3 for marking
[2024-01-11T17:12:13.888+0100][210.109s] GC(29) Concurrent Mark From Roots 33.117ms
[2024-01-11T17:12:13.888+0100][210.109s] GC(29) Concurrent Preclean
[2024-01-11T17:12:13.888+0100][210.109s] GC(29) Concurrent Preclean 0.089ms
[2024-01-11T17:12:13.888+0100][210.109s] GC(29) Pause Remark
[2024-01-11T17:12:13.892+0100][210.113s] GC(29) Pause Remark 60M->60M(512M) 3.211ms
[2024-01-11T17:12:13.892+0100][210.113s] GC(29) User=0.12s Sys=0.00s Real=0.00s
[2024-01-11T17:12:13.892+0100][210.113s] GC(29) Concurrent Mark 36.742ms
[2024-01-11T17:12:13.892+0100][210.113s] GC(29) Concurrent Rebuild Remembered Sets
[2024-01-11T17:12:13.904+0100][210.125s] GC(29) Concurrent Rebuild Remembered Sets 11.968ms
[2024-01-11T17:12:13.904+0100][210.125s] GC(29) Pause Cleanup
[2024-01-11T17:12:13.904+0100][210.125s] GC(29) Pause Cleanup 61M->61M(512M) 0.110ms
[2024-01-11T17:12:13.904+0100][210.125s] GC(29) User=0.00s Sys=0.00s Real=0.00s
[2024-01-11T17:12:13.904+0100][210.125s] GC(29) Concurrent Cleanup for Next Mark
[2024-01-11T17:12:13.905+0100][210.126s] GC(29) Concurrent Cleanup for Next Mark 1.123ms
[2024-01-11T17:12:13.905+0100][210.126s] GC(29) Concurrent Mark Cycle 51.556ms
[2024-01-11T17:12:15.503+0100][211.723s] GC(30) Pause Young (Normal) (G1 Evacuation Pause)
[2024-01-11T17:12:15.503+0100][211.724s] GC(30) Using 10 workers of 10 for evacuation
[2024-01-11T17:12:15.507+0100][211.727s] GC(30)   Pre Evacuate Collection Set: 0.1ms
[2024-01-11T17:12:15.507+0100][211.727s] GC(30)   Merge Heap Roots: 0.1ms
[2024-01-11T17:12:15.507+0100][211.727s] GC(30)   Evacuate Collection Set: 2.5ms
[2024-01-11T17:12:15.507+0100][211.727s] GC(30)   Post Evacuate Collection Set: 0.8ms
[2024-01-11T17:12:15.507+0100][211.727s] GC(30)   Other: 0.1ms
[2024-01-11T17:12:15.507+0100][211.727s] GC(30) Eden regions: 294->0(292)
[2024-01-11T17:12:15.507+0100][211.727s] GC(30) Survivor regions: 13->15(39)
[2024-01-11T17:12:15.507+0100][211.727s] GC(30) Old regions: 41->41
[2024-01-11T17:12:15.507+0100][211.727s] GC(30) Archive regions: 0->0
[2024-01-11T17:12:15.507+0100][211.727s] GC(30) Humongous regions: 4->4
[2024-01-11T17:12:15.507+0100][211.727s] GC(30) Metaspace: 60673K(61312K)->60673K(61312K) NonClass: 53733K(54080K)->53733K(54080K) Class: 6939K(7232K)->6939K(7232K)
[2024-01-11T17:12:15.507+0100][211.727s] GC(30) Pause Young (Normal) (G1 Evacuation Pause) 351M->59M(512M) 3.913ms
[2024-01-11T17:12:15.507+0100][211.727s] GC(30) User=0.00s Sys=0.00s Real=0.00s
[2024-01-11T17:12:17.118+0100][213.339s] GC(31) Pause Young (Normal) (G1 Evacuation Pause)
[2024-01-11T17:12:17.118+0100][213.339s] GC(31) Using 10 workers of 10 for evacuation
[2024-01-11T17:12:17.122+0100][213.343s] GC(31)   Pre Evacuate Collection Set: 0.1ms
[2024-01-11T17:12:17.122+0100][213.343s] GC(31)   Merge Heap Roots: 0.1ms
[2024-01-11T17:12:17.122+0100][213.343s] GC(31)   Evacuate Collection Set: 2.8ms
[2024-01-11T17:12:17.122+0100][213.343s] GC(31)   Post Evacuate Collection Set: 0.6ms
[2024-01-11T17:12:17.122+0100][213.343s] GC(31)   Other: 0.1ms
[2024-01-11T17:12:17.122+0100][213.343s] GC(31) Eden regions: 292->0(290)
[2024-01-11T17:12:17.122+0100][213.343s] GC(31) Survivor regions: 15->17(39)
[2024-01-11T17:12:17.122+0100][213.343s] GC(31) Old regions: 41->41
[2024-01-11T17:12:17.122+0100][213.343s] GC(31) Archive regions: 0->0
[2024-01-11T17:12:17.122+0100][213.343s] GC(31) Humongous regions: 4->4
[2024-01-11T17:12:17.122+0100][213.343s] GC(31) Metaspace: 60945K(61568K)->60945K(61568K) NonClass: 54005K(54336K)->54005K(54336K) Class: 6939K(7232K)->6939K(7232K)
[2024-01-11T17:12:17.122+0100][213.343s] GC(31) Pause Young (Normal) (G1 Evacuation Pause) 351M->60M(512M) 3.831ms
[2024-01-11T17:12:17.122+0100][213.343s] GC(31) User=0.00s Sys=0.00s Real=0.00s
[2024-01-11T17:12:18.294+0100][214.514s] GC(32) Pause Young (Concurrent Start) (CodeCache GC Threshold)
[2024-01-11T17:12:18.294+0100][214.515s] GC(32) Using 10 workers of 10 for evacuation
[2024-01-11T17:12:18.297+0100][214.518s] GC(32)   Pre Evacuate Collection Set: 0.1ms
[2024-01-11T17:12:18.297+0100][214.518s] GC(32)   Merge Heap Roots: 0.0ms
[2024-01-11T17:12:18.297+0100][214.518s] GC(32)   Evacuate Collection Set: 2.5ms
[2024-01-11T17:12:18.297+0100][214.518s] GC(32)   Post Evacuate Collection Set: 0.4ms
[2024-01-11T17:12:18.297+0100][214.518s] GC(32)   Other: 0.1ms
[2024-01-11T17:12:18.297+0100][214.518s] GC(32) Eden regions: 221->0(289)
[2024-01-11T17:12:18.297+0100][214.518s] GC(32) Survivor regions: 17->18(39)
[2024-01-11T17:12:18.297+0100][214.518s] GC(32) Old regions: 41->41
[2024-01-11T17:12:18.297+0100][214.518s] GC(32) Archive regions: 0->0
[2024-01-11T17:12:18.297+0100][214.518s] GC(32) Humongous regions: 4->4
[2024-01-11T17:12:18.297+0100][214.518s] GC(32) Metaspace: 61037K(61632K)->61037K(61632K) NonClass: 54097K(54400K)->54097K(54400K) Class: 6939K(7232K)->6939K(7232K)
[2024-01-11T17:12:18.297+0100][214.518s] GC(32) Pause Young (Concurrent Start) (CodeCache GC Threshold) 281M->62M(512M) 3.352ms
[2024-01-11T17:12:18.297+0100][214.518s] GC(32) User=0.03s Sys=0.00s Real=0.00s
[2024-01-11T17:12:18.297+0100][214.518s] GC(33) Concurrent Mark Cycle
[2024-01-11T17:12:18.297+0100][214.518s] GC(33) Concurrent Clear Claimed Marks
[2024-01-11T17:12:18.297+0100][214.518s] GC(33) Concurrent Clear Claimed Marks 0.058ms
[2024-01-11T17:12:18.297+0100][214.518s] GC(33) Concurrent Scan Root Regions
[2024-01-11T17:12:18.298+0100][214.519s] GC(33) Concurrent Scan Root Regions 1.210ms
[2024-01-11T17:12:18.298+0100][214.519s] GC(33) Concurrent Mark
[2024-01-11T17:12:18.298+0100][214.519s] GC(33) Concurrent Mark From Roots
[2024-01-11T17:12:18.298+0100][214.519s] GC(33) Using 3 workers of 3 for marking
[2024-01-11T17:12:18.329+0100][214.550s] GC(33) Concurrent Mark From Roots 30.667ms
[2024-01-11T17:12:18.329+0100][214.550s] GC(33) Concurrent Preclean
[2024-01-11T17:12:18.329+0100][214.550s] GC(33) Concurrent Preclean 0.118ms
[2024-01-11T17:12:18.329+0100][214.550s] GC(33) Pause Remark
[2024-01-11T17:12:18.332+0100][214.553s] GC(33) Pause Remark 66M->66M(512M) 3.017ms
[2024-01-11T17:12:18.332+0100][214.553s] GC(33) User=0.00s Sys=0.00s Real=0.00s
[2024-01-11T17:12:18.333+0100][214.553s] GC(33) Concurrent Mark 34.124ms
[2024-01-11T17:12:18.333+0100][214.553s] GC(33) Concurrent Rebuild Remembered Sets
[2024-01-11T17:12:18.344+0100][214.565s] GC(33) Concurrent Rebuild Remembered Sets 11.415ms
[2024-01-11T17:12:18.344+0100][214.565s] GC(33) Pause Cleanup
[2024-01-11T17:12:18.344+0100][214.565s] GC(33) Pause Cleanup 69M->69M(512M) 0.162ms
[2024-01-11T17:12:18.344+0100][214.565s] GC(33) User=0.00s Sys=0.00s Real=0.00s
[2024-01-11T17:12:18.344+0100][214.565s] GC(33) Concurrent Cleanup for Next Mark
[2024-01-11T17:12:18.345+0100][214.566s] GC(33) Concurrent Cleanup for Next Mark 0.641ms
[2024-01-11T17:12:18.345+0100][214.566s] GC(33) Concurrent Mark Cycle 47.989ms
[2024-01-11T17:12:19.661+0100][215.881s] GC(34) Pause Young (Concurrent Start) (CodeCache GC Threshold)
[2024-01-11T17:12:19.661+0100][215.881s] GC(34) Using 10 workers of 10 for evacuation
[2024-01-11T17:12:19.664+0100][215.885s] GC(34)   Pre Evacuate Collection Set: 0.2ms
[2024-01-11T17:12:19.664+0100][215.885s] GC(34)   Merge Heap Roots: 0.1ms
[2024-01-11T17:12:19.664+0100][215.885s] GC(34)   Evacuate Collection Set: 3.1ms
[2024-01-11T17:12:19.664+0100][215.885s] GC(34)   Post Evacuate Collection Set: 0.6ms
[2024-01-11T17:12:19.664+0100][215.885s] GC(34)   Other: 0.1ms
[2024-01-11T17:12:19.664+0100][215.885s] GC(34) Eden regions: 269->0(288)
[2024-01-11T17:12:19.664+0100][215.885s] GC(34) Survivor regions: 18->19(39)
[2024-01-11T17:12:19.664+0100][215.885s] GC(34) Old regions: 41->41
[2024-01-11T17:12:19.664+0100][215.885s] GC(34) Archive regions: 0->0
[2024-01-11T17:12:19.664+0100][215.885s] GC(34) Humongous regions: 4->4
[2024-01-11T17:12:19.664+0100][215.885s] GC(34) Metaspace: 61048K(61632K)->61048K(61632K) NonClass: 54108K(54400K)->54108K(54400K) Class: 6939K(7232K)->6939K(7232K)
[2024-01-11T17:12:19.664+0100][215.885s] GC(34) Pause Young (Concurrent Start) (CodeCache GC Threshold) 331M->63M(512M) 4.295ms
[2024-01-11T17:12:19.664+0100][215.885s] GC(34) User=0.00s Sys=0.00s Real=0.00s
[2024-01-11T17:12:19.664+0100][215.885s] GC(35) Concurrent Mark Cycle
[2024-01-11T17:12:19.664+0100][215.885s] GC(35) Concurrent Clear Claimed Marks
[2024-01-11T17:12:19.664+0100][215.886s] GC(35) Concurrent Clear Claimed Marks 0.095ms
[2024-01-11T17:12:19.664+0100][215.886s] GC(35) Concurrent Scan Root Regions
[2024-01-11T17:12:19.666+0100][215.887s] GC(35) Concurrent Scan Root Regions 1.239ms
[2024-01-11T17:12:19.666+0100][215.887s] GC(35) Concurrent Mark
[2024-01-11T17:12:19.666+0100][215.887s] GC(35) Concurrent Mark From Roots
[2024-01-11T17:12:19.666+0100][215.887s] GC(35) Using 3 workers of 3 for marking
[2024-01-11T17:12:19.687+0100][215.909s] GC(35) Concurrent Mark From Roots 21.903ms
[2024-01-11T17:12:19.687+0100][215.909s] GC(35) Concurrent Preclean
[2024-01-11T17:12:19.687+0100][215.909s] GC(35) Concurrent Preclean 0.068ms
[2024-01-11T17:12:19.688+0100][215.909s] GC(35) Pause Remark
[2024-01-11T17:12:19.693+0100][215.915s] GC(35) Pause Remark 68M->68M(512M) 5.899ms
[2024-01-11T17:12:19.694+0100][215.915s] GC(35) User=0.00s Sys=0.00s Real=0.01s
[2024-01-11T17:12:19.694+0100][215.915s] GC(35) Concurrent Mark 28.148ms
[2024-01-11T17:12:19.694+0100][215.915s] GC(35) Concurrent Rebuild Remembered Sets
[2024-01-11T17:12:19.704+0100][215.925s] GC(35) Concurrent Rebuild Remembered Sets 9.878ms
[2024-01-11T17:12:19.704+0100][215.925s] GC(35) Pause Cleanup
[2024-01-11T17:12:19.704+0100][215.925s] GC(35) Pause Cleanup 70M->70M(512M) 0.146ms
[2024-01-11T17:12:19.704+0100][215.925s] GC(35) User=0.00s Sys=0.00s Real=0.00s
[2024-01-11T17:12:19.704+0100][215.925s] GC(35) Concurrent Cleanup for Next Mark
[2024-01-11T17:12:19.705+0100][215.926s] GC(35) Concurrent Cleanup for Next Mark 0.720ms
[2024-01-11T17:12:19.705+0100][215.926s] GC(35) Concurrent Mark Cycle 40.724ms
[2024-01-11T17:12:20.775+0100][216.996s] GC(36) Pause Young (Concurrent Start) (CodeCache GC Threshold)
[2024-01-11T17:12:20.775+0100][216.996s] GC(36) Using 10 workers of 10 for evacuation
[2024-01-11T17:12:20.779+0100][217.000s] GC(36)   Pre Evacuate Collection Set: 0.2ms
[2024-01-11T17:12:20.779+0100][217.000s] GC(36)   Merge Heap Roots: 0.1ms
[2024-01-11T17:12:20.779+0100][217.000s] GC(36)   Evacuate Collection Set: 2.8ms
[2024-01-11T17:12:20.779+0100][217.000s] GC(36)   Post Evacuate Collection Set: 0.5ms
[2024-01-11T17:12:20.779+0100][217.000s] GC(36)   Other: 0.1ms
[2024-01-11T17:12:20.779+0100][217.000s] GC(36) Eden regions: 232->0(286)
[2024-01-11T17:12:20.779+0100][217.000s] GC(36) Survivor regions: 19->21(39)
[2024-01-11T17:12:20.779+0100][217.000s] GC(36) Old regions: 41->41
[2024-01-11T17:12:20.779+0100][217.000s] GC(36) Archive regions: 0->0
[2024-01-11T17:12:20.779+0100][217.000s] GC(36) Humongous regions: 4->4
[2024-01-11T17:12:20.779+0100][217.000s] GC(36) Metaspace: 61070K(61696K)->61070K(61696K) NonClass: 54130K(54464K)->54130K(54464K) Class: 6939K(7232K)->6939K(7232K)
[2024-01-11T17:12:20.779+0100][217.000s] GC(36) Pause Young (Concurrent Start) (CodeCache GC Threshold) 294M->64M(512M) 3.861ms
[2024-01-11T17:12:20.779+0100][217.000s] GC(37) Concurrent Mark Cycle
[2024-01-11T17:12:20.779+0100][217.000s] GC(36) User=0.00s Sys=0.00s Real=0.00s
[2024-01-11T17:12:20.779+0100][217.000s] GC(37) Concurrent Clear Claimed Marks
[2024-01-11T17:12:20.779+0100][217.000s] GC(37) Concurrent Clear Claimed Marks 0.097ms
[2024-01-11T17:12:20.779+0100][217.000s] GC(37) Concurrent Scan Root Regions
[2024-01-11T17:12:20.780+0100][217.001s] GC(37) Concurrent Scan Root Regions 0.883ms
[2024-01-11T17:12:20.780+0100][217.001s] GC(37) Concurrent Mark
[2024-01-11T17:12:20.780+0100][217.001s] GC(37) Concurrent Mark From Roots
[2024-01-11T17:12:20.780+0100][217.001s] GC(37) Using 3 workers of 3 for marking
[2024-01-11T17:12:20.805+0100][217.026s] GC(37) Concurrent Mark From Roots 25.192ms
[2024-01-11T17:12:20.805+0100][217.026s] GC(37) Concurrent Preclean
[2024-01-11T17:12:20.805+0100][217.026s] GC(37) Concurrent Preclean 0.097ms
[2024-01-11T17:12:20.805+0100][217.026s] GC(37) Pause Remark
[2024-01-11T17:12:20.808+0100][217.029s] GC(37) Pause Remark 68M->68M(512M) 2.544ms
[2024-01-11T17:12:20.808+0100][217.029s] GC(37) User=0.00s Sys=0.00s Real=0.00s
[2024-01-11T17:12:20.808+0100][217.029s] GC(37) Concurrent Mark 28.189ms
[2024-01-11T17:12:20.808+0100][217.029s] GC(37) Concurrent Rebuild Remembered Sets
[2024-01-11T17:12:20.817+0100][217.038s] GC(37) Concurrent Rebuild Remembered Sets 8.699ms
[2024-01-11T17:12:20.817+0100][217.038s] GC(37) Pause Cleanup
[2024-01-11T17:12:20.817+0100][217.038s] GC(37) Pause Cleanup 69M->69M(512M) 0.170ms
[2024-01-11T17:12:20.817+0100][217.038s] GC(37) User=0.00s Sys=0.00s Real=0.00s
[2024-01-11T17:12:20.817+0100][217.038s] GC(37) Concurrent Cleanup for Next Mark
[2024-01-11T17:12:20.818+0100][217.039s] GC(37) Concurrent Cleanup for Next Mark 0.701ms
[2024-01-11T17:12:20.818+0100][217.039s] GC(37) Concurrent Mark Cycle 39.138ms
[2024-01-11T17:12:22.203+0100][218.424s] GC(38) Pause Young (Normal) (G1 Evacuation Pause)
[2024-01-11T17:12:22.203+0100][218.424s] GC(38) Using 10 workers of 10 for evacuation
[2024-01-11T17:12:22.207+0100][218.428s] GC(38)   Pre Evacuate Collection Set: 0.1ms
[2024-01-11T17:12:22.207+0100][218.428s] GC(38)   Merge Heap Roots: 0.1ms
[2024-01-11T17:12:22.207+0100][218.428s] GC(38)   Evacuate Collection Set: 3.0ms
[2024-01-11T17:12:22.207+0100][218.428s] GC(38)   Post Evacuate Collection Set: 0.6ms
[2024-01-11T17:12:22.207+0100][218.428s] GC(38)   Other: 0.1ms
[2024-01-11T17:12:22.207+0100][218.428s] GC(38) Eden regions: 286->0(286)
[2024-01-11T17:12:22.207+0100][218.428s] GC(38) Survivor regions: 21->21(39)
[2024-01-11T17:12:22.207+0100][218.428s] GC(38) Old regions: 41->43
[2024-01-11T17:12:22.207+0100][218.428s] GC(38) Archive regions: 0->0
[2024-01-11T17:12:22.207+0100][218.428s] GC(38) Humongous regions: 4->4
[2024-01-11T17:12:22.207+0100][218.428s] GC(38) Metaspace: 61148K(61760K)->61148K(61760K) NonClass: 54208K(54528K)->54208K(54528K) Class: 6939K(7232K)->6939K(7232K)
[2024-01-11T17:12:22.207+0100][218.428s] GC(38) Pause Young (Normal) (G1 Evacuation Pause) 350M->66M(512M) 4.042ms
[2024-01-11T17:12:22.207+0100][218.428s] GC(38) User=0.17s Sys=0.00s Real=0.00s
[2024-01-11T17:12:23.629+0100][219.850s] GC(39) Pause Young (Normal) (G1 Evacuation Pause)
[2024-01-11T17:12:23.629+0100][219.850s] GC(39) Using 10 workers of 10 for evacuation
[2024-01-11T17:12:23.632+0100][219.854s] GC(39)   Pre Evacuate Collection Set: 0.1ms
[2024-01-11T17:12:23.632+0100][219.854s] GC(39)   Merge Heap Roots: 0.1ms
[2024-01-11T17:12:23.632+0100][219.854s] GC(39)   Evacuate Collection Set: 3.1ms
[2024-01-11T17:12:23.632+0100][219.854s] GC(39)   Post Evacuate Collection Set: 0.5ms
[2024-01-11T17:12:23.632+0100][219.854s] GC(39)   Other: 0.1ms
[2024-01-11T17:12:23.632+0100][219.854s] GC(39) Eden regions: 286->0(286)
[2024-01-11T17:12:23.632+0100][219.854s] GC(39) Survivor regions: 21->21(39)
[2024-01-11T17:12:23.632+0100][219.854s] GC(39) Old regions: 43->44
[2024-01-11T17:12:23.632+0100][219.854s] GC(39) Archive regions: 0->0
[2024-01-11T17:12:23.632+0100][219.854s] GC(39) Humongous regions: 4->4
[2024-01-11T17:12:23.632+0100][219.854s] GC(39) Metaspace: 61277K(61888K)->61277K(61888K) NonClass: 54337K(54656K)->54337K(54656K) Class: 6940K(7232K)->6940K(7232K)
[2024-01-11T17:12:23.632+0100][219.854s] GC(39) Pause Young (Normal) (G1 Evacuation Pause) 352M->67M(512M) 4.002ms
[2024-01-11T17:12:23.632+0100][219.854s] GC(39) User=0.00s Sys=0.00s Real=0.00s
[2024-01-11T17:12:24.946+0100][221.167s] GC(40) Pause Young (Normal) (G1 Evacuation Pause)
[2024-01-11T17:12:24.946+0100][221.167s] GC(40) Using 10 workers of 10 for evacuation
[2024-01-11T17:12:24.950+0100][221.171s] GC(40)   Pre Evacuate Collection Set: 0.1ms
[2024-01-11T17:12:24.950+0100][221.171s] GC(40)   Merge Heap Roots: 0.1ms
[2024-01-11T17:12:24.950+0100][221.171s] GC(40)   Evacuate Collection Set: 3.1ms
[2024-01-11T17:12:24.950+0100][221.171s] GC(40)   Post Evacuate Collection Set: 0.5ms
[2024-01-11T17:12:24.950+0100][221.171s] GC(40)   Other: 0.1ms
[2024-01-11T17:12:24.950+0100][221.171s] GC(40) Eden regions: 286->0(286)
[2024-01-11T17:12:24.950+0100][221.171s] GC(40) Survivor regions: 21->21(39)
[2024-01-11T17:12:24.950+0100][221.171s] GC(40) Old regions: 44->45
[2024-01-11T17:12:24.950+0100][221.171s] GC(40) Archive regions: 0->0
[2024-01-11T17:12:24.950+0100][221.171s] GC(40) Humongous regions: 4->4
[2024-01-11T17:12:24.950+0100][221.171s] GC(40) Metaspace: 61315K(61888K)->61315K(61888K) NonClass: 54374K(54656K)->54374K(54656K) Class: 6940K(7232K)->6940K(7232K)
[2024-01-11T17:12:24.950+0100][221.171s] GC(40) Pause Young (Normal) (G1 Evacuation Pause) 353M->68M(512M) 4.022ms
[2024-01-11T17:12:24.950+0100][221.171s] GC(40) User=0.00s Sys=0.00s Real=0.00s
[2024-01-11T17:12:26.237+0100][222.458s] GC(41) Pause Young (Normal) (G1 Evacuation Pause)
[2024-01-11T17:12:26.237+0100][222.458s] GC(41) Using 10 workers of 10 for evacuation
[2024-01-11T17:12:26.241+0100][222.462s] GC(41)   Pre Evacuate Collection Set: 0.1ms
[2024-01-11T17:12:26.241+0100][222.462s] GC(41)   Merge Heap Roots: 0.1ms
[2024-01-11T17:12:26.241+0100][222.462s] GC(41)   Evacuate Collection Set: 3.1ms
[2024-01-11T17:12:26.241+0100][222.462s] GC(41)   Post Evacuate Collection Set: 0.6ms
[2024-01-11T17:12:26.241+0100][222.462s] GC(41)   Other: 0.1ms
[2024-01-11T17:12:26.241+0100][222.462s] GC(41) Eden regions: 286->0(285)
[2024-01-11T17:12:26.241+0100][222.462s] GC(41) Survivor regions: 21->22(39)
[2024-01-11T17:12:26.241+0100][222.462s] GC(41) Old regions: 45->46
[2024-01-11T17:12:26.241+0100][222.462s] GC(41) Archive regions: 0->0
[2024-01-11T17:12:26.241+0100][222.462s] GC(41) Humongous regions: 4->4
[2024-01-11T17:12:26.241+0100][222.462s] GC(41) Metaspace: 61319K(61888K)->61319K(61888K) NonClass: 54378K(54656K)->54378K(54656K) Class: 6940K(7232K)->6940K(7232K)
[2024-01-11T17:12:26.241+0100][222.462s] GC(41) Pause Young (Normal) (G1 Evacuation Pause) 354M->71M(512M) 4.240ms
[2024-01-11T17:12:26.241+0100][222.462s] GC(41) User=0.00s Sys=0.00s Real=0.00s
[2024-01-11T17:12:27.627+0100][223.847s] GC(42) Pause Young (Normal) (G1 Evacuation Pause)
[2024-01-11T17:12:27.627+0100][223.847s] GC(42) Using 10 workers of 10 for evacuation
[2024-01-11T17:12:27.630+0100][223.851s] GC(42)   Pre Evacuate Collection Set: 0.1ms
[2024-01-11T17:12:27.630+0100][223.851s] GC(42)   Merge Heap Roots: 0.1ms
[2024-01-11T17:12:27.630+0100][223.851s] GC(42)   Evacuate Collection Set: 3.3ms
[2024-01-11T17:12:27.630+0100][223.851s] GC(42)   Post Evacuate Collection Set: 0.5ms
[2024-01-11T17:12:27.630+0100][223.851s] GC(42)   Other: 0.1ms
[2024-01-11T17:12:27.630+0100][223.851s] GC(42) Eden regions: 285->0(285)
[2024-01-11T17:12:27.630+0100][223.851s] GC(42) Survivor regions: 22->22(39)
[2024-01-11T17:12:27.630+0100][223.851s] GC(42) Old regions: 46->48
[2024-01-11T17:12:27.630+0100][223.851s] GC(42) Archive regions: 0->0
[2024-01-11T17:12:27.630+0100][223.851s] GC(42) Humongous regions: 4->4
[2024-01-11T17:12:27.630+0100][223.851s] GC(42) Metaspace: 61370K(61952K)->61370K(61952K) NonClass: 54429K(54720K)->54429K(54720K) Class: 6940K(7232K)->6940K(7232K)
[2024-01-11T17:12:27.630+0100][223.851s] GC(42) Pause Young (Normal) (G1 Evacuation Pause) 356M->72M(512M) 4.318ms
[2024-01-11T17:12:27.630+0100][223.851s] GC(42) User=0.00s Sys=0.00s Real=0.00s
[2024-01-11T17:12:28.969+0100][225.190s] GC(43) Pause Young (Normal) (G1 Evacuation Pause)
[2024-01-11T17:12:28.969+0100][225.190s] GC(43) Using 10 workers of 10 for evacuation
[2024-01-11T17:12:28.973+0100][225.195s] GC(43)   Pre Evacuate Collection Set: 0.1ms
[2024-01-11T17:12:28.973+0100][225.195s] GC(43)   Merge Heap Roots: 0.1ms
[2024-01-11T17:12:28.973+0100][225.195s] GC(43)   Evacuate Collection Set: 3.4ms
[2024-01-11T17:12:28.973+0100][225.195s] GC(43)   Post Evacuate Collection Set: 0.6ms
[2024-01-11T17:12:28.973+0100][225.195s] GC(43)   Other: 0.1ms
[2024-01-11T17:12:28.973+0100][225.195s] GC(43) Eden regions: 285->0(285)
[2024-01-11T17:12:28.973+0100][225.195s] GC(43) Survivor regions: 22->22(39)
[2024-01-11T17:12:28.973+0100][225.195s] GC(43) Old regions: 48->49
[2024-01-11T17:12:28.973+0100][225.195s] GC(43) Archive regions: 0->0
[2024-01-11T17:12:28.973+0100][225.195s] GC(43) Humongous regions: 4->4
[2024-01-11T17:12:28.973+0100][225.195s] GC(43) Metaspace: 61382K(62016K)->61382K(62016K) NonClass: 54441K(54784K)->54441K(54784K) Class: 6940K(7232K)->6940K(7232K)
[2024-01-11T17:12:28.973+0100][225.195s] GC(43) Pause Young (Normal) (G1 Evacuation Pause) 357M->74M(512M) 4.491ms
[2024-01-11T17:12:28.973+0100][225.195s] GC(43) User=0.00s Sys=0.00s Real=0.00s
[2024-01-11T17:12:30.289+0100][226.510s] GC(44) Pause Young (Normal) (G1 Evacuation Pause)
[2024-01-11T17:12:30.289+0100][226.510s] GC(44) Using 10 workers of 10 for evacuation
[2024-01-11T17:12:30.293+0100][226.514s] GC(44)   Pre Evacuate Collection Set: 0.1ms
[2024-01-11T17:12:30.293+0100][226.514s] GC(44)   Merge Heap Roots: 0.1ms
[2024-01-11T17:12:30.293+0100][226.514s] GC(44)   Evacuate Collection Set: 3.1ms
[2024-01-11T17:12:30.293+0100][226.514s] GC(44)   Post Evacuate Collection Set: 0.5ms
[2024-01-11T17:12:30.293+0100][226.514s] GC(44)   Other: 0.1ms
[2024-01-11T17:12:30.293+0100][226.514s] GC(44) Eden regions: 285->0(285)
[2024-01-11T17:12:30.293+0100][226.514s] GC(44) Survivor regions: 22->22(39)
[2024-01-11T17:12:30.293+0100][226.514s] GC(44) Old regions: 49->51
[2024-01-11T17:12:30.293+0100][226.514s] GC(44) Archive regions: 0->0
[2024-01-11T17:12:30.293+0100][226.514s] GC(44) Humongous regions: 4->4
[2024-01-11T17:12:30.293+0100][226.514s] GC(44) Metaspace: 61592K(62144K)->61592K(62144K) NonClass: 54651K(54912K)->54651K(54912K) Class: 6940K(7232K)->6940K(7232K)
[2024-01-11T17:12:30.293+0100][226.514s] GC(44) Pause Young (Normal) (G1 Evacuation Pause) 359M->76M(512M) 4.072ms
[2024-01-11T17:12:30.293+0100][226.514s] GC(44) User=0.00s Sys=0.00s Real=0.00s
[2024-01-11T17:12:31.540+0100][227.760s] GC(45) Pause Young (Normal) (G1 Evacuation Pause)
[2024-01-11T17:12:31.540+0100][227.760s] GC(45) Using 10 workers of 10 for evacuation
[2024-01-11T17:12:31.544+0100][227.764s] GC(45)   Pre Evacuate Collection Set: 0.1ms
[2024-01-11T17:12:31.544+0100][227.765s] GC(45)   Merge Heap Roots: 0.1ms
[2024-01-11T17:12:31.544+0100][227.765s] GC(45)   Evacuate Collection Set: 3.2ms
[2024-01-11T17:12:31.544+0100][227.765s] GC(45)   Post Evacuate Collection Set: 0.6ms
[2024-01-11T17:12:31.544+0100][227.765s] GC(45)   Other: 0.1ms
[2024-01-11T17:12:31.544+0100][227.765s] GC(45) Eden regions: 285->0(285)
[2024-01-11T17:12:31.544+0100][227.765s] GC(45) Survivor regions: 22->22(39)
[2024-01-11T17:12:31.544+0100][227.765s] GC(45) Old regions: 51->52
[2024-01-11T17:12:31.544+0100][227.765s] GC(45) Archive regions: 0->0
[2024-01-11T17:12:31.544+0100][227.765s] GC(45) Humongous regions: 4->4
[2024-01-11T17:12:31.544+0100][227.765s] GC(45) Metaspace: 61598K(62144K)->61598K(62144K) NonClass: 54657K(54912K)->54657K(54912K) Class: 6940K(7232K)->6940K(7232K)
[2024-01-11T17:12:31.544+0100][227.765s] GC(45) Pause Young (Normal) (G1 Evacuation Pause) 361M->77M(512M) 4.312ms
[2024-01-11T17:12:31.544+0100][227.765s] GC(45) User=0.00s Sys=0.00s Real=0.00s
[2024-01-11T17:12:32.803+0100][229.024s] GC(46) Pause Young (Normal) (G1 Evacuation Pause)
[2024-01-11T17:12:32.803+0100][229.024s] GC(46) Using 10 workers of 10 for evacuation
[2024-01-11T17:12:32.807+0100][229.028s] GC(46)   Pre Evacuate Collection Set: 0.1ms
[2024-01-11T17:12:32.807+0100][229.028s] GC(46)   Merge Heap Roots: 0.1ms
[2024-01-11T17:12:32.807+0100][229.028s] GC(46)   Evacuate Collection Set: 3.3ms
[2024-01-11T17:12:32.807+0100][229.028s] GC(46)   Post Evacuate Collection Set: 0.4ms
[2024-01-11T17:12:32.807+0100][229.028s] GC(46)   Other: 0.1ms
[2024-01-11T17:12:32.807+0100][229.028s] GC(46) Eden regions: 285->0(286)
[2024-01-11T17:12:32.807+0100][229.028s] GC(46) Survivor regions: 22->21(39)
[2024-01-11T17:12:32.807+0100][229.028s] GC(46) Old regions: 52->54
[2024-01-11T17:12:32.807+0100][229.028s] GC(46) Archive regions: 0->0
[2024-01-11T17:12:32.807+0100][229.028s] GC(46) Humongous regions: 4->4
[2024-01-11T17:12:32.807+0100][229.028s] GC(46) Metaspace: 61612K(62208K)->61612K(62208K) NonClass: 54670K(54976K)->54670K(54976K) Class: 6941K(7232K)->6941K(7232K)
[2024-01-11T17:12:32.807+0100][229.028s] GC(46) Pause Young (Normal) (G1 Evacuation Pause) 362M->78M(512M) 4.116ms
[2024-01-11T17:12:32.807+0100][229.028s] GC(46) User=0.00s Sys=0.00s Real=0.00s
[2024-01-11T17:12:33.435+0100][229.656s] GC(47) Pause Young (Concurrent Start) (CodeCache GC Threshold)
[2024-01-11T17:12:33.435+0100][229.656s] GC(47) Using 10 workers of 10 for evacuation
[2024-01-11T17:12:33.440+0100][229.660s] GC(47)   Pre Evacuate Collection Set: 0.2ms
[2024-01-11T17:12:33.440+0100][229.660s] GC(47)   Merge Heap Roots: 0.2ms
[2024-01-11T17:12:33.440+0100][229.660s] GC(47)   Evacuate Collection Set: 3.0ms
[2024-01-11T17:12:33.440+0100][229.660s] GC(47)   Post Evacuate Collection Set: 0.5ms
[2024-01-11T17:12:33.440+0100][229.660s] GC(47)   Other: 0.1ms
[2024-01-11T17:12:33.440+0100][229.660s] GC(47) Eden regions: 146->0(286)
[2024-01-11T17:12:33.440+0100][229.660s] GC(47) Survivor regions: 21->21(39)
[2024-01-11T17:12:33.440+0100][229.660s] GC(47) Old regions: 54->56
[2024-01-11T17:12:33.440+0100][229.660s] GC(47) Archive regions: 0->0
[2024-01-11T17:12:33.440+0100][229.660s] GC(47) Humongous regions: 4->4
[2024-01-11T17:12:33.440+0100][229.660s] GC(47) Metaspace: 61613K(62208K)->61613K(62208K) NonClass: 54671K(54976K)->54671K(54976K) Class: 6941K(7232K)->6941K(7232K)
[2024-01-11T17:12:33.440+0100][229.660s] GC(47) Pause Young (Concurrent Start) (CodeCache GC Threshold) 224M->79M(512M) 4.060ms
[2024-01-11T17:12:33.440+0100][229.660s] GC(48) Concurrent Mark Cycle
[2024-01-11T17:12:33.440+0100][229.660s] GC(47) User=0.16s Sys=0.00s Real=0.01s
[2024-01-11T17:12:33.440+0100][229.660s] GC(48) Concurrent Clear Claimed Marks
[2024-01-11T17:12:33.440+0100][229.660s] GC(48) Concurrent Clear Claimed Marks 0.049ms
[2024-01-11T17:12:33.440+0100][229.660s] GC(48) Concurrent Scan Root Regions
[2024-01-11T17:12:33.441+0100][229.662s] GC(48) Concurrent Scan Root Regions 1.311ms
[2024-01-11T17:12:33.441+0100][229.662s] GC(48) Concurrent Mark
[2024-01-11T17:12:33.441+0100][229.662s] GC(48) Concurrent Mark From Roots
[2024-01-11T17:12:33.441+0100][229.662s] GC(48) Using 3 workers of 3 for marking
[2024-01-11T17:12:33.461+0100][229.682s] GC(48) Concurrent Mark From Roots 20.221ms
[2024-01-11T17:12:33.462+0100][229.682s] GC(48) Concurrent Preclean
[2024-01-11T17:12:33.462+0100][229.682s] GC(48) Concurrent Preclean 0.062ms
[2024-01-11T17:12:33.462+0100][229.682s] GC(48) Pause Remark
[2024-01-11T17:12:33.464+0100][229.686s] GC(48) Pause Remark 82M->82M(512M) 3.434ms
[2024-01-11T17:12:33.464+0100][229.686s] GC(48) User=0.00s Sys=0.00s Real=0.00s
[2024-01-11T17:12:33.464+0100][229.686s] GC(48) Concurrent Mark 24.068ms
[2024-01-11T17:12:33.464+0100][229.686s] GC(48) Concurrent Rebuild Remembered Sets
[2024-01-11T17:12:33.473+0100][229.694s] GC(48) Concurrent Rebuild Remembered Sets 8.606ms
[2024-01-11T17:12:33.474+0100][229.695s] GC(48) Pause Cleanup
[2024-01-11T17:12:33.474+0100][229.695s] GC(48) Pause Cleanup 83M->83M(512M) 0.164ms
[2024-01-11T17:12:33.474+0100][229.695s] GC(48) User=0.00s Sys=0.00s Real=0.00s
[2024-01-11T17:12:33.474+0100][229.695s] GC(48) Concurrent Cleanup for Next Mark
[2024-01-11T17:12:33.475+0100][229.696s] GC(48) Concurrent Cleanup for Next Mark 0.916ms
[2024-01-11T17:12:33.475+0100][229.696s] GC(48) Concurrent Mark Cycle 35.577ms
[2024-01-11T17:12:34.695+0100][230.916s] GC(49) Pause Young (Normal) (G1 Evacuation Pause)
[2024-01-11T17:12:34.695+0100][230.916s] GC(49) Using 10 workers of 10 for evacuation
[2024-01-11T17:12:34.699+0100][230.919s] GC(49)   Pre Evacuate Collection Set: 0.1ms
[2024-01-11T17:12:34.699+0100][230.919s] GC(49)   Merge Heap Roots: 0.1ms
[2024-01-11T17:12:34.699+0100][230.919s] GC(49)   Evacuate Collection Set: 2.9ms
[2024-01-11T17:12:34.699+0100][230.919s] GC(49)   Post Evacuate Collection Set: 0.4ms
[2024-01-11T17:12:34.699+0100][230.919s] GC(49)   Other: 0.1ms
[2024-01-11T17:12:34.699+0100][230.919s] GC(49) Eden regions: 286->0(285)
[2024-01-11T17:12:34.699+0100][230.919s] GC(49) Survivor regions: 21->22(39)
[2024-01-11T17:12:34.699+0100][230.919s] GC(49) Old regions: 56->56
[2024-01-11T17:12:34.699+0100][230.919s] GC(49) Archive regions: 0->0
[2024-01-11T17:12:34.699+0100][230.919s] GC(49) Humongous regions: 4->4
[2024-01-11T17:12:34.699+0100][230.919s] GC(49) Metaspace: 61617K(62208K)->61617K(62208K) NonClass: 54676K(54976K)->54676K(54976K) Class: 6941K(7232K)->6941K(7232K)
[2024-01-11T17:12:34.699+0100][230.919s] GC(49) Pause Young (Normal) (G1 Evacuation Pause) 365M->81M(512M) 3.819ms
[2024-01-11T17:12:34.699+0100][230.919s] GC(49) User=0.00s Sys=0.00s Real=0.00s
[2024-01-11T17:12:35.999+0100][232.221s] GC(50) Pause Young (Normal) (G1 Evacuation Pause)
[2024-01-11T17:12:35.999+0100][232.221s] GC(50) Using 10 workers of 10 for evacuation
[2024-01-11T17:12:36.004+0100][232.225s] GC(50)   Pre Evacuate Collection Set: 0.1ms
[2024-01-11T17:12:36.004+0100][232.225s] GC(50)   Merge Heap Roots: 0.1ms
[2024-01-11T17:12:36.004+0100][232.225s] GC(50)   Evacuate Collection Set: 3.2ms
[2024-01-11T17:12:36.004+0100][232.225s] GC(50)   Post Evacuate Collection Set: 0.5ms
[2024-01-11T17:12:36.004+0100][232.225s] GC(50)   Other: 0.1ms
[2024-01-11T17:12:36.004+0100][232.225s] GC(50) Eden regions: 285->0(286)
[2024-01-11T17:12:36.004+0100][232.225s] GC(50) Survivor regions: 22->21(39)
[2024-01-11T17:12:36.004+0100][232.225s] GC(50) Old regions: 56->58
[2024-01-11T17:12:36.004+0100][232.225s] GC(50) Archive regions: 0->0
[2024-01-11T17:12:36.004+0100][232.225s] GC(50) Humongous regions: 4->4
[2024-01-11T17:12:36.004+0100][232.225s] GC(50) Metaspace: 61627K(62208K)->61627K(62208K) NonClass: 54685K(54976K)->54685K(54976K) Class: 6941K(7232K)->6941K(7232K)
[2024-01-11T17:12:36.004+0100][232.225s] GC(50) Pause Young (Normal) (G1 Evacuation Pause) 366M->82M(512M) 4.206ms
[2024-01-11T17:12:36.004+0100][232.225s] GC(50) User=0.00s Sys=0.02s Real=0.00s
[2024-01-11T17:12:37.345+0100][233.566s] GC(51) Pause Young (Normal) (G1 Evacuation Pause)
[2024-01-11T17:12:37.345+0100][233.566s] GC(51) Using 10 workers of 10 for evacuation
[2024-01-11T17:12:37.349+0100][233.570s] GC(51)   Pre Evacuate Collection Set: 0.1ms
[2024-01-11T17:12:37.349+0100][233.570s] GC(51)   Merge Heap Roots: 0.1ms
[2024-01-11T17:12:37.349+0100][233.570s] GC(51)   Evacuate Collection Set: 3.0ms
[2024-01-11T17:12:37.349+0100][233.570s] GC(51)   Post Evacuate Collection Set: 0.5ms
[2024-01-11T17:12:37.349+0100][233.570s] GC(51)   Other: 0.1ms
[2024-01-11T17:12:37.349+0100][233.570s] GC(51) Eden regions: 286->0(285)
[2024-01-11T17:12:37.349+0100][233.570s] GC(51) Survivor regions: 21->22(39)
[2024-01-11T17:12:37.349+0100][233.570s] GC(51) Old regions: 58->60
[2024-01-11T17:12:37.349+0100][233.570s] GC(51) Archive regions: 0->0
[2024-01-11T17:12:37.349+0100][233.570s] GC(51) Humongous regions: 4->4
[2024-01-11T17:12:37.349+0100][233.570s] GC(51) Metaspace: 61628K(62208K)->61628K(62208K) NonClass: 54686K(54976K)->54686K(54976K) Class: 6941K(7232K)->6941K(7232K)
[2024-01-11T17:12:37.349+0100][233.570s] GC(51) Pause Young (Normal) (G1 Evacuation Pause) 368M->84M(512M) 4.049ms
[2024-01-11T17:12:37.349+0100][233.570s] GC(51) User=0.00s Sys=0.00s Real=0.00s
[2024-01-11T17:12:38.615+0100][234.836s] GC(52) Pause Young (Normal) (G1 Evacuation Pause)
[2024-01-11T17:12:38.615+0100][234.836s] GC(52) Using 10 workers of 10 for evacuation
[2024-01-11T17:12:38.619+0100][234.840s] GC(52)   Pre Evacuate Collection Set: 0.1ms
[2024-01-11T17:12:38.619+0100][234.840s] GC(52)   Merge Heap Roots: 0.1ms
[2024-01-11T17:12:38.619+0100][234.840s] GC(52)   Evacuate Collection Set: 3.2ms
[2024-01-11T17:12:38.619+0100][234.840s] GC(52)   Post Evacuate Collection Set: 0.6ms
[2024-01-11T17:12:38.619+0100][234.840s] GC(52)   Other: 0.1ms
[2024-01-11T17:12:38.619+0100][234.840s] GC(52) Eden regions: 285->0(285)
[2024-01-11T17:12:38.619+0100][234.840s] GC(52) Survivor regions: 22->22(39)
[2024-01-11T17:12:38.619+0100][234.840s] GC(52) Old regions: 60->61
[2024-01-11T17:12:38.619+0100][234.840s] GC(52) Archive regions: 0->0
[2024-01-11T17:12:38.619+0100][234.840s] GC(52) Humongous regions: 4->4
[2024-01-11T17:12:38.619+0100][234.840s] GC(52) Metaspace: 61634K(62208K)->61634K(62208K) NonClass: 54693K(54976K)->54693K(54976K) Class: 6941K(7232K)->6941K(7232K)
[2024-01-11T17:12:38.619+0100][234.840s] GC(52) Pause Young (Normal) (G1 Evacuation Pause) 369M->86M(512M) 4.369ms
[2024-01-11T17:12:38.619+0100][234.840s] GC(52) User=0.00s Sys=0.00s Real=0.00s
[2024-01-11T17:12:39.956+0100][236.176s] GC(53) Pause Young (Normal) (G1 Evacuation Pause)
[2024-01-11T17:12:39.956+0100][236.176s] GC(53) Using 10 workers of 10 for evacuation
[2024-01-11T17:12:39.960+0100][236.180s] GC(53)   Pre Evacuate Collection Set: 0.1ms
[2024-01-11T17:12:39.960+0100][236.180s] GC(53)   Merge Heap Roots: 0.2ms
[2024-01-11T17:12:39.960+0100][236.180s] GC(53)   Evacuate Collection Set: 3.1ms
[2024-01-11T17:12:39.960+0100][236.180s] GC(53)   Post Evacuate Collection Set: 0.5ms
[2024-01-11T17:12:39.960+0100][236.180s] GC(53)   Other: 0.1ms
[2024-01-11T17:12:39.960+0100][236.180s] GC(53) Eden regions: 285->0(285)
[2024-01-11T17:12:39.960+0100][236.180s] GC(53) Survivor regions: 22->22(39)
[2024-01-11T17:12:39.960+0100][236.180s] GC(53) Old regions: 61->63
[2024-01-11T17:12:39.960+0100][236.180s] GC(53) Archive regions: 0->0
[2024-01-11T17:12:39.960+0100][236.180s] GC(53) Humongous regions: 4->4
[2024-01-11T17:12:39.960+0100][236.180s] GC(53) Metaspace: 61636K(62208K)->61636K(62208K) NonClass: 54694K(54976K)->54694K(54976K) Class: 6941K(7232K)->6941K(7232K)
[2024-01-11T17:12:39.960+0100][236.180s] GC(53) Pause Young (Normal) (G1 Evacuation Pause) 371M->88M(512M) 4.147ms
[2024-01-11T17:12:39.960+0100][236.180s] GC(53) User=0.00s Sys=0.00s Real=0.00s
[2024-01-11T17:12:41.210+0100][237.431s] GC(54) Pause Young (Normal) (G1 Evacuation Pause)
[2024-01-11T17:12:41.210+0100][237.431s] GC(54) Using 10 workers of 10 for evacuation
[2024-01-11T17:12:41.214+0100][237.435s] GC(54)   Pre Evacuate Collection Set: 0.1ms
[2024-01-11T17:12:41.214+0100][237.435s] GC(54)   Merge Heap Roots: 0.1ms
[2024-01-11T17:12:41.214+0100][237.435s] GC(54)   Evacuate Collection Set: 3.3ms
[2024-01-11T17:12:41.214+0100][237.435s] GC(54)   Post Evacuate Collection Set: 0.4ms
[2024-01-11T17:12:41.214+0100][237.435s] GC(54)   Other: 0.1ms
[2024-01-11T17:12:41.214+0100][237.435s] GC(54) Eden regions: 285->0(285)
[2024-01-11T17:12:41.214+0100][237.435s] GC(54) Survivor regions: 22->22(39)
[2024-01-11T17:12:41.214+0100][237.435s] GC(54) Old regions: 63->64
[2024-01-11T17:12:41.214+0100][237.435s] GC(54) Archive regions: 0->0
[2024-01-11T17:12:41.214+0100][237.435s] GC(54) Humongous regions: 4->4
[2024-01-11T17:12:41.214+0100][237.435s] GC(54) Metaspace: 61645K(62208K)->61645K(62208K) NonClass: 54703K(54976K)->54703K(54976K) Class: 6941K(7232K)->6941K(7232K)
[2024-01-11T17:12:41.214+0100][237.435s] GC(54) Pause Young (Normal) (G1 Evacuation Pause) 373M->88M(512M) 4.154ms
[2024-01-11T17:12:41.214+0100][237.435s] GC(54) User=0.00s Sys=0.00s Real=0.00s
[2024-01-11T17:12:42.532+0100][238.752s] GC(55) Pause Young (Normal) (G1 Evacuation Pause)
[2024-01-11T17:12:42.532+0100][238.752s] GC(55) Using 10 workers of 10 for evacuation
[2024-01-11T17:12:42.536+0100][238.756s] GC(55)   Pre Evacuate Collection Set: 0.1ms
[2024-01-11T17:12:42.536+0100][238.756s] GC(55)   Merge Heap Roots: 0.1ms
[2024-01-11T17:12:42.536+0100][238.756s] GC(55)   Evacuate Collection Set: 3.1ms
[2024-01-11T17:12:42.536+0100][238.756s] GC(55)   Post Evacuate Collection Set: 0.5ms
[2024-01-11T17:12:42.536+0100][238.756s] GC(55)   Other: 0.1ms
[2024-01-11T17:12:42.536+0100][238.756s] GC(55) Eden regions: 285->0(285)
[2024-01-11T17:12:42.536+0100][238.756s] GC(55) Survivor regions: 22->22(39)
[2024-01-11T17:12:42.536+0100][238.756s] GC(55) Old regions: 64->66
[2024-01-11T17:12:42.536+0100][238.756s] GC(55) Archive regions: 0->0
[2024-01-11T17:12:42.536+0100][238.756s] GC(55) Humongous regions: 4->4
[2024-01-11T17:12:42.536+0100][238.756s] GC(55) Metaspace: 61677K(62272K)->61677K(62272K) NonClass: 54735K(55040K)->54735K(55040K) Class: 6942K(7232K)->6942K(7232K)
[2024-01-11T17:12:42.536+0100][238.757s] GC(55) Pause Young (Normal) (G1 Evacuation Pause) 373M->90M(512M) 4.106ms
[2024-01-11T17:12:42.536+0100][238.757s] GC(55) User=0.00s Sys=0.00s Real=0.00s
[2024-01-11T17:12:43.781+0100][240.002s] GC(56) Pause Young (Normal) (G1 Evacuation Pause)
[2024-01-11T17:12:43.782+0100][240.002s] GC(56) Using 10 workers of 10 for evacuation
[2024-01-11T17:12:43.786+0100][240.006s] GC(56)   Pre Evacuate Collection Set: 0.1ms
[2024-01-11T17:12:43.786+0100][240.006s] GC(56)   Merge Heap Roots: 0.1ms
[2024-01-11T17:12:43.786+0100][240.006s] GC(56)   Evacuate Collection Set: 3.1ms
[2024-01-11T17:12:43.786+0100][240.006s] GC(56)   Post Evacuate Collection Set: 0.5ms
[2024-01-11T17:12:43.786+0100][240.006s] GC(56)   Other: 0.1ms
[2024-01-11T17:12:43.786+0100][240.006s] GC(56) Eden regions: 285->0(286)
[2024-01-11T17:12:43.786+0100][240.006s] GC(56) Survivor regions: 22->21(39)
[2024-01-11T17:12:43.786+0100][240.006s] GC(56) Old regions: 66->68
[2024-01-11T17:12:43.786+0100][240.006s] GC(56) Archive regions: 0->0
[2024-01-11T17:12:43.786+0100][240.006s] GC(56) Humongous regions: 4->4
[2024-01-11T17:12:43.786+0100][240.007s] GC(56) Metaspace: 61683K(62272K)->61683K(62272K) NonClass: 54740K(55040K)->54740K(55040K) Class: 6942K(7232K)->6942K(7232K)
[2024-01-11T17:12:43.786+0100][240.007s] GC(56) Pause Young (Normal) (G1 Evacuation Pause) 375M->92M(512M) 4.199ms
[2024-01-11T17:12:43.786+0100][240.007s] GC(56) User=0.00s Sys=0.02s Real=0.01s
[2024-01-11T17:12:45.024+0100][241.245s] GC(57) Pause Young (Normal) (G1 Evacuation Pause)
[2024-01-11T17:12:45.024+0100][241.245s] GC(57) Using 10 workers of 10 for evacuation
[2024-01-11T17:12:45.028+0100][241.249s] GC(57)   Pre Evacuate Collection Set: 0.1ms
[2024-01-11T17:12:45.028+0100][241.249s] GC(57)   Merge Heap Roots: 0.1ms
[2024-01-11T17:12:45.028+0100][241.249s] GC(57)   Evacuate Collection Set: 3.1ms
[2024-01-11T17:12:45.028+0100][241.249s] GC(57)   Post Evacuate Collection Set: 0.5ms
[2024-01-11T17:12:45.028+0100][241.249s] GC(57)   Other: 0.1ms
[2024-01-11T17:12:45.028+0100][241.249s] GC(57) Eden regions: 286->0(285)
[2024-01-11T17:12:45.028+0100][241.249s] GC(57) Survivor regions: 21->22(39)
[2024-01-11T17:12:45.028+0100][241.249s] GC(57) Old regions: 68->69
[2024-01-11T17:12:45.028+0100][241.249s] GC(57) Archive regions: 0->0
[2024-01-11T17:12:45.028+0100][241.249s] GC(57) Humongous regions: 4->4
[2024-01-11T17:12:45.028+0100][241.249s] GC(57) Metaspace: 61686K(62336K)->61686K(62336K) NonClass: 54743K(55104K)->54743K(55104K) Class: 6943K(7232K)->6943K(7232K)
[2024-01-11T17:12:45.028+0100][241.249s] GC(57) Pause Young (Normal) (G1 Evacuation Pause) 378M->94M(512M) 4.140ms
[2024-01-11T17:12:45.028+0100][241.249s] GC(57) User=0.00s Sys=0.00s Real=0.00s
[2024-01-11T17:12:46.277+0100][242.498s] GC(58) Pause Young (Normal) (G1 Evacuation Pause)
[2024-01-11T17:12:46.277+0100][242.498s] GC(58) Using 10 workers of 10 for evacuation
[2024-01-11T17:12:46.281+0100][242.502s] GC(58)   Pre Evacuate Collection Set: 0.1ms
[2024-01-11T17:12:46.281+0100][242.502s] GC(58)   Merge Heap Roots: 0.1ms
[2024-01-11T17:12:46.281+0100][242.502s] GC(58)   Evacuate Collection Set: 3.2ms
[2024-01-11T17:12:46.281+0100][242.502s] GC(58)   Post Evacuate Collection Set: 0.6ms
[2024-01-11T17:12:46.281+0100][242.502s] GC(58)   Other: 0.1ms
[2024-01-11T17:12:46.281+0100][242.503s] GC(58) Eden regions: 285->0(286)
[2024-01-11T17:12:46.281+0100][242.503s] GC(58) Survivor regions: 22->21(39)
[2024-01-11T17:12:46.281+0100][242.503s] GC(58) Old regions: 69->71
[2024-01-11T17:12:46.281+0100][242.503s] GC(58) Archive regions: 0->0
[2024-01-11T17:12:46.281+0100][242.503s] GC(58) Humongous regions: 4->4
[2024-01-11T17:12:46.281+0100][242.503s] GC(58) Metaspace: 61687K(62336K)->61687K(62336K) NonClass: 54744K(55104K)->54744K(55104K) Class: 6943K(7232K)->6943K(7232K)
[2024-01-11T17:12:46.281+0100][242.503s] GC(58) Pause Young (Normal) (G1 Evacuation Pause) 379M->95M(512M) 4.212ms
[2024-01-11T17:12:46.281+0100][242.503s] GC(58) User=0.16s Sys=0.00s Real=0.00s
[2024-01-11T17:12:47.584+0100][243.805s] GC(59) Pause Young (Normal) (G1 Evacuation Pause)
[2024-01-11T17:12:47.584+0100][243.805s] GC(59) Using 10 workers of 10 for evacuation
[2024-01-11T17:12:47.588+0100][243.809s] GC(59)   Pre Evacuate Collection Set: 0.0ms
[2024-01-11T17:12:47.588+0100][243.809s] GC(59)   Merge Heap Roots: 0.0ms
[2024-01-11T17:12:47.588+0100][243.809s] GC(59)   Evacuate Collection Set: 3.2ms
[2024-01-11T17:12:47.588+0100][243.809s] GC(59)   Post Evacuate Collection Set: 0.5ms
[2024-01-11T17:12:47.588+0100][243.809s] GC(59)   Other: 0.1ms
[2024-01-11T17:12:47.588+0100][243.809s] GC(59) Eden regions: 286->0(285)
[2024-01-11T17:12:47.588+0100][243.809s] GC(59) Survivor regions: 21->22(39)
[2024-01-11T17:12:47.588+0100][243.809s] GC(59) Old regions: 71->72
[2024-01-11T17:12:47.588+0100][243.809s] GC(59) Archive regions: 0->0
[2024-01-11T17:12:47.588+0100][243.809s] GC(59) Humongous regions: 4->4
[2024-01-11T17:12:47.588+0100][243.809s] GC(59) Metaspace: 61695K(62336K)->61695K(62336K) NonClass: 54752K(55104K)->54752K(55104K) Class: 6943K(7232K)->6943K(7232K)
[2024-01-11T17:12:47.588+0100][243.809s] GC(59) Pause Young (Normal) (G1 Evacuation Pause) 381M->97M(512M) 4.075ms
[2024-01-11T17:12:47.588+0100][243.809s] GC(59) User=0.00s Sys=0.00s Real=0.00s
[2024-01-11T17:12:48.816+0100][245.037s] GC(60) Pause Young (Normal) (G1 Evacuation Pause)
[2024-01-11T17:12:48.816+0100][245.037s] GC(60) Using 10 workers of 10 for evacuation
[2024-01-11T17:12:48.821+0100][245.041s] GC(60)   Pre Evacuate Collection Set: 0.1ms
[2024-01-11T17:12:48.821+0100][245.041s] GC(60)   Merge Heap Roots: 0.2ms
[2024-01-11T17:12:48.821+0100][245.041s] GC(60)   Evacuate Collection Set: 3.2ms
[2024-01-11T17:12:48.821+0100][245.041s] GC(60)   Post Evacuate Collection Set: 0.6ms
[2024-01-11T17:12:48.821+0100][245.041s] GC(60)   Other: 0.1ms
[2024-01-11T17:12:48.821+0100][245.041s] GC(60) Eden regions: 285->0(285)
[2024-01-11T17:12:48.821+0100][245.041s] GC(60) Survivor regions: 22->22(39)
[2024-01-11T17:12:48.821+0100][245.041s] GC(60) Old regions: 72->74
[2024-01-11T17:12:48.821+0100][245.041s] GC(60) Archive regions: 0->0
[2024-01-11T17:12:48.821+0100][245.041s] GC(60) Humongous regions: 4->4
[2024-01-11T17:12:48.821+0100][245.041s] GC(60) Metaspace: 61700K(62336K)->61700K(62336K) NonClass: 54757K(55104K)->54757K(55104K) Class: 6943K(7232K)->6943K(7232K)
[2024-01-11T17:12:48.821+0100][245.041s] GC(60) Pause Young (Normal) (G1 Evacuation Pause) 382M->99M(512M) 4.314ms
[2024-01-11T17:12:48.821+0100][245.041s] GC(60) User=0.00s Sys=0.00s Real=0.01s
[2024-01-11T17:12:50.022+0100][246.242s] GC(61) Pause Young (Normal) (G1 Evacuation Pause)
[2024-01-11T17:12:50.022+0100][246.242s] GC(61) Using 10 workers of 10 for evacuation
[2024-01-11T17:12:50.026+0100][246.246s] GC(61)   Pre Evacuate Collection Set: 0.1ms
[2024-01-11T17:12:50.026+0100][246.246s] GC(61)   Merge Heap Roots: 0.1ms
[2024-01-11T17:12:50.026+0100][246.247s] GC(61)   Evacuate Collection Set: 3.1ms
[2024-01-11T17:12:50.026+0100][246.247s] GC(61)   Post Evacuate Collection Set: 0.6ms
[2024-01-11T17:12:50.026+0100][246.247s] GC(61)   Other: 0.1ms
[2024-01-11T17:12:50.026+0100][246.247s] GC(61) Eden regions: 285->0(285)
[2024-01-11T17:12:50.026+0100][246.247s] GC(61) Survivor regions: 22->22(39)
[2024-01-11T17:12:50.026+0100][246.247s] GC(61) Old regions: 74->76
[2024-01-11T17:12:50.026+0100][246.247s] GC(61) Archive regions: 0->0
[2024-01-11T17:12:50.026+0100][246.247s] GC(61) Humongous regions: 4->4
[2024-01-11T17:12:50.026+0100][246.247s] GC(61) Metaspace: 61706K(62336K)->61706K(62336K) NonClass: 54763K(55104K)->54763K(55104K) Class: 6943K(7232K)->6943K(7232K)
[2024-01-11T17:12:50.026+0100][246.247s] GC(61) Pause Young (Normal) (G1 Evacuation Pause) 384M->100M(512M) 4.242ms
[2024-01-11T17:12:50.026+0100][246.247s] GC(61) User=0.00s Sys=0.00s Real=0.00s
[2024-01-11T17:12:51.362+0100][247.582s] GC(62) Pause Young (Normal) (G1 Evacuation Pause)
[2024-01-11T17:12:51.362+0100][247.582s] GC(62) Using 10 workers of 10 for evacuation
[2024-01-11T17:12:51.366+0100][247.586s] GC(62)   Pre Evacuate Collection Set: 0.1ms
[2024-01-11T17:12:51.366+0100][247.586s] GC(62)   Merge Heap Roots: 0.1ms
[2024-01-11T17:12:51.366+0100][247.586s] GC(62)   Evacuate Collection Set: 3.2ms
[2024-01-11T17:12:51.366+0100][247.586s] GC(62)   Post Evacuate Collection Set: 0.4ms
[2024-01-11T17:12:51.366+0100][247.586s] GC(62)   Other: 0.1ms
[2024-01-11T17:12:51.366+0100][247.586s] GC(62) Eden regions: 285->0(286)
[2024-01-11T17:12:51.366+0100][247.586s] GC(62) Survivor regions: 22->21(39)
[2024-01-11T17:12:51.366+0100][247.586s] GC(62) Old regions: 76->78
[2024-01-11T17:12:51.366+0100][247.586s] GC(62) Archive regions: 0->0
[2024-01-11T17:12:51.366+0100][247.586s] GC(62) Humongous regions: 4->4
[2024-01-11T17:12:51.366+0100][247.586s] GC(62) Metaspace: 61709K(62336K)->61709K(62336K) NonClass: 54766K(55104K)->54766K(55104K) Class: 6943K(7232K)->6943K(7232K)
[2024-01-11T17:12:51.366+0100][247.586s] GC(62) Pause Young (Normal) (G1 Evacuation Pause) 385M->101M(512M) 4.063ms
[2024-01-11T17:12:51.366+0100][247.586s] GC(62) User=0.00s Sys=0.00s Real=0.00s
[2024-01-11T17:12:52.655+0100][248.877s] GC(63) Pause Young (Normal) (G1 Evacuation Pause)
[2024-01-11T17:12:52.655+0100][248.877s] GC(63) Using 10 workers of 10 for evacuation
[2024-01-11T17:12:52.659+0100][248.881s] GC(63)   Pre Evacuate Collection Set: 0.1ms
[2024-01-11T17:12:52.659+0100][248.881s] GC(63)   Merge Heap Roots: 0.1ms
[2024-01-11T17:12:52.659+0100][248.881s] GC(63)   Evacuate Collection Set: 3.1ms
[2024-01-11T17:12:52.659+0100][248.881s] GC(63)   Post Evacuate Collection Set: 0.5ms
[2024-01-11T17:12:52.659+0100][248.881s] GC(63)   Other: 0.1ms
[2024-01-11T17:12:52.659+0100][248.881s] GC(63) Eden regions: 286->0(286)
[2024-01-11T17:12:52.659+0100][248.881s] GC(63) Survivor regions: 21->21(39)
[2024-01-11T17:12:52.659+0100][248.881s] GC(63) Old regions: 78->79
[2024-01-11T17:12:52.659+0100][248.881s] GC(63) Archive regions: 0->0
[2024-01-11T17:12:52.659+0100][248.881s] GC(63) Humongous regions: 4->4
[2024-01-11T17:12:52.659+0100][248.881s] GC(63) Metaspace: 61714K(62336K)->61714K(62336K) NonClass: 54771K(55104K)->54771K(55104K) Class: 6943K(7232K)->6943K(7232K)
[2024-01-11T17:12:52.659+0100][248.881s] GC(63) Pause Young (Normal) (G1 Evacuation Pause) 387M->103M(512M) 4.048ms
[2024-01-11T17:12:52.659+0100][248.881s] GC(63) User=0.16s Sys=0.00s Real=0.00s
[2024-01-11T17:12:53.249+0100][249.470s] GC(64) Pause Young (Concurrent Start) (CodeCache GC Threshold)
[2024-01-11T17:12:53.249+0100][249.470s] GC(64) Using 10 workers of 10 for evacuation
[2024-01-11T17:12:53.253+0100][249.474s] GC(64)   Pre Evacuate Collection Set: 0.1ms
[2024-01-11T17:12:53.253+0100][249.474s] GC(64)   Merge Heap Roots: 0.1ms
[2024-01-11T17:12:53.253+0100][249.474s] GC(64)   Evacuate Collection Set: 3.0ms
[2024-01-11T17:12:53.253+0100][249.474s] GC(64)   Post Evacuate Collection Set: 0.5ms
[2024-01-11T17:12:53.253+0100][249.474s] GC(64)   Other: 0.1ms
[2024-01-11T17:12:53.253+0100][249.474s] GC(64) Eden regions: 129->0(285)
[2024-01-11T17:12:53.253+0100][249.474s] GC(64) Survivor regions: 21->22(39)
[2024-01-11T17:12:53.253+0100][249.474s] GC(64) Old regions: 79->79
[2024-01-11T17:12:53.253+0100][249.474s] GC(64) Archive regions: 0->0
[2024-01-11T17:12:53.253+0100][249.474s] GC(64) Humongous regions: 4->4
[2024-01-11T17:12:53.253+0100][249.474s] GC(64) Metaspace: 61715K(62336K)->61715K(62336K) NonClass: 54772K(55104K)->54772K(55104K) Class: 6943K(7232K)->6943K(7232K)
[2024-01-11T17:12:53.253+0100][249.474s] GC(64) Pause Young (Concurrent Start) (CodeCache GC Threshold) 232M->104M(512M) 4.053ms
[2024-01-11T17:12:53.253+0100][249.474s] GC(65) Concurrent Mark Cycle
[2024-01-11T17:12:53.253+0100][249.474s] GC(64) User=0.16s Sys=0.00s Real=0.00s
[2024-01-11T17:12:53.253+0100][249.474s] GC(65) Concurrent Clear Claimed Marks
[2024-01-11T17:12:53.253+0100][249.474s] GC(65) Concurrent Clear Claimed Marks 0.154ms
[2024-01-11T17:12:53.253+0100][249.474s] GC(65) Concurrent Scan Root Regions
[2024-01-11T17:12:53.254+0100][249.476s] GC(65) Concurrent Scan Root Regions 1.422ms
[2024-01-11T17:12:53.254+0100][249.476s] GC(65) Concurrent Mark
[2024-01-11T17:12:53.254+0100][249.476s] GC(65) Concurrent Mark From Roots
[2024-01-11T17:12:53.254+0100][249.476s] GC(65) Using 3 workers of 3 for marking
[2024-01-11T17:12:53.276+0100][249.497s] GC(65) Concurrent Mark From Roots 21.058ms
[2024-01-11T17:12:53.276+0100][249.497s] GC(65) Concurrent Preclean
[2024-01-11T17:12:53.276+0100][249.497s] GC(65) Concurrent Preclean 0.064ms
[2024-01-11T17:12:53.277+0100][249.497s] GC(65) Pause Remark
[2024-01-11T17:12:53.282+0100][249.502s] GC(65) Pause Remark 106M->106M(512M) 5.002ms
[2024-01-11T17:12:53.282+0100][249.502s] GC(65) User=0.06s Sys=0.00s Real=0.01s
[2024-01-11T17:12:53.282+0100][249.502s] GC(65) Concurrent Mark 26.472ms
[2024-01-11T17:12:53.282+0100][249.502s] GC(65) Concurrent Rebuild Remembered Sets
[2024-01-11T17:12:53.282+0100][249.502s] GC(65) Concurrent Rebuild Remembered Sets 0.015ms
[2024-01-11T17:12:53.282+0100][249.503s] GC(65) Pause Cleanup
[2024-01-11T17:12:53.282+0100][249.503s] GC(65) Pause Cleanup 106M->106M(512M) 0.014ms
[2024-01-11T17:12:53.282+0100][249.503s] GC(65) User=0.00s Sys=0.00s Real=0.00s
[2024-01-11T17:12:53.282+0100][249.503s] GC(65) Concurrent Cleanup for Next Mark
[2024-01-11T17:12:53.283+0100][249.503s] GC(65) Concurrent Cleanup for Next Mark 0.619ms
[2024-01-11T17:12:53.283+0100][249.503s] GC(65) Concurrent Mark Cycle 29.064ms
[2024-01-11T17:12:54.600+0100][250.822s] GC(66) Pause Young (Normal) (G1 Evacuation Pause)
[2024-01-11T17:12:54.601+0100][250.822s] GC(66) Using 10 workers of 10 for evacuation
[2024-01-11T17:12:54.604+0100][250.826s] GC(66)   Pre Evacuate Collection Set: 0.1ms
[2024-01-11T17:12:54.605+0100][250.826s] GC(66)   Merge Heap Roots: 0.1ms
[2024-01-11T17:12:54.605+0100][250.826s] GC(66)   Evacuate Collection Set: 3.1ms
[2024-01-11T17:12:54.605+0100][250.826s] GC(66)   Post Evacuate Collection Set: 0.6ms
[2024-01-11T17:12:54.605+0100][250.826s] GC(66)   Other: 0.1ms
[2024-01-11T17:12:54.605+0100][250.826s] GC(66) Eden regions: 285->0(285)
[2024-01-11T17:12:54.605+0100][250.826s] GC(66) Survivor regions: 22->22(39)
[2024-01-11T17:12:54.605+0100][250.826s] GC(66) Old regions: 79->81
[2024-01-11T17:12:54.605+0100][250.826s] GC(66) Archive regions: 0->0
[2024-01-11T17:12:54.605+0100][250.826s] GC(66) Humongous regions: 4->4
[2024-01-11T17:12:54.605+0100][250.826s] GC(66) Metaspace: 61716K(62336K)->61716K(62336K) NonClass: 54773K(55104K)->54773K(55104K) Class: 6943K(7232K)->6943K(7232K)
[2024-01-11T17:12:54.605+0100][250.826s] GC(66) Pause Young (Normal) (G1 Evacuation Pause) 389M->105M(512M) 4.177ms
[2024-01-11T17:12:54.605+0100][250.826s] GC(66) User=0.00s Sys=0.00s Real=0.01s
[2024-01-11T17:12:55.856+0100][252.076s] GC(67) Pause Young (Normal) (G1 Evacuation Pause)
[2024-01-11T17:12:55.856+0100][252.077s] GC(67) Using 10 workers of 10 for evacuation
[2024-01-11T17:12:55.860+0100][252.081s] GC(67)   Pre Evacuate Collection Set: 0.1ms
[2024-01-11T17:12:55.860+0100][252.081s] GC(67)   Merge Heap Roots: 0.1ms
[2024-01-11T17:12:55.860+0100][252.081s] GC(67)   Evacuate Collection Set: 3.4ms
[2024-01-11T17:12:55.860+0100][252.081s] GC(67)   Post Evacuate Collection Set: 0.5ms
[2024-01-11T17:12:55.860+0100][252.081s] GC(67)   Other: 0.1ms
[2024-01-11T17:12:55.860+0100][252.081s] GC(67) Eden regions: 285->0(285)
[2024-01-11T17:12:55.860+0100][252.081s] GC(67) Survivor regions: 22->22(39)
[2024-01-11T17:12:55.860+0100][252.081s] GC(67) Old regions: 81->83
[2024-01-11T17:12:55.860+0100][252.081s] GC(67) Archive regions: 0->0
[2024-01-11T17:12:55.860+0100][252.081s] GC(67) Humongous regions: 4->4
[2024-01-11T17:12:55.860+0100][252.081s] GC(67) Metaspace: 61716K(62336K)->61716K(62336K) NonClass: 54773K(55104K)->54773K(55104K) Class: 6943K(7232K)->6943K(7232K)
[2024-01-11T17:12:55.860+0100][252.081s] GC(67) Pause Young (Normal) (G1 Evacuation Pause) 390M->107M(512M) 4.583ms
[2024-01-11T17:12:55.860+0100][252.081s] GC(67) User=0.09s Sys=0.00s Real=0.00s
[2024-01-11T17:12:57.060+0100][253.281s] GC(68) Pause Young (Normal) (G1 Evacuation Pause)
[2024-01-11T17:12:57.060+0100][253.281s] GC(68) Using 10 workers of 10 for evacuation
[2024-01-11T17:12:57.064+0100][253.286s] GC(68)   Pre Evacuate Collection Set: 0.1ms
[2024-01-11T17:12:57.064+0100][253.286s] GC(68)   Merge Heap Roots: 0.1ms
[2024-01-11T17:12:57.064+0100][253.286s] GC(68)   Evacuate Collection Set: 3.3ms
[2024-01-11T17:12:57.064+0100][253.286s] GC(68)   Post Evacuate Collection Set: 0.6ms
[2024-01-11T17:12:57.064+0100][253.286s] GC(68)   Other: 0.1ms
[2024-01-11T17:12:57.064+0100][253.286s] GC(68) Eden regions: 285->0(285)
[2024-01-11T17:12:57.064+0100][253.286s] GC(68) Survivor regions: 22->22(39)
[2024-01-11T17:12:57.064+0100][253.286s] GC(68) Old regions: 83->84
[2024-01-11T17:12:57.064+0100][253.286s] GC(68) Archive regions: 0->0
[2024-01-11T17:12:57.064+0100][253.286s] GC(68) Humongous regions: 4->4
[2024-01-11T17:12:57.064+0100][253.286s] GC(68) Metaspace: 61731K(62336K)->61731K(62336K) NonClass: 54787K(55104K)->54787K(55104K) Class: 6944K(7232K)->6944K(7232K)
[2024-01-11T17:12:57.064+0100][253.286s] GC(68) Pause Young (Normal) (G1 Evacuation Pause) 392M->108M(512M) 4.432ms
[2024-01-11T17:12:57.064+0100][253.286s] GC(68) User=0.17s Sys=0.00s Real=0.00s
[2024-01-11T17:12:58.412+0100][254.633s] GC(69) Pause Young (Normal) (G1 Evacuation Pause)
[2024-01-11T17:12:58.412+0100][254.633s] GC(69) Using 10 workers of 10 for evacuation
[2024-01-11T17:12:58.416+0100][254.637s] GC(69)   Pre Evacuate Collection Set: 0.1ms
[2024-01-11T17:12:58.416+0100][254.637s] GC(69)   Merge Heap Roots: 0.1ms
[2024-01-11T17:12:58.416+0100][254.637s] GC(69)   Evacuate Collection Set: 3.3ms
[2024-01-11T17:12:58.416+0100][254.637s] GC(69)   Post Evacuate Collection Set: 0.5ms
[2024-01-11T17:12:58.416+0100][254.637s] GC(69)   Other: 0.1ms
[2024-01-11T17:12:58.416+0100][254.637s] GC(69) Eden regions: 285->0(285)
[2024-01-11T17:12:58.416+0100][254.637s] GC(69) Survivor regions: 22->22(39)
[2024-01-11T17:12:58.416+0100][254.637s] GC(69) Old regions: 84->86
[2024-01-11T17:12:58.416+0100][254.637s] GC(69) Archive regions: 0->0
[2024-01-11T17:12:58.416+0100][254.637s] GC(69) Humongous regions: 4->4
[2024-01-11T17:12:58.416+0100][254.637s] GC(69) Metaspace: 61733K(62336K)->61733K(62336K) NonClass: 54789K(55104K)->54789K(55104K) Class: 6944K(7232K)->6944K(7232K)
[2024-01-11T17:12:58.416+0100][254.637s] GC(69) Pause Young (Normal) (G1 Evacuation Pause) 393M->110M(512M) 4.330ms
[2024-01-11T17:12:58.416+0100][254.637s] GC(69) User=0.00s Sys=0.00s Real=0.00s
[2024-01-11T17:12:58.853+0100][255.074s] GC(70) Pause Young (Concurrent Start) (CodeCache GC Threshold)
[2024-01-11T17:12:58.853+0100][255.074s] GC(70) Using 10 workers of 10 for evacuation
[2024-01-11T17:12:58.857+0100][255.078s] GC(70)   Pre Evacuate Collection Set: 0.2ms
[2024-01-11T17:12:58.857+0100][255.078s] GC(70)   Merge Heap Roots: 0.1ms
[2024-01-11T17:12:58.857+0100][255.078s] GC(70)   Evacuate Collection Set: 3.3ms
[2024-01-11T17:12:58.857+0100][255.078s] GC(70)   Post Evacuate Collection Set: 0.5ms
[2024-01-11T17:12:58.857+0100][255.078s] GC(70)   Other: 0.1ms
[2024-01-11T17:12:58.857+0100][255.078s] GC(70) Eden regions: 104->0(286)
[2024-01-11T17:12:58.857+0100][255.078s] GC(70) Survivor regions: 22->21(39)
[2024-01-11T17:12:58.857+0100][255.078s] GC(70) Old regions: 86->87
[2024-01-11T17:12:58.857+0100][255.078s] GC(70) Archive regions: 0->0
[2024-01-11T17:12:58.857+0100][255.078s] GC(70) Humongous regions: 4->4
[2024-01-11T17:12:58.857+0100][255.078s] GC(70) Metaspace: 61733K(62336K)->61733K(62336K) NonClass: 54789K(55104K)->54789K(55104K) Class: 6944K(7232K)->6944K(7232K)
[2024-01-11T17:12:58.857+0100][255.078s] GC(70) Pause Young (Concurrent Start) (CodeCache GC Threshold) 214M->111M(512M) 4.356ms
[2024-01-11T17:12:58.857+0100][255.078s] GC(70) User=0.00s Sys=0.00s Real=0.00s
[2024-01-11T17:12:58.857+0100][255.078s] GC(71) Concurrent Mark Cycle
[2024-01-11T17:12:58.857+0100][255.078s] GC(71) Concurrent Clear Claimed Marks
[2024-01-11T17:12:58.857+0100][255.078s] GC(71) Concurrent Clear Claimed Marks 0.057ms
[2024-01-11T17:12:58.857+0100][255.078s] GC(71) Concurrent Scan Root Regions
[2024-01-11T17:12:58.858+0100][255.080s] GC(71) Concurrent Scan Root Regions 1.309ms
[2024-01-11T17:12:58.858+0100][255.080s] GC(71) Concurrent Mark
[2024-01-11T17:12:58.858+0100][255.080s] GC(71) Concurrent Mark From Roots
[2024-01-11T17:12:58.859+0100][255.080s] GC(71) Using 3 workers of 3 for marking
[2024-01-11T17:12:58.887+0100][255.109s] GC(71) Concurrent Mark From Roots 28.666ms
[2024-01-11T17:12:58.887+0100][255.109s] GC(71) Concurrent Preclean
[2024-01-11T17:12:58.887+0100][255.109s] GC(71) Concurrent Preclean 0.078ms
[2024-01-11T17:12:58.887+0100][255.109s] GC(71) Pause Remark
[2024-01-11T17:12:58.891+0100][255.112s] GC(71) Pause Remark 117M->117M(512M) 3.149ms
[2024-01-11T17:12:58.891+0100][255.112s] GC(71) User=0.00s Sys=0.00s Real=0.00s
[2024-01-11T17:12:58.891+0100][255.112s] GC(71) Concurrent Mark 32.229ms
[2024-01-11T17:12:58.891+0100][255.112s] GC(71) Concurrent Rebuild Remembered Sets
[2024-01-11T17:12:58.903+0100][255.124s] GC(71) Concurrent Rebuild Remembered Sets 11.555ms
[2024-01-11T17:12:58.903+0100][255.124s] GC(71) Pause Cleanup
[2024-01-11T17:12:58.903+0100][255.124s] GC(71) Pause Cleanup 120M->120M(512M) 0.138ms
[2024-01-11T17:12:58.903+0100][255.124s] GC(71) User=0.00s Sys=0.00s Real=0.00s
[2024-01-11T17:12:58.903+0100][255.124s] GC(71) Concurrent Cleanup for Next Mark
[2024-01-11T17:12:58.904+0100][255.125s] GC(71) Concurrent Cleanup for Next Mark 0.699ms
[2024-01-11T17:12:58.904+0100][255.125s] GC(71) Concurrent Mark Cycle 46.436ms
[2024-01-11T17:13:00.151+0100][256.372s] GC(72) Pause Young (Normal) (G1 Evacuation Pause)
[2024-01-11T17:13:00.151+0100][256.372s] GC(72) Using 10 workers of 10 for evacuation
[2024-01-11T17:13:00.154+0100][256.376s] GC(72)   Pre Evacuate Collection Set: 0.1ms
[2024-01-11T17:13:00.154+0100][256.376s] GC(72)   Merge Heap Roots: 0.1ms
[2024-01-11T17:13:00.154+0100][256.376s] GC(72)   Evacuate Collection Set: 3.1ms
[2024-01-11T17:13:00.154+0100][256.376s] GC(72)   Post Evacuate Collection Set: 0.5ms
[2024-01-11T17:13:00.155+0100][256.376s] GC(72)   Other: 0.1ms
[2024-01-11T17:13:00.155+0100][256.376s] GC(72) Eden regions: 286->0(286)
[2024-01-11T17:13:00.155+0100][256.376s] GC(72) Survivor regions: 21->21(39)
[2024-01-11T17:13:00.155+0100][256.376s] GC(72) Old regions: 87->89
[2024-01-11T17:13:00.155+0100][256.376s] GC(72) Archive regions: 0->0
[2024-01-11T17:13:00.155+0100][256.376s] GC(72) Humongous regions: 4->4
[2024-01-11T17:13:00.155+0100][256.376s] GC(72) Metaspace: 61736K(62336K)->61736K(62336K) NonClass: 54792K(55104K)->54792K(55104K) Class: 6944K(7232K)->6944K(7232K)
[2024-01-11T17:13:00.155+0100][256.376s] GC(72) Pause Young (Normal) (G1 Evacuation Pause) 397M->112M(512M) 4.004ms
[2024-01-11T17:13:00.155+0100][256.376s] GC(72) User=0.00s Sys=0.00s Real=0.00s
[2024-01-11T17:13:01.329+0100][257.550s] GC(73) Pause Young (Normal) (G1 Evacuation Pause)
[2024-01-11T17:13:01.329+0100][257.550s] GC(73) Using 10 workers of 10 for evacuation
[2024-01-11T17:13:01.333+0100][257.555s] GC(73)   Pre Evacuate Collection Set: 0.1ms
[2024-01-11T17:13:01.333+0100][257.555s] GC(73)   Merge Heap Roots: 0.1ms
[2024-01-11T17:13:01.334+0100][257.555s] GC(73)   Evacuate Collection Set: 3.3ms
[2024-01-11T17:13:01.334+0100][257.555s] GC(73)   Post Evacuate Collection Set: 0.6ms
[2024-01-11T17:13:01.334+0100][257.555s] GC(73)   Other: 0.1ms
[2024-01-11T17:13:01.334+0100][257.555s] GC(73) Eden regions: 286->0(284)
[2024-01-11T17:13:01.334+0100][257.555s] GC(73) Survivor regions: 21->23(39)
[2024-01-11T17:13:01.334+0100][257.555s] GC(73) Old regions: 89->89
[2024-01-11T17:13:01.334+0100][257.555s] GC(73) Archive regions: 0->0
[2024-01-11T17:13:01.334+0100][257.555s] GC(73) Humongous regions: 4->4
[2024-01-11T17:13:01.334+0100][257.555s] GC(73) Metaspace: 61737K(62336K)->61737K(62336K) NonClass: 54793K(55104K)->54793K(55104K) Class: 6944K(7232K)->6944K(7232K)
[2024-01-11T17:13:01.334+0100][257.555s] GC(73) Pause Young (Normal) (G1 Evacuation Pause) 398M->114M(512M) 4.334ms
[2024-01-11T17:13:01.334+0100][257.555s] GC(73) User=0.00s Sys=0.00s Real=0.01s
[2024-01-11T17:13:01.905+0100][258.126s] GC(74) Pause Young (Concurrent Start) (CodeCache GC Threshold)
[2024-01-11T17:13:01.905+0100][258.126s] GC(74) Using 10 workers of 10 for evacuation
[2024-01-11T17:13:01.910+0100][258.131s] GC(74)   Pre Evacuate Collection Set: 0.1ms
[2024-01-11T17:13:01.910+0100][258.131s] GC(74)   Merge Heap Roots: 0.1ms
[2024-01-11T17:13:01.910+0100][258.131s] GC(74)   Evacuate Collection Set: 3.5ms
[2024-01-11T17:13:01.910+0100][258.131s] GC(74)   Post Evacuate Collection Set: 0.5ms
[2024-01-11T17:13:01.910+0100][258.131s] GC(74)   Other: 0.1ms
[2024-01-11T17:13:01.910+0100][258.131s] GC(74) Eden regions: 148->0(284)
[2024-01-11T17:13:01.910+0100][258.131s] GC(74) Survivor regions: 23->23(39)
[2024-01-11T17:13:01.910+0100][258.131s] GC(74) Old regions: 89->90
[2024-01-11T17:13:01.910+0100][258.131s] GC(74) Archive regions: 0->0
[2024-01-11T17:13:01.910+0100][258.131s] GC(74) Humongous regions: 4->4
[2024-01-11T17:13:01.910+0100][258.131s] GC(74) Metaspace: 61744K(62336K)->61744K(62336K) NonClass: 54800K(55104K)->54800K(55104K) Class: 6944K(7232K)->6944K(7232K)
[2024-01-11T17:13:01.910+0100][258.131s] GC(74) Pause Young (Concurrent Start) (CodeCache GC Threshold) 262M->116M(512M) 4.645ms
[2024-01-11T17:13:01.910+0100][258.131s] GC(74) User=0.16s Sys=0.00s Real=0.01s
[2024-01-11T17:13:01.910+0100][258.131s] GC(75) Concurrent Mark Cycle
[2024-01-11T17:13:01.910+0100][258.131s] GC(75) Concurrent Clear Claimed Marks
[2024-01-11T17:13:01.910+0100][258.131s] GC(75) Concurrent Clear Claimed Marks 0.039ms
[2024-01-11T17:13:01.910+0100][258.131s] GC(75) Concurrent Scan Root Regions
[2024-01-11T17:13:01.911+0100][258.132s] GC(75) Concurrent Scan Root Regions 1.264ms
[2024-01-11T17:13:01.911+0100][258.132s] GC(75) Concurrent Mark
[2024-01-11T17:13:01.911+0100][258.132s] GC(75) Concurrent Mark From Roots
[2024-01-11T17:13:01.911+0100][258.132s] GC(75) Using 3 workers of 3 for marking
[2024-01-11T17:13:01.946+0100][258.167s] GC(75) Concurrent Mark From Roots 34.967ms
[2024-01-11T17:13:01.947+0100][258.167s] GC(75) Concurrent Preclean
[2024-01-11T17:13:01.947+0100][258.167s] GC(75) Concurrent Preclean 0.098ms
[2024-01-11T17:13:01.947+0100][258.167s] GC(75) Pause Remark
[2024-01-11T17:13:01.954+0100][258.175s] GC(75) Pause Remark 122M->122M(512M) 7.258ms
[2024-01-11T17:13:01.954+0100][258.175s] GC(75) User=0.05s Sys=0.00s Real=0.01s
[2024-01-11T17:13:01.954+0100][258.175s] GC(75) Concurrent Mark 42.638ms
[2024-01-11T17:13:01.954+0100][258.175s] GC(75) Concurrent Rebuild Remembered Sets
[2024-01-11T17:13:01.963+0100][258.183s] GC(75) Concurrent Rebuild Remembered Sets 8.253ms
[2024-01-11T17:13:01.963+0100][258.183s] GC(75) Pause Cleanup
[2024-01-11T17:13:01.963+0100][258.183s] GC(75) Pause Cleanup 123M->123M(512M) 0.140ms
[2024-01-11T17:13:01.963+0100][258.183s] GC(75) User=0.00s Sys=0.00s Real=0.00s
[2024-01-11T17:13:01.963+0100][258.183s] GC(75) Concurrent Cleanup for Next Mark
[2024-01-11T17:13:01.964+0100][258.184s] GC(75) Concurrent Cleanup for Next Mark 0.820ms
[2024-01-11T17:13:01.964+0100][258.184s] GC(75) Concurrent Mark Cycle 53.523ms
[2024-01-11T17:13:03.221+0100][259.442s] GC(76) Pause Young (Normal) (G1 Evacuation Pause)
[2024-01-11T17:13:03.221+0100][259.442s] GC(76) Using 10 workers of 10 for evacuation
[2024-01-11T17:13:03.225+0100][259.446s] GC(76)   Pre Evacuate Collection Set: 0.1ms
[2024-01-11T17:13:03.225+0100][259.446s] GC(76)   Merge Heap Roots: 0.1ms
[2024-01-11T17:13:03.225+0100][259.446s] GC(76)   Evacuate Collection Set: 3.2ms
[2024-01-11T17:13:03.225+0100][259.446s] GC(76)   Post Evacuate Collection Set: 0.4ms
[2024-01-11T17:13:03.225+0100][259.446s] GC(76)   Other: 0.1ms
[2024-01-11T17:13:03.225+0100][259.446s] GC(76) Eden regions: 284->0(287)
[2024-01-11T17:13:03.225+0100][259.446s] GC(76) Survivor regions: 23->20(39)
[2024-01-11T17:13:03.225+0100][259.446s] GC(76) Old regions: 90->94
[2024-01-11T17:13:03.225+0100][259.446s] GC(76) Archive regions: 0->0
[2024-01-11T17:13:03.225+0100][259.446s] GC(76) Humongous regions: 4->4
[2024-01-11T17:13:03.225+0100][259.446s] GC(76) Metaspace: 61748K(62336K)->61748K(62336K) NonClass: 54804K(55104K)->54804K(55104K) Class: 6944K(7232K)->6944K(7232K)
[2024-01-11T17:13:03.225+0100][259.446s] GC(76) Pause Young (Normal) (G1 Evacuation Pause) 400M->116M(512M) 4.074ms
[2024-01-11T17:13:03.225+0100][259.446s] GC(76) User=0.00s Sys=0.00s Real=0.00s
[2024-01-11T17:13:04.484+0100][260.705s] GC(77) Pause Young (Normal) (G1 Evacuation Pause)
[2024-01-11T17:13:04.484+0100][260.705s] GC(77) Using 10 workers of 10 for evacuation
[2024-01-11T17:13:04.487+0100][260.708s] GC(77)   Pre Evacuate Collection Set: 0.1ms
[2024-01-11T17:13:04.487+0100][260.709s] GC(77)   Merge Heap Roots: 0.1ms
[2024-01-11T17:13:04.487+0100][260.709s] GC(77)   Evacuate Collection Set: 3.0ms
[2024-01-11T17:13:04.487+0100][260.709s] GC(77)   Post Evacuate Collection Set: 0.5ms
[2024-01-11T17:13:04.487+0100][260.709s] GC(77)   Other: 0.1ms
[2024-01-11T17:13:04.487+0100][260.709s] GC(77) Eden regions: 287->0(286)
[2024-01-11T17:13:04.487+0100][260.709s] GC(77) Survivor regions: 20->21(39)
[2024-01-11T17:13:04.487+0100][260.709s] GC(77) Old regions: 94->94
[2024-01-11T17:13:04.487+0100][260.709s] GC(77) Archive regions: 0->0
[2024-01-11T17:13:04.487+0100][260.709s] GC(77) Humongous regions: 4->4
[2024-01-11T17:13:04.487+0100][260.709s] GC(77) Metaspace: 61749K(62336K)->61749K(62336K) NonClass: 54805K(55104K)->54805K(55104K) Class: 6944K(7232K)->6944K(7232K)
[2024-01-11T17:13:04.487+0100][260.709s] GC(77) Pause Young (Normal) (G1 Evacuation Pause) 403M->117M(512M) 3.914ms
[2024-01-11T17:13:04.487+0100][260.709s] GC(77) User=0.00s Sys=0.00s Real=0.00s
[2024-01-11T17:13:05.775+0100][261.996s] GC(78) Pause Young (Normal) (G1 Evacuation Pause)
[2024-01-11T17:13:05.775+0100][261.996s] GC(78) Using 10 workers of 10 for evacuation
[2024-01-11T17:13:05.779+0100][262.000s] GC(78)   Pre Evacuate Collection Set: 0.1ms
[2024-01-11T17:13:05.779+0100][262.000s] GC(78)   Merge Heap Roots: 0.1ms
[2024-01-11T17:13:05.779+0100][262.000s] GC(78)   Evacuate Collection Set: 3.2ms
[2024-01-11T17:13:05.779+0100][262.000s] GC(78)   Post Evacuate Collection Set: 0.5ms
[2024-01-11T17:13:05.779+0100][262.000s] GC(78)   Other: 0.1ms
[2024-01-11T17:13:05.779+0100][262.000s] GC(78) Eden regions: 286->0(285)
[2024-01-11T17:13:05.779+0100][262.000s] GC(78) Survivor regions: 21->22(39)
[2024-01-11T17:13:05.779+0100][262.000s] GC(78) Old regions: 94->95
[2024-01-11T17:13:05.779+0100][262.000s] GC(78) Archive regions: 0->0
[2024-01-11T17:13:05.779+0100][262.000s] GC(78) Humongous regions: 4->4
[2024-01-11T17:13:05.779+0100][262.000s] GC(78) Metaspace: 61752K(62336K)->61752K(62336K) NonClass: 54808K(55104K)->54808K(55104K) Class: 6944K(7232K)->6944K(7232K)
[2024-01-11T17:13:05.779+0100][262.000s] GC(78) Pause Young (Normal) (G1 Evacuation Pause) 403M->119M(512M) 4.162ms
[2024-01-11T17:13:05.779+0100][262.000s] GC(78) User=0.00s Sys=0.00s Real=0.00s
[2024-01-11T17:13:07.019+0100][263.240s] GC(79) Pause Young (Normal) (G1 Evacuation Pause)
[2024-01-11T17:13:07.019+0100][263.240s] GC(79) Using 10 workers of 10 for evacuation
[2024-01-11T17:13:07.023+0100][263.244s] GC(79)   Pre Evacuate Collection Set: 0.1ms
[2024-01-11T17:13:07.023+0100][263.244s] GC(79)   Merge Heap Roots: 0.1ms
[2024-01-11T17:13:07.023+0100][263.244s] GC(79)   Evacuate Collection Set: 3.3ms
[2024-01-11T17:13:07.023+0100][263.244s] GC(79)   Post Evacuate Collection Set: 0.6ms
[2024-01-11T17:13:07.023+0100][263.244s] GC(79)   Other: 0.1ms
[2024-01-11T17:13:07.023+0100][263.244s] GC(79) Eden regions: 285->0(285)
[2024-01-11T17:13:07.023+0100][263.244s] GC(79) Survivor regions: 22->22(39)
[2024-01-11T17:13:07.023+0100][263.244s] GC(79) Old regions: 95->97
[2024-01-11T17:13:07.023+0100][263.244s] GC(79) Archive regions: 0->0
[2024-01-11T17:13:07.023+0100][263.244s] GC(79) Humongous regions: 4->4
[2024-01-11T17:13:07.023+0100][263.244s] GC(79) Metaspace: 61752K(62336K)->61752K(62336K) NonClass: 54808K(55104K)->54808K(55104K) Class: 6944K(7232K)->6944K(7232K)
[2024-01-11T17:13:07.023+0100][263.244s] GC(79) Pause Young (Normal) (G1 Evacuation Pause) 404M->121M(512M) 4.434ms
[2024-01-11T17:13:07.023+0100][263.244s] GC(79) User=0.00s Sys=0.00s Real=0.00s
[2024-01-11T17:13:08.256+0100][264.477s] GC(80) Pause Young (Normal) (G1 Evacuation Pause)
[2024-01-11T17:13:08.256+0100][264.477s] GC(80) Using 10 workers of 10 for evacuation
[2024-01-11T17:13:08.260+0100][264.481s] GC(80)   Pre Evacuate Collection Set: 0.1ms
[2024-01-11T17:13:08.260+0100][264.481s] GC(80)   Merge Heap Roots: 0.1ms
[2024-01-11T17:13:08.260+0100][264.481s] GC(80)   Evacuate Collection Set: 3.2ms
[2024-01-11T17:13:08.260+0100][264.481s] GC(80)   Post Evacuate Collection Set: 0.5ms
[2024-01-11T17:13:08.260+0100][264.481s] GC(80)   Other: 0.1ms
[2024-01-11T17:13:08.260+0100][264.481s] GC(80) Eden regions: 285->0(285)
[2024-01-11T17:13:08.260+0100][264.481s] GC(80) Survivor regions: 22->22(39)
[2024-01-11T17:13:08.260+0100][264.481s] GC(80) Old regions: 97->98
[2024-01-11T17:13:08.260+0100][264.481s] GC(80) Archive regions: 0->0
[2024-01-11T17:13:08.260+0100][264.481s] GC(80) Humongous regions: 4->4
[2024-01-11T17:13:08.260+0100][264.481s] GC(80) Metaspace: 61752K(62336K)->61752K(62336K) NonClass: 54808K(55104K)->54808K(55104K) Class: 6944K(7232K)->6944K(7232K)
[2024-01-11T17:13:08.260+0100][264.481s] GC(80) Pause Young (Normal) (G1 Evacuation Pause) 406M->123M(512M) 4.159ms
[2024-01-11T17:13:08.260+0100][264.481s] GC(80) User=0.00s Sys=0.00s Real=0.00s
[2024-01-11T17:13:09.475+0100][265.696s] GC(81) Pause Young (Normal) (G1 Evacuation Pause)
[2024-01-11T17:13:09.475+0100][265.696s] GC(81) Using 10 workers of 10 for evacuation
[2024-01-11T17:13:09.479+0100][265.700s] GC(81)   Pre Evacuate Collection Set: 0.1ms
[2024-01-11T17:13:09.479+0100][265.700s] GC(81)   Merge Heap Roots: 0.1ms
[2024-01-11T17:13:09.479+0100][265.700s] GC(81)   Evacuate Collection Set: 3.3ms
[2024-01-11T17:13:09.479+0100][265.700s] GC(81)   Post Evacuate Collection Set: 0.4ms
[2024-01-11T17:13:09.479+0100][265.700s] GC(81)   Other: 0.1ms
[2024-01-11T17:13:09.479+0100][265.700s] GC(81) Eden regions: 285->0(285)
[2024-01-11T17:13:09.479+0100][265.700s] GC(81) Survivor regions: 22->22(39)
[2024-01-11T17:13:09.479+0100][265.700s] GC(81) Old regions: 98->99
[2024-01-11T17:13:09.479+0100][265.700s] GC(81) Archive regions: 0->0
[2024-01-11T17:13:09.479+0100][265.700s] GC(81) Humongous regions: 4->4
[2024-01-11T17:13:09.479+0100][265.700s] GC(81) Metaspace: 61752K(62336K)->61752K(62336K) NonClass: 54808K(55104K)->54808K(55104K) Class: 6944K(7232K)->6944K(7232K)
[2024-01-11T17:13:09.479+0100][265.700s] GC(81) Pause Young (Normal) (G1 Evacuation Pause) 408M->124M(512M) 4.166ms
[2024-01-11T17:13:09.479+0100][265.700s] GC(81) User=0.00s Sys=0.00s Real=0.00s
[2024-01-11T17:13:10.755+0100][266.976s] GC(82) Pause Young (Normal) (G1 Evacuation Pause)
[2024-01-11T17:13:10.755+0100][266.976s] GC(82) Using 10 workers of 10 for evacuation
[2024-01-11T17:13:10.759+0100][266.980s] GC(82)   Pre Evacuate Collection Set: 0.1ms
[2024-01-11T17:13:10.759+0100][266.980s] GC(82)   Merge Heap Roots: 0.1ms
[2024-01-11T17:13:10.759+0100][266.980s] GC(82)   Evacuate Collection Set: 3.4ms
[2024-01-11T17:13:10.759+0100][266.980s] GC(82)   Post Evacuate Collection Set: 0.5ms
[2024-01-11T17:13:10.759+0100][266.980s] GC(82)   Other: 0.1ms
[2024-01-11T17:13:10.759+0100][266.980s] GC(82) Eden regions: 285->0(284)
[2024-01-11T17:13:10.759+0100][266.980s] GC(82) Survivor regions: 22->23(39)
[2024-01-11T17:13:10.759+0100][266.980s] GC(82) Old regions: 99->101
[2024-01-11T17:13:10.759+0100][266.980s] GC(82) Archive regions: 0->0
[2024-01-11T17:13:10.759+0100][266.980s] GC(82) Humongous regions: 4->4
[2024-01-11T17:13:10.759+0100][266.980s] GC(82) Metaspace: 61752K(62336K)->61752K(62336K) NonClass: 54808K(55104K)->54808K(55104K) Class: 6944K(7232K)->6944K(7232K)
[2024-01-11T17:13:10.759+0100][266.980s] GC(82) Pause Young (Normal) (G1 Evacuation Pause) 409M->126M(512M) 4.304ms
[2024-01-11T17:13:10.759+0100][266.980s] GC(82) User=0.00s Sys=0.00s Real=0.00s
[2024-01-11T17:13:11.970+0100][268.190s] GC(83) Pause Young (Normal) (G1 Evacuation Pause)
[2024-01-11T17:13:11.970+0100][268.190s] GC(83) Using 10 workers of 10 for evacuation
[2024-01-11T17:13:11.973+0100][268.194s] GC(83)   Pre Evacuate Collection Set: 0.1ms
[2024-01-11T17:13:11.973+0100][268.194s] GC(83)   Merge Heap Roots: 0.1ms
[2024-01-11T17:13:11.973+0100][268.194s] GC(83)   Evacuate Collection Set: 3.2ms
[2024-01-11T17:13:11.973+0100][268.194s] GC(83)   Post Evacuate Collection Set: 0.3ms
[2024-01-11T17:13:11.973+0100][268.194s] GC(83)   Other: 0.1ms
[2024-01-11T17:13:11.973+0100][268.194s] GC(83) Eden regions: 284->0(284)
[2024-01-11T17:13:11.973+0100][268.194s] GC(83) Survivor regions: 23->23(39)
[2024-01-11T17:13:11.973+0100][268.194s] GC(83) Old regions: 101->102
[2024-01-11T17:13:11.973+0100][268.194s] GC(83) Archive regions: 0->0
[2024-01-11T17:13:11.973+0100][268.194s] GC(83) Humongous regions: 4->4
[2024-01-11T17:13:11.973+0100][268.194s] GC(83) Metaspace: 61759K(62400K)->61759K(62400K) NonClass: 54814K(55168K)->54814K(55168K) Class: 6945K(7232K)->6945K(7232K)
[2024-01-11T17:13:11.973+0100][268.194s] GC(83) Pause Young (Normal) (G1 Evacuation Pause) 410M->127M(512M) 3.930ms
[2024-01-11T17:13:11.973+0100][268.194s] GC(83) User=0.00s Sys=0.00s Real=0.00s
[2024-01-11T17:13:38.087+0100][294.308s] GC(84) Pause Young (Concurrent Start) (CodeCache GC Threshold)
[2024-01-11T17:13:38.087+0100][294.308s] GC(84) Using 10 workers of 10 for evacuation
[2024-01-11T17:13:38.093+0100][294.314s] GC(84)   Pre Evacuate Collection Set: 0.1ms
[2024-01-11T17:13:38.093+0100][294.314s] GC(84)   Merge Heap Roots: 0.1ms
[2024-01-11T17:13:38.093+0100][294.314s] GC(84)   Evacuate Collection Set: 5.0ms
[2024-01-11T17:13:38.093+0100][294.314s] GC(84)   Post Evacuate Collection Set: 0.5ms
[2024-01-11T17:13:38.093+0100][294.314s] GC(84)   Other: 0.1ms
[2024-01-11T17:13:38.093+0100][294.314s] GC(84) Eden regions: 107->0(285)
[2024-01-11T17:13:38.093+0100][294.314s] GC(84) Survivor regions: 23->22(39)
[2024-01-11T17:13:38.093+0100][294.314s] GC(84) Old regions: 102->104
[2024-01-11T17:13:38.093+0100][294.314s] GC(84) Archive regions: 0->0
[2024-01-11T17:13:38.093+0100][294.314s] GC(84) Humongous regions: 4->4
[2024-01-11T17:13:38.093+0100][294.314s] GC(84) Metaspace: 62587K(63168K)->62587K(63168K) NonClass: 55556K(55872K)->55556K(55872K) Class: 7031K(7296K)->7031K(7296K)
[2024-01-11T17:13:38.093+0100][294.314s] GC(84) Pause Young (Concurrent Start) (CodeCache GC Threshold) 234M->128M(512M) 6.066ms
[2024-01-11T17:13:38.093+0100][294.314s] GC(84) User=0.00s Sys=0.00s Real=0.01s
[2024-01-11T17:13:38.093+0100][294.314s] GC(85) Concurrent Mark Cycle
[2024-01-11T17:13:38.093+0100][294.314s] GC(85) Concurrent Clear Claimed Marks
[2024-01-11T17:13:38.093+0100][294.314s] GC(85) Concurrent Clear Claimed Marks 0.072ms
[2024-01-11T17:13:38.093+0100][294.314s] GC(85) Concurrent Scan Root Regions
[2024-01-11T17:13:38.095+0100][294.316s] GC(85) Concurrent Scan Root Regions 2.130ms
[2024-01-11T17:13:38.095+0100][294.316s] GC(85) Concurrent Mark
[2024-01-11T17:13:38.095+0100][294.316s] GC(85) Concurrent Mark From Roots
[2024-01-11T17:13:38.095+0100][294.316s] GC(85) Using 3 workers of 3 for marking
[2024-01-11T17:13:38.139+0100][294.360s] GC(85) Concurrent Mark From Roots 43.765ms
[2024-01-11T17:13:38.139+0100][294.360s] GC(85) Concurrent Preclean
[2024-01-11T17:13:38.139+0100][294.360s] GC(85) Concurrent Preclean 0.157ms
[2024-01-11T17:13:38.140+0100][294.361s] GC(85) Pause Remark
[2024-01-11T17:13:38.143+0100][294.364s] GC(85) Pause Remark 129M->129M(512M) 3.686ms
[2024-01-11T17:13:38.143+0100][294.364s] GC(85) User=0.12s Sys=0.00s Real=0.00s
[2024-01-11T17:13:38.143+0100][294.364s] GC(85) Concurrent Mark 47.993ms
[2024-01-11T17:13:38.143+0100][294.364s] GC(85) Concurrent Rebuild Remembered Sets
[2024-01-11T17:13:38.160+0100][294.381s] GC(85) Concurrent Rebuild Remembered Sets 16.103ms
[2024-01-11T17:13:38.160+0100][294.381s] GC(85) Pause Cleanup
[2024-01-11T17:13:38.160+0100][294.381s] GC(85) Pause Cleanup 130M->130M(512M) 0.123ms
[2024-01-11T17:13:38.160+0100][294.381s] GC(85) User=0.00s Sys=0.00s Real=0.00s
[2024-01-11T17:13:38.160+0100][294.381s] GC(85) Concurrent Cleanup for Next Mark
[2024-01-11T17:13:38.161+0100][294.382s] GC(85) Concurrent Cleanup for Next Mark 0.959ms
[2024-01-11T17:13:38.161+0100][294.382s] GC(85) Concurrent Mark Cycle 67.722ms
[2024-01-11T17:45:36.336+0100][2212.556s] GC(86) Pause Young (Concurrent Start) (CodeCache GC Threshold)
[2024-01-11T17:45:36.336+0100][2212.556s] GC(86) Using 10 workers of 10 for evacuation
[2024-01-11T17:45:36.340+0100][2212.561s] GC(86)   Pre Evacuate Collection Set: 0.2ms
[2024-01-11T17:45:36.340+0100][2212.561s] GC(86)   Merge Heap Roots: 0.1ms
[2024-01-11T17:45:36.340+0100][2212.561s] GC(86)   Evacuate Collection Set: 3.8ms
[2024-01-11T17:45:36.340+0100][2212.561s] GC(86)   Post Evacuate Collection Set: 0.4ms
[2024-01-11T17:45:36.340+0100][2212.561s] GC(86)   Other: 0.0ms
[2024-01-11T17:45:36.340+0100][2212.561s] GC(86) Eden regions: 49->0(288)
[2024-01-11T17:45:36.340+0100][2212.561s] GC(86) Survivor regions: 22->19(39)
[2024-01-11T17:45:36.340+0100][2212.561s] GC(86) Old regions: 104->105
[2024-01-11T17:45:36.340+0100][2212.561s] GC(86) Archive regions: 0->0
[2024-01-11T17:45:36.340+0100][2212.561s] GC(86) Humongous regions: 4->4
[2024-01-11T17:45:36.340+0100][2212.561s] GC(86) Metaspace: 63146K(63744K)->63146K(63744K) NonClass: 56065K(56384K)->56065K(56384K) Class: 7081K(7360K)->7081K(7360K)
[2024-01-11T17:45:36.340+0100][2212.561s] GC(86) Pause Young (Concurrent Start) (CodeCache GC Threshold) 177M->127M(512M) 4.774ms
[2024-01-11T17:45:36.340+0100][2212.561s] GC(86) User=0.00s Sys=0.00s Real=0.00s
[2024-01-11T17:45:36.340+0100][2212.561s] GC(87) Concurrent Mark Cycle
[2024-01-11T17:45:36.341+0100][2212.561s] GC(87) Concurrent Clear Claimed Marks
[2024-01-11T17:45:36.341+0100][2212.561s] GC(87) Concurrent Clear Claimed Marks 0.051ms
[2024-01-11T17:45:36.341+0100][2212.561s] GC(87) Concurrent Scan Root Regions
[2024-01-11T17:45:36.342+0100][2212.563s] GC(87) Concurrent Scan Root Regions 1.726ms
[2024-01-11T17:45:36.342+0100][2212.563s] GC(87) Concurrent Mark
[2024-01-11T17:45:36.342+0100][2212.563s] GC(87) Concurrent Mark From Roots
[2024-01-11T17:45:36.342+0100][2212.563s] GC(87) Using 3 workers of 3 for marking
[2024-01-11T17:45:36.360+0100][2212.580s] GC(87) Concurrent Mark From Roots 17.421ms
[2024-01-11T17:45:36.360+0100][2212.580s] GC(87) Concurrent Preclean
[2024-01-11T17:45:36.360+0100][2212.581s] GC(87) Concurrent Preclean 0.644ms
[2024-01-11T17:45:36.361+0100][2212.581s] GC(87) Pause Remark
[2024-01-11T17:45:36.370+0100][2212.592s] GC(87) Pause Remark 127M->127M(512M) 10.384ms
[2024-01-11T17:45:36.370+0100][2212.592s] GC(87) User=0.00s Sys=0.00s Real=0.01s
[2024-01-11T17:45:36.370+0100][2212.592s] GC(87) Concurrent Mark 28.803ms
[2024-01-11T17:45:36.370+0100][2212.592s] GC(87) Concurrent Rebuild Remembered Sets
[2024-01-11T17:45:36.383+0100][2212.604s] GC(87) Concurrent Rebuild Remembered Sets 12.036ms
[2024-01-11T17:45:36.383+0100][2212.604s] GC(87) Pause Cleanup
[2024-01-11T17:45:36.383+0100][2212.604s] GC(87) Pause Cleanup 127M->127M(512M) 0.165ms
[2024-01-11T17:45:36.383+0100][2212.604s] GC(87) User=0.00s Sys=0.00s Real=0.00s
[2024-01-11T17:45:36.383+0100][2212.604s] GC(87) Concurrent Cleanup for Next Mark
[2024-01-11T17:45:36.383+0100][2212.605s] GC(87) Concurrent Cleanup for Next Mark 0.594ms
[2024-01-11T17:45:36.383+0100][2212.605s] GC(87) Concurrent Mark Cycle 43.795ms
[2024-01-11T17:45:37.899+0100][2214.120s] GC(88) Pause Young (Prepare Mixed) (G1 Evacuation Pause)
[2024-01-11T17:45:37.899+0100][2214.120s] GC(88) Using 10 workers of 10 for evacuation
[2024-01-11T17:45:37.901+0100][2214.122s] GC(88)   Pre Evacuate Collection Set: 0.1ms
[2024-01-11T17:45:37.901+0100][2214.122s] GC(88)   Merge Heap Roots: 0.2ms
[2024-01-11T17:45:37.901+0100][2214.122s] GC(88)   Evacuate Collection Set: 1.5ms
[2024-01-11T17:45:37.901+0100][2214.122s] GC(88)   Post Evacuate Collection Set: 0.5ms
[2024-01-11T17:45:37.901+0100][2214.122s] GC(88)   Other: 0.1ms
[2024-01-11T17:45:37.901+0100][2214.122s] GC(88) Eden regions: 288->0(20)
[2024-01-11T17:45:37.901+0100][2214.122s] GC(88) Survivor regions: 19->5(39)
[2024-01-11T17:45:37.901+0100][2214.122s] GC(88) Old regions: 105->105
[2024-01-11T17:45:37.901+0100][2214.122s] GC(88) Archive regions: 0->0
[2024-01-11T17:45:37.901+0100][2214.122s] GC(88) Humongous regions: 4->4
[2024-01-11T17:45:37.901+0100][2214.122s] GC(88) Metaspace: 62861K(63744K)->62861K(63744K) NonClass: 55853K(56384K)->55853K(56384K) Class: 7007K(7360K)->7007K(7360K)
[2024-01-11T17:45:37.901+0100][2214.122s] GC(88) Pause Young (Prepare Mixed) (G1 Evacuation Pause) 415M->113M(512M) 2.775ms
[2024-01-11T17:45:37.901+0100][2214.122s] GC(88) User=0.00s Sys=0.00s Real=0.00s
[2024-01-11T17:45:37.981+0100][2214.202s] GC(89) Pause Young (Mixed) (G1 Evacuation Pause)
[2024-01-11T17:45:37.981+0100][2214.202s] GC(89) Using 10 workers of 10 for evacuation
[2024-01-11T17:45:37.983+0100][2214.204s] GC(89)   Pre Evacuate Collection Set: 0.1ms
[2024-01-11T17:45:37.983+0100][2214.204s] GC(89)   Merge Heap Roots: 0.1ms
[2024-01-11T17:45:37.983+0100][2214.204s] GC(89)   Evacuate Collection Set: 1.2ms
[2024-01-11T17:45:37.983+0100][2214.204s] GC(89)   Post Evacuate Collection Set: 0.3ms
[2024-01-11T17:45:37.983+0100][2214.204s] GC(89)   Other: 0.1ms
[2024-01-11T17:45:37.983+0100][2214.204s] GC(89) Eden regions: 20->0(305)
[2024-01-11T17:45:37.983+0100][2214.204s] GC(89) Survivor regions: 5->2(4)
[2024-01-11T17:45:37.983+0100][2214.204s] GC(89) Old regions: 105->70
[2024-01-11T17:45:37.983+0100][2214.204s] GC(89) Archive regions: 0->0
[2024-01-11T17:45:37.983+0100][2214.204s] GC(89) Humongous regions: 4->4
[2024-01-11T17:45:37.983+0100][2214.204s] GC(89) Metaspace: 62861K(63744K)->62861K(63744K) NonClass: 55853K(56384K)->55853K(56384K) Class: 7007K(7360K)->7007K(7360K)
[2024-01-11T17:45:37.983+0100][2214.204s] GC(89) Pause Young (Mixed) (G1 Evacuation Pause) 133M->74M(512M) 1.971ms
[2024-01-11T17:45:37.983+0100][2214.204s] GC(89) User=0.00s Sys=0.00s Real=0.00s
[2024-01-11T17:45:39.373+0100][2215.594s] GC(90) Pause Young (Normal) (G1 Evacuation Pause)
[2024-01-11T17:45:39.373+0100][2215.594s] GC(90) Using 10 workers of 10 for evacuation
[2024-01-11T17:45:39.374+0100][2215.595s] GC(90)   Pre Evacuate Collection Set: 0.1ms
[2024-01-11T17:45:39.374+0100][2215.595s] GC(90)   Merge Heap Roots: 0.1ms
[2024-01-11T17:45:39.374+0100][2215.595s] GC(90)   Evacuate Collection Set: 0.6ms
[2024-01-11T17:45:39.374+0100][2215.595s] GC(90)   Post Evacuate Collection Set: 0.6ms
[2024-01-11T17:45:39.374+0100][2215.595s] GC(90)   Other: 0.1ms
[2024-01-11T17:45:39.374+0100][2215.595s] GC(90) Eden regions: 305->0(304)
[2024-01-11T17:45:39.374+0100][2215.595s] GC(90) Survivor regions: 2->3(39)
[2024-01-11T17:45:39.374+0100][2215.595s] GC(90) Old regions: 70->70
[2024-01-11T17:45:39.374+0100][2215.596s] GC(90) Archive regions: 0->0
[2024-01-11T17:45:39.374+0100][2215.596s] GC(90) Humongous regions: 4->4
[2024-01-11T17:45:39.374+0100][2215.596s] GC(90) Metaspace: 62864K(63744K)->62864K(63744K) NonClass: 55856K(56384K)->55856K(56384K) Class: 7008K(7360K)->7008K(7360K)
[2024-01-11T17:45:39.374+0100][2215.596s] GC(90) Pause Young (Normal) (G1 Evacuation Pause) 379M->76M(512M) 1.643ms
[2024-01-11T17:45:39.374+0100][2215.596s] GC(90) User=0.00s Sys=0.00s Real=0.00s
[2024-01-11T17:45:39.459+0100][2215.680s] GC(91) Pause Young (Concurrent Start) (CodeCache GC Threshold)
[2024-01-11T17:45:39.459+0100][2215.680s] GC(91) Using 10 workers of 10 for evacuation
[2024-01-11T17:45:39.461+0100][2215.681s] GC(91)   Pre Evacuate Collection Set: 0.1ms
[2024-01-11T17:45:39.461+0100][2215.681s] GC(91)   Merge Heap Roots: 0.1ms
[2024-01-11T17:45:39.461+0100][2215.681s] GC(91)   Evacuate Collection Set: 0.8ms
[2024-01-11T17:45:39.461+0100][2215.681s] GC(91)   Post Evacuate Collection Set: 0.4ms
[2024-01-11T17:45:39.461+0100][2215.681s] GC(91)   Other: 0.1ms
[2024-01-11T17:45:39.461+0100][2215.681s] GC(91) Eden regions: 18->0(303)
[2024-01-11T17:45:39.461+0100][2215.681s] GC(91) Survivor regions: 3->4(39)
[2024-01-11T17:45:39.461+0100][2215.681s] GC(91) Old regions: 70->70
[2024-01-11T17:45:39.461+0100][2215.681s] GC(91) Archive regions: 0->0
[2024-01-11T17:45:39.461+0100][2215.681s] GC(91) Humongous regions: 4->4
[2024-01-11T17:45:39.461+0100][2215.682s] GC(91) Metaspace: 62864K(63744K)->62864K(63744K) NonClass: 55856K(56384K)->55856K(56384K) Class: 7008K(7360K)->7008K(7360K)
[2024-01-11T17:45:39.461+0100][2215.682s] GC(91) Pause Young (Concurrent Start) (CodeCache GC Threshold) 94M->76M(512M) 1.678ms
[2024-01-11T17:45:39.461+0100][2215.682s] GC(92) Concurrent Mark Cycle
[2024-01-11T17:45:39.461+0100][2215.682s] GC(91) User=0.00s Sys=0.00s Real=0.00s
[2024-01-11T17:45:39.461+0100][2215.682s] GC(92) Concurrent Clear Claimed Marks
[2024-01-11T17:45:39.461+0100][2215.682s] GC(92) Concurrent Clear Claimed Marks 0.077ms
[2024-01-11T17:45:39.461+0100][2215.682s] GC(92) Concurrent Scan Root Regions
[2024-01-11T17:45:39.462+0100][2215.682s] GC(92) Concurrent Scan Root Regions 0.620ms
[2024-01-11T17:45:39.462+0100][2215.682s] GC(92) Concurrent Mark
[2024-01-11T17:45:39.462+0100][2215.682s] GC(92) Concurrent Mark From Roots
[2024-01-11T17:45:39.462+0100][2215.682s] GC(92) Using 3 workers of 3 for marking
[2024-01-11T17:45:39.479+0100][2215.700s] GC(92) Concurrent Mark From Roots 17.494ms
[2024-01-11T17:45:39.479+0100][2215.700s] GC(92) Concurrent Preclean
[2024-01-11T17:45:39.479+0100][2215.700s] GC(92) Concurrent Preclean 0.148ms
[2024-01-11T17:45:39.479+0100][2215.700s] GC(92) Pause Remark
[2024-01-11T17:45:39.488+0100][2215.708s] GC(92) Pause Remark 79M->79M(512M) 8.110ms
[2024-01-11T17:45:39.488+0100][2215.708s] GC(92) User=0.03s Sys=0.00s Real=0.01s
[2024-01-11T17:45:39.488+0100][2215.708s] GC(92) Concurrent Mark 26.042ms
[2024-01-11T17:45:39.488+0100][2215.708s] GC(92) Concurrent Rebuild Remembered Sets
[2024-01-11T17:45:39.499+0100][2215.720s] GC(92) Concurrent Rebuild Remembered Sets 11.341ms
[2024-01-11T17:45:39.500+0100][2215.720s] GC(92) Pause Cleanup
[2024-01-11T17:45:39.500+0100][2215.720s] GC(92) Pause Cleanup 80M->80M(512M) 0.128ms
[2024-01-11T17:45:39.500+0100][2215.720s] GC(92) User=0.00s Sys=0.00s Real=0.00s
[2024-01-11T17:45:39.500+0100][2215.720s] GC(92) Concurrent Cleanup for Next Mark
[2024-01-11T17:45:39.501+0100][2215.721s] GC(92) Concurrent Cleanup for Next Mark 0.906ms
[2024-01-11T17:45:39.501+0100][2215.721s] GC(92) Concurrent Mark Cycle 39.594ms
[2024-01-11T17:45:40.873+0100][2217.093s] GC(93) Pause Young (Prepare Mixed) (G1 Evacuation Pause)
[2024-01-11T17:45:40.873+0100][2217.093s] GC(93) Using 10 workers of 10 for evacuation
[2024-01-11T17:45:40.874+0100][2217.095s] GC(93)   Pre Evacuate Collection Set: 0.1ms
[2024-01-11T17:45:40.874+0100][2217.095s] GC(93)   Merge Heap Roots: 0.1ms
[2024-01-11T17:45:40.874+0100][2217.095s] GC(93)   Evacuate Collection Set: 0.9ms
[2024-01-11T17:45:40.874+0100][2217.095s] GC(93)   Post Evacuate Collection Set: 0.5ms
[2024-01-11T17:45:40.874+0100][2217.095s] GC(93)   Other: 0.1ms
[2024-01-11T17:45:40.874+0100][2217.095s] GC(93) Eden regions: 303->0(20)
[2024-01-11T17:45:40.874+0100][2217.095s] GC(93) Survivor regions: 4->5(39)
[2024-01-11T17:45:40.874+0100][2217.095s] GC(93) Old regions: 70->70
[2024-01-11T17:45:40.874+0100][2217.095s] GC(93) Archive regions: 0->0
[2024-01-11T17:45:40.874+0100][2217.095s] GC(93) Humongous regions: 4->4
[2024-01-11T17:45:40.874+0100][2217.095s] GC(93) Metaspace: 62854K(63744K)->62854K(63744K) NonClass: 55848K(56384K)->55848K(56384K) Class: 7005K(7360K)->7005K(7360K)
[2024-01-11T17:45:40.874+0100][2217.095s] GC(93) Pause Young (Prepare Mixed) (G1 Evacuation Pause) 379M->78M(512M) 1.823ms
[2024-01-11T17:45:40.874+0100][2217.095s] GC(93) User=0.00s Sys=0.00s Real=0.00s
[2024-01-11T17:45:40.931+0100][2217.152s] GC(94) Pause Young (Mixed) (G1 Evacuation Pause)
[2024-01-11T17:45:40.931+0100][2217.152s] GC(94) Using 10 workers of 10 for evacuation
[2024-01-11T17:45:40.932+0100][2217.153s] GC(94)   Pre Evacuate Collection Set: 0.1ms
[2024-01-11T17:45:40.932+0100][2217.153s] GC(94)   Merge Heap Roots: 0.1ms
[2024-01-11T17:45:40.932+0100][2217.153s] GC(94)   Evacuate Collection Set: 0.8ms
[2024-01-11T17:45:40.932+0100][2217.154s] GC(94)   Post Evacuate Collection Set: 0.3ms
[2024-01-11T17:45:40.932+0100][2217.154s] GC(94)   Other: 0.1ms
[2024-01-11T17:45:40.932+0100][2217.154s] GC(94) Eden regions: 20->0(306)
[2024-01-11T17:45:40.932+0100][2217.154s] GC(94) Survivor regions: 5->1(4)
[2024-01-11T17:45:40.933+0100][2217.154s] GC(94) Old regions: 70->70
[2024-01-11T17:45:40.933+0100][2217.154s] GC(94) Archive regions: 0->0
[2024-01-11T17:45:40.933+0100][2217.154s] GC(94) Humongous regions: 4->4
[2024-01-11T17:45:40.933+0100][2217.154s] GC(94) Metaspace: 62854K(63744K)->62854K(63744K) NonClass: 55848K(56384K)->55848K(56384K) Class: 7005K(7360K)->7005K(7360K)
[2024-01-11T17:45:40.933+0100][2217.154s] GC(94) Pause Young (Mixed) (G1 Evacuation Pause) 98M->73M(512M) 1.526ms
[2024-01-11T17:45:40.933+0100][2217.154s] GC(94) User=0.00s Sys=0.00s Real=0.00s
[2024-01-11T17:45:42.300+0100][2218.521s] GC(95) Pause Young (Normal) (G1 Evacuation Pause)
[2024-01-11T17:45:42.300+0100][2218.521s] GC(95) Using 10 workers of 10 for evacuation
[2024-01-11T17:45:42.301+0100][2218.523s] GC(95)   Pre Evacuate Collection Set: 0.1ms
[2024-01-11T17:45:42.301+0100][2218.523s] GC(95)   Merge Heap Roots: 0.1ms
[2024-01-11T17:45:42.301+0100][2218.523s] GC(95)   Evacuate Collection Set: 0.6ms
[2024-01-11T17:45:42.301+0100][2218.523s] GC(95)   Post Evacuate Collection Set: 0.5ms
[2024-01-11T17:45:42.301+0100][2218.523s] GC(95)   Other: 0.1ms
[2024-01-11T17:45:42.301+0100][2218.523s] GC(95) Eden regions: 306->0(303)
[2024-01-11T17:45:42.302+0100][2218.523s] GC(95) Survivor regions: 1->4(39)
[2024-01-11T17:45:42.302+0100][2218.523s] GC(95) Old regions: 70->70
[2024-01-11T17:45:42.302+0100][2218.523s] GC(95) Archive regions: 0->0
[2024-01-11T17:45:42.302+0100][2218.523s] GC(95) Humongous regions: 4->4
[2024-01-11T17:45:42.302+0100][2218.523s] GC(95) Metaspace: 62855K(63744K)->62855K(63744K) NonClass: 55850K(56384K)->55850K(56384K) Class: 7005K(7360K)->7005K(7360K)
[2024-01-11T17:45:42.302+0100][2218.523s] GC(95) Pause Young (Normal) (G1 Evacuation Pause) 379M->76M(512M) 1.530ms
[2024-01-11T17:45:42.302+0100][2218.523s] GC(95) User=0.00s Sys=0.00s Real=0.00s
[2024-01-11T17:45:42.308+0100][2218.529s] GC(96) Pause Young (Concurrent Start) (CodeCache GC Threshold)
[2024-01-11T17:45:42.308+0100][2218.530s] GC(96) Using 10 workers of 10 for evacuation
[2024-01-11T17:45:42.310+0100][2218.531s] GC(96)   Pre Evacuate Collection Set: 0.1ms
[2024-01-11T17:45:42.310+0100][2218.531s] GC(96)   Merge Heap Roots: 0.1ms
[2024-01-11T17:45:42.310+0100][2218.531s] GC(96)   Evacuate Collection Set: 0.7ms
[2024-01-11T17:45:42.310+0100][2218.531s] GC(96)   Post Evacuate Collection Set: 0.4ms
[2024-01-11T17:45:42.310+0100][2218.531s] GC(96)   Other: 0.1ms
[2024-01-11T17:45:42.310+0100][2218.531s] GC(96) Eden regions: 3->0(304)
[2024-01-11T17:45:42.310+0100][2218.531s] GC(96) Survivor regions: 4->3(39)
[2024-01-11T17:45:42.310+0100][2218.531s] GC(96) Old regions: 70->70
[2024-01-11T17:45:42.310+0100][2218.531s] GC(96) Archive regions: 0->0
[2024-01-11T17:45:42.310+0100][2218.531s] GC(96) Humongous regions: 4->4
[2024-01-11T17:45:42.310+0100][2218.531s] GC(96) Metaspace: 62855K(63744K)->62855K(63744K) NonClass: 55850K(56384K)->55850K(56384K) Class: 7005K(7360K)->7005K(7360K)
[2024-01-11T17:45:42.310+0100][2218.531s] GC(96) Pause Young (Concurrent Start) (CodeCache GC Threshold) 78M->76M(512M) 1.557ms
[2024-01-11T17:45:42.310+0100][2218.531s] GC(97) Concurrent Mark Cycle
[2024-01-11T17:45:42.310+0100][2218.531s] GC(96) User=0.00s Sys=0.00s Real=0.00s
[2024-01-11T17:45:42.310+0100][2218.531s] GC(97) Concurrent Clear Claimed Marks
[2024-01-11T17:45:42.310+0100][2218.531s] GC(97) Concurrent Clear Claimed Marks 0.034ms
[2024-01-11T17:45:42.310+0100][2218.531s] GC(97) Concurrent Scan Root Regions
[2024-01-11T17:45:42.311+0100][2218.532s] GC(97) Concurrent Scan Root Regions 0.621ms
[2024-01-11T17:45:42.311+0100][2218.532s] GC(97) Concurrent Mark
[2024-01-11T17:45:42.311+0100][2218.532s] GC(97) Concurrent Mark From Roots
[2024-01-11T17:45:42.311+0100][2218.532s] GC(97) Using 3 workers of 3 for marking
[2024-01-11T17:45:42.333+0100][2218.554s] GC(97) Concurrent Mark From Roots 22.107ms
[2024-01-11T17:45:42.333+0100][2218.554s] GC(97) Concurrent Preclean
[2024-01-11T17:45:42.333+0100][2218.554s] GC(97) Concurrent Preclean 0.129ms
[2024-01-11T17:45:42.334+0100][2218.554s] GC(97) Pause Remark
[2024-01-11T17:45:42.338+0100][2218.559s] GC(97) Pause Remark 80M->80M(512M) 4.298ms
[2024-01-11T17:45:42.338+0100][2218.559s] GC(97) User=0.00s Sys=0.00s Real=0.00s
[2024-01-11T17:45:42.338+0100][2218.559s] GC(97) Concurrent Mark 26.959ms
[2024-01-11T17:45:42.338+0100][2218.559s] GC(97) Concurrent Rebuild Remembered Sets
[2024-01-11T17:45:42.348+0100][2218.569s] GC(97) Concurrent Rebuild Remembered Sets 9.820ms
[2024-01-11T17:45:42.348+0100][2218.569s] GC(97) Pause Cleanup
[2024-01-11T17:45:42.348+0100][2218.569s] GC(97) Pause Cleanup 81M->81M(512M) 0.138ms
[2024-01-11T17:45:42.348+0100][2218.569s] GC(97) User=0.00s Sys=0.00s Real=0.00s
[2024-01-11T17:45:42.348+0100][2218.569s] GC(97) Concurrent Cleanup for Next Mark
[2024-01-11T17:45:42.348+0100][2218.570s] GC(97) Concurrent Cleanup for Next Mark 0.610ms
[2024-01-11T17:45:42.348+0100][2218.570s] GC(97) Concurrent Mark Cycle 38.628ms
[2024-01-11T17:45:43.694+0100][2219.914s] GC(98) Pause Young (Prepare Mixed) (G1 Evacuation Pause)
[2024-01-11T17:45:43.694+0100][2219.914s] GC(98) Using 10 workers of 10 for evacuation
[2024-01-11T17:45:43.695+0100][2219.916s] GC(98)   Pre Evacuate Collection Set: 0.1ms
[2024-01-11T17:45:43.695+0100][2219.916s] GC(98)   Merge Heap Roots: 0.1ms
[2024-01-11T17:45:43.695+0100][2219.916s] GC(98)   Evacuate Collection Set: 0.8ms
[2024-01-11T17:45:43.695+0100][2219.916s] GC(98)   Post Evacuate Collection Set: 0.4ms
[2024-01-11T17:45:43.695+0100][2219.916s] GC(98)   Other: 0.1ms
[2024-01-11T17:45:43.695+0100][2219.916s] GC(98) Eden regions: 304->0(20)
[2024-01-11T17:45:43.695+0100][2219.916s] GC(98) Survivor regions: 3->5(39)
[2024-01-11T17:45:43.695+0100][2219.916s] GC(98) Old regions: 70->70
[2024-01-11T17:45:43.695+0100][2219.916s] GC(98) Archive regions: 0->0
[2024-01-11T17:45:43.695+0100][2219.916s] GC(98) Humongous regions: 4->4
[2024-01-11T17:45:43.695+0100][2219.916s] GC(98) Metaspace: 62856K(63744K)->62856K(63744K) NonClass: 55851K(56384K)->55851K(56384K) Class: 7005K(7360K)->7005K(7360K)
[2024-01-11T17:45:43.695+0100][2219.916s] GC(98) Pause Young (Prepare Mixed) (G1 Evacuation Pause) 380M->77M(512M) 1.708ms
[2024-01-11T17:45:43.695+0100][2219.916s] GC(98) User=0.00s Sys=0.00s Real=0.00s
[2024-01-11T17:45:43.795+0100][2220.015s] GC(99) Pause Young (Mixed) (G1 Evacuation Pause)
[2024-01-11T17:45:43.795+0100][2220.015s] GC(99) Using 10 workers of 10 for evacuation
[2024-01-11T17:45:43.796+0100][2220.017s] GC(99)   Pre Evacuate Collection Set: 0.1ms
[2024-01-11T17:45:43.796+0100][2220.017s] GC(99)   Merge Heap Roots: 0.1ms
[2024-01-11T17:45:43.796+0100][2220.017s] GC(99)   Evacuate Collection Set: 0.8ms
[2024-01-11T17:45:43.796+0100][2220.017s] GC(99)   Post Evacuate Collection Set: 0.4ms
[2024-01-11T17:45:43.796+0100][2220.017s] GC(99)   Other: 0.1ms
[2024-01-11T17:45:43.796+0100][2220.017s] GC(99) Eden regions: 20->0(306)
[2024-01-11T17:45:43.796+0100][2220.017s] GC(99) Survivor regions: 5->1(4)
[2024-01-11T17:45:43.796+0100][2220.017s] GC(99) Old regions: 70->69
[2024-01-11T17:45:43.796+0100][2220.017s] GC(99) Archive regions: 0->0
[2024-01-11T17:45:43.796+0100][2220.017s] GC(99) Humongous regions: 4->4
[2024-01-11T17:45:43.796+0100][2220.017s] GC(99) Metaspace: 62856K(63744K)->62856K(63744K) NonClass: 55851K(56384K)->55851K(56384K) Class: 7005K(7360K)->7005K(7360K)
[2024-01-11T17:45:43.796+0100][2220.017s] GC(99) Pause Young (Mixed) (G1 Evacuation Pause) 97M->73M(512M) 1.599ms
[2024-01-11T17:45:43.796+0100][2220.017s] GC(99) User=0.00s Sys=0.00s Real=0.00s
[2024-01-11T17:45:45.118+0100][2221.339s] GC(100) Pause Young (Normal) (G1 Evacuation Pause)
[2024-01-11T17:45:45.118+0100][2221.339s] GC(100) Using 10 workers of 10 for evacuation
[2024-01-11T17:45:45.120+0100][2221.341s] GC(100)   Pre Evacuate Collection Set: 0.1ms
[2024-01-11T17:45:45.120+0100][2221.341s] GC(100)   Merge Heap Roots: 0.1ms
[2024-01-11T17:45:45.120+0100][2221.341s] GC(100)   Evacuate Collection Set: 0.6ms
[2024-01-11T17:45:45.120+0100][2221.341s] GC(100)   Post Evacuate Collection Set: 0.4ms
[2024-01-11T17:45:45.120+0100][2221.341s] GC(100)   Other: 0.1ms
[2024-01-11T17:45:45.120+0100][2221.341s] GC(100) Eden regions: 306->0(304)
[2024-01-11T17:45:45.120+0100][2221.341s] GC(100) Survivor regions: 1->3(39)
[2024-01-11T17:45:45.120+0100][2221.341s] GC(100) Old regions: 69->69
[2024-01-11T17:45:45.120+0100][2221.341s] GC(100) Archive regions: 0->0
[2024-01-11T17:45:45.120+0100][2221.341s] GC(100) Humongous regions: 4->4
[2024-01-11T17:45:45.120+0100][2221.341s] GC(100) Metaspace: 62856K(63744K)->62856K(63744K) NonClass: 55851K(56384K)->55851K(56384K) Class: 7005K(7360K)->7005K(7360K)
[2024-01-11T17:45:45.120+0100][2221.341s] GC(100) Pause Young (Normal) (G1 Evacuation Pause) 379M->75M(512M) 1.482ms
[2024-01-11T17:45:45.120+0100][2221.341s] GC(100) User=0.00s Sys=0.00s Real=0.00s
[2024-01-11T17:45:46.420+0100][2222.641s] GC(101) Pause Young (Normal) (G1 Evacuation Pause)
[2024-01-11T17:45:46.420+0100][2222.641s] GC(101) Using 10 workers of 10 for evacuation
[2024-01-11T17:45:46.422+0100][2222.642s] GC(101)   Pre Evacuate Collection Set: 0.1ms
[2024-01-11T17:45:46.422+0100][2222.642s] GC(101)   Merge Heap Roots: 0.1ms
[2024-01-11T17:45:46.422+0100][2222.642s] GC(101)   Evacuate Collection Set: 0.7ms
[2024-01-11T17:45:46.422+0100][2222.642s] GC(101)   Post Evacuate Collection Set: 0.4ms
[2024-01-11T17:45:46.422+0100][2222.642s] GC(101)   Other: 0.1ms
[2024-01-11T17:45:46.422+0100][2222.642s] GC(101) Eden regions: 304->0(302)
[2024-01-11T17:45:46.422+0100][2222.642s] GC(101) Survivor regions: 3->5(39)
[2024-01-11T17:45:46.422+0100][2222.642s] GC(101) Old regions: 69->69
[2024-01-11T17:45:46.422+0100][2222.642s] GC(101) Archive regions: 0->0
[2024-01-11T17:45:46.422+0100][2222.642s] GC(101) Humongous regions: 4->4
[2024-01-11T17:45:46.422+0100][2222.642s] GC(101) Metaspace: 62862K(63744K)->62862K(63744K) NonClass: 55857K(56384K)->55857K(56384K) Class: 7005K(7360K)->7005K(7360K)
[2024-01-11T17:45:46.422+0100][2222.642s] GC(101) Pause Young (Normal) (G1 Evacuation Pause) 379M->76M(512M) 1.582ms
[2024-01-11T17:45:46.422+0100][2222.642s] GC(101) User=0.00s Sys=0.00s Real=0.00s
[2024-01-11T17:45:47.778+0100][2223.999s] GC(102) Pause Young (Normal) (G1 Evacuation Pause)
[2024-01-11T17:45:47.778+0100][2223.999s] GC(102) Using 10 workers of 10 for evacuation
[2024-01-11T17:45:47.779+0100][2224.000s] GC(102)   Pre Evacuate Collection Set: 0.1ms
[2024-01-11T17:45:47.779+0100][2224.000s] GC(102)   Merge Heap Roots: 0.1ms
[2024-01-11T17:45:47.779+0100][2224.000s] GC(102)   Evacuate Collection Set: 1.0ms
[2024-01-11T17:45:47.779+0100][2224.000s] GC(102)   Post Evacuate Collection Set: 0.5ms
[2024-01-11T17:45:47.779+0100][2224.000s] GC(102)   Other: 0.1ms
[2024-01-11T17:45:47.779+0100][2224.000s] GC(102) Eden regions: 302->0(300)
[2024-01-11T17:45:47.779+0100][2224.000s] GC(102) Survivor regions: 5->7(39)
[2024-01-11T17:45:47.779+0100][2224.000s] GC(102) Old regions: 69->69
[2024-01-11T17:45:47.779+0100][2224.000s] GC(102) Archive regions: 0->0
[2024-01-11T17:45:47.779+0100][2224.000s] GC(102) Humongous regions: 4->4
[2024-01-11T17:45:47.779+0100][2224.000s] GC(102) Metaspace: 62862K(63744K)->62862K(63744K) NonClass: 55857K(56384K)->55857K(56384K) Class: 7005K(7360K)->7005K(7360K)
[2024-01-11T17:45:47.779+0100][2224.000s] GC(102) Pause Young (Normal) (G1 Evacuation Pause) 378M->79M(512M) 1.897ms
[2024-01-11T17:45:47.779+0100][2224.000s] GC(102) User=0.00s Sys=0.00s Real=0.00s
[2024-01-11T17:45:49.212+0100][2225.433s] GC(103) Pause Young (Normal) (G1 Evacuation Pause)
[2024-01-11T17:45:49.212+0100][2225.433s] GC(103) Using 10 workers of 10 for evacuation
[2024-01-11T17:45:49.214+0100][2225.436s] GC(103)   Pre Evacuate Collection Set: 0.1ms
[2024-01-11T17:45:49.214+0100][2225.436s] GC(103)   Merge Heap Roots: 0.1ms
[2024-01-11T17:45:49.214+0100][2225.436s] GC(103)   Evacuate Collection Set: 1.4ms
[2024-01-11T17:45:49.214+0100][2225.436s] GC(103)   Post Evacuate Collection Set: 0.5ms
[2024-01-11T17:45:49.214+0100][2225.436s] GC(103)   Other: 0.1ms
[2024-01-11T17:45:49.214+0100][2225.436s] GC(103) Eden regions: 300->0(299)
[2024-01-11T17:45:49.214+0100][2225.436s] GC(103) Survivor regions: 7->8(39)
[2024-01-11T17:45:49.214+0100][2225.436s] GC(103) Old regions: 69->69
[2024-01-11T17:45:49.214+0100][2225.436s] GC(103) Archive regions: 0->0
[2024-01-11T17:45:49.214+0100][2225.436s] GC(103) Humongous regions: 4->4
[2024-01-11T17:45:49.214+0100][2225.436s] GC(103) Metaspace: 62862K(63744K)->62862K(63744K) NonClass: 55857K(56384K)->55857K(56384K) Class: 7005K(7360K)->7005K(7360K)
[2024-01-11T17:45:49.214+0100][2225.436s] GC(103) Pause Young (Normal) (G1 Evacuation Pause) 379M->80M(512M) 2.404ms
[2024-01-11T17:45:49.214+0100][2225.436s] GC(103) User=0.00s Sys=0.00s Real=0.00s
[2024-01-11T17:45:50.477+0100][2226.698s] GC(104) Pause Young (Normal) (G1 Evacuation Pause)
[2024-01-11T17:45:50.477+0100][2226.698s] GC(104) Using 10 workers of 10 for evacuation
[2024-01-11T17:45:50.479+0100][2226.700s] GC(104)   Pre Evacuate Collection Set: 0.1ms
[2024-01-11T17:45:50.479+0100][2226.700s] GC(104)   Merge Heap Roots: 0.1ms
[2024-01-11T17:45:50.479+0100][2226.700s] GC(104)   Evacuate Collection Set: 1.4ms
[2024-01-11T17:45:50.479+0100][2226.700s] GC(104)   Post Evacuate Collection Set: 0.5ms
[2024-01-11T17:45:50.479+0100][2226.700s] GC(104)   Other: 0.1ms
[2024-01-11T17:45:50.479+0100][2226.700s] GC(104) Eden regions: 299->0(297)
[2024-01-11T17:45:50.479+0100][2226.700s] GC(104) Survivor regions: 8->10(39)
[2024-01-11T17:45:50.479+0100][2226.700s] GC(104) Old regions: 69->69
[2024-01-11T17:45:50.479+0100][2226.700s] GC(104) Archive regions: 0->0
[2024-01-11T17:45:50.479+0100][2226.700s] GC(104) Humongous regions: 4->4
[2024-01-11T17:45:50.479+0100][2226.700s] GC(104) Metaspace: 62863K(63744K)->62863K(63744K) NonClass: 55858K(56384K)->55858K(56384K) Class: 7005K(7360K)->7005K(7360K)
[2024-01-11T17:45:50.479+0100][2226.700s] GC(104) Pause Young (Normal) (G1 Evacuation Pause) 379M->81M(512M) 2.458ms
[2024-01-11T17:45:50.479+0100][2226.700s] GC(104) User=0.00s Sys=0.00s Real=0.00s
[2024-01-11T17:45:51.778+0100][2227.998s] GC(105) Pause Young (Normal) (G1 Evacuation Pause)
[2024-01-11T17:45:51.778+0100][2227.998s] GC(105) Using 10 workers of 10 for evacuation
[2024-01-11T17:45:51.780+0100][2228.001s] GC(105)   Pre Evacuate Collection Set: 0.1ms
[2024-01-11T17:45:51.780+0100][2228.001s] GC(105)   Merge Heap Roots: 0.1ms
[2024-01-11T17:45:51.780+0100][2228.001s] GC(105)   Evacuate Collection Set: 1.6ms
[2024-01-11T17:45:51.780+0100][2228.001s] GC(105)   Post Evacuate Collection Set: 0.5ms
[2024-01-11T17:45:51.780+0100][2228.001s] GC(105)   Other: 0.1ms
[2024-01-11T17:45:51.780+0100][2228.001s] GC(105) Eden regions: 297->0(295)
[2024-01-11T17:45:51.780+0100][2228.001s] GC(105) Survivor regions: 10->12(39)
[2024-01-11T17:45:51.780+0100][2228.001s] GC(105) Old regions: 69->69
[2024-01-11T17:45:51.780+0100][2228.001s] GC(105) Archive regions: 0->0
[2024-01-11T17:45:51.780+0100][2228.001s] GC(105) Humongous regions: 4->4
[2024-01-11T17:45:51.780+0100][2228.001s] GC(105) Metaspace: 62864K(63744K)->62864K(63744K) NonClass: 55859K(56384K)->55859K(56384K) Class: 7005K(7360K)->7005K(7360K)
[2024-01-11T17:45:51.780+0100][2228.001s] GC(105) Pause Young (Normal) (G1 Evacuation Pause) 378M->83M(512M) 2.554ms
[2024-01-11T17:45:51.780+0100][2228.001s] GC(105) User=0.00s Sys=0.00s Real=0.00s
[2024-01-11T17:45:53.131+0100][2229.352s] GC(106) Pause Young (Normal) (G1 Evacuation Pause)
[2024-01-11T17:45:53.131+0100][2229.352s] GC(106) Using 10 workers of 10 for evacuation
[2024-01-11T17:45:53.134+0100][2229.356s] GC(106)   Pre Evacuate Collection Set: 0.1ms
[2024-01-11T17:45:53.134+0100][2229.356s] GC(106)   Merge Heap Roots: 0.1ms
[2024-01-11T17:45:53.134+0100][2229.356s] GC(106)   Evacuate Collection Set: 3.0ms
[2024-01-11T17:45:53.134+0100][2229.356s] GC(106)   Post Evacuate Collection Set: 0.6ms
[2024-01-11T17:45:53.134+0100][2229.356s] GC(106)   Other: 0.1ms
[2024-01-11T17:45:53.134+0100][2229.356s] GC(106) Eden regions: 295->0(294)
[2024-01-11T17:45:53.135+0100][2229.356s] GC(106) Survivor regions: 12->13(39)
[2024-01-11T17:45:53.135+0100][2229.356s] GC(106) Old regions: 69->69
[2024-01-11T17:45:53.135+0100][2229.356s] GC(106) Archive regions: 0->0
[2024-01-11T17:45:53.135+0100][2229.356s] GC(106) Humongous regions: 4->4
[2024-01-11T17:45:53.135+0100][2229.356s] GC(106) Metaspace: 62864K(63744K)->62864K(63744K) NonClass: 55859K(56384K)->55859K(56384K) Class: 7005K(7360K)->7005K(7360K)
[2024-01-11T17:45:53.135+0100][2229.356s] GC(106) Pause Young (Normal) (G1 Evacuation Pause) 378M->85M(512M) 4.009ms
[2024-01-11T17:45:53.135+0100][2229.356s] GC(106) User=0.00s Sys=0.00s Real=0.00s
[2024-01-11T17:45:54.397+0100][2230.619s] GC(107) Pause Young (Normal) (G1 Evacuation Pause)
[2024-01-11T17:45:54.397+0100][2230.619s] GC(107) Using 10 workers of 10 for evacuation
[2024-01-11T17:45:54.401+0100][2230.621s] GC(107)   Pre Evacuate Collection Set: 0.1ms
[2024-01-11T17:45:54.401+0100][2230.621s] GC(107)   Merge Heap Roots: 0.1ms
[2024-01-11T17:45:54.401+0100][2230.621s] GC(107)   Evacuate Collection Set: 2.0ms
[2024-01-11T17:45:54.401+0100][2230.621s] GC(107)   Post Evacuate Collection Set: 0.4ms
[2024-01-11T17:45:54.401+0100][2230.621s] GC(107)   Other: 0.1ms
[2024-01-11T17:45:54.401+0100][2230.621s] GC(107) Eden regions: 294->0(292)
[2024-01-11T17:45:54.401+0100][2230.621s] GC(107) Survivor regions: 13->15(39)
[2024-01-11T17:45:54.401+0100][2230.621s] GC(107) Old regions: 69->69
[2024-01-11T17:45:54.401+0100][2230.621s] GC(107) Archive regions: 0->0
[2024-01-11T17:45:54.401+0100][2230.621s] GC(107) Humongous regions: 4->4
[2024-01-11T17:45:54.401+0100][2230.621s] GC(107) Metaspace: 62878K(63744K)->62878K(63744K) NonClass: 55873K(56384K)->55873K(56384K) Class: 7005K(7360K)->7005K(7360K)
[2024-01-11T17:45:54.401+0100][2230.621s] GC(107) Pause Young (Normal) (G1 Evacuation Pause) 379M->87M(512M) 2.925ms
[2024-01-11T17:45:54.401+0100][2230.622s] GC(107) User=0.00s Sys=0.00s Real=0.00s
[2024-01-11T17:45:55.621+0100][2231.843s] GC(108) Pause Young (Normal) (G1 Evacuation Pause)
[2024-01-11T17:45:55.622+0100][2231.843s] GC(108) Using 10 workers of 10 for evacuation
[2024-01-11T17:45:55.624+0100][2231.845s] GC(108)   Pre Evacuate Collection Set: 0.1ms
[2024-01-11T17:45:55.624+0100][2231.845s] GC(108)   Merge Heap Roots: 0.1ms
[2024-01-11T17:45:55.624+0100][2231.845s] GC(108)   Evacuate Collection Set: 2.2ms
[2024-01-11T17:45:55.624+0100][2231.846s] GC(108)   Post Evacuate Collection Set: 0.4ms
[2024-01-11T17:45:55.624+0100][2231.846s] GC(108)   Other: 0.1ms
[2024-01-11T17:45:55.624+0100][2231.846s] GC(108) Eden regions: 292->0(290)
[2024-01-11T17:45:55.624+0100][2231.846s] GC(108) Survivor regions: 15->17(39)
[2024-01-11T17:45:55.624+0100][2231.846s] GC(108) Old regions: 69->69
[2024-01-11T17:45:55.624+0100][2231.846s] GC(108) Archive regions: 0->0
[2024-01-11T17:45:55.624+0100][2231.846s] GC(108) Humongous regions: 4->4
[2024-01-11T17:45:55.624+0100][2231.846s] GC(108) Metaspace: 62880K(63744K)->62880K(63744K) NonClass: 55875K(56384K)->55875K(56384K) Class: 7005K(7360K)->7005K(7360K)
[2024-01-11T17:45:55.625+0100][2231.846s] GC(108) Pause Young (Normal) (G1 Evacuation Pause) 379M->88M(512M) 3.031ms
[2024-01-11T17:45:55.625+0100][2231.846s] GC(108) User=0.00s Sys=0.02s Real=0.00s
[2024-01-11T17:45:56.982+0100][2233.202s] GC(109) Pause Young (Normal) (G1 Evacuation Pause)
[2024-01-11T17:45:56.982+0100][2233.202s] GC(109) Using 10 workers of 10 for evacuation
[2024-01-11T17:45:56.985+0100][2233.206s] GC(109)   Pre Evacuate Collection Set: 0.1ms
[2024-01-11T17:45:56.985+0100][2233.206s] GC(109)   Merge Heap Roots: 0.1ms
[2024-01-11T17:45:56.985+0100][2233.206s] GC(109)   Evacuate Collection Set: 2.5ms
[2024-01-11T17:45:56.985+0100][2233.206s] GC(109)   Post Evacuate Collection Set: 0.4ms
[2024-01-11T17:45:56.985+0100][2233.206s] GC(109)   Other: 0.1ms
[2024-01-11T17:45:56.985+0100][2233.206s] GC(109) Eden regions: 290->0(288)
[2024-01-11T17:45:56.985+0100][2233.206s] GC(109) Survivor regions: 17->19(39)
[2024-01-11T17:45:56.985+0100][2233.206s] GC(109) Old regions: 69->69
[2024-01-11T17:45:56.985+0100][2233.206s] GC(109) Archive regions: 0->0
[2024-01-11T17:45:56.985+0100][2233.206s] GC(109) Humongous regions: 4->4
[2024-01-11T17:45:56.985+0100][2233.206s] GC(109) Metaspace: 62881K(63744K)->62881K(63744K) NonClass: 55876K(56384K)->55876K(56384K) Class: 7005K(7360K)->7005K(7360K)
[2024-01-11T17:45:56.985+0100][2233.206s] GC(109) Pause Young (Normal) (G1 Evacuation Pause) 378M->90M(512M) 3.530ms
[2024-01-11T17:45:56.985+0100][2233.206s] GC(109) User=0.02s Sys=0.00s Real=0.00s
[2024-01-11T17:45:58.239+0100][2234.460s] GC(110) Pause Young (Normal) (G1 Evacuation Pause)
[2024-01-11T17:45:58.239+0100][2234.461s] GC(110) Using 10 workers of 10 for evacuation
[2024-01-11T17:45:58.243+0100][2234.464s] GC(110)   Pre Evacuate Collection Set: 0.1ms
[2024-01-11T17:45:58.243+0100][2234.464s] GC(110)   Merge Heap Roots: 0.1ms
[2024-01-11T17:45:58.243+0100][2234.464s] GC(110)   Evacuate Collection Set: 2.8ms
[2024-01-11T17:45:58.243+0100][2234.464s] GC(110)   Post Evacuate Collection Set: 0.4ms
[2024-01-11T17:45:58.243+0100][2234.464s] GC(110)   Other: 0.1ms
[2024-01-11T17:45:58.243+0100][2234.464s] GC(110) Eden regions: 288->0(287)
[2024-01-11T17:45:58.243+0100][2234.464s] GC(110) Survivor regions: 19->20(39)
[2024-01-11T17:45:58.243+0100][2234.464s] GC(110) Old regions: 69->69
[2024-01-11T17:45:58.243+0100][2234.464s] GC(110) Archive regions: 0->0
[2024-01-11T17:45:58.243+0100][2234.464s] GC(110) Humongous regions: 4->4
[2024-01-11T17:45:58.243+0100][2234.464s] GC(110) Metaspace: 62882K(63744K)->62882K(63744K) NonClass: 55877K(56384K)->55877K(56384K) Class: 7005K(7360K)->7005K(7360K)
[2024-01-11T17:45:58.243+0100][2234.464s] GC(110) Pause Young (Normal) (G1 Evacuation Pause) 378M->92M(512M) 3.656ms
[2024-01-11T17:45:58.243+0100][2234.464s] GC(110) User=0.00s Sys=0.00s Real=0.00s
[2024-01-11T17:45:59.465+0100][2235.686s] GC(111) Pause Young (Normal) (G1 Evacuation Pause)
[2024-01-11T17:45:59.465+0100][2235.686s] GC(111) Using 10 workers of 10 for evacuation
[2024-01-11T17:45:59.469+0100][2235.690s] GC(111)   Pre Evacuate Collection Set: 0.1ms
[2024-01-11T17:45:59.469+0100][2235.690s] GC(111)   Merge Heap Roots: 0.1ms
[2024-01-11T17:45:59.469+0100][2235.690s] GC(111)   Evacuate Collection Set: 3.0ms
[2024-01-11T17:45:59.469+0100][2235.690s] GC(111)   Post Evacuate Collection Set: 0.5ms
[2024-01-11T17:45:59.469+0100][2235.690s] GC(111)   Other: 0.1ms
[2024-01-11T17:45:59.469+0100][2235.690s] GC(111) Eden regions: 287->0(285)
[2024-01-11T17:45:59.469+0100][2235.690s] GC(111) Survivor regions: 20->22(39)
[2024-01-11T17:45:59.469+0100][2235.690s] GC(111) Old regions: 69->69
[2024-01-11T17:45:59.469+0100][2235.690s] GC(111) Archive regions: 0->0
[2024-01-11T17:45:59.469+0100][2235.690s] GC(111) Humongous regions: 4->4
[2024-01-11T17:45:59.469+0100][2235.690s] GC(111) Metaspace: 62882K(63744K)->62882K(63744K) NonClass: 55877K(56384K)->55877K(56384K) Class: 7005K(7360K)->7005K(7360K)
[2024-01-11T17:45:59.469+0100][2235.690s] GC(111) Pause Young (Normal) (G1 Evacuation Pause) 379M->93M(512M) 3.963ms
[2024-01-11T17:45:59.469+0100][2235.690s] GC(111) User=0.00s Sys=0.00s Real=0.00s
[2024-01-11T17:46:00.701+0100][2236.921s] GC(112) Pause Young (Normal) (G1 Evacuation Pause)
[2024-01-11T17:46:00.701+0100][2236.922s] GC(112) Using 10 workers of 10 for evacuation
[2024-01-11T17:46:00.705+0100][2236.925s] GC(112)   Pre Evacuate Collection Set: 0.1ms
[2024-01-11T17:46:00.705+0100][2236.925s] GC(112)   Merge Heap Roots: 0.1ms
[2024-01-11T17:46:00.705+0100][2236.925s] GC(112)   Evacuate Collection Set: 3.1ms
[2024-01-11T17:46:00.705+0100][2236.925s] GC(112)   Post Evacuate Collection Set: 0.5ms
[2024-01-11T17:46:00.705+0100][2236.925s] GC(112)   Other: 0.1ms
[2024-01-11T17:46:00.705+0100][2236.925s] GC(112) Eden regions: 285->0(286)
[2024-01-11T17:46:00.705+0100][2236.925s] GC(112) Survivor regions: 22->21(39)
[2024-01-11T17:46:00.705+0100][2236.925s] GC(112) Old regions: 69->71
[2024-01-11T17:46:00.705+0100][2236.925s] GC(112) Archive regions: 0->0
[2024-01-11T17:46:00.705+0100][2236.925s] GC(112) Humongous regions: 4->4
[2024-01-11T17:46:00.705+0100][2236.925s] GC(112) Metaspace: 62882K(63744K)->62882K(63744K) NonClass: 55877K(56384K)->55877K(56384K) Class: 7005K(7360K)->7005K(7360K)
[2024-01-11T17:46:00.705+0100][2236.925s] GC(112) Pause Young (Normal) (G1 Evacuation Pause) 378M->94M(512M) 4.027ms
[2024-01-11T17:46:00.705+0100][2236.926s] GC(112) User=0.16s Sys=0.00s Real=0.00s
[2024-01-11T17:46:02.026+0100][2238.247s] GC(113) Pause Young (Normal) (G1 Evacuation Pause)
[2024-01-11T17:46:02.026+0100][2238.247s] GC(113) Using 10 workers of 10 for evacuation
[2024-01-11T17:46:02.030+0100][2238.251s] GC(113)   Pre Evacuate Collection Set: 0.1ms
[2024-01-11T17:46:02.030+0100][2238.251s] GC(113)   Merge Heap Roots: 0.1ms
[2024-01-11T17:46:02.030+0100][2238.251s] GC(113)   Evacuate Collection Set: 3.2ms
[2024-01-11T17:46:02.030+0100][2238.251s] GC(113)   Post Evacuate Collection Set: 0.4ms
[2024-01-11T17:46:02.030+0100][2238.251s] GC(113)   Other: 0.1ms
[2024-01-11T17:46:02.030+0100][2238.251s] GC(113) Eden regions: 286->0(285)
[2024-01-11T17:46:02.030+0100][2238.251s] GC(113) Survivor regions: 21->22(39)
[2024-01-11T17:46:02.030+0100][2238.251s] GC(113) Old regions: 71->72
[2024-01-11T17:46:02.030+0100][2238.251s] GC(113) Archive regions: 0->0
[2024-01-11T17:46:02.030+0100][2238.251s] GC(113) Humongous regions: 4->4
[2024-01-11T17:46:02.030+0100][2238.251s] GC(113) Metaspace: 62883K(63744K)->62883K(63744K) NonClass: 55878K(56384K)->55878K(56384K) Class: 7005K(7360K)->7005K(7360K)
[2024-01-11T17:46:02.030+0100][2238.251s] GC(113) Pause Young (Normal) (G1 Evacuation Pause) 380M->97M(512M) 4.131ms
[2024-01-11T17:46:02.030+0100][2238.251s] GC(113) User=0.00s Sys=0.00s Real=0.00s
[2024-01-11T17:46:03.256+0100][2239.477s] GC(114) Pause Young (Normal) (G1 Evacuation Pause)
[2024-01-11T17:46:03.256+0100][2239.477s] GC(114) Using 10 workers of 10 for evacuation
[2024-01-11T17:46:03.260+0100][2239.482s] GC(114)   Pre Evacuate Collection Set: 0.1ms
[2024-01-11T17:46:03.261+0100][2239.482s] GC(114)   Merge Heap Roots: 0.1ms
[2024-01-11T17:46:03.261+0100][2239.482s] GC(114)   Evacuate Collection Set: 3.3ms
[2024-01-11T17:46:03.261+0100][2239.482s] GC(114)   Post Evacuate Collection Set: 0.6ms
[2024-01-11T17:46:03.261+0100][2239.482s] GC(114)   Other: 0.1ms
[2024-01-11T17:46:03.261+0100][2239.482s] GC(114) Eden regions: 285->0(286)
[2024-01-11T17:46:03.261+0100][2239.482s] GC(114) Survivor regions: 22->21(39)
[2024-01-11T17:46:03.261+0100][2239.482s] GC(114) Old regions: 72->74
[2024-01-11T17:46:03.261+0100][2239.482s] GC(114) Archive regions: 0->0
[2024-01-11T17:46:03.261+0100][2239.482s] GC(114) Humongous regions: 4->4
[2024-01-11T17:46:03.261+0100][2239.482s] GC(114) Metaspace: 62887K(63744K)->62887K(63744K) NonClass: 55882K(56384K)->55882K(56384K) Class: 7005K(7360K)->7005K(7360K)
[2024-01-11T17:46:03.261+0100][2239.482s] GC(114) Pause Young (Normal) (G1 Evacuation Pause) 382M->98M(512M) 4.498ms
[2024-01-11T17:46:03.261+0100][2239.482s] GC(114) User=0.00s Sys=0.00s Real=0.00s
[2024-01-11T17:46:04.464+0100][2240.684s] GC(115) Pause Young (Normal) (G1 Evacuation Pause)
[2024-01-11T17:46:04.464+0100][2240.684s] GC(115) Using 10 workers of 10 for evacuation
[2024-01-11T17:46:04.468+0100][2240.689s] GC(115)   Pre Evacuate Collection Set: 0.1ms
[2024-01-11T17:46:04.468+0100][2240.689s] GC(115)   Merge Heap Roots: 0.1ms
[2024-01-11T17:46:04.468+0100][2240.689s] GC(115)   Evacuate Collection Set: 3.3ms
[2024-01-11T17:46:04.468+0100][2240.689s] GC(115)   Post Evacuate Collection Set: 0.5ms
[2024-01-11T17:46:04.468+0100][2240.689s] GC(115)   Other: 0.1ms
[2024-01-11T17:46:04.468+0100][2240.689s] GC(115) Eden regions: 286->0(285)
[2024-01-11T17:46:04.468+0100][2240.689s] GC(115) Survivor regions: 21->22(39)
[2024-01-11T17:46:04.468+0100][2240.689s] GC(115) Old regions: 74->76
[2024-01-11T17:46:04.468+0100][2240.689s] GC(115) Archive regions: 0->0
[2024-01-11T17:46:04.468+0100][2240.689s] GC(115) Humongous regions: 4->4
[2024-01-11T17:46:04.468+0100][2240.689s] GC(115) Metaspace: 62887K(63744K)->62887K(63744K) NonClass: 55882K(56384K)->55882K(56384K) Class: 7005K(7360K)->7005K(7360K)
[2024-01-11T17:46:04.468+0100][2240.689s] GC(115) Pause Young (Normal) (G1 Evacuation Pause) 384M->100M(512M) 4.376ms
[2024-01-11T17:46:04.468+0100][2240.689s] GC(115) User=0.00s Sys=0.00s Real=0.00s
[2024-01-11T17:46:05.697+0100][2241.917s] GC(116) Pause Young (Normal) (G1 Evacuation Pause)
[2024-01-11T17:46:05.697+0100][2241.917s] GC(116) Using 10 workers of 10 for evacuation
[2024-01-11T17:46:05.701+0100][2241.921s] GC(116)   Pre Evacuate Collection Set: 0.1ms
[2024-01-11T17:46:05.701+0100][2241.921s] GC(116)   Merge Heap Roots: 0.1ms
[2024-01-11T17:46:05.701+0100][2241.921s] GC(116)   Evacuate Collection Set: 3.4ms
[2024-01-11T17:46:05.701+0100][2241.921s] GC(116)   Post Evacuate Collection Set: 0.5ms
[2024-01-11T17:46:05.701+0100][2241.921s] GC(116)   Other: 0.1ms
[2024-01-11T17:46:05.701+0100][2241.921s] GC(116) Eden regions: 285->0(285)
[2024-01-11T17:46:05.701+0100][2241.921s] GC(116) Survivor regions: 22->22(39)
[2024-01-11T17:46:05.701+0100][2241.921s] GC(116) Old regions: 76->77
[2024-01-11T17:46:05.701+0100][2241.921s] GC(116) Archive regions: 0->0
[2024-01-11T17:46:05.701+0100][2241.921s] GC(116) Humongous regions: 4->4
[2024-01-11T17:46:05.701+0100][2241.921s] GC(116) Metaspace: 62889K(63744K)->62889K(63744K) NonClass: 55884K(56384K)->55884K(56384K) Class: 7005K(7360K)->7005K(7360K)
[2024-01-11T17:46:05.701+0100][2241.921s] GC(116) Pause Young (Normal) (G1 Evacuation Pause) 385M->102M(512M) 4.249ms
[2024-01-11T17:46:05.701+0100][2241.921s] GC(116) User=0.00s Sys=0.00s Real=0.00s
[2024-01-11T17:46:06.979+0100][2243.200s] GC(117) Pause Young (Normal) (G1 Evacuation Pause)
[2024-01-11T17:46:06.979+0100][2243.200s] GC(117) Using 10 workers of 10 for evacuation
[2024-01-11T17:46:06.983+0100][2243.204s] GC(117)   Pre Evacuate Collection Set: 0.1ms
[2024-01-11T17:46:06.983+0100][2243.204s] GC(117)   Merge Heap Roots: 0.1ms
[2024-01-11T17:46:06.983+0100][2243.204s] GC(117)   Evacuate Collection Set: 3.0ms
[2024-01-11T17:46:06.983+0100][2243.204s] GC(117)   Post Evacuate Collection Set: 0.5ms
[2024-01-11T17:46:06.983+0100][2243.204s] GC(117)   Other: 0.1ms
[2024-01-11T17:46:06.983+0100][2243.204s] GC(117) Eden regions: 285->0(286)
[2024-01-11T17:46:06.983+0100][2243.204s] GC(117) Survivor regions: 22->21(39)
[2024-01-11T17:46:06.983+0100][2243.204s] GC(117) Old regions: 77->79
[2024-01-11T17:46:06.983+0100][2243.204s] GC(117) Archive regions: 0->0
[2024-01-11T17:46:06.983+0100][2243.204s] GC(117) Humongous regions: 4->4
[2024-01-11T17:46:06.983+0100][2243.204s] GC(117) Metaspace: 62889K(63744K)->62889K(63744K) NonClass: 55884K(56384K)->55884K(56384K) Class: 7005K(7360K)->7005K(7360K)
[2024-01-11T17:46:06.983+0100][2243.204s] GC(117) Pause Young (Normal) (G1 Evacuation Pause) 387M->103M(512M) 3.959ms
[2024-01-11T17:46:06.983+0100][2243.204s] GC(117) User=0.00s Sys=0.00s Real=0.00s
[2024-01-11T17:46:07.363+0100][2243.584s] GC(118) Pause Young (Concurrent Start) (CodeCache GC Threshold)
[2024-01-11T17:46:07.363+0100][2243.584s] GC(118) Using 10 workers of 10 for evacuation
[2024-01-11T17:46:07.367+0100][2243.588s] GC(118)   Pre Evacuate Collection Set: 0.2ms
[2024-01-11T17:46:07.367+0100][2243.588s] GC(118)   Merge Heap Roots: 0.1ms
[2024-01-11T17:46:07.367+0100][2243.588s] GC(118)   Evacuate Collection Set: 3.1ms
[2024-01-11T17:46:07.367+0100][2243.588s] GC(118)   Post Evacuate Collection Set: 0.5ms
[2024-01-11T17:46:07.367+0100][2243.588s] GC(118)   Other: 0.1ms
[2024-01-11T17:46:07.367+0100][2243.588s] GC(118) Eden regions: 92->0(287)
[2024-01-11T17:46:07.367+0100][2243.588s] GC(118) Survivor regions: 21->20(39)
[2024-01-11T17:46:07.367+0100][2243.588s] GC(118) Old regions: 79->81
[2024-01-11T17:46:07.367+0100][2243.588s] GC(118) Archive regions: 0->0
[2024-01-11T17:46:07.367+0100][2243.588s] GC(118) Humongous regions: 4->4
[2024-01-11T17:46:07.367+0100][2243.588s] GC(118) Metaspace: 62889K(63744K)->62889K(63744K) NonClass: 55884K(56384K)->55884K(56384K) Class: 7005K(7360K)->7005K(7360K)
[2024-01-11T17:46:07.367+0100][2243.588s] GC(118) Pause Young (Concurrent Start) (CodeCache GC Threshold) 195M->103M(512M) 4.191ms
[2024-01-11T17:46:07.367+0100][2243.588s] GC(118) User=0.00s Sys=0.00s Real=0.00s
[2024-01-11T17:46:07.367+0100][2243.588s] GC(119) Concurrent Mark Cycle
[2024-01-11T17:46:07.367+0100][2243.588s] GC(119) Concurrent Clear Claimed Marks
[2024-01-11T17:46:07.367+0100][2243.588s] GC(119) Concurrent Clear Claimed Marks 0.049ms
[2024-01-11T17:46:07.367+0100][2243.588s] GC(119) Concurrent Scan Root Regions
[2024-01-11T17:46:07.369+0100][2243.589s] GC(119) Concurrent Scan Root Regions 1.345ms
[2024-01-11T17:46:07.369+0100][2243.589s] GC(119) Concurrent Mark
[2024-01-11T17:46:07.369+0100][2243.589s] GC(119) Concurrent Mark From Roots
[2024-01-11T17:46:07.369+0100][2243.589s] GC(119) Using 3 workers of 3 for marking
[2024-01-11T17:46:07.392+0100][2243.612s] GC(119) Concurrent Mark From Roots 22.576ms
[2024-01-11T17:46:07.392+0100][2243.612s] GC(119) Concurrent Preclean
[2024-01-11T17:46:07.392+0100][2243.612s] GC(119) Concurrent Preclean 0.196ms
[2024-01-11T17:46:07.392+0100][2243.612s] GC(119) Pause Remark
[2024-01-11T17:46:07.397+0100][2243.619s] GC(119) Pause Remark 107M->107M(512M) 6.161ms
[2024-01-11T17:46:07.397+0100][2243.619s] GC(119) User=0.00s Sys=0.00s Real=0.01s
[2024-01-11T17:46:07.398+0100][2243.619s] GC(119) Concurrent Mark 29.285ms
[2024-01-11T17:46:07.398+0100][2243.619s] GC(119) Concurrent Rebuild Remembered Sets
[2024-01-11T17:46:07.412+0100][2243.633s] GC(119) Concurrent Rebuild Remembered Sets 14.258ms
[2024-01-11T17:46:07.412+0100][2243.633s] GC(119) Pause Cleanup
[2024-01-11T17:46:07.412+0100][2243.633s] GC(119) Pause Cleanup 109M->109M(512M) 0.150ms
[2024-01-11T17:46:07.412+0100][2243.633s] GC(119) User=0.00s Sys=0.00s Real=0.00s
[2024-01-11T17:46:07.412+0100][2243.633s] GC(119) Concurrent Cleanup for Next Mark
[2024-01-11T17:46:07.413+0100][2243.634s] GC(119) Concurrent Cleanup for Next Mark 0.773ms
[2024-01-11T17:46:07.413+0100][2243.634s] GC(119) Concurrent Mark Cycle 46.261ms
[2024-01-11T17:46:08.550+0100][2244.771s] GC(120) Pause Young (Prepare Mixed) (G1 Evacuation Pause)
[2024-01-11T17:46:08.550+0100][2244.771s] GC(120) Using 10 workers of 10 for evacuation
[2024-01-11T17:46:08.554+0100][2244.775s] GC(120)   Pre Evacuate Collection Set: 0.1ms
[2024-01-11T17:46:08.554+0100][2244.775s] GC(120)   Merge Heap Roots: 0.1ms
[2024-01-11T17:46:08.555+0100][2244.775s] GC(120)   Evacuate Collection Set: 3.3ms
[2024-01-11T17:46:08.555+0100][2244.775s] GC(120)   Post Evacuate Collection Set: 0.8ms
[2024-01-11T17:46:08.555+0100][2244.775s] GC(120)   Other: 0.1ms
[2024-01-11T17:46:08.555+0100][2244.775s] GC(120) Eden regions: 287->0(3)
[2024-01-11T17:46:08.555+0100][2244.775s] GC(120) Survivor regions: 20->22(39)
[2024-01-11T17:46:08.555+0100][2244.775s] GC(120) Old regions: 81->81
[2024-01-11T17:46:08.555+0100][2244.775s] GC(120) Archive regions: 0->0
[2024-01-11T17:46:08.555+0100][2244.775s] GC(120) Humongous regions: 4->4
[2024-01-11T17:46:08.555+0100][2244.775s] GC(120) Metaspace: 62890K(63808K)->62890K(63808K) NonClass: 55885K(56448K)->55885K(56448K) Class: 7005K(7360K)->7005K(7360K)
[2024-01-11T17:46:08.555+0100][2244.775s] GC(120) Pause Young (Prepare Mixed) (G1 Evacuation Pause) 390M->106M(512M) 4.625ms
[2024-01-11T17:46:08.555+0100][2244.776s] GC(120) User=0.00s Sys=0.00s Real=0.01s
[2024-01-11T17:46:08.578+0100][2244.799s] GC(121) Pause Young (Mixed) (G1 Evacuation Pause)
[2024-01-11T17:46:08.578+0100][2244.799s] GC(121) Using 10 workers of 10 for evacuation
[2024-01-11T17:46:08.581+0100][2244.802s] GC(121)   Pre Evacuate Collection Set: 0.1ms
[2024-01-11T17:46:08.581+0100][2244.802s] GC(121)   Merge Heap Roots: 0.1ms
[2024-01-11T17:46:08.581+0100][2244.802s] GC(121)   Evacuate Collection Set: 2.7ms
[2024-01-11T17:46:08.581+0100][2244.802s] GC(121)   Post Evacuate Collection Set: 0.4ms
[2024-01-11T17:46:08.581+0100][2244.802s] GC(121)   Other: 0.1ms
[2024-01-11T17:46:08.581+0100][2244.802s] GC(121) Eden regions: 3->0(304)
[2024-01-11T17:46:08.581+0100][2244.802s] GC(121) Survivor regions: 22->3(4)
[2024-01-11T17:46:08.581+0100][2244.802s] GC(121) Old regions: 81->96
[2024-01-11T17:46:08.581+0100][2244.802s] GC(121) Archive regions: 0->0
[2024-01-11T17:46:08.581+0100][2244.802s] GC(121) Humongous regions: 4->4
[2024-01-11T17:46:08.581+0100][2244.802s] GC(121) Metaspace: 62890K(63808K)->62890K(63808K) NonClass: 55885K(56448K)->55885K(56448K) Class: 7005K(7360K)->7005K(7360K)
[2024-01-11T17:46:08.581+0100][2244.802s] GC(121) Pause Young (Mixed) (G1 Evacuation Pause) 109M->102M(512M) 3.550ms
[2024-01-11T17:46:08.581+0100][2244.802s] GC(121) User=0.00s Sys=0.00s Real=0.00s
[2024-01-11T17:46:09.919+0100][2246.140s] GC(122) Pause Young (Normal) (G1 Evacuation Pause)
[2024-01-11T17:46:09.919+0100][2246.140s] GC(122) Using 10 workers of 10 for evacuation
[2024-01-11T17:46:09.920+0100][2246.141s] GC(122)   Pre Evacuate Collection Set: 0.1ms
[2024-01-11T17:46:09.920+0100][2246.141s] GC(122)   Merge Heap Roots: 0.1ms
[2024-01-11T17:46:09.920+0100][2246.141s] GC(122)   Evacuate Collection Set: 0.6ms
[2024-01-11T17:46:09.920+0100][2246.141s] GC(122)   Post Evacuate Collection Set: 0.4ms
[2024-01-11T17:46:09.920+0100][2246.141s] GC(122)   Other: 0.1ms
[2024-01-11T17:46:09.920+0100][2246.141s] GC(122) Eden regions: 304->0(303)
[2024-01-11T17:46:09.920+0100][2246.141s] GC(122) Survivor regions: 3->4(39)
[2024-01-11T17:46:09.920+0100][2246.141s] GC(122) Old regions: 96->96
[2024-01-11T17:46:09.920+0100][2246.141s] GC(122) Archive regions: 0->0
[2024-01-11T17:46:09.920+0100][2246.141s] GC(122) Humongous regions: 4->4
[2024-01-11T17:46:09.920+0100][2246.141s] GC(122) Metaspace: 62890K(63808K)->62890K(63808K) NonClass: 55885K(56448K)->55885K(56448K) Class: 7005K(7360K)->7005K(7360K)
[2024-01-11T17:46:09.920+0100][2246.142s] GC(122) Pause Young (Normal) (G1 Evacuation Pause) 406M->103M(512M) 1.503ms
[2024-01-11T17:46:09.921+0100][2246.142s] GC(122) User=0.00s Sys=0.00s Real=0.00s
[2024-01-11T17:46:11.163+0100][2247.384s] GC(123) Pause Young (Normal) (G1 Evacuation Pause)
[2024-01-11T17:46:11.163+0100][2247.384s] GC(123) Using 10 workers of 10 for evacuation
[2024-01-11T17:46:11.165+0100][2247.386s] GC(123)   Pre Evacuate Collection Set: 0.1ms
[2024-01-11T17:46:11.165+0100][2247.386s] GC(123)   Merge Heap Roots: 0.1ms
[2024-01-11T17:46:11.165+0100][2247.386s] GC(123)   Evacuate Collection Set: 0.8ms
[2024-01-11T17:46:11.165+0100][2247.386s] GC(123)   Post Evacuate Collection Set: 0.5ms
[2024-01-11T17:46:11.165+0100][2247.386s] GC(123)   Other: 0.1ms
[2024-01-11T17:46:11.165+0100][2247.386s] GC(123) Eden regions: 303->0(302)
[2024-01-11T17:46:11.165+0100][2247.386s] GC(123) Survivor regions: 4->5(39)
[2024-01-11T17:46:11.165+0100][2247.386s] GC(123) Old regions: 96->96
[2024-01-11T17:46:11.165+0100][2247.386s] GC(123) Archive regions: 0->0
[2024-01-11T17:46:11.165+0100][2247.386s] GC(123) Humongous regions: 4->4
[2024-01-11T17:46:11.165+0100][2247.386s] GC(123) Metaspace: 62924K(63808K)->62924K(63808K) NonClass: 55919K(56448K)->55919K(56448K) Class: 7005K(7360K)->7005K(7360K)
[2024-01-11T17:46:11.165+0100][2247.386s] GC(123) Pause Young (Normal) (G1 Evacuation Pause) 406M->104M(512M) 1.849ms
[2024-01-11T17:46:11.165+0100][2247.386s] GC(123) User=0.00s Sys=0.00s Real=0.00s
[2024-01-11T17:46:12.438+0100][2248.660s] GC(124) Pause Young (Normal) (G1 Evacuation Pause)
[2024-01-11T17:46:12.438+0100][2248.660s] GC(124) Using 10 workers of 10 for evacuation
[2024-01-11T17:46:12.440+0100][2248.662s] GC(124)   Pre Evacuate Collection Set: 0.1ms
[2024-01-11T17:46:12.440+0100][2248.662s] GC(124)   Merge Heap Roots: 0.1ms
[2024-01-11T17:46:12.440+0100][2248.662s] GC(124)   Evacuate Collection Set: 1.2ms
[2024-01-11T17:46:12.440+0100][2248.662s] GC(124)   Post Evacuate Collection Set: 0.5ms
[2024-01-11T17:46:12.440+0100][2248.662s] GC(124)   Other: 0.1ms
[2024-01-11T17:46:12.440+0100][2248.662s] GC(124) Eden regions: 302->0(300)
[2024-01-11T17:46:12.440+0100][2248.662s] GC(124) Survivor regions: 5->7(39)
[2024-01-11T17:46:12.440+0100][2248.662s] GC(124) Old regions: 96->96
[2024-01-11T17:46:12.440+0100][2248.662s] GC(124) Archive regions: 0->0
[2024-01-11T17:46:12.440+0100][2248.662s] GC(124) Humongous regions: 4->4
[2024-01-11T17:46:12.440+0100][2248.662s] GC(124) Metaspace: 62924K(63808K)->62924K(63808K) NonClass: 55919K(56448K)->55919K(56448K) Class: 7005K(7360K)->7005K(7360K)
[2024-01-11T17:46:12.440+0100][2248.662s] GC(124) Pause Young (Normal) (G1 Evacuation Pause) 406M->106M(512M) 2.118ms
[2024-01-11T17:46:12.441+0100][2248.662s] GC(124) User=0.00s Sys=0.00s Real=0.00s
[2024-01-11T17:46:13.674+0100][2249.895s] GC(125) Pause Young (Normal) (G1 Evacuation Pause)
[2024-01-11T17:46:13.674+0100][2249.895s] GC(125) Using 10 workers of 10 for evacuation
[2024-01-11T17:46:13.676+0100][2249.897s] GC(125)   Pre Evacuate Collection Set: 0.1ms
[2024-01-11T17:46:13.676+0100][2249.897s] GC(125)   Merge Heap Roots: 0.1ms
[2024-01-11T17:46:13.676+0100][2249.897s] GC(125)   Evacuate Collection Set: 1.4ms
[2024-01-11T17:46:13.676+0100][2249.897s] GC(125)   Post Evacuate Collection Set: 0.4ms
[2024-01-11T17:46:13.676+0100][2249.897s] GC(125)   Other: 0.1ms
[2024-01-11T17:46:13.676+0100][2249.897s] GC(125) Eden regions: 300->0(299)
[2024-01-11T17:46:13.676+0100][2249.897s] GC(125) Survivor regions: 7->8(39)
[2024-01-11T17:46:13.676+0100][2249.897s] GC(125) Old regions: 96->96
[2024-01-11T17:46:13.676+0100][2249.897s] GC(125) Archive regions: 0->0
[2024-01-11T17:46:13.676+0100][2249.897s] GC(125) Humongous regions: 4->4
[2024-01-11T17:46:13.676+0100][2249.897s] GC(125) Metaspace: 62926K(63808K)->62926K(63808K) NonClass: 55921K(56448K)->55921K(56448K) Class: 7005K(7360K)->7005K(7360K)
[2024-01-11T17:46:13.677+0100][2249.897s] GC(125) Pause Young (Normal) (G1 Evacuation Pause) 406M->107M(512M) 2.264ms
[2024-01-11T17:46:13.677+0100][2249.897s] GC(125) User=0.00s Sys=0.00s Real=0.00s
[2024-01-11T17:46:15.006+0100][2251.227s] GC(126) Pause Young (Normal) (G1 Evacuation Pause)
[2024-01-11T17:46:15.006+0100][2251.227s] GC(126) Using 10 workers of 10 for evacuation
[2024-01-11T17:46:15.008+0100][2251.229s] GC(126)   Pre Evacuate Collection Set: 0.1ms
[2024-01-11T17:46:15.008+0100][2251.229s] GC(126)   Merge Heap Roots: 0.1ms
[2024-01-11T17:46:15.008+0100][2251.229s] GC(126)   Evacuate Collection Set: 1.4ms
[2024-01-11T17:46:15.008+0100][2251.229s] GC(126)   Post Evacuate Collection Set: 0.5ms
[2024-01-11T17:46:15.008+0100][2251.229s] GC(126)   Other: 0.1ms
[2024-01-11T17:46:15.008+0100][2251.229s] GC(126) Eden regions: 299->0(296)
[2024-01-11T17:46:15.008+0100][2251.229s] GC(126) Survivor regions: 8->11(39)
[2024-01-11T17:46:15.008+0100][2251.229s] GC(126) Old regions: 96->96
[2024-01-11T17:46:15.008+0100][2251.229s] GC(126) Archive regions: 0->0
[2024-01-11T17:46:15.008+0100][2251.229s] GC(126) Humongous regions: 4->4
[2024-01-11T17:46:15.008+0100][2251.229s] GC(126) Metaspace: 62928K(63808K)->62928K(63808K) NonClass: 55923K(56448K)->55923K(56448K) Class: 7005K(7360K)->7005K(7360K)
[2024-01-11T17:46:15.008+0100][2251.230s] GC(126) Pause Young (Normal) (G1 Evacuation Pause) 406M->110M(512M) 2.409ms
[2024-01-11T17:46:15.008+0100][2251.230s] GC(126) User=0.00s Sys=0.00s Real=0.00s
[2024-01-11T17:46:16.221+0100][2252.442s] GC(127) Pause Young (Normal) (G1 Evacuation Pause)
[2024-01-11T17:46:16.221+0100][2252.442s] GC(127) Using 10 workers of 10 for evacuation
[2024-01-11T17:46:16.224+0100][2252.445s] GC(127)   Pre Evacuate Collection Set: 0.1ms
[2024-01-11T17:46:16.224+0100][2252.445s] GC(127)   Merge Heap Roots: 0.1ms
[2024-01-11T17:46:16.224+0100][2252.445s] GC(127)   Evacuate Collection Set: 1.8ms
[2024-01-11T17:46:16.224+0100][2252.445s] GC(127)   Post Evacuate Collection Set: 0.5ms
[2024-01-11T17:46:16.224+0100][2252.445s] GC(127)   Other: 0.1ms
[2024-01-11T17:46:16.224+0100][2252.445s] GC(127) Eden regions: 296->0(294)
[2024-01-11T17:46:16.224+0100][2252.445s] GC(127) Survivor regions: 11->13(39)
[2024-01-11T17:46:16.224+0100][2252.445s] GC(127) Old regions: 96->96
[2024-01-11T17:46:16.224+0100][2252.445s] GC(127) Archive regions: 0->0
[2024-01-11T17:46:16.224+0100][2252.445s] GC(127) Humongous regions: 4->4
[2024-01-11T17:46:16.224+0100][2252.445s] GC(127) Metaspace: 62928K(63808K)->62928K(63808K) NonClass: 55923K(56448K)->55923K(56448K) Class: 7005K(7360K)->7005K(7360K)
[2024-01-11T17:46:16.224+0100][2252.445s] GC(127) Pause Young (Normal) (G1 Evacuation Pause) 406M->112M(512M) 2.879ms
[2024-01-11T17:46:16.224+0100][2252.445s] GC(127) User=0.00s Sys=0.00s Real=0.00s
[2024-01-11T17:46:17.456+0100][2253.676s] GC(128) Pause Young (Normal) (G1 Evacuation Pause)
[2024-01-11T17:46:17.456+0100][2253.676s] GC(128) Using 10 workers of 10 for evacuation
[2024-01-11T17:46:17.459+0100][2253.679s] GC(128)   Pre Evacuate Collection Set: 0.1ms
[2024-01-11T17:46:17.459+0100][2253.679s] GC(128)   Merge Heap Roots: 0.1ms
[2024-01-11T17:46:17.459+0100][2253.679s] GC(128)   Evacuate Collection Set: 2.0ms
[2024-01-11T17:46:17.459+0100][2253.679s] GC(128)   Post Evacuate Collection Set: 0.6ms
[2024-01-11T17:46:17.459+0100][2253.679s] GC(128)   Other: 0.1ms
[2024-01-11T17:46:17.459+0100][2253.679s] GC(128) Eden regions: 294->0(293)
[2024-01-11T17:46:17.459+0100][2253.679s] GC(128) Survivor regions: 13->14(39)
[2024-01-11T17:46:17.459+0100][2253.679s] GC(128) Old regions: 96->96
[2024-01-11T17:46:17.459+0100][2253.679s] GC(128) Archive regions: 0->0
[2024-01-11T17:46:17.459+0100][2253.679s] GC(128) Humongous regions: 4->4
[2024-01-11T17:46:17.459+0100][2253.679s] GC(128) Metaspace: 62930K(63808K)->62930K(63808K) NonClass: 55924K(56448K)->55924K(56448K) Class: 7005K(7360K)->7005K(7360K)
[2024-01-11T17:46:17.459+0100][2253.679s] GC(128) Pause Young (Normal) (G1 Evacuation Pause) 406M->113M(512M) 2.988ms
[2024-01-11T17:46:17.459+0100][2253.679s] GC(128) User=0.00s Sys=0.00s Real=0.00s
[2024-01-11T17:46:18.713+0100][2254.934s] GC(129) Pause Young (Normal) (G1 Evacuation Pause)
[2024-01-11T17:46:18.713+0100][2254.934s] GC(129) Using 10 workers of 10 for evacuation
[2024-01-11T17:46:18.716+0100][2254.938s] GC(129)   Pre Evacuate Collection Set: 0.1ms
[2024-01-11T17:46:18.716+0100][2254.938s] GC(129)   Merge Heap Roots: 0.1ms
[2024-01-11T17:46:18.717+0100][2254.938s] GC(129)   Evacuate Collection Set: 2.4ms
[2024-01-11T17:46:18.717+0100][2254.938s] GC(129)   Post Evacuate Collection Set: 0.5ms
[2024-01-11T17:46:18.717+0100][2254.938s] GC(129)   Other: 0.1ms
[2024-01-11T17:46:18.717+0100][2254.938s] GC(129) Eden regions: 293->0(291)
[2024-01-11T17:46:18.717+0100][2254.938s] GC(129) Survivor regions: 14->16(39)
[2024-01-11T17:46:18.717+0100][2254.938s] GC(129) Old regions: 96->96
[2024-01-11T17:46:18.717+0100][2254.938s] GC(129) Archive regions: 0->0
[2024-01-11T17:46:18.717+0100][2254.938s] GC(129) Humongous regions: 4->4
[2024-01-11T17:46:18.717+0100][2254.938s] GC(129) Metaspace: 62930K(63808K)->62930K(63808K) NonClass: 55924K(56448K)->55924K(56448K) Class: 7005K(7360K)->7005K(7360K)
[2024-01-11T17:46:18.717+0100][2254.938s] GC(129) Pause Young (Normal) (G1 Evacuation Pause) 406M->115M(512M) 3.353ms
[2024-01-11T17:46:18.717+0100][2254.938s] GC(129) User=0.00s Sys=0.00s Real=0.00s
[2024-01-11T17:46:19.940+0100][2256.161s] GC(130) Pause Young (Normal) (G1 Evacuation Pause)
[2024-01-11T17:46:19.940+0100][2256.161s] GC(130) Using 10 workers of 10 for evacuation
[2024-01-11T17:46:19.943+0100][2256.165s] GC(130)   Pre Evacuate Collection Set: 0.1ms
[2024-01-11T17:46:19.943+0100][2256.165s] GC(130)   Merge Heap Roots: 0.2ms
[2024-01-11T17:46:19.943+0100][2256.165s] GC(130)   Evacuate Collection Set: 2.5ms
[2024-01-11T17:46:19.943+0100][2256.165s] GC(130)   Post Evacuate Collection Set: 0.4ms
[2024-01-11T17:46:19.943+0100][2256.165s] GC(130)   Other: 0.1ms
[2024-01-11T17:46:19.943+0100][2256.165s] GC(130) Eden regions: 291->0(290)
[2024-01-11T17:46:19.943+0100][2256.165s] GC(130) Survivor regions: 16->17(39)
[2024-01-11T17:46:19.943+0100][2256.165s] GC(130) Old regions: 96->96
[2024-01-11T17:46:19.943+0100][2256.165s] GC(130) Archive regions: 0->0
[2024-01-11T17:46:19.943+0100][2256.165s] GC(130) Humongous regions: 4->4
[2024-01-11T17:46:19.943+0100][2256.165s] GC(130) Metaspace: 62930K(63808K)->62930K(63808K) NonClass: 55924K(56448K)->55924K(56448K) Class: 7005K(7360K)->7005K(7360K)
[2024-01-11T17:46:19.943+0100][2256.165s] GC(130) Pause Young (Normal) (G1 Evacuation Pause) 406M->116M(512M) 3.492ms
[2024-01-11T17:46:19.943+0100][2256.165s] GC(130) User=0.00s Sys=0.00s Real=0.00s
[2024-01-11T17:46:21.203+0100][2257.424s] GC(131) Pause Young (Normal) (G1 Evacuation Pause)
[2024-01-11T17:46:21.203+0100][2257.424s] GC(131) Using 10 workers of 10 for evacuation
[2024-01-11T17:46:21.207+0100][2257.428s] GC(131)   Pre Evacuate Collection Set: 0.1ms
[2024-01-11T17:46:21.207+0100][2257.428s] GC(131)   Merge Heap Roots: 0.1ms
[2024-01-11T17:46:21.207+0100][2257.428s] GC(131)   Evacuate Collection Set: 2.9ms
[2024-01-11T17:46:21.207+0100][2257.428s] GC(131)   Post Evacuate Collection Set: 0.6ms
[2024-01-11T17:46:21.207+0100][2257.428s] GC(131)   Other: 0.1ms
[2024-01-11T17:46:21.207+0100][2257.428s] GC(131) Eden regions: 290->0(288)
[2024-01-11T17:46:21.207+0100][2257.428s] GC(131) Survivor regions: 17->19(39)
[2024-01-11T17:46:21.207+0100][2257.428s] GC(131) Old regions: 96->96
[2024-01-11T17:46:21.207+0100][2257.428s] GC(131) Archive regions: 0->0
[2024-01-11T17:46:21.207+0100][2257.428s] GC(131) Humongous regions: 4->4
[2024-01-11T17:46:21.207+0100][2257.428s] GC(131) Metaspace: 62930K(63808K)->62930K(63808K) NonClass: 55924K(56448K)->55924K(56448K) Class: 7005K(7360K)->7005K(7360K)
[2024-01-11T17:46:21.207+0100][2257.428s] GC(131) Pause Young (Normal) (G1 Evacuation Pause) 406M->118M(512M) 3.961ms
[2024-01-11T17:46:21.207+0100][2257.428s] GC(131) User=0.00s Sys=0.00s Real=0.00s
[2024-01-11T17:46:22.458+0100][2258.678s] GC(132) Pause Young (Normal) (G1 Evacuation Pause)
[2024-01-11T17:46:22.458+0100][2258.678s] GC(132) Using 10 workers of 10 for evacuation
[2024-01-11T17:46:22.461+0100][2258.682s] GC(132)   Pre Evacuate Collection Set: 0.1ms
[2024-01-11T17:46:22.461+0100][2258.682s] GC(132)   Merge Heap Roots: 0.2ms
[2024-01-11T17:46:22.461+0100][2258.682s] GC(132)   Evacuate Collection Set: 3.1ms
[2024-01-11T17:46:22.461+0100][2258.682s] GC(132)   Post Evacuate Collection Set: 0.5ms
[2024-01-11T17:46:22.461+0100][2258.682s] GC(132)   Other: 0.1ms
[2024-01-11T17:46:22.461+0100][2258.682s] GC(132) Eden regions: 288->0(286)
[2024-01-11T17:46:22.461+0100][2258.682s] GC(132) Survivor regions: 19->21(39)
[2024-01-11T17:46:22.461+0100][2258.682s] GC(132) Old regions: 96->96
[2024-01-11T17:46:22.461+0100][2258.682s] GC(132) Archive regions: 0->0
[2024-01-11T17:46:22.461+0100][2258.682s] GC(132) Humongous regions: 4->4
[2024-01-11T17:46:22.461+0100][2258.682s] GC(132) Metaspace: 62930K(63808K)->62930K(63808K) NonClass: 55924K(56448K)->55924K(56448K) Class: 7005K(7360K)->7005K(7360K)
[2024-01-11T17:46:22.461+0100][2258.682s] GC(132) Pause Young (Normal) (G1 Evacuation Pause) 406M->120M(512M) 4.167ms
[2024-01-11T17:46:22.461+0100][2258.682s] GC(132) User=0.00s Sys=0.00s Real=0.00s
[2024-01-11T17:46:23.689+0100][2259.910s] GC(133) Pause Young (Normal) (G1 Evacuation Pause)
[2024-01-11T17:46:23.689+0100][2259.910s] GC(133) Using 10 workers of 10 for evacuation
[2024-01-11T17:46:23.694+0100][2259.915s] GC(133)   Pre Evacuate Collection Set: 0.1ms
[2024-01-11T17:46:23.694+0100][2259.915s] GC(133)   Merge Heap Roots: 0.1ms
[2024-01-11T17:46:23.694+0100][2259.915s] GC(133)   Evacuate Collection Set: 3.5ms
[2024-01-11T17:46:23.694+0100][2259.915s] GC(133)   Post Evacuate Collection Set: 0.6ms
[2024-01-11T17:46:23.694+0100][2259.915s] GC(133)   Other: 0.1ms
[2024-01-11T17:46:23.694+0100][2259.915s] GC(133) Eden regions: 286->0(284)
[2024-01-11T17:46:23.694+0100][2259.915s] GC(133) Survivor regions: 21->23(39)
[2024-01-11T17:46:23.694+0100][2259.915s] GC(133) Old regions: 96->96
[2024-01-11T17:46:23.694+0100][2259.915s] GC(133) Archive regions: 0->0
[2024-01-11T17:46:23.694+0100][2259.915s] GC(133) Humongous regions: 4->4
[2024-01-11T17:46:23.694+0100][2259.915s] GC(133) Metaspace: 62930K(63808K)->62930K(63808K) NonClass: 55924K(56448K)->55924K(56448K) Class: 7005K(7360K)->7005K(7360K)
[2024-01-11T17:46:23.694+0100][2259.915s] GC(133) Pause Young (Normal) (G1 Evacuation Pause) 406M->122M(512M) 4.603ms
[2024-01-11T17:46:23.694+0100][2259.915s] GC(133) User=0.00s Sys=0.00s Real=0.01s
[2024-01-11T17:46:24.835+0100][2261.056s] GC(134) Pause Young (Normal) (G1 Evacuation Pause)
[2024-01-11T17:46:24.835+0100][2261.056s] GC(134) Using 10 workers of 10 for evacuation
[2024-01-11T17:46:24.840+0100][2261.060s] GC(134)   Pre Evacuate Collection Set: 0.1ms
[2024-01-11T17:46:24.840+0100][2261.060s] GC(134)   Merge Heap Roots: 0.1ms
[2024-01-11T17:46:24.840+0100][2261.060s] GC(134)   Evacuate Collection Set: 3.4ms
[2024-01-11T17:46:24.840+0100][2261.060s] GC(134)   Post Evacuate Collection Set: 0.4ms
[2024-01-11T17:46:24.840+0100][2261.060s] GC(134)   Other: 0.1ms
[2024-01-11T17:46:24.840+0100][2261.060s] GC(134) Eden regions: 284->0(286)
[2024-01-11T17:46:24.840+0100][2261.060s] GC(134) Survivor regions: 23->21(39)
[2024-01-11T17:46:24.840+0100][2261.060s] GC(134) Old regions: 96->100
[2024-01-11T17:46:24.840+0100][2261.060s] GC(134) Archive regions: 0->0
[2024-01-11T17:46:24.840+0100][2261.060s] GC(134) Humongous regions: 4->4
[2024-01-11T17:46:24.840+0100][2261.061s] GC(134) Metaspace: 62930K(63808K)->62930K(63808K) NonClass: 55924K(56448K)->55924K(56448K) Class: 7005K(7360K)->7005K(7360K)
[2024-01-11T17:46:24.840+0100][2261.061s] GC(134) Pause Young (Normal) (G1 Evacuation Pause) 406M->123M(512M) 4.326ms
[2024-01-11T17:46:24.840+0100][2261.061s] GC(134) User=0.00s Sys=0.00s Real=0.00s
[2024-01-11T17:46:26.094+0100][2262.316s] GC(135) Pause Young (Normal) (G1 Evacuation Pause)
[2024-01-11T17:46:26.094+0100][2262.316s] GC(135) Using 10 workers of 10 for evacuation
[2024-01-11T17:46:26.100+0100][2262.320s] GC(135)   Pre Evacuate Collection Set: 0.1ms
[2024-01-11T17:46:26.100+0100][2262.320s] GC(135)   Merge Heap Roots: 0.1ms
[2024-01-11T17:46:26.100+0100][2262.320s] GC(135)   Evacuate Collection Set: 3.2ms
[2024-01-11T17:46:26.100+0100][2262.320s] GC(135)   Post Evacuate Collection Set: 0.5ms
[2024-01-11T17:46:26.100+0100][2262.320s] GC(135)   Other: 0.7ms
[2024-01-11T17:46:26.100+0100][2262.320s] GC(135) Eden regions: 286->0(284)
[2024-01-11T17:46:26.100+0100][2262.320s] GC(135) Survivor regions: 21->23(39)
[2024-01-11T17:46:26.100+0100][2262.320s] GC(135) Old regions: 100->100
[2024-01-11T17:46:26.100+0100][2262.321s] GC(135) Archive regions: 0->0
[2024-01-11T17:46:26.100+0100][2262.321s] GC(135) Humongous regions: 4->4
[2024-01-11T17:46:26.100+0100][2262.321s] GC(135) Metaspace: 62930K(63808K)->62930K(63808K) NonClass: 55924K(56448K)->55924K(56448K) Class: 7005K(7360K)->7005K(7360K)
[2024-01-11T17:46:26.100+0100][2262.321s] GC(135) Pause Young (Normal) (G1 Evacuation Pause) 409M->125M(512M) 4.911ms
[2024-01-11T17:46:26.100+0100][2262.321s] GC(135) User=0.00s Sys=0.00s Real=0.01s
[2024-01-11T17:46:27.359+0100][2263.580s] GC(136) Pause Young (Normal) (G1 Evacuation Pause)
[2024-01-11T17:46:27.359+0100][2263.580s] GC(136) Using 10 workers of 10 for evacuation
[2024-01-11T17:46:27.363+0100][2263.584s] GC(136)   Pre Evacuate Collection Set: 0.1ms
[2024-01-11T17:46:27.364+0100][2263.584s] GC(136)   Merge Heap Roots: 0.1ms
[2024-01-11T17:46:27.364+0100][2263.584s] GC(136)   Evacuate Collection Set: 3.6ms
[2024-01-11T17:46:27.364+0100][2263.584s] GC(136)   Post Evacuate Collection Set: 0.5ms
[2024-01-11T17:46:27.364+0100][2263.584s] GC(136)   Other: 0.1ms
[2024-01-11T17:46:27.364+0100][2263.584s] GC(136) Eden regions: 284->0(285)
[2024-01-11T17:46:27.364+0100][2263.584s] GC(136) Survivor regions: 23->22(39)
[2024-01-11T17:46:27.364+0100][2263.584s] GC(136) Old regions: 100->101
[2024-01-11T17:46:27.364+0100][2263.584s] GC(136) Archive regions: 0->0
[2024-01-11T17:46:27.364+0100][2263.584s] GC(136) Humongous regions: 4->4
[2024-01-11T17:46:27.364+0100][2263.584s] GC(136) Metaspace: 62930K(63808K)->62930K(63808K) NonClass: 55924K(56448K)->55924K(56448K) Class: 7005K(7360K)->7005K(7360K)
[2024-01-11T17:46:27.364+0100][2263.584s] GC(136) Pause Young (Normal) (G1 Evacuation Pause) 409M->126M(512M) 4.644ms
[2024-01-11T17:46:27.364+0100][2263.584s] GC(136) User=0.16s Sys=0.00s Real=0.01s
[2024-01-11T17:46:28.560+0100][2264.781s] GC(137) Pause Young (Normal) (G1 Evacuation Pause)
[2024-01-11T17:46:28.560+0100][2264.781s] GC(137) Using 10 workers of 10 for evacuation
[2024-01-11T17:46:28.564+0100][2264.785s] GC(137)   Pre Evacuate Collection Set: 0.1ms
[2024-01-11T17:46:28.564+0100][2264.785s] GC(137)   Merge Heap Roots: 0.1ms
[2024-01-11T17:46:28.564+0100][2264.785s] GC(137)   Evacuate Collection Set: 3.6ms
[2024-01-11T17:46:28.564+0100][2264.785s] GC(137)   Post Evacuate Collection Set: 0.4ms
[2024-01-11T17:46:28.564+0100][2264.785s] GC(137)   Other: 0.1ms
[2024-01-11T17:46:28.564+0100][2264.785s] GC(137) Eden regions: 285->0(285)
[2024-01-11T17:46:28.564+0100][2264.785s] GC(137) Survivor regions: 22->22(39)
[2024-01-11T17:46:28.564+0100][2264.785s] GC(137) Old regions: 101->103
[2024-01-11T17:46:28.564+0100][2264.785s] GC(137) Archive regions: 0->0
[2024-01-11T17:46:28.564+0100][2264.785s] GC(137) Humongous regions: 4->4
[2024-01-11T17:46:28.564+0100][2264.785s] GC(137) Metaspace: 62930K(63808K)->62930K(63808K) NonClass: 55925K(56448K)->55925K(56448K) Class: 7005K(7360K)->7005K(7360K)
[2024-01-11T17:46:28.564+0100][2264.785s] GC(137) Pause Young (Normal) (G1 Evacuation Pause) 411M->128M(512M) 4.492ms
[2024-01-11T17:46:28.564+0100][2264.786s] GC(137) User=0.16s Sys=0.00s Real=0.00s
[2024-01-11T17:46:29.759+0100][2265.981s] GC(138) Pause Young (Normal) (G1 Evacuation Pause)
[2024-01-11T17:46:29.760+0100][2265.981s] GC(138) Using 10 workers of 10 for evacuation
[2024-01-11T17:46:29.764+0100][2265.985s] GC(138)   Pre Evacuate Collection Set: 0.1ms
[2024-01-11T17:46:29.764+0100][2265.986s] GC(138)   Merge Heap Roots: 0.1ms
[2024-01-11T17:46:29.764+0100][2265.986s] GC(138)   Evacuate Collection Set: 3.9ms
[2024-01-11T17:46:29.764+0100][2265.986s] GC(138)   Post Evacuate Collection Set: 0.7ms
[2024-01-11T17:46:29.764+0100][2265.986s] GC(138)   Other: 0.1ms
[2024-01-11T17:46:29.764+0100][2265.986s] GC(138) Eden regions: 285->0(283)
[2024-01-11T17:46:29.764+0100][2265.986s] GC(138) Survivor regions: 22->24(39)
[2024-01-11T17:46:29.764+0100][2265.986s] GC(138) Old regions: 103->105
[2024-01-11T17:46:29.764+0100][2265.986s] GC(138) Archive regions: 0->0
[2024-01-11T17:46:29.765+0100][2265.986s] GC(138) Humongous regions: 4->4
[2024-01-11T17:46:29.765+0100][2265.986s] GC(138) Metaspace: 62930K(63808K)->62930K(63808K) NonClass: 55925K(56448K)->55925K(56448K) Class: 7005K(7360K)->7005K(7360K)
[2024-01-11T17:46:29.765+0100][2265.986s] GC(138) Pause Young (Normal) (G1 Evacuation Pause) 413M->132M(512M) 5.139ms
[2024-01-11T17:46:29.765+0100][2265.986s] GC(138) User=0.00s Sys=0.00s Real=0.01s
[2024-01-11T17:46:30.896+0100][2267.117s] GC(139) Pause Young (Normal) (G1 Evacuation Pause)
[2024-01-11T17:46:30.896+0100][2267.117s] GC(139) Using 10 workers of 10 for evacuation
[2024-01-11T17:46:30.901+0100][2267.122s] GC(139)   Pre Evacuate Collection Set: 0.1ms
[2024-01-11T17:46:30.901+0100][2267.122s] GC(139)   Merge Heap Roots: 0.1ms
[2024-01-11T17:46:30.901+0100][2267.122s] GC(139)   Evacuate Collection Set: 4.0ms
[2024-01-11T17:46:30.901+0100][2267.122s] GC(139)   Post Evacuate Collection Set: 0.6ms
[2024-01-11T17:46:30.901+0100][2267.122s] GC(139)   Other: 0.1ms
[2024-01-11T17:46:30.901+0100][2267.122s] GC(139) Eden regions: 283->0(284)
[2024-01-11T17:46:30.901+0100][2267.122s] GC(139) Survivor regions: 24->23(39)
[2024-01-11T17:46:30.901+0100][2267.122s] GC(139) Old regions: 105->108
[2024-01-11T17:46:30.901+0100][2267.122s] GC(139) Archive regions: 0->0
[2024-01-11T17:46:30.901+0100][2267.122s] GC(139) Humongous regions: 4->4
[2024-01-11T17:46:30.901+0100][2267.122s] GC(139) Metaspace: 62930K(63808K)->62930K(63808K) NonClass: 55925K(56448K)->55925K(56448K) Class: 7005K(7360K)->7005K(7360K)
[2024-01-11T17:46:30.901+0100][2267.122s] GC(139) Pause Young (Normal) (G1 Evacuation Pause) 415M->134M(512M) 5.123ms
[2024-01-11T17:46:30.901+0100][2267.122s] GC(139) User=0.00s Sys=0.00s Real=0.01s
[2024-01-11T17:46:32.136+0100][2268.357s] GC(140) Pause Young (Normal) (G1 Evacuation Pause)
[2024-01-11T17:46:32.136+0100][2268.357s] GC(140) Using 10 workers of 10 for evacuation
[2024-01-11T17:46:32.140+0100][2268.361s] GC(140)   Pre Evacuate Collection Set: 0.1ms
[2024-01-11T17:46:32.140+0100][2268.361s] GC(140)   Merge Heap Roots: 0.1ms
[2024-01-11T17:46:32.140+0100][2268.361s] GC(140)   Evacuate Collection Set: 3.3ms
[2024-01-11T17:46:32.140+0100][2268.361s] GC(140)   Post Evacuate Collection Set: 0.5ms
[2024-01-11T17:46:32.140+0100][2268.361s] GC(140)   Other: 0.1ms
[2024-01-11T17:46:32.140+0100][2268.361s] GC(140) Eden regions: 284->0(286)
[2024-01-11T17:46:32.140+0100][2268.361s] GC(140) Survivor regions: 23->21(39)
[2024-01-11T17:46:32.140+0100][2268.361s] GC(140) Old regions: 108->110
[2024-01-11T17:46:32.140+0100][2268.361s] GC(140) Archive regions: 0->0
[2024-01-11T17:46:32.140+0100][2268.361s] GC(140) Humongous regions: 4->4
[2024-01-11T17:46:32.140+0100][2268.361s] GC(140) Metaspace: 62930K(63808K)->62930K(63808K) NonClass: 55925K(56448K)->55925K(56448K) Class: 7005K(7360K)->7005K(7360K)
[2024-01-11T17:46:32.140+0100][2268.361s] GC(140) Pause Young (Normal) (G1 Evacuation Pause) 418M->133M(512M) 4.314ms
[2024-01-11T17:46:32.140+0100][2268.361s] GC(140) User=0.00s Sys=0.00s Real=0.00s
[2024-01-11T17:46:33.351+0100][2269.572s] GC(141) Pause Young (Normal) (G1 Evacuation Pause)
[2024-01-11T17:46:33.351+0100][2269.572s] GC(141) Using 10 workers of 10 for evacuation
[2024-01-11T17:46:33.355+0100][2269.576s] GC(141)   Pre Evacuate Collection Set: 0.1ms
[2024-01-11T17:46:33.355+0100][2269.576s] GC(141)   Merge Heap Roots: 0.1ms
[2024-01-11T17:46:33.355+0100][2269.576s] GC(141)   Evacuate Collection Set: 3.5ms
[2024-01-11T17:46:33.355+0100][2269.576s] GC(141)   Post Evacuate Collection Set: 0.5ms
[2024-01-11T17:46:33.355+0100][2269.576s] GC(141)   Other: 0.1ms
[2024-01-11T17:46:33.355+0100][2269.576s] GC(141) Eden regions: 286->0(286)
[2024-01-11T17:46:33.355+0100][2269.576s] GC(141) Survivor regions: 21->21(39)
[2024-01-11T17:46:33.355+0100][2269.576s] GC(141) Old regions: 110->110
[2024-01-11T17:46:33.355+0100][2269.576s] GC(141) Archive regions: 0->0
[2024-01-11T17:46:33.355+0100][2269.576s] GC(141) Humongous regions: 4->4
[2024-01-11T17:46:33.355+0100][2269.576s] GC(141) Metaspace: 62930K(63808K)->62930K(63808K) NonClass: 55925K(56448K)->55925K(56448K) Class: 7005K(7360K)->7005K(7360K)
[2024-01-11T17:46:33.355+0100][2269.576s] GC(141) Pause Young (Normal) (G1 Evacuation Pause) 419M->134M(512M) 4.365ms
[2024-01-11T17:46:33.355+0100][2269.576s] GC(141) User=0.00s Sys=0.00s Real=0.00s
[2024-01-11T17:46:34.602+0100][2270.822s] GC(142) Pause Young (Normal) (G1 Evacuation Pause)
[2024-01-11T17:46:34.602+0100][2270.822s] GC(142) Using 10 workers of 10 for evacuation
[2024-01-11T17:46:34.606+0100][2270.827s] GC(142)   Pre Evacuate Collection Set: 0.1ms
[2024-01-11T17:46:34.606+0100][2270.827s] GC(142)   Merge Heap Roots: 0.1ms
[2024-01-11T17:46:34.606+0100][2270.827s] GC(142)   Evacuate Collection Set: 3.5ms
[2024-01-11T17:46:34.606+0100][2270.827s] GC(142)   Post Evacuate Collection Set: 0.5ms
[2024-01-11T17:46:34.606+0100][2270.827s] GC(142)   Other: 0.1ms
[2024-01-11T17:46:34.606+0100][2270.827s] GC(142) Eden regions: 286->0(284)
[2024-01-11T17:46:34.606+0100][2270.827s] GC(142) Survivor regions: 21->23(39)
[2024-01-11T17:46:34.606+0100][2270.827s] GC(142) Old regions: 110->112
[2024-01-11T17:46:34.606+0100][2270.827s] GC(142) Archive regions: 0->0
[2024-01-11T17:46:34.606+0100][2270.827s] GC(142) Humongous regions: 4->4
[2024-01-11T17:46:34.606+0100][2270.827s] GC(142) Metaspace: 62937K(63808K)->62937K(63808K) NonClass: 55932K(56448K)->55932K(56448K) Class: 7005K(7360K)->7005K(7360K)
[2024-01-11T17:46:34.606+0100][2270.827s] GC(142) Pause Young (Normal) (G1 Evacuation Pause) 420M->138M(512M) 4.616ms
[2024-01-11T17:46:34.606+0100][2270.827s] GC(142) User=0.00s Sys=0.00s Real=0.00s
[2024-01-11T17:46:35.822+0100][2272.043s] GC(143) Pause Young (Normal) (G1 Evacuation Pause)
[2024-01-11T17:46:35.822+0100][2272.043s] GC(143) Using 10 workers of 10 for evacuation
[2024-01-11T17:46:35.827+0100][2272.048s] GC(143)   Pre Evacuate Collection Set: 0.1ms
[2024-01-11T17:46:35.827+0100][2272.048s] GC(143)   Merge Heap Roots: 0.1ms
[2024-01-11T17:46:35.827+0100][2272.048s] GC(143)   Evacuate Collection Set: 3.4ms
[2024-01-11T17:46:35.827+0100][2272.048s] GC(143)   Post Evacuate Collection Set: 1.2ms
[2024-01-11T17:46:35.827+0100][2272.048s] GC(143)   Other: 0.1ms
[2024-01-11T17:46:35.827+0100][2272.048s] GC(143) Eden regions: 284->0(285)
[2024-01-11T17:46:35.827+0100][2272.048s] GC(143) Survivor regions: 23->22(39)
[2024-01-11T17:46:35.827+0100][2272.048s] GC(143) Old regions: 112->113
[2024-01-11T17:46:35.827+0100][2272.048s] GC(143) Archive regions: 0->0
[2024-01-11T17:46:35.827+0100][2272.048s] GC(143) Humongous regions: 4->4
[2024-01-11T17:46:35.827+0100][2272.048s] GC(143) Metaspace: 63018K(63872K)->63018K(63872K) NonClass: 56012K(56512K)->56012K(56512K) Class: 7006K(7360K)->7006K(7360K)
[2024-01-11T17:46:35.827+0100][2272.048s] GC(143) Pause Young (Normal) (G1 Evacuation Pause) 422M->138M(512M) 5.095ms
[2024-01-11T17:46:35.827+0100][2272.048s] GC(143) User=0.00s Sys=0.00s Real=0.00s
[2024-01-11T17:46:36.986+0100][2273.207s] GC(144) Pause Young (Normal) (G1 Evacuation Pause)
[2024-01-11T17:46:36.986+0100][2273.207s] GC(144) Using 10 workers of 10 for evacuation
[2024-01-11T17:46:36.990+0100][2273.211s] GC(144)   Pre Evacuate Collection Set: 0.1ms
[2024-01-11T17:46:36.990+0100][2273.211s] GC(144)   Merge Heap Roots: 0.1ms
[2024-01-11T17:46:36.990+0100][2273.211s] GC(144)   Evacuate Collection Set: 3.5ms
[2024-01-11T17:46:36.990+0100][2273.211s] GC(144)   Post Evacuate Collection Set: 0.6ms
[2024-01-11T17:46:36.990+0100][2273.212s] GC(144)   Other: 0.1ms
[2024-01-11T17:46:36.990+0100][2273.212s] GC(144) Eden regions: 285->0(285)
[2024-01-11T17:46:36.990+0100][2273.212s] GC(144) Survivor regions: 22->22(39)
[2024-01-11T17:46:36.990+0100][2273.212s] GC(144) Old regions: 113->115
[2024-01-11T17:46:36.990+0100][2273.212s] GC(144) Archive regions: 0->0
[2024-01-11T17:46:36.990+0100][2273.212s] GC(144) Humongous regions: 4->4
[2024-01-11T17:46:36.990+0100][2273.212s] GC(144) Metaspace: 63018K(63872K)->63018K(63872K) NonClass: 56012K(56512K)->56012K(56512K) Class: 7006K(7360K)->7006K(7360K)
[2024-01-11T17:46:36.990+0100][2273.212s] GC(144) Pause Young (Normal) (G1 Evacuation Pause) 423M->140M(512M) 4.717ms
[2024-01-11T17:46:36.990+0100][2273.212s] GC(144) User=0.00s Sys=0.00s Real=0.00s
[2024-01-11T17:46:38.159+0100][2274.381s] GC(145) Pause Young (Concurrent Start) (G1 Evacuation Pause)
[2024-01-11T17:46:38.159+0100][2274.381s] GC(145) Using 10 workers of 10 for evacuation
[2024-01-11T17:46:38.163+0100][2274.385s] GC(145)   Pre Evacuate Collection Set: 0.1ms
[2024-01-11T17:46:38.164+0100][2274.385s] GC(145)   Merge Heap Roots: 0.1ms
[2024-01-11T17:46:38.164+0100][2274.385s] GC(145)   Evacuate Collection Set: 3.4ms
[2024-01-11T17:46:38.164+0100][2274.385s] GC(145)   Post Evacuate Collection Set: 0.5ms
[2024-01-11T17:46:38.164+0100][2274.385s] GC(145)   Other: 0.1ms
[2024-01-11T17:46:38.164+0100][2274.385s] GC(145) Eden regions: 285->0(284)
[2024-01-11T17:46:38.164+0100][2274.385s] GC(145) Survivor regions: 22->23(39)
[2024-01-11T17:46:38.164+0100][2274.385s] GC(145) Old regions: 115->117
[2024-01-11T17:46:38.164+0100][2274.385s] GC(145) Archive regions: 0->0
[2024-01-11T17:46:38.164+0100][2274.385s] GC(145) Humongous regions: 4->4
[2024-01-11T17:46:38.164+0100][2274.385s] GC(145) Metaspace: 63018K(63872K)->63018K(63872K) NonClass: 56012K(56512K)->56012K(56512K) Class: 7006K(7360K)->7006K(7360K)
[2024-01-11T17:46:38.164+0100][2274.385s] GC(145) Pause Young (Concurrent Start) (G1 Evacuation Pause) 425M->142M(512M) 4.395ms
[2024-01-11T17:46:38.164+0100][2274.385s] GC(146) Concurrent Mark Cycle
[2024-01-11T17:46:38.164+0100][2274.385s] GC(145) User=0.00s Sys=0.00s Real=0.01s
[2024-01-11T17:46:38.164+0100][2274.385s] GC(146) Concurrent Clear Claimed Marks
[2024-01-11T17:46:38.164+0100][2274.385s] GC(146) Concurrent Clear Claimed Marks 0.133ms
[2024-01-11T17:46:38.164+0100][2274.385s] GC(146) Concurrent Scan Root Regions
[2024-01-11T17:46:38.165+0100][2274.386s] GC(146) Concurrent Scan Root Regions 1.109ms
[2024-01-11T17:46:38.165+0100][2274.386s] GC(146) Concurrent Mark
[2024-01-11T17:46:38.165+0100][2274.386s] GC(146) Concurrent Mark From Roots
[2024-01-11T17:46:38.165+0100][2274.386s] GC(146) Using 3 workers of 3 for marking
[2024-01-11T17:46:38.187+0100][2274.408s] GC(146) Concurrent Mark From Roots 21.830ms
[2024-01-11T17:46:38.187+0100][2274.408s] GC(146) Concurrent Preclean
[2024-01-11T17:46:38.187+0100][2274.408s] GC(146) Concurrent Preclean 0.164ms
[2024-01-11T17:46:38.187+0100][2274.409s] GC(146) Pause Remark
[2024-01-11T17:46:38.192+0100][2274.413s] GC(146) Pause Remark 145M->145M(512M) 4.652ms
[2024-01-11T17:46:38.192+0100][2274.413s] GC(146) User=0.00s Sys=0.00s Real=0.00s
[2024-01-11T17:46:38.192+0100][2274.413s] GC(146) Concurrent Mark 26.952ms
[2024-01-11T17:46:38.192+0100][2274.413s] GC(146) Concurrent Rebuild Remembered Sets
[2024-01-11T17:46:38.205+0100][2274.427s] GC(146) Concurrent Rebuild Remembered Sets 13.270ms
[2024-01-11T17:46:38.205+0100][2274.427s] GC(146) Pause Cleanup
[2024-01-11T17:46:38.206+0100][2274.427s] GC(146) Pause Cleanup 148M->148M(512M) 0.169ms
[2024-01-11T17:46:38.206+0100][2274.427s] GC(146) User=0.00s Sys=0.00s Real=0.00s
[2024-01-11T17:46:38.206+0100][2274.427s] GC(146) Concurrent Cleanup for Next Mark
[2024-01-11T17:46:38.207+0100][2274.428s] GC(146) Concurrent Cleanup for Next Mark 0.783ms
[2024-01-11T17:46:38.207+0100][2274.428s] GC(146) Concurrent Mark Cycle 42.805ms
[2024-01-11T17:46:38.433+0100][2274.654s] GC(147) Pause Young (Concurrent Start) (CodeCache GC Threshold)
[2024-01-11T17:46:38.433+0100][2274.654s] GC(147) Using 10 workers of 10 for evacuation
[2024-01-11T17:46:38.437+0100][2274.659s] GC(147)   Pre Evacuate Collection Set: 0.1ms
[2024-01-11T17:46:38.437+0100][2274.659s] GC(147)   Merge Heap Roots: 0.1ms
[2024-01-11T17:46:38.437+0100][2274.659s] GC(147)   Evacuate Collection Set: 3.5ms
[2024-01-11T17:46:38.437+0100][2274.659s] GC(147)   Post Evacuate Collection Set: 0.4ms
[2024-01-11T17:46:38.437+0100][2274.659s] GC(147)   Other: 0.1ms
[2024-01-11T17:46:38.437+0100][2274.659s] GC(147) Eden regions: 56->0(286)
[2024-01-11T17:46:38.437+0100][2274.659s] GC(147) Survivor regions: 23->21(39)
[2024-01-11T17:46:38.437+0100][2274.659s] GC(147) Old regions: 117->118
[2024-01-11T17:46:38.438+0100][2274.659s] GC(147) Archive regions: 0->0
[2024-01-11T17:46:38.438+0100][2274.659s] GC(147) Humongous regions: 4->4
[2024-01-11T17:46:38.438+0100][2274.659s] GC(147) Metaspace: 63018K(63872K)->63018K(63872K) NonClass: 56012K(56512K)->56012K(56512K) Class: 7006K(7360K)->7006K(7360K)
[2024-01-11T17:46:38.438+0100][2274.659s] GC(147) Pause Young (Concurrent Start) (CodeCache GC Threshold) 198M->142M(512M) 4.535ms
[2024-01-11T17:46:38.438+0100][2274.659s] GC(148) Concurrent Mark Cycle
[2024-01-11T17:46:38.438+0100][2274.659s] GC(147) User=0.16s Sys=0.00s Real=0.00s
[2024-01-11T17:46:38.438+0100][2274.659s] GC(148) Concurrent Clear Claimed Marks
[2024-01-11T17:46:38.438+0100][2274.659s] GC(148) Concurrent Clear Claimed Marks 0.122ms
[2024-01-11T17:46:38.438+0100][2274.659s] GC(148) Concurrent Scan Root Regions
[2024-01-11T17:46:38.439+0100][2274.661s] GC(148) Concurrent Scan Root Regions 1.561ms
[2024-01-11T17:46:38.439+0100][2274.661s] GC(148) Concurrent Mark
[2024-01-11T17:46:38.439+0100][2274.661s] GC(148) Concurrent Mark From Roots
[2024-01-11T17:46:38.439+0100][2274.661s] GC(148) Using 3 workers of 3 for marking
[2024-01-11T17:46:38.470+0100][2274.692s] GC(148) Concurrent Mark From Roots 30.809ms
[2024-01-11T17:46:38.470+0100][2274.692s] GC(148) Concurrent Preclean
[2024-01-11T17:46:38.471+0100][2274.692s] GC(148) Concurrent Preclean 0.231ms
[2024-01-11T17:46:38.471+0100][2274.692s] GC(148) Pause Remark
[2024-01-11T17:46:38.476+0100][2274.697s] GC(148) Pause Remark 149M->149M(512M) 5.412ms
[2024-01-11T17:46:38.476+0100][2274.697s] GC(148) User=0.00s Sys=0.00s Real=0.01s
[2024-01-11T17:46:38.476+0100][2274.698s] GC(148) Concurrent Mark 36.823ms
[2024-01-11T17:46:38.476+0100][2274.698s] GC(148) Concurrent Rebuild Remembered Sets
[2024-01-11T17:46:38.491+0100][2274.712s] GC(148) Concurrent Rebuild Remembered Sets 14.113ms
[2024-01-11T17:46:38.491+0100][2274.712s] GC(148) Pause Cleanup
[2024-01-11T17:46:38.491+0100][2274.712s] GC(148) Pause Cleanup 152M->152M(512M) 0.173ms
[2024-01-11T17:46:38.491+0100][2274.712s] GC(148) User=0.00s Sys=0.00s Real=0.00s
[2024-01-11T17:46:38.491+0100][2274.712s] GC(148) Concurrent Cleanup for Next Mark
[2024-01-11T17:46:38.492+0100][2274.713s] GC(148) Concurrent Cleanup for Next Mark 0.875ms
[2024-01-11T17:46:38.492+0100][2274.713s] GC(148) Concurrent Mark Cycle 54.055ms
[2024-01-11T17:46:39.716+0100][2275.937s] GC(149) Pause Young (Prepare Mixed) (G1 Evacuation Pause)
[2024-01-11T17:46:39.716+0100][2275.937s] GC(149) Using 10 workers of 10 for evacuation
[2024-01-11T17:46:39.720+0100][2275.941s] GC(149)   Pre Evacuate Collection Set: 0.1ms
[2024-01-11T17:46:39.720+0100][2275.941s] GC(149)   Merge Heap Roots: 0.1ms
[2024-01-11T17:46:39.720+0100][2275.941s] GC(149)   Evacuate Collection Set: 3.0ms
[2024-01-11T17:46:39.720+0100][2275.941s] GC(149)   Post Evacuate Collection Set: 0.5ms
[2024-01-11T17:46:39.720+0100][2275.941s] GC(149)   Other: 0.1ms
[2024-01-11T17:46:39.720+0100][2275.941s] GC(149) Eden regions: 286->0(2)
[2024-01-11T17:46:39.720+0100][2275.941s] GC(149) Survivor regions: 21->23(39)
[2024-01-11T17:46:39.720+0100][2275.941s] GC(149) Old regions: 118->118
[2024-01-11T17:46:39.720+0100][2275.941s] GC(149) Archive regions: 0->0
[2024-01-11T17:46:39.720+0100][2275.941s] GC(149) Humongous regions: 4->4
[2024-01-11T17:46:39.720+0100][2275.941s] GC(149) Metaspace: 63018K(63872K)->63018K(63872K) NonClass: 56012K(56512K)->56012K(56512K) Class: 7006K(7360K)->7006K(7360K)
[2024-01-11T17:46:39.720+0100][2275.941s] GC(149) Pause Young (Prepare Mixed) (G1 Evacuation Pause) 428M->144M(512M) 3.992ms
[2024-01-11T17:46:39.720+0100][2275.941s] GC(149) User=0.16s Sys=0.00s Real=0.00s
[2024-01-11T17:46:39.736+0100][2275.957s] GC(150) Pause Young (Mixed) (G1 Evacuation Pause)
[2024-01-11T17:46:39.736+0100][2275.957s] GC(150) Using 10 workers of 10 for evacuation
[2024-01-11T17:46:39.739+0100][2275.961s] GC(150)   Pre Evacuate Collection Set: 0.1ms
[2024-01-11T17:46:39.739+0100][2275.961s] GC(150)   Merge Heap Roots: 0.1ms
[2024-01-11T17:46:39.739+0100][2275.961s] GC(150)   Evacuate Collection Set: 3.2ms
[2024-01-11T17:46:39.739+0100][2275.961s] GC(150)   Post Evacuate Collection Set: 0.3ms
[2024-01-11T17:46:39.739+0100][2275.961s] GC(150)   Other: 0.1ms
[2024-01-11T17:46:39.739+0100][2275.961s] GC(150) Eden regions: 2->0(306)
[2024-01-11T17:46:39.739+0100][2275.961s] GC(150) Survivor regions: 23->1(4)
[2024-01-11T17:46:39.739+0100][2275.961s] GC(150) Old regions: 118->135
[2024-01-11T17:46:39.739+0100][2275.961s] GC(150) Archive regions: 0->0
[2024-01-11T17:46:39.739+0100][2275.961s] GC(150) Humongous regions: 4->4
[2024-01-11T17:46:39.739+0100][2275.961s] GC(150) Metaspace: 63018K(63872K)->63018K(63872K) NonClass: 56012K(56512K)->56012K(56512K) Class: 7006K(7360K)->7006K(7360K)
[2024-01-11T17:46:39.739+0100][2275.961s] GC(150) Pause Young (Mixed) (G1 Evacuation Pause) 146M->138M(512M) 3.924ms
[2024-01-11T17:46:39.739+0100][2275.961s] GC(150) User=0.00s Sys=0.00s Real=0.00s
[2024-01-11T17:46:41.013+0100][2277.234s] GC(151) Pause Young (Normal) (G1 Evacuation Pause)
[2024-01-11T17:46:41.013+0100][2277.234s] GC(151) Using 10 workers of 10 for evacuation
[2024-01-11T17:46:41.014+0100][2277.235s] GC(151)   Pre Evacuate Collection Set: 0.1ms
[2024-01-11T17:46:41.014+0100][2277.235s] GC(151)   Merge Heap Roots: 0.1ms
[2024-01-11T17:46:41.014+0100][2277.235s] GC(151)   Evacuate Collection Set: 0.5ms
[2024-01-11T17:46:41.014+0100][2277.235s] GC(151)   Post Evacuate Collection Set: 0.3ms
[2024-01-11T17:46:41.014+0100][2277.235s] GC(151)   Other: 0.1ms
[2024-01-11T17:46:41.014+0100][2277.235s] GC(151) Eden regions: 306->0(303)
[2024-01-11T17:46:41.014+0100][2277.235s] GC(151) Survivor regions: 1->4(39)
[2024-01-11T17:46:41.014+0100][2277.235s] GC(151) Old regions: 135->135
[2024-01-11T17:46:41.014+0100][2277.235s] GC(151) Archive regions: 0->0
[2024-01-11T17:46:41.014+0100][2277.235s] GC(151) Humongous regions: 4->4
[2024-01-11T17:46:41.014+0100][2277.235s] GC(151) Metaspace: 63021K(63872K)->63021K(63872K) NonClass: 56015K(56512K)->56015K(56512K) Class: 7006K(7360K)->7006K(7360K)
[2024-01-11T17:46:41.014+0100][2277.235s] GC(151) Pause Young (Normal) (G1 Evacuation Pause) 444M->141M(512M) 1.186ms
[2024-01-11T17:46:41.014+0100][2277.235s] GC(151) User=0.00s Sys=0.00s Real=0.00s
[2024-01-11T17:50:25.671+0100][2501.892s] GC(152) Pause Young (Normal) (G1 Evacuation Pause)
[2024-01-11T17:50:25.671+0100][2501.892s] GC(152) Using 10 workers of 10 for evacuation
[2024-01-11T17:50:25.673+0100][2501.894s] GC(152)   Pre Evacuate Collection Set: 0.1ms
[2024-01-11T17:50:25.673+0100][2501.894s] GC(152)   Merge Heap Roots: 0.1ms
[2024-01-11T17:50:25.673+0100][2501.894s] GC(152)   Evacuate Collection Set: 1.6ms
[2024-01-11T17:50:25.673+0100][2501.894s] GC(152)   Post Evacuate Collection Set: 0.4ms
[2024-01-11T17:50:25.673+0100][2501.894s] GC(152)   Other: 0.1ms
[2024-01-11T17:50:25.673+0100][2501.894s] GC(152) Eden regions: 303->0(301)
[2024-01-11T17:50:25.673+0100][2501.894s] GC(152) Survivor regions: 4->6(39)
[2024-01-11T17:50:25.673+0100][2501.894s] GC(152) Old regions: 135->135
[2024-01-11T17:50:25.673+0100][2501.894s] GC(152) Archive regions: 0->0
[2024-01-11T17:50:25.673+0100][2501.894s] GC(152) Humongous regions: 4->4
[2024-01-11T17:50:25.673+0100][2501.894s] GC(152) Metaspace: 63215K(63936K)->63215K(63936K) NonClass: 56205K(56576K)->56205K(56576K) Class: 7010K(7360K)->7010K(7360K)
[2024-01-11T17:50:25.673+0100][2501.894s] GC(152) Pause Young (Normal) (G1 Evacuation Pause) 444M->143M(512M) 2.398ms
[2024-01-11T17:50:25.673+0100][2501.894s] GC(152) User=0.16s Sys=0.00s Real=0.00s
[2024-01-11T17:50:26.972+0100][2503.193s] GC(153) Pause Young (Concurrent Start) (G1 Evacuation Pause)
[2024-01-11T17:50:26.972+0100][2503.193s] GC(153) Using 10 workers of 10 for evacuation
[2024-01-11T17:50:26.974+0100][2503.194s] GC(153)   Pre Evacuate Collection Set: 0.2ms
[2024-01-11T17:50:26.974+0100][2503.194s] GC(153)   Merge Heap Roots: 0.1ms
[2024-01-11T17:50:26.974+0100][2503.195s] GC(153)   Evacuate Collection Set: 1.2ms
[2024-01-11T17:50:26.974+0100][2503.195s] GC(153)   Post Evacuate Collection Set: 0.3ms
[2024-01-11T17:50:26.974+0100][2503.195s] GC(153)   Other: 0.1ms
[2024-01-11T17:50:26.974+0100][2503.195s] GC(153) Eden regions: 301->0(300)
[2024-01-11T17:50:26.974+0100][2503.195s] GC(153) Survivor regions: 6->7(39)
[2024-01-11T17:50:26.974+0100][2503.195s] GC(153) Old regions: 135->135
[2024-01-11T17:50:26.974+0100][2503.195s] GC(153) Archive regions: 0->0
[2024-01-11T17:50:26.974+0100][2503.195s] GC(153) Humongous regions: 4->4
[2024-01-11T17:50:26.974+0100][2503.195s] GC(153) Metaspace: 63215K(63936K)->63215K(63936K) NonClass: 56205K(56576K)->56205K(56576K) Class: 7010K(7360K)->7010K(7360K)
[2024-01-11T17:50:26.974+0100][2503.195s] GC(153) Pause Young (Concurrent Start) (G1 Evacuation Pause) 444M->144M(512M) 2.045ms
[2024-01-11T17:50:26.974+0100][2503.195s] GC(154) Concurrent Mark Cycle
[2024-01-11T17:50:26.974+0100][2503.195s] GC(153) User=0.00s Sys=0.00s Real=0.00s
[2024-01-11T17:50:26.974+0100][2503.195s] GC(154) Concurrent Clear Claimed Marks
[2024-01-11T17:50:26.974+0100][2503.195s] GC(154) Concurrent Clear Claimed Marks 0.088ms
[2024-01-11T17:50:26.974+0100][2503.195s] GC(154) Concurrent Scan Root Regions
[2024-01-11T17:50:26.975+0100][2503.196s] GC(154) Concurrent Scan Root Regions 0.751ms
[2024-01-11T17:50:26.975+0100][2503.196s] GC(154) Concurrent Mark
[2024-01-11T17:50:26.975+0100][2503.196s] GC(154) Concurrent Mark From Roots
[2024-01-11T17:50:26.975+0100][2503.196s] GC(154) Using 3 workers of 3 for marking
[2024-01-11T17:50:26.994+0100][2503.214s] GC(154) Concurrent Mark From Roots 18.558ms
[2024-01-11T17:50:26.994+0100][2503.214s] GC(154) Concurrent Preclean
[2024-01-11T17:50:26.994+0100][2503.214s] GC(154) Concurrent Preclean 0.176ms
[2024-01-11T17:50:26.994+0100][2503.214s] GC(154) Pause Remark
[2024-01-11T17:50:26.999+0100][2503.220s] GC(154) Pause Remark 147M->147M(512M) 5.352ms
[2024-01-11T17:50:26.999+0100][2503.220s] GC(154) User=0.00s Sys=0.00s Real=0.01s
[2024-01-11T17:50:26.999+0100][2503.220s] GC(154) Concurrent Mark 24.456ms
[2024-01-11T17:50:26.999+0100][2503.220s] GC(154) Concurrent Rebuild Remembered Sets
[2024-01-11T17:50:27.010+0100][2503.231s] GC(154) Concurrent Rebuild Remembered Sets 11.002ms
[2024-01-11T17:50:27.010+0100][2503.231s] GC(154) Pause Cleanup
[2024-01-11T17:50:27.010+0100][2503.231s] GC(154) Pause Cleanup 149M->149M(512M) 0.151ms
[2024-01-11T17:50:27.010+0100][2503.231s] GC(154) User=0.00s Sys=0.00s Real=0.00s
[2024-01-11T17:50:27.010+0100][2503.231s] GC(154) Concurrent Cleanup for Next Mark
[2024-01-11T17:50:27.011+0100][2503.233s] GC(154) Concurrent Cleanup for Next Mark 1.154ms
[2024-01-11T17:50:27.011+0100][2503.233s] GC(154) Concurrent Mark Cycle 38.040ms
[2024-01-11T17:50:27.249+0100][2503.470s] GC(155) Pause Young (Concurrent Start) (CodeCache GC Threshold)
[2024-01-11T17:50:27.249+0100][2503.470s] GC(155) Using 10 workers of 10 for evacuation
[2024-01-11T17:50:27.251+0100][2503.472s] GC(155)   Pre Evacuate Collection Set: 0.1ms
[2024-01-11T17:50:27.251+0100][2503.472s] GC(155)   Merge Heap Roots: 0.1ms
[2024-01-11T17:50:27.251+0100][2503.472s] GC(155)   Evacuate Collection Set: 1.0ms
[2024-01-11T17:50:27.251+0100][2503.472s] GC(155)   Post Evacuate Collection Set: 0.5ms
[2024-01-11T17:50:27.251+0100][2503.472s] GC(155)   Other: 0.1ms
[2024-01-11T17:50:27.251+0100][2503.472s] GC(155) Eden regions: 56->0(302)
[2024-01-11T17:50:27.251+0100][2503.472s] GC(155) Survivor regions: 7->5(39)
[2024-01-11T17:50:27.251+0100][2503.472s] GC(155) Old regions: 134->134
[2024-01-11T17:50:27.251+0100][2503.472s] GC(155) Archive regions: 0->0
[2024-01-11T17:50:27.251+0100][2503.472s] GC(155) Humongous regions: 4->4
[2024-01-11T17:50:27.251+0100][2503.472s] GC(155) Metaspace: 63215K(63936K)->63215K(63936K) NonClass: 56205K(56576K)->56205K(56576K) Class: 7010K(7360K)->7010K(7360K)
[2024-01-11T17:50:27.251+0100][2503.472s] GC(155) Pause Young (Concurrent Start) (CodeCache GC Threshold) 199M->142M(512M) 2.137ms
[2024-01-11T17:50:27.251+0100][2503.472s] GC(156) Concurrent Mark Cycle
[2024-01-11T17:50:27.251+0100][2503.472s] GC(155) User=0.16s Sys=0.00s Real=0.00s
[2024-01-11T17:50:27.251+0100][2503.472s] GC(156) Concurrent Clear Claimed Marks
[2024-01-11T17:50:27.251+0100][2503.472s] GC(156) Concurrent Clear Claimed Marks 0.103ms
[2024-01-11T17:50:27.251+0100][2503.472s] GC(156) Concurrent Scan Root Regions
[2024-01-11T17:50:27.252+0100][2503.473s] GC(156) Concurrent Scan Root Regions 0.685ms
[2024-01-11T17:50:27.252+0100][2503.473s] GC(156) Concurrent Mark
[2024-01-11T17:50:27.252+0100][2503.473s] GC(156) Concurrent Mark From Roots
[2024-01-11T17:50:27.252+0100][2503.473s] GC(156) Using 3 workers of 3 for marking
[2024-01-11T17:50:27.273+0100][2503.495s] GC(156) Concurrent Mark From Roots 21.653ms
[2024-01-11T17:50:27.273+0100][2503.495s] GC(156) Concurrent Preclean
[2024-01-11T17:50:27.274+0100][2503.495s] GC(156) Concurrent Preclean 0.228ms
[2024-01-11T17:50:27.274+0100][2503.495s] GC(156) Pause Remark
[2024-01-11T17:50:27.280+0100][2503.500s] GC(156) Pause Remark 147M->147M(512M) 5.012ms
[2024-01-11T17:50:27.280+0100][2503.500s] GC(156) User=0.00s Sys=0.00s Real=0.01s
[2024-01-11T17:50:27.280+0100][2503.500s] GC(156) Concurrent Mark 27.260ms
[2024-01-11T17:50:27.280+0100][2503.500s] GC(156) Concurrent Rebuild Remembered Sets
[2024-01-11T17:50:27.289+0100][2503.510s] GC(156) Concurrent Rebuild Remembered Sets 9.546ms
[2024-01-11T17:50:27.289+0100][2503.510s] GC(156) Pause Cleanup
[2024-01-11T17:50:27.290+0100][2503.510s] GC(156) Pause Cleanup 148M->148M(512M) 0.137ms
[2024-01-11T17:50:27.290+0100][2503.510s] GC(156) User=0.00s Sys=0.00s Real=0.00s
[2024-01-11T17:50:27.290+0100][2503.510s] GC(156) Concurrent Cleanup for Next Mark
[2024-01-11T17:50:27.290+0100][2503.511s] GC(156) Concurrent Cleanup for Next Mark 0.621ms
[2024-01-11T17:50:27.290+0100][2503.511s] GC(156) Concurrent Mark Cycle 38.737ms
[2024-01-11T17:50:28.575+0100][2504.796s] GC(157) Pause Young (Prepare Mixed) (G1 Evacuation Pause)
[2024-01-11T17:50:28.575+0100][2504.796s] GC(157) Using 10 workers of 10 for evacuation
[2024-01-11T17:50:28.577+0100][2504.798s] GC(157)   Pre Evacuate Collection Set: 0.1ms
[2024-01-11T17:50:28.577+0100][2504.798s] GC(157)   Merge Heap Roots: 0.1ms
[2024-01-11T17:50:28.577+0100][2504.798s] GC(157)   Evacuate Collection Set: 1.1ms
[2024-01-11T17:50:28.577+0100][2504.798s] GC(157)   Post Evacuate Collection Set: 0.6ms
[2024-01-11T17:50:28.577+0100][2504.798s] GC(157)   Other: 0.1ms
[2024-01-11T17:50:28.577+0100][2504.798s] GC(157) Eden regions: 302->0(18)
[2024-01-11T17:50:28.577+0100][2504.798s] GC(157) Survivor regions: 5->7(39)
[2024-01-11T17:50:28.577+0100][2504.798s] GC(157) Old regions: 134->134
[2024-01-11T17:50:28.577+0100][2504.798s] GC(157) Archive regions: 0->0
[2024-01-11T17:50:28.577+0100][2504.798s] GC(157) Humongous regions: 4->4
[2024-01-11T17:50:28.577+0100][2504.798s] GC(157) Metaspace: 63215K(63936K)->63215K(63936K) NonClass: 56205K(56576K)->56205K(56576K) Class: 7010K(7360K)->7010K(7360K)
[2024-01-11T17:50:28.577+0100][2504.798s] GC(157) Pause Young (Prepare Mixed) (G1 Evacuation Pause) 444M->144M(512M) 2.237ms
[2024-01-11T17:50:28.577+0100][2504.798s] GC(157) User=0.00s Sys=0.00s Real=0.00s
[2024-01-11T17:50:28.642+0100][2504.863s] GC(158) Pause Young (Mixed) (G1 Evacuation Pause)
[2024-01-11T17:50:28.642+0100][2504.863s] GC(158) Using 10 workers of 10 for evacuation
[2024-01-11T17:50:28.644+0100][2504.864s] GC(158)   Pre Evacuate Collection Set: 0.1ms
[2024-01-11T17:50:28.644+0100][2504.864s] GC(158)   Merge Heap Roots: 0.1ms
[2024-01-11T17:50:28.644+0100][2504.864s] GC(158)   Evacuate Collection Set: 1.1ms
[2024-01-11T17:50:28.644+0100][2504.864s] GC(158)   Post Evacuate Collection Set: 0.4ms
[2024-01-11T17:50:28.644+0100][2504.864s] GC(158)   Other: 0.1ms
[2024-01-11T17:50:28.644+0100][2504.864s] GC(158) Eden regions: 18->0(24)
[2024-01-11T17:50:28.644+0100][2504.864s] GC(158) Survivor regions: 7->1(4)
[2024-01-11T17:50:28.644+0100][2504.864s] GC(158) Old regions: 134->89
[2024-01-11T17:50:28.644+0100][2504.864s] GC(158) Archive regions: 0->0
[2024-01-11T17:50:28.644+0100][2504.864s] GC(158) Humongous regions: 4->4
[2024-01-11T17:50:28.644+0100][2504.864s] GC(158) Metaspace: 63215K(63936K)->63215K(63936K) NonClass: 56205K(56576K)->56205K(56576K) Class: 7010K(7360K)->7010K(7360K)
[2024-01-11T17:50:28.644+0100][2504.865s] GC(158) Pause Young (Mixed) (G1 Evacuation Pause) 162M->93M(512M) 1.974ms
[2024-01-11T17:50:28.644+0100][2504.865s] GC(158) User=0.00s Sys=0.00s Real=0.00s
[2024-01-11T17:50:28.763+0100][2504.984s] GC(159) Pause Young (Mixed) (G1 Evacuation Pause)
[2024-01-11T17:50:28.763+0100][2504.984s] GC(159) Using 10 workers of 10 for evacuation
[2024-01-11T17:50:28.764+0100][2504.985s] GC(159)   Pre Evacuate Collection Set: 0.1ms
[2024-01-11T17:50:28.764+0100][2504.985s] GC(159)   Merge Heap Roots: 0.1ms
[2024-01-11T17:50:28.764+0100][2504.985s] GC(159)   Evacuate Collection Set: 0.4ms
[2024-01-11T17:50:28.764+0100][2504.985s] GC(159)   Post Evacuate Collection Set: 0.3ms
[2024-01-11T17:50:28.764+0100][2504.985s] GC(159)   Other: 0.1ms
[2024-01-11T17:50:28.764+0100][2504.985s] GC(159) Eden regions: 24->0(306)
[2024-01-11T17:50:28.764+0100][2504.985s] GC(159) Survivor regions: 1->1(4)
[2024-01-11T17:50:28.764+0100][2504.986s] GC(159) Old regions: 89->71
[2024-01-11T17:50:28.764+0100][2504.986s] GC(159) Archive regions: 0->0
[2024-01-11T17:50:28.764+0100][2504.986s] GC(159) Humongous regions: 4->4
[2024-01-11T17:50:28.764+0100][2504.986s] GC(159) Metaspace: 63215K(63936K)->63215K(63936K) NonClass: 56205K(56576K)->56205K(56576K) Class: 7010K(7360K)->7010K(7360K)
[2024-01-11T17:50:28.764+0100][2504.986s] GC(159) Pause Young (Mixed) (G1 Evacuation Pause) 117M->75M(512M) 1.220ms
[2024-01-11T17:50:28.764+0100][2504.986s] GC(159) User=0.00s Sys=0.00s Real=0.00s
[2024-01-11T17:50:30.097+0100][2506.317s] GC(160) Pause Young (Normal) (G1 Evacuation Pause)
[2024-01-11T17:50:30.097+0100][2506.317s] GC(160) Using 10 workers of 10 for evacuation
[2024-01-11T17:50:30.098+0100][2506.319s] GC(160)   Pre Evacuate Collection Set: 0.1ms
[2024-01-11T17:50:30.098+0100][2506.319s] GC(160)   Merge Heap Roots: 0.1ms
[2024-01-11T17:50:30.098+0100][2506.319s] GC(160)   Evacuate Collection Set: 0.6ms
[2024-01-11T17:50:30.098+0100][2506.319s] GC(160)   Post Evacuate Collection Set: 0.4ms
[2024-01-11T17:50:30.098+0100][2506.319s] GC(160)   Other: 0.1ms
[2024-01-11T17:50:30.098+0100][2506.319s] GC(160) Eden regions: 306->0(303)
[2024-01-11T17:50:30.098+0100][2506.319s] GC(160) Survivor regions: 1->4(39)
[2024-01-11T17:50:30.098+0100][2506.319s] GC(160) Old regions: 71->71
[2024-01-11T17:50:30.098+0100][2506.319s] GC(160) Archive regions: 0->0
[2024-01-11T17:50:30.098+0100][2506.319s] GC(160) Humongous regions: 4->4
[2024-01-11T17:50:30.098+0100][2506.319s] GC(160) Metaspace: 63215K(63936K)->63215K(63936K) NonClass: 56205K(56576K)->56205K(56576K) Class: 7010K(7360K)->7010K(7360K)
[2024-01-11T17:50:30.098+0100][2506.319s] GC(160) Pause Young (Normal) (G1 Evacuation Pause) 381M->78M(512M) 1.492ms
[2024-01-11T17:50:30.098+0100][2506.319s] GC(160) User=0.00s Sys=0.00s Real=0.00s
[2024-01-11T17:50:31.365+0100][2507.585s] GC(161) Pause Young (Normal) (G1 Evacuation Pause)
[2024-01-11T17:50:31.365+0100][2507.586s] GC(161) Using 10 workers of 10 for evacuation
[2024-01-11T17:50:31.367+0100][2507.587s] GC(161)   Pre Evacuate Collection Set: 0.1ms
[2024-01-11T17:50:31.367+0100][2507.587s] GC(161)   Merge Heap Roots: 0.1ms
[2024-01-11T17:50:31.367+0100][2507.587s] GC(161)   Evacuate Collection Set: 0.8ms
[2024-01-11T17:50:31.367+0100][2507.587s] GC(161)   Post Evacuate Collection Set: 0.5ms
[2024-01-11T17:50:31.367+0100][2507.587s] GC(161)   Other: 0.1ms
[2024-01-11T17:50:31.367+0100][2507.587s] GC(161) Eden regions: 303->0(302)
[2024-01-11T17:50:31.367+0100][2507.587s] GC(161) Survivor regions: 4->5(39)
[2024-01-11T17:50:31.367+0100][2507.587s] GC(161) Old regions: 71->71
[2024-01-11T17:50:31.367+0100][2507.587s] GC(161) Archive regions: 0->0
[2024-01-11T17:50:31.367+0100][2507.587s] GC(161) Humongous regions: 4->4
[2024-01-11T17:50:31.367+0100][2507.587s] GC(161) Metaspace: 63215K(63936K)->63215K(63936K) NonClass: 56205K(56576K)->56205K(56576K) Class: 7010K(7360K)->7010K(7360K)
[2024-01-11T17:50:31.367+0100][2507.587s] GC(161) Pause Young (Normal) (G1 Evacuation Pause) 381M->79M(512M) 1.721ms
[2024-01-11T17:50:31.367+0100][2507.587s] GC(161) User=0.00s Sys=0.00s Real=0.00s
[2024-01-11T17:50:32.676+0100][2508.896s] GC(162) Pause Young (Normal) (G1 Evacuation Pause)
[2024-01-11T17:50:32.676+0100][2508.896s] GC(162) Using 10 workers of 10 for evacuation
[2024-01-11T17:50:32.677+0100][2508.898s] GC(162)   Pre Evacuate Collection Set: 0.1ms
[2024-01-11T17:50:32.677+0100][2508.898s] GC(162)   Merge Heap Roots: 0.1ms
[2024-01-11T17:50:32.677+0100][2508.898s] GC(162)   Evacuate Collection Set: 0.9ms
[2024-01-11T17:50:32.677+0100][2508.898s] GC(162)   Post Evacuate Collection Set: 0.4ms
[2024-01-11T17:50:32.677+0100][2508.898s] GC(162)   Other: 0.1ms
[2024-01-11T17:50:32.677+0100][2508.898s] GC(162) Eden regions: 302->0(300)
[2024-01-11T17:50:32.677+0100][2508.898s] GC(162) Survivor regions: 5->7(39)
[2024-01-11T17:50:32.677+0100][2508.898s] GC(162) Old regions: 71->71
[2024-01-11T17:50:32.677+0100][2508.898s] GC(162) Archive regions: 0->0
[2024-01-11T17:50:32.677+0100][2508.898s] GC(162) Humongous regions: 4->4
[2024-01-11T17:50:32.678+0100][2508.898s] GC(162) Metaspace: 63215K(63936K)->63215K(63936K) NonClass: 56205K(56576K)->56205K(56576K) Class: 7010K(7360K)->7010K(7360K)
[2024-01-11T17:50:32.678+0100][2508.898s] GC(162) Pause Young (Normal) (G1 Evacuation Pause) 381M->81M(512M) 1.794ms
[2024-01-11T17:50:32.678+0100][2508.898s] GC(162) User=0.00s Sys=0.00s Real=0.00s
[2024-01-11T17:50:33.986+0100][2510.207s] GC(163) Pause Young (Normal) (G1 Evacuation Pause)
[2024-01-11T17:50:33.986+0100][2510.207s] GC(163) Using 10 workers of 10 for evacuation
[2024-01-11T17:50:33.988+0100][2510.209s] GC(163)   Pre Evacuate Collection Set: 0.1ms
[2024-01-11T17:50:33.988+0100][2510.209s] GC(163)   Merge Heap Roots: 0.1ms
[2024-01-11T17:50:33.988+0100][2510.209s] GC(163)   Evacuate Collection Set: 1.0ms
[2024-01-11T17:50:33.988+0100][2510.209s] GC(163)   Post Evacuate Collection Set: 0.5ms
[2024-01-11T17:50:33.988+0100][2510.209s] GC(163)   Other: 0.1ms
[2024-01-11T17:50:33.988+0100][2510.209s] GC(163) Eden regions: 300->0(299)
[2024-01-11T17:50:33.988+0100][2510.209s] GC(163) Survivor regions: 7->8(39)
[2024-01-11T17:50:33.988+0100][2510.209s] GC(163) Old regions: 71->71
[2024-01-11T17:50:33.988+0100][2510.209s] GC(163) Archive regions: 0->0
[2024-01-11T17:50:33.988+0100][2510.209s] GC(163) Humongous regions: 4->4
[2024-01-11T17:50:33.988+0100][2510.209s] GC(163) Metaspace: 63221K(63936K)->63221K(63936K) NonClass: 56211K(56576K)->56211K(56576K) Class: 7010K(7360K)->7010K(7360K)
[2024-01-11T17:50:33.988+0100][2510.209s] GC(163) Pause Young (Normal) (G1 Evacuation Pause) 381M->82M(512M) 1.944ms
[2024-01-11T17:50:33.988+0100][2510.209s] GC(163) User=0.00s Sys=0.00s Real=0.00s
[2024-01-11T17:50:35.286+0100][2511.507s] GC(164) Pause Young (Normal) (G1 Evacuation Pause)
[2024-01-11T17:50:35.286+0100][2511.507s] GC(164) Using 10 workers of 10 for evacuation
[2024-01-11T17:50:35.288+0100][2511.509s] GC(164)   Pre Evacuate Collection Set: 0.1ms
[2024-01-11T17:50:35.288+0100][2511.509s] GC(164)   Merge Heap Roots: 0.1ms
[2024-01-11T17:50:35.288+0100][2511.509s] GC(164)   Evacuate Collection Set: 1.3ms
[2024-01-11T17:50:35.288+0100][2511.509s] GC(164)   Post Evacuate Collection Set: 0.5ms
[2024-01-11T17:50:35.288+0100][2511.509s] GC(164)   Other: 0.1ms
[2024-01-11T17:50:35.288+0100][2511.509s] GC(164) Eden regions: 299->0(296)
[2024-01-11T17:50:35.288+0100][2511.509s] GC(164) Survivor regions: 8->11(39)
[2024-01-11T17:50:35.288+0100][2511.509s] GC(164) Old regions: 71->71
[2024-01-11T17:50:35.288+0100][2511.509s] GC(164) Archive regions: 0->0
[2024-01-11T17:50:35.288+0100][2511.509s] GC(164) Humongous regions: 4->4
[2024-01-11T17:50:35.288+0100][2511.509s] GC(164) Metaspace: 63221K(63936K)->63221K(63936K) NonClass: 56211K(56576K)->56211K(56576K) Class: 7010K(7360K)->7010K(7360K)
[2024-01-11T17:50:35.288+0100][2511.509s] GC(164) Pause Young (Normal) (G1 Evacuation Pause) 381M->85M(512M) 2.230ms
[2024-01-11T17:50:35.288+0100][2511.509s] GC(164) User=0.00s Sys=0.00s Real=0.00s
[2024-01-11T17:50:36.638+0100][2512.859s] GC(165) Pause Young (Normal) (G1 Evacuation Pause)
[2024-01-11T17:50:36.638+0100][2512.859s] GC(165) Using 10 workers of 10 for evacuation
[2024-01-11T17:50:36.641+0100][2512.862s] GC(165)   Pre Evacuate Collection Set: 0.1ms
[2024-01-11T17:50:36.641+0100][2512.862s] GC(165)   Merge Heap Roots: 0.1ms
[2024-01-11T17:50:36.641+0100][2512.862s] GC(165)   Evacuate Collection Set: 1.9ms
[2024-01-11T17:50:36.641+0100][2512.862s] GC(165)   Post Evacuate Collection Set: 0.5ms
[2024-01-11T17:50:36.641+0100][2512.862s] GC(165)   Other: 0.1ms
[2024-01-11T17:50:36.641+0100][2512.862s] GC(165) Eden regions: 296->0(295)
[2024-01-11T17:50:36.641+0100][2512.862s] GC(165) Survivor regions: 11->12(39)
[2024-01-11T17:50:36.641+0100][2512.862s] GC(165) Old regions: 71->71
[2024-01-11T17:50:36.641+0100][2512.862s] GC(165) Archive regions: 0->0
[2024-01-11T17:50:36.641+0100][2512.862s] GC(165) Humongous regions: 4->4
[2024-01-11T17:50:36.641+0100][2512.862s] GC(165) Metaspace: 63221K(63936K)->63221K(63936K) NonClass: 56211K(56576K)->56211K(56576K) Class: 7010K(7360K)->7010K(7360K)
[2024-01-11T17:50:36.641+0100][2512.862s] GC(165) Pause Young (Normal) (G1 Evacuation Pause) 381M->86M(512M) 3.004ms
[2024-01-11T17:50:36.641+0100][2512.862s] GC(165) User=0.17s Sys=0.00s Real=0.00s
[2024-01-11T17:50:36.738+0100][2512.958s] GC(166) Pause Young (Concurrent Start) (CodeCache GC Threshold)
[2024-01-11T17:50:36.738+0100][2512.958s] GC(166) Using 10 workers of 10 for evacuation
[2024-01-11T17:50:36.740+0100][2512.961s] GC(166)   Pre Evacuate Collection Set: 0.2ms
[2024-01-11T17:50:36.740+0100][2512.961s] GC(166)   Merge Heap Roots: 0.1ms
[2024-01-11T17:50:36.740+0100][2512.961s] GC(166)   Evacuate Collection Set: 1.6ms
[2024-01-11T17:50:36.740+0100][2512.961s] GC(166)   Post Evacuate Collection Set: 0.3ms
[2024-01-11T17:50:36.740+0100][2512.961s] GC(166)   Other: 0.1ms
[2024-01-11T17:50:36.740+0100][2512.961s] GC(166) Eden regions: 34->0(295)
[2024-01-11T17:50:36.740+0100][2512.961s] GC(166) Survivor regions: 12->12(39)
[2024-01-11T17:50:36.740+0100][2512.961s] GC(166) Old regions: 71->71
[2024-01-11T17:50:36.740+0100][2512.961s] GC(166) Archive regions: 0->0
[2024-01-11T17:50:36.740+0100][2512.961s] GC(166) Humongous regions: 4->4
[2024-01-11T17:50:36.740+0100][2512.961s] GC(166) Metaspace: 63221K(63936K)->63221K(63936K) NonClass: 56211K(56576K)->56211K(56576K) Class: 7010K(7360K)->7010K(7360K)
[2024-01-11T17:50:36.740+0100][2512.961s] GC(166) Pause Young (Concurrent Start) (CodeCache GC Threshold) 120M->86M(512M) 2.468ms
[2024-01-11T17:50:36.740+0100][2512.961s] GC(167) Concurrent Mark Cycle
[2024-01-11T17:50:36.740+0100][2512.961s] GC(166) User=0.00s Sys=0.00s Real=0.00s
[2024-01-11T17:50:36.740+0100][2512.961s] GC(167) Concurrent Clear Claimed Marks
[2024-01-11T17:50:36.740+0100][2512.961s] GC(167) Concurrent Clear Claimed Marks 0.105ms
[2024-01-11T17:50:36.740+0100][2512.961s] GC(167) Concurrent Scan Root Regions
[2024-01-11T17:50:36.741+0100][2512.962s] GC(167) Concurrent Scan Root Regions 1.319ms
[2024-01-11T17:50:36.741+0100][2512.962s] GC(167) Concurrent Mark
[2024-01-11T17:50:36.741+0100][2512.962s] GC(167) Concurrent Mark From Roots
[2024-01-11T17:50:36.741+0100][2512.962s] GC(167) Using 3 workers of 3 for marking
[2024-01-11T17:50:36.765+0100][2512.986s] GC(167) Concurrent Mark From Roots 23.421ms
[2024-01-11T17:50:36.765+0100][2512.986s] GC(167) Concurrent Preclean
[2024-01-11T17:50:36.765+0100][2512.986s] GC(167) Concurrent Preclean 0.320ms
[2024-01-11T17:50:36.765+0100][2512.986s] GC(167) Pause Remark
[2024-01-11T17:50:36.770+0100][2512.991s] GC(167) Pause Remark 91M->91M(512M) 4.461ms
[2024-01-11T17:50:36.770+0100][2512.991s] GC(167) User=0.02s Sys=0.00s Real=0.00s
[2024-01-11T17:50:36.770+0100][2512.991s] GC(167) Concurrent Mark 28.661ms
[2024-01-11T17:50:36.771+0100][2512.991s] GC(167) Concurrent Rebuild Remembered Sets
[2024-01-11T17:50:36.783+0100][2513.003s] GC(167) Concurrent Rebuild Remembered Sets 12.332ms
[2024-01-11T17:50:36.783+0100][2513.004s] GC(167) Pause Cleanup
[2024-01-11T17:50:36.783+0100][2513.004s] GC(167) Pause Cleanup 93M->93M(512M) 0.166ms
[2024-01-11T17:50:36.783+0100][2513.004s] GC(167) User=0.00s Sys=0.00s Real=0.00s
[2024-01-11T17:50:36.783+0100][2513.004s] GC(167) Concurrent Cleanup for Next Mark
[2024-01-11T17:50:36.784+0100][2513.005s] GC(167) Concurrent Cleanup for Next Mark 0.774ms
[2024-01-11T17:50:36.784+0100][2513.005s] GC(167) Concurrent Mark Cycle 43.793ms
[2024-01-11T17:50:38.005+0100][2514.226s] GC(168) Pause Young (Prepare Mixed) (G1 Evacuation Pause)
[2024-01-11T17:50:38.005+0100][2514.226s] GC(168) Using 10 workers of 10 for evacuation
[2024-01-11T17:50:38.008+0100][2514.228s] GC(168)   Pre Evacuate Collection Set: 0.1ms
[2024-01-11T17:50:38.008+0100][2514.228s] GC(168)   Merge Heap Roots: 0.1ms
[2024-01-11T17:50:38.008+0100][2514.228s] GC(168)   Evacuate Collection Set: 2.0ms
[2024-01-11T17:50:38.008+0100][2514.228s] GC(168)   Post Evacuate Collection Set: 0.5ms
[2024-01-11T17:50:38.008+0100][2514.228s] GC(168)   Other: 0.1ms
[2024-01-11T17:50:38.008+0100][2514.228s] GC(168) Eden regions: 295->0(11)
[2024-01-11T17:50:38.008+0100][2514.229s] GC(168) Survivor regions: 12->14(39)
[2024-01-11T17:50:38.008+0100][2514.229s] GC(168) Old regions: 71->71
[2024-01-11T17:50:38.008+0100][2514.229s] GC(168) Archive regions: 0->0
[2024-01-11T17:50:38.008+0100][2514.229s] GC(168) Humongous regions: 4->4
[2024-01-11T17:50:38.008+0100][2514.229s] GC(168) Metaspace: 63221K(63936K)->63221K(63936K) NonClass: 56211K(56576K)->56211K(56576K) Class: 7010K(7360K)->7010K(7360K)
[2024-01-11T17:50:38.008+0100][2514.229s] GC(168) Pause Young (Prepare Mixed) (G1 Evacuation Pause) 381M->88M(512M) 3.004ms
[2024-01-11T17:50:38.008+0100][2514.229s] GC(168) User=0.00s Sys=0.00s Real=0.00s
[2024-01-11T17:50:38.054+0100][2514.276s] GC(169) Pause Young (Mixed) (G1 Evacuation Pause)
[2024-01-11T17:50:38.054+0100][2514.276s] GC(169) Using 10 workers of 10 for evacuation
[2024-01-11T17:50:38.057+0100][2514.278s] GC(169)   Pre Evacuate Collection Set: 0.1ms
[2024-01-11T17:50:38.057+0100][2514.278s] GC(169)   Merge Heap Roots: 0.1ms
[2024-01-11T17:50:38.057+0100][2514.278s] GC(169)   Evacuate Collection Set: 1.9ms
[2024-01-11T17:50:38.057+0100][2514.278s] GC(169)   Post Evacuate Collection Set: 0.4ms
[2024-01-11T17:50:38.057+0100][2514.278s] GC(169)   Other: 0.1ms
[2024-01-11T17:50:38.057+0100][2514.278s] GC(169) Eden regions: 11->0(306)
[2024-01-11T17:50:38.057+0100][2514.278s] GC(169) Survivor regions: 14->1(4)
[2024-01-11T17:50:38.057+0100][2514.278s] GC(169) Old regions: 71->80
[2024-01-11T17:50:38.057+0100][2514.278s] GC(169) Archive regions: 0->0
[2024-01-11T17:50:38.057+0100][2514.278s] GC(169) Humongous regions: 4->4
[2024-01-11T17:50:38.057+0100][2514.278s] GC(169) Metaspace: 63221K(63936K)->63221K(63936K) NonClass: 56211K(56576K)->56211K(56576K) Class: 7010K(7360K)->7010K(7360K)
[2024-01-11T17:50:38.057+0100][2514.278s] GC(169) Pause Young (Mixed) (G1 Evacuation Pause) 99M->83M(512M) 2.858ms
[2024-01-11T17:50:38.057+0100][2514.279s] GC(169) User=0.00s Sys=0.00s Real=0.00s
[2024-01-11T17:50:39.414+0100][2515.635s] GC(170) Pause Young (Normal) (G1 Evacuation Pause)
[2024-01-11T17:50:39.414+0100][2515.635s] GC(170) Using 10 workers of 10 for evacuation
[2024-01-11T17:50:39.415+0100][2515.636s] GC(170)   Pre Evacuate Collection Set: 0.1ms
[2024-01-11T17:50:39.415+0100][2515.636s] GC(170)   Merge Heap Roots: 0.1ms
[2024-01-11T17:50:39.415+0100][2515.636s] GC(170)   Evacuate Collection Set: 0.6ms
[2024-01-11T17:50:39.415+0100][2515.636s] GC(170)   Post Evacuate Collection Set: 0.3ms
[2024-01-11T17:50:39.415+0100][2515.636s] GC(170)   Other: 0.1ms
[2024-01-11T17:50:39.415+0100][2515.636s] GC(170) Eden regions: 306->0(303)
[2024-01-11T17:50:39.415+0100][2515.636s] GC(170) Survivor regions: 1->4(39)
[2024-01-11T17:50:39.415+0100][2515.636s] GC(170) Old regions: 80->80
[2024-01-11T17:50:39.415+0100][2515.636s] GC(170) Archive regions: 0->0
[2024-01-11T17:50:39.415+0100][2515.636s] GC(170) Humongous regions: 4->4
[2024-01-11T17:50:39.415+0100][2515.636s] GC(170) Metaspace: 63221K(63936K)->63221K(63936K) NonClass: 56211K(56576K)->56211K(56576K) Class: 7010K(7360K)->7010K(7360K)
[2024-01-11T17:50:39.415+0100][2515.636s] GC(170) Pause Young (Normal) (G1 Evacuation Pause) 389M->86M(512M) 1.391ms
[2024-01-11T17:50:39.415+0100][2515.636s] GC(170) User=0.00s Sys=0.00s Real=0.00s
[2024-01-11T17:50:40.719+0100][2516.940s] GC(171) Pause Young (Normal) (G1 Evacuation Pause)
[2024-01-11T17:50:40.719+0100][2516.940s] GC(171) Using 10 workers of 10 for evacuation
[2024-01-11T17:50:40.720+0100][2516.941s] GC(171)   Pre Evacuate Collection Set: 0.1ms
[2024-01-11T17:50:40.720+0100][2516.941s] GC(171)   Merge Heap Roots: 0.1ms
[2024-01-11T17:50:40.720+0100][2516.941s] GC(171)   Evacuate Collection Set: 0.7ms
[2024-01-11T17:50:40.720+0100][2516.941s] GC(171)   Post Evacuate Collection Set: 0.4ms
[2024-01-11T17:50:40.720+0100][2516.941s] GC(171)   Other: 0.1ms
[2024-01-11T17:50:40.720+0100][2516.941s] GC(171) Eden regions: 303->0(301)
[2024-01-11T17:50:40.720+0100][2516.941s] GC(171) Survivor regions: 4->6(39)
[2024-01-11T17:50:40.720+0100][2516.941s] GC(171) Old regions: 80->80
[2024-01-11T17:50:40.720+0100][2516.941s] GC(171) Archive regions: 0->0
[2024-01-11T17:50:40.720+0100][2516.941s] GC(171) Humongous regions: 4->4
[2024-01-11T17:50:40.720+0100][2516.941s] GC(171) Metaspace: 63223K(63936K)->63223K(63936K) NonClass: 56213K(56576K)->56213K(56576K) Class: 7010K(7360K)->7010K(7360K)
[2024-01-11T17:50:40.720+0100][2516.941s] GC(171) Pause Young (Normal) (G1 Evacuation Pause) 389M->88M(512M) 1.577ms
[2024-01-11T17:50:40.720+0100][2516.941s] GC(171) User=0.00s Sys=0.00s Real=0.00s
[2024-01-11T17:50:41.986+0100][2518.206s] GC(172) Pause Young (Normal) (G1 Evacuation Pause)
[2024-01-11T17:50:41.986+0100][2518.206s] GC(172) Using 10 workers of 10 for evacuation
[2024-01-11T17:50:41.987+0100][2518.208s] GC(172)   Pre Evacuate Collection Set: 0.1ms
[2024-01-11T17:50:41.987+0100][2518.208s] GC(172)   Merge Heap Roots: 0.1ms
[2024-01-11T17:50:41.987+0100][2518.208s] GC(172)   Evacuate Collection Set: 1.0ms
[2024-01-11T17:50:41.987+0100][2518.208s] GC(172)   Post Evacuate Collection Set: 0.4ms
[2024-01-11T17:50:41.987+0100][2518.208s] GC(172)   Other: 0.1ms
[2024-01-11T17:50:41.987+0100][2518.208s] GC(172) Eden regions: 301->0(300)
[2024-01-11T17:50:41.987+0100][2518.208s] GC(172) Survivor regions: 6->7(39)
[2024-01-11T17:50:41.987+0100][2518.208s] GC(172) Old regions: 80->80
[2024-01-11T17:50:41.987+0100][2518.208s] GC(172) Archive regions: 0->0
[2024-01-11T17:50:41.987+0100][2518.208s] GC(172) Humongous regions: 4->4
[2024-01-11T17:50:41.987+0100][2518.208s] GC(172) Metaspace: 63238K(63936K)->63238K(63936K) NonClass: 56227K(56576K)->56227K(56576K) Class: 7010K(7360K)->7010K(7360K)
[2024-01-11T17:50:41.987+0100][2518.208s] GC(172) Pause Young (Normal) (G1 Evacuation Pause) 389M->90M(512M) 1.789ms
[2024-01-11T17:50:41.987+0100][2518.208s] GC(172) User=0.00s Sys=0.00s Real=0.00s
[2024-01-11T17:50:43.221+0100][2519.442s] GC(173) Pause Young (Normal) (G1 Evacuation Pause)
[2024-01-11T17:50:43.221+0100][2519.442s] GC(173) Using 10 workers of 10 for evacuation
[2024-01-11T17:50:43.223+0100][2519.444s] GC(173)   Pre Evacuate Collection Set: 0.1ms
[2024-01-11T17:50:43.223+0100][2519.444s] GC(173)   Merge Heap Roots: 0.1ms
[2024-01-11T17:50:43.223+0100][2519.444s] GC(173)   Evacuate Collection Set: 1.2ms
[2024-01-11T17:50:43.223+0100][2519.444s] GC(173)   Post Evacuate Collection Set: 0.5ms
[2024-01-11T17:50:43.223+0100][2519.444s] GC(173)   Other: 0.1ms
[2024-01-11T17:50:43.223+0100][2519.444s] GC(173) Eden regions: 300->0(298)
[2024-01-11T17:50:43.223+0100][2519.444s] GC(173) Survivor regions: 7->9(39)
[2024-01-11T17:50:43.223+0100][2519.444s] GC(173) Old regions: 80->80
[2024-01-11T17:50:43.223+0100][2519.444s] GC(173) Archive regions: 0->0
[2024-01-11T17:50:43.223+0100][2519.444s] GC(173) Humongous regions: 4->4
[2024-01-11T17:50:43.223+0100][2519.444s] GC(173) Metaspace: 63238K(63936K)->63238K(63936K) NonClass: 56228K(56576K)->56228K(56576K) Class: 7010K(7360K)->7010K(7360K)
[2024-01-11T17:50:43.223+0100][2519.444s] GC(173) Pause Young (Normal) (G1 Evacuation Pause) 390M->91M(512M) 2.241ms
[2024-01-11T17:50:43.223+0100][2519.444s] GC(173) User=0.00s Sys=0.00s Real=0.00s
[2024-01-11T17:50:44.504+0100][2520.725s] GC(174) Pause Young (Normal) (G1 Evacuation Pause)
[2024-01-11T17:50:44.504+0100][2520.725s] GC(174) Using 10 workers of 10 for evacuation
[2024-01-11T17:50:44.506+0100][2520.727s] GC(174)   Pre Evacuate Collection Set: 0.1ms
[2024-01-11T17:50:44.506+0100][2520.727s] GC(174)   Merge Heap Roots: 0.1ms
[2024-01-11T17:50:44.506+0100][2520.727s] GC(174)   Evacuate Collection Set: 1.4ms
[2024-01-11T17:50:44.506+0100][2520.727s] GC(174)   Post Evacuate Collection Set: 0.5ms
[2024-01-11T17:50:44.506+0100][2520.727s] GC(174)   Other: 0.1ms
[2024-01-11T17:50:44.506+0100][2520.727s] GC(174) Eden regions: 298->0(297)
[2024-01-11T17:50:44.506+0100][2520.727s] GC(174) Survivor regions: 9->10(39)
[2024-01-11T17:50:44.506+0100][2520.727s] GC(174) Old regions: 80->80
[2024-01-11T17:50:44.506+0100][2520.727s] GC(174) Archive regions: 0->0
[2024-01-11T17:50:44.506+0100][2520.727s] GC(174) Humongous regions: 4->4
[2024-01-11T17:50:44.506+0100][2520.727s] GC(174) Metaspace: 63238K(63936K)->63238K(63936K) NonClass: 56228K(56576K)->56228K(56576K) Class: 7010K(7360K)->7010K(7360K)
[2024-01-11T17:50:44.506+0100][2520.727s] GC(174) Pause Young (Normal) (G1 Evacuation Pause) 389M->92M(512M) 2.353ms
[2024-01-11T17:50:44.506+0100][2520.727s] GC(174) User=0.00s Sys=0.00s Real=0.00s
[2024-01-11T17:50:45.755+0100][2521.976s] GC(175) Pause Young (Normal) (G1 Evacuation Pause)
[2024-01-11T17:50:45.755+0100][2521.976s] GC(175) Using 10 workers of 10 for evacuation
[2024-01-11T17:50:45.757+0100][2521.978s] GC(175)   Pre Evacuate Collection Set: 0.1ms
[2024-01-11T17:50:45.757+0100][2521.978s] GC(175)   Merge Heap Roots: 0.1ms
[2024-01-11T17:50:45.757+0100][2521.978s] GC(175)   Evacuate Collection Set: 1.6ms
[2024-01-11T17:50:45.757+0100][2521.978s] GC(175)   Post Evacuate Collection Set: 0.4ms
[2024-01-11T17:50:45.757+0100][2521.978s] GC(175)   Other: 0.1ms
[2024-01-11T17:50:45.757+0100][2521.978s] GC(175) Eden regions: 297->0(295)
[2024-01-11T17:50:45.757+0100][2521.978s] GC(175) Survivor regions: 10->12(39)
[2024-01-11T17:50:45.757+0100][2521.978s] GC(175) Old regions: 80->80
[2024-01-11T17:50:45.757+0100][2521.978s] GC(175) Archive regions: 0->0
[2024-01-11T17:50:45.758+0100][2521.978s] GC(175) Humongous regions: 4->4
[2024-01-11T17:50:45.758+0100][2521.978s] GC(175) Metaspace: 63238K(63936K)->63238K(63936K) NonClass: 56228K(56576K)->56228K(56576K) Class: 7010K(7360K)->7010K(7360K)
[2024-01-11T17:50:45.758+0100][2521.978s] GC(175) Pause Young (Normal) (G1 Evacuation Pause) 389M->94M(512M) 2.460ms
[2024-01-11T17:50:45.758+0100][2521.978s] GC(175) User=0.00s Sys=0.00s Real=0.00s
[2024-01-11T17:50:46.983+0100][2523.204s] GC(176) Pause Young (Normal) (G1 Evacuation Pause)
[2024-01-11T17:50:46.983+0100][2523.204s] GC(176) Using 10 workers of 10 for evacuation
[2024-01-11T17:50:46.986+0100][2523.207s] GC(176)   Pre Evacuate Collection Set: 0.1ms
[2024-01-11T17:50:46.986+0100][2523.207s] GC(176)   Merge Heap Roots: 0.1ms
[2024-01-11T17:50:46.986+0100][2523.207s] GC(176)   Evacuate Collection Set: 2.0ms
[2024-01-11T17:50:46.986+0100][2523.207s] GC(176)   Post Evacuate Collection Set: 0.5ms
[2024-01-11T17:50:46.986+0100][2523.207s] GC(176)   Other: 0.1ms
[2024-01-11T17:50:46.986+0100][2523.207s] GC(176) Eden regions: 295->0(294)
[2024-01-11T17:50:46.986+0100][2523.207s] GC(176) Survivor regions: 12->13(39)
[2024-01-11T17:50:46.986+0100][2523.207s] GC(176) Old regions: 80->80
[2024-01-11T17:50:46.986+0100][2523.207s] GC(176) Archive regions: 0->0
[2024-01-11T17:50:46.986+0100][2523.207s] GC(176) Humongous regions: 4->4
[2024-01-11T17:50:46.986+0100][2523.207s] GC(176) Metaspace: 63238K(63936K)->63238K(63936K) NonClass: 56228K(56576K)->56228K(56576K) Class: 7010K(7360K)->7010K(7360K)
[2024-01-11T17:50:46.986+0100][2523.207s] GC(176) Pause Young (Normal) (G1 Evacuation Pause) 389M->95M(512M) 3.006ms
[2024-01-11T17:50:46.986+0100][2523.207s] GC(176) User=0.16s Sys=0.00s Real=0.00s
[2024-01-11T17:50:48.272+0100][2524.492s] GC(177) Pause Young (Normal) (G1 Evacuation Pause)
[2024-01-11T17:50:48.272+0100][2524.492s] GC(177) Using 10 workers of 10 for evacuation
[2024-01-11T17:50:48.274+0100][2524.495s] GC(177)   Pre Evacuate Collection Set: 0.1ms
[2024-01-11T17:50:48.275+0100][2524.495s] GC(177)   Merge Heap Roots: 0.0ms
[2024-01-11T17:50:48.275+0100][2524.495s] GC(177)   Evacuate Collection Set: 2.0ms
[2024-01-11T17:50:48.275+0100][2524.495s] GC(177)   Post Evacuate Collection Set: 0.5ms
[2024-01-11T17:50:48.275+0100][2524.495s] GC(177)   Other: 0.1ms
[2024-01-11T17:50:48.275+0100][2524.495s] GC(177) Eden regions: 294->0(292)
[2024-01-11T17:50:48.275+0100][2524.495s] GC(177) Survivor regions: 13->15(39)
[2024-01-11T17:50:48.275+0100][2524.495s] GC(177) Old regions: 80->80
[2024-01-11T17:50:48.275+0100][2524.495s] GC(177) Archive regions: 0->0
[2024-01-11T17:50:48.275+0100][2524.495s] GC(177) Humongous regions: 4->4
[2024-01-11T17:50:48.275+0100][2524.495s] GC(177) Metaspace: 63238K(63936K)->63238K(63936K) NonClass: 56228K(56576K)->56228K(56576K) Class: 7010K(7360K)->7010K(7360K)
[2024-01-11T17:50:48.275+0100][2524.495s] GC(177) Pause Young (Normal) (G1 Evacuation Pause) 389M->97M(512M) 3.021ms
[2024-01-11T17:50:48.275+0100][2524.495s] GC(177) User=0.00s Sys=0.00s Real=0.00s
[2024-01-11T17:50:49.493+0100][2525.713s] GC(178) Pause Young (Normal) (G1 Evacuation Pause)
[2024-01-11T17:50:49.493+0100][2525.713s] GC(178) Using 10 workers of 10 for evacuation
[2024-01-11T17:50:49.496+0100][2525.717s] GC(178)   Pre Evacuate Collection Set: 0.1ms
[2024-01-11T17:50:49.496+0100][2525.717s] GC(178)   Merge Heap Roots: 0.2ms
[2024-01-11T17:50:49.496+0100][2525.717s] GC(178)   Evacuate Collection Set: 2.9ms
[2024-01-11T17:50:49.496+0100][2525.717s] GC(178)   Post Evacuate Collection Set: 0.6ms
[2024-01-11T17:50:49.496+0100][2525.717s] GC(178)   Other: 0.1ms
[2024-01-11T17:50:49.496+0100][2525.717s] GC(178) Eden regions: 292->0(289)
[2024-01-11T17:50:49.496+0100][2525.717s] GC(178) Survivor regions: 15->18(39)
[2024-01-11T17:50:49.496+0100][2525.717s] GC(178) Old regions: 80->80
[2024-01-11T17:50:49.496+0100][2525.717s] GC(178) Archive regions: 0->0
[2024-01-11T17:50:49.496+0100][2525.717s] GC(178) Humongous regions: 4->4
[2024-01-11T17:50:49.496+0100][2525.717s] GC(178) Metaspace: 63238K(63936K)->63238K(63936K) NonClass: 56228K(56576K)->56228K(56576K) Class: 7010K(7360K)->7010K(7360K)
[2024-01-11T17:50:49.496+0100][2525.717s] GC(178) Pause Young (Normal) (G1 Evacuation Pause) 389M->100M(512M) 4.106ms
[2024-01-11T17:50:49.496+0100][2525.717s] GC(178) User=0.00s Sys=0.00s Real=0.00s
[2024-01-11T17:50:50.669+0100][2526.890s] GC(179) Pause Young (Normal) (G1 Evacuation Pause)
[2024-01-11T17:50:50.669+0100][2526.890s] GC(179) Using 10 workers of 10 for evacuation
[2024-01-11T17:50:50.672+0100][2526.893s] GC(179)   Pre Evacuate Collection Set: 0.1ms
[2024-01-11T17:50:50.672+0100][2526.893s] GC(179)   Merge Heap Roots: 0.1ms
[2024-01-11T17:50:50.672+0100][2526.893s] GC(179)   Evacuate Collection Set: 2.5ms
[2024-01-11T17:50:50.672+0100][2526.893s] GC(179)   Post Evacuate Collection Set: 0.5ms
[2024-01-11T17:50:50.672+0100][2526.893s] GC(179)   Other: 0.1ms
[2024-01-11T17:50:50.672+0100][2526.893s] GC(179) Eden regions: 289->0(289)
[2024-01-11T17:50:50.672+0100][2526.893s] GC(179) Survivor regions: 18->18(39)
[2024-01-11T17:50:50.672+0100][2526.893s] GC(179) Old regions: 80->80
[2024-01-11T17:50:50.672+0100][2526.893s] GC(179) Archive regions: 0->0
[2024-01-11T17:50:50.672+0100][2526.893s] GC(179) Humongous regions: 4->4
[2024-01-11T17:50:50.672+0100][2526.893s] GC(179) Metaspace: 63239K(63936K)->63239K(63936K) NonClass: 56229K(56576K)->56229K(56576K) Class: 7010K(7360K)->7010K(7360K)
[2024-01-11T17:50:50.672+0100][2526.893s] GC(179) Pause Young (Normal) (G1 Evacuation Pause) 389M->100M(512M) 3.573ms
[2024-01-11T17:50:50.672+0100][2526.893s] GC(179) User=0.16s Sys=0.00s Real=0.00s
[2024-01-11T17:50:51.888+0100][2528.109s] GC(180) Pause Young (Normal) (G1 Evacuation Pause)
[2024-01-11T17:50:51.888+0100][2528.109s] GC(180) Using 10 workers of 10 for evacuation
[2024-01-11T17:50:51.892+0100][2528.112s] GC(180)   Pre Evacuate Collection Set: 0.1ms
[2024-01-11T17:50:51.892+0100][2528.112s] GC(180)   Merge Heap Roots: 0.1ms
[2024-01-11T17:50:51.892+0100][2528.112s] GC(180)   Evacuate Collection Set: 2.7ms
[2024-01-11T17:50:51.892+0100][2528.112s] GC(180)   Post Evacuate Collection Set: 0.4ms
[2024-01-11T17:50:51.892+0100][2528.112s] GC(180)   Other: 0.1ms
[2024-01-11T17:50:51.892+0100][2528.112s] GC(180) Eden regions: 289->0(287)
[2024-01-11T17:50:51.892+0100][2528.113s] GC(180) Survivor regions: 18->20(39)
[2024-01-11T17:50:51.892+0100][2528.113s] GC(180) Old regions: 80->80
[2024-01-11T17:50:51.892+0100][2528.113s] GC(180) Archive regions: 0->0
[2024-01-11T17:50:51.892+0100][2528.113s] GC(180) Humongous regions: 4->4
[2024-01-11T17:50:51.892+0100][2528.113s] GC(180) Metaspace: 63239K(63936K)->63239K(63936K) NonClass: 56229K(56576K)->56229K(56576K) Class: 7010K(7360K)->7010K(7360K)
[2024-01-11T17:50:51.892+0100][2528.113s] GC(180) Pause Young (Normal) (G1 Evacuation Pause) 389M->102M(512M) 3.570ms
[2024-01-11T17:50:51.892+0100][2528.113s] GC(180) User=0.16s Sys=0.00s Real=0.00s
[2024-01-11T17:50:53.216+0100][2529.437s] GC(181) Pause Young (Normal) (G1 Evacuation Pause)
[2024-01-11T17:50:53.216+0100][2529.437s] GC(181) Using 10 workers of 10 for evacuation
[2024-01-11T17:50:53.220+0100][2529.441s] GC(181)   Pre Evacuate Collection Set: 0.1ms
[2024-01-11T17:50:53.220+0100][2529.441s] GC(181)   Merge Heap Roots: 0.1ms
[2024-01-11T17:50:53.220+0100][2529.441s] GC(181)   Evacuate Collection Set: 2.9ms
[2024-01-11T17:50:53.220+0100][2529.441s] GC(181)   Post Evacuate Collection Set: 0.4ms
[2024-01-11T17:50:53.220+0100][2529.441s] GC(181)   Other: 0.1ms
[2024-01-11T17:50:53.220+0100][2529.441s] GC(181) Eden regions: 287->0(286)
[2024-01-11T17:50:53.220+0100][2529.441s] GC(181) Survivor regions: 20->21(39)
[2024-01-11T17:50:53.220+0100][2529.441s] GC(181) Old regions: 80->80
[2024-01-11T17:50:53.220+0100][2529.441s] GC(181) Archive regions: 0->0
[2024-01-11T17:50:53.220+0100][2529.441s] GC(181) Humongous regions: 4->4
[2024-01-11T17:50:53.220+0100][2529.441s] GC(181) Metaspace: 63239K(63936K)->63239K(63936K) NonClass: 56229K(56576K)->56229K(56576K) Class: 7010K(7360K)->7010K(7360K)
[2024-01-11T17:50:53.220+0100][2529.441s] GC(181) Pause Young (Normal) (G1 Evacuation Pause) 389M->103M(512M) 3.779ms
[2024-01-11T17:50:53.220+0100][2529.441s] GC(181) User=0.16s Sys=0.00s Real=0.00s
[2024-01-11T17:50:54.501+0100][2530.723s] GC(182) Pause Young (Normal) (G1 Evacuation Pause)
[2024-01-11T17:50:54.502+0100][2530.723s] GC(182) Using 10 workers of 10 for evacuation
[2024-01-11T17:50:54.506+0100][2530.727s] GC(182)   Pre Evacuate Collection Set: 0.1ms
[2024-01-11T17:50:54.506+0100][2530.727s] GC(182)   Merge Heap Roots: 0.1ms
[2024-01-11T17:50:54.506+0100][2530.727s] GC(182)   Evacuate Collection Set: 3.2ms
[2024-01-11T17:50:54.506+0100][2530.727s] GC(182)   Post Evacuate Collection Set: 0.4ms
[2024-01-11T17:50:54.506+0100][2530.727s] GC(182)   Other: 0.1ms
[2024-01-11T17:50:54.506+0100][2530.727s] GC(182) Eden regions: 286->0(285)
[2024-01-11T17:50:54.506+0100][2530.727s] GC(182) Survivor regions: 21->22(39)
[2024-01-11T17:50:54.506+0100][2530.727s] GC(182) Old regions: 80->81
[2024-01-11T17:50:54.506+0100][2530.727s] GC(182) Archive regions: 0->0
[2024-01-11T17:50:54.506+0100][2530.727s] GC(182) Humongous regions: 4->4
[2024-01-11T17:50:54.506+0100][2530.727s] GC(182) Metaspace: 63239K(63936K)->63239K(63936K) NonClass: 56229K(56576K)->56229K(56576K) Class: 7010K(7360K)->7010K(7360K)
[2024-01-11T17:50:54.506+0100][2530.727s] GC(182) Pause Young (Normal) (G1 Evacuation Pause) 389M->106M(512M) 4.037ms
[2024-01-11T17:50:54.506+0100][2530.727s] GC(182) User=0.00s Sys=0.00s Real=0.01s
[2024-01-11T17:50:55.681+0100][2531.902s] GC(183) Pause Young (Normal) (G1 Evacuation Pause)
[2024-01-11T17:50:55.681+0100][2531.902s] GC(183) Using 10 workers of 10 for evacuation
[2024-01-11T17:50:55.685+0100][2531.906s] GC(183)   Pre Evacuate Collection Set: 0.1ms
[2024-01-11T17:50:55.685+0100][2531.906s] GC(183)   Merge Heap Roots: 0.1ms
[2024-01-11T17:50:55.685+0100][2531.906s] GC(183)   Evacuate Collection Set: 3.3ms
[2024-01-11T17:50:55.685+0100][2531.906s] GC(183)   Post Evacuate Collection Set: 0.4ms
[2024-01-11T17:50:55.686+0100][2531.906s] GC(183)   Other: 0.1ms
[2024-01-11T17:50:55.686+0100][2531.906s] GC(183) Eden regions: 285->0(286)
[2024-01-11T17:50:55.686+0100][2531.906s] GC(183) Survivor regions: 22->21(39)
[2024-01-11T17:50:55.686+0100][2531.906s] GC(183) Old regions: 81->83
[2024-01-11T17:50:55.686+0100][2531.906s] GC(183) Archive regions: 0->0
[2024-01-11T17:50:55.686+0100][2531.906s] GC(183) Humongous regions: 4->4
[2024-01-11T17:50:55.686+0100][2531.906s] GC(183) Metaspace: 63245K(63936K)->63245K(63936K) NonClass: 56234K(56576K)->56234K(56576K) Class: 7010K(7360K)->7010K(7360K)
[2024-01-11T17:50:55.686+0100][2531.906s] GC(183) Pause Young (Normal) (G1 Evacuation Pause) 391M->107M(512M) 4.245ms
[2024-01-11T17:50:55.686+0100][2531.906s] GC(183) User=0.00s Sys=0.00s Real=0.01s
[2024-01-11T17:50:56.905+0100][2533.126s] GC(184) Pause Young (Normal) (G1 Evacuation Pause)
[2024-01-11T17:50:56.905+0100][2533.126s] GC(184) Using 10 workers of 10 for evacuation
[2024-01-11T17:50:56.909+0100][2533.131s] GC(184)   Pre Evacuate Collection Set: 0.1ms
[2024-01-11T17:50:56.909+0100][2533.131s] GC(184)   Merge Heap Roots: 0.1ms
[2024-01-11T17:50:56.909+0100][2533.131s] GC(184)   Evacuate Collection Set: 3.3ms
[2024-01-11T17:50:56.909+0100][2533.131s] GC(184)   Post Evacuate Collection Set: 0.6ms
[2024-01-11T17:50:56.909+0100][2533.131s] GC(184)   Other: 0.1ms
[2024-01-11T17:50:56.909+0100][2533.131s] GC(184) Eden regions: 286->0(285)
[2024-01-11T17:50:56.909+0100][2533.131s] GC(184) Survivor regions: 21->22(39)
[2024-01-11T17:50:56.909+0100][2533.131s] GC(184) Old regions: 83->85
[2024-01-11T17:50:56.909+0100][2533.131s] GC(184) Archive regions: 0->0
[2024-01-11T17:50:56.909+0100][2533.131s] GC(184) Humongous regions: 4->4
[2024-01-11T17:50:56.909+0100][2533.131s] GC(184) Metaspace: 63246K(63936K)->63246K(63936K) NonClass: 56235K(56576K)->56235K(56576K) Class: 7010K(7360K)->7010K(7360K)
[2024-01-11T17:50:56.909+0100][2533.131s] GC(184) Pause Young (Normal) (G1 Evacuation Pause) 393M->109M(512M) 4.438ms
[2024-01-11T17:50:56.909+0100][2533.131s] GC(184) User=0.16s Sys=0.00s Real=0.00s
[2024-01-11T17:50:58.112+0100][2534.333s] GC(185) Pause Young (Normal) (G1 Evacuation Pause)
[2024-01-11T17:50:58.112+0100][2534.333s] GC(185) Using 10 workers of 10 for evacuation
[2024-01-11T17:50:58.116+0100][2534.337s] GC(185)   Pre Evacuate Collection Set: 0.1ms
[2024-01-11T17:50:58.116+0100][2534.337s] GC(185)   Merge Heap Roots: 0.1ms
[2024-01-11T17:50:58.116+0100][2534.337s] GC(185)   Evacuate Collection Set: 3.0ms
[2024-01-11T17:50:58.116+0100][2534.337s] GC(185)   Post Evacuate Collection Set: 0.4ms
[2024-01-11T17:50:58.116+0100][2534.337s] GC(185)   Other: 0.1ms
[2024-01-11T17:50:58.116+0100][2534.337s] GC(185) Eden regions: 285->0(285)
[2024-01-11T17:50:58.116+0100][2534.337s] GC(185) Survivor regions: 22->22(39)
[2024-01-11T17:50:58.116+0100][2534.337s] GC(185) Old regions: 85->86
[2024-01-11T17:50:58.116+0100][2534.337s] GC(185) Archive regions: 0->0
[2024-01-11T17:50:58.116+0100][2534.337s] GC(185) Humongous regions: 4->4
[2024-01-11T17:50:58.116+0100][2534.337s] GC(185) Metaspace: 63246K(63936K)->63246K(63936K) NonClass: 56235K(56576K)->56235K(56576K) Class: 7010K(7360K)->7010K(7360K)
[2024-01-11T17:50:58.116+0100][2534.337s] GC(185) Pause Young (Normal) (G1 Evacuation Pause) 394M->111M(512M) 3.960ms
[2024-01-11T17:50:58.116+0100][2534.337s] GC(185) User=0.00s Sys=0.00s Real=0.00s
[2024-01-11T17:50:59.425+0100][2535.646s] GC(186) Pause Young (Normal) (G1 Evacuation Pause)
[2024-01-11T17:50:59.425+0100][2535.646s] GC(186) Using 10 workers of 10 for evacuation
[2024-01-11T17:50:59.429+0100][2535.650s] GC(186)   Pre Evacuate Collection Set: 0.1ms
[2024-01-11T17:50:59.429+0100][2535.650s] GC(186)   Merge Heap Roots: 0.1ms
[2024-01-11T17:50:59.429+0100][2535.650s] GC(186)   Evacuate Collection Set: 3.3ms
[2024-01-11T17:50:59.429+0100][2535.650s] GC(186)   Post Evacuate Collection Set: 0.5ms
[2024-01-11T17:50:59.429+0100][2535.650s] GC(186)   Other: 0.1ms
[2024-01-11T17:50:59.429+0100][2535.650s] GC(186) Eden regions: 285->0(285)
[2024-01-11T17:50:59.429+0100][2535.650s] GC(186) Survivor regions: 22->22(39)
[2024-01-11T17:50:59.429+0100][2535.650s] GC(186) Old regions: 86->88
[2024-01-11T17:50:59.429+0100][2535.650s] GC(186) Archive regions: 0->0
[2024-01-11T17:50:59.429+0100][2535.650s] GC(186) Humongous regions: 4->4
[2024-01-11T17:50:59.429+0100][2535.650s] GC(186) Metaspace: 63246K(63936K)->63246K(63936K) NonClass: 56235K(56576K)->56235K(56576K) Class: 7010K(7360K)->7010K(7360K)
[2024-01-11T17:50:59.429+0100][2535.650s] GC(186) Pause Young (Normal) (G1 Evacuation Pause) 396M->112M(512M) 4.223ms
[2024-01-11T17:50:59.429+0100][2535.650s] GC(186) User=0.00s Sys=0.00s Real=0.00s
[2024-01-11T17:51:00.588+0100][2536.810s] GC(187) Pause Young (Normal) (G1 Evacuation Pause)
[2024-01-11T17:51:00.588+0100][2536.810s] GC(187) Using 10 workers of 10 for evacuation
[2024-01-11T17:51:00.592+0100][2536.814s] GC(187)   Pre Evacuate Collection Set: 0.1ms
[2024-01-11T17:51:00.592+0100][2536.814s] GC(187)   Merge Heap Roots: 0.1ms
[2024-01-11T17:51:00.592+0100][2536.814s] GC(187)   Evacuate Collection Set: 3.2ms
[2024-01-11T17:51:00.592+0100][2536.814s] GC(187)   Post Evacuate Collection Set: 0.5ms
[2024-01-11T17:51:00.592+0100][2536.814s] GC(187)   Other: 0.1ms
[2024-01-11T17:51:00.592+0100][2536.814s] GC(187) Eden regions: 285->0(286)
[2024-01-11T17:51:00.592+0100][2536.814s] GC(187) Survivor regions: 22->21(39)
[2024-01-11T17:51:00.592+0100][2536.814s] GC(187) Old regions: 88->90
[2024-01-11T17:51:00.592+0100][2536.814s] GC(187) Archive regions: 0->0
[2024-01-11T17:51:00.592+0100][2536.814s] GC(187) Humongous regions: 4->4
[2024-01-11T17:51:00.592+0100][2536.814s] GC(187) Metaspace: 63246K(63936K)->63246K(63936K) NonClass: 56235K(56576K)->56235K(56576K) Class: 7010K(7360K)->7010K(7360K)
[2024-01-11T17:51:00.592+0100][2536.814s] GC(187) Pause Young (Normal) (G1 Evacuation Pause) 397M->114M(512M) 4.222ms
[2024-01-11T17:51:00.592+0100][2536.814s] GC(187) User=0.00s Sys=0.00s Real=0.00s
[2024-01-11T17:51:01.752+0100][2537.973s] GC(188) Pause Young (Normal) (G1 Evacuation Pause)
[2024-01-11T17:51:01.752+0100][2537.973s] GC(188) Using 10 workers of 10 for evacuation
[2024-01-11T17:51:01.756+0100][2537.977s] GC(188)   Pre Evacuate Collection Set: 0.1ms
[2024-01-11T17:51:01.756+0100][2537.977s] GC(188)   Merge Heap Roots: 0.1ms
[2024-01-11T17:51:01.756+0100][2537.977s] GC(188)   Evacuate Collection Set: 3.2ms
[2024-01-11T17:51:01.756+0100][2537.977s] GC(188)   Post Evacuate Collection Set: 0.5ms
[2024-01-11T17:51:01.756+0100][2537.977s] GC(188)   Other: 0.1ms
[2024-01-11T17:51:01.756+0100][2537.977s] GC(188) Eden regions: 286->0(286)
[2024-01-11T17:51:01.756+0100][2537.977s] GC(188) Survivor regions: 21->21(39)
[2024-01-11T17:51:01.756+0100][2537.977s] GC(188) Old regions: 90->91
[2024-01-11T17:51:01.756+0100][2537.977s] GC(188) Archive regions: 0->0
[2024-01-11T17:51:01.756+0100][2537.977s] GC(188) Humongous regions: 4->4
[2024-01-11T17:51:01.756+0100][2537.977s] GC(188) Metaspace: 63246K(63936K)->63246K(63936K) NonClass: 56235K(56576K)->56235K(56576K) Class: 7010K(7360K)->7010K(7360K)
[2024-01-11T17:51:01.756+0100][2537.977s] GC(188) Pause Young (Normal) (G1 Evacuation Pause) 400M->115M(512M) 4.230ms
[2024-01-11T17:51:01.756+0100][2537.977s] GC(188) User=0.00s Sys=0.00s Real=0.00s
[2024-01-11T17:51:02.996+0100][2539.218s] GC(189) Pause Young (Normal) (G1 Evacuation Pause)
[2024-01-11T17:51:02.996+0100][2539.218s] GC(189) Using 10 workers of 10 for evacuation
[2024-01-11T17:51:03.000+0100][2539.221s] GC(189)   Pre Evacuate Collection Set: 0.1ms
[2024-01-11T17:51:03.000+0100][2539.221s] GC(189)   Merge Heap Roots: 0.1ms
[2024-01-11T17:51:03.000+0100][2539.221s] GC(189)   Evacuate Collection Set: 3.1ms
[2024-01-11T17:51:03.000+0100][2539.221s] GC(189)   Post Evacuate Collection Set: 0.4ms
[2024-01-11T17:51:03.000+0100][2539.221s] GC(189)   Other: 0.1ms
[2024-01-11T17:51:03.000+0100][2539.221s] GC(189) Eden regions: 286->0(286)
[2024-01-11T17:51:03.000+0100][2539.221s] GC(189) Survivor regions: 21->21(39)
[2024-01-11T17:51:03.000+0100][2539.221s] GC(189) Old regions: 91->93
[2024-01-11T17:51:03.000+0100][2539.221s] GC(189) Archive regions: 0->0
[2024-01-11T17:51:03.000+0100][2539.221s] GC(189) Humongous regions: 4->4
[2024-01-11T17:51:03.000+0100][2539.221s] GC(189) Metaspace: 63256K(63936K)->63256K(63936K) NonClass: 56245K(56576K)->56245K(56576K) Class: 7011K(7360K)->7011K(7360K)
[2024-01-11T17:51:03.000+0100][2539.222s] GC(189) Pause Young (Normal) (G1 Evacuation Pause) 401M->117M(512M) 3.947ms
[2024-01-11T17:51:03.000+0100][2539.222s] GC(189) User=0.16s Sys=0.00s Real=0.00s
[2024-01-11T17:51:04.260+0100][2540.480s] GC(190) Pause Young (Normal) (G1 Evacuation Pause)
[2024-01-11T17:51:04.260+0100][2540.480s] GC(190) Using 10 workers of 10 for evacuation
[2024-01-11T17:51:04.264+0100][2540.484s] GC(190)   Pre Evacuate Collection Set: 0.1ms
[2024-01-11T17:51:04.264+0100][2540.484s] GC(190)   Merge Heap Roots: 0.1ms
[2024-01-11T17:51:04.264+0100][2540.484s] GC(190)   Evacuate Collection Set: 3.2ms
[2024-01-11T17:51:04.264+0100][2540.484s] GC(190)   Post Evacuate Collection Set: 0.5ms
[2024-01-11T17:51:04.264+0100][2540.484s] GC(190)   Other: 0.1ms
[2024-01-11T17:51:04.264+0100][2540.484s] GC(190) Eden regions: 286->0(284)
[2024-01-11T17:51:04.264+0100][2540.484s] GC(190) Survivor regions: 21->23(39)
[2024-01-11T17:51:04.264+0100][2540.484s] GC(190) Old regions: 93->93
[2024-01-11T17:51:04.264+0100][2540.484s] GC(190) Archive regions: 0->0
[2024-01-11T17:51:04.264+0100][2540.484s] GC(190) Humongous regions: 4->4
[2024-01-11T17:51:04.264+0100][2540.484s] GC(190) Metaspace: 63256K(63936K)->63256K(63936K) NonClass: 56245K(56576K)->56245K(56576K) Class: 7011K(7360K)->7011K(7360K)
[2024-01-11T17:51:04.264+0100][2540.484s] GC(190) Pause Young (Normal) (G1 Evacuation Pause) 403M->118M(512M) 4.106ms
[2024-01-11T17:51:04.264+0100][2540.485s] GC(190) User=0.00s Sys=0.00s Real=0.00s
[2024-01-11T17:51:05.504+0100][2541.725s] GC(191) Pause Young (Normal) (G1 Evacuation Pause)
[2024-01-11T17:51:05.504+0100][2541.725s] GC(191) Using 10 workers of 10 for evacuation
[2024-01-11T17:51:05.509+0100][2541.730s] GC(191)   Pre Evacuate Collection Set: 0.1ms
[2024-01-11T17:51:05.509+0100][2541.730s] GC(191)   Merge Heap Roots: 0.1ms
[2024-01-11T17:51:05.509+0100][2541.730s] GC(191)   Evacuate Collection Set: 3.6ms
[2024-01-11T17:51:05.509+0100][2541.730s] GC(191)   Post Evacuate Collection Set: 0.5ms
[2024-01-11T17:51:05.509+0100][2541.730s] GC(191)   Other: 0.1ms
[2024-01-11T17:51:05.509+0100][2541.730s] GC(191) Eden regions: 284->0(286)
[2024-01-11T17:51:05.509+0100][2541.730s] GC(191) Survivor regions: 23->21(39)
[2024-01-11T17:51:05.509+0100][2541.730s] GC(191) Old regions: 93->96
[2024-01-11T17:51:05.509+0100][2541.730s] GC(191) Archive regions: 0->0
[2024-01-11T17:51:05.509+0100][2541.730s] GC(191) Humongous regions: 4->4
[2024-01-11T17:51:05.509+0100][2541.730s] GC(191) Metaspace: 63256K(63936K)->63256K(63936K) NonClass: 56245K(56576K)->56245K(56576K) Class: 7011K(7360K)->7011K(7360K)
[2024-01-11T17:51:05.509+0100][2541.730s] GC(191) Pause Young (Normal) (G1 Evacuation Pause) 402M->120M(512M) 4.609ms
[2024-01-11T17:51:05.509+0100][2541.730s] GC(191) User=0.00s Sys=0.00s Real=0.01s
[2024-01-11T17:51:06.697+0100][2542.918s] GC(192) Pause Young (Normal) (G1 Evacuation Pause)
[2024-01-11T17:51:06.697+0100][2542.918s] GC(192) Using 10 workers of 10 for evacuation
[2024-01-11T17:51:06.701+0100][2542.921s] GC(192)   Pre Evacuate Collection Set: 0.1ms
[2024-01-11T17:51:06.701+0100][2542.921s] GC(192)   Merge Heap Roots: 0.1ms
[2024-01-11T17:51:06.701+0100][2542.921s] GC(192)   Evacuate Collection Set: 2.9ms
[2024-01-11T17:51:06.701+0100][2542.921s] GC(192)   Post Evacuate Collection Set: 0.5ms
[2024-01-11T17:51:06.701+0100][2542.921s] GC(192)   Other: 0.1ms
[2024-01-11T17:51:06.701+0100][2542.921s] GC(192) Eden regions: 286->0(286)
[2024-01-11T17:51:06.701+0100][2542.921s] GC(192) Survivor regions: 21->21(39)
[2024-01-11T17:51:06.701+0100][2542.921s] GC(192) Old regions: 96->98
[2024-01-11T17:51:06.701+0100][2542.921s] GC(192) Archive regions: 0->0
[2024-01-11T17:51:06.701+0100][2542.921s] GC(192) Humongous regions: 4->4
[2024-01-11T17:51:06.701+0100][2542.921s] GC(192) Metaspace: 63256K(63936K)->63256K(63936K) NonClass: 56245K(56576K)->56245K(56576K) Class: 7011K(7360K)->7011K(7360K)
[2024-01-11T17:51:06.701+0100][2542.921s] GC(192) Pause Young (Normal) (G1 Evacuation Pause) 406M->121M(512M) 3.861ms
[2024-01-11T17:51:06.701+0100][2542.921s] GC(192) User=0.00s Sys=0.00s Real=0.00s
[2024-01-11T17:51:07.860+0100][2544.080s] GC(193) Pause Young (Normal) (G1 Evacuation Pause)
[2024-01-11T17:51:07.860+0100][2544.080s] GC(193) Using 10 workers of 10 for evacuation
[2024-01-11T17:51:07.864+0100][2544.085s] GC(193)   Pre Evacuate Collection Set: 0.1ms
[2024-01-11T17:51:07.864+0100][2544.085s] GC(193)   Merge Heap Roots: 0.1ms
[2024-01-11T17:51:07.864+0100][2544.085s] GC(193)   Evacuate Collection Set: 3.2ms
[2024-01-11T17:51:07.864+0100][2544.085s] GC(193)   Post Evacuate Collection Set: 0.7ms
[2024-01-11T17:51:07.864+0100][2544.085s] GC(193)   Other: 0.1ms
[2024-01-11T17:51:07.864+0100][2544.085s] GC(193) Eden regions: 286->0(286)
[2024-01-11T17:51:07.864+0100][2544.085s] GC(193) Survivor regions: 21->21(39)
[2024-01-11T17:51:07.864+0100][2544.085s] GC(193) Old regions: 98->99
[2024-01-11T17:51:07.864+0100][2544.085s] GC(193) Archive regions: 0->0
[2024-01-11T17:51:07.864+0100][2544.085s] GC(193) Humongous regions: 4->4
[2024-01-11T17:51:07.864+0100][2544.085s] GC(193) Metaspace: 63256K(63936K)->63256K(63936K) NonClass: 56245K(56576K)->56245K(56576K) Class: 7011K(7360K)->7011K(7360K)
[2024-01-11T17:51:07.864+0100][2544.085s] GC(193) Pause Young (Normal) (G1 Evacuation Pause) 407M->123M(512M) 4.388ms
[2024-01-11T17:51:07.864+0100][2544.085s] GC(193) User=0.00s Sys=0.00s Real=0.00s
[2024-01-11T17:51:09.074+0100][2545.295s] GC(194) Pause Young (Normal) (G1 Evacuation Pause)
[2024-01-11T17:51:09.074+0100][2545.295s] GC(194) Using 10 workers of 10 for evacuation
[2024-01-11T17:51:09.078+0100][2545.299s] GC(194)   Pre Evacuate Collection Set: 0.1ms
[2024-01-11T17:51:09.078+0100][2545.299s] GC(194)   Merge Heap Roots: 0.1ms
[2024-01-11T17:51:09.078+0100][2545.299s] GC(194)   Evacuate Collection Set: 3.2ms
[2024-01-11T17:51:09.078+0100][2545.299s] GC(194)   Post Evacuate Collection Set: 0.5ms
[2024-01-11T17:51:09.078+0100][2545.299s] GC(194)   Other: 0.1ms
[2024-01-11T17:51:09.078+0100][2545.299s] GC(194) Eden regions: 286->0(286)
[2024-01-11T17:51:09.078+0100][2545.299s] GC(194) Survivor regions: 21->21(39)
[2024-01-11T17:51:09.078+0100][2545.299s] GC(194) Old regions: 99->101
[2024-01-11T17:51:09.078+0100][2545.299s] GC(194) Archive regions: 0->0
[2024-01-11T17:51:09.078+0100][2545.299s] GC(194) Humongous regions: 4->4
[2024-01-11T17:51:09.078+0100][2545.299s] GC(194) Metaspace: 63256K(63936K)->63256K(63936K) NonClass: 56245K(56576K)->56245K(56576K) Class: 7011K(7360K)->7011K(7360K)
[2024-01-11T17:51:09.078+0100][2545.299s] GC(194) Pause Young (Normal) (G1 Evacuation Pause) 409M->125M(512M) 4.119ms
[2024-01-11T17:51:09.078+0100][2545.299s] GC(194) User=0.16s Sys=0.00s Real=0.00s
[2024-01-11T17:51:10.363+0100][2546.583s] GC(195) Pause Young (Normal) (G1 Evacuation Pause)
[2024-01-11T17:51:10.363+0100][2546.583s] GC(195) Using 10 workers of 10 for evacuation
[2024-01-11T17:51:10.367+0100][2546.588s] GC(195)   Pre Evacuate Collection Set: 0.1ms
[2024-01-11T17:51:10.367+0100][2546.588s] GC(195)   Merge Heap Roots: 0.1ms
[2024-01-11T17:51:10.367+0100][2546.588s] GC(195)   Evacuate Collection Set: 3.3ms
[2024-01-11T17:51:10.367+0100][2546.588s] GC(195)   Post Evacuate Collection Set: 0.6ms
[2024-01-11T17:51:10.367+0100][2546.588s] GC(195)   Other: 0.1ms
[2024-01-11T17:51:10.367+0100][2546.588s] GC(195) Eden regions: 286->0(285)
[2024-01-11T17:51:10.367+0100][2546.588s] GC(195) Survivor regions: 21->22(39)
[2024-01-11T17:51:10.367+0100][2546.588s] GC(195) Old regions: 101->102
[2024-01-11T17:51:10.367+0100][2546.588s] GC(195) Archive regions: 0->0
[2024-01-11T17:51:10.367+0100][2546.588s] GC(195) Humongous regions: 4->4
[2024-01-11T17:51:10.367+0100][2546.588s] GC(195) Metaspace: 63256K(63936K)->63256K(63936K) NonClass: 56245K(56576K)->56245K(56576K) Class: 7011K(7360K)->7011K(7360K)
[2024-01-11T17:51:10.367+0100][2546.588s] GC(195) Pause Young (Normal) (G1 Evacuation Pause) 411M->127M(512M) 4.475ms
[2024-01-11T17:51:10.367+0100][2546.588s] GC(195) User=0.00s Sys=0.00s Real=0.00s
[2024-01-11T17:51:11.570+0100][2547.790s] GC(196) Pause Young (Normal) (G1 Evacuation Pause)
[2024-01-11T17:51:11.570+0100][2547.791s] GC(196) Using 10 workers of 10 for evacuation
[2024-01-11T17:51:11.574+0100][2547.794s] GC(196)   Pre Evacuate Collection Set: 0.1ms
[2024-01-11T17:51:11.574+0100][2547.795s] GC(196)   Merge Heap Roots: 0.1ms
[2024-01-11T17:51:11.574+0100][2547.795s] GC(196)   Evacuate Collection Set: 3.2ms
[2024-01-11T17:51:11.574+0100][2547.795s] GC(196)   Post Evacuate Collection Set: 0.5ms
[2024-01-11T17:51:11.574+0100][2547.795s] GC(196)   Other: 0.1ms
[2024-01-11T17:51:11.574+0100][2547.795s] GC(196) Eden regions: 285->0(286)
[2024-01-11T17:51:11.574+0100][2547.795s] GC(196) Survivor regions: 22->21(39)
[2024-01-11T17:51:11.574+0100][2547.795s] GC(196) Old regions: 102->104
[2024-01-11T17:51:11.574+0100][2547.795s] GC(196) Archive regions: 0->0
[2024-01-11T17:51:11.574+0100][2547.795s] GC(196) Humongous regions: 4->4
[2024-01-11T17:51:11.574+0100][2547.795s] GC(196) Metaspace: 63256K(63936K)->63256K(63936K) NonClass: 56245K(56576K)->56245K(56576K) Class: 7011K(7360K)->7011K(7360K)
[2024-01-11T17:51:11.574+0100][2547.795s] GC(196) Pause Young (Normal) (G1 Evacuation Pause) 412M->128M(512M) 4.157ms
[2024-01-11T17:51:11.574+0100][2547.795s] GC(196) User=0.00s Sys=0.00s Real=0.00s
[2024-01-11T17:51:12.792+0100][2549.014s] GC(197) Pause Young (Normal) (G1 Evacuation Pause)
[2024-01-11T17:51:12.792+0100][2549.014s] GC(197) Using 10 workers of 10 for evacuation
[2024-01-11T17:51:12.797+0100][2549.018s] GC(197)   Pre Evacuate Collection Set: 0.1ms
[2024-01-11T17:51:12.797+0100][2549.018s] GC(197)   Merge Heap Roots: 0.1ms
[2024-01-11T17:51:12.797+0100][2549.018s] GC(197)   Evacuate Collection Set: 3.3ms
[2024-01-11T17:51:12.797+0100][2549.018s] GC(197)   Post Evacuate Collection Set: 0.5ms
[2024-01-11T17:51:12.797+0100][2549.018s] GC(197)   Other: 0.1ms
[2024-01-11T17:51:12.797+0100][2549.018s] GC(197) Eden regions: 286->0(284)
[2024-01-11T17:51:12.797+0100][2549.018s] GC(197) Survivor regions: 21->23(39)
[2024-01-11T17:51:12.797+0100][2549.018s] GC(197) Old regions: 104->104
[2024-01-11T17:51:12.797+0100][2549.018s] GC(197) Archive regions: 0->0
[2024-01-11T17:51:12.797+0100][2549.018s] GC(197) Humongous regions: 4->4
[2024-01-11T17:51:12.797+0100][2549.018s] GC(197) Metaspace: 63256K(63936K)->63256K(63936K) NonClass: 56245K(56576K)->56245K(56576K) Class: 7011K(7360K)->7011K(7360K)
[2024-01-11T17:51:12.797+0100][2549.018s] GC(197) Pause Young (Normal) (G1 Evacuation Pause) 414M->129M(512M) 4.367ms
[2024-01-11T17:51:12.797+0100][2549.018s] GC(197) User=0.00s Sys=0.00s Real=0.00s
[2024-01-11T17:51:13.923+0100][2550.144s] GC(198) Pause Young (Normal) (G1 Evacuation Pause)
[2024-01-11T17:51:13.923+0100][2550.144s] GC(198) Using 10 workers of 10 for evacuation
[2024-01-11T17:51:13.927+0100][2550.148s] GC(198)   Pre Evacuate Collection Set: 0.1ms
[2024-01-11T17:51:13.927+0100][2550.148s] GC(198)   Merge Heap Roots: 0.0ms
[2024-01-11T17:51:13.927+0100][2550.148s] GC(198)   Evacuate Collection Set: 3.1ms
[2024-01-11T17:51:13.927+0100][2550.148s] GC(198)   Post Evacuate Collection Set: 0.5ms
[2024-01-11T17:51:13.927+0100][2550.148s] GC(198)   Other: 0.1ms
[2024-01-11T17:51:13.927+0100][2550.148s] GC(198) Eden regions: 284->0(286)
[2024-01-11T17:51:13.927+0100][2550.148s] GC(198) Survivor regions: 23->21(39)
[2024-01-11T17:51:13.927+0100][2550.148s] GC(198) Old regions: 104->107
[2024-01-11T17:51:13.927+0100][2550.148s] GC(198) Archive regions: 0->0
[2024-01-11T17:51:13.927+0100][2550.148s] GC(198) Humongous regions: 4->4
[2024-01-11T17:51:13.927+0100][2550.148s] GC(198) Metaspace: 63256K(63936K)->63256K(63936K) NonClass: 56245K(56576K)->56245K(56576K) Class: 7011K(7360K)->7011K(7360K)
[2024-01-11T17:51:13.927+0100][2550.148s] GC(198) Pause Young (Normal) (G1 Evacuation Pause) 413M->131M(512M) 3.972ms
[2024-01-11T17:51:13.927+0100][2550.148s] GC(198) User=0.00s Sys=0.00s Real=0.00s
[2024-01-11T17:51:15.141+0100][2551.362s] GC(199) Pause Young (Normal) (G1 Evacuation Pause)
[2024-01-11T17:51:15.141+0100][2551.362s] GC(199) Using 10 workers of 10 for evacuation
[2024-01-11T17:51:15.144+0100][2551.366s] GC(199)   Pre Evacuate Collection Set: 0.1ms
[2024-01-11T17:51:15.144+0100][2551.366s] GC(199)   Merge Heap Roots: 0.1ms
[2024-01-11T17:51:15.144+0100][2551.366s] GC(199)   Evacuate Collection Set: 3.1ms
[2024-01-11T17:51:15.145+0100][2551.366s] GC(199)   Post Evacuate Collection Set: 0.4ms
[2024-01-11T17:51:15.145+0100][2551.366s] GC(199)   Other: 0.1ms
[2024-01-11T17:51:15.145+0100][2551.366s] GC(199) Eden regions: 286->0(284)
[2024-01-11T17:51:15.145+0100][2551.366s] GC(199) Survivor regions: 21->23(39)
[2024-01-11T17:51:15.145+0100][2551.366s] GC(199) Old regions: 107->107
[2024-01-11T17:51:15.145+0100][2551.366s] GC(199) Archive regions: 0->0
[2024-01-11T17:51:15.145+0100][2551.366s] GC(199) Humongous regions: 4->4
[2024-01-11T17:51:15.145+0100][2551.366s] GC(199) Metaspace: 63257K(63936K)->63257K(63936K) NonClass: 56245K(56576K)->56245K(56576K) Class: 7011K(7360K)->7011K(7360K)
[2024-01-11T17:51:15.145+0100][2551.366s] GC(199) Pause Young (Normal) (G1 Evacuation Pause) 417M->133M(512M) 4.021ms
[2024-01-11T17:51:15.145+0100][2551.366s] GC(199) User=0.00s Sys=0.00s Real=0.00s
[2024-01-11T17:51:16.338+0100][2552.560s] GC(200) Pause Young (Normal) (G1 Evacuation Pause)
[2024-01-11T17:51:16.338+0100][2552.560s] GC(200) Using 10 workers of 10 for evacuation
[2024-01-11T17:51:16.342+0100][2552.564s] GC(200)   Pre Evacuate Collection Set: 0.1ms
[2024-01-11T17:51:16.342+0100][2552.564s] GC(200)   Merge Heap Roots: 0.2ms
[2024-01-11T17:51:16.342+0100][2552.564s] GC(200)   Evacuate Collection Set: 3.2ms
[2024-01-11T17:51:16.342+0100][2552.564s] GC(200)   Post Evacuate Collection Set: 0.5ms
[2024-01-11T17:51:16.343+0100][2552.564s] GC(200)   Other: 0.1ms
[2024-01-11T17:51:16.343+0100][2552.564s] GC(200) Eden regions: 284->0(285)
[2024-01-11T17:51:16.343+0100][2552.564s] GC(200) Survivor regions: 23->22(39)
[2024-01-11T17:51:16.343+0100][2552.564s] GC(200) Old regions: 107->110
[2024-01-11T17:51:16.343+0100][2552.564s] GC(200) Archive regions: 0->0
[2024-01-11T17:51:16.343+0100][2552.564s] GC(200) Humongous regions: 4->4
[2024-01-11T17:51:16.343+0100][2552.564s] GC(200) Metaspace: 63257K(63936K)->63257K(63936K) NonClass: 56245K(56576K)->56245K(56576K) Class: 7011K(7360K)->7011K(7360K)
[2024-01-11T17:51:16.343+0100][2552.564s] GC(200) Pause Young (Normal) (G1 Evacuation Pause) 417M->134M(512M) 4.287ms
[2024-01-11T17:51:16.343+0100][2552.564s] GC(200) User=0.00s Sys=0.00s Real=0.00s
[2024-01-11T17:51:17.471+0100][2553.691s] GC(201) Pause Young (Normal) (G1 Evacuation Pause)
[2024-01-11T17:51:17.471+0100][2553.691s] GC(201) Using 10 workers of 10 for evacuation
[2024-01-11T17:51:17.474+0100][2553.695s] GC(201)   Pre Evacuate Collection Set: 0.1ms
[2024-01-11T17:51:17.474+0100][2553.695s] GC(201)   Merge Heap Roots: 0.1ms
[2024-01-11T17:51:17.474+0100][2553.695s] GC(201)   Evacuate Collection Set: 3.1ms
[2024-01-11T17:51:17.474+0100][2553.695s] GC(201)   Post Evacuate Collection Set: 0.5ms
[2024-01-11T17:51:17.474+0100][2553.695s] GC(201)   Other: 0.1ms
[2024-01-11T17:51:17.474+0100][2553.695s] GC(201) Eden regions: 285->0(286)
[2024-01-11T17:51:17.474+0100][2553.695s] GC(201) Survivor regions: 22->21(39)
[2024-01-11T17:51:17.474+0100][2553.695s] GC(201) Old regions: 110->112
[2024-01-11T17:51:17.474+0100][2553.695s] GC(201) Archive regions: 0->0
[2024-01-11T17:51:17.474+0100][2553.695s] GC(201) Humongous regions: 4->4
[2024-01-11T17:51:17.474+0100][2553.695s] GC(201) Metaspace: 63257K(63936K)->63257K(63936K) NonClass: 56245K(56576K)->56245K(56576K) Class: 7011K(7360K)->7011K(7360K)
[2024-01-11T17:51:17.474+0100][2553.695s] GC(201) Pause Young (Normal) (G1 Evacuation Pause) 419M->135M(512M) 4.104ms
[2024-01-11T17:51:17.474+0100][2553.695s] GC(201) User=0.00s Sys=0.00s Real=0.00s
[2024-01-11T17:51:18.611+0100][2554.832s] GC(202) Pause Young (Normal) (G1 Evacuation Pause)
[2024-01-11T17:51:18.611+0100][2554.832s] GC(202) Using 10 workers of 10 for evacuation
[2024-01-11T17:51:18.614+0100][2554.836s] GC(202)   Pre Evacuate Collection Set: 0.1ms
[2024-01-11T17:51:18.614+0100][2554.836s] GC(202)   Merge Heap Roots: 0.0ms
[2024-01-11T17:51:18.614+0100][2554.836s] GC(202)   Evacuate Collection Set: 3.2ms
[2024-01-11T17:51:18.614+0100][2554.836s] GC(202)   Post Evacuate Collection Set: 0.4ms
[2024-01-11T17:51:18.614+0100][2554.836s] GC(202)   Other: 0.1ms
[2024-01-11T17:51:18.615+0100][2554.836s] GC(202) Eden regions: 286->0(285)
[2024-01-11T17:51:18.615+0100][2554.836s] GC(202) Survivor regions: 21->22(39)
[2024-01-11T17:51:18.615+0100][2554.836s] GC(202) Old regions: 112->112
[2024-01-11T17:51:18.615+0100][2554.836s] GC(202) Archive regions: 0->0
[2024-01-11T17:51:18.615+0100][2554.836s] GC(202) Humongous regions: 4->4
[2024-01-11T17:51:18.615+0100][2554.836s] GC(202) Metaspace: 63257K(63936K)->63257K(63936K) NonClass: 56246K(56576K)->56246K(56576K) Class: 7011K(7360K)->7011K(7360K)
[2024-01-11T17:51:18.615+0100][2554.836s] GC(202) Pause Young (Normal) (G1 Evacuation Pause) 421M->137M(512M) 4.012ms
[2024-01-11T17:51:18.615+0100][2554.836s] GC(202) User=0.00s Sys=0.00s Real=0.00s
[2024-01-11T17:51:19.793+0100][2556.013s] GC(203) Pause Young (Normal) (G1 Evacuation Pause)
[2024-01-11T17:51:19.793+0100][2556.013s] GC(203) Using 10 workers of 10 for evacuation
[2024-01-11T17:51:19.796+0100][2556.017s] GC(203)   Pre Evacuate Collection Set: 0.1ms
[2024-01-11T17:51:19.796+0100][2556.017s] GC(203)   Merge Heap Roots: 0.1ms
[2024-01-11T17:51:19.796+0100][2556.017s] GC(203)   Evacuate Collection Set: 3.4ms
[2024-01-11T17:51:19.796+0100][2556.017s] GC(203)   Post Evacuate Collection Set: 0.5ms
[2024-01-11T17:51:19.796+0100][2556.017s] GC(203)   Other: 0.1ms
[2024-01-11T17:51:19.796+0100][2556.017s] GC(203) Eden regions: 285->0(284)
[2024-01-11T17:51:19.796+0100][2556.017s] GC(203) Survivor regions: 22->23(39)
[2024-01-11T17:51:19.796+0100][2556.017s] GC(203) Old regions: 112->113
[2024-01-11T17:51:19.796+0100][2556.017s] GC(203) Archive regions: 0->0
[2024-01-11T17:51:19.796+0100][2556.017s] GC(203) Humongous regions: 4->4
[2024-01-11T17:51:19.796+0100][2556.017s] GC(203) Metaspace: 63257K(63936K)->63257K(63936K) NonClass: 56246K(56576K)->56246K(56576K) Class: 7011K(7360K)->7011K(7360K)
[2024-01-11T17:51:19.796+0100][2556.017s] GC(203) Pause Young (Normal) (G1 Evacuation Pause) 422M->139M(512M) 4.422ms
[2024-01-11T17:51:19.796+0100][2556.017s] GC(203) User=0.00s Sys=0.00s Real=0.00s
[2024-01-11T17:51:20.957+0100][2557.178s] GC(204) Pause Young (Normal) (G1 Evacuation Pause)
[2024-01-11T17:51:20.957+0100][2557.178s] GC(204) Using 10 workers of 10 for evacuation
[2024-01-11T17:51:20.961+0100][2557.182s] GC(204)   Pre Evacuate Collection Set: 0.1ms
[2024-01-11T17:51:20.961+0100][2557.182s] GC(204)   Merge Heap Roots: 0.1ms
[2024-01-11T17:51:20.961+0100][2557.182s] GC(204)   Evacuate Collection Set: 3.2ms
[2024-01-11T17:51:20.961+0100][2557.182s] GC(204)   Post Evacuate Collection Set: 0.4ms
[2024-01-11T17:51:20.961+0100][2557.182s] GC(204)   Other: 0.1ms
[2024-01-11T17:51:20.961+0100][2557.182s] GC(204) Eden regions: 284->0(284)
[2024-01-11T17:51:20.961+0100][2557.182s] GC(204) Survivor regions: 23->23(39)
[2024-01-11T17:51:20.961+0100][2557.182s] GC(204) Old regions: 113->115
[2024-01-11T17:51:20.961+0100][2557.182s] GC(204) Archive regions: 0->0
[2024-01-11T17:51:20.961+0100][2557.182s] GC(204) Humongous regions: 4->4
[2024-01-11T17:51:20.961+0100][2557.182s] GC(204) Metaspace: 63257K(63936K)->63257K(63936K) NonClass: 56246K(56576K)->56246K(56576K) Class: 7011K(7360K)->7011K(7360K)
[2024-01-11T17:51:20.961+0100][2557.182s] GC(204) Pause Young (Normal) (G1 Evacuation Pause) 423M->140M(512M) 4.118ms
[2024-01-11T17:51:20.961+0100][2557.182s] GC(204) User=0.00s Sys=0.00s Real=0.00s
[2024-01-11T17:51:22.127+0100][2558.347s] GC(205) Pause Young (Normal) (G1 Evacuation Pause)
[2024-01-11T17:51:22.127+0100][2558.347s] GC(205) Using 10 workers of 10 for evacuation
[2024-01-11T17:51:22.131+0100][2558.351s] GC(205)   Pre Evacuate Collection Set: 0.1ms
[2024-01-11T17:51:22.131+0100][2558.351s] GC(205)   Merge Heap Roots: 0.1ms
[2024-01-11T17:51:22.131+0100][2558.351s] GC(205)   Evacuate Collection Set: 3.2ms
[2024-01-11T17:51:22.131+0100][2558.351s] GC(205)   Post Evacuate Collection Set: 0.5ms
[2024-01-11T17:51:22.131+0100][2558.351s] GC(205)   Other: 0.1ms
[2024-01-11T17:51:22.131+0100][2558.351s] GC(205) Eden regions: 284->0(284)
[2024-01-11T17:51:22.131+0100][2558.351s] GC(205) Survivor regions: 23->23(39)
[2024-01-11T17:51:22.131+0100][2558.351s] GC(205) Old regions: 115->117
[2024-01-11T17:51:22.131+0100][2558.352s] GC(205) Archive regions: 0->0
[2024-01-11T17:51:22.131+0100][2558.352s] GC(205) Humongous regions: 4->4
[2024-01-11T17:51:22.131+0100][2558.352s] GC(205) Metaspace: 63257K(63936K)->63257K(63936K) NonClass: 56246K(56576K)->56246K(56576K) Class: 7011K(7360K)->7011K(7360K)
[2024-01-11T17:51:22.131+0100][2558.352s] GC(205) Pause Young (Normal) (G1 Evacuation Pause) 424M->142M(512M) 4.129ms
[2024-01-11T17:51:22.131+0100][2558.352s] GC(205) User=0.00s Sys=0.00s Real=0.00s
[2024-01-11T17:51:23.324+0100][2559.545s] GC(206) Pause Young (Normal) (G1 Evacuation Pause)
[2024-01-11T17:51:23.324+0100][2559.545s] GC(206) Using 10 workers of 10 for evacuation
[2024-01-11T17:51:23.328+0100][2559.550s] GC(206)   Pre Evacuate Collection Set: 0.1ms
[2024-01-11T17:51:23.328+0100][2559.550s] GC(206)   Merge Heap Roots: 0.1ms
[2024-01-11T17:51:23.328+0100][2559.550s] GC(206)   Evacuate Collection Set: 3.5ms
[2024-01-11T17:51:23.328+0100][2559.550s] GC(206)   Post Evacuate Collection Set: 0.6ms
[2024-01-11T17:51:23.329+0100][2559.550s] GC(206)   Other: 0.1ms
[2024-01-11T17:51:23.329+0100][2559.550s] GC(206) Eden regions: 284->0(284)
[2024-01-11T17:51:23.329+0100][2559.550s] GC(206) Survivor regions: 23->23(39)
[2024-01-11T17:51:23.329+0100][2559.550s] GC(206) Old regions: 117->118
[2024-01-11T17:51:23.329+0100][2559.550s] GC(206) Archive regions: 0->0
[2024-01-11T17:51:23.329+0100][2559.550s] GC(206) Humongous regions: 4->4
[2024-01-11T17:51:23.329+0100][2559.550s] GC(206) Metaspace: 63257K(63936K)->63257K(63936K) NonClass: 56246K(56576K)->56246K(56576K) Class: 7011K(7360K)->7011K(7360K)
[2024-01-11T17:51:23.329+0100][2559.550s] GC(206) Pause Young (Normal) (G1 Evacuation Pause) 426M->144M(512M) 4.693ms
[2024-01-11T17:51:23.329+0100][2559.550s] GC(206) User=0.16s Sys=0.00s Real=0.01s
[2024-01-11T17:51:24.475+0100][2560.696s] GC(207) Pause Young (Concurrent Start) (G1 Evacuation Pause)
[2024-01-11T17:51:24.475+0100][2560.696s] GC(207) Using 10 workers of 10 for evacuation
[2024-01-11T17:51:24.479+0100][2560.700s] GC(207)   Pre Evacuate Collection Set: 0.1ms
[2024-01-11T17:51:24.479+0100][2560.700s] GC(207)   Merge Heap Roots: 0.1ms
[2024-01-11T17:51:24.479+0100][2560.700s] GC(207)   Evacuate Collection Set: 3.3ms
[2024-01-11T17:51:24.479+0100][2560.700s] GC(207)   Post Evacuate Collection Set: 0.5ms
[2024-01-11T17:51:24.479+0100][2560.700s] GC(207)   Other: 0.1ms
[2024-01-11T17:51:24.479+0100][2560.700s] GC(207) Eden regions: 284->0(286)
[2024-01-11T17:51:24.479+0100][2560.700s] GC(207) Survivor regions: 23->21(39)
[2024-01-11T17:51:24.479+0100][2560.700s] GC(207) Old regions: 118->121
[2024-01-11T17:51:24.479+0100][2560.700s] GC(207) Archive regions: 0->0
[2024-01-11T17:51:24.479+0100][2560.700s] GC(207) Humongous regions: 4->4
[2024-01-11T17:51:24.479+0100][2560.700s] GC(207) Metaspace: 63257K(63936K)->63257K(63936K) NonClass: 56246K(56576K)->56246K(56576K) Class: 7011K(7360K)->7011K(7360K)
[2024-01-11T17:51:24.479+0100][2560.700s] GC(207) Pause Young (Concurrent Start) (G1 Evacuation Pause) 428M->145M(512M) 4.282ms
[2024-01-11T17:51:24.479+0100][2560.700s] GC(208) Concurrent Mark Cycle
[2024-01-11T17:51:24.479+0100][2560.700s] GC(207) User=0.00s Sys=0.00s Real=0.00s
[2024-01-11T17:51:24.479+0100][2560.700s] GC(208) Concurrent Clear Claimed Marks
[2024-01-11T17:51:24.479+0100][2560.700s] GC(208) Concurrent Clear Claimed Marks 0.057ms
[2024-01-11T17:51:24.479+0100][2560.700s] GC(208) Concurrent Scan Root Regions
[2024-01-11T17:51:24.480+0100][2560.702s] GC(208) Concurrent Scan Root Regions 1.509ms
[2024-01-11T17:51:24.481+0100][2560.702s] GC(208) Concurrent Mark
[2024-01-11T17:51:24.481+0100][2560.702s] GC(208) Concurrent Mark From Roots
[2024-01-11T17:51:24.481+0100][2560.702s] GC(208) Using 3 workers of 3 for marking
[2024-01-11T17:51:24.502+0100][2560.723s] GC(208) Concurrent Mark From Roots 21.475ms
[2024-01-11T17:51:24.502+0100][2560.723s] GC(208) Concurrent Preclean
[2024-01-11T17:51:24.503+0100][2560.724s] GC(208) Concurrent Preclean 0.192ms
[2024-01-11T17:51:24.503+0100][2560.724s] GC(208) Pause Remark
[2024-01-11T17:51:24.508+0100][2560.729s] GC(208) Pause Remark 148M->148M(512M) 4.688ms
[2024-01-11T17:51:24.508+0100][2560.729s] GC(208) User=0.00s Sys=0.00s Real=0.00s
[2024-01-11T17:51:24.508+0100][2560.729s] GC(208) Concurrent Mark 26.746ms
[2024-01-11T17:51:24.508+0100][2560.729s] GC(208) Concurrent Rebuild Remembered Sets
[2024-01-11T17:51:24.522+0100][2560.743s] GC(208) Concurrent Rebuild Remembered Sets 14.696ms
[2024-01-11T17:51:24.522+0100][2560.744s] GC(208) Pause Cleanup
[2024-01-11T17:51:24.522+0100][2560.744s] GC(208) Pause Cleanup 152M->152M(512M) 0.155ms
[2024-01-11T17:51:24.522+0100][2560.744s] GC(208) User=0.00s Sys=0.00s Real=0.00s
[2024-01-11T17:51:24.522+0100][2560.744s] GC(208) Concurrent Cleanup for Next Mark
[2024-01-11T17:51:24.524+0100][2560.745s] GC(208) Concurrent Cleanup for Next Mark 0.888ms
[2024-01-11T17:51:24.524+0100][2560.745s] GC(208) Concurrent Mark Cycle 44.466ms
[2024-01-11T17:51:25.719+0100][2561.939s] GC(209) Pause Young (Prepare Mixed) (G1 Evacuation Pause)
[2024-01-11T17:51:25.719+0100][2561.939s] GC(209) Using 10 workers of 10 for evacuation
[2024-01-11T17:51:25.722+0100][2561.943s] GC(209)   Pre Evacuate Collection Set: 0.1ms
[2024-01-11T17:51:25.722+0100][2561.943s] GC(209)   Merge Heap Roots: 0.1ms
[2024-01-11T17:51:25.722+0100][2561.943s] GC(209)   Evacuate Collection Set: 3.0ms
[2024-01-11T17:51:25.722+0100][2561.943s] GC(209)   Post Evacuate Collection Set: 0.5ms
[2024-01-11T17:51:25.722+0100][2561.943s] GC(209)   Other: 0.1ms
[2024-01-11T17:51:25.722+0100][2561.943s] GC(209) Eden regions: 286->0(2)
[2024-01-11T17:51:25.722+0100][2561.943s] GC(209) Survivor regions: 21->23(39)
[2024-01-11T17:51:25.722+0100][2561.943s] GC(209) Old regions: 121->121
[2024-01-11T17:51:25.722+0100][2561.943s] GC(209) Archive regions: 0->0
[2024-01-11T17:51:25.722+0100][2561.943s] GC(209) Humongous regions: 4->4
[2024-01-11T17:51:25.722+0100][2561.943s] GC(209) Metaspace: 63257K(63936K)->63257K(63936K) NonClass: 56246K(56576K)->56246K(56576K) Class: 7011K(7360K)->7011K(7360K)
[2024-01-11T17:51:25.722+0100][2561.943s] GC(209) Pause Young (Prepare Mixed) (G1 Evacuation Pause) 431M->147M(512M) 3.937ms
[2024-01-11T17:51:25.722+0100][2561.943s] GC(209) User=0.00s Sys=0.00s Real=0.00s
[2024-01-11T17:51:25.735+0100][2561.955s] GC(210) Pause Young (Mixed) (G1 Evacuation Pause)
[2024-01-11T17:51:25.735+0100][2561.956s] GC(210) Using 10 workers of 10 for evacuation
[2024-01-11T17:51:25.738+0100][2561.959s] GC(210)   Pre Evacuate Collection Set: 0.1ms
[2024-01-11T17:51:25.738+0100][2561.959s] GC(210)   Merge Heap Roots: 0.1ms
[2024-01-11T17:51:25.738+0100][2561.959s] GC(210)   Evacuate Collection Set: 2.8ms
[2024-01-11T17:51:25.738+0100][2561.959s] GC(210)   Post Evacuate Collection Set: 0.5ms
[2024-01-11T17:51:25.738+0100][2561.959s] GC(210)   Other: 0.1ms
[2024-01-11T17:51:25.738+0100][2561.959s] GC(210) Eden regions: 2->0(303)
[2024-01-11T17:51:25.738+0100][2561.959s] GC(210) Survivor regions: 23->3(4)
[2024-01-11T17:51:25.738+0100][2561.959s] GC(210) Old regions: 121->138
[2024-01-11T17:51:25.738+0100][2561.959s] GC(210) Archive regions: 0->0
[2024-01-11T17:51:25.738+0100][2561.959s] GC(210) Humongous regions: 4->4
[2024-01-11T17:51:25.738+0100][2561.959s] GC(210) Metaspace: 63257K(63936K)->63257K(63936K) NonClass: 56246K(56576K)->56246K(56576K) Class: 7011K(7360K)->7011K(7360K)
[2024-01-11T17:51:25.738+0100][2561.959s] GC(210) Pause Young (Mixed) (G1 Evacuation Pause) 149M->144M(512M) 3.751ms
[2024-01-11T17:51:25.738+0100][2561.959s] GC(210) User=0.00s Sys=0.00s Real=0.00s
[2024-01-11T17:51:26.955+0100][2563.176s] GC(211) Pause Young (Normal) (G1 Evacuation Pause)
[2024-01-11T17:51:26.955+0100][2563.176s] GC(211) Using 10 workers of 10 for evacuation
[2024-01-11T17:51:26.956+0100][2563.177s] GC(211)   Pre Evacuate Collection Set: 0.1ms
[2024-01-11T17:51:26.956+0100][2563.177s] GC(211)   Merge Heap Roots: 0.1ms
[2024-01-11T17:51:26.956+0100][2563.177s] GC(211)   Evacuate Collection Set: 0.5ms
[2024-01-11T17:51:26.956+0100][2563.177s] GC(211)   Post Evacuate Collection Set: 0.4ms
[2024-01-11T17:51:26.956+0100][2563.177s] GC(211)   Other: 0.1ms
[2024-01-11T17:51:26.956+0100][2563.177s] GC(211) Eden regions: 303->0(302)
[2024-01-11T17:51:26.956+0100][2563.177s] GC(211) Survivor regions: 3->4(39)
[2024-01-11T17:51:26.956+0100][2563.177s] GC(211) Old regions: 138->138
[2024-01-11T17:51:26.956+0100][2563.177s] GC(211) Archive regions: 0->0
[2024-01-11T17:51:26.956+0100][2563.177s] GC(211) Humongous regions: 4->4
[2024-01-11T17:51:26.956+0100][2563.177s] GC(211) Metaspace: 63257K(63936K)->63257K(63936K) NonClass: 56246K(56576K)->56246K(56576K) Class: 7011K(7360K)->7011K(7360K)
[2024-01-11T17:51:26.956+0100][2563.177s] GC(211) Pause Young (Normal) (G1 Evacuation Pause) 447M->144M(512M) 1.253ms
[2024-01-11T17:51:26.956+0100][2563.177s] GC(211) User=0.00s Sys=0.00s Real=0.00s
[2024-01-11T18:03:09.004+0100][3265.225s] GC(212) Pause Young (Concurrent Start) (CodeCache GC Threshold)
[2024-01-11T18:03:09.004+0100][3265.225s] GC(212) Using 10 workers of 10 for evacuation
[2024-01-11T18:03:09.007+0100][3265.228s] GC(212)   Pre Evacuate Collection Set: 0.1ms
[2024-01-11T18:03:09.008+0100][3265.228s] GC(212)   Merge Heap Roots: 0.1ms
[2024-01-11T18:03:09.008+0100][3265.228s] GC(212)   Evacuate Collection Set: 2.3ms
[2024-01-11T18:03:09.008+0100][3265.228s] GC(212)   Post Evacuate Collection Set: 0.5ms
[2024-01-11T18:03:09.008+0100][3265.228s] GC(212)   Other: 0.1ms
[2024-01-11T18:03:09.008+0100][3265.228s] GC(212) Eden regions: 175->0(300)
[2024-01-11T18:03:09.008+0100][3265.228s] GC(212) Survivor regions: 4->6(39)
[2024-01-11T18:03:09.008+0100][3265.228s] GC(212) Old regions: 138->138
[2024-01-11T18:03:09.008+0100][3265.228s] GC(212) Archive regions: 0->0
[2024-01-11T18:03:09.008+0100][3265.228s] GC(212) Humongous regions: 4->4
[2024-01-11T18:03:09.008+0100][3265.228s] GC(212) Metaspace: 63553K(64128K)->63553K(64128K) NonClass: 56513K(56768K)->56513K(56768K) Class: 7040K(7360K)->7040K(7360K)
[2024-01-11T18:03:09.008+0100][3265.228s] GC(212) Pause Young (Concurrent Start) (CodeCache GC Threshold) 319M->146M(512M) 3.402ms
[2024-01-11T18:03:09.008+0100][3265.228s] GC(212) User=0.00s Sys=0.00s Real=0.00s
[2024-01-11T18:03:09.008+0100][3265.228s] GC(213) Concurrent Mark Cycle
[2024-01-11T18:03:09.008+0100][3265.228s] GC(213) Concurrent Clear Claimed Marks
[2024-01-11T18:03:09.008+0100][3265.228s] GC(213) Concurrent Clear Claimed Marks 0.044ms
[2024-01-11T18:03:09.008+0100][3265.228s] GC(213) Concurrent Scan Root Regions
[2024-01-11T18:03:09.010+0100][3265.230s] GC(213) Concurrent Scan Root Regions 1.832ms
[2024-01-11T18:03:09.010+0100][3265.230s] GC(213) Concurrent Mark
[2024-01-11T18:03:09.010+0100][3265.230s] GC(213) Concurrent Mark From Roots
[2024-01-11T18:03:09.010+0100][3265.230s] GC(213) Using 3 workers of 3 for marking
[2024-01-11T18:03:09.045+0100][3265.266s] GC(213) Concurrent Mark From Roots 35.528ms
[2024-01-11T18:03:09.045+0100][3265.266s] GC(213) Concurrent Preclean
[2024-01-11T18:03:09.046+0100][3265.266s] GC(213) Concurrent Preclean 0.183ms
[2024-01-11T18:03:09.046+0100][3265.266s] GC(213) Pause Remark
[2024-01-11T18:03:09.056+0100][3265.278s] GC(213) Pause Remark 147M->145M(512M) 11.301ms
[2024-01-11T18:03:09.056+0100][3265.278s] GC(213) User=0.14s Sys=0.02s Real=0.01s
[2024-01-11T18:03:09.056+0100][3265.278s] GC(213) Concurrent Mark 47.385ms
[2024-01-11T18:03:09.056+0100][3265.278s] GC(213) Concurrent Rebuild Remembered Sets
[2024-01-11T18:03:09.069+0100][3265.290s] GC(213) Concurrent Rebuild Remembered Sets 12.368ms
[2024-01-11T18:03:09.069+0100][3265.290s] GC(213) Pause Cleanup
[2024-01-11T18:03:09.069+0100][3265.291s] GC(213) Pause Cleanup 145M->145M(512M) 0.176ms
[2024-01-11T18:03:09.069+0100][3265.291s] GC(213) User=0.00s Sys=0.00s Real=0.00s
[2024-01-11T18:03:09.069+0100][3265.291s] GC(213) Concurrent Cleanup for Next Mark
[2024-01-11T18:03:09.070+0100][3265.291s] GC(213) Concurrent Cleanup for Next Mark 0.660ms
[2024-01-11T18:03:09.070+0100][3265.291s] GC(213) Concurrent Mark Cycle 62.970ms
[2024-01-11T18:08:28.094+0100][3584.314s] Heap
[2024-01-11T18:08:28.094+0100][3584.314s]  garbage-first heap   total 524288K, used 175912K [0x00000000e0000000, 0x0000000100000000)
[2024-01-11T18:08:28.094+0100][3584.314s]   region size 1024K, 33 young (33792K), 6 survivors (6144K)
[2024-01-11T18:08:28.094+0100][3584.314s]  Metaspace       used 63766K, committed 64256K, reserved 1114112K
[2024-01-11T18:08:28.094+0100][3584.314s]   class space    used 7066K, committed 7360K, reserved 1048576K
