[2023-12-29T14:12:54.018+0100][0.011s] CardTable entry size: 512
[2023-12-29T14:12:54.018+0100][0.011s] Using G1
[2023-12-29T14:12:54.127+0100][0.119s] Version: 19.0.1+10-21 (release)
[2023-12-29T14:12:54.127+0100][0.119s] CPUs: 12 total, 12 available
[2023-12-29T14:12:54.127+0100][0.119s] Memory: 16220M
[2023-12-29T14:12:54.127+0100][0.119s] Large Page Support: Disabled
[2023-12-29T14:12:54.127+0100][0.120s] NUMA Support: Disabled
[2023-12-29T14:12:54.127+0100][0.120s] Compressed Oops: Enabled (32-bit)
[2023-12-29T14:12:54.127+0100][0.120s] Heap Region Size: 1M
[2023-12-29T14:12:54.127+0100][0.120s] Heap Min Capacity: 512M
[2023-12-29T14:12:54.127+0100][0.120s] Heap Initial Capacity: 512M
[2023-12-29T14:12:54.127+0100][0.120s] Heap Max Capacity: 512M
[2023-12-29T14:12:54.127+0100][0.120s] Pre-touch: Enabled
[2023-12-29T14:12:54.127+0100][0.120s] Parallel Workers: 10
[2023-12-29T14:12:54.127+0100][0.120s] Concurrent Workers: 3
[2023-12-29T14:12:54.127+0100][0.120s] Concurrent Refinement Workers: 10
[2023-12-29T14:12:54.127+0100][0.120s] Periodic GC: Disabled
[2023-12-29T14:12:54.128+0100][0.120s] CDS archive(s) mapped at: [0x0000000800000000-0x0000000800c40000-0x0000000800c40000), size 12845056, SharedBaseAddress: 0x0000000800000000, ArchiveRelocationMode: 0.
[2023-12-29T14:12:54.128+0100][0.120s] Compressed class space mapped at: 0x0000000801000000-0x0000000841000000, reserved size: 1073741824
[2023-12-29T14:12:54.128+0100][0.120s] Narrow klass base: 0x0000000800000000, Narrow klass shift: 0, Narrow klass range: 0x100000000
[2023-12-29T14:12:54.680+0100][0.673s] GC(0) Pause Young (Normal) (G1 Evacuation Pause)
[2023-12-29T14:12:54.680+0100][0.674s] GC(0) Using 10 workers of 10 for evacuation
[2023-12-29T14:12:54.683+0100][0.676s] GC(0)   Pre Evacuate Collection Set: 0.0ms
[2023-12-29T14:12:54.683+0100][0.676s] GC(0)   Merge Heap Roots: 0.0ms
[2023-12-29T14:12:54.683+0100][0.676s] GC(0)   Evacuate Collection Set: 1.9ms
[2023-12-29T14:12:54.683+0100][0.676s] GC(0)   Post Evacuate Collection Set: 0.3ms
[2023-12-29T14:12:54.683+0100][0.676s] GC(0)   Other: 0.4ms
[2023-12-29T14:12:54.683+0100][0.676s] GC(0) Eden regions: 29->0(41)
[2023-12-29T14:12:54.683+0100][0.676s] GC(0) Survivor regions: 0->4(4)
[2023-12-29T14:12:54.683+0100][0.676s] GC(0) Old regions: 0->0
[2023-12-29T14:12:54.683+0100][0.676s] GC(0) Archive regions: 0->0
[2023-12-29T14:12:54.683+0100][0.676s] GC(0) Humongous regions: 0->0
[2023-12-29T14:12:54.683+0100][0.676s] GC(0) Metaspace: 7960K(8192K)->7960K(8192K) NonClass: 7057K(7168K)->7057K(7168K) Class: 902K(1024K)->902K(1024K)
[2023-12-29T14:12:54.683+0100][0.676s] GC(0) Pause Young (Normal) (G1 Evacuation Pause) 29M->3M(512M) 3.056ms
[2023-12-29T14:12:54.683+0100][0.676s] GC(0) User=0.00s Sys=0.00s Real=0.00s
[2023-12-29T14:13:04.221+0100][10.214s] GC(1) Pause Young (Normal) (G1 Evacuation Pause)
[2023-12-29T14:13:04.221+0100][10.214s] GC(1) Using 10 workers of 10 for evacuation
[2023-12-29T14:13:04.227+0100][10.220s] GC(1)   Pre Evacuate Collection Set: 0.1ms
[2023-12-29T14:13:04.227+0100][10.220s] GC(1)   Merge Heap Roots: 0.1ms
[2023-12-29T14:13:04.227+0100][10.220s] GC(1)   Evacuate Collection Set: 5.4ms
[2023-12-29T14:13:04.227+0100][10.220s] GC(1)   Post Evacuate Collection Set: 0.7ms
[2023-12-29T14:13:04.227+0100][10.220s] GC(1)   Other: 0.1ms
[2023-12-29T14:13:04.227+0100][10.220s] GC(1) Eden regions: 41->0(197)
[2023-12-29T14:13:04.227+0100][10.220s] GC(1) Survivor regions: 4->6(6)
[2023-12-29T14:13:04.227+0100][10.220s] GC(1) Old regions: 0->9
[2023-12-29T14:13:04.227+0100][10.220s] GC(1) Archive regions: 0->0
[2023-12-29T14:13:04.227+0100][10.220s] GC(1) Humongous regions: 4->4
[2023-12-29T14:13:04.227+0100][10.220s] GC(1) Metaspace: 18709K(19136K)->18709K(19136K) NonClass: 16622K(16832K)->16622K(16832K) Class: 2087K(2304K)->2087K(2304K)
[2023-12-29T14:13:04.227+0100][10.220s] GC(1) Pause Young (Normal) (G1 Evacuation Pause) 48M->18M(512M) 6.494ms
[2023-12-29T14:13:04.227+0100][10.220s] GC(1) User=0.00s Sys=0.00s Real=0.01s
[2023-12-29T14:13:04.874+0100][10.868s] GC(2) Pause Young (Concurrent Start) (Metadata GC Threshold)
[2023-12-29T14:13:04.875+0100][10.868s] GC(2) Using 10 workers of 10 for evacuation
[2023-12-29T14:13:04.878+0100][10.872s] GC(2)   Pre Evacuate Collection Set: 0.2ms
[2023-12-29T14:13:04.878+0100][10.872s] GC(2)   Merge Heap Roots: 0.1ms
[2023-12-29T14:13:04.878+0100][10.872s] GC(2)   Evacuate Collection Set: 2.8ms
[2023-12-29T14:13:04.878+0100][10.872s] GC(2)   Post Evacuate Collection Set: 0.6ms
[2023-12-29T14:13:04.879+0100][10.872s] GC(2)   Other: 0.1ms
[2023-12-29T14:13:04.879+0100][10.872s] GC(2) Eden regions: 97->0(212)
[2023-12-29T14:13:04.879+0100][10.872s] GC(2) Survivor regions: 6->12(26)
[2023-12-29T14:13:04.879+0100][10.872s] GC(2) Old regions: 9->9
[2023-12-29T14:13:04.879+0100][10.872s] GC(2) Archive regions: 0->0
[2023-12-29T14:13:04.879+0100][10.872s] GC(2) Humongous regions: 4->4
[2023-12-29T14:13:04.879+0100][10.872s] GC(2) Metaspace: 21120K(21504K)->21120K(21504K) NonClass: 18785K(18944K)->18785K(18944K) Class: 2334K(2560K)->2334K(2560K)
[2023-12-29T14:13:04.879+0100][10.872s] GC(2) Pause Young (Concurrent Start) (Metadata GC Threshold) 115M->23M(512M) 4.162ms
[2023-12-29T14:13:04.879+0100][10.872s] GC(2) User=0.02s Sys=0.02s Real=0.00s
[2023-12-29T14:13:04.879+0100][10.872s] GC(3) Concurrent Mark Cycle
[2023-12-29T14:13:04.879+0100][10.872s] GC(3) Concurrent Clear Claimed Marks
[2023-12-29T14:13:04.879+0100][10.872s] GC(3) Concurrent Clear Claimed Marks 0.058ms
[2023-12-29T14:13:04.879+0100][10.872s] GC(3) Concurrent Scan Root Regions
[2023-12-29T14:13:04.881+0100][10.874s] GC(3) Concurrent Scan Root Regions 1.847ms
[2023-12-29T14:13:04.881+0100][10.874s] GC(3) Concurrent Mark
[2023-12-29T14:13:04.881+0100][10.874s] GC(3) Concurrent Mark From Roots
[2023-12-29T14:13:04.881+0100][10.874s] GC(3) Using 3 workers of 3 for marking
[2023-12-29T14:13:04.887+0100][10.880s] GC(3) Concurrent Mark From Roots 5.984ms
[2023-12-29T14:13:04.887+0100][10.880s] GC(3) Concurrent Preclean
[2023-12-29T14:13:04.887+0100][10.880s] GC(3) Concurrent Preclean 0.054ms
[2023-12-29T14:13:04.887+0100][10.881s] GC(3) Pause Remark
[2023-12-29T14:13:04.888+0100][10.882s] GC(3) Pause Remark 24M->24M(512M) 1.270ms
[2023-12-29T14:13:04.888+0100][10.882s] GC(3) User=0.00s Sys=0.00s Real=0.00s
[2023-12-29T14:13:04.888+0100][10.882s] GC(3) Concurrent Mark 7.641ms
[2023-12-29T14:13:04.888+0100][10.882s] GC(3) Concurrent Rebuild Remembered Sets
[2023-12-29T14:13:04.891+0100][10.884s] GC(3) Concurrent Rebuild Remembered Sets 2.084ms
[2023-12-29T14:13:04.891+0100][10.884s] GC(3) Pause Cleanup
[2023-12-29T14:13:04.891+0100][10.885s] GC(3) Pause Cleanup 24M->24M(512M) 0.185ms
[2023-12-29T14:13:04.891+0100][10.885s] GC(3) User=0.00s Sys=0.00s Real=0.00s
[2023-12-29T14:13:04.891+0100][10.885s] GC(3) Concurrent Cleanup for Next Mark
[2023-12-29T14:13:04.892+0100][10.885s] GC(3) Concurrent Cleanup for Next Mark 0.770ms
[2023-12-29T14:13:04.892+0100][10.886s] GC(3) Concurrent Mark Cycle 13.145ms
[2023-12-29T14:13:05.077+0100][11.070s] GC(4) Pause Young (Concurrent Start) (CodeCache GC Threshold)
[2023-12-29T14:13:05.077+0100][11.070s] GC(4) Using 10 workers of 10 for evacuation
[2023-12-29T14:13:05.081+0100][11.074s] GC(4)   Pre Evacuate Collection Set: 0.1ms
[2023-12-29T14:13:05.081+0100][11.074s] GC(4)   Merge Heap Roots: 0.1ms
[2023-12-29T14:13:05.081+0100][11.074s] GC(4)   Evacuate Collection Set: 2.8ms
[2023-12-29T14:13:05.081+0100][11.074s] GC(4)   Post Evacuate Collection Set: 0.5ms
[2023-12-29T14:13:05.081+0100][11.074s] GC(4)   Other: 0.2ms
[2023-12-29T14:13:05.081+0100][11.074s] GC(4) Eden regions: 23->0(293)
[2023-12-29T14:13:05.081+0100][11.074s] GC(4) Survivor regions: 12->14(28)
[2023-12-29T14:13:05.081+0100][11.074s] GC(4) Old regions: 9->9
[2023-12-29T14:13:05.081+0100][11.074s] GC(4) Archive regions: 0->0
[2023-12-29T14:13:05.081+0100][11.074s] GC(4) Humongous regions: 5->4
[2023-12-29T14:13:05.081+0100][11.074s] GC(4) Metaspace: 23713K(24192K)->23713K(24192K) NonClass: 21002K(21248K)->21002K(21248K) Class: 2711K(2944K)->2711K(2944K)
[2023-12-29T14:13:05.081+0100][11.074s] GC(4) Pause Young (Concurrent Start) (CodeCache GC Threshold) 46M->25M(512M) 3.886ms
[2023-12-29T14:13:05.081+0100][11.074s] GC(4) User=0.08s Sys=0.00s Real=0.00s
[2023-12-29T14:13:05.081+0100][11.074s] GC(5) Concurrent Mark Cycle
[2023-12-29T14:13:05.081+0100][11.074s] GC(5) Concurrent Clear Claimed Marks
[2023-12-29T14:13:05.081+0100][11.074s] GC(5) Concurrent Clear Claimed Marks 0.029ms
[2023-12-29T14:13:05.081+0100][11.074s] GC(5) Concurrent Scan Root Regions
[2023-12-29T14:13:05.084+0100][11.077s] GC(5) Concurrent Scan Root Regions 2.920ms
[2023-12-29T14:13:05.084+0100][11.077s] GC(5) Concurrent Mark
[2023-12-29T14:13:05.084+0100][11.077s] GC(5) Concurrent Mark From Roots
[2023-12-29T14:13:05.084+0100][11.077s] GC(5) Using 3 workers of 3 for marking
[2023-12-29T14:13:05.088+0100][11.081s] GC(5) Concurrent Mark From Roots 3.955ms
[2023-12-29T14:13:05.088+0100][11.081s] GC(5) Concurrent Preclean
[2023-12-29T14:13:05.088+0100][11.081s] GC(5) Concurrent Preclean 0.042ms
[2023-12-29T14:13:05.088+0100][11.082s] GC(5) Pause Remark
[2023-12-29T14:13:05.090+0100][11.083s] GC(5) Pause Remark 26M->26M(512M) 1.175ms
[2023-12-29T14:13:05.090+0100][11.083s] GC(5) User=0.00s Sys=0.00s Real=0.00s
[2023-12-29T14:13:05.090+0100][11.083s] GC(5) Concurrent Mark 5.508ms
[2023-12-29T14:13:05.090+0100][11.083s] GC(5) Concurrent Rebuild Remembered Sets
[2023-12-29T14:13:05.093+0100][11.086s] GC(5) Concurrent Rebuild Remembered Sets 3.138ms
[2023-12-29T14:13:05.093+0100][11.086s] GC(5) Pause Cleanup
[2023-12-29T14:13:05.093+0100][11.086s] GC(5) Pause Cleanup 27M->27M(512M) 0.150ms
[2023-12-29T14:13:05.093+0100][11.086s] GC(5) User=0.00s Sys=0.00s Real=0.00s
[2023-12-29T14:13:05.093+0100][11.086s] GC(5) Concurrent Cleanup for Next Mark
[2023-12-29T14:13:05.094+0100][11.087s] GC(5) Concurrent Cleanup for Next Mark 0.910ms
[2023-12-29T14:13:05.094+0100][11.087s] GC(5) Concurrent Mark Cycle 13.171ms
[2023-12-29T14:13:42.426+0100][48.419s] GC(6) Pause Young (Concurrent Start) (Metadata GC Threshold)
[2023-12-29T14:13:42.426+0100][48.419s] GC(6) Using 10 workers of 10 for evacuation
[2023-12-29T14:13:42.433+0100][48.427s] GC(6)   Pre Evacuate Collection Set: 0.1ms
[2023-12-29T14:13:42.433+0100][48.427s] GC(6)   Merge Heap Roots: 0.0ms
[2023-12-29T14:13:42.434+0100][48.427s] GC(6)   Evacuate Collection Set: 6.7ms
[2023-12-29T14:13:42.434+0100][48.427s] GC(6)   Post Evacuate Collection Set: 0.7ms
[2023-12-29T14:13:42.434+0100][48.427s] GC(6)   Other: 0.1ms
[2023-12-29T14:13:42.434+0100][48.427s] GC(6) Eden regions: 114->0(288)
[2023-12-29T14:13:42.434+0100][48.427s] GC(6) Survivor regions: 14->19(39)
[2023-12-29T14:13:42.434+0100][48.427s] GC(6) Old regions: 9->9
[2023-12-29T14:13:42.434+0100][48.427s] GC(6) Archive regions: 0->0
[2023-12-29T14:13:42.434+0100][48.427s] GC(6) Humongous regions: 4->4
[2023-12-29T14:13:42.434+0100][48.427s] GC(6) Metaspace: 39946K(40448K)->39946K(40448K) NonClass: 35343K(35584K)->35343K(35584K) Class: 4602K(4864K)->4602K(4864K)
[2023-12-29T14:13:42.434+0100][48.427s] GC(6) Pause Young (Concurrent Start) (Metadata GC Threshold) 139M->31M(512M) 7.872ms
[2023-12-29T14:13:42.434+0100][48.427s] GC(6) User=0.00s Sys=0.00s Real=0.01s
[2023-12-29T14:13:42.434+0100][48.427s] GC(7) Concurrent Mark Cycle
[2023-12-29T14:13:42.434+0100][48.427s] GC(7) Concurrent Clear Claimed Marks
[2023-12-29T14:13:42.434+0100][48.427s] GC(7) Concurrent Clear Claimed Marks 0.045ms
[2023-12-29T14:13:42.434+0100][48.427s] GC(7) Concurrent Scan Root Regions
[2023-12-29T14:13:42.437+0100][48.431s] GC(7) Concurrent Scan Root Regions 3.414ms
[2023-12-29T14:13:42.437+0100][48.431s] GC(7) Concurrent Mark
[2023-12-29T14:13:42.437+0100][48.431s] GC(7) Concurrent Mark From Roots
[2023-12-29T14:13:42.437+0100][48.431s] GC(7) Using 3 workers of 3 for marking
[2023-12-29T14:13:42.443+0100][48.436s] GC(7) Concurrent Mark From Roots 5.787ms
[2023-12-29T14:13:42.443+0100][48.436s] GC(7) Concurrent Preclean
[2023-12-29T14:13:42.443+0100][48.437s] GC(7) Concurrent Preclean 0.048ms
[2023-12-29T14:13:42.443+0100][48.437s] GC(7) Pause Remark
[2023-12-29T14:13:42.445+0100][48.438s] GC(7) Pause Remark 32M->32M(512M) 1.337ms
[2023-12-29T14:13:42.445+0100][48.438s] GC(7) User=0.00s Sys=0.00s Real=0.00s
[2023-12-29T14:13:42.445+0100][48.438s] GC(7) Concurrent Mark 7.372ms
[2023-12-29T14:13:42.445+0100][48.438s] GC(7) Concurrent Rebuild Remembered Sets
[2023-12-29T14:13:42.448+0100][48.441s] GC(7) Concurrent Rebuild Remembered Sets 2.927ms
[2023-12-29T14:13:42.448+0100][48.441s] GC(7) Pause Cleanup
[2023-12-29T14:13:42.448+0100][48.441s] GC(7) Pause Cleanup 33M->33M(512M) 0.113ms
[2023-12-29T14:13:42.448+0100][48.441s] GC(7) User=0.00s Sys=0.00s Real=0.00s
[2023-12-29T14:13:42.448+0100][48.441s] GC(7) Concurrent Cleanup for Next Mark
[2023-12-29T14:13:42.449+0100][48.442s] GC(7) Concurrent Cleanup for Next Mark 1.161ms
[2023-12-29T14:13:42.449+0100][48.442s] GC(7) Concurrent Mark Cycle 15.432ms
[2023-12-29T14:13:42.660+0100][48.653s] GC(8) Pause Young (Concurrent Start) (CodeCache GC Threshold)
[2023-12-29T14:13:42.660+0100][48.653s] GC(8) Using 10 workers of 10 for evacuation
[2023-12-29T14:13:42.666+0100][48.659s] GC(8)   Pre Evacuate Collection Set: 0.1ms
[2023-12-29T14:13:42.666+0100][48.659s] GC(8)   Merge Heap Roots: 0.0ms
[2023-12-29T14:13:42.666+0100][48.659s] GC(8)   Evacuate Collection Set: 5.6ms
[2023-12-29T14:13:42.666+0100][48.659s] GC(8)   Post Evacuate Collection Set: 0.4ms
[2023-12-29T14:13:42.666+0100][48.659s] GC(8)   Other: 0.0ms
[2023-12-29T14:13:42.666+0100][48.659s] GC(8) Eden regions: 46->0(285)
[2023-12-29T14:13:42.666+0100][48.659s] GC(8) Survivor regions: 19->22(39)
[2023-12-29T14:13:42.666+0100][48.659s] GC(8) Old regions: 9->9
[2023-12-29T14:13:42.666+0100][48.659s] GC(8) Archive regions: 0->0
[2023-12-29T14:13:42.666+0100][48.659s] GC(8) Humongous regions: 6->6
[2023-12-29T14:13:42.666+0100][48.659s] GC(8) Metaspace: 43788K(44352K)->43788K(44352K) NonClass: 38666K(38976K)->38666K(38976K) Class: 5122K(5376K)->5122K(5376K)
[2023-12-29T14:13:42.666+0100][48.659s] GC(8) Pause Young (Concurrent Start) (CodeCache GC Threshold) 79M->35M(512M) 6.417ms
[2023-12-29T14:13:42.666+0100][48.659s] GC(9) Concurrent Mark Cycle
[2023-12-29T14:13:42.666+0100][48.659s] GC(8) User=0.00s Sys=0.00s Real=0.01s
[2023-12-29T14:13:42.666+0100][48.659s] GC(9) Concurrent Clear Claimed Marks
[2023-12-29T14:13:42.666+0100][48.659s] GC(9) Concurrent Clear Claimed Marks 0.066ms
[2023-12-29T14:13:42.666+0100][48.659s] GC(9) Concurrent Scan Root Regions
[2023-12-29T14:13:42.670+0100][48.662s] GC(9) Concurrent Scan Root Regions 3.357ms
[2023-12-29T14:13:42.670+0100][48.663s] GC(9) Concurrent Mark
[2023-12-29T14:13:42.670+0100][48.663s] GC(9) Concurrent Mark From Roots
[2023-12-29T14:13:42.670+0100][48.663s] GC(9) Using 3 workers of 3 for marking
[2023-12-29T14:13:42.675+0100][48.668s] GC(9) Concurrent Mark From Roots 4.977ms
[2023-12-29T14:13:42.675+0100][48.668s] GC(9) Concurrent Preclean
[2023-12-29T14:13:42.675+0100][48.668s] GC(9) Concurrent Preclean 0.048ms
[2023-12-29T14:13:42.675+0100][48.668s] GC(9) Pause Remark
[2023-12-29T14:13:42.679+0100][48.672s] GC(9) Pause Remark 36M->34M(512M) 4.620ms
[2023-12-29T14:13:42.679+0100][48.672s] GC(9) User=0.00s Sys=0.00s Real=0.00s
[2023-12-29T14:13:42.679+0100][48.672s] GC(9) Concurrent Mark 9.873ms
[2023-12-29T14:13:42.679+0100][48.672s] GC(9) Concurrent Rebuild Remembered Sets
[2023-12-29T14:13:42.682+0100][48.675s] GC(9) Concurrent Rebuild Remembered Sets 2.926ms
[2023-12-29T14:13:42.682+0100][48.675s] GC(9) Pause Cleanup
[2023-12-29T14:13:42.683+0100][48.676s] GC(9) Pause Cleanup 35M->35M(512M) 0.090ms
[2023-12-29T14:13:42.683+0100][48.676s] GC(9) User=0.00s Sys=0.00s Real=0.00s
[2023-12-29T14:13:42.683+0100][48.676s] GC(9) Concurrent Cleanup for Next Mark
[2023-12-29T14:13:42.684+0100][48.676s] GC(9) Concurrent Cleanup for Next Mark 0.918ms
[2023-12-29T14:13:42.684+0100][48.677s] GC(9) Concurrent Mark Cycle 17.512ms
[2023-12-29T14:13:42.697+0100][48.690s] GC(10) Pause Young (Concurrent Start) (CodeCache GC Threshold)
[2023-12-29T14:13:42.697+0100][48.690s] GC(10) Using 10 workers of 10 for evacuation
[2023-12-29T14:13:42.705+0100][48.698s] GC(10)   Pre Evacuate Collection Set: 0.7ms
[2023-12-29T14:13:42.705+0100][48.698s] GC(10)   Merge Heap Roots: 0.7ms
[2023-12-29T14:13:42.705+0100][48.698s] GC(10)   Evacuate Collection Set: 5.7ms
[2023-12-29T14:13:42.705+0100][48.698s] GC(10)   Post Evacuate Collection Set: 0.5ms
[2023-12-29T14:13:42.705+0100][48.698s] GC(10)   Other: 0.0ms
[2023-12-29T14:13:42.705+0100][48.698s] GC(10) Eden regions: 4->0(291)
[2023-12-29T14:13:42.705+0100][48.698s] GC(10) Survivor regions: 22->16(39)
[2023-12-29T14:13:42.705+0100][48.698s] GC(10) Old regions: 9->15
[2023-12-29T14:13:42.705+0100][48.698s] GC(10) Archive regions: 0->0
[2023-12-29T14:13:42.705+0100][48.698s] GC(10) Humongous regions: 4->4
[2023-12-29T14:13:42.705+0100][48.698s] GC(10) Metaspace: 43950K(44480K)->43950K(44480K) NonClass: 38809K(39104K)->38809K(39104K) Class: 5140K(5376K)->5140K(5376K)
[2023-12-29T14:13:42.705+0100][48.698s] GC(10) Pause Young (Concurrent Start) (CodeCache GC Threshold) 37M->34M(512M) 7.918ms
[2023-12-29T14:13:42.705+0100][48.698s] GC(11) Concurrent Mark Cycle
[2023-12-29T14:13:42.705+0100][48.698s] GC(10) User=0.17s Sys=0.00s Real=0.01s
[2023-12-29T14:13:42.705+0100][48.698s] GC(11) Concurrent Clear Claimed Marks
[2023-12-29T14:13:42.705+0100][48.698s] GC(11) Concurrent Clear Claimed Marks 0.067ms
[2023-12-29T14:13:42.705+0100][48.698s] GC(11) Concurrent Scan Root Regions
[2023-12-29T14:13:42.709+0100][48.702s] GC(11) Concurrent Scan Root Regions 3.821ms
[2023-12-29T14:13:42.709+0100][48.702s] GC(11) Concurrent Mark
[2023-12-29T14:13:42.709+0100][48.702s] GC(11) Concurrent Mark From Roots
[2023-12-29T14:13:42.709+0100][48.702s] GC(11) Using 3 workers of 3 for marking
[2023-12-29T14:13:42.713+0100][48.706s] GC(11) Concurrent Mark From Roots 4.556ms
[2023-12-29T14:13:42.713+0100][48.706s] GC(11) Concurrent Preclean
[2023-12-29T14:13:42.713+0100][48.706s] GC(11) Concurrent Preclean 0.047ms
[2023-12-29T14:13:42.714+0100][48.706s] GC(11) Pause Remark
[2023-12-29T14:13:42.715+0100][48.707s] GC(11) Pause Remark 35M->35M(512M) 0.974ms
[2023-12-29T14:13:42.715+0100][48.707s] GC(11) User=0.00s Sys=0.00s Real=0.00s
[2023-12-29T14:13:42.715+0100][48.707s] GC(11) Concurrent Mark 5.737ms
[2023-12-29T14:13:42.715+0100][48.707s] GC(11) Concurrent Rebuild Remembered Sets
[2023-12-29T14:13:42.718+0100][48.711s] GC(11) Concurrent Rebuild Remembered Sets 3.443ms
[2023-12-29T14:13:42.718+0100][48.711s] GC(11) Pause Cleanup
[2023-12-29T14:13:42.718+0100][48.711s] GC(11) Pause Cleanup 36M->36M(512M) 0.067ms
[2023-12-29T14:13:42.718+0100][48.711s] GC(11) User=0.00s Sys=0.00s Real=0.00s
[2023-12-29T14:13:42.718+0100][48.711s] GC(11) Concurrent Cleanup for Next Mark
[2023-12-29T14:13:42.719+0100][48.712s] GC(11) Concurrent Cleanup for Next Mark 0.801ms
[2023-12-29T14:13:42.719+0100][48.712s] GC(11) Concurrent Mark Cycle 14.159ms
[2023-12-29T14:14:44.980+0100][110.974s] GC(12) Pause Young (Concurrent Start) (CodeCache GC Threshold)
[2023-12-29T14:14:44.981+0100][110.974s] GC(12) Using 10 workers of 10 for evacuation
[2023-12-29T14:14:44.991+0100][110.984s] GC(12)   Pre Evacuate Collection Set: 0.1ms
[2023-12-29T14:14:44.991+0100][110.984s] GC(12)   Merge Heap Roots: 0.1ms
[2023-12-29T14:14:44.991+0100][110.984s] GC(12)   Evacuate Collection Set: 8.5ms
[2023-12-29T14:14:44.991+0100][110.984s] GC(12)   Post Evacuate Collection Set: 1.2ms
[2023-12-29T14:14:44.991+0100][110.984s] GC(12)   Other: 0.1ms
[2023-12-29T14:14:44.991+0100][110.984s] GC(12) Eden regions: 199->0(278)
[2023-12-29T14:14:44.991+0100][110.984s] GC(12) Survivor regions: 16->29(39)
[2023-12-29T14:14:44.991+0100][110.984s] GC(12) Old regions: 15->15
[2023-12-29T14:14:44.991+0100][110.984s] GC(12) Archive regions: 0->0
[2023-12-29T14:14:44.991+0100][110.984s] GC(12) Humongous regions: 4->4
[2023-12-29T14:14:44.991+0100][110.984s] GC(12) Metaspace: 57429K(58048K)->57429K(58048K) NonClass: 50574K(50880K)->50574K(50880K) Class: 6854K(7168K)->6854K(7168K)
[2023-12-29T14:14:44.991+0100][110.984s] GC(12) Pause Young (Concurrent Start) (CodeCache GC Threshold) 232M->46M(512M) 10.320ms
[2023-12-29T14:14:44.991+0100][110.984s] GC(12) User=0.12s Sys=0.00s Real=0.01s
[2023-12-29T14:14:44.991+0100][110.984s] GC(13) Concurrent Mark Cycle
[2023-12-29T14:14:44.991+0100][110.984s] GC(13) Concurrent Clear Claimed Marks
[2023-12-29T14:14:44.991+0100][110.984s] GC(13) Concurrent Clear Claimed Marks 0.080ms
[2023-12-29T14:14:44.991+0100][110.984s] GC(13) Concurrent Scan Root Regions
[2023-12-29T14:14:44.996+0100][110.989s] GC(13) Concurrent Scan Root Regions 4.575ms
[2023-12-29T14:14:44.996+0100][110.989s] GC(13) Concurrent Mark
[2023-12-29T14:14:44.996+0100][110.989s] GC(13) Concurrent Mark From Roots
[2023-12-29T14:14:44.996+0100][110.989s] GC(13) Using 3 workers of 3 for marking
[2023-12-29T14:14:45.004+0100][110.997s] GC(13) Concurrent Mark From Roots 8.200ms
[2023-12-29T14:14:45.004+0100][110.997s] GC(13) Concurrent Preclean
[2023-12-29T14:14:45.004+0100][110.997s] GC(13) Concurrent Preclean 0.053ms
[2023-12-29T14:14:45.004+0100][110.997s] GC(13) Pause Remark
[2023-12-29T14:14:45.006+0100][110.999s] GC(13) Pause Remark 49M->49M(512M) 1.641ms
[2023-12-29T14:14:45.006+0100][110.999s] GC(13) User=0.00s Sys=0.00s Real=0.00s
[2023-12-29T14:14:45.006+0100][110.999s] GC(13) Concurrent Mark 10.236ms
[2023-12-29T14:14:45.006+0100][110.999s] GC(13) Concurrent Rebuild Remembered Sets
[2023-12-29T14:14:45.009+0100][111.002s] GC(13) Concurrent Rebuild Remembered Sets 3.216ms
[2023-12-29T14:14:45.009+0100][111.002s] GC(13) Pause Cleanup
[2023-12-29T14:14:45.009+0100][111.003s] GC(13) Pause Cleanup 50M->50M(512M) 0.089ms
[2023-12-29T14:14:45.009+0100][111.003s] GC(13) User=0.00s Sys=0.00s Real=0.00s
[2023-12-29T14:14:45.009+0100][111.003s] GC(13) Concurrent Cleanup for Next Mark
[2023-12-29T14:14:45.010+0100][111.003s] GC(13) Concurrent Cleanup for Next Mark 0.782ms
[2023-12-29T14:14:45.010+0100][111.004s] GC(13) Concurrent Mark Cycle 19.290ms
[2023-12-29T14:14:46.872+0100][112.865s] GC(14) Pause Young (Normal) (G1 Evacuation Pause)
[2023-12-29T14:14:46.872+0100][112.865s] GC(14) Using 10 workers of 10 for evacuation
[2023-12-29T14:14:46.882+0100][112.875s] GC(14)   Pre Evacuate Collection Set: 0.1ms
[2023-12-29T14:14:46.882+0100][112.875s] GC(14)   Merge Heap Roots: 0.1ms
[2023-12-29T14:14:46.882+0100][112.875s] GC(14)   Evacuate Collection Set: 8.4ms
[2023-12-29T14:14:46.882+0100][112.875s] GC(14)   Post Evacuate Collection Set: 1.4ms
[2023-12-29T14:14:46.882+0100][112.875s] GC(14)   Other: 0.1ms
[2023-12-29T14:14:46.882+0100][112.875s] GC(14) Eden regions: 278->0(288)
[2023-12-29T14:14:46.882+0100][112.875s] GC(14) Survivor regions: 29->19(39)
[2023-12-29T14:14:46.882+0100][112.875s] GC(14) Old regions: 15->27
[2023-12-29T14:14:46.882+0100][112.875s] GC(14) Archive regions: 0->0
[2023-12-29T14:14:46.882+0100][112.875s] GC(14) Humongous regions: 4->4
[2023-12-29T14:14:46.882+0100][112.875s] GC(14) Metaspace: 58364K(59008K)->58364K(59008K) NonClass: 51508K(51840K)->51508K(51840K) Class: 6855K(7168K)->6855K(7168K)
[2023-12-29T14:14:46.882+0100][112.875s] GC(14) Pause Young (Normal) (G1 Evacuation Pause) 324M->49M(512M) 10.226ms
[2023-12-29T14:14:46.882+0100][112.875s] GC(14) User=0.19s Sys=0.00s Real=0.01s
[2023-12-29T14:14:48.585+0100][114.579s] GC(15) Pause Young (Concurrent Start) (CodeCache GC Threshold)
[2023-12-29T14:14:48.585+0100][114.579s] GC(15) Using 10 workers of 10 for evacuation
[2023-12-29T14:14:48.592+0100][114.585s] GC(15)   Pre Evacuate Collection Set: 0.2ms
[2023-12-29T14:14:48.592+0100][114.585s] GC(15)   Merge Heap Roots: 0.1ms
[2023-12-29T14:14:48.592+0100][114.585s] GC(15)   Evacuate Collection Set: 5.1ms
[2023-12-29T14:14:48.592+0100][114.585s] GC(15)   Post Evacuate Collection Set: 0.7ms
[2023-12-29T14:14:48.592+0100][114.585s] GC(15)   Other: 0.1ms
[2023-12-29T14:14:48.592+0100][114.585s] GC(15) Eden regions: 265->0(285)
[2023-12-29T14:14:48.592+0100][114.585s] GC(15) Survivor regions: 19->22(39)
[2023-12-29T14:14:48.592+0100][114.585s] GC(15) Old regions: 27->27
[2023-12-29T14:14:48.592+0100][114.585s] GC(15) Archive regions: 0->0
[2023-12-29T14:14:48.592+0100][114.585s] GC(15) Humongous regions: 4->4
[2023-12-29T14:14:48.592+0100][114.585s] GC(15) Metaspace: 58753K(59328K)->58753K(59328K) NonClass: 51896K(52160K)->51896K(52160K) Class: 6856K(7168K)->6856K(7168K)
[2023-12-29T14:14:48.592+0100][114.585s] GC(15) Pause Young (Concurrent Start) (CodeCache GC Threshold) 313M->51M(512M) 6.237ms
[2023-12-29T14:14:48.592+0100][114.585s] GC(16) Concurrent Mark Cycle
[2023-12-29T14:14:48.592+0100][114.585s] GC(15) User=0.00s Sys=0.00s Real=0.01s
[2023-12-29T14:14:48.592+0100][114.585s] GC(16) Concurrent Clear Claimed Marks
[2023-12-29T14:14:48.592+0100][114.585s] GC(16) Concurrent Clear Claimed Marks 0.132ms
[2023-12-29T14:14:48.592+0100][114.585s] GC(16) Concurrent Scan Root Regions
[2023-12-29T14:14:48.597+0100][114.590s] GC(16) Concurrent Scan Root Regions 5.025ms
[2023-12-29T14:14:48.597+0100][114.590s] GC(16) Concurrent Mark
[2023-12-29T14:14:48.597+0100][114.590s] GC(16) Concurrent Mark From Roots
[2023-12-29T14:14:48.597+0100][114.590s] GC(16) Using 3 workers of 3 for marking
[2023-12-29T14:14:48.612+0100][114.605s] GC(16) Concurrent Mark From Roots 14.942ms
[2023-12-29T14:14:48.612+0100][114.605s] GC(16) Concurrent Preclean
[2023-12-29T14:14:48.612+0100][114.605s] GC(16) Concurrent Preclean 0.128ms
[2023-12-29T14:14:48.612+0100][114.605s] GC(16) Pause Remark
[2023-12-29T14:14:48.615+0100][114.607s] GC(16) Pause Remark 56M->56M(512M) 2.005ms
[2023-12-29T14:14:48.615+0100][114.607s] GC(16) User=0.00s Sys=0.00s Real=0.00s
[2023-12-29T14:14:48.615+0100][114.608s] GC(16) Concurrent Mark 17.364ms
[2023-12-29T14:14:48.615+0100][114.608s] GC(16) Concurrent Rebuild Remembered Sets
[2023-12-29T14:14:48.619+0100][114.612s] GC(16) Concurrent Rebuild Remembered Sets 4.733ms
[2023-12-29T14:14:48.620+0100][114.613s] GC(16) Pause Cleanup
[2023-12-29T14:14:48.620+0100][114.613s] GC(16) Pause Cleanup 57M->57M(512M) 0.151ms
[2023-12-29T14:14:48.620+0100][114.613s] GC(16) User=0.00s Sys=0.00s Real=0.00s
[2023-12-29T14:14:48.620+0100][114.613s] GC(16) Concurrent Cleanup for Next Mark
[2023-12-29T14:14:48.621+0100][114.614s] GC(16) Concurrent Cleanup for Next Mark 1.116ms
[2023-12-29T14:14:48.621+0100][114.614s] GC(16) Concurrent Mark Cycle 29.011ms
[2023-12-29T14:14:50.337+0100][116.331s] GC(17) Pause Young (Prepare Mixed) (G1 Evacuation Pause)
[2023-12-29T14:14:50.338+0100][116.331s] GC(17) Using 10 workers of 10 for evacuation
[2023-12-29T14:14:50.344+0100][116.337s] GC(17)   Pre Evacuate Collection Set: 0.1ms
[2023-12-29T14:14:50.344+0100][116.337s] GC(17)   Merge Heap Roots: 0.1ms
[2023-12-29T14:14:50.344+0100][116.337s] GC(17)   Evacuate Collection Set: 4.9ms
[2023-12-29T14:14:50.344+0100][116.337s] GC(17)   Post Evacuate Collection Set: 0.8ms
[2023-12-29T14:14:50.344+0100][116.337s] GC(17)   Other: 0.3ms
[2023-12-29T14:14:50.344+0100][116.337s] GC(17) Eden regions: 285->0(4)
[2023-12-29T14:14:50.344+0100][116.337s] GC(17) Survivor regions: 22->21(39)
[2023-12-29T14:14:50.344+0100][116.337s] GC(17) Old regions: 27->29
[2023-12-29T14:14:50.344+0100][116.337s] GC(17) Archive regions: 0->0
[2023-12-29T14:14:50.344+0100][116.337s] GC(17) Humongous regions: 4->4
[2023-12-29T14:14:50.344+0100][116.337s] GC(17) Metaspace: 59099K(59712K)->59099K(59712K) NonClass: 52241K(52544K)->52241K(52544K) Class: 6858K(7168K)->6858K(7168K)
[2023-12-29T14:14:50.344+0100][116.337s] GC(17) Pause Young (Prepare Mixed) (G1 Evacuation Pause) 336M->53M(512M) 6.381ms
[2023-12-29T14:14:50.344+0100][116.337s] GC(17) User=0.16s Sys=0.00s Real=0.01s
[2023-12-29T14:14:50.375+0100][116.368s] GC(18) Pause Young (Mixed) (G1 Evacuation Pause)
[2023-12-29T14:14:50.375+0100][116.368s] GC(18) Using 10 workers of 10 for evacuation
[2023-12-29T14:14:50.380+0100][116.373s] GC(18)   Pre Evacuate Collection Set: 0.1ms
[2023-12-29T14:14:50.380+0100][116.373s] GC(18)   Merge Heap Roots: 0.1ms
[2023-12-29T14:14:50.380+0100][116.373s] GC(18)   Evacuate Collection Set: 4.4ms
[2023-12-29T14:14:50.380+0100][116.373s] GC(18)   Post Evacuate Collection Set: 0.6ms
[2023-12-29T14:14:50.380+0100][116.373s] GC(18)   Other: 0.1ms
[2023-12-29T14:14:50.380+0100][116.373s] GC(18) Eden regions: 4->0(305)
[2023-12-29T14:14:50.380+0100][116.373s] GC(18) Survivor regions: 21->2(4)
[2023-12-29T14:14:50.380+0100][116.373s] GC(18) Old regions: 29->48
[2023-12-29T14:14:50.380+0100][116.373s] GC(18) Archive regions: 0->0
[2023-12-29T14:14:50.380+0100][116.373s] GC(18) Humongous regions: 4->4
[2023-12-29T14:14:50.380+0100][116.373s] GC(18) Metaspace: 59106K(59712K)->59106K(59712K) NonClass: 52248K(52544K)->52248K(52544K) Class: 6858K(7168K)->6858K(7168K)
[2023-12-29T14:14:50.380+0100][116.373s] GC(18) Pause Young (Mixed) (G1 Evacuation Pause) 57M->52M(512M) 5.456ms
[2023-12-29T14:14:50.380+0100][116.373s] GC(18) User=0.16s Sys=0.00s Real=0.01s
[2023-12-29T14:14:50.680+0100][116.673s] GC(19) Pause Young (Concurrent Start) (CodeCache GC Threshold)
[2023-12-29T14:14:50.680+0100][116.674s] GC(19) Using 10 workers of 10 for evacuation
[2023-12-29T14:14:50.681+0100][116.675s] GC(19)   Pre Evacuate Collection Set: 0.1ms
[2023-12-29T14:14:50.681+0100][116.675s] GC(19)   Merge Heap Roots: 0.1ms
[2023-12-29T14:14:50.681+0100][116.675s] GC(19)   Evacuate Collection Set: 0.6ms
[2023-12-29T14:14:50.681+0100][116.675s] GC(19)   Post Evacuate Collection Set: 0.2ms
[2023-12-29T14:14:50.681+0100][116.675s] GC(19)   Other: 0.1ms
[2023-12-29T14:14:50.681+0100][116.675s] GC(19) Eden regions: 53->0(305)
[2023-12-29T14:14:50.681+0100][116.675s] GC(19) Survivor regions: 2->2(39)
[2023-12-29T14:14:50.681+0100][116.675s] GC(19) Old regions: 48->48
[2023-12-29T14:14:50.681+0100][116.675s] GC(19) Archive regions: 0->0
[2023-12-29T14:14:50.681+0100][116.675s] GC(19) Humongous regions: 4->4
[2023-12-29T14:14:50.681+0100][116.675s] GC(19) Metaspace: 59193K(59776K)->59193K(59776K) NonClass: 52335K(52608K)->52335K(52608K) Class: 6858K(7168K)->6858K(7168K)
[2023-12-29T14:14:50.681+0100][116.675s] GC(19) Pause Young (Concurrent Start) (CodeCache GC Threshold) 105M->53M(512M) 1.233ms
[2023-12-29T14:14:50.681+0100][116.675s] GC(20) Concurrent Mark Cycle
[2023-12-29T14:14:50.681+0100][116.675s] GC(19) User=0.00s Sys=0.00s Real=0.00s
[2023-12-29T14:14:50.681+0100][116.675s] GC(20) Concurrent Clear Claimed Marks
[2023-12-29T14:14:50.681+0100][116.675s] GC(20) Concurrent Clear Claimed Marks 0.064ms
[2023-12-29T14:14:50.681+0100][116.675s] GC(20) Concurrent Scan Root Regions
[2023-12-29T14:14:50.682+0100][116.675s] GC(20) Concurrent Scan Root Regions 0.462ms
[2023-12-29T14:14:50.682+0100][116.675s] GC(20) Concurrent Mark
[2023-12-29T14:14:50.682+0100][116.675s] GC(20) Concurrent Mark From Roots
[2023-12-29T14:14:50.682+0100][116.675s] GC(20) Using 3 workers of 3 for marking
[2023-12-29T14:14:50.703+0100][116.696s] GC(20) Concurrent Mark From Roots 21.060ms
[2023-12-29T14:14:50.703+0100][116.696s] GC(20) Concurrent Preclean
[2023-12-29T14:14:50.703+0100][116.697s] GC(20) Concurrent Preclean 0.198ms
[2023-12-29T14:14:50.703+0100][116.697s] GC(20) Pause Remark
[2023-12-29T14:14:50.706+0100][116.699s] GC(20) Pause Remark 55M->55M(512M) 2.203ms
[2023-12-29T14:14:50.706+0100][116.699s] GC(20) User=0.00s Sys=0.00s Real=0.00s
[2023-12-29T14:14:50.706+0100][116.699s] GC(20) Concurrent Mark 23.866ms
[2023-12-29T14:14:50.706+0100][116.699s] GC(20) Concurrent Rebuild Remembered Sets
[2023-12-29T14:14:50.714+0100][116.708s] GC(20) Concurrent Rebuild Remembered Sets 8.507ms
[2023-12-29T14:14:50.714+0100][116.708s] GC(20) Pause Cleanup
[2023-12-29T14:14:50.715+0100][116.708s] GC(20) Pause Cleanup 56M->56M(512M) 0.109ms
[2023-12-29T14:14:50.715+0100][116.708s] GC(20) User=0.00s Sys=0.00s Real=0.00s
[2023-12-29T14:14:50.715+0100][116.708s] GC(20) Concurrent Cleanup for Next Mark
[2023-12-29T14:14:50.716+0100][116.709s] GC(20) Concurrent Cleanup for Next Mark 0.961ms
[2023-12-29T14:14:50.716+0100][116.709s] GC(20) Concurrent Mark Cycle 34.273ms
[2023-12-29T14:14:52.537+0100][118.530s] GC(21) Pause Young (Prepare Mixed) (G1 Evacuation Pause)
[2023-12-29T14:14:52.537+0100][118.530s] GC(21) Using 10 workers of 10 for evacuation
[2023-12-29T14:14:52.538+0100][118.531s] GC(21)   Pre Evacuate Collection Set: 0.1ms
[2023-12-29T14:14:52.538+0100][118.531s] GC(21)   Merge Heap Roots: 0.1ms
[2023-12-29T14:14:52.538+0100][118.531s] GC(21)   Evacuate Collection Set: 0.7ms
[2023-12-29T14:14:52.538+0100][118.531s] GC(21)   Post Evacuate Collection Set: 0.4ms
[2023-12-29T14:14:52.538+0100][118.531s] GC(21)   Other: 0.1ms
[2023-12-29T14:14:52.538+0100][118.531s] GC(21) Eden regions: 305->0(20)
[2023-12-29T14:14:52.538+0100][118.531s] GC(21) Survivor regions: 2->5(39)
[2023-12-29T14:14:52.538+0100][118.531s] GC(21) Old regions: 48->48
[2023-12-29T14:14:52.538+0100][118.531s] GC(21) Archive regions: 0->0
[2023-12-29T14:14:52.538+0100][118.531s] GC(21) Humongous regions: 4->4
[2023-12-29T14:14:52.538+0100][118.531s] GC(21) Metaspace: 59382K(60032K)->59382K(60032K) NonClass: 52523K(52864K)->52523K(52864K) Class: 6858K(7168K)->6858K(7168K)
[2023-12-29T14:14:52.538+0100][118.531s] GC(21) Pause Young (Prepare Mixed) (G1 Evacuation Pause) 358M->55M(512M) 1.537ms
[2023-12-29T14:14:52.538+0100][118.531s] GC(21) User=0.00s Sys=0.00s Real=0.00s
[2023-12-29T14:14:52.657+0100][118.649s] GC(22) Pause Young (Mixed) (G1 Evacuation Pause)
[2023-12-29T14:14:52.657+0100][118.650s] GC(22) Using 10 workers of 10 for evacuation
[2023-12-29T14:14:52.658+0100][118.651s] GC(22)   Pre Evacuate Collection Set: 0.1ms
[2023-12-29T14:14:52.658+0100][118.651s] GC(22)   Merge Heap Roots: 0.1ms
[2023-12-29T14:14:52.658+0100][118.651s] GC(22)   Evacuate Collection Set: 0.7ms
[2023-12-29T14:14:52.658+0100][118.651s] GC(22)   Post Evacuate Collection Set: 0.3ms
[2023-12-29T14:14:52.658+0100][118.651s] GC(22)   Other: 0.1ms
[2023-12-29T14:14:52.658+0100][118.651s] GC(22) Eden regions: 20->0(306)
[2023-12-29T14:14:52.658+0100][118.651s] GC(22) Survivor regions: 5->1(4)
[2023-12-29T14:14:52.658+0100][118.651s] GC(22) Old regions: 48->51
[2023-12-29T14:14:52.658+0100][118.651s] GC(22) Archive regions: 0->0
[2023-12-29T14:14:52.658+0100][118.651s] GC(22) Humongous regions: 4->4
[2023-12-29T14:14:52.658+0100][118.651s] GC(22) Metaspace: 59385K(60032K)->59385K(60032K) NonClass: 52526K(52864K)->52526K(52864K) Class: 6858K(7168K)->6858K(7168K)
[2023-12-29T14:14:52.658+0100][118.651s] GC(22) Pause Young (Mixed) (G1 Evacuation Pause) 75M->55M(512M) 1.487ms
[2023-12-29T14:14:52.658+0100][118.651s] GC(22) User=0.00s Sys=0.00s Real=0.00s
[2023-12-29T14:14:54.398+0100][120.392s] GC(23) Pause Young (Normal) (G1 Evacuation Pause)
[2023-12-29T14:14:54.398+0100][120.392s] GC(23) Using 10 workers of 10 for evacuation
[2023-12-29T14:14:54.399+0100][120.393s] GC(23)   Pre Evacuate Collection Set: 0.1ms
[2023-12-29T14:14:54.399+0100][120.393s] GC(23)   Merge Heap Roots: 0.1ms
[2023-12-29T14:14:54.399+0100][120.393s] GC(23)   Evacuate Collection Set: 0.7ms
[2023-12-29T14:14:54.399+0100][120.393s] GC(23)   Post Evacuate Collection Set: 0.5ms
[2023-12-29T14:14:54.399+0100][120.393s] GC(23)   Other: 0.1ms
[2023-12-29T14:14:54.399+0100][120.393s] GC(23) Eden regions: 306->0(303)
[2023-12-29T14:14:54.399+0100][120.393s] GC(23) Survivor regions: 1->4(39)
[2023-12-29T14:14:54.399+0100][120.393s] GC(23) Old regions: 51->51
[2023-12-29T14:14:54.399+0100][120.393s] GC(23) Archive regions: 0->0
[2023-12-29T14:14:54.399+0100][120.393s] GC(23) Humongous regions: 4->4
[2023-12-29T14:14:54.399+0100][120.393s] GC(23) Metaspace: 59606K(60224K)->59606K(60224K) NonClass: 52747K(53056K)->52747K(53056K) Class: 6859K(7168K)->6859K(7168K)
[2023-12-29T14:14:54.399+0100][120.393s] GC(23) Pause Young (Normal) (G1 Evacuation Pause) 361M->58M(512M) 1.619ms
[2023-12-29T14:14:54.399+0100][120.393s] GC(23) User=0.00s Sys=0.00s Real=0.00s
[2023-12-29T14:14:54.945+0100][120.938s] GC(24) Pause Young (Concurrent Start) (CodeCache GC Threshold)
[2023-12-29T14:14:54.945+0100][120.938s] GC(24) Using 10 workers of 10 for evacuation
[2023-12-29T14:14:54.946+0100][120.940s] GC(24)   Pre Evacuate Collection Set: 0.2ms
[2023-12-29T14:14:54.947+0100][120.940s] GC(24)   Merge Heap Roots: 0.1ms
[2023-12-29T14:14:54.947+0100][120.940s] GC(24)   Evacuate Collection Set: 0.8ms
[2023-12-29T14:14:54.947+0100][120.940s] GC(24)   Post Evacuate Collection Set: 0.4ms
[2023-12-29T14:14:54.947+0100][120.940s] GC(24)   Other: 0.1ms
[2023-12-29T14:14:54.947+0100][120.940s] GC(24) Eden regions: 97->0(302)
[2023-12-29T14:14:54.947+0100][120.940s] GC(24) Survivor regions: 4->5(39)
[2023-12-29T14:14:54.947+0100][120.940s] GC(24) Old regions: 51->51
[2023-12-29T14:14:54.947+0100][120.940s] GC(24) Archive regions: 0->0
[2023-12-29T14:14:54.947+0100][120.940s] GC(24) Humongous regions: 4->4
[2023-12-29T14:14:54.947+0100][120.940s] GC(24) Metaspace: 59619K(60288K)->59619K(60288K) NonClass: 52759K(53120K)->52759K(53120K) Class: 6859K(7168K)->6859K(7168K)
[2023-12-29T14:14:54.947+0100][120.940s] GC(24) Pause Young (Concurrent Start) (CodeCache GC Threshold) 154M->58M(512M) 1.788ms
[2023-12-29T14:14:54.947+0100][120.940s] GC(25) Concurrent Mark Cycle
[2023-12-29T14:14:54.947+0100][120.940s] GC(24) User=0.00s Sys=0.00s Real=0.00s
[2023-12-29T14:14:54.947+0100][120.940s] GC(25) Concurrent Clear Claimed Marks
[2023-12-29T14:14:54.947+0100][120.940s] GC(25) Concurrent Clear Claimed Marks 0.041ms
[2023-12-29T14:14:54.947+0100][120.940s] GC(25) Concurrent Scan Root Regions
[2023-12-29T14:14:54.947+0100][120.941s] GC(25) Concurrent Scan Root Regions 0.551ms
[2023-12-29T14:14:54.947+0100][120.941s] GC(25) Concurrent Mark
[2023-12-29T14:14:54.947+0100][120.941s] GC(25) Concurrent Mark From Roots
[2023-12-29T14:14:54.947+0100][120.941s] GC(25) Using 3 workers of 3 for marking
[2023-12-29T14:14:54.968+0100][120.962s] GC(25) Concurrent Mark From Roots 20.904ms
[2023-12-29T14:14:54.968+0100][120.962s] GC(25) Concurrent Preclean
[2023-12-29T14:14:54.969+0100][120.962s] GC(25) Concurrent Preclean 0.152ms
[2023-12-29T14:14:54.969+0100][120.962s] GC(25) Pause Remark
[2023-12-29T14:14:54.971+0100][120.964s] GC(25) Pause Remark 62M->62M(512M) 2.221ms
[2023-12-29T14:14:54.971+0100][120.964s] GC(25) User=0.00s Sys=0.00s Real=0.00s
[2023-12-29T14:14:54.971+0100][120.964s] GC(25) Concurrent Mark 23.680ms
[2023-12-29T14:14:54.971+0100][120.964s] GC(25) Concurrent Rebuild Remembered Sets
[2023-12-29T14:14:54.980+0100][120.973s] GC(25) Concurrent Rebuild Remembered Sets 8.854ms
[2023-12-29T14:14:54.980+0100][120.973s] GC(25) Pause Cleanup
[2023-12-29T14:14:54.980+0100][120.974s] GC(25) Pause Cleanup 62M->62M(512M) 0.110ms
[2023-12-29T14:14:54.980+0100][120.974s] GC(25) User=0.00s Sys=0.00s Real=0.00s
[2023-12-29T14:14:54.980+0100][120.974s] GC(25) Concurrent Cleanup for Next Mark
[2023-12-29T14:14:54.981+0100][120.974s] GC(25) Concurrent Cleanup for Next Mark 0.628ms
[2023-12-29T14:14:54.981+0100][120.974s] GC(25) Concurrent Mark Cycle 34.206ms
[2023-12-29T14:14:56.720+0100][122.713s] GC(26) Pause Young (Prepare Mixed) (G1 Evacuation Pause)
[2023-12-29T14:14:56.720+0100][122.713s] GC(26) Using 10 workers of 10 for evacuation
[2023-12-29T14:14:56.722+0100][122.715s] GC(26)   Pre Evacuate Collection Set: 0.1ms
[2023-12-29T14:14:56.722+0100][122.715s] GC(26)   Merge Heap Roots: 0.1ms
[2023-12-29T14:14:56.722+0100][122.715s] GC(26)   Evacuate Collection Set: 1.0ms
[2023-12-29T14:14:56.722+0100][122.715s] GC(26)   Post Evacuate Collection Set: 0.4ms
[2023-12-29T14:14:56.722+0100][122.715s] GC(26)   Other: 0.1ms
[2023-12-29T14:14:56.722+0100][122.715s] GC(26) Eden regions: 302->0(18)
[2023-12-29T14:14:56.722+0100][122.715s] GC(26) Survivor regions: 5->7(39)
[2023-12-29T14:14:56.722+0100][122.715s] GC(26) Old regions: 51->51
[2023-12-29T14:14:56.722+0100][122.715s] GC(26) Archive regions: 0->0
[2023-12-29T14:14:56.722+0100][122.715s] GC(26) Humongous regions: 4->4
[2023-12-29T14:14:56.722+0100][122.715s] GC(26) Metaspace: 60244K(60864K)->60244K(60864K) NonClass: 53384K(53696K)->53384K(53696K) Class: 6859K(7168K)->6859K(7168K)
[2023-12-29T14:14:56.722+0100][122.715s] GC(26) Pause Young (Prepare Mixed) (G1 Evacuation Pause) 360M->60M(512M) 1.825ms
[2023-12-29T14:14:56.722+0100][122.715s] GC(26) User=0.00s Sys=0.00s Real=0.00s
[2023-12-29T14:14:56.839+0100][122.832s] GC(27) Pause Young (Mixed) (G1 Evacuation Pause)
[2023-12-29T14:14:56.839+0100][122.832s] GC(27) Using 10 workers of 10 for evacuation
[2023-12-29T14:14:56.841+0100][122.834s] GC(27)   Pre Evacuate Collection Set: 0.1ms
[2023-12-29T14:14:56.841+0100][122.834s] GC(27)   Merge Heap Roots: 0.1ms
[2023-12-29T14:14:56.841+0100][122.834s] GC(27)   Evacuate Collection Set: 1.2ms
[2023-12-29T14:14:56.841+0100][122.834s] GC(27)   Post Evacuate Collection Set: 0.4ms
[2023-12-29T14:14:56.841+0100][122.834s] GC(27)   Other: 0.1ms
[2023-12-29T14:14:56.841+0100][122.834s] GC(27) Eden regions: 18->0(306)
[2023-12-29T14:14:56.841+0100][122.834s] GC(27) Survivor regions: 7->1(4)
[2023-12-29T14:14:56.841+0100][122.834s] GC(27) Old regions: 51->57
[2023-12-29T14:14:56.841+0100][122.834s] GC(27) Archive regions: 0->0
[2023-12-29T14:14:56.841+0100][122.834s] GC(27) Humongous regions: 4->4
[2023-12-29T14:14:56.841+0100][122.834s] GC(27) Metaspace: 60245K(60864K)->60245K(60864K) NonClass: 53385K(53696K)->53385K(53696K) Class: 6859K(7168K)->6859K(7168K)
[2023-12-29T14:14:56.841+0100][122.834s] GC(27) Pause Young (Mixed) (G1 Evacuation Pause) 78M->61M(512M) 2.120ms
[2023-12-29T14:14:56.841+0100][122.834s] GC(27) User=0.00s Sys=0.00s Real=0.00s
[2023-12-29T14:14:58.571+0100][124.565s] GC(28) Pause Young (Normal) (G1 Evacuation Pause)
[2023-12-29T14:14:58.571+0100][124.565s] GC(28) Using 10 workers of 10 for evacuation
[2023-12-29T14:14:58.573+0100][124.566s] GC(28)   Pre Evacuate Collection Set: 0.1ms
[2023-12-29T14:14:58.573+0100][124.566s] GC(28)   Merge Heap Roots: 0.1ms
[2023-12-29T14:14:58.573+0100][124.566s] GC(28)   Evacuate Collection Set: 0.6ms
[2023-12-29T14:14:58.573+0100][124.566s] GC(28)   Post Evacuate Collection Set: 0.5ms
[2023-12-29T14:14:58.573+0100][124.566s] GC(28)   Other: 0.1ms
[2023-12-29T14:14:58.573+0100][124.566s] GC(28) Eden regions: 306->0(303)
[2023-12-29T14:14:58.573+0100][124.566s] GC(28) Survivor regions: 1->4(39)
[2023-12-29T14:14:58.573+0100][124.566s] GC(28) Old regions: 57->57
[2023-12-29T14:14:58.573+0100][124.566s] GC(28) Archive regions: 0->0
[2023-12-29T14:14:58.573+0100][124.566s] GC(28) Humongous regions: 4->4
[2023-12-29T14:14:58.573+0100][124.566s] GC(28) Metaspace: 60313K(60928K)->60313K(60928K) NonClass: 53451K(53760K)->53451K(53760K) Class: 6861K(7168K)->6861K(7168K)
[2023-12-29T14:14:58.573+0100][124.566s] GC(28) Pause Young (Normal) (G1 Evacuation Pause) 367M->64M(512M) 1.558ms
[2023-12-29T14:14:58.573+0100][124.566s] GC(28) User=0.00s Sys=0.00s Real=0.00s
[2023-12-29T14:14:59.216+0100][125.209s] GC(29) Pause Young (Concurrent Start) (CodeCache GC Threshold)
[2023-12-29T14:14:59.216+0100][125.209s] GC(29) Using 10 workers of 10 for evacuation
[2023-12-29T14:14:59.218+0100][125.211s] GC(29)   Pre Evacuate Collection Set: 0.1ms
[2023-12-29T14:14:59.218+0100][125.211s] GC(29)   Merge Heap Roots: 0.1ms
[2023-12-29T14:14:59.218+0100][125.211s] GC(29)   Evacuate Collection Set: 0.9ms
[2023-12-29T14:14:59.218+0100][125.211s] GC(29)   Post Evacuate Collection Set: 0.3ms
[2023-12-29T14:14:59.218+0100][125.211s] GC(29)   Other: 0.0ms
[2023-12-29T14:14:59.218+0100][125.211s] GC(29) Eden regions: 114->0(302)
[2023-12-29T14:14:59.218+0100][125.211s] GC(29) Survivor regions: 4->5(39)
[2023-12-29T14:14:59.218+0100][125.211s] GC(29) Old regions: 57->57
[2023-12-29T14:14:59.218+0100][125.211s] GC(29) Archive regions: 0->0
[2023-12-29T14:14:59.218+0100][125.211s] GC(29) Humongous regions: 4->4
[2023-12-29T14:14:59.218+0100][125.211s] GC(29) Metaspace: 60314K(60928K)->60314K(60928K) NonClass: 53453K(53760K)->53453K(53760K) Class: 6861K(7168K)->6861K(7168K)
[2023-12-29T14:14:59.218+0100][125.211s] GC(29) Pause Young (Concurrent Start) (CodeCache GC Threshold) 177M->64M(512M) 1.622ms
[2023-12-29T14:14:59.218+0100][125.211s] GC(30) Concurrent Mark Cycle
[2023-12-29T14:14:59.218+0100][125.211s] GC(29) User=0.00s Sys=0.00s Real=0.00s
[2023-12-29T14:14:59.218+0100][125.211s] GC(30) Concurrent Clear Claimed Marks
[2023-12-29T14:14:59.218+0100][125.211s] GC(30) Concurrent Clear Claimed Marks 0.053ms
[2023-12-29T14:14:59.218+0100][125.211s] GC(30) Concurrent Scan Root Regions
[2023-12-29T14:14:59.219+0100][125.211s] GC(30) Concurrent Scan Root Regions 0.526ms
[2023-12-29T14:14:59.219+0100][125.211s] GC(30) Concurrent Mark
[2023-12-29T14:14:59.219+0100][125.211s] GC(30) Concurrent Mark From Roots
[2023-12-29T14:14:59.219+0100][125.211s] GC(30) Using 3 workers of 3 for marking
[2023-12-29T14:14:59.237+0100][125.231s] GC(30) Concurrent Mark From Roots 19.631ms
[2023-12-29T14:14:59.237+0100][125.231s] GC(30) Concurrent Preclean
[2023-12-29T14:14:59.237+0100][125.231s] GC(30) Concurrent Preclean 0.087ms
[2023-12-29T14:14:59.238+0100][125.231s] GC(30) Pause Remark
[2023-12-29T14:14:59.241+0100][125.234s] GC(30) Pause Remark 68M->68M(512M) 2.618ms
[2023-12-29T14:14:59.241+0100][125.234s] GC(30) User=0.00s Sys=0.00s Real=0.00s
[2023-12-29T14:14:59.241+0100][125.234s] GC(30) Concurrent Mark 22.675ms
[2023-12-29T14:14:59.241+0100][125.234s] GC(30) Concurrent Rebuild Remembered Sets
[2023-12-29T14:14:59.248+0100][125.241s] GC(30) Concurrent Rebuild Remembered Sets 7.297ms
[2023-12-29T14:14:59.248+0100][125.241s] GC(30) Pause Cleanup
[2023-12-29T14:14:59.248+0100][125.242s] GC(30) Pause Cleanup 68M->68M(512M) 0.151ms
[2023-12-29T14:14:59.248+0100][125.242s] GC(30) User=0.00s Sys=0.00s Real=0.00s
[2023-12-29T14:14:59.248+0100][125.242s] GC(30) Concurrent Cleanup for Next Mark
[2023-12-29T14:14:59.249+0100][125.242s] GC(30) Concurrent Cleanup for Next Mark 0.707ms
[2023-12-29T14:14:59.249+0100][125.242s] GC(30) Concurrent Mark Cycle 31.711ms
[2023-12-29T14:15:00.948+0100][126.941s] GC(31) Pause Young (Prepare Mixed) (G1 Evacuation Pause)
[2023-12-29T14:15:00.948+0100][126.941s] GC(31) Using 10 workers of 10 for evacuation
[2023-12-29T14:15:00.950+0100][126.943s] GC(31)   Pre Evacuate Collection Set: 0.1ms
[2023-12-29T14:15:00.950+0100][126.943s] GC(31)   Merge Heap Roots: 0.1ms
[2023-12-29T14:15:00.950+0100][126.943s] GC(31)   Evacuate Collection Set: 1.1ms
[2023-12-29T14:15:00.950+0100][126.943s] GC(31)   Post Evacuate Collection Set: 0.5ms
[2023-12-29T14:15:00.950+0100][126.943s] GC(31)   Other: 0.1ms
[2023-12-29T14:15:00.950+0100][126.943s] GC(31) Eden regions: 302->0(18)
[2023-12-29T14:15:00.950+0100][126.943s] GC(31) Survivor regions: 5->7(39)
[2023-12-29T14:15:00.950+0100][126.943s] GC(31) Old regions: 57->57
[2023-12-29T14:15:00.950+0100][126.943s] GC(31) Archive regions: 0->0
[2023-12-29T14:15:00.950+0100][126.943s] GC(31) Humongous regions: 4->4
[2023-12-29T14:15:00.950+0100][126.943s] GC(31) Metaspace: 60411K(60992K)->60411K(60992K) NonClass: 53550K(53824K)->53550K(53824K) Class: 6861K(7168K)->6861K(7168K)
[2023-12-29T14:15:00.950+0100][126.943s] GC(31) Pause Young (Prepare Mixed) (G1 Evacuation Pause) 366M->67M(512M) 1.967ms
[2023-12-29T14:15:00.950+0100][126.943s] GC(31) User=0.00s Sys=0.00s Real=0.00s
[2023-12-29T14:15:01.048+0100][127.041s] GC(32) Pause Young (Mixed) (G1 Evacuation Pause)
[2023-12-29T14:15:01.049+0100][127.042s] GC(32) Using 10 workers of 10 for evacuation
[2023-12-29T14:15:01.050+0100][127.043s] GC(32)   Pre Evacuate Collection Set: 0.1ms
[2023-12-29T14:15:01.050+0100][127.043s] GC(32)   Merge Heap Roots: 0.1ms
[2023-12-29T14:15:01.050+0100][127.043s] GC(32)   Evacuate Collection Set: 1.2ms
[2023-12-29T14:15:01.050+0100][127.043s] GC(32)   Post Evacuate Collection Set: 0.4ms
[2023-12-29T14:15:01.050+0100][127.043s] GC(32)   Other: 0.0ms
[2023-12-29T14:15:01.050+0100][127.043s] GC(32) Eden regions: 18->0(306)
[2023-12-29T14:15:01.050+0100][127.043s] GC(32) Survivor regions: 7->1(4)
[2023-12-29T14:15:01.050+0100][127.043s] GC(32) Old regions: 57->63
[2023-12-29T14:15:01.050+0100][127.043s] GC(32) Archive regions: 0->0
[2023-12-29T14:15:01.050+0100][127.043s] GC(32) Humongous regions: 4->4
[2023-12-29T14:15:01.050+0100][127.043s] GC(32) Metaspace: 60411K(60992K)->60411K(60992K) NonClass: 53550K(53824K)->53550K(53824K) Class: 6861K(7168K)->6861K(7168K)
[2023-12-29T14:15:01.050+0100][127.043s] GC(32) Pause Young (Mixed) (G1 Evacuation Pause) 85M->67M(512M) 1.952ms
[2023-12-29T14:15:01.050+0100][127.043s] GC(32) User=0.00s Sys=0.00s Real=0.00s
[2023-12-29T14:15:01.570+0100][127.564s] GC(33) Pause Young (Concurrent Start) (CodeCache GC Threshold)
[2023-12-29T14:15:01.570+0100][127.564s] GC(33) Using 10 workers of 10 for evacuation
[2023-12-29T14:15:01.571+0100][127.565s] GC(33)   Pre Evacuate Collection Set: 0.1ms
[2023-12-29T14:15:01.571+0100][127.565s] GC(33)   Merge Heap Roots: 0.0ms
[2023-12-29T14:15:01.571+0100][127.565s] GC(33)   Evacuate Collection Set: 0.6ms
[2023-12-29T14:15:01.571+0100][127.565s] GC(33)   Post Evacuate Collection Set: 0.2ms
[2023-12-29T14:15:01.571+0100][127.565s] GC(33)   Other: 0.0ms
[2023-12-29T14:15:01.571+0100][127.565s] GC(33) Eden regions: 93->0(304)
[2023-12-29T14:15:01.571+0100][127.565s] GC(33) Survivor regions: 1->3(39)
[2023-12-29T14:15:01.571+0100][127.565s] GC(33) Old regions: 63->63
[2023-12-29T14:15:01.571+0100][127.565s] GC(33) Archive regions: 0->0
[2023-12-29T14:15:01.571+0100][127.565s] GC(33) Humongous regions: 4->4
[2023-12-29T14:15:01.571+0100][127.565s] GC(33) Metaspace: 60416K(60992K)->60416K(60992K) NonClass: 53554K(53824K)->53554K(53824K) Class: 6861K(7168K)->6861K(7168K)
[2023-12-29T14:15:01.571+0100][127.565s] GC(33) Pause Young (Concurrent Start) (CodeCache GC Threshold) 159M->68M(512M) 1.112ms
[2023-12-29T14:15:01.571+0100][127.565s] GC(34) Concurrent Mark Cycle
[2023-12-29T14:15:01.571+0100][127.565s] GC(33) User=0.00s Sys=0.00s Real=0.00s
[2023-12-29T14:15:01.571+0100][127.565s] GC(34) Concurrent Clear Claimed Marks
[2023-12-29T14:15:01.571+0100][127.565s] GC(34) Concurrent Clear Claimed Marks 0.043ms
[2023-12-29T14:15:01.571+0100][127.565s] GC(34) Concurrent Scan Root Regions
[2023-12-29T14:15:01.572+0100][127.566s] GC(34) Concurrent Scan Root Regions 0.563ms
[2023-12-29T14:15:01.572+0100][127.566s] GC(34) Concurrent Mark
[2023-12-29T14:15:01.572+0100][127.566s] GC(34) Concurrent Mark From Roots
[2023-12-29T14:15:01.572+0100][127.566s] GC(34) Using 3 workers of 3 for marking
[2023-12-29T14:15:01.591+0100][127.584s] GC(34) Concurrent Mark From Roots 18.622ms
[2023-12-29T14:15:01.591+0100][127.584s] GC(34) Concurrent Preclean
[2023-12-29T14:15:01.591+0100][127.584s] GC(34) Concurrent Preclean 0.083ms
[2023-12-29T14:15:01.592+0100][127.584s] GC(34) Pause Remark
[2023-12-29T14:15:01.594+0100][127.587s] GC(34) Pause Remark 70M->70M(512M) 2.470ms
[2023-12-29T14:15:01.594+0100][127.587s] GC(34) User=0.16s Sys=0.00s Real=0.00s
[2023-12-29T14:15:01.594+0100][127.587s] GC(34) Concurrent Mark 21.464ms
[2023-12-29T14:15:01.594+0100][127.587s] GC(34) Concurrent Rebuild Remembered Sets
[2023-12-29T14:15:01.602+0100][127.595s] GC(34) Concurrent Rebuild Remembered Sets 7.754ms
[2023-12-29T14:15:01.602+0100][127.595s] GC(34) Pause Cleanup
[2023-12-29T14:15:01.602+0100][127.595s] GC(34) Pause Cleanup 71M->71M(512M) 0.138ms
[2023-12-29T14:15:01.602+0100][127.595s] GC(34) User=0.00s Sys=0.00s Real=0.00s
[2023-12-29T14:15:01.602+0100][127.595s] GC(34) Concurrent Cleanup for Next Mark
[2023-12-29T14:15:01.603+0100][127.596s] GC(34) Concurrent Cleanup for Next Mark 0.713ms
[2023-12-29T14:15:01.603+0100][127.596s] GC(34) Concurrent Mark Cycle 31.042ms
[2023-12-29T14:15:03.323+0100][129.315s] GC(35) Pause Young (Prepare Mixed) (G1 Evacuation Pause)
[2023-12-29T14:15:03.323+0100][129.315s] GC(35) Using 10 workers of 10 for evacuation
[2023-12-29T14:15:03.324+0100][129.317s] GC(35)   Pre Evacuate Collection Set: 0.1ms
[2023-12-29T14:15:03.324+0100][129.317s] GC(35)   Merge Heap Roots: 0.1ms
[2023-12-29T14:15:03.324+0100][129.317s] GC(35)   Evacuate Collection Set: 0.7ms
[2023-12-29T14:15:03.324+0100][129.317s] GC(35)   Post Evacuate Collection Set: 0.6ms
[2023-12-29T14:15:03.324+0100][129.317s] GC(35)   Other: 0.1ms
[2023-12-29T14:15:03.324+0100][129.317s] GC(35) Eden regions: 304->0(20)
[2023-12-29T14:15:03.324+0100][129.317s] GC(35) Survivor regions: 3->5(39)
[2023-12-29T14:15:03.324+0100][129.317s] GC(35) Old regions: 63->63
[2023-12-29T14:15:03.324+0100][129.317s] GC(35) Archive regions: 0->0
[2023-12-29T14:15:03.324+0100][129.317s] GC(35) Humongous regions: 4->4
[2023-12-29T14:15:03.324+0100][129.317s] GC(35) Metaspace: 60536K(61184K)->60536K(61184K) NonClass: 53674K(54016K)->53674K(54016K) Class: 6861K(7168K)->6861K(7168K)
[2023-12-29T14:15:03.324+0100][129.317s] GC(35) Pause Young (Prepare Mixed) (G1 Evacuation Pause) 372M->70M(512M) 1.705ms
[2023-12-29T14:15:03.324+0100][129.317s] GC(35) User=0.00s Sys=0.00s Real=0.00s
[2023-12-29T14:15:03.395+0100][129.388s] GC(36) Pause Young (Mixed) (G1 Evacuation Pause)
[2023-12-29T14:15:03.395+0100][129.388s] GC(36) Using 10 workers of 10 for evacuation
[2023-12-29T14:15:03.396+0100][129.389s] GC(36)   Pre Evacuate Collection Set: 0.1ms
[2023-12-29T14:15:03.396+0100][129.389s] GC(36)   Merge Heap Roots: 0.1ms
[2023-12-29T14:15:03.396+0100][129.389s] GC(36)   Evacuate Collection Set: 0.8ms
[2023-12-29T14:15:03.396+0100][129.389s] GC(36)   Post Evacuate Collection Set: 0.3ms
[2023-12-29T14:15:03.396+0100][129.389s] GC(36)   Other: 0.1ms
[2023-12-29T14:15:03.396+0100][129.389s] GC(36) Eden regions: 20->0(306)
[2023-12-29T14:15:03.396+0100][129.389s] GC(36) Survivor regions: 5->1(4)
[2023-12-29T14:15:03.396+0100][129.389s] GC(36) Old regions: 63->67
[2023-12-29T14:15:03.396+0100][129.389s] GC(36) Archive regions: 0->0
[2023-12-29T14:15:03.396+0100][129.389s] GC(36) Humongous regions: 4->4
[2023-12-29T14:15:03.396+0100][129.389s] GC(36) Metaspace: 60536K(61184K)->60536K(61184K) NonClass: 53674K(54016K)->53674K(54016K) Class: 6861K(7168K)->6861K(7168K)
[2023-12-29T14:15:03.396+0100][129.389s] GC(36) Pause Young (Mixed) (G1 Evacuation Pause) 90M->70M(512M) 1.542ms
[2023-12-29T14:15:03.396+0100][129.389s] GC(36) User=0.00s Sys=0.00s Real=0.00s
[2023-12-29T14:15:05.102+0100][131.095s] GC(37) Pause Young (Normal) (G1 Evacuation Pause)
[2023-12-29T14:15:05.102+0100][131.095s] GC(37) Using 10 workers of 10 for evacuation
[2023-12-29T14:15:05.106+0100][131.099s] GC(37)   Pre Evacuate Collection Set: 0.2ms
[2023-12-29T14:15:05.106+0100][131.099s] GC(37)   Merge Heap Roots: 0.1ms
[2023-12-29T14:15:05.106+0100][131.099s] GC(37)   Evacuate Collection Set: 3.0ms
[2023-12-29T14:15:05.106+0100][131.099s] GC(37)   Post Evacuate Collection Set: 0.8ms
[2023-12-29T14:15:05.106+0100][131.099s] GC(37)   Other: 0.1ms
[2023-12-29T14:15:05.106+0100][131.099s] GC(37) Eden regions: 306->0(303)
[2023-12-29T14:15:05.106+0100][131.099s] GC(37) Survivor regions: 1->4(39)
[2023-12-29T14:15:05.106+0100][131.099s] GC(37) Old regions: 67->67
[2023-12-29T14:15:05.106+0100][131.099s] GC(37) Archive regions: 0->0
[2023-12-29T14:15:05.106+0100][131.099s] GC(37) Humongous regions: 4->4
[2023-12-29T14:15:05.106+0100][131.099s] GC(37) Metaspace: 60559K(61184K)->60559K(61184K) NonClass: 53697K(54016K)->53697K(54016K) Class: 6861K(7168K)->6861K(7168K)
[2023-12-29T14:15:05.106+0100][131.099s] GC(37) Pause Young (Normal) (G1 Evacuation Pause) 376M->73M(512M) 4.465ms
[2023-12-29T14:15:05.106+0100][131.099s] GC(37) User=0.00s Sys=0.00s Real=0.00s
[2023-12-29T14:15:06.484+0100][132.478s] GC(38) Pause Young (Concurrent Start) (CodeCache GC Threshold)
[2023-12-29T14:15:06.484+0100][132.478s] GC(38) Using 10 workers of 10 for evacuation
[2023-12-29T14:15:06.486+0100][132.479s] GC(38)   Pre Evacuate Collection Set: 0.1ms
[2023-12-29T14:15:06.486+0100][132.479s] GC(38)   Merge Heap Roots: 0.1ms
[2023-12-29T14:15:06.486+0100][132.479s] GC(38)   Evacuate Collection Set: 1.1ms
[2023-12-29T14:15:06.486+0100][132.479s] GC(38)   Post Evacuate Collection Set: 0.4ms
[2023-12-29T14:15:06.486+0100][132.479s] GC(38)   Other: 0.1ms
[2023-12-29T14:15:06.486+0100][132.479s] GC(38) Eden regions: 245->0(301)
[2023-12-29T14:15:06.486+0100][132.479s] GC(38) Survivor regions: 4->6(39)
[2023-12-29T14:15:06.486+0100][132.479s] GC(38) Old regions: 67->67
[2023-12-29T14:15:06.486+0100][132.479s] GC(38) Archive regions: 0->0
[2023-12-29T14:15:06.486+0100][132.479s] GC(38) Humongous regions: 4->4
[2023-12-29T14:15:06.486+0100][132.479s] GC(38) Metaspace: 60586K(61248K)->60586K(61248K) NonClass: 53725K(54080K)->53725K(54080K) Class: 6861K(7168K)->6861K(7168K)
[2023-12-29T14:15:06.486+0100][132.479s] GC(38) Pause Young (Concurrent Start) (CodeCache GC Threshold) 318M->75M(512M) 1.878ms
[2023-12-29T14:15:06.486+0100][132.479s] GC(39) Concurrent Mark Cycle
[2023-12-29T14:15:06.486+0100][132.479s] GC(38) User=0.16s Sys=0.00s Real=0.00s
[2023-12-29T14:15:06.486+0100][132.479s] GC(39) Concurrent Clear Claimed Marks
[2023-12-29T14:15:06.486+0100][132.480s] GC(39) Concurrent Clear Claimed Marks 0.129ms
[2023-12-29T14:15:06.486+0100][132.480s] GC(39) Concurrent Scan Root Regions
[2023-12-29T14:15:06.487+0100][132.480s] GC(39) Concurrent Scan Root Regions 0.749ms
[2023-12-29T14:15:06.487+0100][132.480s] GC(39) Concurrent Mark
[2023-12-29T14:15:06.487+0100][132.480s] GC(39) Concurrent Mark From Roots
[2023-12-29T14:15:06.487+0100][132.480s] GC(39) Using 3 workers of 3 for marking
[2023-12-29T14:15:06.512+0100][132.505s] GC(39) Concurrent Mark From Roots 24.413ms
[2023-12-29T14:15:06.512+0100][132.505s] GC(39) Concurrent Preclean
[2023-12-29T14:15:06.512+0100][132.505s] GC(39) Concurrent Preclean 0.078ms
[2023-12-29T14:15:06.512+0100][132.505s] GC(39) Pause Remark
[2023-12-29T14:15:06.515+0100][132.507s] GC(39) Pause Remark 83M->83M(512M) 2.444ms
[2023-12-29T14:15:06.515+0100][132.507s] GC(39) User=0.00s Sys=0.00s Real=0.00s
[2023-12-29T14:15:06.515+0100][132.508s] GC(39) Concurrent Mark 27.196ms
[2023-12-29T14:15:06.515+0100][132.508s] GC(39) Concurrent Rebuild Remembered Sets
[2023-12-29T14:15:06.525+0100][132.518s] GC(39) Concurrent Rebuild Remembered Sets 10.041ms
[2023-12-29T14:15:06.525+0100][132.518s] GC(39) Pause Cleanup
[2023-12-29T14:15:06.525+0100][132.518s] GC(39) Pause Cleanup 84M->84M(512M) 0.112ms
[2023-12-29T14:15:06.525+0100][132.518s] GC(39) User=0.00s Sys=0.00s Real=0.00s
[2023-12-29T14:15:06.525+0100][132.518s] GC(39) Concurrent Cleanup for Next Mark
[2023-12-29T14:15:06.526+0100][132.519s] GC(39) Concurrent Cleanup for Next Mark 0.750ms
[2023-12-29T14:15:06.526+0100][132.519s] GC(39) Concurrent Mark Cycle 39.333ms
[2023-12-29T14:15:08.151+0100][134.144s] GC(40) Pause Young (Prepare Mixed) (G1 Evacuation Pause)
[2023-12-29T14:15:08.151+0100][134.144s] GC(40) Using 10 workers of 10 for evacuation
[2023-12-29T14:15:08.153+0100][134.146s] GC(40)   Pre Evacuate Collection Set: 0.1ms
[2023-12-29T14:15:08.153+0100][134.146s] GC(40)   Merge Heap Roots: 0.1ms
[2023-12-29T14:15:08.153+0100][134.146s] GC(40)   Evacuate Collection Set: 1.1ms
[2023-12-29T14:15:08.153+0100][134.146s] GC(40)   Post Evacuate Collection Set: 0.6ms
[2023-12-29T14:15:08.153+0100][134.146s] GC(40)   Other: 0.1ms
[2023-12-29T14:15:08.153+0100][134.146s] GC(40) Eden regions: 301->0(17)
[2023-12-29T14:15:08.153+0100][134.146s] GC(40) Survivor regions: 6->8(39)
[2023-12-29T14:15:08.153+0100][134.146s] GC(40) Old regions: 66->66
[2023-12-29T14:15:08.153+0100][134.146s] GC(40) Archive regions: 0->0
[2023-12-29T14:15:08.153+0100][134.146s] GC(40) Humongous regions: 4->4
[2023-12-29T14:15:08.153+0100][134.146s] GC(40) Metaspace: 60877K(61504K)->60877K(61504K) NonClass: 54015K(54336K)->54015K(54336K) Class: 6861K(7168K)->6861K(7168K)
[2023-12-29T14:15:08.153+0100][134.146s] GC(40) Pause Young (Prepare Mixed) (G1 Evacuation Pause) 376M->77M(512M) 2.189ms
[2023-12-29T14:15:08.153+0100][134.146s] GC(40) User=0.00s Sys=0.00s Real=0.00s
[2023-12-29T14:15:08.210+0100][134.203s] GC(41) Pause Young (Mixed) (G1 Evacuation Pause)
[2023-12-29T14:15:08.210+0100][134.204s] GC(41) Using 10 workers of 10 for evacuation
[2023-12-29T14:15:08.212+0100][134.206s] GC(41)   Pre Evacuate Collection Set: 0.1ms
[2023-12-29T14:15:08.212+0100][134.206s] GC(41)   Merge Heap Roots: 0.1ms
[2023-12-29T14:15:08.212+0100][134.206s] GC(41)   Evacuate Collection Set: 1.3ms
[2023-12-29T14:15:08.212+0100][134.206s] GC(41)   Post Evacuate Collection Set: 0.4ms
[2023-12-29T14:15:08.212+0100][134.206s] GC(41)   Other: 0.1ms
[2023-12-29T14:15:08.212+0100][134.206s] GC(41) Eden regions: 17->0(306)
[2023-12-29T14:15:08.212+0100][134.206s] GC(41) Survivor regions: 8->1(4)
[2023-12-29T14:15:08.212+0100][134.206s] GC(41) Old regions: 66->73
[2023-12-29T14:15:08.212+0100][134.206s] GC(41) Archive regions: 0->0
[2023-12-29T14:15:08.212+0100][134.206s] GC(41) Humongous regions: 4->4
[2023-12-29T14:15:08.212+0100][134.206s] GC(41) Metaspace: 60877K(61504K)->60877K(61504K) NonClass: 54015K(54336K)->54015K(54336K) Class: 6861K(7168K)->6861K(7168K)
[2023-12-29T14:15:08.212+0100][134.206s] GC(41) Pause Young (Mixed) (G1 Evacuation Pause) 94M->76M(512M) 2.232ms
[2023-12-29T14:15:08.212+0100][134.206s] GC(41) User=0.00s Sys=0.00s Real=0.00s
[2023-12-29T14:15:09.862+0100][135.855s] GC(42) Pause Young (Normal) (G1 Evacuation Pause)
[2023-12-29T14:15:09.862+0100][135.855s] GC(42) Using 10 workers of 10 for evacuation
[2023-12-29T14:15:09.864+0100][135.856s] GC(42)   Pre Evacuate Collection Set: 0.1ms
[2023-12-29T14:15:09.864+0100][135.856s] GC(42)   Merge Heap Roots: 0.1ms
[2023-12-29T14:15:09.864+0100][135.856s] GC(42)   Evacuate Collection Set: 0.7ms
[2023-12-29T14:15:09.864+0100][135.856s] GC(42)   Post Evacuate Collection Set: 0.4ms
[2023-12-29T14:15:09.864+0100][135.856s] GC(42)   Other: 0.1ms
[2023-12-29T14:15:09.864+0100][135.856s] GC(42) Eden regions: 306->0(303)
[2023-12-29T14:15:09.864+0100][135.856s] GC(42) Survivor regions: 1->4(39)
[2023-12-29T14:15:09.864+0100][135.856s] GC(42) Old regions: 73->73
[2023-12-29T14:15:09.864+0100][135.856s] GC(42) Archive regions: 0->0
[2023-12-29T14:15:09.864+0100][135.856s] GC(42) Humongous regions: 4->4
[2023-12-29T14:15:09.864+0100][135.856s] GC(42) Metaspace: 60882K(61504K)->60882K(61504K) NonClass: 54020K(54336K)->54020K(54336K) Class: 6861K(7168K)->6861K(7168K)
[2023-12-29T14:15:09.864+0100][135.856s] GC(42) Pause Young (Normal) (G1 Evacuation Pause) 382M->79M(512M) 1.520ms
[2023-12-29T14:15:09.864+0100][135.856s] GC(42) User=0.00s Sys=0.00s Real=0.00s
[2023-12-29T14:15:11.542+0100][137.536s] GC(43) Pause Young (Normal) (G1 Evacuation Pause)
[2023-12-29T14:15:11.543+0100][137.536s] GC(43) Using 10 workers of 10 for evacuation
[2023-12-29T14:15:11.545+0100][137.538s] GC(43)   Pre Evacuate Collection Set: 0.1ms
[2023-12-29T14:15:11.545+0100][137.538s] GC(43)   Merge Heap Roots: 0.1ms
[2023-12-29T14:15:11.545+0100][137.538s] GC(43)   Evacuate Collection Set: 1.0ms
[2023-12-29T14:15:11.545+0100][137.538s] GC(43)   Post Evacuate Collection Set: 0.4ms
[2023-12-29T14:15:11.545+0100][137.538s] GC(43)   Other: 0.1ms
[2023-12-29T14:15:11.545+0100][137.538s] GC(43) Eden regions: 303->0(300)
[2023-12-29T14:15:11.545+0100][137.538s] GC(43) Survivor regions: 4->7(39)
[2023-12-29T14:15:11.545+0100][137.538s] GC(43) Old regions: 73->73
[2023-12-29T14:15:11.545+0100][137.538s] GC(43) Archive regions: 0->0
[2023-12-29T14:15:11.545+0100][137.538s] GC(43) Humongous regions: 4->4
[2023-12-29T14:15:11.545+0100][137.538s] GC(43) Metaspace: 60895K(61504K)->60895K(61504K) NonClass: 54033K(54336K)->54033K(54336K) Class: 6861K(7168K)->6861K(7168K)
[2023-12-29T14:15:11.545+0100][137.538s] GC(43) Pause Young (Normal) (G1 Evacuation Pause) 382M->82M(512M) 1.971ms
[2023-12-29T14:15:11.545+0100][137.538s] GC(43) User=0.00s Sys=0.00s Real=0.00s
[2023-12-29T14:15:13.109+0100][139.103s] GC(44) Pause Young (Normal) (G1 Evacuation Pause)
[2023-12-29T14:15:13.109+0100][139.103s] GC(44) Using 10 workers of 10 for evacuation
[2023-12-29T14:15:13.111+0100][139.105s] GC(44)   Pre Evacuate Collection Set: 0.1ms
[2023-12-29T14:15:13.111+0100][139.105s] GC(44)   Merge Heap Roots: 0.1ms
[2023-12-29T14:15:13.111+0100][139.105s] GC(44)   Evacuate Collection Set: 1.1ms
[2023-12-29T14:15:13.111+0100][139.105s] GC(44)   Post Evacuate Collection Set: 0.4ms
[2023-12-29T14:15:13.111+0100][139.105s] GC(44)   Other: 0.1ms
[2023-12-29T14:15:13.111+0100][139.105s] GC(44) Eden regions: 300->0(299)
[2023-12-29T14:15:13.111+0100][139.105s] GC(44) Survivor regions: 7->8(39)
[2023-12-29T14:15:13.111+0100][139.105s] GC(44) Old regions: 73->73
[2023-12-29T14:15:13.111+0100][139.105s] GC(44) Archive regions: 0->0
[2023-12-29T14:15:13.111+0100][139.105s] GC(44) Humongous regions: 4->4
[2023-12-29T14:15:13.111+0100][139.105s] GC(44) Metaspace: 60927K(61504K)->60927K(61504K) NonClass: 54065K(54336K)->54065K(54336K) Class: 6861K(7168K)->6861K(7168K)
[2023-12-29T14:15:13.111+0100][139.105s] GC(44) Pause Young (Normal) (G1 Evacuation Pause) 382M->83M(512M) 1.985ms
[2023-12-29T14:15:13.111+0100][139.105s] GC(44) User=0.00s Sys=0.00s Real=0.00s
[2023-12-29T14:15:14.790+0100][140.783s] GC(45) Pause Young (Normal) (G1 Evacuation Pause)
[2023-12-29T14:15:14.790+0100][140.783s] GC(45) Using 10 workers of 10 for evacuation
[2023-12-29T14:15:14.792+0100][140.785s] GC(45)   Pre Evacuate Collection Set: 0.1ms
[2023-12-29T14:15:14.792+0100][140.785s] GC(45)   Merge Heap Roots: 0.1ms
[2023-12-29T14:15:14.792+0100][140.785s] GC(45)   Evacuate Collection Set: 1.5ms
[2023-12-29T14:15:14.792+0100][140.785s] GC(45)   Post Evacuate Collection Set: 0.5ms
[2023-12-29T14:15:14.792+0100][140.785s] GC(45)   Other: 0.1ms
[2023-12-29T14:15:14.792+0100][140.785s] GC(45) Eden regions: 299->0(296)
[2023-12-29T14:15:14.792+0100][140.785s] GC(45) Survivor regions: 8->11(39)
[2023-12-29T14:15:14.792+0100][140.785s] GC(45) Old regions: 73->73
[2023-12-29T14:15:14.792+0100][140.785s] GC(45) Archive regions: 0->0
[2023-12-29T14:15:14.792+0100][140.785s] GC(45) Humongous regions: 4->4
[2023-12-29T14:15:14.792+0100][140.785s] GC(45) Metaspace: 60928K(61504K)->60928K(61504K) NonClass: 54066K(54336K)->54066K(54336K) Class: 6861K(7168K)->6861K(7168K)
[2023-12-29T14:15:14.792+0100][140.785s] GC(45) Pause Young (Normal) (G1 Evacuation Pause) 382M->86M(512M) 2.497ms
[2023-12-29T14:15:14.792+0100][140.785s] GC(45) User=0.00s Sys=0.00s Real=0.00s
[2023-12-29T14:15:16.370+0100][142.363s] GC(46) Pause Young (Normal) (G1 Evacuation Pause)
[2023-12-29T14:15:16.370+0100][142.363s] GC(46) Using 10 workers of 10 for evacuation
[2023-12-29T14:15:16.373+0100][142.366s] GC(46)   Pre Evacuate Collection Set: 0.1ms
[2023-12-29T14:15:16.373+0100][142.366s] GC(46)   Merge Heap Roots: 0.1ms
[2023-12-29T14:15:16.373+0100][142.366s] GC(46)   Evacuate Collection Set: 1.8ms
[2023-12-29T14:15:16.373+0100][142.366s] GC(46)   Post Evacuate Collection Set: 0.5ms
[2023-12-29T14:15:16.373+0100][142.366s] GC(46)   Other: 0.1ms
[2023-12-29T14:15:16.373+0100][142.366s] GC(46) Eden regions: 296->0(294)
[2023-12-29T14:15:16.373+0100][142.366s] GC(46) Survivor regions: 11->13(39)
[2023-12-29T14:15:16.373+0100][142.366s] GC(46) Old regions: 73->73
[2023-12-29T14:15:16.373+0100][142.366s] GC(46) Archive regions: 0->0
[2023-12-29T14:15:16.373+0100][142.366s] GC(46) Humongous regions: 4->4
[2023-12-29T14:15:16.373+0100][142.366s] GC(46) Metaspace: 60937K(61504K)->60937K(61504K) NonClass: 54075K(54336K)->54075K(54336K) Class: 6861K(7168K)->6861K(7168K)
[2023-12-29T14:15:16.373+0100][142.366s] GC(46) Pause Young (Normal) (G1 Evacuation Pause) 382M->88M(512M) 2.740ms
[2023-12-29T14:15:16.373+0100][142.366s] GC(46) User=0.00s Sys=0.00s Real=0.00s
[2023-12-29T14:15:17.933+0100][143.926s] GC(47) Pause Young (Normal) (G1 Evacuation Pause)
[2023-12-29T14:15:17.933+0100][143.926s] GC(47) Using 10 workers of 10 for evacuation
[2023-12-29T14:15:17.936+0100][143.929s] GC(47)   Pre Evacuate Collection Set: 0.1ms
[2023-12-29T14:15:17.936+0100][143.929s] GC(47)   Merge Heap Roots: 0.1ms
[2023-12-29T14:15:17.936+0100][143.929s] GC(47)   Evacuate Collection Set: 2.0ms
[2023-12-29T14:15:17.936+0100][143.929s] GC(47)   Post Evacuate Collection Set: 0.4ms
[2023-12-29T14:15:17.936+0100][143.929s] GC(47)   Other: 0.1ms
[2023-12-29T14:15:17.936+0100][143.929s] GC(47) Eden regions: 294->0(292)
[2023-12-29T14:15:17.936+0100][143.929s] GC(47) Survivor regions: 13->15(39)
[2023-12-29T14:15:17.936+0100][143.929s] GC(47) Old regions: 73->73
[2023-12-29T14:15:17.936+0100][143.929s] GC(47) Archive regions: 0->0
[2023-12-29T14:15:17.936+0100][143.929s] GC(47) Humongous regions: 4->4
[2023-12-29T14:15:17.936+0100][143.929s] GC(47) Metaspace: 60940K(61568K)->60940K(61568K) NonClass: 54079K(54400K)->54079K(54400K) Class: 6861K(7168K)->6861K(7168K)
[2023-12-29T14:15:17.936+0100][143.929s] GC(47) Pause Young (Normal) (G1 Evacuation Pause) 382M->90M(512M) 2.832ms
[2023-12-29T14:15:17.936+0100][143.929s] GC(47) User=0.00s Sys=0.00s Real=0.00s
[2023-12-29T14:15:19.533+0100][145.527s] GC(48) Pause Young (Normal) (G1 Evacuation Pause)
[2023-12-29T14:15:19.533+0100][145.527s] GC(48) Using 10 workers of 10 for evacuation
[2023-12-29T14:15:19.536+0100][145.530s] GC(48)   Pre Evacuate Collection Set: 0.2ms
[2023-12-29T14:15:19.536+0100][145.530s] GC(48)   Merge Heap Roots: 0.1ms
[2023-12-29T14:15:19.536+0100][145.530s] GC(48)   Evacuate Collection Set: 2.2ms
[2023-12-29T14:15:19.537+0100][145.530s] GC(48)   Post Evacuate Collection Set: 0.6ms
[2023-12-29T14:15:19.537+0100][145.530s] GC(48)   Other: 0.1ms
[2023-12-29T14:15:19.537+0100][145.530s] GC(48) Eden regions: 292->0(289)
[2023-12-29T14:15:19.537+0100][145.530s] GC(48) Survivor regions: 15->18(39)
[2023-12-29T14:15:19.537+0100][145.530s] GC(48) Old regions: 73->73
[2023-12-29T14:15:19.537+0100][145.530s] GC(48) Archive regions: 0->0
[2023-12-29T14:15:19.537+0100][145.530s] GC(48) Humongous regions: 4->4
[2023-12-29T14:15:19.537+0100][145.530s] GC(48) Metaspace: 60951K(61568K)->60951K(61568K) NonClass: 54089K(54400K)->54089K(54400K) Class: 6861K(7168K)->6861K(7168K)
[2023-12-29T14:15:19.537+0100][145.530s] GC(48) Pause Young (Normal) (G1 Evacuation Pause) 382M->93M(512M) 3.239ms
[2023-12-29T14:15:19.537+0100][145.530s] GC(48) User=0.00s Sys=0.00s Real=0.00s
[2023-12-29T14:15:20.798+0100][146.791s] GC(49) Pause Young (Concurrent Start) (CodeCache GC Threshold)
[2023-12-29T14:15:20.798+0100][146.791s] GC(49) Using 10 workers of 10 for evacuation
[2023-12-29T14:15:20.801+0100][146.795s] GC(49)   Pre Evacuate Collection Set: 0.1ms
[2023-12-29T14:15:20.801+0100][146.795s] GC(49)   Merge Heap Roots: 0.1ms
[2023-12-29T14:15:20.801+0100][146.795s] GC(49)   Evacuate Collection Set: 2.7ms
[2023-12-29T14:15:20.801+0100][146.795s] GC(49)   Post Evacuate Collection Set: 0.5ms
[2023-12-29T14:15:20.801+0100][146.795s] GC(49)   Other: 0.1ms
[2023-12-29T14:15:20.801+0100][146.795s] GC(49) Eden regions: 245->0(287)
[2023-12-29T14:15:20.801+0100][146.795s] GC(49) Survivor regions: 18->20(39)
[2023-12-29T14:15:20.801+0100][146.795s] GC(49) Old regions: 73->73
[2023-12-29T14:15:20.801+0100][146.795s] GC(49) Archive regions: 0->0
[2023-12-29T14:15:20.801+0100][146.795s] GC(49) Humongous regions: 4->4
[2023-12-29T14:15:20.801+0100][146.795s] GC(49) Metaspace: 60956K(61568K)->60956K(61568K) NonClass: 54094K(54400K)->54094K(54400K) Class: 6862K(7168K)->6862K(7168K)
[2023-12-29T14:15:20.802+0100][146.795s] GC(49) Pause Young (Concurrent Start) (CodeCache GC Threshold) 338M->95M(512M) 3.833ms
[2023-12-29T14:15:20.802+0100][146.795s] GC(49) User=0.00s Sys=0.00s Real=0.00s
[2023-12-29T14:15:20.802+0100][146.795s] GC(50) Concurrent Mark Cycle
[2023-12-29T14:15:20.802+0100][146.795s] GC(50) Concurrent Clear Claimed Marks
[2023-12-29T14:15:20.802+0100][146.795s] GC(50) Concurrent Clear Claimed Marks 0.113ms
[2023-12-29T14:15:20.802+0100][146.795s] GC(50) Concurrent Scan Root Regions
[2023-12-29T14:15:20.803+0100][146.796s] GC(50) Concurrent Scan Root Regions 1.082ms
[2023-12-29T14:15:20.803+0100][146.796s] GC(50) Concurrent Mark
[2023-12-29T14:15:20.803+0100][146.796s] GC(50) Concurrent Mark From Roots
[2023-12-29T14:15:20.803+0100][146.796s] GC(50) Using 3 workers of 3 for marking
[2023-12-29T14:15:20.827+0100][146.820s] GC(50) Concurrent Mark From Roots 23.995ms
[2023-12-29T14:15:20.827+0100][146.820s] GC(50) Concurrent Preclean
[2023-12-29T14:15:20.827+0100][146.820s] GC(50) Concurrent Preclean 0.155ms
[2023-12-29T14:15:20.827+0100][146.820s] GC(50) Pause Remark
[2023-12-29T14:15:20.830+0100][146.823s] GC(50) Pause Remark 98M->98M(512M) 2.789ms
[2023-12-29T14:15:20.830+0100][146.823s] GC(50) User=0.02s Sys=0.00s Real=0.00s
[2023-12-29T14:15:20.830+0100][146.823s] GC(50) Concurrent Mark 27.183ms
[2023-12-29T14:15:20.830+0100][146.823s] GC(50) Concurrent Rebuild Remembered Sets
[2023-12-29T14:15:20.839+0100][146.832s] GC(50) Concurrent Rebuild Remembered Sets 9.094ms
[2023-12-29T14:15:20.839+0100][146.833s] GC(50) Pause Cleanup
[2023-12-29T14:15:20.839+0100][146.833s] GC(50) Pause Cleanup 100M->100M(512M) 0.087ms
[2023-12-29T14:15:20.840+0100][146.833s] GC(50) User=0.00s Sys=0.00s Real=0.00s
[2023-12-29T14:15:20.840+0100][146.833s] GC(50) Concurrent Cleanup for Next Mark
[2023-12-29T14:15:20.841+0100][146.834s] GC(50) Concurrent Cleanup for Next Mark 0.985ms
[2023-12-29T14:15:20.841+0100][146.834s] GC(50) Concurrent Mark Cycle 38.891ms
[2023-12-29T14:15:22.326+0100][148.320s] GC(51) Pause Young (Prepare Mixed) (G1 Evacuation Pause)
[2023-12-29T14:15:22.326+0100][148.320s] GC(51) Using 10 workers of 10 for evacuation
[2023-12-29T14:15:22.330+0100][148.323s] GC(51)   Pre Evacuate Collection Set: 0.1ms
[2023-12-29T14:15:22.330+0100][148.323s] GC(51)   Merge Heap Roots: 0.1ms
[2023-12-29T14:15:22.330+0100][148.324s] GC(51)   Evacuate Collection Set: 2.9ms
[2023-12-29T14:15:22.330+0100][148.324s] GC(51)   Post Evacuate Collection Set: 0.6ms
[2023-12-29T14:15:22.330+0100][148.324s] GC(51)   Other: 0.1ms
[2023-12-29T14:15:22.330+0100][148.324s] GC(51) Eden regions: 287->0(3)
[2023-12-29T14:15:22.330+0100][148.324s] GC(51) Survivor regions: 20->22(39)
[2023-12-29T14:15:22.330+0100][148.324s] GC(51) Old regions: 73->73
[2023-12-29T14:15:22.330+0100][148.324s] GC(51) Archive regions: 0->0
[2023-12-29T14:15:22.330+0100][148.324s] GC(51) Humongous regions: 4->4
[2023-12-29T14:15:22.330+0100][148.324s] GC(51) Metaspace: 60962K(61568K)->60962K(61568K) NonClass: 54100K(54400K)->54100K(54400K) Class: 6862K(7168K)->6862K(7168K)
[2023-12-29T14:15:22.330+0100][148.324s] GC(51) Pause Young (Prepare Mixed) (G1 Evacuation Pause) 382M->97M(512M) 3.919ms
[2023-12-29T14:15:22.330+0100][148.324s] GC(51) User=0.16s Sys=0.00s Real=0.00s
[2023-12-29T14:15:22.341+0100][148.334s] GC(52) Pause Young (Mixed) (G1 Evacuation Pause)
[2023-12-29T14:15:22.341+0100][148.334s] GC(52) Using 10 workers of 10 for evacuation
[2023-12-29T14:15:22.345+0100][148.338s] GC(52)   Pre Evacuate Collection Set: 0.1ms
[2023-12-29T14:15:22.345+0100][148.338s] GC(52)   Merge Heap Roots: 0.1ms
[2023-12-29T14:15:22.345+0100][148.338s] GC(52)   Evacuate Collection Set: 3.0ms
[2023-12-29T14:15:22.345+0100][148.338s] GC(52)   Post Evacuate Collection Set: 0.4ms
[2023-12-29T14:15:22.345+0100][148.338s] GC(52)   Other: 0.1ms
[2023-12-29T14:15:22.345+0100][148.338s] GC(52) Eden regions: 3->0(306)
[2023-12-29T14:15:22.345+0100][148.338s] GC(52) Survivor regions: 22->1(4)
[2023-12-29T14:15:22.345+0100][148.338s] GC(52) Old regions: 73->92
[2023-12-29T14:15:22.345+0100][148.338s] GC(52) Archive regions: 0->0
[2023-12-29T14:15:22.345+0100][148.338s] GC(52) Humongous regions: 4->4
[2023-12-29T14:15:22.345+0100][148.338s] GC(52) Metaspace: 60962K(61568K)->60962K(61568K) NonClass: 54100K(54400K)->54100K(54400K) Class: 6862K(7168K)->6862K(7168K)
[2023-12-29T14:15:22.345+0100][148.338s] GC(52) Pause Young (Mixed) (G1 Evacuation Pause) 100M->95M(512M) 3.889ms
[2023-12-29T14:15:22.345+0100][148.338s] GC(52) User=0.16s Sys=0.00s Real=0.00s
[2023-12-29T14:15:23.974+0100][149.967s] GC(53) Pause Young (Normal) (G1 Evacuation Pause)
[2023-12-29T14:15:23.974+0100][149.967s] GC(53) Using 10 workers of 10 for evacuation
[2023-12-29T14:15:23.975+0100][149.968s] GC(53)   Pre Evacuate Collection Set: 0.1ms
[2023-12-29T14:15:23.975+0100][149.968s] GC(53)   Merge Heap Roots: 0.1ms
[2023-12-29T14:15:23.975+0100][149.968s] GC(53)   Evacuate Collection Set: 0.6ms
[2023-12-29T14:15:23.975+0100][149.968s] GC(53)   Post Evacuate Collection Set: 0.4ms
[2023-12-29T14:15:23.975+0100][149.968s] GC(53)   Other: 0.1ms
[2023-12-29T14:15:23.975+0100][149.968s] GC(53) Eden regions: 306->0(303)
[2023-12-29T14:15:23.975+0100][149.968s] GC(53) Survivor regions: 1->4(39)
[2023-12-29T14:15:23.975+0100][149.968s] GC(53) Old regions: 92->92
[2023-12-29T14:15:23.975+0100][149.968s] GC(53) Archive regions: 0->0
[2023-12-29T14:15:23.975+0100][149.968s] GC(53) Humongous regions: 4->4
[2023-12-29T14:15:23.975+0100][149.968s] GC(53) Metaspace: 60991K(61568K)->60991K(61568K) NonClass: 54129K(54400K)->54129K(54400K) Class: 6862K(7168K)->6862K(7168K)
[2023-12-29T14:15:23.975+0100][149.968s] GC(53) Pause Young (Normal) (G1 Evacuation Pause) 401M->99M(512M) 1.488ms
[2023-12-29T14:15:23.975+0100][149.968s] GC(53) User=0.00s Sys=0.00s Real=0.00s
[2023-12-29T14:15:25.415+0100][151.408s] GC(54) Pause Young (Normal) (G1 Evacuation Pause)
[2023-12-29T14:15:25.415+0100][151.408s] GC(54) Using 10 workers of 10 for evacuation
[2023-12-29T14:15:25.417+0100][151.410s] GC(54)   Pre Evacuate Collection Set: 0.1ms
[2023-12-29T14:15:25.417+0100][151.410s] GC(54)   Merge Heap Roots: 0.1ms
[2023-12-29T14:15:25.417+0100][151.410s] GC(54)   Evacuate Collection Set: 1.5ms
[2023-12-29T14:15:25.417+0100][151.410s] GC(54)   Post Evacuate Collection Set: 0.5ms
[2023-12-29T14:15:25.417+0100][151.410s] GC(54)   Other: 0.1ms
[2023-12-29T14:15:25.417+0100][151.410s] GC(54) Eden regions: 303->0(298)
[2023-12-29T14:15:25.417+0100][151.410s] GC(54) Survivor regions: 4->9(39)
[2023-12-29T14:15:25.417+0100][151.410s] GC(54) Old regions: 92->92
[2023-12-29T14:15:25.417+0100][151.410s] GC(54) Archive regions: 0->0
[2023-12-29T14:15:25.417+0100][151.410s] GC(54) Humongous regions: 4->4
[2023-12-29T14:15:25.417+0100][151.410s] GC(54) Metaspace: 60998K(61568K)->60998K(61568K) NonClass: 54135K(54400K)->54135K(54400K) Class: 6862K(7168K)->6862K(7168K)
[2023-12-29T14:15:25.417+0100][151.410s] GC(54) Pause Young (Normal) (G1 Evacuation Pause) 402M->104M(512M) 2.426ms
[2023-12-29T14:15:25.417+0100][151.410s] GC(54) User=0.00s Sys=0.00s Real=0.00s
[2023-12-29T14:15:27.031+0100][153.024s] GC(55) Pause Young (Normal) (G1 Evacuation Pause)
[2023-12-29T14:15:27.031+0100][153.024s] GC(55) Using 10 workers of 10 for evacuation
[2023-12-29T14:15:27.033+0100][153.026s] GC(55)   Pre Evacuate Collection Set: 0.1ms
[2023-12-29T14:15:27.033+0100][153.026s] GC(55)   Merge Heap Roots: 0.1ms
[2023-12-29T14:15:27.033+0100][153.026s] GC(55)   Evacuate Collection Set: 1.6ms
[2023-12-29T14:15:27.033+0100][153.026s] GC(55)   Post Evacuate Collection Set: 0.5ms
[2023-12-29T14:15:27.033+0100][153.026s] GC(55)   Other: 0.1ms
[2023-12-29T14:15:27.033+0100][153.026s] GC(55) Eden regions: 298->0(295)
[2023-12-29T14:15:27.033+0100][153.026s] GC(55) Survivor regions: 9->12(39)
[2023-12-29T14:15:27.033+0100][153.026s] GC(55) Old regions: 92->92
[2023-12-29T14:15:27.033+0100][153.026s] GC(55) Archive regions: 0->0
[2023-12-29T14:15:27.033+0100][153.026s] GC(55) Humongous regions: 4->4
[2023-12-29T14:15:27.033+0100][153.026s] GC(55) Metaspace: 60999K(61568K)->60999K(61568K) NonClass: 54136K(54400K)->54136K(54400K) Class: 6862K(7168K)->6862K(7168K)
[2023-12-29T14:15:27.033+0100][153.026s] GC(55) Pause Young (Normal) (G1 Evacuation Pause) 402M->106M(512M) 2.546ms
[2023-12-29T14:15:27.033+0100][153.026s] GC(55) User=0.00s Sys=0.00s Real=0.00s
[2023-12-29T14:15:28.575+0100][154.568s] GC(56) Pause Young (Normal) (G1 Evacuation Pause)
[2023-12-29T14:15:28.575+0100][154.568s] GC(56) Using 10 workers of 10 for evacuation
[2023-12-29T14:15:28.577+0100][154.570s] GC(56)   Pre Evacuate Collection Set: 0.1ms
[2023-12-29T14:15:28.577+0100][154.570s] GC(56)   Merge Heap Roots: 0.1ms
[2023-12-29T14:15:28.577+0100][154.570s] GC(56)   Evacuate Collection Set: 1.8ms
[2023-12-29T14:15:28.577+0100][154.570s] GC(56)   Post Evacuate Collection Set: 0.4ms
[2023-12-29T14:15:28.577+0100][154.570s] GC(56)   Other: 0.1ms
[2023-12-29T14:15:28.577+0100][154.570s] GC(56) Eden regions: 295->0(293)
[2023-12-29T14:15:28.577+0100][154.570s] GC(56) Survivor regions: 12->14(39)
[2023-12-29T14:15:28.577+0100][154.570s] GC(56) Old regions: 92->92
[2023-12-29T14:15:28.577+0100][154.570s] GC(56) Archive regions: 0->0
[2023-12-29T14:15:28.577+0100][154.570s] GC(56) Humongous regions: 4->4
[2023-12-29T14:15:28.577+0100][154.570s] GC(56) Metaspace: 61010K(61568K)->61010K(61568K) NonClass: 54147K(54400K)->54147K(54400K) Class: 6862K(7168K)->6862K(7168K)
[2023-12-29T14:15:28.577+0100][154.570s] GC(56) Pause Young (Normal) (G1 Evacuation Pause) 401M->109M(512M) 2.649ms
[2023-12-29T14:15:28.577+0100][154.570s] GC(56) User=0.00s Sys=0.00s Real=0.00s
[2023-12-29T14:15:30.178+0100][156.172s] GC(57) Pause Young (Normal) (G1 Evacuation Pause)
[2023-12-29T14:15:30.178+0100][156.172s] GC(57) Using 10 workers of 10 for evacuation
[2023-12-29T14:15:30.181+0100][156.175s] GC(57)   Pre Evacuate Collection Set: 0.2ms
[2023-12-29T14:15:30.181+0100][156.175s] GC(57)   Merge Heap Roots: 0.1ms
[2023-12-29T14:15:30.181+0100][156.175s] GC(57)   Evacuate Collection Set: 2.3ms
[2023-12-29T14:15:30.181+0100][156.175s] GC(57)   Post Evacuate Collection Set: 0.6ms
[2023-12-29T14:15:30.181+0100][156.175s] GC(57)   Other: 0.1ms
[2023-12-29T14:15:30.181+0100][156.175s] GC(57) Eden regions: 293->0(291)
[2023-12-29T14:15:30.181+0100][156.175s] GC(57) Survivor regions: 14->16(39)
[2023-12-29T14:15:30.181+0100][156.175s] GC(57) Old regions: 92->92
[2023-12-29T14:15:30.181+0100][156.175s] GC(57) Archive regions: 0->0
[2023-12-29T14:15:30.181+0100][156.175s] GC(57) Humongous regions: 4->4
[2023-12-29T14:15:30.181+0100][156.175s] GC(57) Metaspace: 61052K(61696K)->61052K(61696K) NonClass: 54190K(54528K)->54190K(54528K) Class: 6862K(7168K)->6862K(7168K)
[2023-12-29T14:15:30.181+0100][156.175s] GC(57) Pause Young (Normal) (G1 Evacuation Pause) 402M->111M(512M) 3.434ms
[2023-12-29T14:15:30.181+0100][156.175s] GC(57) User=0.00s Sys=0.00s Real=0.00s
[2023-12-29T14:15:31.696+0100][157.689s] GC(58) Pause Young (Normal) (G1 Evacuation Pause)
[2023-12-29T14:15:31.697+0100][157.689s] GC(58) Using 10 workers of 10 for evacuation
[2023-12-29T14:15:31.699+0100][157.692s] GC(58)   Pre Evacuate Collection Set: 0.1ms
[2023-12-29T14:15:31.699+0100][157.692s] GC(58)   Merge Heap Roots: 0.1ms
[2023-12-29T14:15:31.699+0100][157.692s] GC(58)   Evacuate Collection Set: 2.4ms
[2023-12-29T14:15:31.699+0100][157.692s] GC(58)   Post Evacuate Collection Set: 0.4ms
[2023-12-29T14:15:31.699+0100][157.692s] GC(58)   Other: 0.1ms
[2023-12-29T14:15:31.700+0100][157.692s] GC(58) Eden regions: 291->0(288)
[2023-12-29T14:15:31.700+0100][157.692s] GC(58) Survivor regions: 16->19(39)
[2023-12-29T14:15:31.700+0100][157.692s] GC(58) Old regions: 92->92
[2023-12-29T14:15:31.700+0100][157.692s] GC(58) Archive regions: 0->0
[2023-12-29T14:15:31.700+0100][157.692s] GC(58) Humongous regions: 4->4
[2023-12-29T14:15:31.700+0100][157.692s] GC(58) Metaspace: 61052K(61696K)->61052K(61696K) NonClass: 54190K(54528K)->54190K(54528K) Class: 6862K(7168K)->6862K(7168K)
[2023-12-29T14:15:31.700+0100][157.692s] GC(58) Pause Young (Normal) (G1 Evacuation Pause) 402M->113M(512M) 3.328ms
[2023-12-29T14:15:31.700+0100][157.692s] GC(58) User=0.00s Sys=0.00s Real=0.00s
[2023-12-29T14:15:31.761+0100][157.754s] GC(59) Pause Young (Concurrent Start) (CodeCache GC Threshold)
[2023-12-29T14:15:31.761+0100][157.754s] GC(59) Using 10 workers of 10 for evacuation
[2023-12-29T14:15:31.764+0100][157.757s] GC(59)   Pre Evacuate Collection Set: 0.1ms
[2023-12-29T14:15:31.764+0100][157.757s] GC(59)   Merge Heap Roots: 0.1ms
[2023-12-29T14:15:31.764+0100][157.757s] GC(59)   Evacuate Collection Set: 2.6ms
[2023-12-29T14:15:31.764+0100][157.757s] GC(59)   Post Evacuate Collection Set: 0.3ms
[2023-12-29T14:15:31.764+0100][157.757s] GC(59)   Other: 0.1ms
[2023-12-29T14:15:31.764+0100][157.757s] GC(59) Eden regions: 11->0(288)
[2023-12-29T14:15:31.764+0100][157.757s] GC(59) Survivor regions: 19->19(39)
[2023-12-29T14:15:31.764+0100][157.757s] GC(59) Old regions: 92->92
[2023-12-29T14:15:31.764+0100][157.757s] GC(59) Archive regions: 0->0
[2023-12-29T14:15:31.764+0100][157.757s] GC(59) Humongous regions: 4->4
[2023-12-29T14:15:31.764+0100][157.757s] GC(59) Metaspace: 61052K(61696K)->61052K(61696K) NonClass: 54190K(54528K)->54190K(54528K) Class: 6862K(7168K)->6862K(7168K)
[2023-12-29T14:15:31.764+0100][157.757s] GC(59) Pause Young (Concurrent Start) (CodeCache GC Threshold) 124M->114M(512M) 3.428ms
[2023-12-29T14:15:31.764+0100][157.757s] GC(59) User=0.00s Sys=0.00s Real=0.00s
[2023-12-29T14:15:31.764+0100][157.757s] GC(60) Concurrent Mark Cycle
[2023-12-29T14:15:31.764+0100][157.757s] GC(60) Concurrent Clear Claimed Marks
[2023-12-29T14:15:31.764+0100][157.757s] GC(60) Concurrent Clear Claimed Marks 0.060ms
[2023-12-29T14:15:31.764+0100][157.757s] GC(60) Concurrent Scan Root Regions
[2023-12-29T14:15:31.766+0100][157.758s] GC(60) Concurrent Scan Root Regions 1.189ms
[2023-12-29T14:15:31.766+0100][157.758s] GC(60) Concurrent Mark
[2023-12-29T14:15:31.766+0100][157.758s] GC(60) Concurrent Mark From Roots
[2023-12-29T14:15:31.766+0100][157.758s] GC(60) Using 3 workers of 3 for marking
[2023-12-29T14:15:31.785+0100][157.778s] GC(60) Concurrent Mark From Roots 19.936ms
[2023-12-29T14:15:31.785+0100][157.778s] GC(60) Concurrent Preclean
[2023-12-29T14:15:31.785+0100][157.778s] GC(60) Concurrent Preclean 0.170ms
[2023-12-29T14:15:31.785+0100][157.779s] GC(60) Pause Remark
[2023-12-29T14:15:31.789+0100][157.782s] GC(60) Pause Remark 116M->116M(512M) 2.909ms
[2023-12-29T14:15:31.789+0100][157.782s] GC(60) User=0.00s Sys=0.00s Real=0.00s
[2023-12-29T14:15:31.789+0100][157.782s] GC(60) Concurrent Mark 23.318ms
[2023-12-29T14:15:31.789+0100][157.782s] GC(60) Concurrent Rebuild Remembered Sets
[2023-12-29T14:15:31.798+0100][157.790s] GC(60) Concurrent Rebuild Remembered Sets 8.658ms
[2023-12-29T14:15:31.798+0100][157.790s] GC(60) Pause Cleanup
[2023-12-29T14:15:31.798+0100][157.791s] GC(60) Pause Cleanup 118M->118M(512M) 0.104ms
[2023-12-29T14:15:31.798+0100][157.791s] GC(60) User=0.00s Sys=0.00s Real=0.00s
[2023-12-29T14:15:31.798+0100][157.791s] GC(60) Concurrent Cleanup for Next Mark
[2023-12-29T14:15:31.799+0100][157.791s] GC(60) Concurrent Cleanup for Next Mark 0.758ms
[2023-12-29T14:15:31.799+0100][157.791s] GC(60) Concurrent Mark Cycle 34.456ms
[2023-12-29T14:15:33.287+0100][159.280s] GC(61) Pause Young (Prepare Mixed) (G1 Evacuation Pause)
[2023-12-29T14:15:33.287+0100][159.280s] GC(61) Using 10 workers of 10 for evacuation
[2023-12-29T14:15:33.291+0100][159.284s] GC(61)   Pre Evacuate Collection Set: 0.1ms
[2023-12-29T14:15:33.291+0100][159.284s] GC(61)   Merge Heap Roots: 0.1ms
[2023-12-29T14:15:33.291+0100][159.284s] GC(61)   Evacuate Collection Set: 3.0ms
[2023-12-29T14:15:33.291+0100][159.284s] GC(61)   Post Evacuate Collection Set: 0.5ms
[2023-12-29T14:15:33.291+0100][159.284s] GC(61)   Other: 0.1ms
[2023-12-29T14:15:33.291+0100][159.284s] GC(61) Eden regions: 288->0(5)
[2023-12-29T14:15:33.291+0100][159.284s] GC(61) Survivor regions: 19->20(39)
[2023-12-29T14:15:33.291+0100][159.284s] GC(61) Old regions: 92->92
[2023-12-29T14:15:33.291+0100][159.284s] GC(61) Archive regions: 0->0
[2023-12-29T14:15:33.291+0100][159.284s] GC(61) Humongous regions: 4->4
[2023-12-29T14:15:33.291+0100][159.284s] GC(61) Metaspace: 61053K(61696K)->61053K(61696K) NonClass: 54190K(54528K)->54190K(54528K) Class: 6863K(7168K)->6863K(7168K)
[2023-12-29T14:15:33.291+0100][159.284s] GC(61) Pause Young (Prepare Mixed) (G1 Evacuation Pause) 402M->115M(512M) 3.920ms
[2023-12-29T14:15:33.291+0100][159.284s] GC(61) User=0.00s Sys=0.00s Real=0.00s
[2023-12-29T14:15:33.318+0100][159.312s] GC(62) Pause Young (Mixed) (G1 Evacuation Pause)
[2023-12-29T14:15:33.318+0100][159.312s] GC(62) Using 10 workers of 10 for evacuation
[2023-12-29T14:15:33.322+0100][159.315s] GC(62)   Pre Evacuate Collection Set: 0.1ms
[2023-12-29T14:15:33.322+0100][159.315s] GC(62)   Merge Heap Roots: 0.1ms
[2023-12-29T14:15:33.322+0100][159.315s] GC(62)   Evacuate Collection Set: 2.9ms
[2023-12-29T14:15:33.322+0100][159.315s] GC(62)   Post Evacuate Collection Set: 0.5ms
[2023-12-29T14:15:33.322+0100][159.315s] GC(62)   Other: 0.0ms
[2023-12-29T14:15:33.322+0100][159.315s] GC(62) Eden regions: 5->0(305)
[2023-12-29T14:15:33.322+0100][159.316s] GC(62) Survivor regions: 20->2(4)
[2023-12-29T14:15:33.322+0100][159.316s] GC(62) Old regions: 92->111
[2023-12-29T14:15:33.322+0100][159.316s] GC(62) Archive regions: 0->0
[2023-12-29T14:15:33.322+0100][159.316s] GC(62) Humongous regions: 4->4
[2023-12-29T14:15:33.322+0100][159.316s] GC(62) Metaspace: 61053K(61696K)->61053K(61696K) NonClass: 54190K(54528K)->54190K(54528K) Class: 6863K(7168K)->6863K(7168K)
[2023-12-29T14:15:33.322+0100][159.316s] GC(62) Pause Young (Mixed) (G1 Evacuation Pause) 120M->116M(512M) 3.904ms
[2023-12-29T14:15:33.322+0100][159.316s] GC(62) User=0.00s Sys=0.00s Real=0.00s
[2023-12-29T14:15:34.897+0100][160.890s] GC(63) Pause Young (Normal) (G1 Evacuation Pause)
[2023-12-29T14:15:34.898+0100][160.891s] GC(63) Using 10 workers of 10 for evacuation
[2023-12-29T14:15:34.899+0100][160.892s] GC(63)   Pre Evacuate Collection Set: 0.1ms
[2023-12-29T14:15:34.899+0100][160.892s] GC(63)   Merge Heap Roots: 0.1ms
[2023-12-29T14:15:34.899+0100][160.892s] GC(63)   Evacuate Collection Set: 0.6ms
[2023-12-29T14:15:34.899+0100][160.892s] GC(63)   Post Evacuate Collection Set: 0.3ms
[2023-12-29T14:15:34.899+0100][160.892s] GC(63)   Other: 0.1ms
[2023-12-29T14:15:34.899+0100][160.892s] GC(63) Eden regions: 305->0(303)
[2023-12-29T14:15:34.899+0100][160.892s] GC(63) Survivor regions: 2->4(39)
[2023-12-29T14:15:34.899+0100][160.892s] GC(63) Old regions: 111->111
[2023-12-29T14:15:34.899+0100][160.892s] GC(63) Archive regions: 0->0
[2023-12-29T14:15:34.899+0100][160.892s] GC(63) Humongous regions: 4->4
[2023-12-29T14:15:34.899+0100][160.892s] GC(63) Metaspace: 61065K(61696K)->61065K(61696K) NonClass: 54202K(54528K)->54202K(54528K) Class: 6863K(7168K)->6863K(7168K)
[2023-12-29T14:15:34.899+0100][160.892s] GC(63) Pause Young (Normal) (G1 Evacuation Pause) 421M->118M(512M) 1.349ms
[2023-12-29T14:15:34.899+0100][160.892s] GC(63) User=0.00s Sys=0.00s Real=0.00s
[2023-12-29T14:15:36.544+0100][162.537s] GC(64) Pause Young (Normal) (G1 Evacuation Pause)
[2023-12-29T14:15:36.544+0100][162.537s] GC(64) Using 10 workers of 10 for evacuation
[2023-12-29T14:15:36.546+0100][162.539s] GC(64)   Pre Evacuate Collection Set: 0.1ms
[2023-12-29T14:15:36.546+0100][162.539s] GC(64)   Merge Heap Roots: 0.1ms
[2023-12-29T14:15:36.546+0100][162.539s] GC(64)   Evacuate Collection Set: 0.9ms
[2023-12-29T14:15:36.546+0100][162.539s] GC(64)   Post Evacuate Collection Set: 0.5ms
[2023-12-29T14:15:36.546+0100][162.539s] GC(64)   Other: 0.1ms
[2023-12-29T14:15:36.546+0100][162.539s] GC(64) Eden regions: 303->0(301)
[2023-12-29T14:15:36.546+0100][162.539s] GC(64) Survivor regions: 4->6(39)
[2023-12-29T14:15:36.546+0100][162.539s] GC(64) Old regions: 111->111
[2023-12-29T14:15:36.546+0100][162.539s] GC(64) Archive regions: 0->0
[2023-12-29T14:15:36.546+0100][162.539s] GC(64) Humongous regions: 4->4
[2023-12-29T14:15:36.546+0100][162.539s] GC(64) Metaspace: 61073K(61696K)->61073K(61696K) NonClass: 54209K(54528K)->54209K(54528K) Class: 6863K(7168K)->6863K(7168K)
[2023-12-29T14:15:36.546+0100][162.539s] GC(64) Pause Young (Normal) (G1 Evacuation Pause) 421M->120M(512M) 1.821ms
[2023-12-29T14:15:36.546+0100][162.539s] GC(64) User=0.00s Sys=0.00s Real=0.00s
[2023-12-29T14:15:38.072+0100][164.065s] GC(65) Pause Young (Concurrent Start) (G1 Evacuation Pause)
[2023-12-29T14:15:38.072+0100][164.065s] GC(65) Using 10 workers of 10 for evacuation
[2023-12-29T14:15:38.074+0100][164.067s] GC(65)   Pre Evacuate Collection Set: 0.1ms
[2023-12-29T14:15:38.074+0100][164.067s] GC(65)   Merge Heap Roots: 0.1ms
[2023-12-29T14:15:38.074+0100][164.067s] GC(65)   Evacuate Collection Set: 1.3ms
[2023-12-29T14:15:38.074+0100][164.067s] GC(65)   Post Evacuate Collection Set: 0.5ms
[2023-12-29T14:15:38.074+0100][164.067s] GC(65)   Other: 0.1ms
[2023-12-29T14:15:38.074+0100][164.067s] GC(65) Eden regions: 301->0(298)
[2023-12-29T14:15:38.074+0100][164.067s] GC(65) Survivor regions: 6->9(39)
[2023-12-29T14:15:38.074+0100][164.067s] GC(65) Old regions: 111->111
[2023-12-29T14:15:38.074+0100][164.067s] GC(65) Archive regions: 0->0
[2023-12-29T14:15:38.074+0100][164.067s] GC(65) Humongous regions: 4->4
[2023-12-29T14:15:38.074+0100][164.067s] GC(65) Metaspace: 61073K(61696K)->61073K(61696K) NonClass: 54209K(54528K)->54209K(54528K) Class: 6863K(7168K)->6863K(7168K)
[2023-12-29T14:15:38.074+0100][164.067s] GC(65) Pause Young (Concurrent Start) (G1 Evacuation Pause) 421M->123M(512M) 2.304ms
[2023-12-29T14:15:38.074+0100][164.067s] GC(66) Concurrent Mark Cycle
[2023-12-29T14:15:38.074+0100][164.067s] GC(65) User=0.00s Sys=0.00s Real=0.00s
[2023-12-29T14:15:38.074+0100][164.067s] GC(66) Concurrent Clear Claimed Marks
[2023-12-29T14:15:38.074+0100][164.067s] GC(66) Concurrent Clear Claimed Marks 0.045ms
[2023-12-29T14:15:38.074+0100][164.067s] GC(66) Concurrent Scan Root Regions
[2023-12-29T14:15:38.075+0100][164.068s] GC(66) Concurrent Scan Root Regions 0.607ms
[2023-12-29T14:15:38.075+0100][164.068s] GC(66) Concurrent Mark
[2023-12-29T14:15:38.075+0100][164.068s] GC(66) Concurrent Mark From Roots
[2023-12-29T14:15:38.075+0100][164.068s] GC(66) Using 3 workers of 3 for marking
[2023-12-29T14:15:38.095+0100][164.088s] GC(66) Concurrent Mark From Roots 20.463ms
[2023-12-29T14:15:38.095+0100][164.088s] GC(66) Concurrent Preclean
[2023-12-29T14:15:38.095+0100][164.088s] GC(66) Concurrent Preclean 0.094ms
[2023-12-29T14:15:38.095+0100][164.088s] GC(66) Pause Remark
[2023-12-29T14:15:38.098+0100][164.091s] GC(66) Pause Remark 127M->127M(512M) 2.534ms
[2023-12-29T14:15:38.098+0100][164.091s] GC(66) User=0.00s Sys=0.00s Real=0.00s
[2023-12-29T14:15:38.098+0100][164.091s] GC(66) Concurrent Mark 23.307ms
[2023-12-29T14:15:38.098+0100][164.091s] GC(66) Concurrent Rebuild Remembered Sets
[2023-12-29T14:15:38.108+0100][164.101s] GC(66) Concurrent Rebuild Remembered Sets 9.644ms
[2023-12-29T14:15:38.108+0100][164.101s] GC(66) Pause Cleanup
[2023-12-29T14:15:38.108+0100][164.101s] GC(66) Pause Cleanup 128M->128M(512M) 0.163ms
[2023-12-29T14:15:38.108+0100][164.101s] GC(66) User=0.00s Sys=0.00s Real=0.00s
[2023-12-29T14:15:38.108+0100][164.101s] GC(66) Concurrent Cleanup for Next Mark
[2023-12-29T14:15:38.109+0100][164.102s] GC(66) Concurrent Cleanup for Next Mark 0.660ms
[2023-12-29T14:15:38.109+0100][164.102s] GC(66) Concurrent Mark Cycle 34.769ms
[2023-12-29T14:15:39.642+0100][165.635s] GC(67) Pause Young (Concurrent Start) (CodeCache GC Threshold)
[2023-12-29T14:15:39.642+0100][165.635s] GC(67) Using 10 workers of 10 for evacuation
[2023-12-29T14:15:39.644+0100][165.637s] GC(67)   Pre Evacuate Collection Set: 0.1ms
[2023-12-29T14:15:39.644+0100][165.637s] GC(67)   Merge Heap Roots: 0.1ms
[2023-12-29T14:15:39.644+0100][165.637s] GC(67)   Evacuate Collection Set: 1.4ms
[2023-12-29T14:15:39.644+0100][165.637s] GC(67)   Post Evacuate Collection Set: 0.4ms
[2023-12-29T14:15:39.644+0100][165.637s] GC(67)   Other: 0.1ms
[2023-12-29T14:15:39.644+0100][165.637s] GC(67) Eden regions: 290->0(296)
[2023-12-29T14:15:39.644+0100][165.637s] GC(67) Survivor regions: 9->11(39)
[2023-12-29T14:15:39.644+0100][165.637s] GC(67) Old regions: 111->111
[2023-12-29T14:15:39.644+0100][165.637s] GC(67) Archive regions: 0->0
[2023-12-29T14:15:39.644+0100][165.637s] GC(67) Humongous regions: 4->4
[2023-12-29T14:15:39.644+0100][165.637s] GC(67) Metaspace: 61075K(61696K)->61075K(61696K) NonClass: 54212K(54528K)->54212K(54528K) Class: 6863K(7168K)->6863K(7168K)
[2023-12-29T14:15:39.644+0100][165.637s] GC(67) Pause Young (Concurrent Start) (CodeCache GC Threshold) 413M->125M(512M) 2.243ms
[2023-12-29T14:15:39.644+0100][165.637s] GC(68) Concurrent Mark Cycle
[2023-12-29T14:15:39.644+0100][165.637s] GC(67) User=0.00s Sys=0.00s Real=0.00s
[2023-12-29T14:15:39.644+0100][165.637s] GC(68) Concurrent Clear Claimed Marks
[2023-12-29T14:15:39.644+0100][165.637s] GC(68) Concurrent Clear Claimed Marks 0.081ms
[2023-12-29T14:15:39.644+0100][165.637s] GC(68) Concurrent Scan Root Regions
[2023-12-29T14:15:39.645+0100][165.638s] GC(68) Concurrent Scan Root Regions 0.698ms
[2023-12-29T14:15:39.645+0100][165.638s] GC(68) Concurrent Mark
[2023-12-29T14:15:39.645+0100][165.638s] GC(68) Concurrent Mark From Roots
[2023-12-29T14:15:39.645+0100][165.638s] GC(68) Using 3 workers of 3 for marking
[2023-12-29T14:15:39.667+0100][165.660s] GC(68) Concurrent Mark From Roots 21.877ms
[2023-12-29T14:15:39.667+0100][165.660s] GC(68) Concurrent Preclean
[2023-12-29T14:15:39.667+0100][165.660s] GC(68) Concurrent Preclean 0.106ms
[2023-12-29T14:15:39.667+0100][165.660s] GC(68) Pause Remark
[2023-12-29T14:15:39.670+0100][165.663s] GC(68) Pause Remark 127M->127M(512M) 3.042ms
[2023-12-29T14:15:39.670+0100][165.663s] GC(68) User=0.00s Sys=0.00s Real=0.00s
[2023-12-29T14:15:39.670+0100][165.663s] GC(68) Concurrent Mark 25.321ms
[2023-12-29T14:15:39.670+0100][165.663s] GC(68) Concurrent Rebuild Remembered Sets
[2023-12-29T14:15:39.679+0100][165.672s] GC(68) Concurrent Rebuild Remembered Sets 8.908ms
[2023-12-29T14:15:39.679+0100][165.672s] GC(68) Pause Cleanup
[2023-12-29T14:15:39.679+0100][165.672s] GC(68) Pause Cleanup 128M->128M(512M) 0.152ms
[2023-12-29T14:15:39.679+0100][165.672s] GC(68) User=0.00s Sys=0.00s Real=0.00s
[2023-12-29T14:15:39.679+0100][165.672s] GC(68) Concurrent Cleanup for Next Mark
[2023-12-29T14:15:39.680+0100][165.673s] GC(68) Concurrent Cleanup for Next Mark 0.659ms
[2023-12-29T14:15:39.680+0100][165.673s] GC(68) Concurrent Mark Cycle 36.181ms
[2023-12-29T14:15:41.220+0100][167.213s] GC(69) Pause Young (Prepare Mixed) (G1 Evacuation Pause)
[2023-12-29T14:15:41.220+0100][167.213s] GC(69) Using 10 workers of 10 for evacuation
[2023-12-29T14:15:41.222+0100][167.215s] GC(69)   Pre Evacuate Collection Set: 0.1ms
[2023-12-29T14:15:41.222+0100][167.215s] GC(69)   Merge Heap Roots: 0.1ms
[2023-12-29T14:15:41.222+0100][167.215s] GC(69)   Evacuate Collection Set: 1.6ms
[2023-12-29T14:15:41.222+0100][167.215s] GC(69)   Post Evacuate Collection Set: 0.4ms
[2023-12-29T14:15:41.222+0100][167.215s] GC(69)   Other: 0.1ms
[2023-12-29T14:15:41.222+0100][167.215s] GC(69) Eden regions: 296->0(12)
[2023-12-29T14:15:41.222+0100][167.215s] GC(69) Survivor regions: 11->13(39)
[2023-12-29T14:15:41.222+0100][167.215s] GC(69) Old regions: 111->111
[2023-12-29T14:15:41.222+0100][167.215s] GC(69) Archive regions: 0->0
[2023-12-29T14:15:41.222+0100][167.215s] GC(69) Humongous regions: 4->4
[2023-12-29T14:15:41.222+0100][167.215s] GC(69) Metaspace: 61076K(61696K)->61076K(61696K) NonClass: 54212K(54528K)->54212K(54528K) Class: 6863K(7168K)->6863K(7168K)
[2023-12-29T14:15:41.222+0100][167.215s] GC(69) Pause Young (Prepare Mixed) (G1 Evacuation Pause) 421M->126M(512M) 2.470ms
[2023-12-29T14:15:41.222+0100][167.215s] GC(69) User=0.00s Sys=0.00s Real=0.00s
[2023-12-29T14:15:41.290+0100][167.284s] GC(70) Pause Young (Mixed) (G1 Evacuation Pause)
[2023-12-29T14:15:41.290+0100][167.284s] GC(70) Using 10 workers of 10 for evacuation
[2023-12-29T14:15:41.293+0100][167.286s] GC(70)   Pre Evacuate Collection Set: 0.0ms
[2023-12-29T14:15:41.293+0100][167.286s] GC(70)   Merge Heap Roots: 0.0ms
[2023-12-29T14:15:41.293+0100][167.286s] GC(70)   Evacuate Collection Set: 1.9ms
[2023-12-29T14:15:41.293+0100][167.286s] GC(70)   Post Evacuate Collection Set: 0.2ms
[2023-12-29T14:15:41.293+0100][167.286s] GC(70)   Other: 0.1ms
[2023-12-29T14:15:41.293+0100][167.286s] GC(70) Eden regions: 12->0(306)
[2023-12-29T14:15:41.293+0100][167.286s] GC(70) Survivor regions: 13->1(4)
[2023-12-29T14:15:41.293+0100][167.286s] GC(70) Old regions: 111->123
[2023-12-29T14:15:41.293+0100][167.286s] GC(70) Archive regions: 0->0
[2023-12-29T14:15:41.293+0100][167.286s] GC(70) Humongous regions: 4->4
[2023-12-29T14:15:41.293+0100][167.286s] GC(70) Metaspace: 61076K(61696K)->61076K(61696K) NonClass: 54212K(54528K)->54212K(54528K) Class: 6863K(7168K)->6863K(7168K)
[2023-12-29T14:15:41.293+0100][167.286s] GC(70) Pause Young (Mixed) (G1 Evacuation Pause) 138M->126M(512M) 2.454ms
[2023-12-29T14:15:41.293+0100][167.286s] GC(70) User=0.00s Sys=0.00s Real=0.00s
[2023-12-29T14:15:42.906+0100][168.900s] GC(71) Pause Young (Normal) (G1 Evacuation Pause)
[2023-12-29T14:15:42.906+0100][168.900s] GC(71) Using 10 workers of 10 for evacuation
[2023-12-29T14:15:42.908+0100][168.901s] GC(71)   Pre Evacuate Collection Set: 0.1ms
[2023-12-29T14:15:42.908+0100][168.901s] GC(71)   Merge Heap Roots: 0.1ms
[2023-12-29T14:15:42.908+0100][168.901s] GC(71)   Evacuate Collection Set: 0.6ms
[2023-12-29T14:15:42.908+0100][168.901s] GC(71)   Post Evacuate Collection Set: 0.4ms
[2023-12-29T14:15:42.908+0100][168.901s] GC(71)   Other: 0.1ms
[2023-12-29T14:15:42.908+0100][168.901s] GC(71) Eden regions: 306->0(303)
[2023-12-29T14:15:42.908+0100][168.901s] GC(71) Survivor regions: 1->4(39)
[2023-12-29T14:15:42.908+0100][168.901s] GC(71) Old regions: 123->123
[2023-12-29T14:15:42.908+0100][168.901s] GC(71) Archive regions: 0->0
[2023-12-29T14:15:42.908+0100][168.901s] GC(71) Humongous regions: 4->4
[2023-12-29T14:15:42.908+0100][168.901s] GC(71) Metaspace: 61080K(61696K)->61080K(61696K) NonClass: 54217K(54528K)->54217K(54528K) Class: 6863K(7168K)->6863K(7168K)
[2023-12-29T14:15:42.908+0100][168.901s] GC(71) Pause Young (Normal) (G1 Evacuation Pause) 432M->129M(512M) 1.484ms
[2023-12-29T14:15:42.908+0100][168.901s] GC(71) User=0.00s Sys=0.00s Real=0.00s
[2023-12-29T14:15:44.501+0100][170.494s] GC(72) Pause Young (Normal) (G1 Evacuation Pause)
[2023-12-29T14:15:44.501+0100][170.494s] GC(72) Using 10 workers of 10 for evacuation
[2023-12-29T14:15:44.503+0100][170.496s] GC(72)   Pre Evacuate Collection Set: 0.1ms
[2023-12-29T14:15:44.503+0100][170.496s] GC(72)   Merge Heap Roots: 0.1ms
[2023-12-29T14:15:44.503+0100][170.496s] GC(72)   Evacuate Collection Set: 1.0ms
[2023-12-29T14:15:44.503+0100][170.496s] GC(72)   Post Evacuate Collection Set: 0.6ms
[2023-12-29T14:15:44.503+0100][170.496s] GC(72)   Other: 0.1ms
[2023-12-29T14:15:44.503+0100][170.496s] GC(72) Eden regions: 303->0(301)
[2023-12-29T14:15:44.503+0100][170.496s] GC(72) Survivor regions: 4->6(39)
[2023-12-29T14:15:44.503+0100][170.496s] GC(72) Old regions: 123->123
[2023-12-29T14:15:44.503+0100][170.496s] GC(72) Archive regions: 0->0
[2023-12-29T14:15:44.503+0100][170.496s] GC(72) Humongous regions: 4->4
[2023-12-29T14:15:44.503+0100][170.496s] GC(72) Metaspace: 61084K(61696K)->61084K(61696K) NonClass: 54220K(54528K)->54220K(54528K) Class: 6863K(7168K)->6863K(7168K)
[2023-12-29T14:15:44.503+0100][170.496s] GC(72) Pause Young (Normal) (G1 Evacuation Pause) 432M->131M(512M) 2.038ms
[2023-12-29T14:15:44.503+0100][170.496s] GC(72) User=0.00s Sys=0.00s Real=0.00s
[2023-12-29T14:15:46.065+0100][172.058s] GC(73) Pause Young (Concurrent Start) (G1 Evacuation Pause)
[2023-12-29T14:15:46.066+0100][172.059s] GC(73) Using 10 workers of 10 for evacuation
[2023-12-29T14:15:46.068+0100][172.061s] GC(73)   Pre Evacuate Collection Set: 0.1ms
[2023-12-29T14:15:46.068+0100][172.061s] GC(73)   Merge Heap Roots: 0.1ms
[2023-12-29T14:15:46.068+0100][172.061s] GC(73)   Evacuate Collection Set: 1.2ms
[2023-12-29T14:15:46.068+0100][172.061s] GC(73)   Post Evacuate Collection Set: 0.5ms
[2023-12-29T14:15:46.068+0100][172.061s] GC(73)   Other: 0.1ms
[2023-12-29T14:15:46.068+0100][172.061s] GC(73) Eden regions: 301->0(298)
[2023-12-29T14:15:46.068+0100][172.061s] GC(73) Survivor regions: 6->9(39)
[2023-12-29T14:15:46.068+0100][172.061s] GC(73) Old regions: 123->123
[2023-12-29T14:15:46.068+0100][172.061s] GC(73) Archive regions: 0->0
[2023-12-29T14:15:46.068+0100][172.061s] GC(73) Humongous regions: 4->4
[2023-12-29T14:15:46.068+0100][172.061s] GC(73) Metaspace: 61086K(61696K)->61086K(61696K) NonClass: 54222K(54528K)->54222K(54528K) Class: 6863K(7168K)->6863K(7168K)
[2023-12-29T14:15:46.068+0100][172.061s] GC(73) Pause Young (Concurrent Start) (G1 Evacuation Pause) 432M->134M(512M) 2.190ms
[2023-12-29T14:15:46.068+0100][172.061s] GC(74) Concurrent Mark Cycle
[2023-12-29T14:15:46.068+0100][172.061s] GC(73) User=0.00s Sys=0.00s Real=0.00s
[2023-12-29T14:15:46.068+0100][172.061s] GC(74) Concurrent Clear Claimed Marks
[2023-12-29T14:15:46.068+0100][172.061s] GC(74) Concurrent Clear Claimed Marks 0.055ms
[2023-12-29T14:15:46.068+0100][172.061s] GC(74) Concurrent Scan Root Regions
[2023-12-29T14:15:46.068+0100][172.061s] GC(74) Concurrent Scan Root Regions 0.678ms
[2023-12-29T14:15:46.068+0100][172.061s] GC(74) Concurrent Mark
[2023-12-29T14:15:46.068+0100][172.061s] GC(74) Concurrent Mark From Roots
[2023-12-29T14:15:46.069+0100][172.061s] GC(74) Using 3 workers of 3 for marking
[2023-12-29T14:15:46.091+0100][172.084s] GC(74) Concurrent Mark From Roots 22.395ms
[2023-12-29T14:15:46.091+0100][172.084s] GC(74) Concurrent Preclean
[2023-12-29T14:15:46.091+0100][172.084s] GC(74) Concurrent Preclean 0.112ms
[2023-12-29T14:15:46.091+0100][172.084s] GC(74) Pause Remark
[2023-12-29T14:15:46.095+0100][172.088s] GC(74) Pause Remark 144M->144M(512M) 3.963ms
[2023-12-29T14:15:46.095+0100][172.088s] GC(74) User=0.16s Sys=0.00s Real=0.00s
[2023-12-29T14:15:46.095+0100][172.088s] GC(74) Concurrent Mark 26.845ms
[2023-12-29T14:15:46.095+0100][172.088s] GC(74) Concurrent Rebuild Remembered Sets
[2023-12-29T14:15:46.104+0100][172.097s] GC(74) Concurrent Rebuild Remembered Sets 9.087ms
[2023-12-29T14:15:46.105+0100][172.098s] GC(74) Pause Cleanup
[2023-12-29T14:15:46.105+0100][172.098s] GC(74) Pause Cleanup 145M->145M(512M) 0.107ms
[2023-12-29T14:15:46.105+0100][172.098s] GC(74) User=0.00s Sys=0.00s Real=0.00s
[2023-12-29T14:15:46.105+0100][172.098s] GC(74) Concurrent Cleanup for Next Mark
[2023-12-29T14:15:46.106+0100][172.099s] GC(74) Concurrent Cleanup for Next Mark 0.783ms
[2023-12-29T14:15:46.106+0100][172.099s] GC(74) Concurrent Mark Cycle 37.957ms
[2023-12-29T14:16:04.162+0100][190.156s] GC(75) Pause Young (Concurrent Start) (CodeCache GC Threshold)
[2023-12-29T14:16:04.162+0100][190.156s] GC(75) Using 10 workers of 10 for evacuation
[2023-12-29T14:16:04.164+0100][190.158s] GC(75)   Pre Evacuate Collection Set: 0.2ms
[2023-12-29T14:16:04.164+0100][190.158s] GC(75)   Merge Heap Roots: 0.1ms
[2023-12-29T14:16:04.164+0100][190.158s] GC(75)   Evacuate Collection Set: 1.3ms
[2023-12-29T14:16:04.164+0100][190.158s] GC(75)   Post Evacuate Collection Set: 0.5ms
[2023-12-29T14:16:04.164+0100][190.158s] GC(75)   Other: 0.0ms
[2023-12-29T14:16:04.164+0100][190.158s] GC(75) Eden regions: 20->0(299)
[2023-12-29T14:16:04.164+0100][190.158s] GC(75) Survivor regions: 9->8(39)
[2023-12-29T14:16:04.164+0100][190.158s] GC(75) Old regions: 123->123
[2023-12-29T14:16:04.164+0100][190.158s] GC(75) Archive regions: 0->0
[2023-12-29T14:16:04.164+0100][190.158s] GC(75) Humongous regions: 4->4
[2023-12-29T14:16:04.164+0100][190.158s] GC(75) Metaspace: 61375K(61952K)->61375K(61952K) NonClass: 54485K(54784K)->54485K(54784K) Class: 6890K(7168K)->6890K(7168K)
[2023-12-29T14:16:04.164+0100][190.158s] GC(75) Pause Young (Concurrent Start) (CodeCache GC Threshold) 153M->133M(512M) 2.235ms
[2023-12-29T14:16:04.164+0100][190.158s] GC(75) User=0.00s Sys=0.00s Real=0.00s
[2023-12-29T14:16:04.164+0100][190.158s] GC(76) Concurrent Mark Cycle
[2023-12-29T14:16:04.165+0100][190.158s] GC(76) Concurrent Clear Claimed Marks
[2023-12-29T14:16:04.165+0100][190.158s] GC(76) Concurrent Clear Claimed Marks 0.037ms
[2023-12-29T14:16:04.165+0100][190.158s] GC(76) Concurrent Scan Root Regions
[2023-12-29T14:16:04.165+0100][190.159s] GC(76) Concurrent Scan Root Regions 0.816ms
[2023-12-29T14:16:04.165+0100][190.159s] GC(76) Concurrent Mark
[2023-12-29T14:16:04.165+0100][190.159s] GC(76) Concurrent Mark From Roots
[2023-12-29T14:16:04.165+0100][190.159s] GC(76) Using 3 workers of 3 for marking
[2023-12-29T14:16:04.195+0100][190.189s] GC(76) Concurrent Mark From Roots 29.767ms
[2023-12-29T14:16:04.195+0100][190.189s] GC(76) Concurrent Preclean
[2023-12-29T14:16:04.195+0100][190.189s] GC(76) Concurrent Preclean 0.150ms
[2023-12-29T14:16:04.196+0100][190.189s] GC(76) Pause Remark
[2023-12-29T14:16:04.200+0100][190.193s] GC(76) Pause Remark 136M->136M(512M) 4.355ms
[2023-12-29T14:16:04.200+0100][190.193s] GC(76) User=0.00s Sys=0.00s Real=0.00s
[2023-12-29T14:16:04.200+0100][190.193s] GC(76) Concurrent Mark 34.640ms
[2023-12-29T14:16:04.200+0100][190.193s] GC(76) Concurrent Rebuild Remembered Sets
[2023-12-29T14:16:04.211+0100][190.204s] GC(76) Concurrent Rebuild Remembered Sets 10.611ms
[2023-12-29T14:16:04.211+0100][190.204s] GC(76) Pause Cleanup
[2023-12-29T14:16:04.211+0100][190.204s] GC(76) Pause Cleanup 136M->136M(512M) 0.127ms
[2023-12-29T14:16:04.211+0100][190.204s] GC(76) User=0.00s Sys=0.00s Real=0.00s
[2023-12-29T14:16:04.211+0100][190.205s] GC(76) Concurrent Cleanup for Next Mark
[2023-12-29T14:16:04.212+0100][190.205s] GC(76) Concurrent Cleanup for Next Mark 0.778ms
[2023-12-29T14:16:04.212+0100][190.205s] GC(76) Concurrent Mark Cycle 47.507ms
[2023-12-29T14:16:04.721+0100][190.714s] GC(77) Pause Young (Concurrent Start) (CodeCache GC Threshold)
[2023-12-29T14:16:04.721+0100][190.714s] GC(77) Using 10 workers of 10 for evacuation
[2023-12-29T14:16:04.724+0100][190.717s] GC(77)   Pre Evacuate Collection Set: 0.1ms
[2023-12-29T14:16:04.724+0100][190.717s] GC(77)   Merge Heap Roots: 0.1ms
[2023-12-29T14:16:04.724+0100][190.717s] GC(77)   Evacuate Collection Set: 2.3ms
[2023-12-29T14:16:04.724+0100][190.717s] GC(77)   Post Evacuate Collection Set: 0.3ms
[2023-12-29T14:16:04.724+0100][190.717s] GC(77)   Other: 0.0ms
[2023-12-29T14:16:04.724+0100][190.717s] GC(77) Eden regions: 21->0(297)
[2023-12-29T14:16:04.724+0100][190.717s] GC(77) Survivor regions: 8->10(39)
[2023-12-29T14:16:04.724+0100][190.717s] GC(77) Old regions: 123->123
[2023-12-29T14:16:04.724+0100][190.717s] GC(77) Archive regions: 0->0
[2023-12-29T14:16:04.724+0100][190.717s] GC(77) Humongous regions: 4->4
[2023-12-29T14:16:04.724+0100][190.717s] GC(77) Metaspace: 62234K(62912K)->62234K(62912K) NonClass: 55255K(55616K)->55255K(55616K) Class: 6978K(7296K)->6978K(7296K)
[2023-12-29T14:16:04.724+0100][190.717s] GC(77) Pause Young (Concurrent Start) (CodeCache GC Threshold) 154M->135M(512M) 3.083ms
[2023-12-29T14:16:04.724+0100][190.717s] GC(78) Concurrent Mark Cycle
[2023-12-29T14:16:04.724+0100][190.717s] GC(77) User=0.00s Sys=0.00s Real=0.00s
[2023-12-29T14:16:04.724+0100][190.717s] GC(78) Concurrent Clear Claimed Marks
[2023-12-29T14:16:04.725+0100][190.717s] GC(78) Concurrent Clear Claimed Marks 0.093ms
[2023-12-29T14:16:04.725+0100][190.717s] GC(78) Concurrent Scan Root Regions
[2023-12-29T14:16:04.726+0100][190.719s] GC(78) Concurrent Scan Root Regions 1.379ms
[2023-12-29T14:16:04.726+0100][190.719s] GC(78) Concurrent Mark
[2023-12-29T14:16:04.726+0100][190.719s] GC(78) Concurrent Mark From Roots
[2023-12-29T14:16:04.726+0100][190.719s] GC(78) Using 3 workers of 3 for marking
[2023-12-29T14:16:04.760+0100][190.753s] GC(78) Concurrent Mark From Roots 33.768ms
[2023-12-29T14:16:04.760+0100][190.753s] GC(78) Concurrent Preclean
[2023-12-29T14:16:04.760+0100][190.753s] GC(78) Concurrent Preclean 0.154ms
[2023-12-29T14:16:04.760+0100][190.753s] GC(78) Pause Remark
[2023-12-29T14:16:04.763+0100][190.756s] GC(78) Pause Remark 137M->137M(512M) 3.127ms
[2023-12-29T14:16:04.763+0100][190.756s] GC(78) User=0.00s Sys=0.00s Real=0.00s
[2023-12-29T14:16:04.763+0100][190.756s] GC(78) Concurrent Mark 37.287ms
[2023-12-29T14:16:04.763+0100][190.756s] GC(78) Concurrent Rebuild Remembered Sets
[2023-12-29T14:16:04.777+0100][190.770s] GC(78) Concurrent Rebuild Remembered Sets 13.952ms
[2023-12-29T14:16:04.778+0100][190.770s] GC(78) Pause Cleanup
[2023-12-29T14:16:04.778+0100][190.770s] GC(78) Pause Cleanup 138M->138M(512M) 0.095ms
[2023-12-29T14:16:04.778+0100][190.770s] GC(78) User=0.00s Sys=0.00s Real=0.00s
[2023-12-29T14:16:04.778+0100][190.770s] GC(78) Concurrent Cleanup for Next Mark
[2023-12-29T14:16:04.779+0100][190.771s] GC(78) Concurrent Cleanup for Next Mark 0.991ms
[2023-12-29T14:16:04.779+0100][190.771s] GC(78) Concurrent Mark Cycle 54.092ms
[2023-12-29T14:16:50.122+0100][236.115s] Heap
[2023-12-29T14:16:50.122+0100][236.115s]  garbage-first heap   total 524288K, used 184904K [0x00000000e0000000, 0x0000000100000000)
[2023-12-29T14:16:50.122+0100][236.115s]   region size 1024K, 55 young (56320K), 10 survivors (10240K)
[2023-12-29T14:16:50.122+0100][236.115s]  Metaspace       used 62487K, committed 63104K, reserved 1114112K
[2023-12-29T14:16:50.122+0100][236.116s]   class space    used 7009K, committed 7296K, reserved 1048576K
